******************************************************************************
            TI ARM Clang Linker PC v4.0.4                      
******************************************************************************
>> Linked Tue May 26 18:44:21 2026

OUTPUT FILE NAME:   <HW_SW_interface_CCS.out>
ENTRY POINT SYMBOL: "_c_int00_noargs"  address: 0000932d


MEMORY CONFIGURATION

         name            origin    length      used     unused   attr    fill
----------------------  --------  ---------  --------  --------  ----  --------
  FLASH                 00000000   00020000  0000d8f0  00012710  R  X
  SRAM                  20200000   00008000  00000e24  000071dc  RW X
  BCR_CONFIG            41c00000   000000ff  00000000  000000ff  R   
  BSL_CONFIG            41c00100   00000080  00000000  00000080  R   


SEGMENT ALLOCATION MAP

run origin  load origin   length   init length attrs members
----------  ----------- ---------- ----------- ----- -------
00000000    00000000    0000d8f0   0000d8f0    r-x
  00000000    00000000    000000c0   000000c0    r-- .intvecs
  000000c0    000000c0    0000a290   0000a290    r-x .text
  0000a350    0000a350    00003410   00003410    r-- .rodata
  0000d760    0000d760    00000190   00000190    r-- .cinit
20200000    20200000    00000c27   00000000    rw-
  20200000    20200000    0000069d   00000000    rw- .bss
  202006a0    202006a0    00000587   00000000    rw- .data
20207e00    20207e00    00000200   00000000    rw-
  20207e00    20207e00    00000200   00000000    rw- .stack


SECTION ALLOCATION MAP

 output                                  attributes/
section   page    origin      length       input sections
--------  ----  ----------  ----------   ----------------
.intvecs   0    00000000    000000c0     
                  00000000    000000c0     startup_mspm0g350x_ticlang.o (.intvecs)

.text      0    000000c0    0000a290     
                  000000c0    000009d0     libc.a : _printfi.c.obj (.text:__TI_printfi)
                  00000a90    000008a4     functions.o (.text.cmd_gauge)
                  00001334    00000654     main.o (.text.main)
                  00001988    00000514     functions.o (.text.cmd_fram)
                  00001e9c    00000424     functions.o (.text.cmd_bq)
                  000022c0    0000033c     functions.o (.text.cmd_pir)
                  000025fc    00000324     RAK3172.o (.text.cmd_rak)
                  00002920    00000248     functions.o (.text.cmd_lis)
                  00002b68    0000023c     ti_msp_dl_config.o (.text.SYSCFG_DL_GPIO_init)
                  00002da4    00000234     functions.o (.text.cmd_ltr)
                  00002fd8    00000220     libc.a : _printfi.c.obj (.text._pconv_a)
                  000031f8    00000214     ZDP323B.o (.text.ZDP323B_Init)
                  0000340c    00000204     functions.o (.text.cmd_leds)
                  00003610    000001dc     libc.a : _printfi.c.obj (.text._pconv_g)
                  000037ec    000001c8     i2c.o (.text.I2C_ReadDevice)
                  000039b4    000001c0     functions.o (.text.cmd_spi)
                  00003b74    00000192     libclang_rt.builtins.a : adddf3.S.obj (.text.adddf3_subdf3)
                  00003d06    00000002                            : aeabi_div0.c.obj (.text.__aeabi_idiv0)
                  00003d08    00000184     functions.o (.text.cmd_pwr)
                  00003e8c    00000170     LTR329.o (.text.LTR329_CalculateLux)
                  00003ffc    00000150     BQ27Z7_functions.o (.text.BQ27Z746_SetTempSensorConfig)
                  0000414c    00000144     libc.a : strtol.c.obj (.text.strtol)
                  00004290    00000140     BQ27Z7_functions.o (.text.BQ27Z746_SetUTFET_Direct)
                  000043d0    0000013c     i2c.o (.text.I2C_WriteDevice)
                  0000450c    0000013c     libc.a : _printfi.c.obj (.text.fcvt)
                  00004648    00000138     main.o (.text.setupCLI)
                  00004780    00000120     libc.a : _printfi.c.obj (.text._pconv_e)
                  000048a0    00000118     BQ27Z7_functions.o (.text.BQ27Z746_MAC_Read)
                  000049b8    00000110     mb85rs.o (.text.MB85RS_Read)
                  00004ac8    0000010c     i2c.o (.text.Shared_I2C_IRQHandler)
                  00004bd4    0000010c     libclang_rt.builtins.a : divdf3.S.obj (.text.__divdf3)
                  00004ce0    00000108     BQ25628_functions.o (.text.BQ25628E_UpdateTelemetry)
                  00004de8    00000108     functions.o (.text.cmd_hall)
                  00004ef0    00000104     driverlib.a : dl_timer.o (.text.DL_Timer_initFourCCPWMMode)
                  00004ff4    00000104     ZDP323B.o (.text.I2C_TryAddress10)
                  000050f8    00000104     ZDP323B.o (.text.ZDP323B_WriteConfig)
                  000051fc    000000fc     ZDP323B.o (.text.ZDP323B_ReadPeakHold)
                  000052f8    000000f8     i2c.o (.text.I2C_TryAddress)
                  000053f0    000000f8     mb85rs.o (.text.MB85RS_Write)
                  000054e8    000000e8     BoardAPI.o (.text._binary_search_ascending)
                  000055d0    000000e8     functions.o (.text.cmd_i2cscan10)
                  000056b8    000000e4     libclang_rt.builtins.a : muldf3.S.obj (.text.__muldf3)
                  0000579c    000000e4     functions.o (.text.cmd_i2cscan)
                  00005880    000000e0     functions.o (.text.print_battery_status)
                  00005960    000000d8     BQ27Z7_functions.o (.text.BQ27Z746_Unseal)
                  00005a38    000000d8     uart.o (.text.CLI_ProcessInput)
                  00005b10    000000d8     libc.a : s_scalbn.c.obj (.text.scalbn)
                  00005be8    000000d8     libclang_rt.builtins.a : addsf3.S.obj (.text)
                  00005cc0    000000d0     LIS3DH.o (.text.LIS3DH_ReadMg)
                  00005d90    000000c4     ti_msp_dl_config.o (.text.SYSCFG_DL_initPower)
                  00005e54    000000b4     LIS3DH.o (.text.LIS3DH_Init)
                  00005f08    000000b4     uart.o (.text.UARTReceive)
                  00005fbc    000000b0     mb85rs.o (.text.MB85RS_ReadID)
                  0000606c    000000b0     RAK3172.o (.text.RAK3172_UART_Handler)
                  0000611c    000000b0     RAK3172.o (.text.RAK3172_WaitForResponse)
                  000061cc    000000a2     libclang_rt.builtins.a : udivmoddi4.S.obj (.text)
                  0000626e    00000002                            : aeabi_div0.c.obj (.text.__aeabi_ldiv0)
                  00006270    0000009c     BQ27Z7_functions.o (.text.BQ27Z746_UpdateTelemetry)
                  0000630c    0000009c     LTR329.o (.text.LTR329_Init)
                  000063a8    00000098     functions.o (.text.parse_filter_type)
                  00006440    00000090     mb85rs.o (.text.MB85RS_ReadStatus)
                  000064d0    0000008c     LIS3DH.o (.text.LIS3DH_SetRange)
                  0000655c    0000008c     spi_master.o (.text.SPI1_IRQHandler)
                  000065e8    0000008c     spi_master.o (.text.SPI_Controller_Arm)
                  00006674    0000008c     ti_msp_dl_config.o (.text.SYSCFG_DL_BOOST_CONTROL_init)
                  00006700    0000008c     libclang_rt.builtins.a : mulsf3.S.obj (.text.__mulsf3)
                  0000678c    0000008c     libc.a : s_floorf.c.obj (.text.floorf)
                  00006818    00000008     RAK3172.o (.text.RAK3172_GetLastResponse)
                  00006820    00000088     libc.a : strcmp-armv6m.S.obj (.text:strcmp)
                  000068a8    00000082     libclang_rt.builtins.a : divsf3.S.obj (.text.__divsf3)
                  0000692a    00000082     mb85rs.o (.text.check_bounds)
                  000069ac    00000080     functions.o (.text.filter_type_str)
                  00006a2c    0000007c     libc.a : copy_decompress_lzss.c.obj (.text:decompress:lzss)
                  00006aa8    0000007a     LTR329.o (.text.gain_to_reg)
                  00006b22    00000002     --HOLE-- [fill = 0]
                  00006b24    00000078     LIS3DH.o (.text.LIS3DH_ReadRaw)
                  00006b9c    00000078     ti_msp_dl_config.o (.text.SYSCFG_DL_FLASH_CONTROL_init)
                  00006c14    00000074     BQ27Z7_functions.o (.text.BQ27Z746_GetTempConfig)
                  00006c88    00000074     libclang_rt.builtins.a : comparedf2.c.obj (.text.__gedf2)
                  00006cfc    00000074     spi_mem.o (.text.arm_full_duplex)
                  00006d70    00000072     spi_mem.o (.text.SPI_Memory_Arm)
                  00006de2    00000002     --HOLE-- [fill = 0]
                  00006de4    00000070     uart.o (.text.CLI_Tokenize)
                  00006e54    00000070     BoardAPI.o (.text.LED_set_current)
                  00006ec4    00000070     gauge.o (.text.gauge_read)
                  00006f34    00000070     gauge.o (.text.gauge_write)
                  00006fa4    0000006c     LTR329.o (.text.LTR329_ReadData)
                  00007010    0000006a     BQ27Z7_functions.o (.text.BQ27Z746_GetFETOptions)
                  0000707a    00000068     mb85rs.o (.text.MB85RS_Init)
                  000070e2    00000002     --HOLE-- [fill = 0]
                  000070e4    00000068     libclang_rt.builtins.a : comparedf2.c.obj (.text.__ledf2)
                  0000714c    00000068     functions.o (.text.pir_print_help)
                  000071b4    00000068     libc.a : s_roundf.c.obj (.text.roundf)
                  0000721c    00000066            : _printfi.c.obj (.text._mcpy)
                  00007282    00000002     --HOLE-- [fill = 0]
                  00007284    00000064     BQ25628_functions.o (.text.BQ25628E_Set_VINDPM_mV)
                  000072e8    00000064     BoardAPI.o (.text.LED_set_voltage)
                  0000734c    00000064     LTR329.o (.text.LTR329_SetGain)
                  000073b0    00000064     main.o (.text.PIR_interrupt)
                  00007414    00000064     ti_msp_dl_config.o (.text.SYSCFG_DL_I2C_0_init)
                  00007478    00000064     ti_msp_dl_config.o (.text.SYSCFG_DL_I2C_1_init)
                  000074dc    00000064     BoardAPI.o (.text.set_pwm_duty_cycle)
                  00007540    00000064     uart.o (.text.uart_printf)
                  000075a4    00000062     BQ27Z7_functions.o (.text.BQ27Z746_EnsureUnsealed)
                  00007606    00000062     BQ27Z7_functions.o (.text.BQ27Z746_GetOperationStatus)
                  00007668    00000062     BQ27Z7_functions.o (.text.BQ27Z746_GetSafetyStatus)
                  000076ca    00000002     --HOLE-- [fill = 0]
                  000076cc    00000062     libclang_rt.builtins.a : aeabi_dcmp.S.obj (.text.__aeabi_dcmp)
                  0000772e    00000002     --HOLE-- [fill = 0]
                  00007730    00000062                            : aeabi_fcmp.S.obj (.text.__aeabi_fcmp)
                  00007792    00000062     mb85rs.o (.text.send_cmd_only)
                  000077f4    00000060     BQ25628_functions.o (.text.BQ25628E_Set_VREG_mV)
                  00007854    00000060     BQ25628_functions.o (.text.BQ25628E_Set_VSYSMIN_mV)
                  000078b4    00000060     spi_mem.o (.text.SPI_Memory_Init)
                  00007914    0000005e     BQ27Z7_functions.o (.text.BQ27Z746_GetChargingStatus)
                  00007972    0000005e     driverlib.a : dl_i2c.o (.text.DL_I2C_fillControllerTXFIFO)
                  000079d0    0000005c     uart.o (.text.CLI_RegisterCommand)
                  00007a2c    0000005c     RAK3172.o (.text.RAK3172_Init)
                  00007a88    0000005c     RAK3172.o (.text.RAK3172_SendCommand)
                  00007ae4    0000005c     spi_master.o (.text.SPI_Controller_Init)
                  00007b40    0000005c     ti_msp_dl_config.o (.text.SYSCFG_DL_init)
                  00007b9c    0000005c     libc.a : s_frexp.c.obj (.text.frexp)
                  00007bf8    0000005a     BQ27Z7_functions.o (.text.BQ27Z746_Seal)
                  00007c52    00000002     --HOLE-- [fill = 0]
                  00007c54    00000058     BQ25628_functions.o (.text.BQ25628E_Set_ICHG_mA)
                  00007cac    00000058     BQ25628_functions.o (.text.BQ25628E_Set_IINDPM_mA)
                  00007d04    00000058     main.o (.text.GROUP1_IRQHandler)
                  00007d5c    00000058     spi_mem.o (.text.SPI_Memory_IRQHandler)
                  00007db4    00000058     ti_msp_dl_config.o (.text.SYSCFG_DL_SPI_0_init)
                  00007e0c    00000058     ti_msp_dl_config.o (.text.SYSCFG_DL_SPI_1_init)
                  00007e64    00000058     libc.a : _ltoa.c.obj (.text.__TI_ltoa)
                  00007ebc    00000058            : _printfi.c.obj (.text._pconv_f)
                  00007f14    00000056     BQ27Z7_functions.o (.text.BQ27Z746_GetChemID)
                  00007f6a    00000056     BQ27Z7_functions.o (.text.BQ27Z746_GetDeviceType)
                  00007fc0    00000056     BQ27Z7_functions.o (.text.BQ27Z746_GetFirmwareVersion)
                  00008016    00000002     --HOLE-- [fill = 0]
                  00008018    00000056     libclang_rt.builtins.a : aeabi_idivmod.S.obj (.text.__aeabi_idivmod)
                  0000806e    00000002     --HOLE-- [fill = 0]
                  00008070    00000054     uart.o (.text.invokeBSLAsm)
                  000080c4    00000052     ZDP323B.o (.text.ZDP323B_BuildConfigBytes)
                  00008116    00000052     libc.a : _printfi.c.obj (.text._ecpy)
                  00008168    00000050     BQ25628_functions.o (.text.BQ25628E_Init_Default)
                  000081b8    00000050     BQ25628_functions.o (.text.BQ25628E_UpdateBits8)
                  00008208    00000050     ti_msp_dl_config.o (.text.DL_GPIO_initPeripheralInputFunctionFeatures)
                  00008258    00000050     ZDP323B.o (.text.DL_I2C_startControllerTransfer)
                  000082a8    00000050     i2c.o (.text.DL_I2C_startControllerTransfer)
                  000082f8    00000050     uart.o (.text.cmd_help)
                  00008348    00000050     functions.o (.text.filter_step_str)
                  00008398    0000004c     BQ27Z7_functions.o (.text.BQ27Z746_GetSecurityMode)
                  000083e4    0000004c     BQ27Z7_functions.o (.text.BQ27Z746_Init)
                  00008430    0000004c     driverlib.a : dl_dma.o (.text.DL_DMA_initChannel)
                  0000847c    0000004c     ti_msp_dl_config.o (.text.DL_GPIO_initDigitalInputFeatures)
                  000084c8    0000004c     ti_msp_dl_config.o (.text.DL_UART_setBaudRateDivisor)
                  00008514    0000004c     BoardAPI.o (.text.LED_flash_start)
                  00008560    0000004c     spi_mem.o (.text.SPI_Memory_Wait)
                  000085ac    0000004c     ti_msp_dl_config.o (.text.SYSCFG_DL_MCU_UART_1_init)
                  000085f8    0000004a     libclang_rt.builtins.a : fixdfsi.S.obj (.text.__fixdfsi)
                  00008642    00000002     --HOLE-- [fill = 0]
                  00008644    00000048     driverlib.a : dl_uart.o (.text.DL_UART_init)
                  0000868c    00000048     ti_msp_dl_config.o (.text.SYSCFG_DL_UART_0_init)
                  000086d4    00000048     libc.a : strtok.c.obj (.text.strtok)
                  0000871c    00000044     driverlib.a : dl_spi.o (.text.DL_SPI_init)
                  00008760    00000044     main.o (.text.PIR_Interrupt_ResumeAfterI2C)
                  000087a4    00000040     libclang_rt.builtins.a : aeabi_uidivmod.S.obj (.text.__aeabi_uidivmod)
                  000087e4    00000040                            : extendsfdf2.S.obj (.text.__extendsfdf2)
                  00008824    00000040     libc.a : atoi.c.obj (.text.atoi)
                  00008864    00000040     uart.o (.text.printToUART)
                  000088a4    00000040     libc.a : vsnprintf.c.obj (.text.vsnprintf)
                  000088e4    0000003e     spi_mem.o (.text.arm_tx_only)
                  00008922    00000002     --HOLE-- [fill = 0]
                  00008924    0000003c     driverlib.a : dl_i2c.o (.text.DL_I2C_flushControllerTXFIFO)
                  00008960    0000003c     ti_msp_dl_config.o (.text.DL_Timer_setCounterControl)
                  0000899c    0000003c     libclang_rt.builtins.a : floatsisf.S.obj (.text.__floatsisf)
                  000089d8    0000003c                            : comparesf2.S.obj (.text.__gtsf2)
                  00008a14    0000003c     libc.a : autoinit.c.obj (.text:__TI_auto_init_nobinit_nopinit)
                  00008a50    0000003a     libclang_rt.builtins.a : comparesf2.S.obj (.text.__eqsf2)
                  00008a8a    00000002     --HOLE-- [fill = 0]
                  00008a8c    0000003a                            : muldsi3.S.obj (.text.__muldsi3)
                  00008ac6    00000002     --HOLE-- [fill = 0]
                  00008ac8    00000038     ti_msp_dl_config.o (.text.DL_GPIO_initPeripheralOutputFunctionFeatures)
                  00008b00    00000038     RAK3172.o (.text.RAK3172_Reset)
                  00008b38    00000038     libclang_rt.builtins.a : fixsfsi.S.obj (.text.__fixsfsi)
                  00008b70    00000038     functions.o (.text.print_time)
                  00008ba8    00000034     BQ25628_functions.o (.text.BQ25628E_ReadReg16)
                  00008bdc    00000034     main.o (.text.PIR_Interrupt_PauseForI2C)
                  00008c10    00000034     RAK3172.o (.text.RAK3172_SetPower)
                  00008c44    00000034     RAK3172.o (.text.__NVIC_DisableIRQ)
                  00008c78    00000034     functions.o (.text.parse_filter_step)
                  00008cac    00000032     libc.a : strstr.c.obj (.text.strstr)
                  00008cde    00000002     --HOLE-- [fill = 0]
                  00008ce0    00000030     BQ25628_functions.o (.text.BQ25628E_WriteReg16)
                  00008d10    00000030     spi_master.o (.text.DL_DMA_setTransferSize)
                  00008d40    00000030     spi_mem.o (.text.DL_DMA_setTransferSize)
                  00008d70    00000030     driverlib.a : dl_i2c.o (.text.DL_I2C_flushControllerRXFIFO)
                  00008da0    00000030     ti_msp_dl_config.o (.text.DL_SPI_setFIFOThreshold)
                  00008dd0    00000030     driverlib.a : dl_uart.o (.text.DL_UART_transmitDataBlocking)
                  00008e00    00000030     libc.a : _printfi.c.obj (.text._fcpy)
                  00008e30    00000030            : vsnprintf.c.obj (.text._outs)
                  00008e60    0000002e     ti_msp_dl_config.o (.text.SYSCFG_DL_SYSCTL_init)
                  00008e8e    00000002     --HOLE-- [fill = 0]
                  00008e90    0000002c     BQ25628_functions.o (.text.BQ25628E_ReadReg8)
                  00008ebc    0000002c     RAK3172.o (.text.__NVIC_ClearPendingIRQ)
                  00008ee8    0000002c     ZDP323B.o (.text.__NVIC_ClearPendingIRQ)
                  00008f14    0000002c     i2c.o (.text.__NVIC_ClearPendingIRQ)
                  00008f40    0000002c     main.o (.text.__NVIC_ClearPendingIRQ)
                  00008f6c    0000002c     uart.o (.text.__NVIC_ClearPendingIRQ)
                  00008f98    0000002c     RAK3172.o (.text.__NVIC_EnableIRQ)
                  00008fc4    0000002c     ZDP323B.o (.text.__NVIC_EnableIRQ)
                  00008ff0    0000002c     i2c.o (.text.__NVIC_EnableIRQ)
                  0000901c    0000002c     main.o (.text.__NVIC_EnableIRQ)
                  00009048    0000002c     uart.o (.text.__NVIC_EnableIRQ)
                  00009074    0000002c     libclang_rt.builtins.a : floatsidf.S.obj (.text.__floatsidf)
                  000090a0    0000002c     gauge.o (.text.gauge_cmd_read)
                  000090cc    0000002c     uart.o (.text.get_UART_buffer)
                  000090f8    0000002c     libc.a : strncpy.c.obj (.text.strncpy)
                  00009124    00000028     BQ25628_functions.o (.text.BQ25628E_Set_TS_Ignore)
                  0000914c    00000028     BQ27Z7_functions.o (.text.BQ27Z746_MAC_Send)
                  00009174    00000028     ZDP323B.o (.text.DL_Common_updateReg)
                  0000919c    00000028     i2c.o (.text.DL_Common_updateReg)
                  000091c4    00000028     ti_msp_dl_config.o (.text.DL_Common_updateReg)
                  000091ec    00000028     spi_master.o (.text.DL_DMA_setDestAddr)
                  00009214    00000028     spi_mem.o (.text.DL_DMA_setDestAddr)
                  0000923c    00000028     spi_master.o (.text.DL_DMA_setSrcAddr)
                  00009264    00000028     spi_mem.o (.text.DL_DMA_setSrcAddr)
                  0000928c    00000028     ZDP323B.o (.text.DL_I2C_setControllerAddressingMode)
                  000092b4    00000028     ti_msp_dl_config.o (.text.DL_I2C_setControllerRXFIFOThreshold)
                  000092dc    00000028     ti_msp_dl_config.o (.text.DL_I2C_setControllerTXFIFOThreshold)
                  00009304    00000028     libclang_rt.builtins.a : floatunsisf.S.obj (.text.__floatunsisf)
                  0000932c    00000028     libc.a : boot_cortex_m.c.obj (.text:_c_int00_noargs)
                  00009354    00000026     spi_master.o (.text.DL_DMA_enableChannel)
                  0000937a    00000026     spi_mem.o (.text.DL_DMA_enableChannel)
                  000093a0    00000026     ti_msp_dl_config.o (.text.DL_I2C_setAnalogGlitchFilterPulseWidth)
                  000093c6    00000026     driverlib.a : dl_i2c.o (.text.DL_I2C_setClockConfig)
                  000093ec    00000026     libc.a : strspn.c.obj (.text.strspn)
                  00009412    00000002     --HOLE-- [fill = 0]
                  00009414    00000024     BQ25628_functions.o (.text.BQ25628E_WriteReg8)
                  00009438    00000024     ti_msp_dl_config.o (.text.DL_SPI_setBitRateSerialClockDivider)
                  0000945c    00000024     BoardAPI.o (.text.LED_control_init)
                  00009480    00000024     libclang_rt.builtins.a : muldi3.S.obj (.text.__muldi3)
                  000094a4    00000024     i2c.o (.text.i2c_init)
                  000094c8    00000024     libc.a : strcspn.c.obj (.text.strcspn)
                  000094ec    00000022            : memccpy.c.obj (.text.memccpy)
                  0000950e    00000002     --HOLE-- [fill = 0]
                  00009510    00000020     ti_msp_dl_config.o (.text.DL_GPIO_initPeripheralInputFunction)
                  00009530    00000020     gauge.o (.text.gauge_address)
                  00009550    00000020     BQ27Z7_functions.o (.text.kelvin_to_celsius)
                  00009570    00000020     mb85rs.o (.text.pack_address)
                  00009590    00000020     uart.o (.text.uart_init)
                  000095b0    0000001e     ti_msp_dl_config.o (.text.DL_UART_setOversampling)
                  000095ce    00000002     --HOLE-- [fill = 0]
                  000095d0    0000001e     libclang_rt.builtins.a : ashldi3.S.obj (.text.__ashldi3)
                  000095ee    0000001e     BQ27Z7_functions.o (.text.read_reg16)
                  0000960c    0000001c     ZDP323B.o (.text.DL_GPIO_clearInterruptStatus)
                  00009628    0000001c     main.o (.text.DL_GPIO_clearInterruptStatus)
                  00009644    0000001c     ti_msp_dl_config.o (.text.DL_GPIO_clearInterruptStatus)
                  00009660    0000001c     main.o (.text.DL_GPIO_disableInterrupt)
                  0000967c    0000001c     ti_msp_dl_config.o (.text.DL_GPIO_enableHiZ)
                  00009698    0000001c     main.o (.text.DL_GPIO_enableInterrupt)
                  000096b4    0000001c     ti_msp_dl_config.o (.text.DL_GPIO_enableInterrupt)
                  000096d0    0000001c     ti_msp_dl_config.o (.text.DL_GPIO_initPeripheralOutputFunction)
                  000096ec    0000001c     ti_msp_dl_config.o (.text.DL_GPIO_setLowerPinsPolarity)
                  00009708    0000001c     i2c.o (.text.DL_I2C_disableInterrupt)
                  00009724    0000001c     ZDP323B.o (.text.DL_I2C_enableInterrupt)
                  00009740    0000001c     i2c.o (.text.DL_I2C_enableInterrupt)
                  0000975c    0000001c     ti_msp_dl_config.o (.text.DL_I2C_enableInterrupt)
                  00009778    0000001c     i2c.o (.text.DL_I2C_isControllerRXFIFOEmpty)
                  00009794    0000001c     main.o (.text.DL_Interrupt_getPendingGroup)
                  000097b0    0000001c     ti_msp_dl_config.o (.text.DL_SPI_enableInterrupt)
                  000097cc    0000001c     ti_msp_dl_config.o (.text.DL_SYSCTL_setMCLKDivider)
                  000097e8    0000001c     ti_msp_dl_config.o (.text.DL_SYSCTL_setSYSOSCFreq)
                  00009804    0000001c     ti_msp_dl_config.o (.text.DL_SYSCTL_setULPCLKDivider)
                  00009820    0000001c     ti_msp_dl_config.o (.text.DL_Timer_enableInterrupt)
                  0000983c    0000001c     driverlib.a : dl_timer.o (.text.DL_Timer_setCaptCompUpdateMethod)
                  00009858    0000001c                 : dl_timer.o (.text.DL_Timer_setClockConfig)
                  00009874    0000001c     RAK3172.o (.text.DL_UART_disableInterrupt)
                  00009890    0000001c     RAK3172.o (.text.DL_UART_enableInterrupt)
                  000098ac    0000001c     ti_msp_dl_config.o (.text.DL_UART_enableInterrupt)
                  000098c8    0000001c     main.o (.text.UART0_IRQHandler)
                  000098e4    00000018     ti_msp_dl_config.o (.text.DL_GPIO_enableOutput)
                  000098fc    00000018     ti_msp_dl_config.o (.text.DL_GPIO_enablePower)
                  00009914    00000018     ti_msp_dl_config.o (.text.DL_GPIO_initDigitalOutput)
                  0000992c    00000018     ti_msp_dl_config.o (.text.DL_GPIO_reset)
                  00009944    00000018     BoardAPI.o (.text.DL_GPIO_setPins)
                  0000995c    00000018     RAK3172.o (.text.DL_GPIO_setPins)
                  00009974    00000018     functions.o (.text.DL_GPIO_setPins)
                  0000998c    00000018     main.o (.text.DL_GPIO_setPins)
                  000099a4    00000018     spi_mem.o (.text.DL_GPIO_setPins)
                  000099bc    00000018     ti_msp_dl_config.o (.text.DL_GPIO_setPins)
                  000099d4    00000018     ti_msp_dl_config.o (.text.DL_GPIO_setUpperPinsPolarity)
                  000099ec    00000018     ZDP323B.o (.text.DL_I2C_clearInterruptStatus)
                  00009a04    00000018     i2c.o (.text.DL_I2C_clearInterruptStatus)
                  00009a1c    00000018     ti_msp_dl_config.o (.text.DL_I2C_enableAnalogGlitchFilter)
                  00009a34    00000018     ti_msp_dl_config.o (.text.DL_I2C_enableController)
                  00009a4c    00000018     ti_msp_dl_config.o (.text.DL_I2C_enableControllerClockStretching)
                  00009a64    00000018     ti_msp_dl_config.o (.text.DL_I2C_enablePower)
                  00009a7c    00000018     ti_msp_dl_config.o (.text.DL_I2C_reset)
                  00009a94    00000018     ti_msp_dl_config.o (.text.DL_I2C_setTimerPeriod)
                  00009aac    00000018     ti_msp_dl_config.o (.text.DL_SPI_enable)
                  00009ac4    00000018     ti_msp_dl_config.o (.text.DL_SPI_enableDMAReceiveEvent)
                  00009adc    00000018     ti_msp_dl_config.o (.text.DL_SPI_enablePower)
                  00009af4    00000018     ti_msp_dl_config.o (.text.DL_SPI_reset)
                  00009b0c    00000018     ti_msp_dl_config.o (.text.DL_SYSCTL_setBORThreshold)
                  00009b24    00000018     ti_msp_dl_config.o (.text.DL_Timer_enablePower)
                  00009b3c    00000018     ti_msp_dl_config.o (.text.DL_Timer_reset)
                  00009b54    00000018     driverlib.a : dl_timer.o (.text.DL_Timer_setCaptureCompareOutCtl)
                  00009b6c    00000018     BoardAPI.o (.text.DL_Timer_startCounter)
                  00009b84    00000018     BoardAPI.o (.text.DL_Timer_stopCounter)
                  00009b9c    00000018     ti_msp_dl_config.o (.text.DL_UART_enablePower)
                  00009bb4    00000018     RAK3172.o (.text.DL_UART_isRXFIFOEmpty)
                  00009bcc    00000018     functions.o (.text.DL_UART_isRXFIFOEmpty)
                  00009be4    00000018     ti_msp_dl_config.o (.text.DL_UART_reset)
                  00009bfc    00000018     ti_msp_dl_config.o (.text.SYSCFG_DL_DMA_CH0_init)
                  00009c14    00000018     ti_msp_dl_config.o (.text.SYSCFG_DL_DMA_CH1_init)
                  00009c2c    00000018     ti_msp_dl_config.o (.text.SYSCFG_DL_DMA_CH2_init)
                  00009c44    00000018     ti_msp_dl_config.o (.text.SYSCFG_DL_DMA_CH3_init)
                  00009c5c    00000018     libc.a : vsnprintf.c.obj (.text._outc)
                  00009c74    00000016     BQ27Z7_functions.o (.text.BQ27Z746_ReadInternalTemp_C)
                  00009c8a    00000016     BQ27Z7_functions.o (.text.BQ27Z746_ReadTemperature_C)
                  00009ca0    00000016     main.o (.text.DL_GPIO_readPins)
                  00009cb6    00000016     ti_msp_dl_config.o (.text.DL_UART_enable)
                  00009ccc    00000014     BQ27Z7_functions.o (.text.BQ27Z746_ReadAvgCurrent_mA)
                  00009ce0    00000014     BQ27Z7_functions.o (.text.BQ27Z746_ReadAvgPower_mW)
                  00009cf4    00000014     BQ27Z7_functions.o (.text.BQ27Z746_ReadCurrent_mA)
                  00009d08    00000014     BQ27Z7_functions.o (.text.BQ27Z746_ReadSOC_pct)
                  00009d1c    00000014     BQ27Z7_functions.o (.text.BQ27Z746_ReadStateOfHealth_pct)
                  00009d30    00000014     BQ27Z7_functions.o (.text.BQ27Z746_UseInternalTempOnly)
                  00009d44    00000014     BoardAPI.o (.text.DL_GPIO_clearPins)
                  00009d58    00000014     RAK3172.o (.text.DL_GPIO_clearPins)
                  00009d6c    00000014     functions.o (.text.DL_GPIO_clearPins)
                  00009d80    00000014     spi_mem.o (.text.DL_GPIO_clearPins)
                  00009d94    00000014     ti_msp_dl_config.o (.text.DL_GPIO_clearPins)
                  00009da8    00000014     ZDP323B.o (.text.DL_I2C_getControllerStatus)
                  00009dbc    00000014     i2c.o (.text.DL_I2C_getControllerStatus)
                  00009dd0    00000014     i2c.o (.text.DL_I2C_receiveControllerData)
                  00009de4    00000014     ti_msp_dl_config.o (.text.DL_I2C_resetControllerTransfer)
                  00009df8    00000014     ti_msp_dl_config.o (.text.DL_SPI_enableDMATransmitEvent)
                  00009e0c    00000014     ti_msp_dl_config.o (.text.DL_SYSCTL_disableSYSPLL)
                  00009e20    00000014     ti_msp_dl_config.o (.text.DL_SYSCTL_enableMFCLK)
                  00009e34    00000014     ti_msp_dl_config.o (.text.DL_Timer_enableClock)
                  00009e48    00000014     ti_msp_dl_config.o (.text.DL_Timer_setCCPDirection)
                  00009e5c    00000014     RAK3172.o (.text.DL_UART_receiveData)
                  00009e70    00000014     functions.o (.text.DL_UART_receiveData)
                  00009e84    00000014     uart.o (.text.DL_UART_receiveData)
                  00009e98    00000014     spi_mem.o (.text.SPI_Memory_CS_Assert)
                  00009eac    00000014     spi_mem.o (.text.SPI_Memory_CS_Deassert)
                  00009ec0    00000014     ti_msp_dl_config.o (.text.SYSCFG_DL_DMA_init)
                  00009ed4    00000014     libclang_rt.builtins.a : aeabi_uldivmod.S.obj (.text.__aeabi_uldivmod)
                  00009ee8    00000014     BoardAPI.o (.text.disable_led_boost)
                  00009efc    00000014     BoardAPI.o (.text.enable_led_boost)
                  00009f10    00000014     libc.a : _printfi.c.obj (.text.strchr)
                  00009f24    00000014            : strchr.c.obj (.text.strchr)
                  00009f38    00000012     BQ27Z7_functions.o (.text.BQ27Z746_ReadBatteryStatus)
                  00009f4a    00000012     BQ27Z7_functions.o (.text.BQ27Z746_ReadCycleCount)
                  00009f5c    00000012     BQ27Z7_functions.o (.text.BQ27Z746_ReadFullChargeCap_mAh)
                  00009f6e    00000012     BQ27Z7_functions.o (.text.BQ27Z746_ReadRemainingCap_mAh)
                  00009f80    00000012     BQ27Z7_functions.o (.text.BQ27Z746_ReadTimeToEmpty_min)
                  00009f92    00000012     BQ27Z7_functions.o (.text.BQ27Z746_ReadTimeToFull_min)
                  00009fa4    00000012     BQ27Z7_functions.o (.text.BQ27Z746_ReadVoltage_mV)
                  00009fb6    00000012     main.o (.text.DL_GPIO_getPendingInterrupt)
                  00009fc8    00000012     i2c.o (.text.DL_I2C_getPendingInterrupt)
                  00009fda    00000012     spi_master.o (.text.DL_SPI_getPendingInterrupt)
                  00009fec    00000012     spi_mem.o (.text.DL_SPI_getPendingInterrupt)
                  00009ffe    00000012     driverlib.a : dl_spi.o (.text.DL_SPI_setClockConfig)
                  0000a010    00000012     RAK3172.o (.text.DL_UART_getPendingInterrupt)
                  0000a022    00000012     main.o (.text.DL_UART_getPendingInterrupt)
                  0000a034    00000012     driverlib.a : dl_uart.o (.text.DL_UART_setClockConfig)
                  0000a046    00000012     BQ27Z7_functions.o (.text.security_usleep)
                  0000a058    00000012     mb85rs.o (.text.wrdi)
                  0000a06a    00000012     mb85rs.o (.text.wren)
                  0000a07c    00000012     libc.a : memcpy16.S.obj (.text:TI_memcpy_small)
                  0000a08e    00000012            : copy_decompress_none.c.obj (.text:decompress:none)
                  0000a0a0    00000010     BQ27Z7_functions.o (.text.BQ27Z746_IsDischarging)
                  0000a0b0    00000010     BQ27Z7_functions.o (.text.BQ27Z746_IsFullyCharged)
                  0000a0c0    00000010     BQ27Z7_functions.o (.text.BQ27Z746_IsFullyDischarged)
                  0000a0d0    00000010     ti_msp_dl_config.o (.text.DL_SYSCTL_disableHFXT)
                  0000a0e0    00000010     driverlib.a : dl_timer.o (.text.DL_Timer_setCaptureCompareValue)
                  0000a0f0    00000010     i2c.o (.text.I2C0_IRQHandler)
                  0000a100    00000010     i2c.o (.text.I2C1_IRQHandler)
                  0000a110    00000010     BoardAPI.o (.text.LED_flash_stop)
                  0000a120    00000010     BoardAPI.o (.text.LED_get_current)
                  0000a130    00000010     spi_mem.o (.text.SPI0_IRQHandler)
                  0000a140    00000010     libc.a : wcslen.c.obj (.text.wcslen)
                  0000a150    00000010            : copy_zero_init.c.obj (.text:decompress:ZI)
                  0000a160    0000000e     BQ25628_functions.o (.text.BQ25628E_Disable_Watchdog)
                  0000a16e    0000000e     BQ25628_functions.o (.text.BQ25628E_Set_PeakDischarge_6A)
                  0000a17c    0000000e     libclang_rt.builtins.a : aeabi_memset.S.obj (.text.__aeabi_memset)
                  0000a18a    0000000e     libc.a : strcpy.c.obj (.text.strcpy)
                  0000a198    0000000e            : _printfi.c.obj (.text.strlen)
                  0000a1a6    0000000e            : memset16.S.obj (.text:TI_memset_small)
                  0000a1b4    0000000c     BQ25628_functions.o (.text.BQ25628E_Get_IBAT_mA)
                  0000a1c0    0000000c     BQ25628_functions.o (.text.BQ25628E_Get_IBUS_mA)
                  0000a1cc    0000000c     BQ25628_functions.o (.text.BQ25628E_Get_VBAT_mV)
                  0000a1d8    0000000c     BQ25628_functions.o (.text.BQ25628E_Get_VBUS_mV)
                  0000a1e4    0000000c     BQ25628_functions.o (.text.BQ25628E_Get_VSYS_mV)
                  0000a1f0    0000000c     BQ27Z7_functions.o (.text.BQ27Z746_Get_AvgCurrent_mA)
                  0000a1fc    0000000c     BQ27Z7_functions.o (.text.BQ27Z746_Get_AvgPower_mW)
                  0000a208    0000000c     BQ27Z7_functions.o (.text.BQ27Z746_Get_BatteryStatus)
                  0000a214    0000000c     BQ27Z7_functions.o (.text.BQ27Z746_Get_Current_mA)
                  0000a220    0000000c     BQ27Z7_functions.o (.text.BQ27Z746_Get_CycleCount)
                  0000a22c    0000000c     BQ27Z7_functions.o (.text.BQ27Z746_Get_FullChargeCap_mAh)
                  0000a238    0000000c     BQ27Z7_functions.o (.text.BQ27Z746_Get_InternalTemp_C)
                  0000a244    0000000c     BQ27Z7_functions.o (.text.BQ27Z746_Get_RemainingCap_mAh)
                  0000a250    0000000c     BQ27Z7_functions.o (.text.BQ27Z746_Get_SOC_pct)
                  0000a25c    0000000c     BQ27Z7_functions.o (.text.BQ27Z746_Get_StateOfHealth_pct)
                  0000a268    0000000c     BQ27Z7_functions.o (.text.BQ27Z746_Get_Temperature_C)
                  0000a274    0000000c     BQ27Z7_functions.o (.text.BQ27Z746_Get_TimeToEmpty_min)
                  0000a280    0000000c     BQ27Z7_functions.o (.text.BQ27Z746_Get_TimeToFull_min)
                  0000a28c    0000000c     BQ27Z7_functions.o (.text.BQ27Z746_Get_Voltage_mV)
                  0000a298    0000000c     BoardAPI.o (.text.LED_get_voltage)
                  0000a2a4    0000000c     ZDP323B.o (.text.ZDP323B_MotionISR)
                  0000a2b0    0000000c     libclang_rt.builtins.a : aeabi_memset.S.obj (.text.__aeabi_memclr)
                  0000a2bc    0000000a     driverlib.a : dl_common.o (.text.DL_Common_delayCycles)
                  0000a2c6    0000000a     libc.a : _printfi.c.obj (.text.OUTLINED_FUNCTION_0)
                  0000a2d0    00000010     libclang_rt.builtins.a : adddf3.S.obj (.tramp.__aeabi_dsub.1)
                  0000a2e0    0000000a     libc.a : s_roundf.c.obj (.text.OUTLINED_FUNCTION_0)
                  0000a2ea    00000002     --HOLE-- [fill = 0]
                  0000a2ec    00000010     libclang_rt.builtins.a : addsf3.S.obj (.tramp.__aeabi_fadd.1)
                  0000a2fc    0000000a     libc.a : _printfi.c.obj (.text.OUTLINED_FUNCTION_1)
                  0000a306    00000008     main.o (.text.UART1_IRQHandler)
                  0000a30e    00000002     --HOLE-- [fill = 0]
                  0000a310    00000008     libc.a : aeabi_portable.c.obj (.text.__aeabi_errno_addr)
                  0000a318    00000008     libclang_rt.builtins.a : aeabi_memcpy.S.obj (.text.__aeabi_memcpy)
                  0000a320    00000006     libc.a : exit.c.obj (.text:abort)
                  0000a326    00000004     startup_mspm0g350x_ticlang.o (.text.Default_Handler)
                  0000a32a    00000004     libsysbm.a : hostexit.c.obj (.text.HOSTexit)
                  0000a32e    00000004     startup_mspm0g350x_ticlang.o (.text.Reset_Handler)
                  0000a332    00000002     --HOLE-- [fill = 0]
                  0000a334    00000010     libc.a : boot_cortex_m.c.obj (.tramp._c_int00_noargs.1)
                  0000a344    00000004            : pre_init.c.obj (.text._system_pre_init)
                  0000a348    00000008     --HOLE-- [fill = 0]

.cinit     0    0000d760    00000190     
                  0000d760    0000016a     (.cinit..data.load) [load image, compression = lzss]
                  0000d8ca    00000002     --HOLE-- [fill = 0]
                  0000d8cc    0000000c     (__TI_handler_table)
                  0000d8d8    00000008     (.cinit..bss.load) [load image, compression = zero_init]
                  0000d8e0    00000010     (__TI_cinit_table)

.rodata    0    0000a350    00003410     
                  0000a350    000002ec     functions.o (.rodata.str1.14660004578859228044.1)
                  0000a63c    000001da     functions.o (.rodata.str1.17600609178903569978.1)
                  0000a816    000001b3     functions.o (.rodata.str1.3019495220097340546.1)
                  0000a9c9    00000131     functions.o (.rodata.str1.14424774467072349609.1)
                  0000aafa    00000107     functions.o (.rodata.str1.1174942412544543362.1)
                  0000ac01    0000000f     functions.o (.rodata.str1.1434866316927325970.1)
                  0000ac10    00000101     libc.a : aeabi_ctype.S.obj (.rodata:__aeabi_ctype_table_)
                  0000ad11    000000f4     functions.o (.rodata.str1.18059599449896579509.1)
                  0000ae05    000000af     functions.o (.rodata.str1.10105263805998509149.1)
                  0000aeb4    00000046     functions.o (.rodata.str1.14754684760099289372.1)
                  0000aefa    00000041     functions.o (.rodata.str1.2344728598999326712.1)
                  0000af3b    00000040     RAK3172.o (.rodata.str1.7051719164982180226.1)
                  0000af7b    0000003f     functions.o (.rodata.str1.5352344875588335774.1)
                  0000afba    0000003d     RAK3172.o (.rodata.str1.371085888180289054.1)
                  0000aff7    0000003c     functions.o (.rodata.str1.6596733414268854495.1)
                  0000b033    0000003b     functions.o (.rodata.str1.13405053720543497480.1)
                  0000b06e    0000003b     main.o (.rodata.str1.39260288392874984.1)
                  0000b0a9    0000003b     functions.o (.rodata.str1.9863839573043808502.1)
                  0000b0e4    0000003a     functions.o (.rodata.str1.13647871663007229205.1)
                  0000b11e    00000038     functions.o (.rodata.str1.14891510999279312204.1)
                  0000b156    00000038     functions.o (.rodata.str1.2911829737590962714.1)
                  0000b18e    00000037     functions.o (.rodata.str1.1832783851567210609.1)
                  0000b1c5    00000036     functions.o (.rodata.str1.11740181311745255940.1)
                  0000b1fb    00000036     functions.o (.rodata.str1.5685701548624197313.1)
                  0000b231    00000034     functions.o (.rodata.str1.11489194655681450928.1)
                  0000b265    00000034     functions.o (.rodata.str1.13869735989619804122.1)
                  0000b299    00000033     functions.o (.rodata.str1.13877888024071246384.1)
                  0000b2cc    00000033     functions.o (.rodata.str1.14425403555696131028.1)
                  0000b2ff    00000033     functions.o (.rodata.str1.15303011696885085265.1)
                  0000b332    00000033     ZDP323B.o (.rodata.str1.6426932092013501745.1)
                  0000b365    00000032     ZDP323B.o (.rodata.str1.13049244076617931570.1)
                  0000b397    00000032     functions.o (.rodata.str1.13529407018213730301.1)
                  0000b3c9    00000032     functions.o (.rodata.str1.15231467846776008763.1)
                  0000b3fb    00000032     functions.o (.rodata.str1.15500694823524375836.1)
                  0000b42d    00000032     functions.o (.rodata.str1.564048024001813562.1)
                  0000b45f    00000031     functions.o (.rodata.str1.11330391477773130853.1)
                  0000b490    00000031     functions.o (.rodata.str1.11371842499512143921.1)
                  0000b4c1    00000031     main.o (.rodata.str1.14402440632258215044.1)
                  0000b4f2    00000031     ZDP323B.o (.rodata.str1.15253925937945711900.1)
                  0000b523    00000031     ZDP323B.o (.rodata.str1.3608069722927596962.1)
                  0000b554    00000030     main.o (.rodata.str1.6554448696319176064.1)
                  0000b584    0000002f     main.o (.rodata.str1.10753028060609409702.1)
                  0000b5b3    0000002f     functions.o (.rodata.str1.11510568493784519380.1)
                  0000b5e2    0000002f     RAK3172.o (.rodata.str1.1431870457548161368.1)
                  0000b611    0000002f     main.o (.rodata.str1.18227636981041470289.1)
                  0000b640    0000002f     functions.o (.rodata.str1.5574861860302912700.1)
                  0000b66f    0000002e     functions.o (.rodata.str1.10121604327849672915.1)
                  0000b69d    0000002e     RAK3172.o (.rodata.str1.13521612804400909485.1)
                  0000b6cb    0000002e     functions.o (.rodata.str1.1810987313933839541.1)
                  0000b6f9    0000002e     functions.o (.rodata.str1.8684894204910267454.1)
                  0000b727    0000002d     functions.o (.rodata.str1.13361924668150654931.1)
                  0000b754    0000002d     functions.o (.rodata.str1.13786467237224150958.1)
                  0000b781    0000002d     functions.o (.rodata.str1.15871961652988661611.1)
                  0000b7ae    0000002d     functions.o (.rodata.str1.17873271132953962449.1)
                  0000b7db    0000002d     functions.o (.rodata.str1.303947978237559523.1)
                  0000b808    0000002d     ZDP323B.o (.rodata.str1.3439872134578313174.1)
                  0000b835    0000002c     main.o (.rodata.str1.8428454045432808059.1)
                  0000b861    0000002b     functions.o (.rodata.str1.6505750907013116089.1)
                  0000b88c    0000002b     functions.o (.rodata.str1.7213520456192855849.1)
                  0000b8b7    0000002b     functions.o (.rodata.str1.963556741755692615.1)
                  0000b8e2    0000002a     functions.o (.rodata.str1.11852899632267644254.1)
                  0000b90c    0000002a     functions.o (.rodata.str1.13933329845969146692.1)
                  0000b936    0000002a     functions.o (.rodata.str1.17242831494859343374.1)
                  0000b960    0000002a     functions.o (.rodata.str1.8975528390176846916.1)
                  0000b98a    00000029     main.o (.rodata.str1.11702106008850790973.1)
                  0000b9b3    00000029     ZDP323B.o (.rodata.str1.11817068701145566633.1)
                  0000b9dc    00000029     functions.o (.rodata.str1.14212890215622683485.1)
                  0000ba05    00000029     RAK3172.o (.rodata.str1.4186403716999476052.1)
                  0000ba2e    00000028     functions.o (.rodata.str1.13707145581914847747.1)
                  0000ba56    00000027     main.o (.rodata.str1.11870794119293528247.1)
                  0000ba7d    00000027     main.o (.rodata.str1.13959864503700487862.1)
                  0000baa4    00000027     main.o (.rodata.str1.16631870348416990953.1)
                  0000bacb    00000027     functions.o (.rodata.str1.7085808795165203043.1)
                  0000baf2    00000026     functions.o (.rodata.str1.11596568296542930794.1)
                  0000bb18    00000026     main.o (.rodata.str1.13510909575694371129.1)
                  0000bb3e    00000026     main.o (.rodata.str1.14712910685067215323.1)
                  0000bb64    00000026     functions.o (.rodata.str1.2412787792798810337.1)
                  0000bb8a    00000026     functions.o (.rodata.str1.312031595841812858.1)
                  0000bbb0    00000026     ZDP323B.o (.rodata.str1.7320712112201950441.1)
                  0000bbd6    00000025     main.o (.rodata.str1.10313062130652730376.1)
                  0000bbfb    00000025     main.o (.rodata.str1.13782249893155712474.1)
                  0000bc20    00000025     main.o (.rodata.str1.14079361385603432444.1)
                  0000bc45    00000025     functions.o (.rodata.str1.1545240438815278529.1)
                  0000bc6a    00000025     functions.o (.rodata.str1.17819248719987149311.1)
                  0000bc8f    00000025     functions.o (.rodata.str1.5196872854305757230.1)
                  0000bcb4    00000025     RAK3172.o (.rodata.str1.952859593106619019.1)
                  0000bcd9    00000024     main.o (.rodata.str1.11121730273200050387.1)
                  0000bcfd    00000024     main.o (.rodata.str1.13030671760666898970.1)
                  0000bd21    00000024     main.o (.rodata.str1.14112174005742061988.1)
                  0000bd45    00000024     functions.o (.rodata.str1.1813704926491365237.1)
                  0000bd69    00000024     functions.o (.rodata.str1.2298903785866919411.1)
                  0000bd8d    00000024     ZDP323B.o (.rodata.str1.5543880619177829359.1)
                  0000bdb1    00000024     RAK3172.o (.rodata.str1.7659589185677606906.1)
                  0000bdd5    00000024     RAK3172.o (.rodata.str1.8036733024251265150.1)
                  0000bdf9    00000024     functions.o (.rodata.str1.831622212789273363.1)
                  0000be1d    00000024     RAK3172.o (.rodata.str1.9418084910429164153.1)
                  0000be41    00000023     uart.o (.rodata.str1.14464947116831474962.1)
                  0000be64    00000023     functions.o (.rodata.str1.3739636256912452571.1)
                  0000be87    00000023     functions.o (.rodata.str1.4088760258362988122.1)
                  0000beaa    00000023     functions.o (.rodata.str1.417100376825835908.1)
                  0000becd    00000023     functions.o (.rodata.str1.7723146404961276984.1)
                  0000bef0    00000023     main.o (.rodata.str1.9059077390166914652.1)
                  0000bf13    00000022     main.o (.rodata.str1.10865113624938808685.1)
                  0000bf35    00000022     functions.o (.rodata.str1.10930655922842606279.1)
                  0000bf57    00000022     functions.o (.rodata.str1.11373607083750233779.1)
                  0000bf79    00000022     functions.o (.rodata.str1.11403685632016021771.1)
                  0000bf9b    00000022     functions.o (.rodata.str1.16614484817706633923.1)
                  0000bfbd    00000022     functions.o (.rodata.str1.2190941444116491765.1)
                  0000bfdf    00000022     functions.o (.rodata.str1.2305192595417680505.1)
                  0000c001    00000022     main.o (.rodata.str1.5043408953494467246.1)
                  0000c023    00000022     main.o (.rodata.str1.6365796992934770792.1)
                  0000c045    00000022     functions.o (.rodata.str1.7319270408353279736.1)
                  0000c067    00000022     functions.o (.rodata.str1.8841248051089024616.1)
                  0000c089    00000021     functions.o (.rodata.str1.10302267126528799586.1)
                  0000c0aa    00000021     functions.o (.rodata.str1.11345522308171243087.1)
                  0000c0cb    00000021     functions.o (.rodata.str1.12250083639950253671.1)
                  0000c0ec    00000021     functions.o (.rodata.str1.16726128468901222387.1)
                  0000c10d    00000021     functions.o (.rodata.str1.17004305802620412261.1)
                  0000c12e    00000021     functions.o (.rodata.str1.17121790288170408763.1)
                  0000c14f    00000021     functions.o (.rodata.str1.17387986676834450725.1)
                  0000c170    00000021     functions.o (.rodata.str1.18169768820860067831.1)
                  0000c191    00000021     functions.o (.rodata.str1.2090819679678785128.1)
                  0000c1b2    00000021     functions.o (.rodata.str1.2216088936736676215.1)
                  0000c1d3    00000021     main.o (.rodata.str1.2256192789054937243.1)
                  0000c1f4    00000021     functions.o (.rodata.str1.2654337880733388962.1)
                  0000c215    00000021     functions.o (.rodata.str1.3098115528246613681.1)
                  0000c236    00000021     functions.o (.rodata.str1.3322434249706281543.1)
                  0000c257    00000021     functions.o (.rodata.str1.4531601087117612729.1)
                  0000c278    00000021     functions.o (.rodata.str1.455706336395187257.1)
                  0000c299    00000021     functions.o (.rodata.str1.812177498809953536.1)
                  0000c2ba    00000021     functions.o (.rodata.str1.8430466031500812981.1)
                  0000c2db    00000021     functions.o (.rodata.str1.8989266583668574770.1)
                  0000c2fc    00000020     functions.o (.rodata.str1.10387253022637546114.1)
                  0000c31c    00000020     functions.o (.rodata.str1.10514892771341585404.1)
                  0000c33c    00000020     functions.o (.rodata.str1.10868672936327135180.1)
                  0000c35c    00000020     functions.o (.rodata.str1.11488970495173820783.1)
                  0000c37c    00000020     functions.o (.rodata.str1.14247832736261690914.1)
                  0000c39c    00000020     functions.o (.rodata.str1.16499007181999684178.1)
                  0000c3bc    00000020     functions.o (.rodata.str1.16985884696085998545.1)
                  0000c3dc    00000020     functions.o (.rodata.str1.17524032667240931881.1)
                  0000c3fc    00000020     functions.o (.rodata.str1.17954340015018547257.1)
                  0000c41c    00000020     functions.o (.rodata.str1.1879081474855052955.1)
                  0000c43c    00000020     functions.o (.rodata.str1.2347775125427912132.1)
                  0000c45c    00000020     functions.o (.rodata.str1.2989574447005584482.1)
                  0000c47c    00000020     functions.o (.rodata.str1.4892436572911226530.1)
                  0000c49c    00000020     main.o (.rodata.str1.6976963560179378225.1)
                  0000c4bc    00000020     functions.o (.rodata.str1.9506313465773766142.1)
                  0000c4dc    0000001f     functions.o (.rodata.str1.10620974771816488631.1)
                  0000c4fb    0000001f     functions.o (.rodata.str1.10779513392166034331.1)
                  0000c51a    0000001f     functions.o (.rodata.str1.12716756795433194893.1)
                  0000c539    0000001f     ZDP323B.o (.rodata.str1.13908428614379841002.1)
                  0000c558    0000001f     main.o (.rodata.str1.16265332423659789559.1)
                  0000c577    0000001f     functions.o (.rodata.str1.2618360898605671341.1)
                  0000c596    0000001f     functions.o (.rodata.str1.3741468063811768988.1)
                  0000c5b5    0000001f     functions.o (.rodata.str1.391113973767205363.1)
                  0000c5d4    0000001f     functions.o (.rodata.str1.5445248913733296825.1)
                  0000c5f3    0000001f     functions.o (.rodata.str1.7261598007108977983.1)
                  0000c612    0000001f     functions.o (.rodata.str1.7667325258934765219.1)
                  0000c631    0000001f     functions.o (.rodata.str1.947937177233202452.1)
                  0000c650    0000001e     functions.o (.rodata.str1.11548324711019379123.1)
                  0000c66e    0000001e     functions.o (.rodata.str1.13258710136769708401.1)
                  0000c68c    0000001e     functions.o (.rodata.str1.15416425971347363818.1)
                  0000c6aa    0000001e     functions.o (.rodata.str1.17124744513834159004.1)
                  0000c6c8    0000001e     functions.o (.rodata.str1.2132137826339264873.1)
                  0000c6e6    0000001e     functions.o (.rodata.str1.2153166669032916089.1)
                  0000c704    0000001e     functions.o (.rodata.str1.8276779995786722914.1)
                  0000c722    0000001e     functions.o (.rodata.str1.9393216526452698668.1)
                  0000c740    0000001e     functions.o (.rodata.str1.9629253951102113371.1)
                  0000c75e    0000001d     functions.o (.rodata.str1.10029850049327752681.1)
                  0000c77b    0000001d     functions.o (.rodata.str1.12012936333037231797.1)
                  0000c798    0000001d     functions.o (.rodata.str1.12122565456592184258.1)
                  0000c7b5    0000001d     functions.o (.rodata.str1.1787322033648190911.1)
                  0000c7d2    0000001d     functions.o (.rodata.str1.3945811098438947860.1)
                  0000c7ef    0000001d     functions.o (.rodata.str1.67103668184455600.1)
                  0000c80c    0000001c     functions.o (.rodata.str1.11158820112163685190.1)
                  0000c828    0000001c     main.o (.rodata.str1.12180500075719773345.1)
                  0000c844    0000001c     functions.o (.rodata.str1.14504089057119714207.1)
                  0000c860    0000001c     functions.o (.rodata.str1.17112998893623131760.1)
                  0000c87c    0000001c     functions.o (.rodata.str1.17418132220924322792.1)
                  0000c898    0000001c     functions.o (.rodata.str1.2090735207208419621.1)
                  0000c8b4    0000001c     functions.o (.rodata.str1.638703247069904128.1)
                  0000c8d0    0000001c     functions.o (.rodata.str1.7162303493627050396.1)
                  0000c8ec    0000001c     functions.o (.rodata.str1.823074591787180899.1)
                  0000c908    0000001b     functions.o (.rodata.str1.12869987097872302101.1)
                  0000c923    0000001b     functions.o (.rodata.str1.13213250456124221025.1)
                  0000c93e    0000001b     functions.o (.rodata.str1.15241132200125037881.1)
                  0000c959    0000001b     functions.o (.rodata.str1.16937093305108365645.1)
                  0000c974    0000001b     functions.o (.rodata.str1.17669684748118727147.1)
                  0000c98f    0000001b     main.o (.rodata.str1.3530083166107438000.1)
                  0000c9aa    0000001b     functions.o (.rodata.str1.4198453541086758413.1)
                  0000c9c5    0000001b     functions.o (.rodata.str1.504123949362312185.1)
                  0000c9e0    0000001b     functions.o (.rodata.str1.6579945242302544448.1)
                  0000c9fb    0000001b     functions.o (.rodata.str1.6954128830300373732.1)
                  0000ca16    0000001b     functions.o (.rodata.str1.771275161403278999.1)
                  0000ca31    0000001b     functions.o (.rodata.str1.9586352787182320994.1)
                  0000ca4c    0000001a     functions.o (.rodata.str1.10394495994740858438.1)
                  0000ca66    0000001a     functions.o (.rodata.str1.10821967500945095815.1)
                  0000ca80    0000001a     functions.o (.rodata.str1.11584461607463951922.1)
                  0000ca9a    0000001a     functions.o (.rodata.str1.11621569494667626893.1)
                  0000cab4    0000001a     functions.o (.rodata.str1.12609848238114409581.1)
                  0000cace    0000001a     functions.o (.rodata.str1.13060549876486072544.1)
                  0000cae8    0000001a     functions.o (.rodata.str1.15914577833492633752.1)
                  0000cb02    0000001a     functions.o (.rodata.str1.2423760133235791839.1)
                  0000cb1c    0000001a     functions.o (.rodata.str1.2872345601479061820.1)
                  0000cb36    0000001a     main.o (.rodata.str1.7996925722583989644.1)
                  0000cb50    0000001a     functions.o (.rodata.str1.976629323795015702.1)
                  0000cb6a    0000001a     functions.o (.rodata.str1.9987864939932165754.1)
                  0000cb84    00000019     functions.o (.rodata.str1.15581223450256929385.1)
                  0000cb9d    00000019     main.o (.rodata.str1.16302215771116645891.1)
                  0000cbb6    00000019     functions.o (.rodata.str1.2006883888705870762.1)
                  0000cbcf    00000019     functions.o (.rodata.str1.6934290517616500964.1)
                  0000cbe8    00000019     functions.o (.rodata.str1.7293844269889091573.1)
                  0000cc01    00000019     functions.o (.rodata.str1.9504405780896684869.1)
                  0000cc1a    00000002     ti_msp_dl_config.o (.rodata.gI2C_0ClockConfig)
                  0000cc1c    00000018     BoardAPI.o (.rodata._pwm_outputs)
                  0000cc34    00000018     ti_msp_dl_config.o (.rodata.gDMA_CH0Config)
                  0000cc4c    00000018     ti_msp_dl_config.o (.rodata.gDMA_CH1Config)
                  0000cc64    00000018     ti_msp_dl_config.o (.rodata.gDMA_CH2Config)
                  0000cc7c    00000018     ti_msp_dl_config.o (.rodata.gDMA_CH3Config)
                  0000cc94    00000018     ZDP323B.o (.rodata.str1.13872368284913790327.1)
                  0000ccac    00000018     functions.o (.rodata.str1.14826907694073300720.1)
                  0000ccc4    00000018     functions.o (.rodata.str1.15647711897633472048.1)
                  0000ccdc    00000018     functions.o (.rodata.str1.3293202025561435839.1)
                  0000ccf4    00000018     functions.o (.rodata.str1.3544098629501009633.1)
                  0000cd0c    00000018     functions.o (.rodata.str1.3687520451400334805.1)
                  0000cd24    00000018     functions.o (.rodata.str1.4307635291288551838.1)
                  0000cd3c    00000018     functions.o (.rodata.str1.5556253844797924259.1)
                  0000cd54    00000018     main.o (.rodata.str1.8154729771448623357.1)
                  0000cd6c    00000017     main.o (.rodata.str1.10003710380724733530.1)
                  0000cd83    00000017     functions.o (.rodata.str1.11087625087312282266.1)
                  0000cd9a    00000017     functions.o (.rodata.str1.1121117191475404019.1)
                  0000cdb1    00000017     functions.o (.rodata.str1.13497160822588500659.1)
                  0000cdc8    00000017     functions.o (.rodata.str1.15981603964029308583.1)
                  0000cddf    00000017     main.o (.rodata.str1.16856034117330037696.1)
                  0000cdf6    00000017     functions.o (.rodata.str1.17162129685140799346.1)
                  0000ce0d    00000017     functions.o (.rodata.str1.17500777133379660036.1)
                  0000ce24    00000017     functions.o (.rodata.str1.1798579838546719175.1)
                  0000ce3b    00000017     functions.o (.rodata.str1.18319551690001788249.1)
                  0000ce52    00000017     main.o (.rodata.str1.2255554096259913709.1)
                  0000ce69    00000017     functions.o (.rodata.str1.3107984650851015417.1)
                  0000ce80    00000017     functions.o (.rodata.str1.4144252613811081812.1)
                  0000ce97    00000017     main.o (.rodata.str1.489408286258209761.1)
                  0000ceae    00000017     functions.o (.rodata.str1.5896414462293131170.1)
                  0000cec5    00000017     functions.o (.rodata.str1.7276749916342729794.1)
                  0000cedc    00000017     functions.o (.rodata.str1.8683587540435544184.1)
                  0000cef3    00000016     functions.o (.rodata.str1.13750405472340812261.1)
                  0000cf09    00000016     functions.o (.rodata.str1.14296218639596138037.1)
                  0000cf1f    00000016     functions.o (.rodata.str1.14626576299884526934.1)
                  0000cf35    00000016     functions.o (.rodata.str1.1463293767001829125.1)
                  0000cf4b    00000016     uart.o (.rodata.str1.15503172443992438641.1)
                  0000cf61    00000016     functions.o (.rodata.str1.16113805747440866019.1)
                  0000cf77    00000016     functions.o (.rodata.str1.17016031596792030868.1)
                  0000cf8d    00000016     functions.o (.rodata.str1.1912318065655334061.1)
                  0000cfa3    00000016     functions.o (.rodata.str1.5117621188084071403.1)
                  0000cfb9    00000016     RAK3172.o (.rodata.str1.6449940769916495429.1)
                  0000cfcf    00000016     main.o (.rodata.str1.8096991282711418442.1)
                  0000cfe5    00000015     functions.o (.rodata.str1.11457859038367029433.1)
                  0000cffa    00000015     main.o (.rodata.str1.1311392489248731986.1)
                  0000d00f    00000015     functions.o (.rodata.str1.13291850131445628085.1)
                  0000d024    00000015     functions.o (.rodata.str1.13318008327193210645.1)
                  0000d039    00000015     functions.o (.rodata.str1.14079700471513303319.1)
                  0000d04e    00000015     RAK3172.o (.rodata.str1.14479525610857906957.1)
                  0000d063    00000015     functions.o (.rodata.str1.14779408147115502373.1)
                  0000d078    00000015     functions.o (.rodata.str1.16344480386849582482.1)
                  0000d08d    00000015     functions.o (.rodata.str1.17171889877841249491.1)
                  0000d0a2    00000015     functions.o (.rodata.str1.18285776561876861988.1)
                  0000d0b7    00000015     functions.o (.rodata.str1.5514502381961403268.1)
                  0000d0cc    00000015     functions.o (.rodata.str1.6275033222440079959.1)
                  0000d0e1    00000015     functions.o (.rodata.str1.7987950595137088371.1)
                  0000d0f6    00000015     functions.o (.rodata.str1.8058481654977393815.1)
                  0000d10b    00000015     uart.o (.rodata.str1.8171864734171609186.1)
                  0000d120    00000014     functions.o (.rodata.str1.13052596014025790475.1)
                  0000d134    00000014     functions.o (.rodata.str1.16059144329163883794.1)
                  0000d148    00000014     functions.o (.rodata.str1.4910338030008278487.1)
                  0000d15c    00000014     functions.o (.rodata.str1.5905555877690922764.1)
                  0000d170    00000014     functions.o (.rodata.str1.7324634916810494498.1)
                  0000d184    00000014     main.o (.rodata.str1.7784929982665794503.1)
                  0000d198    00000014     functions.o (.rodata.str1.9182000268108421340.1)
                  0000d1ac    00000014     functions.o (.rodata.str1.9955790773425000222.1)
                  0000d1c0    00000013     RAK3172.o (.rodata.str1.1487736462859196529.1)
                  0000d1d3    00000013     functions.o (.rodata.str1.17622889657162422067.1)
                  0000d1e6    00000013     functions.o (.rodata.str1.204082772225115829.1)
                  0000d1f9    00000013     RAK3172.o (.rodata.str1.24814282407215182.1)
                  0000d20c    00000013     functions.o (.rodata.str1.3818782532712895722.1)
                  0000d21f    00000013     functions.o (.rodata.str1.5293785561432609074.1)
                  0000d232    00000013     functions.o (.rodata.str1.5672502669058196221.1)
                  0000d245    00000012     main.o (.rodata.str1.11321157723316767883.1)
                  0000d257    00000012     functions.o (.rodata.str1.11391304066098951517.1)
                  0000d269    00000012     RAK3172.o (.rodata.str1.14262890786185017876.1)
                  0000d27b    00000012     main.o (.rodata.str1.4829115146054326934.1)
                  0000d28d    00000012     main.o (.rodata.str1.6689794204546696417.1)
                  0000d29f    00000011     libc.a : _printfi.c.obj (.rodata.str1.10348868589481759720.1)
                  0000d2b0    00000011     functions.o (.rodata.str1.15082562741968675383.1)
                  0000d2c1    00000011     libc.a : _printfi.c.obj (.rodata.str1.15363888844622738466.1)
                  0000d2d2    00000011     main.o (.rodata.str1.17770841602246103764.1)
                  0000d2e3    00000011     main.o (.rodata.str1.2597068879322958637.1)
                  0000d2f4    00000011     main.o (.rodata.str1.2624144126699937905.1)
                  0000d305    00000011     main.o (.rodata.str1.403738606202455663.1)
                  0000d316    00000011     main.o (.rodata.str1.625103348304617710.1)
                  0000d327    00000011     functions.o (.rodata.str1.8855207564147674068.1)
                  0000d338    00000010     functions.o (.rodata.str1.12247701732483370762.1)
                  0000d348    0000000f     functions.o (.rodata.str1.18426002669572504042.1)
                  0000d357    0000000f     functions.o (.rodata.str1.2372479248998020874.1)
                  0000d366    0000000f     functions.o (.rodata.str1.6405428687533244608.1)
                  0000d375    0000000f     functions.o (.rodata.str1.7684438339927393593.1)
                  0000d384    0000000e     main.o (.rodata.str1.11822182024223342093.1)
                  0000d392    0000000e     functions.o (.rodata.str1.3274426514815924028.1)
                  0000d3a0    0000000e     RAK3172.o (.rodata.str1.3379378337854271095.1)
                  0000d3ae    0000000e     functions.o (.rodata.str1.6433388484108913441.1)
                  0000d3bc    0000000e     functions.o (.rodata.str1.6551616409717788252.1)
                  0000d3ca    0000000d     functions.o (.rodata.str1.14249227603012650231.1)
                  0000d3d7    0000000d     functions.o (.rodata.str1.17314209706061556526.1)
                  0000d3e4    0000000d     RAK3172.o (.rodata.str1.1968888313200872450.1)
                  0000d3f1    0000000d     main.o (.rodata.str1.8828068777338075035.1)
                  0000d3fe    0000000c     main.o (.rodata.str1.10224226614597680209.1)
                  0000d40a    0000000c     functions.o (.rodata.str1.12082073636076449582.1)
                  0000d416    0000000c     functions.o (.rodata.str1.12649739183381639352.1)
                  0000d422    0000000c     functions.o (.rodata.str1.2128294674425382420.1)
                  0000d42e    0000000b     main.o (.rodata.str1.18092426736022315238.1)
                  0000d439    0000000b     functions.o (.rodata.str1.4040450050525152614.1)
                  0000d444    0000000b     functions.o (.rodata.str1.6500671132244866452.1)
                  0000d44f    0000000b     RAK3172.o (.rodata.str1.7199972899484323784.1)
                  0000d45a    0000000a     ti_msp_dl_config.o (.rodata.gMCU_UART_1Config)
                  0000d464    0000000a     ti_msp_dl_config.o (.rodata.gSPI_0_config)
                  0000d46e    0000000a     ti_msp_dl_config.o (.rodata.gSPI_1_config)
                  0000d478    0000000a     ti_msp_dl_config.o (.rodata.gUART_0Config)
                  0000d482    0000000a     functions.o (.rodata.str1.12114497968925858118.1)
                  0000d48c    0000000a     functions.o (.rodata.str1.1518209179495633459.1)
                  0000d496    0000000a     main.o (.rodata.str1.288608917962107522.1)
                  0000d4a0    0000000a     main.o (.rodata.str1.4787932902692149498.1)
                  0000d4aa    0000000a     functions.o (.rodata.str1.6736404338818286726.1)
                  0000d4b4    0000000a     functions.o (.rodata.str1.6783150972682750781.1)
                  0000d4be    0000000a     functions.o (.rodata.str1.9659379646541333203.1)
                  0000d4c8    0000000a     functions.o (.rodata.str1.9866892624350641238.1)
                  0000d4d2    00000009     main.o (.rodata.str1.10720410773482754683.1)
                  0000d4db    00000009     functions.o (.rodata.str1.11364996628600094536.1)
                  0000d4e4    00000009     main.o (.rodata.str1.11777244287787065045.1)
                  0000d4ed    00000009     functions.o (.rodata.str1.12257129677820421622.1)
                  0000d4f6    00000009     functions.o (.rodata.str1.13225435875195226696.1)
                  0000d4ff    00000009     main.o (.rodata.str1.14032527501195285070.1)
                  0000d508    00000009     main.o (.rodata.str1.1928638051441818890.1)
                  0000d511    00000009     uart.o (.rodata.str1.2747995240747259486.1)
                  0000d51a    00000009     functions.o (.rodata.str1.5320122413559821118.1)
                  0000d523    00000009     functions.o (.rodata.str1.5699953771227312792.1)
                  0000d52c    00000009     functions.o (.rodata.str1.6743441520423956273.1)
                  0000d535    00000003     ti_msp_dl_config.o (.rodata.gBOOST_CONTROLClockConfig)
                  0000d538    00000008     ti_msp_dl_config.o (.rodata.gBOOST_CONTROLConfig)
                  0000d540    00000008     ti_msp_dl_config.o (.rodata.gFLASH_CONTROLConfig)
                  0000d548    00000008     functions.o (.rodata.str1.11093425900794288272.1)
                  0000d550    00000008     functions.o (.rodata.str1.11517924573668616356.1)
                  0000d558    00000008     functions.o (.rodata.str1.12716370140545181522.1)
                  0000d560    00000008     functions.o (.rodata.str1.14464870060864390341.1)
                  0000d568    00000008     main.o (.rodata.str1.14466178792657420020.1)
                  0000d570    00000008     functions.o (.rodata.str1.15633490976573669152.1)
                  0000d578    00000008     functions.o (.rodata.str1.15667472894159448674.1)
                  0000d580    00000008     functions.o (.rodata.str1.15927518266867229498.1)
                  0000d588    00000008     functions.o (.rodata.str1.16386345573460399209.1)
                  0000d590    00000008     main.o (.rodata.str1.16709704744796600189.1)
                  0000d598    00000008     functions.o (.rodata.str1.16929425599360063401.1)
                  0000d5a0    00000008     functions.o (.rodata.str1.2299744636238869032.1)
                  0000d5a8    00000008     main.o (.rodata.str1.2846389346932560359.1)
                  0000d5b0    00000008     functions.o (.rodata.str1.3156050197955811031.1)
                  0000d5b8    00000008     functions.o (.rodata.str1.6886749528440134913.1)
                  0000d5c0    00000008     functions.o (.rodata.str1.7162077660410253316.1)
                  0000d5c8    00000008     main.o (.rodata.str1.8320541211001259012.1)
                  0000d5d0    00000007     functions.o (.rodata.str1.14125585639945481457.1)
                  0000d5d7    00000007     functions.o (.rodata.str1.15074034281527865494.1)
                  0000d5de    00000007     functions.o (.rodata.str1.16429985753972473886.1)
                  0000d5e5    00000007     functions.o (.rodata.str1.17588442350683572369.1)
                  0000d5ec    00000007     functions.o (.rodata.str1.18157200286260056646.1)
                  0000d5f3    00000007     functions.o (.rodata.str1.2576872358145254110.1)
                  0000d5fa    00000007     functions.o (.rodata.str1.2606492479815574346.1)
                  0000d601    00000007     RAK3172.o (.rodata.str1.2864539900761302690.1)
                  0000d608    00000007     functions.o (.rodata.str1.3123360382440319361.1)
                  0000d60f    00000007     RAK3172.o (.rodata.str1.4679612622393292609.1)
                  0000d616    00000007     main.o (.rodata.str1.5630281060179367396.1)
                  0000d61d    00000007     functions.o (.rodata.str1.8531227236847774710.1)
                  0000d624    00000006     functions.o (.rodata.str1.10146554888887806956.1)
                  0000d62a    00000006     functions.o (.rodata.str1.11538060877586311343.1)
                  0000d630    00000006     functions.o (.rodata.str1.11655743873260979083.1)
                  0000d636    00000006     functions.o (.rodata.str1.12410864860910897959.1)
                  0000d63c    00000006     RAK3172.o (.rodata.str1.15911937215791851105.1)
                  0000d642    00000006     functions.o (.rodata.str1.16699442666505370998.1)
                  0000d648    00000006     functions.o (.rodata.str1.17144429639171527548.1)
                  0000d64e    00000006     main.o (.rodata.str1.3292798375424520613.1)
                  0000d654    00000006     functions.o (.rodata.str1.389011575781332116.1)
                  0000d65a    00000006     RAK3172.o (.rodata.str1.4152852479021548292.1)
                  0000d660    00000006     functions.o (.rodata.str1.4959705119256106851.1)
                  0000d666    00000006     functions.o (.rodata.str1.5942940260138002656.1)
                  0000d66c    00000006     main.o (.rodata.str1.8108965883388295311.1)
                  0000d672    00000005     functions.o (.rodata.str1.11900037607746946141.1)
                  0000d677    00000005     RAK3172.o (.rodata.str1.12259908581070838403.1)
                  0000d67c    00000005     functions.o (.rodata.str1.13183419841694627606.1)
                  0000d681    00000005     functions.o (.rodata.str1.14496393926573069083.1)
                  0000d686    00000005     main.o (.rodata.str1.15159059442110792349.1)
                  0000d68b    00000005     functions.o (.rodata.str1.16757203657686794125.1)
                  0000d690    00000005     main.o (.rodata.str1.2563708670032483588.1)
                  0000d695    00000005     functions.o (.rodata.str1.2957129483359387701.1)
                  0000d69a    00000005     functions.o (.rodata.str1.3066531604708884151.1)
                  0000d69f    00000005     RAK3172.o (.rodata.str1.3162346611571411104.1)
                  0000d6a4    00000005     functions.o (.rodata.str1.3172367308849033862.1)
                  0000d6a9    00000005     functions.o (.rodata.str1.4214633535407782609.1)
                  0000d6ae    00000005     functions.o (.rodata.str1.502354497711140047.1)
                  0000d6b3    00000005     main.o (.rodata.str1.7702501944640899365.1)
                  0000d6b8    00000005     functions.o (.rodata.str1.8025679848303759470.1)
                  0000d6bd    00000005     main.o (.rodata.str1.8076846746581808073.1)
                  0000d6c2    00000005     functions.o (.rodata.str1.8113497073403762318.1)
                  0000d6c7    00000004     main.o (.rodata.str1.10635229749459437609.1)
                  0000d6cb    00000004     functions.o (.rodata.str1.11296493460036947760.1)
                  0000d6cf    00000004     functions.o (.rodata.str1.12871985577256932554.1)
                  0000d6d3    00000004     main.o (.rodata.str1.13288086030101331538.1)
                  0000d6d7    00000004     RAK3172.o (.rodata.str1.16764240914860288288.1)
                  0000d6db    00000004     functions.o (.rodata.str1.16977936627528246064.1)
                  0000d6df    00000004     main.o (.rodata.str1.17045314124001216156.1)
                  0000d6e3    00000004     main.o (.rodata.str1.17100691992556644108.1)
                  0000d6e7    00000004     main.o (.rodata.str1.17376258722486336754.1)
                  0000d6eb    00000004     main.o (.rodata.str1.2123964117280943167.1)
                  0000d6ef    00000004     main.o (.rodata.str1.2763581881760962609.1)
                  0000d6f3    00000004     functions.o (.rodata.str1.3121139948745544124.1)
                  0000d6f7    00000004     RAK3172.o (.rodata.str1.340538713084712685.1)
                  0000d6fb    00000004     functions.o (.rodata.str1.4561657886204501224.1)
                  0000d6ff    00000004     functions.o (.rodata.str1.4930741957133989383.1)
                  0000d703    00000004     functions.o (.rodata.str1.510390108933456549.1)
                  0000d707    00000004     functions.o (.rodata.str1.62749256631814321.1)
                  0000d70b    00000004     main.o (.rodata.str1.6891813955777630061.1)
                  0000d70f    00000004     RAK3172.o (.rodata.str1.7051730511231219024.1)
                  0000d713    00000004     functions.o (.rodata.str1.9119127971185803168.1)
                  0000d717    00000003     ti_msp_dl_config.o (.rodata.gFLASH_CONTROLClockConfig)
                  0000d71a    00000003     RAK3172.o (.rodata.str1.10028879068347983061.1)
                  0000d71d    00000003     RAK3172.o (.rodata.str1.11377292495379983061.1)
                  0000d720    00000003     RAK3172.o (.rodata.str1.11543366406793681780.1)
                  0000d723    00000003     uart.o (.rodata.str1.12819099410943012003.1)
                  0000d726    00000003     functions.o (.rodata.str1.13554695696533425351.1)
                  0000d729    00000003     functions.o (.rodata.str1.15412236193038458078.1)
                  0000d72c    00000003     main.o (.rodata.str1.15996357275703397564.1)
                  0000d72f    00000003     RAK3172.o (.rodata.str1.5699556646570721219.1)
                  0000d732    00000003     functions.o (.rodata.str1.7108839738911806945.1)
                  0000d735    00000002     ti_msp_dl_config.o (.rodata.gI2C_1ClockConfig)
                  0000d737    00000002     ti_msp_dl_config.o (.rodata.gMCU_UART_1ClockConfig)
                  0000d739    00000002     ti_msp_dl_config.o (.rodata.gSPI_0_clockConfig)
                  0000d73b    00000002     ti_msp_dl_config.o (.rodata.gSPI_1_clockConfig)
                  0000d73d    00000002     ti_msp_dl_config.o (.rodata.gUART_0ClockConfig)
[...]
00003d09  cmd_pwr                         
000025fd  cmd_rak                         
000039b5  cmd_spi                         
20200c1d  data_received                   
00009ee9  disable_led_boost               
20200b66  duty_cycles_led                 
00009efd  enable_led_boost                
202006a0  expectedRxMessage               
0000678d  floorf                          
20200684  fram                            
2020063c  framSpi                         
00007b9d  frexp                           
00007b9d  frexpl                          
202003f0  gBOOST_CONTROLBackup            
202004ac  gFLASH_CONTROLBackup            
2020069c  gI2cControllerStatus            
20200bf4  gLIS3DH                         
20200be8  gLTR329                         
20200678  gPIR                            
2020068c  gRxCount                        
20200690  gRxLen                          
202005f8  gRxPacket                       
202005a8  gSPI_0Backup                    
202005d0  gSPI_1Backup                    
20200000  gSPI_RxPacket                   
202008a0  gSPI_TxPacket                   
20200694  gTxCount                        
20200698  gTxLen                          
2020061a  gTxPacket                       
20200c1f  g_pir_interrupt_enabled         
00009531  gauge_address                   
000090a1  gauge_cmd_read                  
20200c20  gauge_monitor_active            
00006ec5  gauge_read                      
00006f35  gauge_write                     
000090cd  get_UART_buffer                 
20200c18  global_led_voltage              
20200c21  hall_monitor_active             
000094a5  i2c_init                        
00000000  interruptVectors                
00005b11  ldexp                           
00005b11  ldexpl                          
20200c08  led_channel                     
20200c22  lis_monitor_active              
20200c23  ltr_monitor_active              
00001335  main                            
000094ed  memccpy                         
20200c0c  monitor_rate                    
20200aa0  output_currents_led_mA          
20200c24  pir_monitor_active              
00008865  printToUART                     
000071b5  roundf                          
00005b11  scalbn                          
00005b11  scalbnl                         
000074dd  set_pwm_duty_cycle              
00004649  setupCLI                        
2020065c  stm32Spi                        
00009f25  strchr                          
00006821  strcmp                          
0000a18b  strcpy                          
000094c9  strcspn                         
000090f9  strncpy                         
000093ed  strspn                          
00008cad  strstr                          
000086d5  strtok                          
0000414d  strtol                          
00009591  uart_init                       
00007541  uart_printf                     
000088a5  vsnprintf                       
0000a141  wcslen                          


GLOBAL SYMBOLS: SORTED BY Symbol Address 

address   name                            
-------   ----                            
00000000  __TI_ATRegion0_region_sz        
00000000  __TI_ATRegion0_src_addr         
00000000  __TI_ATRegion0_trg_addr         
00000000  __TI_ATRegion1_region_sz        
00000000  __TI_ATRegion1_src_addr         
00000000  __TI_ATRegion1_trg_addr         
00000000  __TI_ATRegion2_region_sz        
00000000  __TI_ATRegion2_src_addr         
00000000  __TI_ATRegion2_trg_addr         
00000000  __TI_static_base__              
00000000  interruptVectors                
000000c1  __TI_printfi                    
00000200  __STACK_SIZE                    
00000a91  cmd_gauge                       
00001335  main                            
00001989  cmd_fram                        
00001e9d  cmd_bq                          
000022c1  cmd_pir                         
000025fd  cmd_rak                         
00002921  cmd_lis                         
00002b69  SYSCFG_DL_GPIO_init             
00002da5  cmd_ltr                         
000031f9  ZDP323B_Init                    
0000340d  cmd_leds                        
000037ed  I2C_ReadDevice                  
000039b5  cmd_spi                         
00003b75  __aeabi_dsub                    
00003b75  __subdf3                        
00003b7f  __adddf3                        
00003b7f  __aeabi_dadd                    
00003d07  __aeabi_idiv0                   
00003d09  cmd_pwr                         
00003e8d  LTR329_CalculateLux             
00003ffd  BQ27Z746_SetTempSensorConfig    
0000414d  strtol                          
00004291  BQ27Z746_SetUTFET_Direct        
000043d1  I2C_WriteDevice                 
00004649  setupCLI                        
000048a1  BQ27Z746_MAC_Read               
000049b9  MB85RS_Read                     
00004ac9  Shared_I2C_IRQHandler           
00004bd5  __aeabi_ddiv                    
00004bd5  __divdf3                        
00004ce1  BQ25628E_UpdateTelemetry        
00004de9  cmd_hall                        
00004ef1  DL_Timer_initFourCCPWMMode      
00004ff5  I2C_TryAddress10                
000050f9  ZDP323B_WriteConfig             
000051fd  ZDP323B_ReadPeakHold            
000052f9  I2C_TryAddress                  
000053f1  MB85RS_Write                    
000055d1  cmd_i2cscan10                   
000056b9  __aeabi_dmul                    
000056b9  __muldf3                        
0000579d  cmd_i2cscan                     
00005961  BQ27Z746_Unseal                 
00005a39  CLI_ProcessInput                
00005b11  ldexp                           
00005b11  ldexpl                          
00005b11  scalbn                          
00005b11  scalbnl                         
00005be9  __aeabi_fsub                    
00005be9  __subsf3                        
00005bf3  __addsf3                        
00005bf3  __aeabi_fadd                    
00005cc1  LIS3DH_ReadMg                   
00005d91  SYSCFG_DL_initPower             
00005e55  LIS3DH_Init                     
00005f09  UARTReceive                     
00005fbd  MB85RS_ReadID                   
0000606d  RAK3172_UART_Handler            
0000611d  RAK3172_WaitForResponse         
000061cd  __udivmoddi4                    
0000626f  __aeabi_ldiv0                   
00006271  BQ27Z746_UpdateTelemetry        
0000630d  LTR329_Init                     
00006441  MB85RS_ReadStatus               
000064d1  LIS3DH_SetRange                 
0000655d  SPI1_IRQHandler                 
000065e9  SPI_Controller_Arm              
00006675  SYSCFG_DL_BOOST_CONTROL_init    
00006701  __aeabi_fmul                    
00006701  __mulsf3                        
0000678d  floorf                          
00006819  RAK3172_GetLastResponse         
00006821  strcmp                          
000068a9  __aeabi_fdiv                    
000068a9  __divsf3                        
00006a2d  __TI_decompress_lzss            
00006b25  LIS3DH_ReadRaw                  
00006b9d  SYSCFG_DL_FLASH_CONTROL_init    
00006c15  BQ27Z746_GetTempConfig          
00006c89  __gedf2                         
00006c89  __gtdf2                         
00006d71  SPI_Memory_Arm                  
00006de5  CLI_Tokenize                    
00006e55  LED_set_current                 
00006ec5  gauge_read                      
00006f35  gauge_write                     
00006fa5  LTR329_ReadData                 
00007011  BQ27Z746_GetFETOptions          
0000707b  MB85RS_Init                     
000070e5  __cmpdf2                        
000070e5  __eqdf2                         
000070e5  __ledf2                         
000070e5  __ltdf2                         
000070e5  __nedf2                         
000071b5  roundf                          
00007285  BQ25628E_Set_VINDPM_mV          
000072e9  LED_set_voltage                 
0000734d  LTR329_SetGain                  
000073b1  PIR_interrupt                   
00007415  SYSCFG_DL_I2C_0_init            
00007479  SYSCFG_DL_I2C_1_init            
000074dd  set_pwm_duty_cycle              
00007541  uart_printf                     
000075a5  BQ27Z746_EnsureUnsealed         
00007607  BQ27Z746_GetOperationStatus     
00007669  BQ27Z746_GetSafetyStatus        
000076cd  __aeabi_dcmpeq                  
000076e1  __aeabi_dcmplt                  
000076f5  __aeabi_dcmple                  
00007709  __aeabi_dcmpge                  
0000771d  __aeabi_dcmpgt                  
00007731  __aeabi_fcmpeq                  
00007745  __aeabi_fcmplt                  
00007759  __aeabi_fcmple                  
0000776d  __aeabi_fcmpge                  
00007781  __aeabi_fcmpgt                  
000077f5  BQ25628E_Set_VREG_mV            
00007855  BQ25628E_Set_VSYSMIN_mV         
000078b5  SPI_Memory_Init                 
00007915  BQ27Z746_GetChargingStatus      
00007973  DL_I2C_fillControllerTXFIFO     
000079d1  CLI_RegisterCommand             
00007a2d  RAK3172_Init                    
00007a89  RAK3172_SendCommand             
00007ae5  SPI_Controller_Init             
00007b41  SYSCFG_DL_init                  
00007b9d  frexp                           
00007b9d  frexpl                          
00007bf9  BQ27Z746_Seal                   
00007c55  BQ25628E_Set_ICHG_mA            
00007cad  BQ25628E_Set_IINDPM_mA          
00007d05  GROUP1_IRQHandler               
00007d5d  SPI_Memory_IRQHandler           
00007db5  SYSCFG_DL_SPI_0_init            
00007e0d  SYSCFG_DL_SPI_1_init            
00007e65  __TI_ltoa                       
00007f15  BQ27Z746_GetChemID              
00007f6b  BQ27Z746_GetDeviceType          
00007fc1  BQ27Z746_GetFirmwareVersion     
00008019  __aeabi_idiv                    
00008019  __aeabi_idivmod                 
000080c5  ZDP323B_BuildConfigBytes        
00008169  BQ25628E_Init_Default           
000081b9  BQ25628E_UpdateBits8            
000082f9  cmd_help                        
00008399  BQ27Z746_GetSecurityMode        
000083e5  BQ27Z746_Init                   
00008431  DL_DMA_initChannel              
00008515  LED_flash_start                 
00008561  SPI_Memory_Wait                 
000085ad  SYSCFG_DL_MCU_UART_1_init       
000085f9  __aeabi_d2iz                    
000085f9  __fixdfsi                       
00008645  DL_UART_init                    
0000868d  SYSCFG_DL_UART_0_init           
000086d5  strtok                          
0000871d  DL_SPI_init                     
00008761  PIR_Interrupt_ResumeAfterI2C    
000087a5  __aeabi_uidiv                   
000087a5  __aeabi_uidivmod                
000087e5  __aeabi_f2d                     
000087e5  __extendsfdf2                   
00008825  atoi                            
00008865  printToUART                     
000088a5  vsnprintf                       
00008925  DL_I2C_flushControllerTXFIFO    
0000899d  __aeabi_i2f                     
0000899d  __floatsisf                     
000089d9  __gesf2                         
000089d9  __gtsf2                         
00008a15  __TI_auto_init_nobinit_nopinit  
00008a51  __cmpsf2                        
00008a51  __eqsf2                         
00008a51  __lesf2                         
00008a51  __ltsf2                         
00008a51  __nesf2                         
00008a8d  __muldsi3                       
00008b01  RAK3172_Reset                   
00008b39  __aeabi_f2iz                    
00008b39  __fixsfsi                       
00008ba9  BQ25628E_ReadReg16              
00008bdd  PIR_Interrupt_PauseForI2C       
00008c11  RAK3172_SetPower                
00008cad  strstr                          
00008ce1  BQ25628E_WriteReg16             
00008d71  DL_I2C_flushControllerRXFIFO    
00008dd1  DL_UART_transmitDataBlocking    
00008e61  SYSCFG_DL_SYSCTL_init           
00008e91  BQ25628E_ReadReg8               
00009075  __aeabi_i2d                     
00009075  __floatsidf                     
000090a1  gauge_cmd_read                  
000090cd  get_UART_buffer                 
000090f9  strncpy                         
00009125  BQ25628E_Set_TS_Ignore          
0000914d  BQ27Z746_MAC_Send               
00009305  __aeabi_ui2f                    
00009305  __floatunsisf                   
0000932d  _c_int00_noargs                 
000093c7  DL_I2C_setClockConfig           
000093ed  strspn                          
00009415  BQ25628E_WriteReg8              
0000945d  LED_control_init                
00009481  __aeabi_lmul                    
00009481  __muldi3                        
000094a5  i2c_init                        
000094c9  strcspn                         
000094ed  memccpy                         
00009531  gauge_address                   
00009591  uart_init                       
000095d1  __aeabi_llsl                    
000095d1  __ashldi3                       
0000983d  DL_Timer_setCaptCompUpdateMethod
00009859  DL_Timer_setClockConfig         
000098c9  UART0_IRQHandler                
00009b55  DL_Timer_setCaptureCompareOutCtl
00009bfd  SYSCFG_DL_DMA_CH0_init          
00009c15  SYSCFG_DL_DMA_CH1_init          
00009c2d  SYSCFG_DL_DMA_CH2_init          
00009c45  SYSCFG_DL_DMA_CH3_init          
00009c75  BQ27Z746_ReadInternalTemp_C     
00009c8b  BQ27Z746_ReadTemperature_C      
00009ccd  BQ27Z746_ReadAvgCurrent_mA      
00009ce1  BQ27Z746_ReadAvgPower_mW        
00009cf5  BQ27Z746_ReadCurrent_mA         
00009d09  BQ27Z746_ReadSOC_pct            
00009d1d  BQ27Z746_ReadStateOfHealth_pct  
00009d31  BQ27Z746_UseInternalTempOnly    
00009e99  SPI_Memory_CS_Assert            
00009ead  SPI_Memory_CS_Deassert          
00009ec1  SYSCFG_DL_DMA_init              
00009ed5  __aeabi_uldivmod                
00009ee9  disable_led_boost               
00009efd  enable_led_boost                
00009f25  strchr                          
00009f39  BQ27Z746_ReadBatteryStatus      
00009f4b  BQ27Z746_ReadCycleCount         
00009f5d  BQ27Z746_ReadFullChargeCap_mAh  
00009f6f  BQ27Z746_ReadRemainingCap_mAh   
00009f81  BQ27Z746_ReadTimeToEmpty_min    
00009f93  BQ27Z746_ReadTimeToFull_min     
00009fa5  BQ27Z746_ReadVoltage_mV         
00009fff  DL_SPI_setClockConfig           
0000a035  DL_UART_setClockConfig          
0000a07d  TI_memcpy_small                 
0000a08f  __TI_decompress_none            
0000a0a1  BQ27Z746_IsDischarging          
0000a0b1  BQ27Z746_IsFullyCharged         
0000a0c1  BQ27Z746_IsFullyDischarged      
0000a0e1  DL_Timer_setCaptureCompareValue 
0000a0f1  I2C0_IRQHandler                 
0000a101  I2C1_IRQHandler                 
0000a111  LED_flash_stop                  
0000a121  LED_get_current                 
0000a131  SPI0_IRQHandler                 
0000a141  wcslen                          
0000a151  __TI_zero_init                  
0000a161  BQ25628E_Disable_Watchdog       
0000a16f  BQ25628E_Set_PeakDischarge_6A   
0000a17d  __aeabi_memset                  
0000a17d  __aeabi_memset4                 
0000a17d  __aeabi_memset8                 
0000a18b  strcpy                          
0000a1a7  TI_memset_small                 
0000a1b5  BQ25628E_Get_IBAT_mA            
0000a1c1  BQ25628E_Get_IBUS_mA            
0000a1cd  BQ25628E_Get_VBAT_mV            
0000a1d9  BQ25628E_Get_VBUS_mV            
0000a1e5  BQ25628E_Get_VSYS_mV            
0000a1f1  BQ27Z746_Get_AvgCurrent_mA      
0000a1fd  BQ27Z746_Get_AvgPower_mW        
0000a209  BQ27Z746_Get_BatteryStatus      
0000a215  BQ27Z746_Get_Current_mA         
0000a221  BQ27Z746_Get_CycleCount         
0000a22d  BQ27Z746_Get_FullChargeCap_mAh  
0000a239  BQ27Z746_Get_InternalTemp_C     
0000a245  BQ27Z746_Get_RemainingCap_mAh   
0000a251  BQ27Z746_Get_SOC_pct            
0000a25d  BQ27Z746_Get_StateOfHealth_pct  
0000a269  BQ27Z746_Get_Temperature_C      
0000a275  BQ27Z746_Get_TimeToEmpty_min    
0000a281  BQ27Z746_Get_TimeToFull_min     
0000a28d  BQ27Z746_Get_Voltage_mV         
0000a299  LED_get_voltage                 
0000a2a5  ZDP323B_MotionISR               
0000a2b1  __aeabi_memclr                  
0000a2b1  __aeabi_memclr4                 
0000a2b1  __aeabi_memclr8                 
0000a2bd  DL_Common_delayCycles           
0000a307  UART1_IRQHandler                
0000a311  __aeabi_errno_addr              
0000a319  __aeabi_memcpy                  
0000a319  __aeabi_memcpy4                 
0000a319  __aeabi_memcpy8                 
0000a321  abort                           
0000a327  ADC0_IRQHandler                 
0000a327  ADC1_IRQHandler                 
0000a327  AES_IRQHandler                  
0000a327  CANFD0_IRQHandler               
0000a327  DAC0_IRQHandler                 
0000a327  DMA_IRQHandler                  
0000a327  Default_Handler                 
0000a327  GROUP0_IRQHandler               
0000a327  HardFault_Handler               
0000a327  NMI_Handler                     
0000a327  PendSV_Handler                  
0000a327  RTC_IRQHandler                  
0000a327  SVC_Handler                     
0000a327  SysTick_Handler                 
0000a327  TIMA0_IRQHandler                
0000a327  TIMA1_IRQHandler                
0000a327  TIMG0_IRQHandler                
0000a327  TIMG12_IRQHandler               
0000a327  TIMG6_IRQHandler                
0000a327  TIMG7_IRQHandler                
0000a327  TIMG8_IRQHandler                
0000a327  UART2_IRQHandler                
0000a327  UART3_IRQHandler                
0000a32a  C$$EXIT                         
0000a32b  HOSTexit                        
0000a32f  Reset_Handler                   
0000a345  _system_pre_init                
0000ac10  __aeabi_ctype_table_            
0000ac10  __aeabi_ctype_table_C           
0000d8cc  __TI_Handler_Table_Base         
0000d8d8  __TI_Handler_Table_Limit        
0000d8e0  __TI_CINIT_Base                 
0000d8f0  __TI_CINIT_Limit                
0000d8f0  __TI_CINIT_Warm                 
20200000  __start___llvm_prf_bits         
20200000  __start___llvm_prf_cnts         
20200000  __stop___llvm_prf_bits          
20200000  __stop___llvm_prf_cnts          
20200000  gSPI_RxPacket                   
202003f0  gBOOST_CONTROLBackup            
202004ac  gFLASH_CONTROLBackup            
20200568  UART_Buffer                     
202005a8  gSPI_0Backup                    
202005d0  gSPI_1Backup                    
202005f8  gRxPacket                       
2020061a  gTxPacket                       
2020063c  framSpi                         
2020065c  stm32Spi                        
20200678  gPIR                            
20200684  fram                            
2020068c  gRxCount                        
20200690  gRxLen                          
20200694  gTxCount                        
20200698  gTxLen                          
2020069c  gI2cControllerStatus            
202006a0  expectedRxMessage               
202008a0  gSPI_TxPacket                   
20200aa0  output_currents_led_mA          
20200b66  duty_cycles_led                 
20200bc9  bq_monitor_active               
20200be8  gLTR329                         
20200bf4  gLIS3DH                         
20200bfc  __aeabi_errno                   
20200c08  led_channel                     
20200c0c  monitor_rate                    
20200c18  global_led_voltage              
20200c1c  char_index                      
20200c1d  data_received                   
20200c1f  g_pir_interrupt_enabled         
20200c20  gauge_monitor_active            
20200c21  hall_monitor_active             
20200c22  lis_monitor_active              
20200c23  ltr_monitor_active              
20200c24  pir_monitor_active              
20207e00  __stack                         
20208000  __STACK_END                     
ffffffff  __TI_pprof_out_hndl             
ffffffff  __TI_prof_data_size             
ffffffff  __TI_prof_data_start            
ffffffff  __binit__                       
ffffffff  binit                           
UNDEFED   __mpu_init                      
UNDEFED   _system_post_cinit              

[391 symbols]
