******************************************************************************
            TI ARM Clang Linker PC v4.0.4                      
******************************************************************************
>> Linked Mon Apr  6 17:36:48 2026

OUTPUT FILE NAME:   <HW_SW_interface_CCS.out>
ENTRY POINT SYMBOL: "_c_int00_noargs"  address: 00006ab5


MEMORY CONFIGURATION

         name            origin    length      used     unused   attr    fill
----------------------  --------  ---------  --------  --------  ----  --------
  FLASH                 00000000   00020000  00009920  000166e0  R  X
  SRAM                  20200000   00008000  00000743  000078bd  RW X
  BCR_CONFIG            41c00000   000000ff  00000000  000000ff  R   
  BSL_CONFIG            41c00100   00000080  00000000  00000080  R   


SEGMENT ALLOCATION MAP

run origin  load origin   length   init length attrs members
----------  ----------- ---------- ----------- ----- -------
00000000    00000000    00009920   00009920    r-x
  00000000    00000000    000000c0   000000c0    r-- .intvecs
  000000c0    000000c0    00007090   00007090    r-x .text
  00007150    00007150    00002640   00002640    r-- .rodata
  00009790    00009790    00000190   00000190    r-- .cinit
20200000    20200000    00000546   00000000    rw-
  20200000    20200000    000003c9   00000000    rw- .bss
  202003cc    202003cc    0000017a   00000000    rw- .data
20207e00    20207e00    00000200   00000000    rw-
  20207e00    20207e00    00000200   00000000    rw- .stack


SECTION ALLOCATION MAP

 output                                  attributes/
section   page    origin      length       input sections
--------  ----  ----------  ----------   ----------------
.intvecs   0    00000000    000000c0     
                  00000000    000000c0     startup_mspm0g350x_ticlang.o (.intvecs)

.text      0    000000c0    00007090     
                  000000c0    000009d0     libc.a : _printfi.c.obj (.text:__TI_printfi)
                  00000a90    000007ac     functions.o (.text.cmd_gauge)
                  0000123c    00000580     functions.o (.text.cmd_fram)
                  000017bc    000003e4     functions.o (.text.cmd_bq)
                  00001ba0    00000390     main.o (.text.main)
                  00001f30    00000344     uart.o (.text.CLI_ProcessInput)
                  00002274    00000220     libc.a : _printfi.c.obj (.text._pconv_a)
                  00002494    00000214     functions.o (.text.cmd_i2cscan10)
                  000026a8    000001dc     libc.a : _printfi.c.obj (.text._pconv_g)
                  00002884    000001d4     i2c.o (.text.I2C_ReadDevice)
                  00002a58    000001c0     functions.o (.text.cmd_i2cscan)
                  00002c18    00000192     libclang_rt.builtins.a : adddf3.S.obj (.text.adddf3_subdf3)
                  00002daa    00000002     startup_mspm0g350x_ticlang.o (.text.Default_Handler)
                  00002dac    0000016c     functions.o (.text.cmd_spi)
                  00002f18    00000144     libc.a : strtol.c.obj (.text.strtol)
                  0000305c    0000013c     ti_msp_dl_config.o (.text.SYSCFG_DL_GPIO_init)
                  00003198    0000013c     libc.a : _printfi.c.obj (.text.fcvt)
                  000032d4    00000138     i2c.o (.text.I2C_WriteDevice)
                  0000340c    00000138     mb85rs.o (.text.MB85RS_Write)
                  00003544    00000120     libc.a : _printfi.c.obj (.text._pconv_e)
                  00003664    00000120     functions.o (.text.cmd_leds)
                  00003784    00000110     BQ27Z7_functions.o (.text.BQ27Z746_SetUTFET_Direct)
                  00003894    0000010c     BQ27Z7_functions.o (.text.BQ27Z746_SetTempSensorConfig)
                  000039a0    0000010c     spi_mem.o (.text.SPI_Memory_Wait)
                  00003aac    0000010c     libclang_rt.builtins.a : divdf3.S.obj (.text.__divdf3)
                  00003bb8    00000104     driverlib.a : dl_timer.o (.text.DL_Timer_initFourCCPWMMode)
                  00003cbc    00000104     i2c.o (.text.I2C_TryAddress10)
                  00003dc0    00000100     BQ27Z7_functions.o (.text.BQ27Z746_GetSecurityMode)
                  00003ec0    00000100     BQ27Z7_functions.o (.text.BQ27Z746_UpdateTelemetry)
                  00003fc0    000000fc     BQ25628_functions.o (.text.BQ25628E_UpdateTelemetry)
                  000040bc    000000fc     driverlib.a : dl_timer.o (.text.DL_Timer_initTimerMode)
                  000041b8    000000f8     main.o (.text.setupCLI)
                  000042b0    000000f0     BQ25628_functions.o (.text.BQ25628E_Init_Default)
                  000043a0    000000f0     functions.o (.text.cmd_pwr)
                  00004490    000000ec     BQ27Z7_functions.o (.text.BQ27Z746_GetChargingStatus)
                  0000457c    000000e4     i2c.o (.text.I2C_TryAddress)
                  00004660    000000e4     libclang_rt.builtins.a : muldf3.S.obj (.text.__muldf3)
                  00004744    000000de     BQ27Z7_functions.o (.text.BQ27Z746_GetDeviceType)
                  00004822    000000dc     BQ27Z7_functions.o (.text.BQ27Z746_GetChemID)
                  000048fe    000000dc     BQ27Z7_functions.o (.text.BQ27Z746_GetOperationStatus)
                  000049da    000000dc     BQ27Z7_functions.o (.text.BQ27Z746_GetSafetyStatus)
                  00004ab6    000000d8     BQ27Z7_functions.o (.text.BQ27Z746_GetFirmwareVersion)
                  00004b8e    000000d8     BQ27Z7_functions.o (.text.BQ27Z746_MAC_Read)
                  00004c66    00000002     libclang_rt.builtins.a : aeabi_div0.c.obj (.text.__aeabi_idiv0)
                  00004c68    000000d8     libc.a : s_scalbn.c.obj (.text.scalbn)
                  00004d40    000000d8     libclang_rt.builtins.a : addsf3.S.obj (.text)
                  00004e18    000000d0     functions.o (.text.cmd_hall)
                  00004ee8    000000bc     BoardAPI.o (.text.LED_set_current)
                  00004fa4    000000bc     i2c.o (.text.Shared_I2C_IRQHandler)
                  00005060    000000b8     mb85rs.o (.text.MB85RS_Read)
                  00005118    000000ac     uart.o (.text.UARTReceive)
                  000051c4    000000a2     libclang_rt.builtins.a : udivmoddi4.S.obj (.text)
                  00005266    0000009a     libc.a : memcpy16.S.obj (.text:memcpy)
                  00005300    00000094     ti_msp_dl_config.o (.text.SYSCFG_DL_initPower)
                  00005394    00000090     spi_mem.o (.text.SPI_Memory_Arm)
                  00005424    0000008c     libclang_rt.builtins.a : mulsf3.S.obj (.text.__mulsf3)
                  000054b0    0000008c     libc.a : s_floorf.c.obj (.text.floorf)
                  0000553c    00000004     libsysbm.a : hostexit.c.obj (.text.HOSTexit)
                  00005540    00000088     libc.a : strcmp-armv6m.S.obj (.text:strcmp)
                  000055c8    00000080     mb85rs.o (.text.MB85RS_ReadID)
                  00005648    0000007c     libc.a : copy_decompress_lzss.c.obj (.text:decompress:lzss)
                  000056c4    0000007a     BQ27Z7_functions.o (.text.BQ27Z746_Unseal)
                  0000573e    00000002     libclang_rt.builtins.a : aeabi_div0.c.obj (.text.__aeabi_ldiv0)
                  00005740    00000078     uart.o (.text.uart_printf)
                  000057b8    00000074     libclang_rt.builtins.a : comparedf2.c.obj (.text.__gedf2)
                  0000582c    00000070     ti_msp_dl_config.o (.text.SYSCFG_DL_UART_0_init)
                  0000589c    00000068     uart.o (.text.CLI_Tokenize)
                  00005904    00000068     ti_msp_dl_config.o (.text.SYSCFG_DL_CURRENT_CONTROL_init)
                  0000596c    00000068     ti_msp_dl_config.o (.text.SYSCFG_DL_I2C_0_init)
                  000059d4    00000068     ti_msp_dl_config.o (.text.SYSCFG_DL_I2C_1_init)
                  00005a3c    00000068     ti_msp_dl_config.o (.text.SYSCFG_DL_VOLTAGE_CONTROL_init)
                  00005aa4    00000068     ti_msp_dl_config.o (.text.SYSCFG_DL_init)
                  00005b0c    00000068     libclang_rt.builtins.a : comparedf2.c.obj (.text.__ledf2)
                  00005b74    00000068     libc.a : s_roundf.c.obj (.text.roundf)
                  00005bdc    00000066            : _printfi.c.obj (.text._mcpy)
                  00005c42    00000002     --HOLE-- [fill = 0]
                  00005c44    00000064     ti_msp_dl_config.o (.text.SYSCFG_DL_SPI_0_init)
                  00005ca8    00000064     uart.o (.text.cmd_help)
                  00005d0c    00000064     functions.o (.text.cmd_pir)
                  00005d70    00000062     libclang_rt.builtins.a : aeabi_dcmp.S.obj (.text.__aeabi_dcmp)
                  00005dd2    00000002     --HOLE-- [fill = 0]
                  00005dd4    00000062                            : aeabi_fcmp.S.obj (.text.__aeabi_fcmp)
                  00005e36    00000062     libc.a : memset16.S.obj (.text:memset)
                  00005e98    00000060     ti_msp_dl_config.o (.text.SYSCFG_DL_MCU_UART_1_init)
                  00005ef8    00000060     ti_msp_dl_config.o (.text.SYSCFG_DL_SPI_1_init)
                  00005f58    0000005e     driverlib.a : dl_i2c.o (.text.DL_I2C_fillControllerTXFIFO)
                  00005fb6    00000002     --HOLE-- [fill = 0]
                  00005fb8    0000005c     spi_master.o (.text.SPI_Controller_Arm)
                  00006014    0000005c     libc.a : s_frexp.c.obj (.text.frexp)
                  00006070    0000005a     mb85rs.o (.text.MB85RS_ReadStatus)
                  000060ca    00000002     --HOLE-- [fill = 0]
                  000060cc    00000058     BoardAPI.o (.text.LED_set_voltage)
                  00006124    00000058     libc.a : _ltoa.c.obj (.text.__TI_ltoa)
                  0000617c    00000058            : _printfi.c.obj (.text._pconv_f)
                  000061d4    00000056     libclang_rt.builtins.a : aeabi_idivmod.S.obj (.text.__aeabi_idivmod)
                  0000622a    00000052     libc.a : _printfi.c.obj (.text._ecpy)
                  0000627c    0000004c     driverlib.a : dl_dma.o (.text.DL_DMA_initChannel)
                  000062c8    0000004a     BQ27Z7_functions.o (.text.BQ27Z746_GetTempConfig)
                  00006312    00000002     --HOLE-- [fill = 0]
                  00006314    0000004a     libclang_rt.builtins.a : fixdfsi.S.obj (.text.__fixdfsi)
                  0000635e    00000048     BQ27Z7_functions.o (.text.BQ27Z746_GetFETOptions)
                  000063a6    00000002     --HOLE-- [fill = 0]
                  000063a8    00000048     driverlib.a : dl_uart.o (.text.DL_UART_init)
                  000063f0    00000048     BoardAPI.o (.text.LED_control_init)
                  00006438    00000048     libc.a : strtok.c.obj (.text.strtok)
                  00006480    00000044     BQ27Z7_functions.o (.text.BQ27Z746_Seal)
                  000064c4    00000044     driverlib.a : dl_spi.o (.text.DL_SPI_init)
                  00006508    00000040     ti_msp_dl_config.o (.text.SYSCFG_DL_SYSCTL_init)
                  00006548    00000040     libclang_rt.builtins.a : aeabi_uidivmod.S.obj (.text.__aeabi_uidivmod)
                  00006588    00000040     libc.a : atoi.c.obj (.text.atoi)
                  000065c8    00000040            : vsnprintf.c.obj (.text.vsnprintf)
                  00006608    0000003c     uart.o (.text.CLI_RegisterCommand)
                  00006644    0000003c     driverlib.a : dl_i2c.o (.text.DL_I2C_flushControllerTXFIFO)
                  00006680    0000003c     libclang_rt.builtins.a : comparesf2.S.obj (.text.__gtsf2)
                  000066bc    0000003c     uart.o (.text.get_UART_buffer)
                  000066f8    0000003c     libc.a : autoinit.c.obj (.text:__TI_auto_init_nobinit_nopinit)
                  00006734    0000003a     libclang_rt.builtins.a : comparesf2.S.obj (.text.__eqsf2)
                  0000676e    00000002     --HOLE-- [fill = 0]
                  00006770    0000003a                            : muldsi3.S.obj (.text.__muldsi3)
                  000067aa    00000002     --HOLE-- [fill = 0]
                  000067ac    00000038     ti_msp_dl_config.o (.text.SYSCFG_DL_TIMER_0_init)
                  000067e4    00000038     libclang_rt.builtins.a : fixsfsi.S.obj (.text.__fixsfsi)
                  0000681c    00000038     gauge.o (.text.gauge_read)
                  00006854    00000038     gauge.o (.text.gauge_write)
                  0000688c    00000034     spi_master.o (.text.SPI1_IRQHandler)
                  000068c0    00000030     driverlib.a : dl_i2c.o (.text.DL_I2C_flushControllerRXFIFO)
                  000068f0    00000030                 : dl_uart.o (.text.DL_UART_transmitDataBlocking)
                  00006920    00000030     libc.a : _printfi.c.obj (.text._fcpy)
                  00006950    00000030            : vsnprintf.c.obj (.text._outs)
                  00006980    00000030     gauge.o (.text.gauge_cmd_read)
                  000069b0    0000002c     BQ27Z7_functions.o (.text.BQ27Z746_Init)
                  000069dc    0000002c     mb85rs.o (.text.MB85RS_Init)
                  00006a08    0000002c     spi_mem.o (.text.SPI0_IRQHandler)
                  00006a34    0000002c     spi_mem.o (.text.SPI_Memory_Init)
                  00006a60    0000002c     libclang_rt.builtins.a : floatsidf.S.obj (.text.__floatsidf)
                  00006a8c    00000028                            : floatunsisf.S.obj (.text.__floatunsisf)
                  00006ab4    00000028     libc.a : boot_cortex_m.c.obj (.text:_c_int00_noargs)
                  00006adc    00000026     driverlib.a : dl_i2c.o (.text.DL_I2C_setClockConfig)
                  00006b02    00000026     libc.a : strspn.c.obj (.text.strspn)
                  00006b28    00000024     BQ25628_functions.o (.text.BQ25628E_ReadReg16)
                  00006b4c    00000024     BQ25628_functions.o (.text.BQ25628E_ReadReg8)
                  00006b70    00000024     BQ25628_functions.o (.text.BQ25628E_WriteReg16)
                  00006b94    00000024     spi_master.o (.text.SPI_Controller_Init)
                  00006bb8    00000024     libclang_rt.builtins.a : muldi3.S.obj (.text.__muldi3)
                  00006bdc    00000024     libc.a : strcspn.c.obj (.text.strcspn)
                  00006c00    00000022            : memccpy.c.obj (.text.memccpy)
                  00006c22    00000002     --HOLE-- [fill = 0]
                  00006c24    00000020     BQ25628_functions.o (.text.BQ25628E_WriteReg8)
                  00006c44    00000020     BQ27Z7_functions.o (.text.BQ27Z746_ReadInternalTemp_C)
                  00006c64    00000020     BQ27Z7_functions.o (.text.BQ27Z746_ReadTemperature_C)
                  00006c84    00000020     uart.o (.text.uart_init)
                  00006ca4    0000001e     BQ27Z7_functions.o (.text.BQ27Z746_MAC_Send)
                  00006cc2    00000002     --HOLE-- [fill = 0]
                  00006cc4    0000001e     libclang_rt.builtins.a : ashldi3.S.obj (.text.__ashldi3)
                  00006ce2    00000002     --HOLE-- [fill = 0]
                  00006ce4    0000001c     driverlib.a : dl_timer.o (.text.DL_Timer_setCaptCompUpdateMethod)
                  00006d00    0000001c                 : dl_timer.o (.text.DL_Timer_setClockConfig)
                  00006d1c    0000001c     i2c.o (.text.i2c_init)
                  00006d38    00000018     driverlib.a : dl_timer.o (.text.DL_Timer_setCaptureCompareOutCtl)
                  00006d50    00000018     ti_msp_dl_config.o (.text.SYSCFG_DL_DMA_CH0_init)
                  00006d68    00000018     ti_msp_dl_config.o (.text.SYSCFG_DL_DMA_CH1_init)
                  00006d80    00000018     ti_msp_dl_config.o (.text.SYSCFG_DL_DMA_CH2_init)
                  00006d98    00000018     ti_msp_dl_config.o (.text.SYSCFG_DL_DMA_CH3_init)
                  00006db0    00000018     main.o (.text.UART0_IRQHandler)
                  00006dc8    00000018     libc.a : vsnprintf.c.obj (.text._outc)
                  00006de0    00000016            : copy_zero_init.c.obj (.text:decompress:ZI:__TI_zero_init_nomemset)
                  00006df6    00000014     ti_msp_dl_config.o (.text.SYSCFG_DL_DMA_init)
                  00006e0a    00000002     --HOLE-- [fill = 0]
                  00006e0c    00000014     libclang_rt.builtins.a : aeabi_uldivmod.S.obj (.text.__aeabi_uldivmod)
                  00006e20    00000014     libc.a : _printfi.c.obj (.text.strchr)
                  00006e34    00000012     driverlib.a : dl_spi.o (.text.DL_SPI_setClockConfig)
                  00006e46    00000012                 : dl_uart.o (.text.DL_UART_setClockConfig)
                  00006e58    00000012     libc.a : copy_decompress_none.c.obj (.text:decompress:none)
                  00006e6a    00000002     --HOLE-- [fill = 0]
                  00006e6c    00000010     BQ27Z7_functions.o (.text.BQ27Z746_IsDischarging)
                  00006e7c    00000010     BQ27Z7_functions.o (.text.BQ27Z746_IsFullyCharged)
                  00006e8c    00000010     BQ27Z7_functions.o (.text.BQ27Z746_IsFullyDischarged)
                  00006e9c    00000010     driverlib.a : dl_timer.o (.text.DL_Timer_setCaptureCompareValue)
                  00006eac    00000010     i2c.o (.text.I2C0_IRQHandler)
                  00006ebc    00000010     i2c.o (.text.I2C1_IRQHandler)
                  00006ecc    00000010     BoardAPI.o (.text.LED_get_current)
                  00006edc    00000010     spi_mem.o (.text.SPI_Memory_CS_Deassert)
                  00006eec    00000010     BoardAPI.o (.text.disable_led_boost)
                  00006efc    00000010     BoardAPI.o (.text.enable_led_boost)
                  00006f0c    00000010     gauge.o (.text.gauge_address)
                  00006f1c    00000010     libc.a : wcslen.c.obj (.text.wcslen)
                  00006f2c    0000000e     libclang_rt.builtins.a : aeabi_memset.S.obj (.text.__aeabi_memset)
                  00006f3a    0000000e     libc.a : _printfi.c.obj (.text.strlen)
                  00006f48    0000000c     BQ25628_functions.o (.text.BQ25628E_Get_IBAT_mA)
                  00006f54    0000000c     BQ25628_functions.o (.text.BQ25628E_Get_IBUS_mA)
                  00006f60    0000000c     BQ25628_functions.o (.text.BQ25628E_Get_VBAT_mV)
                  00006f6c    0000000c     BQ25628_functions.o (.text.BQ25628E_Get_VBUS_mV)
                  00006f78    0000000c     BQ25628_functions.o (.text.BQ25628E_Get_VSYS_mV)
                  00006f84    0000000c     BQ27Z7_functions.o (.text.BQ27Z746_Get_AvgCurrent_mA)
                  00006f90    0000000c     BQ27Z7_functions.o (.text.BQ27Z746_Get_AvgPower_mW)
                  00006f9c    0000000c     BQ27Z7_functions.o (.text.BQ27Z746_Get_BatteryStatus)
                  00006fa8    0000000c     BQ27Z7_functions.o (.text.BQ27Z746_Get_Current_mA)
                  00006fb4    0000000c     BQ27Z7_functions.o (.text.BQ27Z746_Get_CycleCount)
                  00006fc0    0000000c     BQ27Z7_functions.o (.text.BQ27Z746_Get_FullChargeCap_mAh)
                  00006fcc    0000000c     BQ27Z7_functions.o (.text.BQ27Z746_Get_InternalTemp_C)
                  00006fd8    0000000c     BQ27Z7_functions.o (.text.BQ27Z746_Get_RemainingCap_mAh)
                  00006fe4    0000000c     BQ27Z7_functions.o (.text.BQ27Z746_Get_SOC_pct)
                  00006ff0    0000000c     BQ27Z7_functions.o (.text.BQ27Z746_Get_StateOfHealth_pct)
                  00006ffc    0000000c     BQ27Z7_functions.o (.text.BQ27Z746_Get_Temperature_C)
                  00007008    0000000c     BQ27Z7_functions.o (.text.BQ27Z746_Get_TimeToEmpty_min)
                  00007014    0000000c     BQ27Z7_functions.o (.text.BQ27Z746_Get_TimeToFull_min)
                  00007020    0000000c     BQ27Z7_functions.o (.text.BQ27Z746_Get_Voltage_mV)
                  0000702c    0000000c     BQ27Z7_functions.o (.text.BQ27Z746_ReadAvgCurrent_mA)
                  00007038    0000000c     BQ27Z7_functions.o (.text.BQ27Z746_ReadAvgPower_mW)
                  00007044    0000000c     BQ27Z7_functions.o (.text.BQ27Z746_ReadBatteryStatus)
                  00007050    0000000c     BQ27Z7_functions.o (.text.BQ27Z746_ReadCurrent_mA)
                  0000705c    0000000c     BQ27Z7_functions.o (.text.BQ27Z746_ReadCycleCount)
                  00007068    0000000c     BQ27Z7_functions.o (.text.BQ27Z746_ReadFullChargeCap_mAh)
                  00007074    0000000c     BQ27Z7_functions.o (.text.BQ27Z746_ReadRemainingCap_mAh)
                  00007080    0000000c     BQ27Z7_functions.o (.text.BQ27Z746_ReadSOC_pct)
                  0000708c    0000000c     BQ27Z7_functions.o (.text.BQ27Z746_ReadStateOfHealth_pct)
                  00007098    0000000c     BQ27Z7_functions.o (.text.BQ27Z746_ReadTimeToEmpty_min)
                  000070a4    0000000c     BQ27Z7_functions.o (.text.BQ27Z746_ReadTimeToFull_min)
                  000070b0    0000000c     BQ27Z7_functions.o (.text.BQ27Z746_ReadVoltage_mV)
                  000070bc    0000000c     BoardAPI.o (.text.LED_get_voltage)
                  000070c8    0000000c     spi_mem.o (.text.SPI_Memory_CS_Assert)
                  000070d4    0000000c     libclang_rt.builtins.a : aeabi_memset.S.obj (.text.__aeabi_memclr)
                  000070e0    0000000a     driverlib.a : dl_common.o (.text.DL_Common_delayCycles)
                  000070ea    0000000a     libc.a : _printfi.c.obj (.text.OUTLINED_FUNCTION_0)
                  000070f4    00000010     libclang_rt.builtins.a : adddf3.S.obj (.tramp.__aeabi_dsub.1)
                  00007104    0000000a     libc.a : s_roundf.c.obj (.text.OUTLINED_FUNCTION_0)
                  0000710e    00000002     --HOLE-- [fill = 0]
                  00007110    00000010     libclang_rt.builtins.a : addsf3.S.obj (.tramp.__aeabi_fadd.1)
                  00007120    0000000a     libc.a : _printfi.c.obj (.text.OUTLINED_FUNCTION_1)
                  0000712a    00000002     --HOLE-- [fill = 0]
                  0000712c    00000008            : aeabi_portable.c.obj (.text.__aeabi_errno_addr)
                  00007134    00000008     libclang_rt.builtins.a : aeabi_memcpy.S.obj (.text.__aeabi_memcpy)
                  0000713c    00000006     libc.a : exit.c.obj (.text:abort)
                  00007142    00000004     startup_mspm0g350x_ticlang.o (.text.Reset_Handler)
                  00007146    00000004     libc.a : pre_init.c.obj (.text._system_pre_init)
                  0000714a    00000006     --HOLE-- [fill = 0]

.cinit     0    00009790    00000190     
                  00009790    00000165     (.cinit..data.load) [load image, compression = lzss]
                  000098f5    00000003     --HOLE-- [fill = 0]
                  000098f8    0000000c     (__TI_handler_table)
                  00009904    00000008     (.cinit..bss.load) [load image, compression = zero_init]
                  0000990c    00000010     (__TI_cinit_table)
                  0000991c    00000004     --HOLE-- [fill = 0]

.rodata    0    00007150    00002640     
                  00007150    000002ec     functions.o (.rodata.str1.14660004578859228044.1)
                  0000743c    000001da     functions.o (.rodata.str1.17600609178903569978.1)
                  00007616    0000014d     functions.o (.rodata.str1.3019495220097340546.1)
                  00007763    00000131     functions.o (.rodata.str1.14424774467072349609.1)
                  00007894    0000000c     functions.o (.rodata.str1.12082073636076449582.1)
                  000078a0    00000101     libc.a : aeabi_ctype.S.obj (.rodata:__aeabi_ctype_table_)
                  000079a1    000000af     functions.o (.rodata.str1.10105263805998509149.1)
                  00007a50    0000006b     functions.o (.rodata.str1.9863839573043808502.1)
                  00007abb    00000046     functions.o (.rodata.str1.14754684760099289372.1)
                  00007b01    00000041     functions.o (.rodata.str1.2344728598999326712.1)
                  00007b42    0000003c     functions.o (.rodata.str1.6596733414268854495.1)
                  00007b7e    0000003b     functions.o (.rodata.str1.13405053720543497480.1)
                  00007bb9    0000003b     main.o (.rodata.str1.8320541211001259012.1)
                  00007bf4    0000003a     functions.o (.rodata.str1.13647871663007229205.1)
                  00007c2e    00000037     functions.o (.rodata.str1.1832783851567210609.1)
                  00007c65    00000036     functions.o (.rodata.str1.11740181311745255940.1)
                  00007c9b    00000036     functions.o (.rodata.str1.5685701548624197313.1)
                  00007cd1    00000034     functions.o (.rodata.str1.11489194655681450928.1)
                  00007d05    00000034     functions.o (.rodata.str1.13869735989619804122.1)
                  00007d39    00000033     functions.o (.rodata.str1.14425403555696131028.1)
                  00007d6c    00000032     functions.o (.rodata.str1.7684438339927393593.1)
                  00007d9e    00000031     functions.o (.rodata.str1.11371842499512143921.1)
                  00007dcf    00000031     functions.o (.rodata.str1.13529407018213730301.1)
                  00007e00    00000031     main.o (.rodata.str1.14402440632258215044.1)
                  00007e31    00000030     main.o (.rodata.str1.14466178792657420020.1)
                  00007e61    0000002f     functions.o (.rodata.str1.11510568493784519380.1)
                  00007e90    0000002f     functions.o (.rodata.str1.11655743873260979083.1)
                  00007ebf    0000002f     main.o (.rodata.str1.18227636981041470289.1)
                  00007eee    0000002f     functions.o (.rodata.str1.5574861860302912700.1)
                  00007f1d    0000002e     functions.o (.rodata.str1.1810987313933839541.1)
                  00007f4b    0000002d     functions.o (.rodata.str1.13361924668150654931.1)
                  00007f78    0000002d     functions.o (.rodata.str1.13786467237224150958.1)
                  00007fa5    0000002d     functions.o (.rodata.str1.15871961652988661611.1)
                  00007fd2    0000002d     functions.o (.rodata.str1.17873271132953962449.1)
                  00007fff    0000002d     functions.o (.rodata.str1.303947978237559523.1)
                  0000802c    0000002c     main.o (.rodata.str1.10224226614597680209.1)
                  00008058    0000002b     functions.o (.rodata.str1.7213520456192855849.1)
                  00008083    0000002b     functions.o (.rodata.str1.963556741755692615.1)
                  000080ae    0000002a     functions.o (.rodata.str1.11852899632267644254.1)
                  000080d8    0000002a     functions.o (.rodata.str1.13933329845969146692.1)
                  00008102    0000002a     functions.o (.rodata.str1.17242831494859343374.1)
                  0000812c    00000029     functions.o (.rodata.str1.14212890215622683485.1)
                  00008155    00000028     functions.o (.rodata.str1.13707145581914847747.1)
                  0000817d    00000027     main.o (.rodata.str1.11870794119293528247.1)
                  000081a4    00000027     functions.o (.rodata.str1.7085808795165203043.1)
                  000081cb    00000026     functions.o (.rodata.str1.11596568296542930794.1)
                  000081f1    00000026     functions.o (.rodata.str1.312031595841812858.1)
                  00008217    00000026     main.o (.rodata.str1.8828068777338075035.1)
                  0000823d    00000025     main.o (.rodata.str1.10313062130652730376.1)
                  00008262    00000025     main.o (.rodata.str1.13782249893155712474.1)
                  00008287    00000025     main.o (.rodata.str1.14079361385603432444.1)
                  000082ac    00000025     functions.o (.rodata.str1.5196872854305757230.1)
                  000082d1    00000024     main.o (.rodata.str1.10865113624938808685.1)
                  000082f5    00000024     main.o (.rodata.str1.14112174005742061988.1)
                  00008319    00000024     functions.o (.rodata.str1.2298903785866919411.1)
                  0000833d    00000024     main.o (.rodata.str1.5043408953494467246.1)
                  00008361    00000024     functions.o (.rodata.str1.831622212789273363.1)
                  00008385    00000023     uart.o (.rodata.str1.14464947116831474962.1)
                  000083a8    00000023     functions.o (.rodata.str1.3739636256912452571.1)
                  000083cb    00000023     functions.o (.rodata.str1.4088760258362988122.1)
                  000083ee    00000023     functions.o (.rodata.str1.7723146404961276984.1)
                  00008411    00000023     main.o (.rodata.str1.9059077390166914652.1)
                  00008434    00000022     functions.o (.rodata.str1.10930655922842606279.1)
                  00008456    00000022     functions.o (.rodata.str1.11373607083750233779.1)
                  00008478    00000022     functions.o (.rodata.str1.11403685632016021771.1)
                  0000849a    00000022     main.o (.rodata.str1.13030671760666898970.1)
                  000084bc    00000022     main.o (.rodata.str1.16302215771116645891.1)
                  000084de    00000022     functions.o (.rodata.str1.16614484817706633923.1)
                  00008500    00000022     functions.o (.rodata.str1.2190941444116491765.1)
                  00008522    00000022     functions.o (.rodata.str1.2305192595417680505.1)
                  00008544    00000022     main.o (.rodata.str1.3292798375424520613.1)
                  00008566    00000022     functions.o (.rodata.str1.8841248051089024616.1)
                  00008588    00000021     functions.o (.rodata.str1.10302267126528799586.1)
                  000085a9    00000021     functions.o (.rodata.str1.11345522308171243087.1)
                  000085ca    00000021     functions.o (.rodata.str1.12250083639950253671.1)
                  000085eb    00000021     functions.o (.rodata.str1.13877888024071246384.1)
                  0000860c    00000021     functions.o (.rodata.str1.16726128468901222387.1)
                  0000862d    00000021     functions.o (.rodata.str1.17004305802620412261.1)
                  0000864e    00000021     functions.o (.rodata.str1.18169768820860067831.1)
                  0000866f    00000021     functions.o (.rodata.str1.2216088936736676215.1)
                  00008690    00000021     functions.o (.rodata.str1.2654337880733388962.1)
                  000086b1    00000021     functions.o (.rodata.str1.3098115528246613681.1)
                  000086d2    00000021     functions.o (.rodata.str1.3322434249706281543.1)
                  000086f3    00000021     functions.o (.rodata.str1.4531601087117612729.1)
                  00008714    00000021     functions.o (.rodata.str1.455706336395187257.1)
                  00008735    00000021     functions.o (.rodata.str1.8430466031500812981.1)
                  00008756    00000020     functions.o (.rodata.str1.10387253022637546114.1)
                  00008776    00000020     functions.o (.rodata.str1.10868672936327135180.1)
                  00008796    00000020     functions.o (.rodata.str1.11488970495173820783.1)
                  000087b6    00000020     functions.o (.rodata.str1.14247832736261690914.1)
                  000087d6    00000020     functions.o (.rodata.str1.16499007181999684178.1)
                  000087f6    00000020     functions.o (.rodata.str1.16985884696085998545.1)
                  00008816    00000020     functions.o (.rodata.str1.17954340015018547257.1)
                  00008836    00000020     functions.o (.rodata.str1.1879081474855052955.1)
                  00008856    00000020     functions.o (.rodata.str1.2347775125427912132.1)
                  00008876    00000020     main.o (.rodata.str1.2624144126699937905.1)
                  00008896    00000020     functions.o (.rodata.str1.2989574447005584482.1)
                  000088b6    00000020     functions.o (.rodata.str1.9506313465773766142.1)
                  000088d6    0000001f     main.o (.rodata.str1.16265332423659789559.1)
                  000088f5    0000001f     functions.o (.rodata.str1.18319551690001788249.1)
                  00008914    0000001f     functions.o (.rodata.str1.2090819679678785128.1)
                  00008933    0000001f     functions.o (.rodata.str1.2618360898605671341.1)
                  00008952    0000001f     functions.o (.rodata.str1.3741468063811768988.1)
                  00008971    0000001f     functions.o (.rodata.str1.3818782532712895722.1)
                  00008990    0000001f     functions.o (.rodata.str1.417100376825835908.1)
                  000089af    0000001f     functions.o (.rodata.str1.5293785561432609074.1)
                  000089ce    0000001f     functions.o (.rodata.str1.7261598007108977983.1)
                  000089ed    0000001f     functions.o (.rodata.str1.7667325258934765219.1)
                  00008a0c    0000001f     functions.o (.rodata.str1.8684894204910267454.1)
                  00008a2b    0000001e     functions.o (.rodata.str1.11548324711019379123.1)
                  00008a49    0000001e     functions.o (.rodata.str1.13258710136769708401.1)
                  00008a67    0000001e     functions.o (.rodata.str1.15416425971347363818.1)
                  00008a85    0000001e     functions.o (.rodata.str1.17124744513834159004.1)
                  00008aa3    0000001e     functions.o (.rodata.str1.2132137826339264873.1)
                  00008ac1    0000001e     functions.o (.rodata.str1.2153166669032916089.1)
                  00008adf    0000001e     functions.o (.rodata.str1.8276779995786722914.1)
                  00008afd    0000001e     functions.o (.rodata.str1.9393216526452698668.1)
                  00008b1b    0000001e     functions.o (.rodata.str1.9629253951102113371.1)
                  00008b39    0000001d     functions.o (.rodata.str1.10029850049327752681.1)
                  00008b56    0000001d     functions.o (.rodata.str1.12122565456592184258.1)
                  00008b73    0000001d     functions.o (.rodata.str1.1787322033648190911.1)
                  00008b90    0000001d     functions.o (.rodata.str1.67103668184455600.1)
                  00008bad    0000001c     functions.o (.rodata.str1.11158820112163685190.1)
                  00008bc9    0000001c     main.o (.rodata.str1.12180500075719773345.1)
                  00008be5    0000001c     functions.o (.rodata.str1.14504089057119714207.1)
                  00008c01    0000001c     functions.o (.rodata.str1.17112998893623131760.1)
                  00008c1d    0000001c     functions.o (.rodata.str1.17418132220924322792.1)
                  00008c39    0000001c     functions.o (.rodata.str1.2090735207208419621.1)
                  00008c55    0000001c     functions.o (.rodata.str1.823074591787180899.1)
                  00008c71    0000001b     functions.o (.rodata.str1.12869987097872302101.1)
                  00008c8c    0000001b     functions.o (.rodata.str1.13213250456124221025.1)
                  00008ca7    0000001b     functions.o (.rodata.str1.15241132200125037881.1)
                  00008cc2    0000001b     functions.o (.rodata.str1.17669684748118727147.1)
                  00008cdd    0000001b     functions.o (.rodata.str1.4198453541086758413.1)
                  00008cf8    0000001b     functions.o (.rodata.str1.504123949362312185.1)
                  00008d13    0000001b     functions.o (.rodata.str1.6579945242302544448.1)
                  00008d2e    0000001b     functions.o (.rodata.str1.6954128830300373732.1)
                  00008d49    0000001b     functions.o (.rodata.str1.771275161403278999.1)
                  00008d64    0000001b     functions.o (.rodata.str1.9586352787182320994.1)
                  00008d7f    0000001a     functions.o (.rodata.str1.10394495994740858438.1)
                  00008d99    0000001a     functions.o (.rodata.str1.11584461607463951922.1)
                  00008db3    0000001a     functions.o (.rodata.str1.11621569494667626893.1)
                  00008dcd    0000001a     main.o (.rodata.str1.11702106008850790973.1)
                  00008de7    0000001a     functions.o (.rodata.str1.12609848238114409581.1)
                  00008e01    0000001a     functions.o (.rodata.str1.13060549876486072544.1)
                  00008e1b    0000001a     functions.o (.rodata.str1.15914577833492633752.1)
                  00008e35    0000001a     functions.o (.rodata.str1.2872345601479061820.1)
                  00008e4f    0000001a     functions.o (.rodata.str1.4892436572911226530.1)
                  00008e69    0000001a     functions.o (.rodata.str1.976629323795015702.1)
                  00008e83    0000001a     functions.o (.rodata.str1.9987864939932165754.1)
                  00008e9d    00000019     main.o (.rodata.str1.13288086030101331538.1)
                  00008eb6    00000019     functions.o (.rodata.str1.2006883888705870762.1)
                  00008ecf    00000019     functions.o (.rodata.str1.9504405780896684869.1)
                  00008ee8    00000018     ti_msp_dl_config.o (.rodata.gDMA_CH0Config)
                  00008f00    00000018     ti_msp_dl_config.o (.rodata.gDMA_CH1Config)
                  00008f18    00000018     ti_msp_dl_config.o (.rodata.gDMA_CH2Config)
                  00008f30    00000018     ti_msp_dl_config.o (.rodata.gDMA_CH3Config)
                  00008f48    00000018     functions.o (.rodata.str1.14826907694073300720.1)
                  00008f60    00000018     functions.o (.rodata.str1.15647711897633472048.1)
                  00008f78    00000018     functions.o (.rodata.str1.3544098629501009633.1)
                  00008f90    00000018     functions.o (.rodata.str1.4307635291288551838.1)
                  00008fa8    00000018     functions.o (.rodata.str1.5556253844797924259.1)
                  00008fc0    00000018     main.o (.rodata.str1.8154729771448623357.1)
                  00008fd8    00000017     functions.o (.rodata.str1.11087625087312282266.1)
                  00008fef    00000017     functions.o (.rodata.str1.1121117191475404019.1)
                  00009006    00000017     functions.o (.rodata.str1.13497160822588500659.1)
                  0000901d    00000017     functions.o (.rodata.str1.15981603964029308583.1)
                  00009034    00000017     main.o (.rodata.str1.16709704744796600189.1)
                  0000904b    00000017     functions.o (.rodata.str1.17162129685140799346.1)
                  00009062    00000017     functions.o (.rodata.str1.1798579838546719175.1)
                  00009079    00000017     functions.o (.rodata.str1.3107984650851015417.1)
                  00009090    00000017     functions.o (.rodata.str1.4144252613811081812.1)
                  000090a7    00000017     functions.o (.rodata.str1.5896414462293131170.1)
                  000090be    00000017     functions.o (.rodata.str1.7276749916342729794.1)
                  000090d5    00000017     functions.o (.rodata.str1.7319270408353279736.1)
                  000090ec    00000017     functions.o (.rodata.str1.8683587540435544184.1)
                  00009103    00000016     main.o (.rodata.str1.10635229749459437609.1)
                  00009119    00000016     functions.o (.rodata.str1.13750405472340812261.1)
                  0000912f    00000016     functions.o (.rodata.str1.14296218639596138037.1)
                  00009145    00000016     functions.o (.rodata.str1.14626576299884526934.1)
                  0000915b    00000016     functions.o (.rodata.str1.1463293767001829125.1)
                  00009171    00000016     uart.o (.rodata.str1.15503172443992438641.1)
                  00009187    00000016     functions.o (.rodata.str1.16113805747440866019.1)
                  0000919d    00000016     functions.o (.rodata.str1.17016031596792030868.1)
                  000091b3    00000016     functions.o (.rodata.str1.1912318065655334061.1)
                  000091c9    00000016     functions.o (.rodata.str1.5117621188084071403.1)
                  000091df    00000015     functions.o (.rodata.str1.11457859038367029433.1)
                  000091f4    00000015     functions.o (.rodata.str1.13291850131445628085.1)
                  00009209    00000015     functions.o (.rodata.str1.13318008327193210645.1)
                  0000921e    00000015     functions.o (.rodata.str1.14079700471513303319.1)
                  00009233    00000015     functions.o (.rodata.str1.14779408147115502373.1)
                  00009248    00000015     functions.o (.rodata.str1.16344480386849582482.1)
                  0000925d    00000015     functions.o (.rodata.str1.17171889877841249491.1)
                  00009272    00000015     main.o (.rodata.str1.17376258722486336754.1)
                  00009287    00000015     functions.o (.rodata.str1.17819248719987149311.1)
                  0000929c    00000015     functions.o (.rodata.str1.18285776561876861988.1)
                  000092b1    00000015     functions.o (.rodata.str1.5514502381961403268.1)
                  000092c6    00000015     main.o (.rodata.str1.625103348304617710.1)
                  000092db    00000015     functions.o (.rodata.str1.7987950595137088371.1)
                  000092f0    00000015     uart.o (.rodata.str1.8171864734171609186.1)
                  00009305    00000003     ti_msp_dl_config.o (.rodata.gCURRENT_CONTROLClockConfig)
                  00009308    00000014     functions.o (.rodata..Lswitch.table.cmd_gauge)
                  0000931c    00000014     ti_msp_dl_config.o (.rodata.gTIMER_0TimerConfig)
                  00009330    00000014     functions.o (.rodata.str1.16059144329163883794.1)
                  00009344    00000014     main.o (.rodata.str1.16631870348416990953.1)
                  00009358    00000014     functions.o (.rodata.str1.4910338030008278487.1)
                  0000936c    00000014     functions.o (.rodata.str1.5905555877690922764.1)
                  00009380    00000014     functions.o (.rodata.str1.7324634916810494498.1)
                  00009394    00000014     functions.o (.rodata.str1.9955790773425000222.1)
                  000093a8    00000013     functions.o (.rodata.str1.17622889657162422067.1)
                  000093bb    00000012     functions.o (.rodata.str1.11391304066098951517.1)
                  000093cd    00000012     main.o (.rodata.str1.7996925722583989644.1)
                  000093df    00000011     libc.a : _printfi.c.obj (.rodata.str1.10348868589481759720.1)
                  000093f0    00000011     main.o (.rodata.str1.10720410773482754683.1)
                  00009401    00000011     main.o (.rodata.str1.11321157723316767883.1)
                  00009412    00000011     main.o (.rodata.str1.11777244287787065045.1)
                  00009423    00000011     main.o (.rodata.str1.11822182024223342093.1)
                  00009434    00000011     libc.a : _printfi.c.obj (.rodata.str1.15363888844622738466.1)
                  00009445    00000011     main.o (.rodata.str1.4787932902692149498.1)
                  00009456    00000011     main.o (.rodata.str1.5630281060179367396.1)
                  00009467    00000011     main.o (.rodata.str1.6554448696319176064.1)
                  00009478    00000011     functions.o (.rodata.str1.8855207564147674068.1)
                  00009489    00000003     ti_msp_dl_config.o (.rodata.gTIMER_0ClockConfig)
                  0000948c    00000010     functions.o (.rodata..Lswitch.table.cmd_fram)
                  0000949c    00000010     main.o (.rodata..Lswitch.table.main)
                  000094ac    00000010     functions.o (.rodata.str1.12247701732483370762.1)
                  000094bc    0000000f     functions.o (.rodata.str1.2372479248998020874.1)
                  000094cb    0000000f     functions.o (.rodata.str1.6405428687533244608.1)
                  000094da    0000000e     main.o (.rodata.str1.17045314124001216156.1)
                  000094e8    0000000e     functions.o (.rodata.str1.3274426514815924028.1)
                  000094f6    0000000e     functions.o (.rodata.str1.6433388484108913441.1)
                  00009504    0000000d     functions.o (.rodata.str1.14249227603012650231.1)
                  00009511    0000000d     main.o (.rodata.str1.403738606202455663.1)
                  0000951e    0000000c     functions.o (.rodata.str1.12649739183381639352.1)
                  0000952a    0000000c     functions.o (.rodata.str1.2128294674425382420.1)
                  00009536    0000000c     main.o (.rodata.str1.2563708670032483588.1)
                  00009542    0000000b     main.o (.rodata.str1.14032527501195285070.1)
                  0000954d    0000000b     main.o (.rodata.str1.3530083166107438000.1)
                  00009558    0000000b     functions.o (.rodata.str1.4040450050525152614.1)
                  00009563    0000000b     functions.o (.rodata.str1.6500671132244866452.1)
                  0000956e    0000000a     ti_msp_dl_config.o (.rodata.gMCU_UART_1Config)
                  00009578    0000000a     ti_msp_dl_config.o (.rodata.gSPI_0_config)
                  00009582    0000000a     ti_msp_dl_config.o (.rodata.gSPI_1_config)
                  0000958c    0000000a     ti_msp_dl_config.o (.rodata.gUART_0Config)
                  00009596    0000000a     functions.o (.rodata.str1.1518209179495633459.1)
                  000095a0    0000000a     main.o (.rodata.str1.288608917962107522.1)
                  000095aa    0000000a     main.o (.rodata.str1.8428454045432808059.1)
                  000095b4    0000000a     functions.o (.rodata.str1.9659379646541333203.1)
                  000095be    0000000a     functions.o (.rodata.str1.9866892624350641238.1)
                  000095c8    00000009     functions.o (.rodata.str1.11364996628600094536.1)
                  000095d1    00000009     functions.o (.rodata.str1.12257129677820421622.1)
                  000095da    00000009     functions.o (.rodata.str1.13225435875195226696.1)
                  000095e3    00000009     main.o (.rodata.str1.14712910685067215323.1)
                  000095ec    00000009     main.o (.rodata.str1.2597068879322958637.1)
                  000095f5    00000009     uart.o (.rodata.str1.2747995240747259486.1)
                  000095fe    00000009     main.o (.rodata.str1.39260288392874984.1)
                  00009607    00000009     functions.o (.rodata.str1.5320122413559821118.1)
                  00009610    00000009     functions.o (.rodata.str1.5699953771227312792.1)
                  00009619    00000009     functions.o (.rodata.str1.6743441520423956273.1)
                  00009622    00000002     ti_msp_dl_config.o (.rodata.gI2C_0ClockConfig)
                  00009624    00000008     ti_msp_dl_config.o (.rodata.gCURRENT_CONTROLConfig)
                  0000962c    00000008     ti_msp_dl_config.o (.rodata.gVOLTAGE_CONTROLConfig)
                  00009634    00000008     functions.o (.rodata.str1.11093425900794288272.1)
                  0000963c    00000008     functions.o (.rodata.str1.11517924573668616356.1)
                  00009644    00000008     functions.o (.rodata.str1.12716370140545181522.1)
                  0000964c    00000008     main.o (.rodata.str1.1311392489248731986.1)
                  00009654    00000008     functions.o (.rodata.str1.15667472894159448674.1)
                  0000965c    00000008     functions.o (.rodata.str1.15927518266867229498.1)
                  00009664    00000008     functions.o (.rodata.str1.16929425599360063401.1)
                  0000966c    00000008     functions.o (.rodata.str1.2299744636238869032.1)
                  00009674    00000008     main.o (.rodata.str1.2846389346932560359.1)
                  0000967c    00000008     functions.o (.rodata.str1.3156050197955811031.1)
                  00009684    00000008     functions.o (.rodata.str1.6886749528440134913.1)
                  0000968c    00000008     main.o (.rodata.str1.6976963560179378225.1)
                  00009694    00000007     main.o (.rodata.str1.11121730273200050387.1)
                  0000969b    00000007     functions.o (.rodata.str1.14125585639945481457.1)
                  000096a2    00000007     functions.o (.rodata.str1.17588442350683572369.1)
                  000096a9    00000007     functions.o (.rodata.str1.18157200286260056646.1)
                  000096b0    00000007     functions.o (.rodata.str1.2606492479815574346.1)
                  000096b7    00000007     functions.o (.rodata.str1.3123360382440319361.1)
                  000096be    00000007     functions.o (.rodata.str1.5352344875588335774.1)
                  000096c5    00000006     functions.o (.rodata.str1.11538060877586311343.1)
                  000096cb    00000006     functions.o (.rodata.str1.16699442666505370998.1)
                  000096d1    00000006     functions.o (.rodata.str1.17144429639171527548.1)
                  000096d7    00000006     main.o (.rodata.str1.17770841602246103764.1)
                  000096dd    00000006     functions.o (.rodata.str1.389011575781332116.1)
                  000096e3    00000006     functions.o (.rodata.str1.4959705119256106851.1)
                  000096e9    00000006     main.o (.rodata.str1.8108965883388295311.1)
                  000096ef    00000006     functions.o (.rodata.str1.8975528390176846916.1)
                  000096f5    00000005     functions.o (.rodata.str1.11900037607746946141.1)
                  000096fa    00000005     functions.o (.rodata.str1.13183419841694627606.1)
                  000096ff    00000005     functions.o (.rodata.str1.14496393926573069083.1)
                  00009704    00000005     main.o (.rodata.str1.15159059442110792349.1)
                  00009709    00000005     functions.o (.rodata.str1.16757203657686794125.1)
                  0000970e    00000005     functions.o (.rodata.str1.2957129483359387701.1)
                  00009713    00000005     functions.o (.rodata.str1.3066531604708884151.1)
                  00009718    00000005     functions.o (.rodata.str1.3172367308849033862.1)
                  0000971d    00000005     functions.o (.rodata.str1.4214633535407782609.1)
                  00009722    00000005     functions.o (.rodata.str1.502354497711140047.1)
                  00009727    00000005     main.o (.rodata.str1.7702501944640899365.1)
                  0000972c    00000005     main.o (.rodata.str1.8076846746581808073.1)
                  00009731    00000005     main.o (.rodata.str1.8096991282711418442.1)
                  00009736    00000005     functions.o (.rodata.str1.8113497073403762318.1)
                  0000973b    00000004     functions.o (.rodata.str1.11296493460036947760.1)
                  0000973f    00000004     functions.o (.rodata.str1.12871985577256932554.1)
                  00009743    00000004     main.o (.rodata.str1.17100691992556644108.1)
                  00009747    00000004     functions.o (.rodata.str1.17524032667240931881.1)
                  0000974b    00000004     main.o (.rodata.str1.18092426736022315238.1)
                  0000974f    00000004     main.o (.rodata.str1.2123964117280943167.1)
                  00009753    00000004     main.o (.rodata.str1.2763581881760962609.1)
                  00009757    00000004     functions.o (.rodata.str1.3121139948745544124.1)
                  0000975b    00000004     functions.o (.rodata.str1.4561657886204501224.1)
                  0000975f    00000004     functions.o (.rodata.str1.4930741957133989383.1)
                  00009763    00000004     functions.o (.rodata.str1.62749256631814321.1)
                  00009767    00000004     main.o (.rodata.str1.6891813955777630061.1)
                  0000976b    00000004     functions.o (.rodata.str1.9119127971185803168.1)
                  0000976f    00000003     ti_msp_dl_config.o (.rodata.gVOLTAGE_CONTROLClockConfig)
                  00009772    00000003     uart.o (.rodata.str1.12819099410943012003.1)
                  00009775    00000003     functions.o (.rodata.str1.13554695696533425351.1)
                  00009778    00000003     functions.o (.rodata.str1.1434866316927325970.1)
                  0000977b    00000003     main.o (.rodata.str1.15996357275703397564.1)
                  0000977e    00000003     functions.o (.rodata.str1.7108839738911806945.1)
                  00009781    00000002     ti_msp_dl_config.o (.rodata.gI2C_1ClockConfig)
                  00009783    00000002     ti_msp_dl_config.o (.rodata.gMCU_UART_1ClockConfig)
                  00009785    00000002     ti_msp_dl_config.o (.rodata.gSPI_0_clockConfig)
                  00009787    00000002     ti_msp_dl_config.o (.rodata.gSPI_1_clockConfig)
                  00009789    00000002     ti_msp_dl_config.o (.rodata.gUART_0ClockConfig)
                  0000978b    00000002     uart.o (.rodata.str1.3510367808670815947.1)
                  0000978d    00000002     functions.o (.rodata.str1.5994875290679588583.1)
                  0000978f    00000001     --HOLE-- [fill = 0]

.init_array 
*          0    00000000    00000000     UNINITIALIZED

.binit     0    00000000    00000000     

.bss       0    20200000    000003c9     UNINITIALIZED
                  20200000    000000bc     (.common:gCURRENT_CONTROLBackup)
                  202000bc    000000bc     (.common:gVOLTAGE_CONTROLBackup)
                  20200178    000000a0     (.common:gTIMER_0Backup)
                  20200218    00000078     uart.o (.bss.commandList)
                  20200290    00000040     (.common:UART_Buffer)
                  202002d0    00000028     (.common:gSPI_0Backup)
                  202002f8    00000028     (.common:gSPI_1Backup)
                  20200320    00000022     (.common:gRxPacket)
                  20200342    00000022     (.common:gTxPacket)
                  20200364    00000020     (.common:framSpi)
                  20200384    0000001c     (.common:stm32Spi)
                  202003a0    00000010     (.common:gSPI_RxPacket)
                  202003b0    00000008     (.common:fram)
                  202003b8    00000004     (.common:gRxCount)
                  202003bc    00000004     (.common:gRxLen)
                  202003c0    00000004     (.common:gTxCount)
                  202003c4    00000004     (.common:gTxLen)
                  202003c8    00000001     (.common:gI2cControllerStatus)

.data      0    202003cc    0000017a     UNINITIALIZED
                  202003cc    000000c6     BoardAPI.o (.data.output_currents_led_mA)
                  20200492    00000063     BoardAPI.o (.data.duty_cycles_led)
                  202004f5    00000010     spi_master.o (.data.gSPI_TxPacket)
                  20200505    00000001     main.o (.data.bq_monitor_active)
                  20200506    00000002     BQ25628_functions.o (.data.g_ibat_mA)
                  20200508    00000004     libc.a : aeabi_portable.c.obj (.data.__aeabi_errno)
                  2020050c    00000004     uart.o (.data.commandCount)
                  20200510    00000004     libc.a : strtok.c.obj (.data.last_end)
                  20200514    00000004     BoardAPI.o (.data.led_channel)
                  20200518    00000004     main.o (.data.monitor_rate)
                  2020051c    00000002     BQ25628_functions.o (.data.g_ibus_mA)
                  2020051e    00000002     BQ27Z7_functions.o (.data.g_telem.0)
                  20200520    00000002     BQ27Z7_functions.o (.data.g_telem.10)
                  20200522    00000002     BQ27Z7_functions.o (.data.g_telem.11)
                  20200524    00000002     BQ27Z7_functions.o (.data.g_telem.12)
                  20200526    00000002     BQ27Z7_functions.o (.data.g_telem.13)
                  20200528    00000002     BQ27Z7_functions.o (.data.g_telem.1)
                  2020052a    00000002     BQ27Z7_functions.o (.data.g_telem.2)
                  2020052c    00000002     BQ27Z7_functions.o (.data.g_telem.4)
                  2020052e    00000002     BQ27Z7_functions.o (.data.g_telem.5)
                  20200530    00000002     BQ27Z7_functions.o (.data.g_telem.7)
                  20200532    00000002     BQ27Z7_functions.o (.data.g_telem.8)
                  20200534    00000002     BQ27Z7_functions.o (.data.g_telem.9)
                  20200536    00000002     BQ25628_functions.o (.data.g_vbat_mV)
                  20200538    00000002     BQ25628_functions.o (.data.g_vbus_mV)
                  2020053a    00000002     BQ25628_functions.o (.data.g_vsys_mV)
                  2020053c    00000002     BoardAPI.o (.data.global_led_voltage)
                  2020053e    00000001     uart.o (.data.char_index)
                  2020053f    00000001     uart.o (.data.data_received)
                  20200540    00000001     gauge.o (.data.g_gaugeAddr)
                  20200541    00000001     main.o (.data.gauge_monitor_active)
                  20200542    00000001     BQ27Z7_functions.o (.data.g_telem.3)
                  20200543    00000001     main.o (.data.hall_monitor_active)
                  20200544    00000001     BQ27Z7_functions.o (.data.g_telem.6)
                  20200545    00000001     main.o (.data.pir_monitor_active)

.stack     0    20207e00    00000200     UNINITIALIZED
                  20207e00    00000004     libc.a : boot_cortex_m.c.obj (.stack)
                  20207e04    000001fc     --HOLE--

__llvm_prf_cnts 
*          0    20200000    00000000     UNINITIALIZED

__llvm_prf_bits 
*          0    20200000    00000000     UNINITIALIZED

MODULE SUMMARY

       Module                         code    ro data   rw data
       ------                         ----    -------   -------
    .\
       functions.o                    6548    7915      8      
       main.o                         1184    1300      8      
       ti_msp_dl_config.o             1624    193       616    
       BoardAPI.o                     408     0         303    
       startup_mspm0g350x_ticlang.o   6       192       0      
    +--+------------------------------+-------+---------+---------+
       Total:                         9770    9600      935    
                                                               
    .\HAL\
       uart.o                         1484    92        190    
       i2c.o                          1516    0         85     
       spi_mem.o                      528     0         32     
       spi_master.o                   180     0         60     
    +--+------------------------------+-------+---------+---------+
       Total:                         3708    92        367    
                                                               
    .\ics\BQ25628\
       BQ25628_functions.o            692     0         10     
    +--+------------------------------+-------+---------+---------+
       Total:                         692     0         10     
                                                               
    .\ics\BQ27Z7\
       BQ27Z7_functions.o             3436    0         26     
       gauge.o                        176     0         1      
    +--+------------------------------+-------+---------+---------+
       Total:                         3612    0         27     
                                                               
    .\ics\MB85RS\
       mb85rs.o                       758     0         0      
    +--+------------------------------+-------+---------+---------+
       Total:                         758     0         0      
                                                               
    C:/ti/mspm0_sdk_2_09_00_01/source/ti/driverlib/lib/ticlang/m0p/mspm0g1x0x_g3x0x/driverlib.a
       dl_timer.o                     608     0         0      
       dl_i2c.o                       240     0         0      
       dl_uart.o                      138     0         0      
       dl_spi.o                       86      0         0      
       dl_dma.o                       76      0         0      
       dl_common.o                    10      0         0      
    +--+------------------------------+-------+---------+---------+
       Total:                         1158    0         0      
                                                               
    C:\ti\ccs2031\ccs\tools\compiler\ti-cgt-armllvm_4.0.4.LTS\lib\armv6m-ti-none-eabi/c/libc.a
       _printfi.c.obj                 4510    34        0      
       strtol.c.obj                   324     0         0      
       aeabi_ctype.S.obj              0       257       0      
       s_scalbn.c.obj                 216     0         0      
       memcpy16.S.obj                 154     0         0      
       s_floorf.c.obj                 140     0         0      
       strcmp-armv6m.S.obj            136     0         0      
       vsnprintf.c.obj                136     0         0      
       copy_decompress_lzss.c.obj     124     0         0      
       s_roundf.c.obj                 114     0         0      
       memset16.S.obj                 98      0         0      
       s_frexp.c.obj                  92      0         0      
       _ltoa.c.obj                    88      0         0      
       strtok.c.obj                   72      0         4      
       atoi.c.obj                     64      0         0      
       autoinit.c.obj                 60      0         0      
       boot_cortex_m.c.obj            40      0         0      
       strspn.c.obj                   38      0         0      
       strcspn.c.obj                  36      0         0      
       memccpy.c.obj                  34      0         0      
       copy_zero_init.c.obj           22      0         0      
       copy_decompress_none.c.obj     18      0         0      
       wcslen.c.obj                   16      0         0      
       aeabi_portable.c.obj           8       0         4      
       exit.c.obj                     6       0         0      
       pre_init.c.obj                 4       0         0      
    +--+------------------------------+-------+---------+---------+
       Total:                         6550    291       8      
                                                               
    C:\ti\ccs2031\ccs\tools\compiler\ti-cgt-armllvm_4.0.4.LTS\lib\armv6m-ti-none-eabi/c/libsysbm.a
       hostexit.c.obj                 4       0         0      
    +--+------------------------------+-------+---------+---------+
       Total:                         4       0         0      
                                                               
    C:\ti\ccs2031\ccs\tools\compiler\ti-cgt-armllvm_4.0.4.LTS\lib\armv6m-ti-none-eabi/libclang_rt.builtins.a
       adddf3.S.obj                   418     0         0      
       divdf3.S.obj                   268     0         0      
       addsf3.S.obj                   232     0         0      
       muldf3.S.obj                   228     0         0      
       comparedf2.c.obj               220     0         0      
       udivmoddi4.S.obj               162     0         0      
       mulsf3.S.obj                   140     0         0      
       comparesf2.S.obj               118     0         0      
       aeabi_dcmp.S.obj               98      0         0      
       aeabi_fcmp.S.obj               98      0         0      
       aeabi_idivmod.S.obj            86      0         0      
       fixdfsi.S.obj                  74      0         0      
       aeabi_uidivmod.S.obj           64      0         0      
       muldsi3.S.obj                  58      0         0      
       fixsfsi.S.obj                  56      0         0      
       floatsidf.S.obj                44      0         0      
       floatunsisf.S.obj              40      0         0      
       muldi3.S.obj                   36      0         0      
       ashldi3.S.obj                  30      0         0      
       aeabi_memset.S.obj             26      0         0      
       aeabi_uldivmod.S.obj           20      0         0      
       aeabi_memcpy.S.obj             8       0         0      
       aeabi_div0.c.obj               4       0         0      
    +--+------------------------------+-------+---------+---------+
       Total:                         2528    0         0      
                                                               
       Stack:                         0       0         512    
       Linker Generated:              0       393       0      
    +--+------------------------------+-------+---------+---------+
       Grand Total:                   28780   10376     1859   


LINKER GENERATED COPY TABLES

__TI_cinit_table @ 0000990c records: 2, size/record: 8, table size: 16
	.data: load addr=00009790, load size=00000165 bytes, run addr=202003cc, run size=0000017a bytes, compression=lzss
	.bss: load addr=00009904, load size=00000008 bytes, run addr=20200000, run size=000003c9 bytes, compression=zero_init


LINKER GENERATED HANDLER TABLE

__TI_handler_table @ 000098f8 records: 3, size/record: 4, table size: 12
	index: 0, handler: __TI_decompress_lzss
	index: 1, handler: __TI_decompress_none
	index: 2, handler: __TI_zero_init


FAR CALL TRAMPOLINES

callee name               trampoline name
   callee addr  tramp addr   call addr  call info
--------------  -----------  ---------  ----------------
__aeabi_dsub              $Tramp$TT$L$PI$$__aeabi_dsub
   00002c19     000070f4     000070f2   libc.a : _printfi.c.obj (.text.OUTLINED_FUNCTION_0)
__aeabi_fadd              $Tramp$TT$L$PI$$__aeabi_fadd
   00004d4b     00007110     0000710c   libc.a : s_roundf.c.obj (.text.OUTLINED_FUNCTION_0)

[2 trampolines]
[2 trampoline calls]


GLOBAL SYMBOLS: SORTED ALPHABETICALLY BY Name 

address   name                            
-------   ----                            
00002dab  ADC0_IRQHandler                 
00002dab  ADC1_IRQHandler                 
00002dab  AES_IRQHandler                  
00006f49  BQ25628E_Get_IBAT_mA            
00006f55  BQ25628E_Get_IBUS_mA            
00006f61  BQ25628E_Get_VBAT_mV            
00006f6d  BQ25628E_Get_VBUS_mV            
00006f79  BQ25628E_Get_VSYS_mV            
000042b1  BQ25628E_Init_Default           
00006b29  BQ25628E_ReadReg16              
00006b4d  BQ25628E_ReadReg8               
00003fc1  BQ25628E_UpdateTelemetry        
00006b71  BQ25628E_WriteReg16             
00006c25  BQ25628E_WriteReg8              
00004491  BQ27Z746_GetChargingStatus      
00004823  BQ27Z746_GetChemID              
00004745  BQ27Z746_GetDeviceType          
0000635f  BQ27Z746_GetFETOptions          
00004ab7  BQ27Z746_GetFirmwareVersion     
000048ff  BQ27Z746_GetOperationStatus     
000049db  BQ27Z746_GetSafetyStatus        
00003dc1  BQ27Z746_GetSecurityMode        
000062c9  BQ27Z746_GetTempConfig          
00006f85  BQ27Z746_Get_AvgCurrent_mA      
00006f91  BQ27Z746_Get_AvgPower_mW        
00006f9d  BQ27Z746_Get_BatteryStatus      
00006fa9  BQ27Z746_Get_Current_mA         
00006fb5  BQ27Z746_Get_CycleCount         
00006fc1  BQ27Z746_Get_FullChargeCap_mAh  
00006fcd  BQ27Z746_Get_InternalTemp_C     
00006fd9  BQ27Z746_Get_RemainingCap_mAh   
00006fe5  BQ27Z746_Get_SOC_pct            
00006ff1  BQ27Z746_Get_StateOfHealth_pct  
00006ffd  BQ27Z746_Get_Temperature_C      
00007009  BQ27Z746_Get_TimeToEmpty_min    
00007015  BQ27Z746_Get_TimeToFull_min     
00007021  BQ27Z746_Get_Voltage_mV         
000069b1  BQ27Z746_Init                   
00006e6d  BQ27Z746_IsDischarging          
00006e7d  BQ27Z746_IsFullyCharged         
00006e8d  BQ27Z746_IsFullyDischarged      
00004b8f  BQ27Z746_MAC_Read               
00006ca5  BQ27Z746_MAC_Send               
0000702d  BQ27Z746_ReadAvgCurrent_mA      
00007039  BQ27Z746_ReadAvgPower_mW        
00007045  BQ27Z746_ReadBatteryStatus      
00007051  BQ27Z746_ReadCurrent_mA         
0000705d  BQ27Z746_ReadCycleCount         
00007069  BQ27Z746_ReadFullChargeCap_mAh  
00006c45  BQ27Z746_ReadInternalTemp_C     
00007075  BQ27Z746_ReadRemainingCap_mAh   
00007081  BQ27Z746_ReadSOC_pct            
0000708d  BQ27Z746_ReadStateOfHealth_pct  
00006c65  BQ27Z746_ReadTemperature_C      
00007099  BQ27Z746_ReadTimeToEmpty_min    
000070a5  BQ27Z746_ReadTimeToFull_min     
000070b1  BQ27Z746_ReadVoltage_mV         
00006481  BQ27Z746_Seal                   
00003895  BQ27Z746_SetTempSensorConfig    
00003785  BQ27Z746_SetUTFET_Direct        
000056c5  BQ27Z746_Unseal                 
00003ec1  BQ27Z746_UpdateTelemetry        
0000553c  C$$EXIT                         
00002dab  CANFD0_IRQHandler               
00001f31  CLI_ProcessInput                
00006609  CLI_RegisterCommand             
0000589d  CLI_Tokenize                    
00002dab  DAC0_IRQHandler                 
000070e1  DL_Common_delayCycles           
0000627d  DL_DMA_initChannel              
00005f59  DL_I2C_fillControllerTXFIFO     
000068c1  DL_I2C_flushControllerRXFIFO    
00006645  DL_I2C_flushControllerTXFIFO    
00006add  DL_I2C_setClockConfig           
000064c5  DL_SPI_init                     
00006e35  DL_SPI_setClockConfig           
00003bb9  DL_Timer_initFourCCPWMMode      
000040bd  DL_Timer_initTimerMode          
00006ce5  DL_Timer_setCaptCompUpdateMethod
00006d39  DL_Timer_setCaptureCompareOutCtl
00006e9d  DL_Timer_setCaptureCompareValue 
00006d01  DL_Timer_setClockConfig         
000063a9  DL_UART_init                    
00006e47  DL_UART_setClockConfig          
000068f1  DL_UART_transmitDataBlocking    
00002dab  DMA_IRQHandler                  
00002dab  Default_Handler                 
00002dab  GROUP0_IRQHandler               
00002dab  GROUP1_IRQHandler               
0000553d  HOSTexit                        
00002dab  HardFault_Handler               
00006ead  I2C0_IRQHandler                 
00006ebd  I2C1_IRQHandler                 
00002885  I2C_ReadDevice                  
0000457d  I2C_TryAddress                  
00003cbd  I2C_TryAddress10                
000032d5  I2C_WriteDevice                 
000063f1  LED_control_init                
00006ecd  LED_get_current                 
000070bd  LED_get_voltage                 
00004ee9  LED_set_current                 
000060cd  LED_set_voltage                 
000069dd  MB85RS_Init                     
00005061  MB85RS_Read                     
000055c9  MB85RS_ReadID                   
00006071  MB85RS_ReadStatus               
0000340d  MB85RS_Write                    
00002dab  NMI_Handler                     
00002dab  PendSV_Handler                  
00002dab  RTC_IRQHandler                  
00007143  Reset_Handler                   
00006a09  SPI0_IRQHandler                 
0000688d  SPI1_IRQHandler                 
00005fb9  SPI_Controller_Arm              
00006b95  SPI_Controller_Init             
00005395  SPI_Memory_Arm                  
000070c9  SPI_Memory_CS_Assert            
00006edd  SPI_Memory_CS_Deassert          
00006a35  SPI_Memory_Init                 
000039a1  SPI_Memory_Wait                 
00002dab  SVC_Handler                     
00005905  SYSCFG_DL_CURRENT_CONTROL_init  
00006d51  SYSCFG_DL_DMA_CH0_init          
00006d69  SYSCFG_DL_DMA_CH1_init          
00006d81  SYSCFG_DL_DMA_CH2_init          
00006d99  SYSCFG_DL_DMA_CH3_init          
00006df7  SYSCFG_DL_DMA_init              
0000305d  SYSCFG_DL_GPIO_init             
0000596d  SYSCFG_DL_I2C_0_init            
000059d5  SYSCFG_DL_I2C_1_init            
00005e99  SYSCFG_DL_MCU_UART_1_init       
00005c45  SYSCFG_DL_SPI_0_init            
00005ef9  SYSCFG_DL_SPI_1_init            
00006509  SYSCFG_DL_SYSCTL_init           
000067ad  SYSCFG_DL_TIMER_0_init          
0000582d  SYSCFG_DL_UART_0_init           
00005a3d  SYSCFG_DL_VOLTAGE_CONTROL_init  
00005aa5  SYSCFG_DL_init                  
00005301  SYSCFG_DL_initPower             
00004fa5  Shared_I2C_IRQHandler           
00002dab  SysTick_Handler                 
00002dab  TIMA0_IRQHandler                
00002dab  TIMA1_IRQHandler                
00002dab  TIMG0_IRQHandler                
00002dab  TIMG12_IRQHandler               
00002dab  TIMG6_IRQHandler                
00002dab  TIMG7_IRQHandler                
00002dab  TIMG8_IRQHandler                
00006db1  UART0_IRQHandler                
00002dab  UART1_IRQHandler                
00002dab  UART2_IRQHandler                
00002dab  UART3_IRQHandler                
00005119  UARTReceive                     
20200290  UART_Buffer                     
20208000  __STACK_END                     
00000200  __STACK_SIZE                    
00000000  __TI_ATRegion0_region_sz        
00000000  __TI_ATRegion0_src_addr         
00000000  __TI_ATRegion0_trg_addr         
00000000  __TI_ATRegion1_region_sz        
00000000  __TI_ATRegion1_src_addr         
00000000  __TI_ATRegion1_trg_addr         
00000000  __TI_ATRegion2_region_sz        
00000000  __TI_ATRegion2_src_addr         
00000000  __TI_ATRegion2_trg_addr         
0000990c  __TI_CINIT_Base                 
0000991c  __TI_CINIT_Limit                
0000991c  __TI_CINIT_Warm                 
000098f8  __TI_Handler_Table_Base         
00009904  __TI_Handler_Table_Limit        
000066f9  __TI_auto_init_nobinit_nopinit  
00005649  __TI_decompress_lzss            
00006e59  __TI_decompress_none            
00006125  __TI_ltoa                       
ffffffff  __TI_pprof_out_hndl             
000000c1  __TI_printfi                    
ffffffff  __TI_prof_data_size             
ffffffff  __TI_prof_data_start            
00000000  __TI_static_base__              
00006de1  __TI_zero_init_nomemset         
00002c23  __adddf3                        
00004d4b  __addsf3                        
000078a0  __aeabi_ctype_table_            
000078a0  __aeabi_ctype_table_C           
00006315  __aeabi_d2iz                    
00002c23  __aeabi_dadd                    
00005d71  __aeabi_dcmpeq                  
00005dad  __aeabi_dcmpge                  
00005dc1  __aeabi_dcmpgt                  
00005d99  __aeabi_dcmple                  
00005d85  __aeabi_dcmplt                  
00003aad  __aeabi_ddiv                    
00004661  __aeabi_dmul                    
00002c19  __aeabi_dsub                    
20200508  __aeabi_errno                   
0000712d  __aeabi_errno_addr              
000067e5  __aeabi_f2iz                    
00004d4b  __aeabi_fadd                    
00005dd5  __aeabi_fcmpeq                  
00005e11  __aeabi_fcmpge                  
00005e25  __aeabi_fcmpgt                  
00005dfd  __aeabi_fcmple                  
00005de9  __aeabi_fcmplt                  
00005425  __aeabi_fmul                    
00004d41  __aeabi_fsub                    
00006a61  __aeabi_i2d                     
000061d5  __aeabi_idiv                    
00004c67  __aeabi_idiv0                   
000061d5  __aeabi_idivmod                 
0000573f  __aeabi_ldiv0                   
00006cc5  __aeabi_llsl                    
00006bb9  __aeabi_lmul                    
000070d5  __aeabi_memclr                  
000070d5  __aeabi_memclr4                 
000070d5  __aeabi_memclr8                 
00007135  __aeabi_memcpy                  
00007135  __aeabi_memcpy4                 
00007135  __aeabi_memcpy8                 
00006f2d  __aeabi_memset                  
00006f2d  __aeabi_memset4                 
00006f2d  __aeabi_memset8                 
00006a8d  __aeabi_ui2f                    
00006549  __aeabi_uidiv                   
00006549  __aeabi_uidivmod                
00006e0d  __aeabi_uldivmod                
00006cc5  __ashldi3                       
ffffffff  __binit__                       
00005b0d  __cmpdf2                        
00006735  __cmpsf2                        
00003aad  __divdf3                        
00005b0d  __eqdf2                         
00006735  __eqsf2                         
00006315  __fixdfsi                       
000067e5  __fixsfsi                       
00006a61  __floatsidf                     
00006a8d  __floatunsisf                   
000057b9  __gedf2                         
00006681  __gesf2                         
000057b9  __gtdf2                         
00006681  __gtsf2                         
00005b0d  __ledf2                         
00006735  __lesf2                         
00005b0d  __ltdf2                         
00006735  __ltsf2                         
UNDEFED   __mpu_init                      
00004661  __muldf3                        
00006bb9  __muldi3                        
00006771  __muldsi3                       
00005425  __mulsf3                        
00005b0d  __nedf2                         
00006735  __nesf2                         
20207e00  __stack                         
20200000  __start___llvm_prf_bits         
20200000  __start___llvm_prf_cnts         
20200000  __stop___llvm_prf_bits          
20200000  __stop___llvm_prf_cnts          
00002c19  __subdf3                        
00004d41  __subsf3                        
000051c5  __udivmoddi4                    
00006ab5  _c_int00_noargs                 
UNDEFED   _system_post_cinit              
00007147  _system_pre_init                
0000713d  abort                           
00006589  atoi                            
ffffffff  binit                           
20200505  bq_monitor_active               
2020053e  char_index                      
000017bd  cmd_bq                          
0000123d  cmd_fram                        
00000a91  cmd_gauge                       
00004e19  cmd_hall                        
00005ca9  cmd_help                        
00002a59  cmd_i2cscan                     
00002495  cmd_i2cscan10                   
00003665  cmd_leds                        
00005d0d  cmd_pir                         
000043a1  cmd_pwr                         
00002dad  cmd_spi                         
2020053f  data_received                   
00006eed  disable_led_boost               
20200492  duty_cycles_led                 
00006efd  enable_led_boost                
000054b1  floorf                          
202003b0  fram                            
20200364  framSpi                         
00006015  frexp                           
00006015  frexpl                          
20200000  gCURRENT_CONTROLBackup          
202003c8  gI2cControllerStatus            
202003b8  gRxCount                        
202003bc  gRxLen                          
20200320  gRxPacket                       
202002d0  gSPI_0Backup                    
202002f8  gSPI_1Backup                    
202003a0  gSPI_RxPacket                   
202004f5  gSPI_TxPacket                   
20200178  gTIMER_0Backup                  
202003c0  gTxCount                        
202003c4  gTxLen                          
20200342  gTxPacket                       
202000bc  gVOLTAGE_CONTROLBackup          
00006f0d  gauge_address                   
00006981  gauge_cmd_read                  
20200541  gauge_monitor_active            
0000681d  gauge_read                      
00006855  gauge_write                     
000066bd  get_UART_buffer                 
2020053c  global_led_voltage              
20200543  hall_monitor_active             
00006d1d  i2c_init                        
00000000  interruptVectors                
00004c69  ldexp                           
00004c69  ldexpl                          
20200514  led_channel                     
00001ba1  main                            
00006c01  memccpy                         
00005267  memcpy                          
00005e37  memset                          
20200518  monitor_rate                    
202003cc  output_currents_led_mA          
20200545  pir_monitor_active              
00005b75  roundf                          
00004c69  scalbn                          
00004c69  scalbnl                         
000041b9  setupCLI                        
20200384  stm32Spi                        
00005541  strcmp                          
00006bdd  strcspn                         
00006b03  strspn                          
00006439  strtok                          
00002f19  strtol                          
00006c85  uart_init                       
00005741  uart_printf                     
000065c9  vsnprintf                       
00006f1d  wcslen                          


GLOBAL SYMBOLS: SORTED BY Symbol Address 

address   name                            
-------   ----                            
00000000  __TI_ATRegion0_region_sz        
00000000  __TI_ATRegion0_src_addr         
00000000  __TI_ATRegion0_trg_addr         
00000000  __TI_ATRegion1_region_sz        
00000000  __TI_ATRegion1_src_addr         
00000000  __TI_ATRegion1_trg_addr         
00000000  __TI_ATRegion2_region_sz        
00000000  __TI_ATRegion2_src_addr         
00000000  __TI_ATRegion2_trg_addr         
00000000  __TI_static_base__              
00000000  interruptVectors                
000000c1  __TI_printfi                    
00000200  __STACK_SIZE                    
00000a91  cmd_gauge                       
0000123d  cmd_fram                        
000017bd  cmd_bq                          
00001ba1  main                            
00001f31  CLI_ProcessInput                
00002495  cmd_i2cscan10                   
00002885  I2C_ReadDevice                  
00002a59  cmd_i2cscan                     
00002c19  __aeabi_dsub                    
00002c19  __subdf3                        
00002c23  __adddf3                        
00002c23  __aeabi_dadd                    
00002dab  ADC0_IRQHandler                 
00002dab  ADC1_IRQHandler                 
00002dab  AES_IRQHandler                  
00002dab  CANFD0_IRQHandler               
00002dab  DAC0_IRQHandler                 
00002dab  DMA_IRQHandler                  
00002dab  Default_Handler                 
00002dab  GROUP0_IRQHandler               
00002dab  GROUP1_IRQHandler               
00002dab  HardFault_Handler               
00002dab  NMI_Handler                     
00002dab  PendSV_Handler                  
00002dab  RTC_IRQHandler                  
00002dab  SVC_Handler                     
00002dab  SysTick_Handler                 
00002dab  TIMA0_IRQHandler                
00002dab  TIMA1_IRQHandler                
00002dab  TIMG0_IRQHandler                
00002dab  TIMG12_IRQHandler               
00002dab  TIMG6_IRQHandler                
00002dab  TIMG7_IRQHandler                
00002dab  TIMG8_IRQHandler                
00002dab  UART1_IRQHandler                
00002dab  UART2_IRQHandler                
00002dab  UART3_IRQHandler                
00002dad  cmd_spi                         
00002f19  strtol                          
0000305d  SYSCFG_DL_GPIO_init             
000032d5  I2C_WriteDevice                 
0000340d  MB85RS_Write                    
00003665  cmd_leds                        
00003785  BQ27Z746_SetUTFET_Direct        
00003895  BQ27Z746_SetTempSensorConfig    
000039a1  SPI_Memory_Wait                 
00003aad  __aeabi_ddiv                    
00003aad  __divdf3                        
00003bb9  DL_Timer_initFourCCPWMMode      
00003cbd  I2C_TryAddress10                
00003dc1  BQ27Z746_GetSecurityMode        
00003ec1  BQ27Z746_UpdateTelemetry        
00003fc1  BQ25628E_UpdateTelemetry        
000040bd  DL_Timer_initTimerMode          
000041b9  setupCLI                        
000042b1  BQ25628E_Init_Default           
000043a1  cmd_pwr                         
00004491  BQ27Z746_GetChargingStatus      
0000457d  I2C_TryAddress                  
00004661  __aeabi_dmul                    
00004661  __muldf3                        
00004745  BQ27Z746_GetDeviceType          
00004823  BQ27Z746_GetChemID              
000048ff  BQ27Z746_GetOperationStatus     
000049db  BQ27Z746_GetSafetyStatus        
00004ab7  BQ27Z746_GetFirmwareVersion     
00004b8f  BQ27Z746_MAC_Read               
00004c67  __aeabi_idiv0                   
00004c69  ldexp                           
00004c69  ldexpl                          
00004c69  scalbn                          
00004c69  scalbnl                         
00004d41  __aeabi_fsub                    
00004d41  __subsf3                        
00004d4b  __addsf3                        
00004d4b  __aeabi_fadd                    
00004e19  cmd_hall                        
00004ee9  LED_set_current                 
00004fa5  Shared_I2C_IRQHandler           
00005061  MB85RS_Read                     
00005119  UARTReceive                     
000051c5  __udivmoddi4                    
00005267  memcpy                          
00005301  SYSCFG_DL_initPower             
00005395  SPI_Memory_Arm                  
00005425  __aeabi_fmul                    
00005425  __mulsf3                        
000054b1  floorf                          
0000553c  C$$EXIT                         
0000553d  HOSTexit                        
00005541  strcmp                          
000055c9  MB85RS_ReadID                   
00005649  __TI_decompress_lzss            
000056c5  BQ27Z746_Unseal                 
0000573f  __aeabi_ldiv0                   
00005741  uart_printf                     
000057b9  __gedf2                         
000057b9  __gtdf2                         
0000582d  SYSCFG_DL_UART_0_init           
0000589d  CLI_Tokenize                    
00005905  SYSCFG_DL_CURRENT_CONTROL_init  
0000596d  SYSCFG_DL_I2C_0_init            
000059d5  SYSCFG_DL_I2C_1_init            
00005a3d  SYSCFG_DL_VOLTAGE_CONTROL_init  
00005aa5  SYSCFG_DL_init                  
00005b0d  __cmpdf2                        
00005b0d  __eqdf2                         
00005b0d  __ledf2                         
00005b0d  __ltdf2                         
00005b0d  __nedf2                         
00005b75  roundf                          
00005c45  SYSCFG_DL_SPI_0_init            
00005ca9  cmd_help                        
00005d0d  cmd_pir                         
00005d71  __aeabi_dcmpeq                  
00005d85  __aeabi_dcmplt                  
00005d99  __aeabi_dcmple                  
00005dad  __aeabi_dcmpge                  
00005dc1  __aeabi_dcmpgt                  
00005dd5  __aeabi_fcmpeq                  
00005de9  __aeabi_fcmplt                  
00005dfd  __aeabi_fcmple                  
00005e11  __aeabi_fcmpge                  
00005e25  __aeabi_fcmpgt                  
00005e37  memset                          
00005e99  SYSCFG_DL_MCU_UART_1_init       
00005ef9  SYSCFG_DL_SPI_1_init            
00005f59  DL_I2C_fillControllerTXFIFO     
00005fb9  SPI_Controller_Arm              
00006015  frexp                           
00006015  frexpl                          
00006071  MB85RS_ReadStatus               
000060cd  LED_set_voltage                 
00006125  __TI_ltoa                       
000061d5  __aeabi_idiv                    
000061d5  __aeabi_idivmod                 
0000627d  DL_DMA_initChannel              
000062c9  BQ27Z746_GetTempConfig          
00006315  __aeabi_d2iz                    
00006315  __fixdfsi                       
0000635f  BQ27Z746_GetFETOptions          
000063a9  DL_UART_init                    
000063f1  LED_control_init                
00006439  strtok                          
00006481  BQ27Z746_Seal                   
000064c5  DL_SPI_init                     
00006509  SYSCFG_DL_SYSCTL_init           
00006549  __aeabi_uidiv                   
00006549  __aeabi_uidivmod                
00006589  atoi                            
000065c9  vsnprintf                       
00006609  CLI_RegisterCommand             
00006645  DL_I2C_flushControllerTXFIFO    
00006681  __gesf2                         
00006681  __gtsf2                         
000066bd  get_UART_buffer                 
000066f9  __TI_auto_init_nobinit_nopinit  
00006735  __cmpsf2                        
00006735  __eqsf2                         
00006735  __lesf2                         
00006735  __ltsf2                         
00006735  __nesf2                         
00006771  __muldsi3                       
000067ad  SYSCFG_DL_TIMER_0_init          
000067e5  __aeabi_f2iz                    
000067e5  __fixsfsi                       
0000681d  gauge_read                      
00006855  gauge_write                     
0000688d  SPI1_IRQHandler                 
000068c1  DL_I2C_flushControllerRXFIFO    
000068f1  DL_UART_transmitDataBlocking    
00006981  gauge_cmd_read                  
000069b1  BQ27Z746_Init                   
000069dd  MB85RS_Init                     
00006a09  SPI0_IRQHandler                 
00006a35  SPI_Memory_Init                 
00006a61  __aeabi_i2d                     
00006a61  __floatsidf                     
00006a8d  __aeabi_ui2f                    
00006a8d  __floatunsisf                   
00006ab5  _c_int00_noargs                 
00006add  DL_I2C_setClockConfig           
00006b03  strspn                          
00006b29  BQ25628E_ReadReg16              
00006b4d  BQ25628E_ReadReg8               
00006b71  BQ25628E_WriteReg16             
00006b95  SPI_Controller_Init             
00006bb9  __aeabi_lmul                    
00006bb9  __muldi3                        
00006bdd  strcspn                         
00006c01  memccpy                         
00006c25  BQ25628E_WriteReg8              
00006c45  BQ27Z746_ReadInternalTemp_C     
00006c65  BQ27Z746_ReadTemperature_C      
00006c85  uart_init                       
00006ca5  BQ27Z746_MAC_Send               
00006cc5  __aeabi_llsl                    
00006cc5  __ashldi3                       
00006ce5  DL_Timer_setCaptCompUpdateMethod
00006d01  DL_Timer_setClockConfig         
00006d1d  i2c_init                        
00006d39  DL_Timer_setCaptureCompareOutCtl
00006d51  SYSCFG_DL_DMA_CH0_init          
00006d69  SYSCFG_DL_DMA_CH1_init          
00006d81  SYSCFG_DL_DMA_CH2_init          
00006d99  SYSCFG_DL_DMA_CH3_init          
00006db1  UART0_IRQHandler                
00006de1  __TI_zero_init_nomemset         
00006df7  SYSCFG_DL_DMA_init              
00006e0d  __aeabi_uldivmod                
00006e35  DL_SPI_setClockConfig           
00006e47  DL_UART_setClockConfig          
00006e59  __TI_decompress_none            
00006e6d  BQ27Z746_IsDischarging          
00006e7d  BQ27Z746_IsFullyCharged         
00006e8d  BQ27Z746_IsFullyDischarged      
00006e9d  DL_Timer_setCaptureCompareValue 
00006ead  I2C0_IRQHandler                 
00006ebd  I2C1_IRQHandler                 
00006ecd  LED_get_current                 
00006edd  SPI_Memory_CS_Deassert          
00006eed  disable_led_boost               
00006efd  enable_led_boost                
00006f0d  gauge_address                   
00006f1d  wcslen                          
00006f2d  __aeabi_memset                  
00006f2d  __aeabi_memset4                 
00006f2d  __aeabi_memset8                 
00006f49  BQ25628E_Get_IBAT_mA            
00006f55  BQ25628E_Get_IBUS_mA            
00006f61  BQ25628E_Get_VBAT_mV            
00006f6d  BQ25628E_Get_VBUS_mV            
00006f79  BQ25628E_Get_VSYS_mV            
00006f85  BQ27Z746_Get_AvgCurrent_mA      
00006f91  BQ27Z746_Get_AvgPower_mW        
00006f9d  BQ27Z746_Get_BatteryStatus      
00006fa9  BQ27Z746_Get_Current_mA         
00006fb5  BQ27Z746_Get_CycleCount         
00006fc1  BQ27Z746_Get_FullChargeCap_mAh  
00006fcd  BQ27Z746_Get_InternalTemp_C     
00006fd9  BQ27Z746_Get_RemainingCap_mAh   
00006fe5  BQ27Z746_Get_SOC_pct            
00006ff1  BQ27Z746_Get_StateOfHealth_pct  
00006ffd  BQ27Z746_Get_Temperature_C      
00007009  BQ27Z746_Get_TimeToEmpty_min    
00007015  BQ27Z746_Get_TimeToFull_min     
00007021  BQ27Z746_Get_Voltage_mV         
0000702d  BQ27Z746_ReadAvgCurrent_mA      
00007039  BQ27Z746_ReadAvgPower_mW        
00007045  BQ27Z746_ReadBatteryStatus      
00007051  BQ27Z746_ReadCurrent_mA         
0000705d  BQ27Z746_ReadCycleCount         
00007069  BQ27Z746_ReadFullChargeCap_mAh  
00007075  BQ27Z746_ReadRemainingCap_mAh   
00007081  BQ27Z746_ReadSOC_pct            
0000708d  BQ27Z746_ReadStateOfHealth_pct  
00007099  BQ27Z746_ReadTimeToEmpty_min    
000070a5  BQ27Z746_ReadTimeToFull_min     
000070b1  BQ27Z746_ReadVoltage_mV         
000070bd  LED_get_voltage                 
000070c9  SPI_Memory_CS_Assert            
000070d5  __aeabi_memclr                  
000070d5  __aeabi_memclr4                 
000070d5  __aeabi_memclr8                 
000070e1  DL_Common_delayCycles           
0000712d  __aeabi_errno_addr              
00007135  __aeabi_memcpy                  
00007135  __aeabi_memcpy4                 
00007135  __aeabi_memcpy8                 
0000713d  abort                           
00007143  Reset_Handler                   
00007147  _system_pre_init                
000078a0  __aeabi_ctype_table_            
000078a0  __aeabi_ctype_table_C           
000098f8  __TI_Handler_Table_Base         
00009904  __TI_Handler_Table_Limit        
0000990c  __TI_CINIT_Base                 
0000991c  __TI_CINIT_Limit                
0000991c  __TI_CINIT_Warm                 
20200000  __start___llvm_prf_bits         
20200000  __start___llvm_prf_cnts         
20200000  __stop___llvm_prf_bits          
20200000  __stop___llvm_prf_cnts          
20200000  gCURRENT_CONTROLBackup          
202000bc  gVOLTAGE_CONTROLBackup          
20200178  gTIMER_0Backup                  
20200290  UART_Buffer                     
202002d0  gSPI_0Backup                    
202002f8  gSPI_1Backup                    
20200320  gRxPacket                       
20200342  gTxPacket                       
20200364  framSpi                         
20200384  stm32Spi                        
202003a0  gSPI_RxPacket                   
202003b0  fram                            
202003b8  gRxCount                        
202003bc  gRxLen                          
202003c0  gTxCount                        
202003c4  gTxLen                          
202003c8  gI2cControllerStatus            
202003cc  output_currents_led_mA          
20200492  duty_cycles_led                 
202004f5  gSPI_TxPacket                   
20200505  bq_monitor_active               
20200508  __aeabi_errno                   
20200514  led_channel                     
20200518  monitor_rate                    
2020053c  global_led_voltage              
2020053e  char_index                      
2020053f  data_received                   
20200541  gauge_monitor_active            
20200543  hall_monitor_active             
20200545  pir_monitor_active              
20207e00  __stack                         
20208000  __STACK_END                     
ffffffff  __TI_pprof_out_hndl             
ffffffff  __TI_prof_data_size             
ffffffff  __TI_prof_data_start            
ffffffff  __binit__                       
ffffffff  binit                           
UNDEFED   __mpu_init                      
UNDEFED   _system_post_cinit              

[335 symbols]
