******************************************************************************
            TI ARM Clang Linker PC v4.0.4                      
******************************************************************************
>> Linked Sat Mar 28 14:12:14 2026

OUTPUT FILE NAME:   <HW_SW_interface_CCS.out>
ENTRY POINT SYMBOL: "_c_int00_noargs"  address: 0000685d


MEMORY CONFIGURATION

         name            origin    length      used     unused   attr    fill
----------------------  --------  ---------  --------  --------  ----  --------
  FLASH                 00000000   00020000  000096c0  00016940  R  X
  SRAM                  20200000   00008000  0000070c  000078f4  RW X
  BCR_CONFIG            41c00000   000000ff  00000000  000000ff  R   
  BSL_CONFIG            41c00100   00000080  00000000  00000080  R   


SEGMENT ALLOCATION MAP

run origin  load origin   length   init length attrs members
----------  ----------- ---------- ----------- ----- -------
00000000    00000000    000096c0   000096c0    r-x
  00000000    00000000    000000c0   000000c0    r-- .intvecs
  000000c0    000000c0    00006e40   00006e40    r-x .text
  00006f00    00006f00    000025e0   000025e0    r-- .rodata
  000094e0    000094e0    000001e0   000001e0    r-- .cinit
20200000    20200000    0000050f   00000000    rw-
  20200000    20200000    00000329   00000000    rw- .bss
  2020032c    2020032c    000001e3   00000000    rw- .data
20207e00    20207e00    00000200   00000000    rw-
  20207e00    20207e00    00000200   00000000    rw- .stack


SECTION ALLOCATION MAP

 output                                  attributes/
section   page    origin      length       input sections
--------  ----  ----------  ----------   ----------------
.intvecs   0    00000000    000000c0     
                  00000000    000000c0     startup_mspm0g350x_ticlang.o (.intvecs)

.text      0    000000c0    00006e40     
                  000000c0    000009d0     libc.a : _printfi.c.obj (.text:__TI_printfi)
                  00000a90    000007ac     functions.o (.text.cmd_gauge)
                  0000123c    00000580     functions.o (.text.cmd_fram)
                  000017bc    000003e4     functions.o (.text.cmd_bq)
                  00001ba0    00000390     main.o (.text.main)
                  00001f30    00000344     uart.o (.text.CLI_ProcessInput)
                  00002274    00000220     libc.a : _printfi.c.obj (.text._pconv_a)
                  00002494    000001dc            : _printfi.c.obj (.text._pconv_g)
                  00002670    000001d4     i2c.o (.text.I2C_ReadDevice)
                  00002844    000001c0     functions.o (.text.cmd_i2cscan)
                  00002a04    00000192     libclang_rt.builtins.a : adddf3.S.obj (.text.adddf3_subdf3)
                  00002b96    00000002     startup_mspm0g350x_ticlang.o (.text.Default_Handler)
                  00002b98    0000016c     functions.o (.text.cmd_spi)
                  00002d04    00000144     libc.a : strtol.c.obj (.text.strtol)
                  00002e48    0000013c     ti_msp_dl_config.o (.text.SYSCFG_DL_GPIO_init)
                  00002f84    0000013c     libc.a : _printfi.c.obj (.text.fcvt)
                  000030c0    00000138     i2c.o (.text.I2C_WriteDevice)
                  000031f8    00000138     mb85rs.o (.text.MB85RS_Write)
                  00003330    00000124     functions.o (.text.cmd_leds)
                  00003454    00000120     libc.a : _printfi.c.obj (.text._pconv_e)
                  00003574    00000110     BQ27Z7_functions.o (.text.BQ27Z746_SetUTFET_Direct)
                  00003684    0000010c     BQ27Z7_functions.o (.text.BQ27Z746_SetTempSensorConfig)
                  00003790    0000010c     spi_mem.o (.text.SPI_Memory_Wait)
                  0000389c    0000010c     libclang_rt.builtins.a : divdf3.S.obj (.text.__divdf3)
                  000039a8    00000104     driverlib.a : dl_timer.o (.text.DL_Timer_initFourCCPWMMode)
                  00003aac    00000100     BQ27Z7_functions.o (.text.BQ27Z746_GetSecurityMode)
                  00003bac    00000100     BQ27Z7_functions.o (.text.BQ27Z746_UpdateTelemetry)
                  00003cac    000000fc     BQ25628_functions.o (.text.BQ25628E_UpdateTelemetry)
                  00003da8    000000fc     driverlib.a : dl_timer.o (.text.DL_Timer_initTimerMode)
                  00003ea4    000000f0     BQ25628_functions.o (.text.BQ25628E_Init_Default)
                  00003f94    000000f0     functions.o (.text.cmd_pwr)
                  00004084    000000ec     BQ27Z7_functions.o (.text.BQ27Z746_GetChargingStatus)
                  00004170    000000e4     i2c.o (.text.I2C_TryAddress)
                  00004254    000000e4     libclang_rt.builtins.a : muldf3.S.obj (.text.__muldf3)
                  00004338    000000e0     main.o (.text.setupCLI)
                  00004418    000000de     BQ27Z7_functions.o (.text.BQ27Z746_GetDeviceType)
                  000044f6    000000dc     BQ27Z7_functions.o (.text.BQ27Z746_GetChemID)
                  000045d2    000000dc     BQ27Z7_functions.o (.text.BQ27Z746_GetOperationStatus)
                  000046ae    000000dc     BQ27Z7_functions.o (.text.BQ27Z746_GetSafetyStatus)
                  0000478a    000000d8     BQ27Z7_functions.o (.text.BQ27Z746_GetFirmwareVersion)
                  00004862    000000d8     BQ27Z7_functions.o (.text.BQ27Z746_MAC_Read)
                  0000493a    00000002     libclang_rt.builtins.a : aeabi_div0.c.obj (.text.__aeabi_idiv0)
                  0000493c    000000d8     libc.a : s_scalbn.c.obj (.text.scalbn)
                  00004a14    000000d8     libclang_rt.builtins.a : addsf3.S.obj (.text)
                  00004aec    000000d0     functions.o (.text.cmd_hall)
                  00004bbc    000000cc     BoardAPI.o (.text.LED_control_init)
                  00004c88    000000bc     BoardAPI.o (.text.LED_set_current)
                  00004d44    000000bc     i2c.o (.text.Shared_I2C_IRQHandler)
                  00004e00    000000b8     mb85rs.o (.text.MB85RS_Read)
                  00004eb8    000000b4     BoardAPI.o (.text.LED_set_voltage)
                  00004f6c    000000ac     uart.o (.text.UARTReceive)
                  00005018    000000a2     libclang_rt.builtins.a : udivmoddi4.S.obj (.text)
                  000050ba    0000009a     libc.a : memcpy16.S.obj (.text:memcpy)
                  00005154    00000094     ti_msp_dl_config.o (.text.SYSCFG_DL_initPower)
                  000051e8    00000090     spi_mem.o (.text.SPI_Memory_Arm)
                  00005278    0000008c     libclang_rt.builtins.a : mulsf3.S.obj (.text.__mulsf3)
                  00005304    0000008c     libc.a : s_floorf.c.obj (.text.floorf)
                  00005390    00000088            : strcmp-armv6m.S.obj (.text:strcmp)
                  00005418    00000080     mb85rs.o (.text.MB85RS_ReadID)
                  00005498    0000007c     libc.a : copy_decompress_lzss.c.obj (.text:decompress:lzss)
                  00005514    0000007a     BQ27Z7_functions.o (.text.BQ27Z746_Unseal)
                  0000558e    00000002     libclang_rt.builtins.a : aeabi_div0.c.obj (.text.__aeabi_ldiv0)
                  00005590    00000078     uart.o (.text.uart_printf)
                  00005608    00000074     libclang_rt.builtins.a : comparedf2.c.obj (.text.__gedf2)
                  0000567c    00000070     ti_msp_dl_config.o (.text.SYSCFG_DL_UART_0_init)
                  000056ec    00000068     uart.o (.text.CLI_Tokenize)
                  00005754    00000068     ti_msp_dl_config.o (.text.SYSCFG_DL_CURRENT_CONTROL_init)
                  000057bc    00000068     ti_msp_dl_config.o (.text.SYSCFG_DL_I2C_0_init)
                  00005824    00000068     ti_msp_dl_config.o (.text.SYSCFG_DL_I2C_1_init)
                  0000588c    00000068     ti_msp_dl_config.o (.text.SYSCFG_DL_VOLTAGE_CONTROL_init)
                  000058f4    00000068     libclang_rt.builtins.a : comparedf2.c.obj (.text.__ledf2)
                  0000595c    00000068     libc.a : s_roundf.c.obj (.text.roundf)
                  000059c4    00000066            : _printfi.c.obj (.text._mcpy)
                  00005a2a    00000002     --HOLE-- [fill = 0]
                  00005a2c    00000064     ti_msp_dl_config.o (.text.SYSCFG_DL_SPI_0_init)
                  00005a90    00000064     uart.o (.text.cmd_help)
                  00005af4    00000064     functions.o (.text.cmd_pir)
                  00005b58    00000062     libclang_rt.builtins.a : aeabi_dcmp.S.obj (.text.__aeabi_dcmp)
                  00005bba    00000002     --HOLE-- [fill = 0]
                  00005bbc    00000062                            : aeabi_fcmp.S.obj (.text.__aeabi_fcmp)
                  00005c1e    00000062     libc.a : memset16.S.obj (.text:memset)
                  00005c80    00000060     ti_msp_dl_config.o (.text.SYSCFG_DL_MCU_UART_1_init)
                  00005ce0    00000060     ti_msp_dl_config.o (.text.SYSCFG_DL_SPI_1_init)
                  00005d40    00000060     ti_msp_dl_config.o (.text.SYSCFG_DL_init)
                  00005da0    0000005e     driverlib.a : dl_i2c.o (.text.DL_I2C_fillControllerTXFIFO)
                  00005dfe    00000002     --HOLE-- [fill = 0]
                  00005e00    0000005c     spi_master.o (.text.SPI_Controller_Arm)
                  00005e5c    0000005c     libc.a : s_frexp.c.obj (.text.frexp)
                  00005eb8    0000005a     mb85rs.o (.text.MB85RS_ReadStatus)
                  00005f12    00000058     libc.a : _ltoa.c.obj (.text.__TI_ltoa)
                  00005f6a    00000058            : _printfi.c.obj (.text._pconv_f)
                  00005fc2    00000002     --HOLE-- [fill = 0]
                  00005fc4    00000056     libclang_rt.builtins.a : aeabi_idivmod.S.obj (.text.__aeabi_idivmod)
                  0000601a    00000052     libc.a : _printfi.c.obj (.text._ecpy)
                  0000606c    0000004c     driverlib.a : dl_dma.o (.text.DL_DMA_initChannel)
                  000060b8    0000004a     BQ27Z7_functions.o (.text.BQ27Z746_GetTempConfig)
                  00006102    00000002     --HOLE-- [fill = 0]
                  00006104    0000004a     libclang_rt.builtins.a : fixdfsi.S.obj (.text.__fixdfsi)
                  0000614e    00000048     BQ27Z7_functions.o (.text.BQ27Z746_GetFETOptions)
                  00006196    00000002     --HOLE-- [fill = 0]
                  00006198    00000048     driverlib.a : dl_uart.o (.text.DL_UART_init)
                  000061e0    00000048     libc.a : strtok.c.obj (.text.strtok)
                  00006228    00000044     BQ27Z7_functions.o (.text.BQ27Z746_Seal)
                  0000626c    00000044     driverlib.a : dl_spi.o (.text.DL_SPI_init)
                  000062b0    00000040     ti_msp_dl_config.o (.text.SYSCFG_DL_SYSCTL_init)
                  000062f0    00000040     libclang_rt.builtins.a : aeabi_uidivmod.S.obj (.text.__aeabi_uidivmod)
                  00006330    00000040     libc.a : atoi.c.obj (.text.atoi)
                  00006370    00000040            : vsnprintf.c.obj (.text.vsnprintf)
                  000063b0    0000003c     uart.o (.text.CLI_RegisterCommand)
                  000063ec    0000003c     driverlib.a : dl_i2c.o (.text.DL_I2C_flushControllerTXFIFO)
                  00006428    0000003c     libclang_rt.builtins.a : comparesf2.S.obj (.text.__gtsf2)
                  00006464    0000003c     uart.o (.text.get_UART_buffer)
                  000064a0    0000003c     libc.a : autoinit.c.obj (.text:__TI_auto_init_nobinit_nopinit)
                  000064dc    0000003a     libclang_rt.builtins.a : comparesf2.S.obj (.text.__eqsf2)
                  00006516    00000002     --HOLE-- [fill = 0]
                  00006518    0000003a                            : muldsi3.S.obj (.text.__muldsi3)
                  00006552    00000002     --HOLE-- [fill = 0]
                  00006554    00000038     ti_msp_dl_config.o (.text.SYSCFG_DL_TIMER_0_init)
                  0000658c    00000038     libclang_rt.builtins.a : fixsfsi.S.obj (.text.__fixsfsi)
                  000065c4    00000038     gauge.o (.text.gauge_read)
                  000065fc    00000038     gauge.o (.text.gauge_write)
                  00006634    00000034     spi_master.o (.text.SPI1_IRQHandler)
                  00006668    00000030     driverlib.a : dl_i2c.o (.text.DL_I2C_flushControllerRXFIFO)
                  00006698    00000030                 : dl_uart.o (.text.DL_UART_transmitDataBlocking)
                  000066c8    00000030     libc.a : _printfi.c.obj (.text._fcpy)
                  000066f8    00000030            : vsnprintf.c.obj (.text._outs)
                  00006728    00000030     gauge.o (.text.gauge_cmd_read)
                  00006758    0000002c     BQ27Z7_functions.o (.text.BQ27Z746_Init)
                  00006784    0000002c     mb85rs.o (.text.MB85RS_Init)
                  000067b0    0000002c     spi_mem.o (.text.SPI0_IRQHandler)
                  000067dc    0000002c     spi_mem.o (.text.SPI_Memory_Init)
                  00006808    0000002c     libclang_rt.builtins.a : floatsidf.S.obj (.text.__floatsidf)
                  00006834    00000028                            : floatunsisf.S.obj (.text.__floatunsisf)
                  0000685c    00000028     libc.a : boot_cortex_m.c.obj (.text:_c_int00_noargs)
                  00006884    00000026     driverlib.a : dl_i2c.o (.text.DL_I2C_setClockConfig)
                  000068aa    00000026     libc.a : strspn.c.obj (.text.strspn)
                  000068d0    00000024     BQ25628_functions.o (.text.BQ25628E_ReadReg16)
                  000068f4    00000024     BQ25628_functions.o (.text.BQ25628E_ReadReg8)
                  00006918    00000024     BQ25628_functions.o (.text.BQ25628E_WriteReg16)
                  0000693c    00000024     spi_master.o (.text.SPI_Controller_Init)
                  00006960    00000024     libclang_rt.builtins.a : muldi3.S.obj (.text.__muldi3)
                  00006984    00000024     libc.a : strcspn.c.obj (.text.strcspn)
                  000069a8    00000022            : memccpy.c.obj (.text.memccpy)
                  000069ca    00000002     --HOLE-- [fill = 0]
                  000069cc    00000020     BQ25628_functions.o (.text.BQ25628E_WriteReg8)
                  000069ec    00000020     BQ27Z7_functions.o (.text.BQ27Z746_ReadInternalTemp_C)
                  00006a0c    00000020     BQ27Z7_functions.o (.text.BQ27Z746_ReadTemperature_C)
                  00006a2c    00000020     uart.o (.text.uart_init)
                  00006a4c    0000001e     BQ27Z7_functions.o (.text.BQ27Z746_MAC_Send)
                  00006a6a    00000002     --HOLE-- [fill = 0]
                  00006a6c    0000001e     libclang_rt.builtins.a : ashldi3.S.obj (.text.__ashldi3)
                  00006a8a    00000002     --HOLE-- [fill = 0]
                  00006a8c    0000001c     driverlib.a : dl_timer.o (.text.DL_Timer_setCaptCompUpdateMethod)
                  00006aa8    0000001c                 : dl_timer.o (.text.DL_Timer_setClockConfig)
                  00006ac4    0000001c     i2c.o (.text.i2c_init)
                  00006ae0    00000018     driverlib.a : dl_timer.o (.text.DL_Timer_setCaptureCompareOutCtl)
                  00006af8    00000018     ti_msp_dl_config.o (.text.SYSCFG_DL_DMA_CH0_init)
                  00006b10    00000018     ti_msp_dl_config.o (.text.SYSCFG_DL_DMA_CH1_init)
                  00006b28    00000018     ti_msp_dl_config.o (.text.SYSCFG_DL_DMA_CH2_init)
                  00006b40    00000018     ti_msp_dl_config.o (.text.SYSCFG_DL_DMA_CH3_init)
                  00006b58    00000018     main.o (.text.UART0_IRQHandler)
                  00006b70    00000018     libc.a : vsnprintf.c.obj (.text._outc)
                  00006b88    00000016            : copy_zero_init.c.obj (.text:decompress:ZI:__TI_zero_init_nomemset)
                  00006b9e    00000014     ti_msp_dl_config.o (.text.SYSCFG_DL_DMA_init)
                  00006bb2    00000002     --HOLE-- [fill = 0]
                  00006bb4    00000014     libclang_rt.builtins.a : aeabi_uldivmod.S.obj (.text.__aeabi_uldivmod)
                  00006bc8    00000014     libc.a : _printfi.c.obj (.text.strchr)
                  00006bdc    00000012     driverlib.a : dl_spi.o (.text.DL_SPI_setClockConfig)
                  00006bee    00000012                 : dl_uart.o (.text.DL_UART_setClockConfig)
                  00006c00    00000012     libc.a : copy_decompress_none.c.obj (.text:decompress:none)
                  00006c12    00000002     --HOLE-- [fill = 0]
                  00006c14    00000010     BQ27Z7_functions.o (.text.BQ27Z746_IsDischarging)
                  00006c24    00000010     BQ27Z7_functions.o (.text.BQ27Z746_IsFullyCharged)
                  00006c34    00000010     BQ27Z7_functions.o (.text.BQ27Z746_IsFullyDischarged)
                  00006c44    00000010     driverlib.a : dl_timer.o (.text.DL_Timer_setCaptureCompareValue)
                  00006c54    00000010     i2c.o (.text.I2C0_IRQHandler)
                  00006c64    00000010     i2c.o (.text.I2C1_IRQHandler)
                  00006c74    00000010     BoardAPI.o (.text.LED_get_current)
                  00006c84    00000010     spi_mem.o (.text.SPI_Memory_CS_Deassert)
                  00006c94    00000010     BoardAPI.o (.text.disable_led_boost)
                  00006ca4    00000010     BoardAPI.o (.text.enable_led_boost)
                  00006cb4    00000010     gauge.o (.text.gauge_address)
                  00006cc4    00000010     libc.a : wcslen.c.obj (.text.wcslen)
                  00006cd4    0000000e     libclang_rt.builtins.a : aeabi_memset.S.obj (.text.__aeabi_memset)
                  00006ce2    0000000e     libc.a : _printfi.c.obj (.text.strlen)
                  00006cf0    0000000c     BQ25628_functions.o (.text.BQ25628E_Get_IBAT_mA)
                  00006cfc    0000000c     BQ25628_functions.o (.text.BQ25628E_Get_IBUS_mA)
                  00006d08    0000000c     BQ25628_functions.o (.text.BQ25628E_Get_VBAT_mV)
                  00006d14    0000000c     BQ25628_functions.o (.text.BQ25628E_Get_VBUS_mV)
                  00006d20    0000000c     BQ25628_functions.o (.text.BQ25628E_Get_VSYS_mV)
                  00006d2c    0000000c     BQ27Z7_functions.o (.text.BQ27Z746_Get_AvgCurrent_mA)
                  00006d38    0000000c     BQ27Z7_functions.o (.text.BQ27Z746_Get_AvgPower_mW)
                  00006d44    0000000c     BQ27Z7_functions.o (.text.BQ27Z746_Get_BatteryStatus)
                  00006d50    0000000c     BQ27Z7_functions.o (.text.BQ27Z746_Get_Current_mA)
                  00006d5c    0000000c     BQ27Z7_functions.o (.text.BQ27Z746_Get_CycleCount)
                  00006d68    0000000c     BQ27Z7_functions.o (.text.BQ27Z746_Get_FullChargeCap_mAh)
                  00006d74    0000000c     BQ27Z7_functions.o (.text.BQ27Z746_Get_InternalTemp_C)
                  00006d80    0000000c     BQ27Z7_functions.o (.text.BQ27Z746_Get_RemainingCap_mAh)
                  00006d8c    0000000c     BQ27Z7_functions.o (.text.BQ27Z746_Get_SOC_pct)
                  00006d98    0000000c     BQ27Z7_functions.o (.text.BQ27Z746_Get_StateOfHealth_pct)
                  00006da4    0000000c     BQ27Z7_functions.o (.text.BQ27Z746_Get_Temperature_C)
                  00006db0    0000000c     BQ27Z7_functions.o (.text.BQ27Z746_Get_TimeToEmpty_min)
                  00006dbc    0000000c     BQ27Z7_functions.o (.text.BQ27Z746_Get_TimeToFull_min)
                  00006dc8    0000000c     BQ27Z7_functions.o (.text.BQ27Z746_Get_Voltage_mV)
                  00006dd4    0000000c     BQ27Z7_functions.o (.text.BQ27Z746_ReadAvgCurrent_mA)
                  00006de0    0000000c     BQ27Z7_functions.o (.text.BQ27Z746_ReadAvgPower_mW)
                  00006dec    0000000c     BQ27Z7_functions.o (.text.BQ27Z746_ReadBatteryStatus)
                  00006df8    0000000c     BQ27Z7_functions.o (.text.BQ27Z746_ReadCurrent_mA)
                  00006e04    0000000c     BQ27Z7_functions.o (.text.BQ27Z746_ReadCycleCount)
                  00006e10    0000000c     BQ27Z7_functions.o (.text.BQ27Z746_ReadFullChargeCap_mAh)
                  00006e1c    0000000c     BQ27Z7_functions.o (.text.BQ27Z746_ReadRemainingCap_mAh)
                  00006e28    0000000c     BQ27Z7_functions.o (.text.BQ27Z746_ReadSOC_pct)
                  00006e34    0000000c     BQ27Z7_functions.o (.text.BQ27Z746_ReadStateOfHealth_pct)
                  00006e40    0000000c     BQ27Z7_functions.o (.text.BQ27Z746_ReadTimeToEmpty_min)
                  00006e4c    0000000c     BQ27Z7_functions.o (.text.BQ27Z746_ReadTimeToFull_min)
                  00006e58    0000000c     BQ27Z7_functions.o (.text.BQ27Z746_ReadVoltage_mV)
                  00006e64    0000000c     BoardAPI.o (.text.LED_get_voltage)
                  00006e70    0000000c     spi_mem.o (.text.SPI_Memory_CS_Assert)
                  00006e7c    0000000c     libclang_rt.builtins.a : aeabi_memset.S.obj (.text.__aeabi_memclr)
                  00006e88    0000000a     driverlib.a : dl_common.o (.text.DL_Common_delayCycles)
                  00006e92    0000000a     libc.a : _printfi.c.obj (.text.OUTLINED_FUNCTION_0)
                  00006e9c    00000010     libclang_rt.builtins.a : adddf3.S.obj (.tramp.__aeabi_dsub.1)
                  00006eac    0000000a     libc.a : s_roundf.c.obj (.text.OUTLINED_FUNCTION_0)
                  00006eb6    00000002     --HOLE-- [fill = 0]
                  00006eb8    00000010     libclang_rt.builtins.a : addsf3.S.obj (.tramp.__aeabi_fadd.1)
                  00006ec8    0000000a     libc.a : _printfi.c.obj (.text.OUTLINED_FUNCTION_1)
                  00006ed2    00000002     --HOLE-- [fill = 0]
                  00006ed4    00000008            : aeabi_portable.c.obj (.text.__aeabi_errno_addr)
                  00006edc    00000008     libclang_rt.builtins.a : aeabi_memcpy.S.obj (.text.__aeabi_memcpy)
                  00006ee4    00000006     libc.a : exit.c.obj (.text:abort)
                  00006eea    00000004     libsysbm.a : hostexit.c.obj (.text.HOSTexit)
                  00006eee    00000004     startup_mspm0g350x_ticlang.o (.text.Reset_Handler)
                  00006ef2    00000004     libc.a : pre_init.c.obj (.text._system_pre_init)
                  00006ef6    0000000a     --HOLE-- [fill = 0]

.cinit     0    000094e0    000001e0     
                  000094e0    000001b6     (.cinit..data.load) [load image, compression = lzss]
                  00009696    00000002     --HOLE-- [fill = 0]
                  00009698    0000000c     (__TI_handler_table)
                  000096a4    00000008     (.cinit..bss.load) [load image, compression = zero_init]
                  000096ac    00000010     (__TI_cinit_table)
                  000096bc    00000004     --HOLE-- [fill = 0]

.rodata    0    00006f00    000025e0     
                  00006f00    000002ec     functions.o (.rodata.str1.14660004578859228044.1)
                  000071ec    000001da     functions.o (.rodata.str1.17600609178903569978.1)
                  000073c6    0000014d     functions.o (.rodata.str1.3019495220097340546.1)
                  00007513    00000131     functions.o (.rodata.str1.14424774467072349609.1)
                  00007644    0000000c     functions.o (.rodata.str1.12082073636076449582.1)
                  00007650    00000101     libc.a : aeabi_ctype.S.obj (.rodata:__aeabi_ctype_table_)
                  00007751    000000af     functions.o (.rodata.str1.10105263805998509149.1)
                  00007800    0000006b     functions.o (.rodata.str1.9863839573043808502.1)
                  0000786b    00000046     functions.o (.rodata.str1.14754684760099289372.1)
                  000078b1    00000041     functions.o (.rodata.str1.2344728598999326712.1)
                  000078f2    0000003c     functions.o (.rodata.str1.6596733414268854495.1)
                  0000792e    0000003b     functions.o (.rodata.str1.13405053720543497480.1)
                  00007969    0000003b     main.o (.rodata.str1.18092426736022315238.1)
                  000079a4    0000003a     functions.o (.rodata.str1.13647871663007229205.1)
                  000079de    00000037     functions.o (.rodata.str1.1832783851567210609.1)
                  00007a15    00000036     functions.o (.rodata.str1.11740181311745255940.1)
                  00007a4b    00000036     functions.o (.rodata.str1.5685701548624197313.1)
                  00007a81    00000034     functions.o (.rodata.str1.11489194655681450928.1)
                  00007ab5    00000034     functions.o (.rodata.str1.13869735989619804122.1)
                  00007ae9    00000033     functions.o (.rodata.str1.14425403555696131028.1)
                  00007b1c    00000032     functions.o (.rodata.str1.7684438339927393593.1)
                  00007b4e    00000031     functions.o (.rodata.str1.11371842499512143921.1)
                  00007b7f    00000031     functions.o (.rodata.str1.13529407018213730301.1)
                  00007bb0    00000031     main.o (.rodata.str1.16265332423659789559.1)
                  00007be1    00000030     main.o (.rodata.str1.8096991282711418442.1)
                  00007c11    0000002f     functions.o (.rodata.str1.11510568493784519380.1)
                  00007c40    0000002f     functions.o (.rodata.str1.11655743873260979083.1)
                  00007c6f    0000002f     main.o (.rodata.str1.18227636981041470289.1)
                  00007c9e    0000002f     functions.o (.rodata.str1.5574861860302912700.1)
                  00007ccd    0000002e     functions.o (.rodata.str1.1810987313933839541.1)
                  00007cfb    0000002d     functions.o (.rodata.str1.13361924668150654931.1)
                  00007d28    0000002d     functions.o (.rodata.str1.13786467237224150958.1)
                  00007d55    0000002d     functions.o (.rodata.str1.15871961652988661611.1)
                  00007d82    0000002d     functions.o (.rodata.str1.17873271132953962449.1)
                  00007daf    0000002d     functions.o (.rodata.str1.303947978237559523.1)
                  00007ddc    0000002c     main.o (.rodata.str1.13030671760666898970.1)
                  00007e08    0000002b     functions.o (.rodata.str1.7213520456192855849.1)
                  00007e33    0000002b     functions.o (.rodata.str1.963556741755692615.1)
                  00007e5e    0000002a     functions.o (.rodata.str1.11852899632267644254.1)
                  00007e88    0000002a     functions.o (.rodata.str1.13933329845969146692.1)
                  00007eb2    0000002a     functions.o (.rodata.str1.17242831494859343374.1)
                  00007edc    00000029     functions.o (.rodata.str1.14212890215622683485.1)
                  00007f05    00000028     functions.o (.rodata.str1.13707145581914847747.1)
                  00007f2d    00000027     functions.o (.rodata.str1.7085808795165203043.1)
                  00007f54    00000027     main.o (.rodata.str1.9059077390166914652.1)
                  00007f7b    00000026     main.o (.rodata.str1.10720410773482754683.1)
                  00007fa1    00000026     functions.o (.rodata.str1.11596568296542930794.1)
                  00007fc7    00000026     functions.o (.rodata.str1.312031595841812858.1)
                  00007fed    00000025     main.o (.rodata.str1.10313062130652730376.1)
                  00008012    00000025     main.o (.rodata.str1.11870794119293528247.1)
                  00008037    00000025     main.o (.rodata.str1.14079361385603432444.1)
                  0000805c    00000025     functions.o (.rodata.str1.5196872854305757230.1)
                  00008081    00000024     main.o (.rodata.str1.14466178792657420020.1)
                  000080a5    00000024     functions.o (.rodata.str1.2298903785866919411.1)
                  000080c9    00000024     main.o (.rodata.str1.2624144126699937905.1)
                  000080ed    00000024     functions.o (.rodata.str1.831622212789273363.1)
                  00008111    00000023     main.o (.rodata.str1.14402440632258215044.1)
                  00008134    00000023     uart.o (.rodata.str1.14464947116831474962.1)
                  00008157    00000023     functions.o (.rodata.str1.3739636256912452571.1)
                  0000817a    00000023     functions.o (.rodata.str1.4088760258362988122.1)
                  0000819d    00000023     functions.o (.rodata.str1.7723146404961276984.1)
                  000081c0    00000022     functions.o (.rodata.str1.10930655922842606279.1)
                  000081e2    00000022     functions.o (.rodata.str1.11373607083750233779.1)
                  00008204    00000022     functions.o (.rodata.str1.11403685632016021771.1)
                  00008226    00000022     main.o (.rodata.str1.1311392489248731986.1)
                  00008248    00000022     main.o (.rodata.str1.14712910685067215323.1)
                  0000826a    00000022     functions.o (.rodata.str1.16614484817706633923.1)
                  0000828c    00000022     functions.o (.rodata.str1.2190941444116491765.1)
                  000082ae    00000022     functions.o (.rodata.str1.2305192595417680505.1)
                  000082d0    00000022     main.o (.rodata.str1.6554448696319176064.1)
                  000082f2    00000022     functions.o (.rodata.str1.8841248051089024616.1)
                  00008314    00000021     functions.o (.rodata.str1.10302267126528799586.1)
                  00008335    00000021     functions.o (.rodata.str1.11345522308171243087.1)
                  00008356    00000021     functions.o (.rodata.str1.12250083639950253671.1)
                  00008377    00000021     functions.o (.rodata.str1.16726128468901222387.1)
                  00008398    00000021     functions.o (.rodata.str1.17004305802620412261.1)
                  000083b9    00000021     functions.o (.rodata.str1.18169768820860067831.1)
                  000083da    00000021     functions.o (.rodata.str1.2216088936736676215.1)
                  000083fb    00000021     functions.o (.rodata.str1.2654337880733388962.1)
                  0000841c    00000021     functions.o (.rodata.str1.3098115528246613681.1)
                  0000843d    00000021     functions.o (.rodata.str1.3322434249706281543.1)
                  0000845e    00000021     functions.o (.rodata.str1.4531601087117612729.1)
                  0000847f    00000021     functions.o (.rodata.str1.455706336395187257.1)
                  000084a0    00000021     functions.o (.rodata.str1.8430466031500812981.1)
                  000084c1    00000020     main.o (.rodata.str1.10224226614597680209.1)
                  000084e1    00000020     functions.o (.rodata.str1.10387253022637546114.1)
                  00008501    00000020     functions.o (.rodata.str1.10868672936327135180.1)
                  00008521    00000020     functions.o (.rodata.str1.11488970495173820783.1)
                  00008541    00000020     functions.o (.rodata.str1.14247832736261690914.1)
                  00008561    00000020     functions.o (.rodata.str1.16499007181999684178.1)
                  00008581    00000020     functions.o (.rodata.str1.16985884696085998545.1)
                  000085a1    00000020     functions.o (.rodata.str1.17954340015018547257.1)
                  000085c1    00000020     functions.o (.rodata.str1.1879081474855052955.1)
                  000085e1    00000020     functions.o (.rodata.str1.2347775125427912132.1)
                  00008601    00000020     functions.o (.rodata.str1.2989574447005584482.1)
                  00008621    00000020     functions.o (.rodata.str1.9506313465773766142.1)
                  00008641    0000001f     main.o (.rodata.str1.14112174005742061988.1)
                  00008660    0000001f     functions.o (.rodata.str1.1434866316927325970.1)
                  0000867f    0000001f     functions.o (.rodata.str1.17524032667240931881.1)
                  0000869e    0000001f     functions.o (.rodata.str1.18319551690001788249.1)
                  000086bd    0000001f     functions.o (.rodata.str1.2090819679678785128.1)
                  000086dc    0000001f     functions.o (.rodata.str1.2618360898605671341.1)
                  000086fb    0000001f     functions.o (.rodata.str1.3741468063811768988.1)
                  0000871a    0000001f     functions.o (.rodata.str1.417100376825835908.1)
                  00008739    0000001f     functions.o (.rodata.str1.5352344875588335774.1)
                  00008758    0000001f     functions.o (.rodata.str1.7261598007108977983.1)
                  00008777    0000001f     functions.o (.rodata.str1.7667325258934765219.1)
                  00008796    0000001e     functions.o (.rodata.str1.11548324711019379123.1)
                  000087b4    0000001e     functions.o (.rodata.str1.13258710136769708401.1)
                  000087d2    0000001e     functions.o (.rodata.str1.15416425971347363818.1)
                  000087f0    0000001e     functions.o (.rodata.str1.17124744513834159004.1)
                  0000880e    0000001e     functions.o (.rodata.str1.2132137826339264873.1)
                  0000882c    0000001e     functions.o (.rodata.str1.2153166669032916089.1)
                  0000884a    0000001e     functions.o (.rodata.str1.8276779995786722914.1)
                  00008868    0000001e     functions.o (.rodata.str1.9393216526452698668.1)
                  00008886    0000001e     functions.o (.rodata.str1.9629253951102113371.1)
                  000088a4    0000001d     functions.o (.rodata.str1.10029850049327752681.1)
                  000088c1    0000001d     functions.o (.rodata.str1.12122565456592184258.1)
                  000088de    0000001d     functions.o (.rodata.str1.1787322033648190911.1)
                  000088fb    0000001d     functions.o (.rodata.str1.67103668184455600.1)
                  00008918    0000001c     functions.o (.rodata.str1.11158820112163685190.1)
                  00008934    0000001c     main.o (.rodata.str1.12180500075719773345.1)
                  00008950    0000001c     functions.o (.rodata.str1.14504089057119714207.1)
                  0000896c    0000001c     functions.o (.rodata.str1.17112998893623131760.1)
                  00008988    0000001c     functions.o (.rodata.str1.17418132220924322792.1)
                  000089a4    0000001c     functions.o (.rodata.str1.2090735207208419621.1)
                  000089c0    0000001c     functions.o (.rodata.str1.823074591787180899.1)
                  000089dc    0000001b     functions.o (.rodata.str1.12869987097872302101.1)
                  000089f7    0000001b     functions.o (.rodata.str1.13213250456124221025.1)
                  00008a12    0000001b     functions.o (.rodata.str1.15241132200125037881.1)
                  00008a2d    0000001b     functions.o (.rodata.str1.17669684748118727147.1)
                  00008a48    0000001b     functions.o (.rodata.str1.4198453541086758413.1)
                  00008a63    0000001b     functions.o (.rodata.str1.504123949362312185.1)
                  00008a7e    0000001b     functions.o (.rodata.str1.6579945242302544448.1)
                  00008a99    0000001b     functions.o (.rodata.str1.6954128830300373732.1)
                  00008ab4    0000001b     functions.o (.rodata.str1.771275161403278999.1)
                  00008acf    0000001b     functions.o (.rodata.str1.9586352787182320994.1)
                  00008aea    0000001a     functions.o (.rodata.str1.10394495994740858438.1)
                  00008b04    0000001a     functions.o (.rodata.str1.11584461607463951922.1)
                  00008b1e    0000001a     functions.o (.rodata.str1.11621569494667626893.1)
                  00008b38    0000001a     functions.o (.rodata.str1.12609848238114409581.1)
                  00008b52    0000001a     functions.o (.rodata.str1.13060549876486072544.1)
                  00008b6c    0000001a     functions.o (.rodata.str1.15914577833492633752.1)
                  00008b86    0000001a     main.o (.rodata.str1.16631870348416990953.1)
                  00008ba0    0000001a     functions.o (.rodata.str1.2872345601479061820.1)
                  00008bba    0000001a     functions.o (.rodata.str1.976629323795015702.1)
                  00008bd4    0000001a     functions.o (.rodata.str1.9987864939932165754.1)
                  00008bee    00000019     main.o (.rodata.str1.17376258722486336754.1)
                  00008c07    00000019     functions.o (.rodata.str1.2006883888705870762.1)
                  00008c20    00000019     functions.o (.rodata.str1.9504405780896684869.1)
                  00008c39    00000003     ti_msp_dl_config.o (.rodata.gCURRENT_CONTROLClockConfig)
                  00008c3c    00000018     ti_msp_dl_config.o (.rodata.gDMA_CH0Config)
                  00008c54    00000018     ti_msp_dl_config.o (.rodata.gDMA_CH1Config)
                  00008c6c    00000018     ti_msp_dl_config.o (.rodata.gDMA_CH2Config)
                  00008c84    00000018     ti_msp_dl_config.o (.rodata.gDMA_CH3Config)
                  00008c9c    00000018     functions.o (.rodata.str1.14826907694073300720.1)
                  00008cb4    00000018     functions.o (.rodata.str1.15647711897633472048.1)
                  00008ccc    00000018     functions.o (.rodata.str1.3544098629501009633.1)
                  00008ce4    00000018     functions.o (.rodata.str1.4307635291288551838.1)
                  00008cfc    00000018     functions.o (.rodata.str1.5556253844797924259.1)
                  00008d14    00000018     main.o (.rodata.str1.8154729771448623357.1)
                  00008d2c    00000017     functions.o (.rodata.str1.11087625087312282266.1)
                  00008d43    00000017     functions.o (.rodata.str1.1121117191475404019.1)
                  00008d5a    00000017     functions.o (.rodata.str1.13497160822588500659.1)
                  00008d71    00000017     functions.o (.rodata.str1.15981603964029308583.1)
                  00008d88    00000017     functions.o (.rodata.str1.17162129685140799346.1)
                  00008d9f    00000017     functions.o (.rodata.str1.1798579838546719175.1)
                  00008db6    00000017     functions.o (.rodata.str1.3107984650851015417.1)
                  00008dcd    00000017     functions.o (.rodata.str1.4144252613811081812.1)
                  00008de4    00000017     main.o (.rodata.str1.4787932902692149498.1)
                  00008dfb    00000017     functions.o (.rodata.str1.5896414462293131170.1)
                  00008e12    00000017     functions.o (.rodata.str1.7276749916342729794.1)
                  00008e29    00000017     functions.o (.rodata.str1.8683587540435544184.1)
                  00008e40    00000017     functions.o (.rodata.str1.8975528390176846916.1)
                  00008e57    00000016     main.o (.rodata.str1.13288086030101331538.1)
                  00008e6d    00000016     functions.o (.rodata.str1.13750405472340812261.1)
                  00008e83    00000016     functions.o (.rodata.str1.14296218639596138037.1)
                  00008e99    00000016     functions.o (.rodata.str1.14626576299884526934.1)
                  00008eaf    00000016     functions.o (.rodata.str1.1463293767001829125.1)
                  00008ec5    00000016     uart.o (.rodata.str1.15503172443992438641.1)
                  00008edb    00000016     functions.o (.rodata.str1.16113805747440866019.1)
                  00008ef1    00000016     functions.o (.rodata.str1.17016031596792030868.1)
                  00008f07    00000016     functions.o (.rodata.str1.1912318065655334061.1)
                  00008f1d    00000016     functions.o (.rodata.str1.5117621188084071403.1)
                  00008f33    00000015     functions.o (.rodata.str1.11457859038367029433.1)
                  00008f48    00000015     functions.o (.rodata.str1.13291850131445628085.1)
                  00008f5d    00000015     functions.o (.rodata.str1.13318008327193210645.1)
                  00008f72    00000015     functions.o (.rodata.str1.14079700471513303319.1)
                  00008f87    00000015     functions.o (.rodata.str1.14779408147115502373.1)
                  00008f9c    00000015     functions.o (.rodata.str1.16344480386849582482.1)
                  00008fb1    00000015     functions.o (.rodata.str1.17171889877841249491.1)
                  00008fc6    00000015     functions.o (.rodata.str1.17819248719987149311.1)
                  00008fdb    00000015     functions.o (.rodata.str1.18285776561876861988.1)
                  00008ff0    00000015     functions.o (.rodata.str1.5514502381961403268.1)
                  00009005    00000015     main.o (.rodata.str1.5630281060179367396.1)
                  0000901a    00000015     main.o (.rodata.str1.6891813955777630061.1)
                  0000902f    00000015     functions.o (.rodata.str1.7987950595137088371.1)
                  00009044    00000015     uart.o (.rodata.str1.8171864734171609186.1)
                  00009059    00000003     ti_msp_dl_config.o (.rodata.gTIMER_0ClockConfig)
                  0000905c    00000014     functions.o (.rodata..Lswitch.table.cmd_gauge)
                  00009070    00000014     ti_msp_dl_config.o (.rodata.gTIMER_0TimerConfig)
                  00009084    00000014     main.o (.rodata.str1.13782249893155712474.1)
                  00009098    00000014     functions.o (.rodata.str1.16059144329163883794.1)
                  000090ac    00000014     functions.o (.rodata.str1.4910338030008278487.1)
                  000090c0    00000014     functions.o (.rodata.str1.5905555877690922764.1)
                  000090d4    00000014     functions.o (.rodata.str1.7324634916810494498.1)
                  000090e8    00000014     functions.o (.rodata.str1.9955790773425000222.1)
                  000090fc    00000013     functions.o (.rodata.str1.17622889657162422067.1)
                  0000910f    00000012     functions.o (.rodata.str1.11391304066098951517.1)
                  00009121    00000012     main.o (.rodata.str1.7784929982665794503.1)
                  00009133    00000011     libc.a : _printfi.c.obj (.rodata.str1.10348868589481759720.1)
                  00009144    00000011     main.o (.rodata.str1.11121730273200050387.1)
                  00009155    00000011     main.o (.rodata.str1.11822182024223342093.1)
                  00009166    00000011     libc.a : _printfi.c.obj (.rodata.str1.15363888844622738466.1)
                  00009177    00000011     main.o (.rodata.str1.16709704744796600189.1)
                  00009188    00000011     main.o (.rodata.str1.2563708670032483588.1)
                  00009199    00000011     main.o (.rodata.str1.3292798375424520613.1)
                  000091aa    00000011     main.o (.rodata.str1.403738606202455663.1)
                  000091bb    00000011     main.o (.rodata.str1.8320541211001259012.1)
                  000091cc    00000011     functions.o (.rodata.str1.8855207564147674068.1)
                  000091dd    00000003     ti_msp_dl_config.o (.rodata.gVOLTAGE_CONTROLClockConfig)
                  000091e0    00000010     functions.o (.rodata..Lswitch.table.cmd_fram)
                  000091f0    00000010     main.o (.rodata..Lswitch.table.main)
                  00009200    00000010     functions.o (.rodata.str1.12247701732483370762.1)
                  00009210    0000000f     functions.o (.rodata.str1.2372479248998020874.1)
                  0000921f    0000000f     functions.o (.rodata.str1.6405428687533244608.1)
                  0000922e    0000000e     main.o (.rodata.str1.11321157723316767883.1)
                  0000923c    0000000e     functions.o (.rodata.str1.3274426514815924028.1)
                  0000924a    0000000e     functions.o (.rodata.str1.6433388484108913441.1)
                  00009258    0000000d     functions.o (.rodata.str1.14249227603012650231.1)
                  00009265    0000000d     main.o (.rodata.str1.39260288392874984.1)
                  00009272    0000000c     functions.o (.rodata.str1.12649739183381639352.1)
                  0000927e    0000000c     functions.o (.rodata.str1.2128294674425382420.1)
                  0000928a    0000000c     main.o (.rodata.str1.5043408953494467246.1)
                  00009296    0000000b     main.o (.rodata.str1.11702106008850790973.1)
                  000092a1    0000000b     main.o (.rodata.str1.11777244287787065045.1)
                  000092ac    0000000b     functions.o (.rodata.str1.4040450050525152614.1)
                  000092b7    0000000b     functions.o (.rodata.str1.6500671132244866452.1)
                  000092c2    0000000a     ti_msp_dl_config.o (.rodata.gMCU_UART_1Config)
                  000092cc    0000000a     ti_msp_dl_config.o (.rodata.gSPI_0_config)
                  000092d6    0000000a     ti_msp_dl_config.o (.rodata.gSPI_1_config)
                  000092e0    0000000a     ti_msp_dl_config.o (.rodata.gUART_0Config)
                  000092ea    0000000a     main.o (.rodata.str1.10865113624938808685.1)
                  000092f4    0000000a     functions.o (.rodata.str1.1518209179495633459.1)
                  000092fe    0000000a     functions.o (.rodata.str1.9659379646541333203.1)
                  00009308    0000000a     functions.o (.rodata.str1.9866892624350641238.1)
                  00009312    00000009     functions.o (.rodata.str1.11364996628600094536.1)
                  0000931b    00000009     functions.o (.rodata.str1.12257129677820421622.1)
                  00009324    00000009     functions.o (.rodata.str1.13225435875195226696.1)
                  0000932d    00000009     main.o (.rodata.str1.17045314124001216156.1)
                  00009336    00000009     main.o (.rodata.str1.17770841602246103764.1)
                  0000933f    00000009     main.o (.rodata.str1.2597068879322958637.1)
                  00009348    00000009     uart.o (.rodata.str1.2747995240747259486.1)
                  00009351    00000009     functions.o (.rodata.str1.5320122413559821118.1)
                  0000935a    00000009     functions.o (.rodata.str1.5699953771227312792.1)
                  00009363    00000009     functions.o (.rodata.str1.6743441520423956273.1)
                  0000936c    00000008     ti_msp_dl_config.o (.rodata.gCURRENT_CONTROLConfig)
                  00009374    00000008     ti_msp_dl_config.o (.rodata.gVOLTAGE_CONTROLConfig)
                  0000937c    00000008     main.o (.rodata.str1.10635229749459437609.1)
                  00009384    00000008     functions.o (.rodata.str1.11093425900794288272.1)
                  0000938c    00000008     functions.o (.rodata.str1.11517924573668616356.1)
                  00009394    00000008     functions.o (.rodata.str1.12716370140545181522.1)
                  0000939c    00000008     functions.o (.rodata.str1.15667472894159448674.1)
                  000093a4    00000008     functions.o (.rodata.str1.15927518266867229498.1)
                  000093ac    00000008     functions.o (.rodata.str1.16929425599360063401.1)
                  000093b4    00000008     functions.o (.rodata.str1.2299744636238869032.1)
                  000093bc    00000008     main.o (.rodata.str1.2846389346932560359.1)
                  000093c4    00000008     functions.o (.rodata.str1.3156050197955811031.1)
                  000093cc    00000008     functions.o (.rodata.str1.6886749528440134913.1)
                  000093d4    00000008     main.o (.rodata.str1.8428454045432808059.1)
                  000093dc    00000007     functions.o (.rodata.str1.14125585639945481457.1)
                  000093e3    00000007     functions.o (.rodata.str1.17588442350683572369.1)
                  000093ea    00000007     functions.o (.rodata.str1.18157200286260056646.1)
                  000093f1    00000007     functions.o (.rodata.str1.2606492479815574346.1)
                  000093f8    00000007     functions.o (.rodata.str1.3123360382440319361.1)
                  000093ff    00000007     functions.o (.rodata.str1.4892436572911226530.1)
                  00009406    00000007     main.o (.rodata.str1.6976963560179378225.1)
                  0000940d    00000006     functions.o (.rodata.str1.11538060877586311343.1)
                  00009413    00000006     functions.o (.rodata.str1.13877888024071246384.1)
                  00009419    00000006     functions.o (.rodata.str1.16699442666505370998.1)
                  0000941f    00000006     functions.o (.rodata.str1.17144429639171527548.1)
                  00009425    00000006     main.o (.rodata.str1.2123964117280943167.1)
                  0000942b    00000006     functions.o (.rodata.str1.389011575781332116.1)
                  00009431    00000006     functions.o (.rodata.str1.4959705119256106851.1)
                  00009437    00000006     main.o (.rodata.str1.8828068777338075035.1)
                  0000943d    00000005     functions.o (.rodata.str1.11900037607746946141.1)
                  00009442    00000005     functions.o (.rodata.str1.13183419841694627606.1)
                  00009447    00000005     functions.o (.rodata.str1.14496393926573069083.1)
                  0000944c    00000005     main.o (.rodata.str1.15159059442110792349.1)
                  00009451    00000005     main.o (.rodata.str1.16302215771116645891.1)
                  00009456    00000005     functions.o (.rodata.str1.16757203657686794125.1)
                  0000945b    00000005     main.o (.rodata.str1.288608917962107522.1)
                  00009460    00000005     functions.o (.rodata.str1.2957129483359387701.1)
                  00009465    00000005     functions.o (.rodata.str1.3066531604708884151.1)
                  0000946a    00000005     functions.o (.rodata.str1.3172367308849033862.1)
                  0000946f    00000005     functions.o (.rodata.str1.4214633535407782609.1)
                  00009474    00000005     functions.o (.rodata.str1.502354497711140047.1)
                  00009479    00000005     main.o (.rodata.str1.8108965883388295311.1)
                  0000947e    00000005     functions.o (.rodata.str1.8113497073403762318.1)
                  00009483    00000004     functions.o (.rodata.str1.11296493460036947760.1)
                  00009487    00000004     functions.o (.rodata.str1.12871985577256932554.1)
                  0000948b    00000004     main.o (.rodata.str1.15996357275703397564.1)
                  0000948f    00000004     main.o (.rodata.str1.17100691992556644108.1)
                  00009493    00000004     main.o (.rodata.str1.2763581881760962609.1)
                  00009497    00000004     functions.o (.rodata.str1.3121139948745544124.1)
                  0000949b    00000004     functions.o (.rodata.str1.4561657886204501224.1)
                  0000949f    00000004     functions.o (.rodata.str1.4930741957133989383.1)
                  000094a3    00000004     functions.o (.rodata.str1.62749256631814321.1)
                  000094a7    00000004     functions.o (.rodata.str1.7319270408353279736.1)
                  000094ab    00000004     main.o (.rodata.str1.7996925722583989644.1)
                  000094af    00000004     main.o (.rodata.str1.8076846746581808073.1)
                  000094b3    00000004     functions.o (.rodata.str1.9119127971185803168.1)
                  000094b7    00000003     uart.o (.rodata.str1.12819099410943012003.1)
                  000094ba    00000003     functions.o (.rodata.str1.13554695696533425351.1)
                  000094bd    00000003     functions.o (.rodata.str1.7108839738911806945.1)
                  000094c0    00000003     main.o (.rodata.str1.7702501944640899365.1)
                  000094c3    00000003     functions.o (.rodata.str1.8684894204910267454.1)
                  000094c6    00000002     ti_msp_dl_config.o (.rodata.gI2C_0ClockConfig)
                  000094c8    00000002     ti_msp_dl_config.o (.rodata.gI2C_1ClockConfig)
                  000094ca    00000002     ti_msp_dl_config.o (.rodata.gMCU_UART_1ClockConfig)
                  000094cc    00000002     ti_msp_dl_config.o (.rodata.gSPI_0_clockConfig)
                  000094ce    00000002     ti_msp_dl_config.o (.rodata.gSPI_1_clockConfig)
                  000094d0    00000002     ti_msp_dl_config.o (.rodata.gUART_0ClockConfig)
                  000094d2    00000002     uart.o (.rodata.str1.3510367808670815947.1)
                  000094d4    00000002     functions.o (.rodata.str1.5994875290679588583.1)
                  000094d6    0000000a     --HOLE-- [fill = 0]

.init_array 
*          0    00000000    00000000     UNINITIALIZED

.binit     0    00000000    00000000     

.bss       0    20200000    00000329     UNINITIALIZED
                  20200000    000000bc     (.common:gCURRENT_CONTROLBackup)
                  202000bc    000000bc     (.common:gVOLTAGE_CONTROLBackup)
                  20200178    00000078     uart.o (.bss.commandList)
                  202001f0    00000040     (.common:UART_Buffer)
                  20200230    00000028     (.common:gSPI_0Backup)
                  20200258    00000028     (.common:gSPI_1Backup)
                  20200280    00000022     (.common:gRxPacket)
                  202002a2    00000022     (.common:gTxPacket)
                  202002c4    00000020     (.common:framSpi)
                  202002e4    0000001c     (.common:stm32Spi)
                  20200300    00000010     (.common:gSPI_RxPacket)
                  20200310    00000008     (.common:fram)
                  20200318    00000004     (.common:gRxCount)
                  2020031c    00000004     (.common:gRxLen)
                  20200320    00000004     (.common:gTxCount)
                  20200324    00000004     (.common:gTxLen)
                  20200328    00000001     (.common:gI2cControllerStatus)

.data      0    2020032c    000001e3     UNINITIALIZED
                  2020032c    000000c6     BoardAPI.o (.data.output_currents_led_mA)
                  202003f2    00000063     BoardAPI.o (.data.duty_cycles_led)
                  20200455    00000001     main.o (.data.bq_monitor_active)
                  20200456    00000046     BoardAPI.o (.data.output_voltages_boost_mV)
                  2020049c    00000023     BoardAPI.o (.data.duty_cycles_boost)
                  202004bf    00000010     spi_master.o (.data.gSPI_TxPacket)
                  202004cf    00000001     uart.o (.data.char_index)
                  202004d0    00000004     libc.a : aeabi_portable.c.obj (.data.__aeabi_errno)
                  202004d4    00000004     uart.o (.data.commandCount)
                  202004d8    00000004     libc.a : strtok.c.obj (.data.last_end)
                  202004dc    00000004     BoardAPI.o (.data.led_channel)
                  202004e0    00000004     main.o (.data.monitor_rate)
                  202004e4    00000002     BQ25628_functions.o (.data.g_ibat_mA)
                  202004e6    00000002     BQ25628_functions.o (.data.g_ibus_mA)
                  202004e8    00000002     BQ27Z7_functions.o (.data.g_telem.0)
                  202004ea    00000002     BQ27Z7_functions.o (.data.g_telem.10)
                  202004ec    00000002     BQ27Z7_functions.o (.data.g_telem.11)
                  202004ee    00000002     BQ27Z7_functions.o (.data.g_telem.12)
                  202004f0    00000002     BQ27Z7_functions.o (.data.g_telem.13)
                  202004f2    00000002     BQ27Z7_functions.o (.data.g_telem.1)
                  202004f4    00000002     BQ27Z7_functions.o (.data.g_telem.2)
                  202004f6    00000002     BQ27Z7_functions.o (.data.g_telem.4)
                  202004f8    00000002     BQ27Z7_functions.o (.data.g_telem.5)
                  202004fa    00000002     BQ27Z7_functions.o (.data.g_telem.7)
                  202004fc    00000002     BQ27Z7_functions.o (.data.g_telem.8)
                  202004fe    00000002     BQ27Z7_functions.o (.data.g_telem.9)
                  20200500    00000002     BQ25628_functions.o (.data.g_vbat_mV)
                  20200502    00000002     BQ25628_functions.o (.data.g_vbus_mV)
                  20200504    00000002     BQ25628_functions.o (.data.g_vsys_mV)
                  20200506    00000002     BoardAPI.o (.data.global_led_voltage)
                  20200508    00000001     uart.o (.data.data_received)
                  20200509    00000001     gauge.o (.data.g_gaugeAddr)
                  2020050a    00000001     BQ27Z7_functions.o (.data.g_telem.3)
                  2020050b    00000001     main.o (.data.gauge_monitor_active)
                  2020050c    00000001     BQ27Z7_functions.o (.data.g_telem.6)
                  2020050d    00000001     main.o (.data.hall_monitor_active)
                  2020050e    00000001     main.o (.data.pir_monitor_active)

.stack     0    20207e00    00000200     UNINITIALIZED
                  20207e00    00000004     libc.a : boot_cortex_m.c.obj (.stack)
                  20207e04    000001fc     --HOLE--

__llvm_prf_cnts 
*          0    20200000    00000000     UNINITIALIZED

__llvm_prf_bits 
*          0    20200000    00000000     UNINITIALIZED

MODULE SUMMARY

       Module                         code    ro data   rw data
       ------                         ----    -------   -------
    .\
       functions.o                    6020    7856      8      
       main.o                         1160    1254      8      
       ti_msp_dl_config.o             1616    193       456    
       BoardAPI.o                     632     0         408    
       startup_mspm0g350x_ticlang.o   6       192       0      
    +--+------------------------------+-------+---------+---------+
       Total:                         9434    9495      880    
                                                               
    .\HAL\
       uart.o                         1484    92        190    
       i2c.o                          1256    0         85     
       spi_mem.o                      528     0         32     
       spi_master.o                   180     0         60     
    +--+------------------------------+-------+---------+---------+
       Total:                         3448    92        367    
                                                               
    .\ics\BQ25628\
       BQ25628_functions.o            692     0         10     
    +--+------------------------------+-------+---------+---------+
       Total:                         692     0         10     
                                                               
    .\ics\BQ27Z7\
       BQ27Z7_functions.o             3436    0         26     
       gauge.o                        176     0         1      
    +--+------------------------------+-------+---------+---------+
       Total:                         3612    0         27     
                                                               
    .\ics\MB85RS\
       mb85rs.o                       758     0         0      
    +--+------------------------------+-------+---------+---------+
       Total:                         758     0         0      
                                                               
    C:/ti/mspm0_sdk_2_09_00_01/source/ti/driverlib/lib/ticlang/m0p/mspm0g1x0x_g3x0x/driverlib.a
       dl_timer.o                     608     0         0      
       dl_i2c.o                       240     0         0      
       dl_uart.o                      138     0         0      
       dl_spi.o                       86      0         0      
       dl_dma.o                       76      0         0      
       dl_common.o                    10      0         0      
    +--+------------------------------+-------+---------+---------+
       Total:                         1158    0         0      
                                                               
    C:\ti\ccs2031\ccs\tools\compiler\ti-cgt-armllvm_4.0.4.LTS\lib\armv6m-ti-none-eabi/c/libc.a
       _printfi.c.obj                 4510    34        0      
       strtol.c.obj                   324     0         0      
       aeabi_ctype.S.obj              0       257       0      
       s_scalbn.c.obj                 216     0         0      
       memcpy16.S.obj                 154     0         0      
       s_floorf.c.obj                 140     0         0      
       strcmp-armv6m.S.obj            136     0         0      
       vsnprintf.c.obj                136     0         0      
       copy_decompress_lzss.c.obj     124     0         0      
       s_roundf.c.obj                 114     0         0      
       memset16.S.obj                 98      0         0      
       s_frexp.c.obj                  92      0         0      
       _ltoa.c.obj                    88      0         0      
       strtok.c.obj                   72      0         4      
       atoi.c.obj                     64      0         0      
       autoinit.c.obj                 60      0         0      
       boot_cortex_m.c.obj            40      0         0      
       strspn.c.obj                   38      0         0      
       strcspn.c.obj                  36      0         0      
       memccpy.c.obj                  34      0         0      
       copy_zero_init.c.obj           22      0         0      
       copy_decompress_none.c.obj     18      0         0      
       wcslen.c.obj                   16      0         0      
       aeabi_portable.c.obj           8       0         4      
       exit.c.obj                     6       0         0      
       pre_init.c.obj                 4       0         0      
    +--+------------------------------+-------+---------+---------+
       Total:                         6550    291       8      
                                                               
    C:\ti\ccs2031\ccs\tools\compiler\ti-cgt-armllvm_4.0.4.LTS\lib\armv6m-ti-none-eabi/c/libsysbm.a
       hostexit.c.obj                 4       0         0      
    +--+------------------------------+-------+---------+---------+
       Total:                         4       0         0      
                                                               
    C:\ti\ccs2031\ccs\tools\compiler\ti-cgt-armllvm_4.0.4.LTS\lib\armv6m-ti-none-eabi/libclang_rt.builtins.a
       adddf3.S.obj                   418     0         0      
       divdf3.S.obj                   268     0         0      
       addsf3.S.obj                   232     0         0      
       muldf3.S.obj                   228     0         0      
       comparedf2.c.obj               220     0         0      
       udivmoddi4.S.obj               162     0         0      
       mulsf3.S.obj                   140     0         0      
       comparesf2.S.obj               118     0         0      
       aeabi_dcmp.S.obj               98      0         0      
       aeabi_fcmp.S.obj               98      0         0      
       aeabi_idivmod.S.obj            86      0         0      
       fixdfsi.S.obj                  74      0         0      
       aeabi_uidivmod.S.obj           64      0         0      
       muldsi3.S.obj                  58      0         0      
       fixsfsi.S.obj                  56      0         0      
       floatsidf.S.obj                44      0         0      
       floatunsisf.S.obj              40      0         0      
       muldi3.S.obj                   36      0         0      
       ashldi3.S.obj                  30      0         0      
       aeabi_memset.S.obj             26      0         0      
       aeabi_uldivmod.S.obj           20      0         0      
       aeabi_memcpy.S.obj             8       0         0      
       aeabi_div0.c.obj               4       0         0      
    +--+------------------------------+-------+---------+---------+
       Total:                         2528    0         0      
                                                               
       Stack:                         0       0         512    
       Linker Generated:              0       474       0      
    +--+------------------------------+-------+---------+---------+
       Grand Total:                   28184   10352     1804   


LINKER GENERATED COPY TABLES

__TI_cinit_table @ 000096ac records: 2, size/record: 8, table size: 16
	.data: load addr=000094e0, load size=000001b6 bytes, run addr=2020032c, run size=000001e3 bytes, compression=lzss
	.bss: load addr=000096a4, load size=00000008 bytes, run addr=20200000, run size=00000329 bytes, compression=zero_init


LINKER GENERATED HANDLER TABLE

__TI_handler_table @ 00009698 records: 3, size/record: 4, table size: 12
	index: 0, handler: __TI_decompress_lzss
	index: 1, handler: __TI_decompress_none
	index: 2, handler: __TI_zero_init


FAR CALL TRAMPOLINES

callee name               trampoline name
   callee addr  tramp addr   call addr  call info
--------------  -----------  ---------  ----------------
__aeabi_dsub              $Tramp$TT$L$PI$$__aeabi_dsub
   00002a05     00006e9c     00006e9a   libc.a : _printfi.c.obj (.text.OUTLINED_FUNCTION_0)
__aeabi_fadd              $Tramp$TT$L$PI$$__aeabi_fadd
   00004a1f     00006eb8     00006eb4   libc.a : s_roundf.c.obj (.text.OUTLINED_FUNCTION_0)

[2 trampolines]
[2 trampoline calls]


GLOBAL SYMBOLS: SORTED ALPHABETICALLY BY Name 

address   name                            
-------   ----                            
00002b97  ADC0_IRQHandler                 
00002b97  ADC1_IRQHandler                 
00002b97  AES_IRQHandler                  
00006cf1  BQ25628E_Get_IBAT_mA            
00006cfd  BQ25628E_Get_IBUS_mA            
00006d09  BQ25628E_Get_VBAT_mV            
00006d15  BQ25628E_Get_VBUS_mV            
00006d21  BQ25628E_Get_VSYS_mV            
00003ea5  BQ25628E_Init_Default           
000068d1  BQ25628E_ReadReg16              
000068f5  BQ25628E_ReadReg8               
00003cad  BQ25628E_UpdateTelemetry        
00006919  BQ25628E_WriteReg16             
000069cd  BQ25628E_WriteReg8              
00004085  BQ27Z746_GetChargingStatus      
000044f7  BQ27Z746_GetChemID              
00004419  BQ27Z746_GetDeviceType          
0000614f  BQ27Z746_GetFETOptions          
0000478b  BQ27Z746_GetFirmwareVersion     
000045d3  BQ27Z746_GetOperationStatus     
000046af  BQ27Z746_GetSafetyStatus        
00003aad  BQ27Z746_GetSecurityMode        
000060b9  BQ27Z746_GetTempConfig          
00006d2d  BQ27Z746_Get_AvgCurrent_mA      
00006d39  BQ27Z746_Get_AvgPower_mW        
00006d45  BQ27Z746_Get_BatteryStatus      
00006d51  BQ27Z746_Get_Current_mA         
00006d5d  BQ27Z746_Get_CycleCount         
00006d69  BQ27Z746_Get_FullChargeCap_mAh  
00006d75  BQ27Z746_Get_InternalTemp_C     
00006d81  BQ27Z746_Get_RemainingCap_mAh   
00006d8d  BQ27Z746_Get_SOC_pct            
00006d99  BQ27Z746_Get_StateOfHealth_pct  
00006da5  BQ27Z746_Get_Temperature_C      
00006db1  BQ27Z746_Get_TimeToEmpty_min    
00006dbd  BQ27Z746_Get_TimeToFull_min     
00006dc9  BQ27Z746_Get_Voltage_mV         
00006759  BQ27Z746_Init                   
00006c15  BQ27Z746_IsDischarging          
00006c25  BQ27Z746_IsFullyCharged         
00006c35  BQ27Z746_IsFullyDischarged      
00004863  BQ27Z746_MAC_Read               
00006a4d  BQ27Z746_MAC_Send               
00006dd5  BQ27Z746_ReadAvgCurrent_mA      
00006de1  BQ27Z746_ReadAvgPower_mW        
00006ded  BQ27Z746_ReadBatteryStatus      
00006df9  BQ27Z746_ReadCurrent_mA         
00006e05  BQ27Z746_ReadCycleCount         
00006e11  BQ27Z746_ReadFullChargeCap_mAh  
000069ed  BQ27Z746_ReadInternalTemp_C     
00006e1d  BQ27Z746_ReadRemainingCap_mAh   
00006e29  BQ27Z746_ReadSOC_pct            
00006e35  BQ27Z746_ReadStateOfHealth_pct  
00006a0d  BQ27Z746_ReadTemperature_C      
00006e41  BQ27Z746_ReadTimeToEmpty_min    
00006e4d  BQ27Z746_ReadTimeToFull_min     
00006e59  BQ27Z746_ReadVoltage_mV         
00006229  BQ27Z746_Seal                   
00003685  BQ27Z746_SetTempSensorConfig    
00003575  BQ27Z746_SetUTFET_Direct        
00005515  BQ27Z746_Unseal                 
00003bad  BQ27Z746_UpdateTelemetry        
00006eea  C$$EXIT                         
00002b97  CANFD0_IRQHandler               
00001f31  CLI_ProcessInput                
000063b1  CLI_RegisterCommand             
000056ed  CLI_Tokenize                    
00002b97  DAC0_IRQHandler                 
00006e89  DL_Common_delayCycles           
0000606d  DL_DMA_initChannel              
00005da1  DL_I2C_fillControllerTXFIFO     
00006669  DL_I2C_flushControllerRXFIFO    
000063ed  DL_I2C_flushControllerTXFIFO    
00006885  DL_I2C_setClockConfig           
0000626d  DL_SPI_init                     
00006bdd  DL_SPI_setClockConfig           
000039a9  DL_Timer_initFourCCPWMMode      
00003da9  DL_Timer_initTimerMode          
00006a8d  DL_Timer_setCaptCompUpdateMethod
00006ae1  DL_Timer_setCaptureCompareOutCtl
00006c45  DL_Timer_setCaptureCompareValue 
00006aa9  DL_Timer_setClockConfig         
00006199  DL_UART_init                    
00006bef  DL_UART_setClockConfig          
00006699  DL_UART_transmitDataBlocking    
00002b97  DMA_IRQHandler                  
00002b97  Default_Handler                 
00002b97  GROUP0_IRQHandler               
00002b97  GROUP1_IRQHandler               
00006eeb  HOSTexit                        
00002b97  HardFault_Handler               
00006c55  I2C0_IRQHandler                 
00006c65  I2C1_IRQHandler                 
00002671  I2C_ReadDevice                  
00004171  I2C_TryAddress                  
000030c1  I2C_WriteDevice                 
00004bbd  LED_control_init                
00006c75  LED_get_current                 
00006e65  LED_get_voltage                 
00004c89  LED_set_current                 
00004eb9  LED_set_voltage                 
00006785  MB85RS_Init                     
00004e01  MB85RS_Read                     
00005419  MB85RS_ReadID                   
00005eb9  MB85RS_ReadStatus               
000031f9  MB85RS_Write                    
00002b97  NMI_Handler                     
00002b97  PendSV_Handler                  
00002b97  RTC_IRQHandler                  
00006eef  Reset_Handler                   
000067b1  SPI0_IRQHandler                 
00006635  SPI1_IRQHandler                 
00005e01  SPI_Controller_Arm              
0000693d  SPI_Controller_Init             
000051e9  SPI_Memory_Arm                  
00006e71  SPI_Memory_CS_Assert            
00006c85  SPI_Memory_CS_Deassert          
000067dd  SPI_Memory_Init                 
00003791  SPI_Memory_Wait                 
00002b97  SVC_Handler                     
00005755  SYSCFG_DL_CURRENT_CONTROL_init  
00006af9  SYSCFG_DL_DMA_CH0_init          
00006b11  SYSCFG_DL_DMA_CH1_init          
00006b29  SYSCFG_DL_DMA_CH2_init          
00006b41  SYSCFG_DL_DMA_CH3_init          
00006b9f  SYSCFG_DL_DMA_init              
00002e49  SYSCFG_DL_GPIO_init             
000057bd  SYSCFG_DL_I2C_0_init            
00005825  SYSCFG_DL_I2C_1_init            
00005c81  SYSCFG_DL_MCU_UART_1_init       
00005a2d  SYSCFG_DL_SPI_0_init            
00005ce1  SYSCFG_DL_SPI_1_init            
000062b1  SYSCFG_DL_SYSCTL_init           
00006555  SYSCFG_DL_TIMER_0_init          
0000567d  SYSCFG_DL_UART_0_init           
0000588d  SYSCFG_DL_VOLTAGE_CONTROL_init  
00005d41  SYSCFG_DL_init                  
00005155  SYSCFG_DL_initPower             
00004d45  Shared_I2C_IRQHandler           
00002b97  SysTick_Handler                 
00002b97  TIMA0_IRQHandler                
00002b97  TIMA1_IRQHandler                
00002b97  TIMG0_IRQHandler                
00002b97  TIMG12_IRQHandler               
00002b97  TIMG6_IRQHandler                
00002b97  TIMG7_IRQHandler                
00002b97  TIMG8_IRQHandler                
00006b59  UART0_IRQHandler                
00002b97  UART1_IRQHandler                
00002b97  UART2_IRQHandler                
00002b97  UART3_IRQHandler                
00004f6d  UARTReceive                     
202001f0  UART_Buffer                     
20208000  __STACK_END                     
00000200  __STACK_SIZE                    
00000000  __TI_ATRegion0_region_sz        
00000000  __TI_ATRegion0_src_addr         
00000000  __TI_ATRegion0_trg_addr         
00000000  __TI_ATRegion1_region_sz        
00000000  __TI_ATRegion1_src_addr         
00000000  __TI_ATRegion1_trg_addr         
00000000  __TI_ATRegion2_region_sz        
00000000  __TI_ATRegion2_src_addr         
00000000  __TI_ATRegion2_trg_addr         
000096ac  __TI_CINIT_Base                 
000096bc  __TI_CINIT_Limit                
000096bc  __TI_CINIT_Warm                 
00009698  __TI_Handler_Table_Base         
000096a4  __TI_Handler_Table_Limit        
000064a1  __TI_auto_init_nobinit_nopinit  
00005499  __TI_decompress_lzss            
00006c01  __TI_decompress_none            
00005f13  __TI_ltoa                       
ffffffff  __TI_pprof_out_hndl             
000000c1  __TI_printfi                    
ffffffff  __TI_prof_data_size             
ffffffff  __TI_prof_data_start            
00000000  __TI_static_base__              
00006b89  __TI_zero_init_nomemset         
00002a0f  __adddf3                        
00004a1f  __addsf3                        
00007650  __aeabi_ctype_table_            
00007650  __aeabi_ctype_table_C           
00006105  __aeabi_d2iz                    
00002a0f  __aeabi_dadd                    
00005b59  __aeabi_dcmpeq                  
00005b95  __aeabi_dcmpge                  
00005ba9  __aeabi_dcmpgt                  
00005b81  __aeabi_dcmple                  
00005b6d  __aeabi_dcmplt                  
0000389d  __aeabi_ddiv                    
00004255  __aeabi_dmul                    
00002a05  __aeabi_dsub                    
202004d0  __aeabi_errno                   
00006ed5  __aeabi_errno_addr              
0000658d  __aeabi_f2iz                    
00004a1f  __aeabi_fadd                    
00005bbd  __aeabi_fcmpeq                  
00005bf9  __aeabi_fcmpge                  
00005c0d  __aeabi_fcmpgt                  
00005be5  __aeabi_fcmple                  
00005bd1  __aeabi_fcmplt                  
00005279  __aeabi_fmul                    
00004a15  __aeabi_fsub                    
00006809  __aeabi_i2d                     
00005fc5  __aeabi_idiv                    
0000493b  __aeabi_idiv0                   
00005fc5  __aeabi_idivmod                 
0000558f  __aeabi_ldiv0                   
00006a6d  __aeabi_llsl                    
00006961  __aeabi_lmul                    
00006e7d  __aeabi_memclr                  
00006e7d  __aeabi_memclr4                 
00006e7d  __aeabi_memclr8                 
00006edd  __aeabi_memcpy                  
00006edd  __aeabi_memcpy4                 
00006edd  __aeabi_memcpy8                 
00006cd5  __aeabi_memset                  
00006cd5  __aeabi_memset4                 
00006cd5  __aeabi_memset8                 
00006835  __aeabi_ui2f                    
000062f1  __aeabi_uidiv                   
000062f1  __aeabi_uidivmod                
00006bb5  __aeabi_uldivmod                
00006a6d  __ashldi3                       
ffffffff  __binit__                       
000058f5  __cmpdf2                        
000064dd  __cmpsf2                        
0000389d  __divdf3                        
000058f5  __eqdf2                         
000064dd  __eqsf2                         
00006105  __fixdfsi                       
0000658d  __fixsfsi                       
00006809  __floatsidf                     
00006835  __floatunsisf                   
00005609  __gedf2                         
00006429  __gesf2                         
00005609  __gtdf2                         
00006429  __gtsf2                         
000058f5  __ledf2                         
000064dd  __lesf2                         
000058f5  __ltdf2                         
000064dd  __ltsf2                         
UNDEFED   __mpu_init                      
00004255  __muldf3                        
00006961  __muldi3                        
00006519  __muldsi3                       
00005279  __mulsf3                        
000058f5  __nedf2                         
000064dd  __nesf2                         
20207e00  __stack                         
20200000  __start___llvm_prf_bits         
20200000  __start___llvm_prf_cnts         
20200000  __stop___llvm_prf_bits          
20200000  __stop___llvm_prf_cnts          
00002a05  __subdf3                        
00004a15  __subsf3                        
00005019  __udivmoddi4                    
0000685d  _c_int00_noargs                 
UNDEFED   _system_post_cinit              
00006ef3  _system_pre_init                
00006ee5  abort                           
00006331  atoi                            
ffffffff  binit                           
20200455  bq_monitor_active               
202004cf  char_index                      
000017bd  cmd_bq                          
0000123d  cmd_fram                        
00000a91  cmd_gauge                       
00004aed  cmd_hall                        
00005a91  cmd_help                        
00002845  cmd_i2cscan                     
00003331  cmd_leds                        
00005af5  cmd_pir                         
00003f95  cmd_pwr                         
00002b99  cmd_spi                         
20200508  data_received                   
00006c95  disable_led_boost               
2020049c  duty_cycles_boost               
202003f2  duty_cycles_led                 
00006ca5  enable_led_boost                
00005305  floorf                          
20200310  fram                            
202002c4  framSpi                         
00005e5d  frexp                           
00005e5d  frexpl                          
20200000  gCURRENT_CONTROLBackup          
20200328  gI2cControllerStatus            
20200318  gRxCount                        
2020031c  gRxLen                          
20200280  gRxPacket                       
20200230  gSPI_0Backup                    
20200258  gSPI_1Backup                    
20200300  gSPI_RxPacket                   
202004bf  gSPI_TxPacket                   
20200320  gTxCount                        
20200324  gTxLen                          
202002a2  gTxPacket                       
202000bc  gVOLTAGE_CONTROLBackup          
00006cb5  gauge_address                   
00006729  gauge_cmd_read                  
2020050b  gauge_monitor_active            
000065c5  gauge_read                      
000065fd  gauge_write                     
00006465  get_UART_buffer                 
20200506  global_led_voltage              
2020050d  hall_monitor_active             
00006ac5  i2c_init                        
00000000  interruptVectors                
0000493d  ldexp                           
0000493d  ldexpl                          
202004dc  led_channel                     
00001ba1  main                            
000069a9  memccpy                         
000050bb  memcpy                          
00005c1f  memset                          
202004e0  monitor_rate                    
2020032c  output_currents_led_mA          
20200456  output_voltages_boost_mV        
2020050e  pir_monitor_active              
0000595d  roundf                          
0000493d  scalbn                          
0000493d  scalbnl                         
00004339  setupCLI                        
202002e4  stm32Spi                        
00005391  strcmp                          
00006985  strcspn                         
000068ab  strspn                          
000061e1  strtok                          
00002d05  strtol                          
00006a2d  uart_init                       
00005591  uart_printf                     
00006371  vsnprintf                       
00006cc5  wcslen                          


GLOBAL SYMBOLS: SORTED BY Symbol Address 

address   name                            
-------   ----                            
00000000  __TI_ATRegion0_region_sz        
00000000  __TI_ATRegion0_src_addr         
00000000  __TI_ATRegion0_trg_addr         
00000000  __TI_ATRegion1_region_sz        
00000000  __TI_ATRegion1_src_addr         
00000000  __TI_ATRegion1_trg_addr         
00000000  __TI_ATRegion2_region_sz        
00000000  __TI_ATRegion2_src_addr         
00000000  __TI_ATRegion2_trg_addr         
00000000  __TI_static_base__              
00000000  interruptVectors                
000000c1  __TI_printfi                    
00000200  __STACK_SIZE                    
00000a91  cmd_gauge                       
0000123d  cmd_fram                        
000017bd  cmd_bq                          
00001ba1  main                            
00001f31  CLI_ProcessInput                
00002671  I2C_ReadDevice                  
00002845  cmd_i2cscan                     
00002a05  __aeabi_dsub                    
00002a05  __subdf3                        
00002a0f  __adddf3                        
00002a0f  __aeabi_dadd                    
00002b97  ADC0_IRQHandler                 
00002b97  ADC1_IRQHandler                 
00002b97  AES_IRQHandler                  
00002b97  CANFD0_IRQHandler               
00002b97  DAC0_IRQHandler                 
00002b97  DMA_IRQHandler                  
00002b97  Default_Handler                 
00002b97  GROUP0_IRQHandler               
00002b97  GROUP1_IRQHandler               
00002b97  HardFault_Handler               
00002b97  NMI_Handler                     
00002b97  PendSV_Handler                  
00002b97  RTC_IRQHandler                  
00002b97  SVC_Handler                     
00002b97  SysTick_Handler                 
00002b97  TIMA0_IRQHandler                
00002b97  TIMA1_IRQHandler                
00002b97  TIMG0_IRQHandler                
00002b97  TIMG12_IRQHandler               
00002b97  TIMG6_IRQHandler                
00002b97  TIMG7_IRQHandler                
00002b97  TIMG8_IRQHandler                
00002b97  UART1_IRQHandler                
00002b97  UART2_IRQHandler                
00002b97  UART3_IRQHandler                
00002b99  cmd_spi                         
00002d05  strtol                          
00002e49  SYSCFG_DL_GPIO_init             
000030c1  I2C_WriteDevice                 
000031f9  MB85RS_Write                    
00003331  cmd_leds                        
00003575  BQ27Z746_SetUTFET_Direct        
00003685  BQ27Z746_SetTempSensorConfig    
00003791  SPI_Memory_Wait                 
0000389d  __aeabi_ddiv                    
0000389d  __divdf3                        
000039a9  DL_Timer_initFourCCPWMMode      
00003aad  BQ27Z746_GetSecurityMode        
00003bad  BQ27Z746_UpdateTelemetry        
00003cad  BQ25628E_UpdateTelemetry        
00003da9  DL_Timer_initTimerMode          
00003ea5  BQ25628E_Init_Default           
00003f95  cmd_pwr                         
00004085  BQ27Z746_GetChargingStatus      
00004171  I2C_TryAddress                  
00004255  __aeabi_dmul                    
00004255  __muldf3                        
00004339  setupCLI                        
00004419  BQ27Z746_GetDeviceType          
000044f7  BQ27Z746_GetChemID              
000045d3  BQ27Z746_GetOperationStatus     
000046af  BQ27Z746_GetSafetyStatus        
0000478b  BQ27Z746_GetFirmwareVersion     
00004863  BQ27Z746_MAC_Read               
0000493b  __aeabi_idiv0                   
0000493d  ldexp                           
0000493d  ldexpl                          
0000493d  scalbn                          
0000493d  scalbnl                         
00004a15  __aeabi_fsub                    
00004a15  __subsf3                        
00004a1f  __addsf3                        
00004a1f  __aeabi_fadd                    
00004aed  cmd_hall                        
00004bbd  LED_control_init                
00004c89  LED_set_current                 
00004d45  Shared_I2C_IRQHandler           
00004e01  MB85RS_Read                     
00004eb9  LED_set_voltage                 
00004f6d  UARTReceive                     
00005019  __udivmoddi4                    
000050bb  memcpy                          
00005155  SYSCFG_DL_initPower             
000051e9  SPI_Memory_Arm                  
00005279  __aeabi_fmul                    
00005279  __mulsf3                        
00005305  floorf                          
00005391  strcmp                          
00005419  MB85RS_ReadID                   
00005499  __TI_decompress_lzss            
00005515  BQ27Z746_Unseal                 
0000558f  __aeabi_ldiv0                   
00005591  uart_printf                     
00005609  __gedf2                         
00005609  __gtdf2                         
0000567d  SYSCFG_DL_UART_0_init           
000056ed  CLI_Tokenize                    
00005755  SYSCFG_DL_CURRENT_CONTROL_init  
000057bd  SYSCFG_DL_I2C_0_init            
00005825  SYSCFG_DL_I2C_1_init            
0000588d  SYSCFG_DL_VOLTAGE_CONTROL_init  
000058f5  __cmpdf2                        
000058f5  __eqdf2                         
000058f5  __ledf2                         
000058f5  __ltdf2                         
000058f5  __nedf2                         
0000595d  roundf                          
00005a2d  SYSCFG_DL_SPI_0_init            
00005a91  cmd_help                        
00005af5  cmd_pir                         
00005b59  __aeabi_dcmpeq                  
00005b6d  __aeabi_dcmplt                  
00005b81  __aeabi_dcmple                  
00005b95  __aeabi_dcmpge                  
00005ba9  __aeabi_dcmpgt                  
00005bbd  __aeabi_fcmpeq                  
00005bd1  __aeabi_fcmplt                  
00005be5  __aeabi_fcmple                  
00005bf9  __aeabi_fcmpge                  
00005c0d  __aeabi_fcmpgt                  
00005c1f  memset                          
00005c81  SYSCFG_DL_MCU_UART_1_init       
00005ce1  SYSCFG_DL_SPI_1_init            
00005d41  SYSCFG_DL_init                  
00005da1  DL_I2C_fillControllerTXFIFO     
00005e01  SPI_Controller_Arm              
00005e5d  frexp                           
00005e5d  frexpl                          
00005eb9  MB85RS_ReadStatus               
00005f13  __TI_ltoa                       
00005fc5  __aeabi_idiv                    
00005fc5  __aeabi_idivmod                 
0000606d  DL_DMA_initChannel              
000060b9  BQ27Z746_GetTempConfig          
00006105  __aeabi_d2iz                    
00006105  __fixdfsi                       
0000614f  BQ27Z746_GetFETOptions          
00006199  DL_UART_init                    
000061e1  strtok                          
00006229  BQ27Z746_Seal                   
0000626d  DL_SPI_init                     
000062b1  SYSCFG_DL_SYSCTL_init           
000062f1  __aeabi_uidiv                   
000062f1  __aeabi_uidivmod                
00006331  atoi                            
00006371  vsnprintf                       
000063b1  CLI_RegisterCommand             
000063ed  DL_I2C_flushControllerTXFIFO    
00006429  __gesf2                         
00006429  __gtsf2                         
00006465  get_UART_buffer                 
000064a1  __TI_auto_init_nobinit_nopinit  
000064dd  __cmpsf2                        
000064dd  __eqsf2                         
000064dd  __lesf2                         
000064dd  __ltsf2                         
000064dd  __nesf2                         
00006519  __muldsi3                       
00006555  SYSCFG_DL_TIMER_0_init          
0000658d  __aeabi_f2iz                    
0000658d  __fixsfsi                       
000065c5  gauge_read                      
000065fd  gauge_write                     
00006635  SPI1_IRQHandler                 
00006669  DL_I2C_flushControllerRXFIFO    
00006699  DL_UART_transmitDataBlocking    
00006729  gauge_cmd_read                  
00006759  BQ27Z746_Init                   
00006785  MB85RS_Init                     
000067b1  SPI0_IRQHandler                 
000067dd  SPI_Memory_Init                 
00006809  __aeabi_i2d                     
00006809  __floatsidf                     
00006835  __aeabi_ui2f                    
00006835  __floatunsisf                   
0000685d  _c_int00_noargs                 
00006885  DL_I2C_setClockConfig           
000068ab  strspn                          
000068d1  BQ25628E_ReadReg16              
000068f5  BQ25628E_ReadReg8               
00006919  BQ25628E_WriteReg16             
0000693d  SPI_Controller_Init             
00006961  __aeabi_lmul                    
00006961  __muldi3                        
00006985  strcspn                         
000069a9  memccpy                         
000069cd  BQ25628E_WriteReg8              
000069ed  BQ27Z746_ReadInternalTemp_C     
00006a0d  BQ27Z746_ReadTemperature_C      
00006a2d  uart_init                       
00006a4d  BQ27Z746_MAC_Send               
00006a6d  __aeabi_llsl                    
00006a6d  __ashldi3                       
00006a8d  DL_Timer_setCaptCompUpdateMethod
00006aa9  DL_Timer_setClockConfig         
00006ac5  i2c_init                        
00006ae1  DL_Timer_setCaptureCompareOutCtl
00006af9  SYSCFG_DL_DMA_CH0_init          
00006b11  SYSCFG_DL_DMA_CH1_init          
00006b29  SYSCFG_DL_DMA_CH2_init          
00006b41  SYSCFG_DL_DMA_CH3_init          
00006b59  UART0_IRQHandler                
00006b89  __TI_zero_init_nomemset         
00006b9f  SYSCFG_DL_DMA_init              
00006bb5  __aeabi_uldivmod                
00006bdd  DL_SPI_setClockConfig           
00006bef  DL_UART_setClockConfig          
00006c01  __TI_decompress_none            
00006c15  BQ27Z746_IsDischarging          
00006c25  BQ27Z746_IsFullyCharged         
00006c35  BQ27Z746_IsFullyDischarged      
00006c45  DL_Timer_setCaptureCompareValue 
00006c55  I2C0_IRQHandler                 
00006c65  I2C1_IRQHandler                 
00006c75  LED_get_current                 
00006c85  SPI_Memory_CS_Deassert          
00006c95  disable_led_boost               
00006ca5  enable_led_boost                
00006cb5  gauge_address                   
00006cc5  wcslen                          
00006cd5  __aeabi_memset                  
00006cd5  __aeabi_memset4                 
00006cd5  __aeabi_memset8                 
00006cf1  BQ25628E_Get_IBAT_mA            
00006cfd  BQ25628E_Get_IBUS_mA            
00006d09  BQ25628E_Get_VBAT_mV            
00006d15  BQ25628E_Get_VBUS_mV            
00006d21  BQ25628E_Get_VSYS_mV            
00006d2d  BQ27Z746_Get_AvgCurrent_mA      
00006d39  BQ27Z746_Get_AvgPower_mW        
00006d45  BQ27Z746_Get_BatteryStatus      
00006d51  BQ27Z746_Get_Current_mA         
00006d5d  BQ27Z746_Get_CycleCount         
00006d69  BQ27Z746_Get_FullChargeCap_mAh  
00006d75  BQ27Z746_Get_InternalTemp_C     
00006d81  BQ27Z746_Get_RemainingCap_mAh   
00006d8d  BQ27Z746_Get_SOC_pct            
00006d99  BQ27Z746_Get_StateOfHealth_pct  
00006da5  BQ27Z746_Get_Temperature_C      
00006db1  BQ27Z746_Get_TimeToEmpty_min    
00006dbd  BQ27Z746_Get_TimeToFull_min     
00006dc9  BQ27Z746_Get_Voltage_mV         
00006dd5  BQ27Z746_ReadAvgCurrent_mA      
00006de1  BQ27Z746_ReadAvgPower_mW        
00006ded  BQ27Z746_ReadBatteryStatus      
00006df9  BQ27Z746_ReadCurrent_mA         
00006e05  BQ27Z746_ReadCycleCount         
00006e11  BQ27Z746_ReadFullChargeCap_mAh  
00006e1d  BQ27Z746_ReadRemainingCap_mAh   
00006e29  BQ27Z746_ReadSOC_pct            
00006e35  BQ27Z746_ReadStateOfHealth_pct  
00006e41  BQ27Z746_ReadTimeToEmpty_min    
00006e4d  BQ27Z746_ReadTimeToFull_min     
00006e59  BQ27Z746_ReadVoltage_mV         
00006e65  LED_get_voltage                 
00006e71  SPI_Memory_CS_Assert            
00006e7d  __aeabi_memclr                  
00006e7d  __aeabi_memclr4                 
00006e7d  __aeabi_memclr8                 
00006e89  DL_Common_delayCycles           
00006ed5  __aeabi_errno_addr              
00006edd  __aeabi_memcpy                  
00006edd  __aeabi_memcpy4                 
00006edd  __aeabi_memcpy8                 
00006ee5  abort                           
00006eea  C$$EXIT                         
00006eeb  HOSTexit                        
00006eef  Reset_Handler                   
00006ef3  _system_pre_init                
00007650  __aeabi_ctype_table_            
00007650  __aeabi_ctype_table_C           
00009698  __TI_Handler_Table_Base         
000096a4  __TI_Handler_Table_Limit        
000096ac  __TI_CINIT_Base                 
000096bc  __TI_CINIT_Limit                
000096bc  __TI_CINIT_Warm                 
20200000  __start___llvm_prf_bits         
20200000  __start___llvm_prf_cnts         
20200000  __stop___llvm_prf_bits          
20200000  __stop___llvm_prf_cnts          
20200000  gCURRENT_CONTROLBackup          
202000bc  gVOLTAGE_CONTROLBackup          
202001f0  UART_Buffer                     
20200230  gSPI_0Backup                    
20200258  gSPI_1Backup                    
20200280  gRxPacket                       
202002a2  gTxPacket                       
202002c4  framSpi                         
202002e4  stm32Spi                        
20200300  gSPI_RxPacket                   
20200310  fram                            
20200318  gRxCount                        
2020031c  gRxLen                          
20200320  gTxCount                        
20200324  gTxLen                          
20200328  gI2cControllerStatus            
2020032c  output_currents_led_mA          
202003f2  duty_cycles_led                 
20200455  bq_monitor_active               
20200456  output_voltages_boost_mV        
2020049c  duty_cycles_boost               
202004bf  gSPI_TxPacket                   
202004cf  char_index                      
202004d0  __aeabi_errno                   
202004dc  led_channel                     
202004e0  monitor_rate                    
20200506  global_led_voltage              
20200508  data_received                   
2020050b  gauge_monitor_active            
2020050d  hall_monitor_active             
2020050e  pir_monitor_active              
20207e00  __stack                         
20208000  __STACK_END                     
ffffffff  __TI_pprof_out_hndl             
ffffffff  __TI_prof_data_size             
ffffffff  __TI_prof_data_start            
ffffffff  __binit__                       
ffffffff  binit                           
UNDEFED   __mpu_init                      
UNDEFED   _system_post_cinit              

[334 symbols]
