******************************************************************************
            TI ARM Clang Linker PC v4.0.4                      
******************************************************************************
>> Linked Fri Jun 19 09:35:53 2026

OUTPUT FILE NAME:   <HW_SW_interface_CCS.out>
ENTRY POINT SYMBOL: "_c_int00_noargs"  address: 00007295


MEMORY CONFIGURATION

         name            origin    length      used     unused   attr    fill
----------------------  --------  ---------  --------  --------  ----  --------
  FLASH                 00000000   00020000  0000a6a8  00015958  R  X
  SRAM                  20200000   00008000  0000041f  00007be1  RW X
  BCR_CONFIG            41c00000   000000ff  00000000  000000ff  R   
  BSL_CONFIG            41c00100   00000080  00000000  00000080  R   


SEGMENT ALLOCATION MAP

run origin  load origin   length   init length attrs members
----------  ----------- ---------- ----------- ----- -------
00000000    00000000    0000a6a8   0000a6a8    r-x
  00000000    00000000    000000c0   000000c0    r-- .intvecs
  000000c0    000000c0    00007fe0   00007fe0    r-x .text
  000080a0    000080a0    000025b0   000025b0    r-- .rodata
  0000a650    0000a650    00000058   00000058    r-- .cinit
20200000    20200000    00000222   00000000    rw-
  20200000    20200000    000001b1   00000000    rw- .bss
  202001b4    202001b4    0000006e   00000000    rw- .data
20207e00    20207e00    00000200   00000000    rw-
  20207e00    20207e00    00000200   00000000    rw- .stack


SECTION ALLOCATION MAP

 output                                  attributes/
section   page    origin      length       input sections
--------  ----  ----------  ----------   ----------------
.intvecs   0    00000000    000000c0     
                  00000000    000000c0     startup_mspm0g350x_ticlang.o (.intvecs)

.text      0    000000c0    00007fe0     
                  000000c0    000009d0     libc.a : _printfi.c.obj (.text:__TI_printfi)
                  00000a90    000008a4     functions.o (.text.cmd_gauge)
                  00001334    00000514     functions.o (.text.cmd_fram)
                  00001848    00000500     main.o (.text.main)
                  00001d48    0000041c     functions.o (.text.cmd_bq)
                  00002164    000002d8     functions.o (.text.cmd_pir_2)
                  0000243c    00000224     pyd1588.o (.text.PIR_readData)
                  00002660    00000220     libc.a : _printfi.c.obj (.text._pconv_a)
                  00002880    00000200     ti_msp_dl_config.o (.text.SYSCFG_DL_GPIO_init)
                  00002a80    000001dc     libc.a : _printfi.c.obj (.text._pconv_g)
                  00002c5c    000001c0     functions.o (.text.cmd_spi)
                  00002e1c    00000192     libclang_rt.builtins.a : adddf3.S.obj (.text.adddf3_subdf3)
                  00002fae    00000002                            : aeabi_div0.c.obj (.text.__aeabi_idiv0)
                  00002fb0    00000188     i2c.o (.text.I2C_ReadDevice)
                  00003138    00000184     functions.o (.text.cmd_pwr)
                  000032bc    00000150     BQ27Z7_functions.o (.text.BQ27Z746_SetTempSensorConfig)
                  0000340c    00000144     libc.a : strtol.c.obj (.text.strtol)
                  00003550    00000140     BQ27Z7_functions.o (.text.BQ27Z746_SetUTFET_Direct)
                  00003690    0000013c     libc.a : _printfi.c.obj (.text.fcvt)
                  000037cc    00000120            : _printfi.c.obj (.text._pconv_e)
                  000038ec    00000118     BQ27Z7_functions.o (.text.BQ27Z746_MAC_Read)
                  00003a04    00000110     mb85rs.o (.text.MB85RS_Read)
                  00003b14    0000010c     i2c.o (.text.Shared_I2C_IRQHandler)
                  00003c20    0000010c     libclang_rt.builtins.a : divdf3.S.obj (.text.__divdf3)
                  00003d2c    00000108     i2c.o (.text.I2C_WriteDevice)
                  00003e34    00000108     functions.o (.text.cmd_hall)
                  00003f3c    00000104     BQ25628_functions.o (.text.BQ25628E_UpdateTelemetry)
                  00004040    000000fc     driverlib.a : dl_timer.o (.text.DL_Timer_initTimerMode)
                  0000413c    000000f8     mb85rs.o (.text.MB85RS_Write)
                  00004234    000000e4     pyd1588.o (.text.PIR_writeConfig)
                  00004318    000000e4     libclang_rt.builtins.a : muldf3.S.obj (.text.__muldf3)
                  000043fc    000000e4     functions.o (.text.cmd_i2cscan)
                  000044e0    000000e0     functions.o (.text.print_battery_status)
                  000045c0    000000d8     BQ27Z7_functions.o (.text.BQ27Z746_Unseal)
                  00004698    000000d8     uart.o (.text.CLI_ProcessInput)
                  00004770    000000d8     libc.a : s_scalbn.c.obj (.text.scalbn)
                  00004848    000000d8     libclang_rt.builtins.a : addsf3.S.obj (.text)
                  00004920    000000d4     i2c.o (.text.I2C_TryAddress)
                  000049f4    000000cc     main.o (.text.setupCLI)
                  00004ac0    000000b4     uart.o (.text.UARTReceive)
                  00004b74    000000b0     mb85rs.o (.text.MB85RS_ReadID)
                  00004c24    000000b0     ti_msp_dl_config.o (.text.SYSCFG_DL_initPower)
                  00004cd4    000000a2     libclang_rt.builtins.a : udivmoddi4.S.obj (.text)
                  00004d76    00000002                            : aeabi_div0.c.obj (.text.__aeabi_ldiv0)
                  00004d78    0000009c     BQ27Z7_functions.o (.text.BQ27Z746_UpdateTelemetry)
                  00004e14    00000090     mb85rs.o (.text.MB85RS_ReadStatus)
                  00004ea4    00000090     pyd1588.o (.text.PIR_configureAndVerify)
                  00004f34    0000008c     spi_master.o (.text.SPI_Controller_Arm)
                  00004fc0    0000008c     libclang_rt.builtins.a : mulsf3.S.obj (.text.__mulsf3)
                  0000504c    0000008c     libc.a : s_floorf.c.obj (.text.floorf)
                  000050d8    00000088     spi_master.o (.text.SPI1_IRQHandler)
                  00005160    00000088     libc.a : strcmp-armv6m.S.obj (.text:strcmp)
                  000051e8    00000082     mb85rs.o (.text.check_bounds)
                  0000526a    00000002     --HOLE-- [fill = 0]
                  0000526c    0000007c     libc.a : copy_decompress_lzss.c.obj (.text:decompress:lzss)
                  000052e8    00000074     BQ27Z7_functions.o (.text.BQ27Z746_GetTempConfig)
                  0000535c    00000074     libclang_rt.builtins.a : comparedf2.c.obj (.text.__gedf2)
                  000053d0    00000074     spi_mem.o (.text.arm_full_duplex)
                  00005444    00000072     spi_mem.o (.text.SPI_Memory_Arm)
                  000054b6    00000002     --HOLE-- [fill = 0]
                  000054b8    00000070     uart.o (.text.CLI_Tokenize)
                  00005528    00000070     gauge.o (.text.gauge_read)
                  00005598    00000070     gauge.o (.text.gauge_write)
                  00005608    0000006a     BQ27Z7_functions.o (.text.BQ27Z746_GetFETOptions)
                  00005672    00000068     mb85rs.o (.text.MB85RS_Init)
                  000056da    00000002     --HOLE-- [fill = 0]
                  000056dc    00000068     libclang_rt.builtins.a : comparedf2.c.obj (.text.__ledf2)
                  00005744    00000068     functions.o (.text.pir2_print_help)
                  000057ac    00000068     libc.a : s_roundf.c.obj (.text.roundf)
                  00005814    00000066            : _printfi.c.obj (.text._mcpy)
                  0000587a    00000002     --HOLE-- [fill = 0]
                  0000587c    00000064     BQ25628_functions.o (.text.BQ25628E_Set_VINDPM_mV)
                  000058e0    00000064     ti_msp_dl_config.o (.text.SYSCFG_DL_I2C_0_init)
                  00005944    00000064     ti_msp_dl_config.o (.text.SYSCFG_DL_I2C_1_init)
                  000059a8    00000064     uart.o (.text.uart_printf)
                  00005a0c    00000062     BQ27Z7_functions.o (.text.BQ27Z746_EnsureUnsealed)
                  00005a6e    00000062     BQ27Z7_functions.o (.text.BQ27Z746_GetOperationStatus)
                  00005ad0    00000062     BQ27Z7_functions.o (.text.BQ27Z746_GetSafetyStatus)
                  00005b32    00000002     --HOLE-- [fill = 0]
                  00005b34    00000062     libclang_rt.builtins.a : aeabi_dcmp.S.obj (.text.__aeabi_dcmp)
                  00005b96    00000002     --HOLE-- [fill = 0]
                  00005b98    00000062                            : aeabi_fcmp.S.obj (.text.__aeabi_fcmp)
                  00005bfa    00000062     mb85rs.o (.text.send_cmd_only)
                  00005c5c    00000060     BQ25628_functions.o (.text.BQ25628E_Set_VREG_mV)
                  00005cbc    00000060     BQ25628_functions.o (.text.BQ25628E_Set_VSYSMIN_mV)
                  00005d1c    00000060     spi_mem.o (.text.SPI_Memory_Init)
                  00005d7c    0000005e     BQ27Z7_functions.o (.text.BQ27Z746_GetChargingStatus)
                  00005dda    0000005e     driverlib.a : dl_i2c.o (.text.DL_I2C_fillControllerTXFIFO)
                  00005e38    0000005c     uart.o (.text.CLI_RegisterCommand)
                  00005e94    0000005c     spi_master.o (.text.SPI_Controller_Init)
                  00005ef0    0000005c     libc.a : s_frexp.c.obj (.text.frexp)
                  00005f4c    0000005a     BQ27Z7_functions.o (.text.BQ27Z746_Seal)
                  00005fa6    00000002     --HOLE-- [fill = 0]
                  00005fa8    00000058     BQ25628_functions.o (.text.BQ25628E_Set_ICHG_mA)
                  00006000    00000058     BQ25628_functions.o (.text.BQ25628E_Set_IINDPM_mA)
                  00006058    00000058     spi_mem.o (.text.SPI_Memory_IRQHandler)
                  000060b0    00000058     ti_msp_dl_config.o (.text.SYSCFG_DL_SPI_0_init)
                  00006108    00000058     ti_msp_dl_config.o (.text.SYSCFG_DL_SPI_1_init)
                  00006160    00000058     libc.a : _ltoa.c.obj (.text.__TI_ltoa)
                  000061b8    00000058            : _printfi.c.obj (.text._pconv_f)
                  00006210    00000056     BQ27Z7_functions.o (.text.BQ27Z746_GetChemID)
                  00006266    00000056     BQ27Z7_functions.o (.text.BQ27Z746_GetDeviceType)
                  000062bc    00000056     BQ27Z7_functions.o (.text.BQ27Z746_GetFirmwareVersion)
                  00006312    00000002     --HOLE-- [fill = 0]
                  00006314    00000056     libclang_rt.builtins.a : aeabi_idivmod.S.obj (.text.__aeabi_idivmod)
                  0000636a    00000002     --HOLE-- [fill = 0]
                  0000636c    00000054     uart.o (.text.invokeBSLAsm)
                  000063c0    00000052     libc.a : _printfi.c.obj (.text._ecpy)
                  00006412    00000050     BQ25628_functions.o (.text.BQ25628E_UpdateBits8)
                  00006462    00000002     --HOLE-- [fill = 0]
                  00006464    00000050     ti_msp_dl_config.o (.text.DL_GPIO_initPeripheralInputFunctionFeatures)
                  000064b4    00000050     i2c.o (.text.DL_I2C_startControllerTransfer)
                  00006504    00000050     uart.o (.text.cmd_help)
                  00006554    0000004c     BQ25628_functions.o (.text.BQ25628E_Init_Default)
                  000065a0    0000004c     BQ27Z7_functions.o (.text.BQ27Z746_GetSecurityMode)
                  000065ec    0000004c     BQ27Z7_functions.o (.text.BQ27Z746_Init)
                  00006638    0000004c     driverlib.a : dl_dma.o (.text.DL_DMA_initChannel)
                  00006684    0000004c     ti_msp_dl_config.o (.text.DL_GPIO_initDigitalInputFeatures)
                  000066d0    0000004c     ti_msp_dl_config.o (.text.DL_UART_setBaudRateDivisor)
                  0000671c    0000004c     spi_mem.o (.text.SPI_Memory_Wait)
                  00006768    0000004a     libclang_rt.builtins.a : fixdfsi.S.obj (.text.__fixdfsi)
                  000067b2    00000002     --HOLE-- [fill = 0]
                  000067b4    00000048     driverlib.a : dl_uart.o (.text.DL_UART_init)
                  000067fc    00000048     ti_msp_dl_config.o (.text.SYSCFG_DL_UART_0_init)
                  00006844    00000048     libc.a : strtok.c.obj (.text.strtok)
                  0000688c    00000044     driverlib.a : dl_spi.o (.text.DL_SPI_init)
                  000068d0    00000044     ti_msp_dl_config.o (.text.SYSCFG_DL_init)
                  00006914    00000040     ti_msp_dl_config.o (.text.SYSCFG_DL_MCU_UART_1_init)
                  00006954    00000040     libclang_rt.builtins.a : aeabi_uidivmod.S.obj (.text.__aeabi_uidivmod)
                  00006994    00000040     libc.a : atoi.c.obj (.text.atoi)
                  000069d4    00000040     uart.o (.text.printToUART)
                  00006a14    00000040     libc.a : vsnprintf.c.obj (.text.vsnprintf)
                  00006a54    0000003e     spi_mem.o (.text.arm_tx_only)
                  00006a92    00000002     --HOLE-- [fill = 0]
                  00006a94    0000003c     driverlib.a : dl_i2c.o (.text.DL_I2C_flushControllerTXFIFO)
                  00006ad0    0000003c     libclang_rt.builtins.a : floatsisf.S.obj (.text.__floatsisf)
                  00006b0c    0000003c                            : comparesf2.S.obj (.text.__gtsf2)
                  00006b48    0000003c     libc.a : autoinit.c.obj (.text:__TI_auto_init_nobinit_nopinit)
                  00006b84    0000003a     libclang_rt.builtins.a : comparesf2.S.obj (.text.__eqsf2)
                  00006bbe    00000002     --HOLE-- [fill = 0]
                  00006bc0    0000003a                            : muldsi3.S.obj (.text.__muldsi3)
                  00006bfa    00000002     --HOLE-- [fill = 0]
                  00006bfc    00000038     main.o (.text.GROUP1_IRQHandler)
                  00006c34    00000038     libclang_rt.builtins.a : fixsfsi.S.obj (.text.__fixsfsi)
                  00006c6c    00000038     functions.o (.text.print_time)
                  00006ca4    00000034     BQ25628_functions.o (.text.BQ25628E_ReadReg16)
                  00006cd8    00000034     pyd1588.o (.text.PIR_clearInterrupt)
                  00006d0c    00000034     ti_msp_dl_config.o (.text.SYSCFG_DL_TIMER_0_init)
                  00006d40    00000034     main.o (.text.__NVIC_DisableIRQ)
                  00006d74    00000030     BQ25628_functions.o (.text.BQ25628E_WriteReg16)
                  00006da4    00000030     spi_master.o (.text.DL_DMA_setTransferSize)
                  00006dd4    00000030     spi_mem.o (.text.DL_DMA_setTransferSize)
                  00006e04    00000030     driverlib.a : dl_i2c.o (.text.DL_I2C_flushControllerRXFIFO)
                  00006e34    00000030     ti_msp_dl_config.o (.text.DL_SPI_setFIFOThreshold)
                  00006e64    00000030     driverlib.a : dl_uart.o (.text.DL_UART_transmitDataBlocking)
                  00006e94    00000030     libc.a : _printfi.c.obj (.text._fcpy)
                  00006ec4    00000030            : vsnprintf.c.obj (.text._outs)
                  00006ef4    0000002c     BQ25628_functions.o (.text.BQ25628E_ReadReg8)
                  00006f20    0000002c     i2c.o (.text.__NVIC_ClearPendingIRQ)
                  00006f4c    0000002c     uart.o (.text.__NVIC_ClearPendingIRQ)
                  00006f78    0000002c     functions.o (.text.__NVIC_EnableIRQ)
                  00006fa4    0000002c     i2c.o (.text.__NVIC_EnableIRQ)
                  00006fd0    0000002c     main.o (.text.__NVIC_EnableIRQ)
                  00006ffc    0000002c     uart.o (.text.__NVIC_EnableIRQ)
                  00007028    0000002c     libclang_rt.builtins.a : floatsidf.S.obj (.text.__floatsidf)
                  00007054    0000002c     gauge.o (.text.gauge_cmd_read)
                  00007080    0000002c     uart.o (.text.get_UART_buffer)
                  000070ac    0000002c     libc.a : strncpy.c.obj (.text.strncpy)
                  000070d8    0000002a     ti_msp_dl_config.o (.text.SYSCFG_DL_SYSCTL_init)
                  00007102    00000028     BQ25628_functions.o (.text.BQ25628E_Set_TS_Ignore)
                  0000712a    00000028     BQ27Z7_functions.o (.text.BQ27Z746_MAC_Send)
                  00007152    00000028     i2c.o (.text.DL_Common_updateReg)
                  0000717a    00000028     ti_msp_dl_config.o (.text.DL_Common_updateReg)
                  000071a2    00000002     --HOLE-- [fill = 0]
                  000071a4    00000028     spi_master.o (.text.DL_DMA_setDestAddr)
                  000071cc    00000028     spi_mem.o (.text.DL_DMA_setDestAddr)
                  000071f4    00000028     spi_master.o (.text.DL_DMA_setSrcAddr)
                  0000721c    00000028     spi_mem.o (.text.DL_DMA_setSrcAddr)
                  00007244    00000028     ti_msp_dl_config.o (.text.DL_I2C_setControllerRXFIFOThreshold)
                  0000726c    00000028     ti_msp_dl_config.o (.text.DL_I2C_setControllerTXFIFOThreshold)
                  00007294    00000028     libc.a : boot_cortex_m.c.obj (.text:_c_int00_noargs)
                  000072bc    00000026     spi_master.o (.text.DL_DMA_enableChannel)
                  000072e2    00000026     spi_mem.o (.text.DL_DMA_enableChannel)
                  00007308    00000026     ti_msp_dl_config.o (.text.DL_I2C_setAnalogGlitchFilterPulseWidth)
                  0000732e    00000026     driverlib.a : dl_i2c.o (.text.DL_I2C_setClockConfig)
                  00007354    00000026     libc.a : strspn.c.obj (.text.strspn)
                  0000737a    00000002     --HOLE-- [fill = 0]
                  0000737c    00000024     BQ25628_functions.o (.text.BQ25628E_WriteReg8)
                  000073a0    00000024     ti_msp_dl_config.o (.text.DL_SPI_setBitRateSerialClockDivider)
                  000073c4    00000024     libclang_rt.builtins.a : muldi3.S.obj (.text.__muldi3)
                  000073e8    00000024     i2c.o (.text.i2c_init)
                  0000740c    00000024     libc.a : strcspn.c.obj (.text.strcspn)
                  00007430    00000022            : memccpy.c.obj (.text.memccpy)
                  00007452    00000002     --HOLE-- [fill = 0]
                  00007454    00000020     ti_msp_dl_config.o (.text.DL_GPIO_initPeripheralInputFunction)
                  00007474    00000020     gauge.o (.text.gauge_address)
                  00007494    00000020     BQ27Z7_functions.o (.text.kelvin_to_celsius)
                  000074b4    00000020     mb85rs.o (.text.pack_address)
                  000074d4    00000020     uart.o (.text.uart_init)
                  000074f4    0000001e     ti_msp_dl_config.o (.text.DL_UART_setOversampling)
                  00007512    00000002     --HOLE-- [fill = 0]
                  00007514    0000001e     libclang_rt.builtins.a : ashldi3.S.obj (.text.__ashldi3)
                  00007532    0000001e     BQ27Z7_functions.o (.text.read_reg16)
                  00007550    0000001c     functions.o (.text.DL_GPIO_clearInterruptStatus)
                  0000756c    0000001c     main.o (.text.DL_GPIO_clearInterruptStatus)
                  00007588    0000001c     ti_msp_dl_config.o (.text.DL_GPIO_clearInterruptStatus)
                  000075a4    0000001c     ti_msp_dl_config.o (.text.DL_GPIO_enableHiZ)
                  000075c0    0000001c     ti_msp_dl_config.o (.text.DL_GPIO_enableInterrupt)
                  000075dc    0000001c     ti_msp_dl_config.o (.text.DL_GPIO_initPeripheralOutputFunction)
                  000075f8    0000001c     ti_msp_dl_config.o (.text.DL_GPIO_setLowerPinsPolarity)
                  00007614    0000001c     i2c.o (.text.DL_I2C_disableInterrupt)
                  00007630    0000001c     i2c.o (.text.DL_I2C_enableInterrupt)
                  0000764c    0000001c     ti_msp_dl_config.o (.text.DL_I2C_enableInterrupt)
                  00007668    0000001c     i2c.o (.text.DL_I2C_isControllerRXFIFOEmpty)
                  00007684    0000001c     ti_msp_dl_config.o (.text.DL_SPI_enableInterrupt)
                  000076a0    0000001c     ti_msp_dl_config.o (.text.DL_SYSCTL_setMCLKDivider)
                  000076bc    0000001c     ti_msp_dl_config.o (.text.DL_SYSCTL_setSYSOSCFreq)
                  000076d8    0000001c     ti_msp_dl_config.o (.text.DL_SYSCTL_setULPCLKDivider)
                  000076f4    0000001c     ti_msp_dl_config.o (.text.DL_Timer_enableInterrupt)
                  00007710    0000001c     driverlib.a : dl_timer.o (.text.DL_Timer_setClockConfig)
                  0000772c    0000001c     ti_msp_dl_config.o (.text.DL_UART_enableInterrupt)
                  00007748    0000001c     main.o (.text.UART0_IRQHandler)
                  00007764    00000018     pyd1588.o (.text.DL_GPIO_enableOutput)
                  0000777c    00000018     ti_msp_dl_config.o (.text.DL_GPIO_enableOutput)
                  00007794    00000018     ti_msp_dl_config.o (.text.DL_GPIO_enablePower)
                  000077ac    00000018     main.o (.text.DL_GPIO_getEnabledInterruptStatus)
                  000077c4    00000018     ti_msp_dl_config.o (.text.DL_GPIO_initDigitalOutput)
                  000077dc    00000018     ti_msp_dl_config.o (.text.DL_GPIO_reset)
                  000077f4    00000018     functions.o (.text.DL_GPIO_setPins)
                  0000780c    00000018     main.o (.text.DL_GPIO_setPins)
                  00007824    00000018     pyd1588.o (.text.DL_GPIO_setPins)
                  0000783c    00000018     spi_mem.o (.text.DL_GPIO_setPins)
                  00007854    00000018     ti_msp_dl_config.o (.text.DL_GPIO_setPins)
                  0000786c    00000018     ti_msp_dl_config.o (.text.DL_GPIO_setUpperPinsPolarity)
                  00007884    00000018     i2c.o (.text.DL_I2C_clearInterruptStatus)
                  0000789c    00000018     ti_msp_dl_config.o (.text.DL_I2C_enableAnalogGlitchFilter)
                  000078b4    00000018     ti_msp_dl_config.o (.text.DL_I2C_enableController)
                  000078cc    00000018     ti_msp_dl_config.o (.text.DL_I2C_enableControllerClockStretching)
                  000078e4    00000018     ti_msp_dl_config.o (.text.DL_I2C_enablePower)
                  000078fc    00000018     ti_msp_dl_config.o (.text.DL_I2C_reset)
                  00007914    00000018     ti_msp_dl_config.o (.text.DL_I2C_setTimerPeriod)
                  0000792c    00000018     ti_msp_dl_config.o (.text.DL_SPI_enable)
                  00007944    00000018     ti_msp_dl_config.o (.text.DL_SPI_enableDMAReceiveEvent)
                  0000795c    00000018     ti_msp_dl_config.o (.text.DL_SPI_enablePower)
                  00007974    00000018     ti_msp_dl_config.o (.text.DL_SPI_reset)
                  0000798c    00000018     ti_msp_dl_config.o (.text.DL_SYSCTL_setBORThreshold)
                  000079a4    00000018     ti_msp_dl_config.o (.text.DL_Timer_enablePower)
                  000079bc    00000018     ti_msp_dl_config.o (.text.DL_Timer_reset)
                  000079d4    00000018     ti_msp_dl_config.o (.text.DL_UART_enablePower)
                  000079ec    00000018     functions.o (.text.DL_UART_isRXFIFOEmpty)
                  00007a04    00000018     ti_msp_dl_config.o (.text.DL_UART_reset)
                  00007a1c    00000018     ti_msp_dl_config.o (.text.SYSCFG_DL_DMA_CH0_init)
                  00007a34    00000018     ti_msp_dl_config.o (.text.SYSCFG_DL_DMA_CH1_init)
                  00007a4c    00000018     ti_msp_dl_config.o (.text.SYSCFG_DL_DMA_CH2_init)
                  00007a64    00000018     ti_msp_dl_config.o (.text.SYSCFG_DL_DMA_CH3_init)
                  00007a7c    00000018     libc.a : vsnprintf.c.obj (.text._outc)
                  00007a94    00000016     BQ27Z7_functions.o (.text.BQ27Z746_ReadInternalTemp_C)
                  00007aaa    00000016     BQ27Z7_functions.o (.text.BQ27Z746_ReadTemperature_C)
                  00007ac0    00000016     main.o (.text.DL_GPIO_readPins)
                  00007ad6    00000016     pyd1588.o (.text.DL_GPIO_readPins)
                  00007aec    00000016     ti_msp_dl_config.o (.text.DL_UART_enable)
                  00007b02    00000016     libc.a : copy_zero_init.c.obj (.text:decompress:ZI:__TI_zero_init_nomemset)
                  00007b18    00000014     BQ27Z7_functions.o (.text.BQ27Z746_ReadAvgCurrent_mA)
                  00007b2c    00000014     BQ27Z7_functions.o (.text.BQ27Z746_ReadAvgPower_mW)
                  00007b40    00000014     BQ27Z7_functions.o (.text.BQ27Z746_ReadCurrent_mA)
                  00007b54    00000014     BQ27Z7_functions.o (.text.BQ27Z746_ReadSOC_pct)
                  00007b68    00000014     BQ27Z7_functions.o (.text.BQ27Z746_ReadStateOfHealth_pct)
                  00007b7c    00000014     BQ27Z7_functions.o (.text.BQ27Z746_UseInternalTempOnly)
                  00007b90    00000014     functions.o (.text.DL_GPIO_clearPins)
                  00007ba4    00000014     pyd1588.o (.text.DL_GPIO_clearPins)
                  00007bb8    00000014     spi_mem.o (.text.DL_GPIO_clearPins)
                  00007bcc    00000014     ti_msp_dl_config.o (.text.DL_GPIO_clearPins)
                  00007be0    00000014     pyd1588.o (.text.DL_GPIO_disableOutput)
                  00007bf4    00000014     i2c.o (.text.DL_I2C_getControllerStatus)
                  00007c08    00000014     i2c.o (.text.DL_I2C_receiveControllerData)
                  00007c1c    00000014     ti_msp_dl_config.o (.text.DL_I2C_resetControllerTransfer)
                  00007c30    00000014     ti_msp_dl_config.o (.text.DL_SPI_enableDMATransmitEvent)
                  00007c44    00000014     ti_msp_dl_config.o (.text.DL_SYSCTL_disableSYSPLL)
                  00007c58    00000014     ti_msp_dl_config.o (.text.DL_Timer_enableClock)
                  00007c6c    00000014     functions.o (.text.DL_UART_receiveData)
                  00007c80    00000014     uart.o (.text.DL_UART_receiveData)
                  00007c94    00000014     spi_mem.o (.text.SPI_Memory_CS_Assert)
                  00007ca8    00000014     spi_mem.o (.text.SPI_Memory_CS_Deassert)
                  00007cbc    00000014     ti_msp_dl_config.o (.text.SYSCFG_DL_DMA_init)
                  00007cd0    00000014     libclang_rt.builtins.a : aeabi_uldivmod.S.obj (.text.__aeabi_uldivmod)
                  00007ce4    00000014     libc.a : _printfi.c.obj (.text.strchr)
                  00007cf8    00000014            : strchr.c.obj (.text.strchr)
                  00007d0c    00000012     BQ27Z7_functions.o (.text.BQ27Z746_ReadBatteryStatus)
                  00007d1e    00000012     BQ27Z7_functions.o (.text.BQ27Z746_ReadCycleCount)
                  00007d30    00000012     BQ27Z7_functions.o (.text.BQ27Z746_ReadFullChargeCap_mAh)
                  00007d42    00000012     BQ27Z7_functions.o (.text.BQ27Z746_ReadRemainingCap_mAh)
                  00007d54    00000012     BQ27Z7_functions.o (.text.BQ27Z746_ReadTimeToEmpty_min)
                  00007d66    00000012     BQ27Z7_functions.o (.text.BQ27Z746_ReadTimeToFull_min)
                  00007d78    00000012     BQ27Z7_functions.o (.text.BQ27Z746_ReadVoltage_mV)
                  00007d8a    00000012     i2c.o (.text.DL_I2C_getPendingInterrupt)
                  00007d9c    00000012     spi_master.o (.text.DL_SPI_getPendingInterrupt)
                  00007dae    00000012     spi_mem.o (.text.DL_SPI_getPendingInterrupt)
                  00007dc0    00000012     driverlib.a : dl_spi.o (.text.DL_SPI_setClockConfig)
                  00007dd2    00000012     main.o (.text.DL_UART_getPendingInterrupt)
                  00007de4    00000012     driverlib.a : dl_uart.o (.text.DL_UART_setClockConfig)
                  00007df6    00000012     BQ27Z7_functions.o (.text.security_usleep)
                  00007e08    00000012     mb85rs.o (.text.wrdi)
                  00007e1a    00000012     mb85rs.o (.text.wren)
                  00007e2c    00000012     libc.a : memcpy16.S.obj (.text:TI_memcpy_small)
                  00007e3e    00000012            : copy_decompress_none.c.obj (.text:decompress:none)
                  00007e50    00000010     BQ27Z7_functions.o (.text.BQ27Z746_IsDischarging)
                  00007e60    00000010     BQ27Z7_functions.o (.text.BQ27Z746_IsFullyCharged)
                  00007e70    00000010     BQ27Z7_functions.o (.text.BQ27Z746_IsFullyDischarged)
                  00007e80    00000010     ti_msp_dl_config.o (.text.DL_SYSCTL_disableHFXT)
                  00007e90    00000010     i2c.o (.text.I2C0_IRQHandler)
                  00007ea0    00000010     i2c.o (.text.I2C1_IRQHandler)
                  00007eb0    00000010     pyd1588.o (.text.PIR_init)
                  00007ec0    00000010     spi_mem.o (.text.SPI0_IRQHandler)
                  00007ed0    00000010     libc.a : wcslen.c.obj (.text.wcslen)
                  00007ee0    0000000e     BQ25628_functions.o (.text.BQ25628E_Set_PeakDischarge_6A)
                  00007eee    00000002     --HOLE-- [fill = 0]
                  00007ef0    0000000e     libclang_rt.builtins.a : aeabi_memset.S.obj (.text.__aeabi_memset)
                  00007efe    0000000e     libc.a : strcpy.c.obj (.text.strcpy)
                  00007f0c    0000000e            : _printfi.c.obj (.text.strlen)
                  00007f1a    0000000e            : memset16.S.obj (.text:TI_memset_small)
                  00007f28    0000000c     BQ25628_functions.o (.text.BQ25628E_Get_IBAT_mA)
                  00007f34    0000000c     BQ25628_functions.o (.text.BQ25628E_Get_IBUS_mA)
                  00007f40    0000000c     BQ25628_functions.o (.text.BQ25628E_Get_VBAT_mV)
                  00007f4c    0000000c     BQ25628_functions.o (.text.BQ25628E_Get_VBUS_mV)
                  00007f58    0000000c     BQ25628_functions.o (.text.BQ25628E_Get_VSYS_mV)
                  00007f64    0000000c     BQ27Z7_functions.o (.text.BQ27Z746_Get_AvgCurrent_mA)
                  00007f70    0000000c     BQ27Z7_functions.o (.text.BQ27Z746_Get_AvgPower_mW)
                  00007f7c    0000000c     BQ27Z7_functions.o (.text.BQ27Z746_Get_BatteryStatus)
                  00007f88    0000000c     BQ27Z7_functions.o (.text.BQ27Z746_Get_Current_mA)
                  00007f94    0000000c     BQ27Z7_functions.o (.text.BQ27Z746_Get_CycleCount)
                  00007fa0    0000000c     BQ27Z7_functions.o (.text.BQ27Z746_Get_FullChargeCap_mAh)
                  00007fac    0000000c     BQ27Z7_functions.o (.text.BQ27Z746_Get_InternalTemp_C)
                  00007fb8    0000000c     BQ27Z7_functions.o (.text.BQ27Z746_Get_RemainingCap_mAh)
                  00007fc4    0000000c     BQ27Z7_functions.o (.text.BQ27Z746_Get_SOC_pct)
                  00007fd0    0000000c     BQ27Z7_functions.o (.text.BQ27Z746_Get_StateOfHealth_pct)
                  00007fdc    0000000c     BQ27Z7_functions.o (.text.BQ27Z746_Get_Temperature_C)
                  00007fe8    0000000c     BQ27Z7_functions.o (.text.BQ27Z746_Get_TimeToEmpty_min)
                  00007ff4    0000000c     BQ27Z7_functions.o (.text.BQ27Z746_Get_TimeToFull_min)
                  00008000    0000000c     BQ27Z7_functions.o (.text.BQ27Z746_Get_Voltage_mV)
                  0000800c    0000000c     libclang_rt.builtins.a : aeabi_memset.S.obj (.text.__aeabi_memclr)
                  00008018    0000000a     driverlib.a : dl_common.o (.text.DL_Common_delayCycles)
                  00008022    0000000a     libc.a : _printfi.c.obj (.text.OUTLINED_FUNCTION_0)
                  0000802c    00000010     libclang_rt.builtins.a : adddf3.S.obj (.tramp.__aeabi_dsub.1)
                  0000803c    0000000a     libc.a : s_roundf.c.obj (.text.OUTLINED_FUNCTION_0)
                  00008046    00000002     --HOLE-- [fill = 0]
                  00008048    00000010     libclang_rt.builtins.a : addsf3.S.obj (.tramp.__aeabi_fadd.1)
                  00008058    0000000a     libc.a : _printfi.c.obj (.text.OUTLINED_FUNCTION_1)
                  00008062    00000002     --HOLE-- [fill = 0]
                  00008064    00000008            : aeabi_portable.c.obj (.text.__aeabi_errno_addr)
                  0000806c    00000008     libclang_rt.builtins.a : aeabi_memcpy.S.obj (.text.__aeabi_memcpy)
                  00008074    00000006     libc.a : exit.c.obj (.text:abort)
                  0000807a    00000004     startup_mspm0g350x_ticlang.o (.text.Default_Handler)
                  0000807e    00000004     libsysbm.a : hostexit.c.obj (.text.HOSTexit)
                  00008082    00000004     startup_mspm0g350x_ticlang.o (.text.Reset_Handler)
                  00008086    00000002     --HOLE-- [fill = 0]
                  00008088    00000010     libc.a : boot_cortex_m.c.obj (.tramp._c_int00_noargs.1)
                  00008098    00000004            : pre_init.c.obj (.text._system_pre_init)
                  0000809c    00000004     --HOLE-- [fill = 0]

.cinit     0    0000a650    00000058     
                  0000a650    0000002d     (.cinit..data.load) [load image, compression = lzss]
                  0000a67d    00000003     --HOLE-- [fill = 0]
                  0000a680    0000000c     (__TI_handler_table)
                  0000a68c    00000008     (.cinit..bss.load) [load image, compression = zero_init]
                  0000a694    00000010     (__TI_cinit_table)
                  0000a6a4    00000004     --HOLE-- [fill = 0]

.rodata    0    000080a0    000025b0     
                  000080a0    000002ec     functions.o (.rodata.str1.14660004578859228044.1)
                  0000838c    000001da     functions.o (.rodata.str1.17600609178903569978.1)
                  00008566    00000131     functions.o (.rodata.str1.14424774467072349609.1)
                  00008697    00000009     main.o (.rodata.str1.11321157723316767883.1)
                  000086a0    00000101     libc.a : aeabi_ctype.S.obj (.rodata:__aeabi_ctype_table_)
                  000087a1    000000af     functions.o (.rodata.str1.10105263805998509149.1)
                  00008850    0000004d     functions.o (.rodata.str1.5685701548624197313.1)
                  0000889d    00000047     functions.o (.rodata.str1.5574861860302912700.1)
                  000088e4    00000046     functions.o (.rodata.str1.14754684760099289372.1)
                  0000892a    00000041     functions.o (.rodata.str1.2344728598999326712.1)
                  0000896b    0000003c     functions.o (.rodata.str1.6596733414268854495.1)
                  000089a7    0000003b     functions.o (.rodata.str1.13405053720543497480.1)
                  000089e2    0000003b     main.o (.rodata.str1.7996925722583989644.1)
                  00008a1d    0000003a     functions.o (.rodata.str1.13647871663007229205.1)
                  00008a57    00000036     functions.o (.rodata.str1.11740181311745255940.1)
                  00008a8d    00000035     functions.o (.rodata.str1.2299744636238869032.1)
                  00008ac2    00000034     functions.o (.rodata.str1.11489194655681450928.1)
                  00008af6    00000034     functions.o (.rodata.str1.13869735989619804122.1)
                  00008b2a    00000033     functions.o (.rodata.str1.12247701732483370762.1)
                  00008b5d    00000033     functions.o (.rodata.str1.14425403555696131028.1)
                  00008b90    00000031     functions.o (.rodata.str1.11371842499512143921.1)
                  00008bc1    00000031     main.o (.rodata.str1.16265332423659789559.1)
                  00008bf2    00000030     main.o (.rodata.str1.16302215771116645891.1)
                  00008c22    00000030     functions.o (.rodata.str1.6736404338818286726.1)
                  00008c52    0000002f     functions.o (.rodata.str1.11510568493784519380.1)
                  00008c81    0000002f     main.o (.rodata.str1.18227636981041470289.1)
                  00008cb0    0000002d     functions.o (.rodata.str1.13361924668150654931.1)
                  00008cdd    0000002d     functions.o (.rodata.str1.13786467237224150958.1)
                  00008d0a    0000002d     functions.o (.rodata.str1.15871961652988661611.1)
                  00008d37    0000002d     functions.o (.rodata.str1.17873271132953962449.1)
                  00008d64    0000002d     functions.o (.rodata.str1.303947978237559523.1)
                  00008d91    0000002c     functions.o (.rodata.str1.3019495220097340546.1)
                  00008dbd    0000002c     main.o (.rodata.str1.6554448696319176064.1)
                  00008de9    0000002a     functions.o (.rodata.str1.11852899632267644254.1)
                  00008e13    0000002a     functions.o (.rodata.str1.13933329845969146692.1)
                  00008e3d    0000002a     functions.o (.rodata.str1.17242831494859343374.1)
                  00008e67    00000029     functions.o (.rodata.str1.14212890215622683485.1)
                  00008e90    00000029     functions.o (.rodata.str1.6783150972682750781.1)
                  00008eb9    00000028     functions.o (.rodata.str1.13707145581914847747.1)
                  00008ee1    00000027     functions.o (.rodata.str1.15074034281527865494.1)
                  00008f08    00000027     pyd1588.o (.rodata.str1.18409487200034540721.1)
                  00008f2f    00000027     functions.o (.rodata.str1.7085808795165203043.1)
                  00008f56    00000027     pyd1588.o (.rodata.str1.8395541327817187420.1)
                  00008f7d    00000027     main.o (.rodata.str1.9059077390166914652.1)
                  00008fa4    00000026     functions.o (.rodata.str1.11596568296542930794.1)
                  00008fca    00000026     main.o (.rodata.str1.11822182024223342093.1)
                  00008ff0    00000026     functions.o (.rodata.str1.312031595841812858.1)
                  00009016    00000025     main.o (.rodata.str1.11870794119293528247.1)
                  0000903b    00000025     main.o (.rodata.str1.14079361385603432444.1)
                  00009060    00000025     functions.o (.rodata.str1.5196872854305757230.1)
                  00009085    00000024     main.o (.rodata.str1.10224226614597680209.1)
                  000090a9    00000024     functions.o (.rodata.str1.2298903785866919411.1)
                  000090cd    00000024     pyd1588.o (.rodata.str1.7892041790112914011.1)
                  000090f1    00000024     main.o (.rodata.str1.8096991282711418442.1)
                  00009115    00000024     functions.o (.rodata.str1.831622212789273363.1)
                  00009139    00000023     main.o (.rodata.str1.14402440632258215044.1)
                  0000915c    00000023     uart.o (.rodata.str1.14464947116831474962.1)
                  0000917f    00000023     functions.o (.rodata.str1.3739636256912452571.1)
                  000091a2    00000023     functions.o (.rodata.str1.4088760258362988122.1)
                  000091c5    00000023     functions.o (.rodata.str1.7723146404961276984.1)
                  000091e8    00000022     main.o (.rodata.str1.10635229749459437609.1)
                  0000920a    00000022     functions.o (.rodata.str1.10930655922842606279.1)
                  0000922c    00000022     functions.o (.rodata.str1.11373607083750233779.1)
                  0000924e    00000022     functions.o (.rodata.str1.11403685632016021771.1)
                  00009270    00000022     functions.o (.rodata.str1.16614484817706633923.1)
                  00009292    00000022     functions.o (.rodata.str1.2190941444116491765.1)
                  000092b4    00000022     functions.o (.rodata.str1.2305192595417680505.1)
                  000092d6    00000022     main.o (.rodata.str1.2563708670032483588.1)
                  000092f8    00000022     main.o (.rodata.str1.2597068879322958637.1)
                  0000931a    00000022     functions.o (.rodata.str1.8841248051089024616.1)
                  0000933c    00000021     functions.o (.rodata.str1.10302267126528799586.1)
                  0000935d    00000021     functions.o (.rodata.str1.11345522308171243087.1)
                  0000937e    00000021     functions.o (.rodata.str1.12250083639950253671.1)
                  0000939f    00000021     functions.o (.rodata.str1.16726128468901222387.1)
                  000093c0    00000021     functions.o (.rodata.str1.17004305802620412261.1)
                  000093e1    00000021     functions.o (.rodata.str1.17524032667240931881.1)
                  00009402    00000021     functions.o (.rodata.str1.18169768820860067831.1)
                  00009423    00000021     functions.o (.rodata.str1.2216088936736676215.1)
                  00009444    00000021     functions.o (.rodata.str1.2654337880733388962.1)
                  00009465    00000021     functions.o (.rodata.str1.3098115528246613681.1)
                  00009486    00000021     functions.o (.rodata.str1.3322434249706281543.1)
                  000094a7    00000021     functions.o (.rodata.str1.4531601087117612729.1)
                  000094c8    00000021     functions.o (.rodata.str1.455706336395187257.1)
                  000094e9    00000021     functions.o (.rodata.str1.8430466031500812981.1)
                  0000950a    00000020     functions.o (.rodata.str1.10387253022637546114.1)
                  0000952a    00000020     functions.o (.rodata.str1.10868672936327135180.1)
                  0000954a    00000020     functions.o (.rodata.str1.11488970495173820783.1)
                  0000956a    00000020     main.o (.rodata.str1.13030671760666898970.1)
                  0000958a    00000020     functions.o (.rodata.str1.14247832736261690914.1)
                  000095aa    00000020     functions.o (.rodata.str1.16499007181999684178.1)
                  000095ca    00000020     functions.o (.rodata.str1.16985884696085998545.1)
                  000095ea    00000020     functions.o (.rodata.str1.17954340015018547257.1)
                  0000960a    00000020     functions.o (.rodata.str1.1879081474855052955.1)
                  0000962a    00000020     functions.o (.rodata.str1.2347775125427912132.1)
                  0000964a    00000020     functions.o (.rodata.str1.2989574447005584482.1)
                  0000966a    00000020     functions.o (.rodata.str1.9506313465773766142.1)
                  0000968a    0000001f     functions.o (.rodata.str1.12410864860910897959.1)
                  000096a9    0000001f     main.o (.rodata.str1.14112174005742061988.1)
                  000096c8    0000001f     functions.o (.rodata.str1.14464870060864390341.1)
                  000096e7    0000001f     functions.o (.rodata.str1.16977936627528246064.1)
                  00009706    0000001f     functions.o (.rodata.str1.204082772225115829.1)
                  00009725    0000001f     functions.o (.rodata.str1.2618360898605671341.1)
                  00009744    0000001f     functions.o (.rodata.str1.3741468063811768988.1)
                  00009763    0000001f     functions.o (.rodata.str1.417100376825835908.1)
                  00009782    0000001f     functions.o (.rodata.str1.7162077660410253316.1)
                  000097a1    0000001f     functions.o (.rodata.str1.7213520456192855849.1)
                  000097c0    0000001f     functions.o (.rodata.str1.7261598007108977983.1)
                  000097df    0000001f     functions.o (.rodata.str1.7667325258934765219.1)
                  000097fe    0000001e     functions.o (.rodata.str1.11548324711019379123.1)
                  0000981c    0000001e     functions.o (.rodata.str1.13258710136769708401.1)
                  0000983a    0000001e     functions.o (.rodata.str1.15416425971347363818.1)
                  00009858    0000001e     functions.o (.rodata.str1.17124744513834159004.1)
                  00009876    0000001e     functions.o (.rodata.str1.2132137826339264873.1)
                  00009894    0000001e     functions.o (.rodata.str1.2153166669032916089.1)
                  000098b2    0000001e     functions.o (.rodata.str1.8276779995786722914.1)
                  000098d0    0000001e     functions.o (.rodata.str1.9393216526452698668.1)
                  000098ee    0000001e     functions.o (.rodata.str1.9629253951102113371.1)
                  0000990c    0000001d     functions.o (.rodata.str1.10029850049327752681.1)
                  00009929    0000001d     functions.o (.rodata.str1.12122565456592184258.1)
                  00009946    0000001d     functions.o (.rodata.str1.1787322033648190911.1)
                  00009963    0000001d     functions.o (.rodata.str1.67103668184455600.1)
                  00009980    0000001c     functions.o (.rodata.str1.11158820112163685190.1)
                  0000999c    0000001c     main.o (.rodata.str1.12180500075719773345.1)
                  000099b8    0000001c     functions.o (.rodata.str1.14504089057119714207.1)
                  000099d4    0000001c     functions.o (.rodata.str1.17112998893623131760.1)
                  000099f0    0000001c     functions.o (.rodata.str1.17418132220924322792.1)
                  00009a0c    0000001c     functions.o (.rodata.str1.1832783851567210609.1)
                  00009a28    0000001c     functions.o (.rodata.str1.2090735207208419621.1)
                  00009a44    0000001c     functions.o (.rodata.str1.823074591787180899.1)
                  00009a60    0000001b     functions.o (.rodata.str1.12869987097872302101.1)
                  00009a7b    0000001b     functions.o (.rodata.str1.13213250456124221025.1)
                  00009a96    0000001b     functions.o (.rodata.str1.15241132200125037881.1)
                  00009ab1    0000001b     functions.o (.rodata.str1.17669684748118727147.1)
                  00009acc    0000001b     functions.o (.rodata.str1.4198453541086758413.1)
                  00009ae7    0000001b     functions.o (.rodata.str1.504123949362312185.1)
                  00009b02    0000001b     functions.o (.rodata.str1.6579945242302544448.1)
                  00009b1d    0000001b     functions.o (.rodata.str1.6954128830300373732.1)
                  00009b38    0000001b     functions.o (.rodata.str1.771275161403278999.1)
                  00009b53    0000001b     functions.o (.rodata.str1.9586352787182320994.1)
                  00009b6e    0000001a     functions.o (.rodata.str1.10394495994740858438.1)
                  00009b88    0000001a     functions.o (.rodata.str1.11584461607463951922.1)
                  00009ba2    0000001a     functions.o (.rodata.str1.11621569494667626893.1)
                  00009bbc    0000001a     functions.o (.rodata.str1.12609848238114409581.1)
                  00009bd6    0000001a     functions.o (.rodata.str1.13060549876486072544.1)
                  00009bf0    0000001a     main.o (.rodata.str1.13782249893155712474.1)
                  00009c0a    0000001a     functions.o (.rodata.str1.15914577833492633752.1)
                  00009c24    0000001a     functions.o (.rodata.str1.2872345601479061820.1)
                  00009c3e    0000001a     functions.o (.rodata.str1.976629323795015702.1)
                  00009c58    0000001a     functions.o (.rodata.str1.9987864939932165754.1)
                  00009c72    00000019     functions.o (.rodata.str1.2006883888705870762.1)
                  00009c8b    00000019     main.o (.rodata.str1.6891813955777630061.1)
                  00009ca4    00000019     functions.o (.rodata.str1.7684438339927393593.1)
                  00009cbd    00000019     functions.o (.rodata.str1.9504405780896684869.1)
                  00009cd6    00000019     functions.o (.rodata.str1.963556741755692615.1)
                  00009cef    00000001     --HOLE-- [fill = 0]
                  00009cf0    00000018     ti_msp_dl_config.o (.rodata.gDMA_CH0Config)
                  00009d08    00000018     ti_msp_dl_config.o (.rodata.gDMA_CH1Config)
                  00009d20    00000018     ti_msp_dl_config.o (.rodata.gDMA_CH2Config)
                  00009d38    00000018     ti_msp_dl_config.o (.rodata.gDMA_CH3Config)
                  00009d50    00000018     main.o (.rodata.str1.11777244287787065045.1)
                  00009d68    00000018     functions.o (.rodata.str1.14826907694073300720.1)
                  00009d80    00000018     functions.o (.rodata.str1.15647711897633472048.1)
                  00009d98    00000018     functions.o (.rodata.str1.3544098629501009633.1)
                  00009db0    00000018     functions.o (.rodata.str1.4307635291288551838.1)
                  00009dc8    00000018     functions.o (.rodata.str1.5556253844797924259.1)
                  00009de0    00000018     main.o (.rodata.str1.8154729771448623357.1)
                  00009df8    00000018     functions.o (.rodata.str1.8531227236847774710.1)
                  00009e10    00000018     functions.o (.rodata.str1.8684894204910267454.1)
                  00009e28    00000017     functions.o (.rodata.str1.11087625087312282266.1)
                  00009e3f    00000017     main.o (.rodata.str1.11121730273200050387.1)
                  00009e56    00000017     functions.o (.rodata.str1.13497160822588500659.1)
                  00009e6d    00000017     functions.o (.rodata.str1.15981603964029308583.1)
                  00009e84    00000017     functions.o (.rodata.str1.17162129685140799346.1)
                  00009e9b    00000017     functions.o (.rodata.str1.1798579838546719175.1)
                  00009eb2    00000017     functions.o (.rodata.str1.2090819679678785128.1)
                  00009ec9    00000017     functions.o (.rodata.str1.3107984650851015417.1)
                  00009ee0    00000017     functions.o (.rodata.str1.4144252613811081812.1)
                  00009ef7    00000017     functions.o (.rodata.str1.5896414462293131170.1)
                  00009f0e    00000017     functions.o (.rodata.str1.7276749916342729794.1)
                  00009f25    00000017     functions.o (.rodata.str1.8683587540435544184.1)
                  00009f3c    00000016     functions.o (.rodata.str1.12114497968925858118.1)
                  00009f52    00000016     functions.o (.rodata.str1.13750405472340812261.1)
                  00009f68    00000016     functions.o (.rodata.str1.14296218639596138037.1)
                  00009f7e    00000016     functions.o (.rodata.str1.14626576299884526934.1)
                  00009f94    00000016     functions.o (.rodata.str1.1463293767001829125.1)
                  00009faa    00000016     uart.o (.rodata.str1.15503172443992438641.1)
                  00009fc0    00000016     functions.o (.rodata.str1.16113805747440866019.1)
                  00009fd6    00000016     functions.o (.rodata.str1.17016031596792030868.1)
                  00009fec    00000016     main.o (.rodata.str1.17376258722486336754.1)
                  0000a002    00000016     functions.o (.rodata.str1.1912318065655334061.1)
                  0000a018    00000016     functions.o (.rodata.str1.5117621188084071403.1)
                  0000a02e    00000015     functions.o (.rodata.str1.11457859038367029433.1)
                  0000a043    00000015     functions.o (.rodata.str1.13291850131445628085.1)
                  0000a058    00000015     functions.o (.rodata.str1.13318008327193210645.1)
                  0000a06d    00000015     functions.o (.rodata.str1.13529407018213730301.1)
                  0000a082    00000015     functions.o (.rodata.str1.14079700471513303319.1)
                  0000a097    00000015     main.o (.rodata.str1.14712910685067215323.1)
                  0000a0ac    00000015     functions.o (.rodata.str1.14779408147115502373.1)
                  0000a0c1    00000015     functions.o (.rodata.str1.16344480386849582482.1)
                  0000a0d6    00000015     functions.o (.rodata.str1.17171889877841249491.1)
                  0000a0eb    00000015     functions.o (.rodata.str1.18285776561876861988.1)
                  0000a100    00000015     main.o (.rodata.str1.2763581881760962609.1)
                  0000a115    00000015     functions.o (.rodata.str1.3121139948745544124.1)
                  0000a12a    00000015     functions.o (.rodata.str1.5514502381961403268.1)
                  0000a13f    00000015     functions.o (.rodata.str1.7987950595137088371.1)
                  0000a154    00000015     uart.o (.rodata.str1.8171864734171609186.1)
                  0000a169    00000015     functions.o (.rodata.str1.9863839573043808502.1)
                  0000a17e    00000002     ti_msp_dl_config.o (.rodata.gI2C_0ClockConfig)
                  0000a180    00000014     ti_msp_dl_config.o (.rodata.gTIMER_0TimerConfig)
                  0000a194    00000014     main.o (.rodata.str1.10313062130652730376.1)
                  0000a1a8    00000014     functions.o (.rodata.str1.1121117191475404019.1)
                  0000a1bc    00000014     functions.o (.rodata.str1.16059144329163883794.1)
                  0000a1d0    00000014     functions.o (.rodata.str1.4910338030008278487.1)
                  0000a1e4    00000014     functions.o (.rodata.str1.5905555877690922764.1)
                  0000a1f8    00000014     functions.o (.rodata.str1.7324634916810494498.1)
                  0000a20c    00000014     functions.o (.rodata.str1.9955790773425000222.1)
                  0000a220    00000013     functions.o (.rodata.str1.17622889657162422067.1)
                  0000a233    00000012     functions.o (.rodata.str1.11391304066098951517.1)
                  0000a245    00000012     main.o (.rodata.str1.3530083166107438000.1)
                  0000a257    00000011     libc.a : _printfi.c.obj (.rodata.str1.10348868589481759720.1)
                  0000a268    00000011            : _printfi.c.obj (.rodata.str1.15363888844622738466.1)
                  0000a279    00000011     functions.o (.rodata.str1.17819248719987149311.1)
                  0000a28a    00000011     main.o (.rodata.str1.18092426736022315238.1)
                  0000a29b    00000011     main.o (.rodata.str1.39260288392874984.1)
                  0000a2ac    00000011     main.o (.rodata.str1.403738606202455663.1)
                  0000a2bd    00000011     main.o (.rodata.str1.4787932902692149498.1)
                  0000a2ce    00000011     main.o (.rodata.str1.5043408953494467246.1)
                  0000a2df    00000011     main.o (.rodata.str1.6976963560179378225.1)
                  0000a2f0    00000011     functions.o (.rodata.str1.8855207564147674068.1)
                  0000a301    00000010     functions.o (.rodata.str1.10121604327849672915.1)
                  0000a311    00000010     functions.o (.rodata.str1.11517924573668616356.1)
                  0000a321    0000000f     functions.o (.rodata.str1.10821967500945095815.1)
                  0000a330    0000000f     functions.o (.rodata.str1.6405428687533244608.1)
                  0000a33f    0000000e     functions.o (.rodata.str1.3274426514815924028.1)
                  0000a34d    0000000e     functions.o (.rodata.str1.3293202025561435839.1)
                  0000a35b    0000000e     functions.o (.rodata.str1.6433388484108913441.1)
                  0000a369    0000000e     main.o (.rodata.str1.8320541211001259012.1)
                  0000a377    0000000d     functions.o (.rodata.str1.11330391477773130853.1)
                  0000a384    0000000d     functions.o (.rodata.str1.13877888024071246384.1)
                  0000a391    0000000d     functions.o (.rodata.str1.14249227603012650231.1)
                  0000a39e    0000000d     main.o (.rodata.str1.17045314124001216156.1)
                  0000a3ab    0000000c     functions.o (.rodata.str1.12082073636076449582.1)
                  0000a3b7    0000000c     functions.o (.rodata.str1.12649739183381639352.1)
                  0000a3c3    0000000c     main.o (.rodata.str1.14466178792657420020.1)
                  0000a3cf    0000000c     functions.o (.rodata.str1.2128294674425382420.1)
                  0000a3db    0000000c     functions.o (.rodata.str1.5672502669058196221.1)
                  0000a3e7    0000000c     functions.o (.rodata.str1.7319270408353279736.1)
                  0000a3f3    0000000c     functions.o (.rodata.str1.8975528390176846916.1)
                  0000a3ff    0000000b     main.o (.rodata.str1.16631870348416990953.1)
                  0000a40a    0000000b     functions.o (.rodata.str1.4040450050525152614.1)
                  0000a415    0000000b     functions.o (.rodata.str1.4892436572911226530.1)
                  0000a420    0000000b     functions.o (.rodata.str1.5352344875588335774.1)
                  0000a42b    0000000b     functions.o (.rodata.str1.6500671132244866452.1)
                  0000a436    0000000a     ti_msp_dl_config.o (.rodata.gMCU_UART_1Config)
                  0000a440    0000000a     ti_msp_dl_config.o (.rodata.gSPI_0_config)
                  0000a44a    0000000a     ti_msp_dl_config.o (.rodata.gSPI_1_config)
                  0000a454    0000000a     ti_msp_dl_config.o (.rodata.gUART_0Config)
                  0000a45e    0000000a     functions.o (.rodata.str1.1518209179495633459.1)
                  0000a468    0000000a     main.o (.rodata.str1.2624144126699937905.1)
                  0000a472    0000000a     functions.o (.rodata.str1.9659379646541333203.1)
                  0000a47c    0000000a     functions.o (.rodata.str1.9866892624350641238.1)
                  0000a486    00000009     functions.o (.rodata.str1.11364996628600094536.1)
                  0000a48f    00000009     functions.o (.rodata.str1.11655743873260979083.1)
                  0000a498    00000009     functions.o (.rodata.str1.12257129677820421622.1)
                  0000a4a1    00000009     functions.o (.rodata.str1.13225435875195226696.1)
                  0000a4aa    00000009     main.o (.rodata.str1.17770841602246103764.1)
                  0000a4b3    00000009     uart.o (.rodata.str1.2747995240747259486.1)
                  0000a4bc    00000009     functions.o (.rodata.str1.5320122413559821118.1)
                  0000a4c5    00000009     functions.o (.rodata.str1.5699953771227312792.1)
                  0000a4ce    00000009     functions.o (.rodata.str1.6743441520423956273.1)
                  0000a4d7    00000009     main.o (.rodata.str1.8828068777338075035.1)
                  0000a4e0    00000008     main.o (.rodata.str1.10865113624938808685.1)
                  0000a4e8    00000008     functions.o (.rodata.str1.11093425900794288272.1)
                  0000a4f0    00000008     main.o (.rodata.str1.11702106008850790973.1)
                  0000a4f8    00000008     functions.o (.rodata.str1.12716370140545181522.1)
                  0000a500    00000008     main.o (.rodata.str1.13288086030101331538.1)
                  0000a508    00000008     functions.o (.rodata.str1.15667472894159448674.1)
                  0000a510    00000008     functions.o (.rodata.str1.15927518266867229498.1)
                  0000a518    00000008     functions.o (.rodata.str1.16386345573460399209.1)
                  0000a520    00000008     functions.o (.rodata.str1.16929425599360063401.1)
                  0000a528    00000008     main.o (.rodata.str1.2846389346932560359.1)
                  0000a530    00000008     functions.o (.rodata.str1.3156050197955811031.1)
                  0000a538    00000008     functions.o (.rodata.str1.6886749528440134913.1)
                  0000a540    00000007     functions.o (.rodata.str1.14125585639945481457.1)
                  0000a547    00000007     functions.o (.rodata.str1.17588442350683572369.1)
                  0000a54e    00000007     functions.o (.rodata.str1.18157200286260056646.1)
                  0000a555    00000007     functions.o (.rodata.str1.18319551690001788249.1)
                  0000a55c    00000007     functions.o (.rodata.str1.2606492479815574346.1)
                  0000a563    00000007     functions.o (.rodata.str1.3123360382440319361.1)
                  0000a56a    00000007     main.o (.rodata.str1.8428454045432808059.1)
                  0000a571    00000006     main.o (.rodata.str1.10720410773482754683.1)
                  0000a577    00000006     functions.o (.rodata.str1.11538060877586311343.1)
                  0000a57d    00000006     functions.o (.rodata.str1.1434866316927325970.1)
                  0000a583    00000006     functions.o (.rodata.str1.16699442666505370998.1)
                  0000a589    00000006     functions.o (.rodata.str1.17144429639171527548.1)
                  0000a58f    00000006     main.o (.rodata.str1.2123964117280943167.1)
                  0000a595    00000006     functions.o (.rodata.str1.389011575781332116.1)
                  0000a59b    00000006     functions.o (.rodata.str1.4959705119256106851.1)
                  0000a5a1    00000005     functions.o (.rodata.str1.11900037607746946141.1)
                  0000a5a6    00000005     main.o (.rodata.str1.1311392489248731986.1)
                  0000a5ab    00000005     functions.o (.rodata.str1.13183419841694627606.1)
                  0000a5b0    00000005     functions.o (.rodata.str1.14496393926573069083.1)
                  0000a5b5    00000005     main.o (.rodata.str1.15159059442110792349.1)
                  0000a5ba    00000005     functions.o (.rodata.str1.16757203657686794125.1)
                  0000a5bf    00000005     functions.o (.rodata.str1.2372479248998020874.1)
                  0000a5c4    00000005     main.o (.rodata.str1.288608917962107522.1)
                  0000a5c9    00000005     functions.o (.rodata.str1.2957129483359387701.1)
                  0000a5ce    00000005     functions.o (.rodata.str1.3066531604708884151.1)
                  0000a5d3    00000005     functions.o (.rodata.str1.3172367308849033862.1)
                  0000a5d8    00000005     functions.o (.rodata.str1.4214633535407782609.1)
                  0000a5dd    00000005     functions.o (.rodata.str1.502354497711140047.1)
                  0000a5e2    00000005     main.o (.rodata.str1.8108965883388295311.1)
                  0000a5e7    00000005     functions.o (.rodata.str1.8113497073403762318.1)
                  0000a5ec    00000004     functions.o (.rodata.str1.11296493460036947760.1)
                  0000a5f0    00000004     functions.o (.rodata.str1.12871985577256932554.1)
                  0000a5f4    00000004     main.o (.rodata.str1.15996357275703397564.1)
                  0000a5f8    00000004     main.o (.rodata.str1.17100691992556644108.1)
                  0000a5fc    00000004     main.o (.rodata.str1.3292798375424520613.1)
                  0000a600    00000004     functions.o (.rodata.str1.3818782532712895722.1)
                  0000a604    00000004     functions.o (.rodata.str1.4561657886204501224.1)
                  0000a608    00000004     functions.o (.rodata.str1.4930741957133989383.1)
                  0000a60c    00000004     functions.o (.rodata.str1.62749256631814321.1)
                  0000a610    00000004     main.o (.rodata.str1.7784929982665794503.1)
                  0000a614    00000004     main.o (.rodata.str1.8076846746581808073.1)
                  0000a618    00000004     functions.o (.rodata.str1.9119127971185803168.1)
                  0000a61c    00000003     ti_msp_dl_config.o (.rodata.gTIMER_0ClockConfig)
                  0000a61f    00000003     uart.o (.rodata.str1.12819099410943012003.1)
                  0000a622    00000003     functions.o (.rodata.str1.13554695696533425351.1)
                  0000a625    00000003     main.o (.rodata.str1.16709704744796600189.1)
                  0000a628    00000003     functions.o (.rodata.str1.1810987313933839541.1)
                  0000a62b    00000003     functions.o (.rodata.str1.5293785561432609074.1)
                  0000a62e    00000003     functions.o (.rodata.str1.7108839738911806945.1)
                  0000a631    00000003     main.o (.rodata.str1.7702501944640899365.1)
                  0000a634    00000002     ti_msp_dl_config.o (.rodata.gI2C_1ClockConfig)
                  0000a636    00000002     ti_msp_dl_config.o (.rodata.gMCU_UART_1ClockConfig)
                  0000a638    00000002     ti_msp_dl_config.o (.rodata.gSPI_0_clockConfig)
                  0000a63a    00000002     ti_msp_dl_config.o (.rodata.gSPI_1_clockConfig)
                  0000a63c    00000002     ti_msp_dl_config.o (.rodata.gUART_0ClockConfig)
                  0000a63e    00000002     uart.o (.rodata.str1.3510367808670815947.1)
                  0000a640    00000002     functions.o (.rodata.str1.5994875290679588583.1)
                  0000a642    0000000e     --HOLE-- [fill = 0]

.init_array 
*          0    00000000    00000000     UNINITIALIZED

.binit     0    00000000    00000000     

.bss       0    20200000    000001b1     UNINITIALIZED
                  20200000    00000078     uart.o (.bss.commandList)
                  20200078    00000040     (.common:UART_Buffer)
                  202000b8    00000028     (.common:gSPI_0Backup)
                  202000e0    00000028     (.common:gSPI_1Backup)
                  20200108    00000022     (.common:gRxPacket)
                  2020012a    00000022     (.common:gTxPacket)
                  2020014c    00000020     (.common:framSpi)
                  2020016c    0000001c     (.common:stm32Spi)
                  20200188    00000010     (.common:gSPI_RxPacket)
                  20200198    00000008     (.common:fram)
                  202001a0    00000004     (.common:gRxCount)
                  202001a4    00000004     (.common:gRxLen)
                  202001a8    00000004     (.common:gTxCount)
                  202001ac    00000004     (.common:gTxLen)
                  202001b0    00000001     (.common:gI2cControllerStatus)

.data      0    202001b4    0000006e     UNINITIALIZED
                  202001b4    0000001c     BQ27Z7_functions.o (.data.g_telem)
                  202001d0    00000010     spi_master.o (.data.expectedRxMessage)
                  202001e0    00000010     spi_master.o (.data.gSPI_TxPacket)
                  202001f0    00000008     functions.o (.data.gPYD2)
                  202001f8    00000004     libc.a : aeabi_portable.c.obj (.data.__aeabi_errno)
                  202001fc    00000004     uart.o (.data.commandCount)
                  20200200    00000004     libc.a : strtok.c.obj (.data.last_end)
                  20200204    00000004     main.o (.data.monitor_rate)
                  20200208    00000004     pyd1588.o (.data.s_last_config)
                  2020020c    00000004     main.o (.data.value)
                  20200210    00000002     BQ25628_functions.o (.data.g_ibat_mA)
                  20200212    00000002     BQ25628_functions.o (.data.g_ibus_mA)
                  20200214    00000002     BQ25628_functions.o (.data.g_vbat_mV)
                  20200216    00000002     BQ25628_functions.o (.data.g_vbus_mV)
                  20200218    00000002     BQ25628_functions.o (.data.g_vsys_mV)
                  2020021a    00000001     main.o (.data.bq_monitor_active)
                  2020021b    00000001     uart.o (.data.char_index)
                  2020021c    00000001     uart.o (.data.data_received)
                  2020021d    00000001     gauge.o (.data.g_gaugeAddr)
                  2020021e    00000001     main.o (.data.gauge_monitor_active)
                  2020021f    00000001     main.o (.data.hall_monitor_active)
                  20200220    00000001     main.o (.data.pir2_monitor_active)
                  20200221    00000001     main.o (.data.pir2_motion_detected)

.stack     0    20207e00    00000200     UNINITIALIZED
                  20207e00    00000004     libc.a : boot_cortex_m.c.obj (.stack)
                  20207e04    000001fc     --HOLE--

__llvm_prf_cnts 
*          0    20200000    00000000     UNINITIALIZED

__llvm_prf_bits 
*          0    20200000    00000000     UNINITIALIZED

MODULE SUMMARY

       Module                         code    ro data   rw data
       ------                         ----    -------   -------
    .\
       functions.o                    7164    7757      16     
       ti_msp_dl_config.o             2992    171       80     
       main.o                         1780    1208      13     
       startup_mspm0g350x_ticlang.o   8       192       0      
    +--+------------------------------+-------+---------+---------+
       Total:                         11944   9328      109    
                                                               
    .\HAL\
       i2c.o                          1578    0         85     
       uart.o                         1112    92        190    
       spi_mem.o                      836     0         32     
       spi_master.o                   552     0         76     
    +--+------------------------------+-------+---------+---------+
       Total:                         4078    92        383    
                                                               
    .\ics\BQ25628\
       BQ25628_functions.o            1178    0         10     
    +--+------------------------------+-------+---------+---------+
       Total:                         1178    0         10     
                                                               
    .\ics\BQ27Z7\
       BQ27Z7_functions.o             3044    0         28     
       gauge.o                        300     0         1      
    +--+------------------------------+-------+---------+---------+
       Total:                         3344    0         29     
                                                               
    .\ics\EXCELITAS\
       pyd1588.o                      1098    114       4      
    +--+------------------------------+-------+---------+---------+
       Total:                         1098    114       4      
                                                               
    .\ics\MB85RS\
       mb85rs.o                       1240    0         0      
    +--+------------------------------+-------+---------+---------+
       Total:                         1240    0         0      
                                                               
    C:/ti/mspm0_sdk_2_09_00_01/source/ti/driverlib/lib/ticlang/m0p/mspm0g1x0x_g3x0x/driverlib.a
       dl_timer.o                     280     0         0      
       dl_i2c.o                       240     0         0      
       dl_uart.o                      138     0         0      
       dl_spi.o                       86      0         0      
       dl_dma.o                       76      0         0      
       dl_common.o                    10      0         0      
    +--+------------------------------+-------+---------+---------+
       Total:                         830     0         0      
                                                               
    C:\ti\ccs2031\ccs\tools\compiler\ti-cgt-armllvm_4.0.4.LTS\lib\armv6m-ti-none-eabi/c/libc.a
       _printfi.c.obj                 4510    34        0      
       strtol.c.obj                   324     0         0      
       aeabi_ctype.S.obj              0       257       0      
       s_scalbn.c.obj                 216     0         0      
       s_floorf.c.obj                 140     0         0      
       strcmp-armv6m.S.obj            136     0         0      
       vsnprintf.c.obj                136     0         0      
       copy_decompress_lzss.c.obj     124     0         0      
       s_roundf.c.obj                 114     0         0      
       s_frexp.c.obj                  92      0         0      
       _ltoa.c.obj                    88      0         0      
       strtok.c.obj                   72      0         4      
       atoi.c.obj                     64      0         0      
       autoinit.c.obj                 60      0         0      
       boot_cortex_m.c.obj            56      0         0      
       strncpy.c.obj                  44      0         0      
       strspn.c.obj                   38      0         0      
       strcspn.c.obj                  36      0         0      
       memccpy.c.obj                  34      0         0      
       copy_zero_init.c.obj           22      0         0      
       strchr.c.obj                   20      0         0      
       copy_decompress_none.c.obj     18      0         0      
       memcpy16.S.obj                 18      0         0      
       wcslen.c.obj                   16      0         0      
       memset16.S.obj                 14      0         0      
       strcpy.c.obj                   14      0         0      
       aeabi_portable.c.obj           8       0         4      
       exit.c.obj                     6       0         0      
       pre_init.c.obj                 4       0         0      
    +--+------------------------------+-------+---------+---------+
       Total:                         6424    291       8      
                                                               
    C:\ti\ccs2031\ccs\tools\compiler\ti-cgt-armllvm_4.0.4.LTS\lib\armv6m-ti-none-eabi/c/libsysbm.a
       hostexit.c.obj                 4       0         0      
    +--+------------------------------+-------+---------+---------+
       Total:                         4       0         0      
                                                               
    C:\ti\ccs2031\ccs\tools\compiler\ti-cgt-armllvm_4.0.4.LTS\lib\armv6m-ti-none-eabi/libclang_rt.builtins.a
       adddf3.S.obj                   418     0         0      
       divdf3.S.obj                   268     0         0      
       addsf3.S.obj                   232     0         0      
       muldf3.S.obj                   228     0         0      
       comparedf2.c.obj               220     0         0      
       udivmoddi4.S.obj               162     0         0      
       mulsf3.S.obj                   140     0         0      
       comparesf2.S.obj               118     0         0      
       aeabi_dcmp.S.obj               98      0         0      
       aeabi_fcmp.S.obj               98      0         0      
       aeabi_idivmod.S.obj            86      0         0      
       fixdfsi.S.obj                  74      0         0      
       aeabi_uidivmod.S.obj           64      0         0      
       floatsisf.S.obj                60      0         0      
       muldsi3.S.obj                  58      0         0      
       fixsfsi.S.obj                  56      0         0      
       floatsidf.S.obj                44      0         0      
       muldi3.S.obj                   36      0         0      
       ashldi3.S.obj                  30      0         0      
       aeabi_memset.S.obj             26      0         0      
       aeabi_uldivmod.S.obj           20      0         0      
       aeabi_memcpy.S.obj             8       0         0      
       aeabi_div0.c.obj               4       0         0      
    +--+------------------------------+-------+---------+---------+
       Total:                         2548    0         0      
                                                               
       Stack:                         0       0         512    
       Linker Generated:              0       81        0      
    +--+------------------------------+-------+---------+---------+
       Grand Total:                   32688   9906      1055   


LINKER GENERATED COPY TABLES

__TI_cinit_table @ 0000a694 records: 2, size/record: 8, table size: 16
	.data: load addr=0000a650, load size=0000002d bytes, run addr=202001b4, run size=0000006e bytes, compression=lzss
	.bss: load addr=0000a68c, load size=00000008 bytes, run addr=20200000, run size=000001b1 bytes, compression=zero_init


LINKER GENERATED HANDLER TABLE

__TI_handler_table @ 0000a680 records: 3, size/record: 4, table size: 12
	index: 0, handler: __TI_decompress_lzss
	index: 1, handler: __TI_decompress_none
	index: 2, handler: __TI_zero_init


FAR CALL TRAMPOLINES

callee name               trampoline name
   callee addr  tramp addr   call addr  call info
--------------  -----------  ---------  ----------------
__aeabi_dsub              $Tramp$TT$L$PI$$__aeabi_dsub
   00002e1d     0000802c     0000802a   libc.a : _printfi.c.obj (.text.OUTLINED_FUNCTION_0)
__aeabi_fadd              $Tramp$TT$L$PI$$__aeabi_fadd
   00004853     00008048     00008044   libc.a : s_roundf.c.obj (.text.OUTLINED_FUNCTION_0)
_c_int00_noargs           $Tramp$TT$L$PI$$_c_int00_noargs
   00007295     00008088     00008082   startup_mspm0g350x_ticlang.o (.text.Reset_Handler)

[3 trampolines]
[3 trampoline calls]


GLOBAL SYMBOLS: SORTED ALPHABETICALLY BY Name 

address   name                          
-------   ----                          
0000807b  ADC0_IRQHandler               
0000807b  ADC1_IRQHandler               
0000807b  AES_IRQHandler                
00007f29  BQ25628E_Get_IBAT_mA          
00007f35  BQ25628E_Get_IBUS_mA          
00007f41  BQ25628E_Get_VBAT_mV          
00007f4d  BQ25628E_Get_VBUS_mV          
00007f59  BQ25628E_Get_VSYS_mV          
00006555  BQ25628E_Init_Default         
00006ca5  BQ25628E_ReadReg16            
00006ef5  BQ25628E_ReadReg8             
00005fa9  BQ25628E_Set_ICHG_mA          
00006001  BQ25628E_Set_IINDPM_mA        
00007ee1  BQ25628E_Set_PeakDischarge_6A 
00007103  BQ25628E_Set_TS_Ignore        
0000587d  BQ25628E_Set_VINDPM_mV        
00005c5d  BQ25628E_Set_VREG_mV          
00005cbd  BQ25628E_Set_VSYSMIN_mV       
00006413  BQ25628E_UpdateBits8          
00003f3d  BQ25628E_UpdateTelemetry      
00006d75  BQ25628E_WriteReg16           
0000737d  BQ25628E_WriteReg8            
00005a0d  BQ27Z746_EnsureUnsealed       
00005d7d  BQ27Z746_GetChargingStatus    
00006211  BQ27Z746_GetChemID            
00006267  BQ27Z746_GetDeviceType        
00005609  BQ27Z746_GetFETOptions        
000062bd  BQ27Z746_GetFirmwareVersion   
00005a6f  BQ27Z746_GetOperationStatus   
00005ad1  BQ27Z746_GetSafetyStatus      
000065a1  BQ27Z746_GetSecurityMode      
000052e9  BQ27Z746_GetTempConfig        
00007f65  BQ27Z746_Get_AvgCurrent_mA    
00007f71  BQ27Z746_Get_AvgPower_mW      
00007f7d  BQ27Z746_Get_BatteryStatus    
00007f89  BQ27Z746_Get_Current_mA       
00007f95  BQ27Z746_Get_CycleCount       
00007fa1  BQ27Z746_Get_FullChargeCap_mAh
00007fad  BQ27Z746_Get_InternalTemp_C   
00007fb9  BQ27Z746_Get_RemainingCap_mAh 
00007fc5  BQ27Z746_Get_SOC_pct          
00007fd1  BQ27Z746_Get_StateOfHealth_pct
00007fdd  BQ27Z746_Get_Temperature_C    
00007fe9  BQ27Z746_Get_TimeToEmpty_min  
00007ff5  BQ27Z746_Get_TimeToFull_min   
00008001  BQ27Z746_Get_Voltage_mV       
000065ed  BQ27Z746_Init                 
00007e51  BQ27Z746_IsDischarging        
00007e61  BQ27Z746_IsFullyCharged       
00007e71  BQ27Z746_IsFullyDischarged    
000038ed  BQ27Z746_MAC_Read             
0000712b  BQ27Z746_MAC_Send             
00007b19  BQ27Z746_ReadAvgCurrent_mA    
00007b2d  BQ27Z746_ReadAvgPower_mW      
00007d0d  BQ27Z746_ReadBatteryStatus    
00007b41  BQ27Z746_ReadCurrent_mA       
00007d1f  BQ27Z746_ReadCycleCount       
00007d31  BQ27Z746_ReadFullChargeCap_mAh
00007a95  BQ27Z746_ReadInternalTemp_C   
00007d43  BQ27Z746_ReadRemainingCap_mAh 
00007b55  BQ27Z746_ReadSOC_pct          
00007b69  BQ27Z746_ReadStateOfHealth_pct
00007aab  BQ27Z746_ReadTemperature_C    
00007d55  BQ27Z746_ReadTimeToEmpty_min  
00007d67  BQ27Z746_ReadTimeToFull_min   
00007d79  BQ27Z746_ReadVoltage_mV       
00005f4d  BQ27Z746_Seal                 
000032bd  BQ27Z746_SetTempSensorConfig  
00003551  BQ27Z746_SetUTFET_Direct      
000045c1  BQ27Z746_Unseal               
00004d79  BQ27Z746_UpdateTelemetry      
00007b7d  BQ27Z746_UseInternalTempOnly  
0000807e  C$$EXIT                       
0000807b  CANFD0_IRQHandler             
00004699  CLI_ProcessInput              
00005e39  CLI_RegisterCommand           
000054b9  CLI_Tokenize                  
0000807b  DAC0_IRQHandler               
[...]
00002e27  __adddf3                      
00004853  __addsf3                      
000086a0  __aeabi_ctype_table_          
000086a0  __aeabi_ctype_table_C         
00006769  __aeabi_d2iz                  
00002e27  __aeabi_dadd                  
00005b35  __aeabi_dcmpeq                
00005b71  __aeabi_dcmpge                
00005b85  __aeabi_dcmpgt                
00005b5d  __aeabi_dcmple                
00005b49  __aeabi_dcmplt                
00003c21  __aeabi_ddiv                  
00004319  __aeabi_dmul                  
00002e1d  __aeabi_dsub                  
202001f8  __aeabi_errno                 
00008065  __aeabi_errno_addr            
00006c35  __aeabi_f2iz                  
00004853  __aeabi_fadd                  
00005b99  __aeabi_fcmpeq                
00005bd5  __aeabi_fcmpge                
00005be9  __aeabi_fcmpgt                
00005bc1  __aeabi_fcmple                
00005bad  __aeabi_fcmplt                
00004fc1  __aeabi_fmul                  
00004849  __aeabi_fsub                  
00007029  __aeabi_i2d                   
00006ad1  __aeabi_i2f                   
00006315  __aeabi_idiv                  
00002faf  __aeabi_idiv0                 
00006315  __aeabi_idivmod               
00004d77  __aeabi_ldiv0                 
00007515  __aeabi_llsl                  
000073c5  __aeabi_lmul                  
0000800d  __aeabi_memclr                
0000800d  __aeabi_memclr4               
0000800d  __aeabi_memclr8               
0000806d  __aeabi_memcpy                
0000806d  __aeabi_memcpy4               
0000806d  __aeabi_memcpy8               
00007ef1  __aeabi_memset                
00007ef1  __aeabi_memset4               
00007ef1  __aeabi_memset8               
00006955  __aeabi_uidiv                 
00006955  __aeabi_uidivmod              
00007cd1  __aeabi_uldivmod              
00007515  __ashldi3                     
ffffffff  __binit__                     
000056dd  __cmpdf2                      
00006b85  __cmpsf2                      
00003c21  __divdf3                      
000056dd  __eqdf2                       
00006b85  __eqsf2                       
00006769  __fixdfsi                     
00006c35  __fixsfsi                     
00007029  __floatsidf                   
00006ad1  __floatsisf                   
0000535d  __gedf2                       
00006b0d  __gesf2                       
0000535d  __gtdf2                       
00006b0d  __gtsf2                       
000056dd  __ledf2                       
00006b85  __lesf2                       
000056dd  __ltdf2                       
00006b85  __ltsf2                       
UNDEFED   __mpu_init                    
00004319  __muldf3                      
000073c5  __muldi3                      
00006bc1  __muldsi3                     
00004fc1  __mulsf3                      
000056dd  __nedf2                       
00006b85  __nesf2                       
20207e00  __stack                       
20200000  __start___llvm_prf_bits       
20200000  __start___llvm_prf_cnts       
20200000  __stop___llvm_prf_bits        
20200000  __stop___llvm_prf_cnts        
00002e1d  __subdf3                      
00004849  __subsf3                      
00004cd5  __udivmoddi4                  
00007295  _c_int00_noargs               
UNDEFED   _system_post_cinit            
00008099  _system_pre_init              
00008075  abort                         
00006995  atoi                          
ffffffff  binit                         
2020021a  bq_monitor_active             
2020021b  char_index                    
00001d49  cmd_bq                        
00001335  cmd_fram                      
00000a91  cmd_gauge                     
00003e35  cmd_hall                      
00006505  cmd_help                      
000043fd  cmd_i2cscan                   
00002165  cmd_pir_2                     
00003139  cmd_pwr                       
00002c5d  cmd_spi                       
2020021c  data_received                 
202001d0  expectedRxMessage             
0000504d  floorf                        
20200198  fram                          
2020014c  framSpi                       
00005ef1  frexp                         
00005ef1  frexpl                        
202001b0  gI2cControllerStatus          
202001a0  gRxCount                      
202001a4  gRxLen                        
20200108  gRxPacket                     
202000b8  gSPI_0Backup                  
202000e0  gSPI_1Backup                  
20200188  gSPI_RxPacket                 
202001e0  gSPI_TxPacket                 
202001a8  gTxCount                      
202001ac  gTxLen                        
2020012a  gTxPacket                     
00007475  gauge_address                 
00007055  gauge_cmd_read                
2020021e  gauge_monitor_active          
00005529  gauge_read                    
00005599  gauge_write                   
00007081  get_UART_buffer               
2020021f  hall_monitor_active           
000073e9  i2c_init                      
00000000  interruptVectors              
00004771  ldexp                         
00004771  ldexpl                        
00001849  main                          
00007431  memccpy                       
20200204  monitor_rate                  
20200220  pir2_monitor_active           
20200221  pir2_motion_detected          
000069d5  printToUART                   
000057ad  roundf                        
00004771  scalbn                        
00004771  scalbnl                       
000049f5  setupCLI                      
2020016c  stm32Spi                      
00007cf9  strchr                        
00005161  strcmp                        
00007eff  strcpy                        
0000740d  strcspn                       
000070ad  strncpy                       
00007355  strspn                        
00006845  strtok                        
0000340d  strtol                        
000074d5  uart_init                     
000059a9  uart_printf                   
2020020c  value                         
00006a15  vsnprintf                     
00007ed1  wcslen                        


GLOBAL SYMBOLS: SORTED BY Symbol Address 

address   name                          
-------   ----                          
00000000  __TI_ATRegion0_region_sz      
00000000  __TI_ATRegion0_src_addr       
00000000  __TI_ATRegion0_trg_addr       
00000000  __TI_ATRegion1_region_sz      
00000000  __TI_ATRegion1_src_addr       
00000000  __TI_ATRegion1_trg_addr       
00000000  __TI_ATRegion2_region_sz      
00000000  __TI_ATRegion2_src_addr       
00000000  __TI_ATRegion2_trg_addr       
00000000  __TI_static_base__            
00000000  interruptVectors              
000000c1  __TI_printfi                  
00000200  __STACK_SIZE                  
00000a91  cmd_gauge                     
00001335  cmd_fram                      
00001849  main                          
00001d49  cmd_bq                        
00002165  cmd_pir_2                     
0000243d  PIR_readData                  
00002881  SYSCFG_DL_GPIO_init           
00002c5d  cmd_spi                       
00002e1d  __aeabi_dsub                  
00002e1d  __subdf3                      
00002e27  __adddf3                      
00002e27  __aeabi_dadd                  
00002faf  __aeabi_idiv0                 
00002fb1  I2C_ReadDevice                
00003139  cmd_pwr                       
000032bd  BQ27Z746_SetTempSensorConfig  
0000340d  strtol                        
00003551  BQ27Z746_SetUTFET_Direct      
000038ed  BQ27Z746_MAC_Read             
00003a05  MB85RS_Read                   
00003b15  Shared_I2C_IRQHandler         
00003c21  __aeabi_ddiv                  
00003c21  __divdf3                      
00003d2d  I2C_WriteDevice               
00003e35  cmd_hall                      
00003f3d  BQ25628E_UpdateTelemetry      
00004041  DL_Timer_initTimerMode        
0000413d  MB85RS_Write                  
00004235  PIR_writeConfig               
00004319  __aeabi_dmul                  
00004319  __muldf3                      
000043fd  cmd_i2cscan                   
000045c1  BQ27Z746_Unseal               
00004699  CLI_ProcessInput              
00004771  ldexp                         
00004771  ldexpl                        
00004771  scalbn                        
00004771  scalbnl                       
00004849  __aeabi_fsub                  
00004849  __subsf3                      
00004853  __addsf3                      
00004853  __aeabi_fadd                  
00004921  I2C_TryAddress                
000049f5  setupCLI                      
00004ac1  UARTReceive                   
00004b75  MB85RS_ReadID                 
00004c25  SYSCFG_DL_initPower           
00004cd5  __udivmoddi4                  
00004d77  __aeabi_ldiv0                 
00004d79  BQ27Z746_UpdateTelemetry      
00004e15  MB85RS_ReadStatus             
00004ea5  PIR_configureAndVerify        
00004f35  SPI_Controller_Arm            
00004fc1  __aeabi_fmul                  
00004fc1  __mulsf3                      
0000504d  floorf                        
000050d9  SPI1_IRQHandler               
00005161  strcmp                        
0000526d  __TI_decompress_lzss          
000052e9  BQ27Z746_GetTempConfig        
0000535d  __gedf2                       
0000535d  __gtdf2                       
00005445  SPI_Memory_Arm                
000054b9  CLI_Tokenize                  
00005529  gauge_read                    
00005599  gauge_write                   
00005609  BQ27Z746_GetFETOptions        
00005673  MB85RS_Init                   
000056dd  __cmpdf2                      
000056dd  __eqdf2                       
000056dd  __ledf2                       
000056dd  __ltdf2                       
000056dd  __nedf2                       
000057ad  roundf                        
0000587d  BQ25628E_Set_VINDPM_mV        
000058e1  SYSCFG_DL_I2C_0_init          
00005945  SYSCFG_DL_I2C_1_init          
000059a9  uart_printf                   
00005a0d  BQ27Z746_EnsureUnsealed       
00005a6f  BQ27Z746_GetOperationStatus   
00005ad1  BQ27Z746_GetSafetyStatus      
00005b35  __aeabi_dcmpeq                
00005b49  __aeabi_dcmplt                
00005b5d  __aeabi_dcmple                
00005b71  __aeabi_dcmpge                
00005b85  __aeabi_dcmpgt                
00005b99  __aeabi_fcmpeq                
00005bad  __aeabi_fcmplt                
00005bc1  __aeabi_fcmple                
00005bd5  __aeabi_fcmpge                
00005be9  __aeabi_fcmpgt                
00005c5d  BQ25628E_Set_VREG_mV          
00005cbd  BQ25628E_Set_VSYSMIN_mV       
00005d1d  SPI_Memory_Init               
00005d7d  BQ27Z746_GetChargingStatus    
00005ddb  DL_I2C_fillControllerTXFIFO   
00005e39  CLI_RegisterCommand           
00005e95  SPI_Controller_Init           
00005ef1  frexp                         
00005ef1  frexpl                        
00005f4d  BQ27Z746_Seal                 
00005fa9  BQ25628E_Set_ICHG_mA          
00006001  BQ25628E_Set_IINDPM_mA        
00006059  SPI_Memory_IRQHandler         
000060b1  SYSCFG_DL_SPI_0_init          
00006109  SYSCFG_DL_SPI_1_init          
00006161  __TI_ltoa                     
00006211  BQ27Z746_GetChemID            
00006267  BQ27Z746_GetDeviceType        
000062bd  BQ27Z746_GetFirmwareVersion   
00006315  __aeabi_idiv                  
00006315  __aeabi_idivmod               
00006413  BQ25628E_UpdateBits8          
00006505  cmd_help                      
00006555  BQ25628E_Init_Default         
000065a1  BQ27Z746_GetSecurityMode      
000065ed  BQ27Z746_Init                 
00006639  DL_DMA_initChannel            
0000671d  SPI_Memory_Wait               
00006769  __aeabi_d2iz                  
00006769  __fixdfsi                     
000067b5  DL_UART_init                  
000067fd  SYSCFG_DL_UART_0_init         
00006845  strtok                        
0000688d  DL_SPI_init                   
000068d1  SYSCFG_DL_init                
00006915  SYSCFG_DL_MCU_UART_1_init     
00006955  __aeabi_uidiv                 
00006955  __aeabi_uidivmod              
00006995  atoi                          
000069d5  printToUART                   
00006a15  vsnprintf                     
00006a95  DL_I2C_flushControllerTXFIFO  
00006ad1  __aeabi_i2f                   
00006ad1  __floatsisf                   
00006b0d  __gesf2                       
00006b0d  __gtsf2                       
00006b49  __TI_auto_init_nobinit_nopinit
00006b85  __cmpsf2                      
00006b85  __eqsf2                       
00006b85  __lesf2                       
00006b85  __ltsf2                       
00006b85  __nesf2                       
00006bc1  __muldsi3                     
00006bfd  GROUP1_IRQHandler             
00006c35  __aeabi_f2iz                  
00006c35  __fixsfsi                     
00006ca5  BQ25628E_ReadReg16            
00006cd9  PIR_clearInterrupt            
00006d0d  SYSCFG_DL_TIMER_0_init        
00006d75  BQ25628E_WriteReg16           
00006e05  DL_I2C_flushControllerRXFIFO  
00006e65  DL_UART_transmitDataBlocking  
00006ef5  BQ25628E_ReadReg8             
00007029  __aeabi_i2d                   
00007029  __floatsidf                   
00007055  gauge_cmd_read                
00007081  get_UART_buffer               
000070ad  strncpy                       
000070d9  SYSCFG_DL_SYSCTL_init         
00007103  BQ25628E_Set_TS_Ignore        
0000712b  BQ27Z746_MAC_Send             
00007295  _c_int00_noargs               
0000732f  DL_I2C_setClockConfig         
00007355  strspn                        
0000737d  BQ25628E_WriteReg8            
000073c5  __aeabi_lmul                  
000073c5  __muldi3                      
000073e9  i2c_init                      
0000740d  strcspn                       
00007431  memccpy                       
00007475  gauge_address                 
000074d5  uart_init                     
00007515  __aeabi_llsl                  
00007515  __ashldi3                     
00007711  DL_Timer_setClockConfig       
00007749  UART0_IRQHandler              
00007a1d  SYSCFG_DL_DMA_CH0_init        
00007a35  SYSCFG_DL_DMA_CH1_init        
00007a4d  SYSCFG_DL_DMA_CH2_init        
00007a65  SYSCFG_DL_DMA_CH3_init        
00007a95  BQ27Z746_ReadInternalTemp_C   
00007aab  BQ27Z746_ReadTemperature_C    
00007b03  __TI_zero_init_nomemset       
00007b19  BQ27Z746_ReadAvgCurrent_mA    
00007b2d  BQ27Z746_ReadAvgPower_mW      
00007b41  BQ27Z746_ReadCurrent_mA       
00007b55  BQ27Z746_ReadSOC_pct          
00007b69  BQ27Z746_ReadStateOfHealth_pct
00007b7d  BQ27Z746_UseInternalTempOnly  
00007c95  SPI_Memory_CS_Assert          
00007ca9  SPI_Memory_CS_Deassert        
00007cbd  SYSCFG_DL_DMA_init            
00007cd1  __aeabi_uldivmod              
00007cf9  strchr                        
00007d0d  BQ27Z746_ReadBatteryStatus    
00007d1f  BQ27Z746_ReadCycleCount       
00007d31  BQ27Z746_ReadFullChargeCap_mAh
00007d43  BQ27Z746_ReadRemainingCap_mAh 
00007d55  BQ27Z746_ReadTimeToEmpty_min  
00007d67  BQ27Z746_ReadTimeToFull_min   
00007d79  BQ27Z746_ReadVoltage_mV       
00007dc1  DL_SPI_setClockConfig         
00007de5  DL_UART_setClockConfig        
00007e2d  TI_memcpy_small               
00007e3f  __TI_decompress_none          
00007e51  BQ27Z746_IsDischarging        
00007e61  BQ27Z746_IsFullyCharged       
00007e71  BQ27Z746_IsFullyDischarged    
00007e91  I2C0_IRQHandler               
00007ea1  I2C1_IRQHandler               
00007eb1  PIR_init                      
00007ec1  SPI0_IRQHandler               
00007ed1  wcslen                        
00007ee1  BQ25628E_Set_PeakDischarge_6A 
00007ef1  __aeabi_memset                
00007ef1  __aeabi_memset4               
00007ef1  __aeabi_memset8               
00007eff  strcpy                        
00007f1b  TI_memset_small               
00007f29  BQ25628E_Get_IBAT_mA          
00007f35  BQ25628E_Get_IBUS_mA          
00007f41  BQ25628E_Get_VBAT_mV          
00007f4d  BQ25628E_Get_VBUS_mV          
00007f59  BQ25628E_Get_VSYS_mV          
00007f65  BQ27Z746_Get_AvgCurrent_mA    
00007f71  BQ27Z746_Get_AvgPower_mW      
00007f7d  BQ27Z746_Get_BatteryStatus    
00007f89  BQ27Z746_Get_Current_mA       
00007f95  BQ27Z746_Get_CycleCount       
00007fa1  BQ27Z746_Get_FullChargeCap_mAh
00007fad  BQ27Z746_Get_InternalTemp_C   
00007fb9  BQ27Z746_Get_RemainingCap_mAh 
00007fc5  BQ27Z746_Get_SOC_pct          
00007fd1  BQ27Z746_Get_StateOfHealth_pct
00007fdd  BQ27Z746_Get_Temperature_C    
00007fe9  BQ27Z746_Get_TimeToEmpty_min  
00007ff5  BQ27Z746_Get_TimeToFull_min   
00008001  BQ27Z746_Get_Voltage_mV       
0000800d  __aeabi_memclr                
0000800d  __aeabi_memclr4               
0000800d  __aeabi_memclr8               
00008019  DL_Common_delayCycles         
00008065  __aeabi_errno_addr            
0000806d  __aeabi_memcpy                
0000806d  __aeabi_memcpy4               
0000806d  __aeabi_memcpy8               
00008075  abort                         
0000807b  ADC0_IRQHandler               
0000807b  ADC1_IRQHandler               
0000807b  AES_IRQHandler                
0000807b  CANFD0_IRQHandler             
0000807b  DAC0_IRQHandler               
0000807b  DMA_IRQHandler                
0000807b  Default_Handler               
0000807b  GROUP0_IRQHandler             
0000807b  HardFault_Handler             
0000807b  NMI_Handler                   
0000807b  PendSV_Handler                
0000807b  RTC_IRQHandler                
0000807b  SVC_Handler                   
0000807b  SysTick_Handler               
0000807b  TIMA0_IRQHandler              
0000807b  TIMA1_IRQHandler              
0000807b  TIMG0_IRQHandler              
0000807b  TIMG12_IRQHandler             
0000807b  TIMG6_IRQHandler              
0000807b  TIMG7_IRQHandler              
0000807b  TIMG8_IRQHandler              
0000807b  UART1_IRQHandler              
0000807b  UART2_IRQHandler              
0000807b  UART3_IRQHandler              
0000807e  C$$EXIT                       
0000807f  HOSTexit                      
00008083  Reset_Handler                 
00008099  _system_pre_init              
000086a0  __aeabi_ctype_table_          
000086a0  __aeabi_ctype_table_C         
0000a680  __TI_Handler_Table_Base       
0000a68c  __TI_Handler_Table_Limit      
0000a694  __TI_CINIT_Base               
0000a6a4  __TI_CINIT_Limit              
0000a6a4  __TI_CINIT_Warm               
20200000  __start___llvm_prf_bits       
20200000  __start___llvm_prf_cnts       
20200000  __stop___llvm_prf_bits        
20200000  __stop___llvm_prf_cnts        
20200078  UART_Buffer                   
202000b8  gSPI_0Backup                  
202000e0  gSPI_1Backup                  
20200108  gRxPacket                     
2020012a  gTxPacket                     
2020014c  framSpi                       
2020016c  stm32Spi                      
20200188  gSPI_RxPacket                 
20200198  fram                          
202001a0  gRxCount                      
202001a4  gRxLen                        
202001a8  gTxCount                      
202001ac  gTxLen                        
202001b0  gI2cControllerStatus          
202001d0  expectedRxMessage             
202001e0  gSPI_TxPacket                 
202001f8  __aeabi_errno                 
20200204  monitor_rate                  
2020020c  value                         
2020021a  bq_monitor_active             
2020021b  char_index                    
2020021c  data_received                 
2020021e  gauge_monitor_active          
2020021f  hall_monitor_active           
20200220  pir2_monitor_active           
20200221  pir2_motion_detected          
20207e00  __stack                       
20208000  __STACK_END                   
ffffffff  __TI_pprof_out_hndl           
ffffffff  __TI_prof_data_size           
ffffffff  __TI_prof_data_start          
ffffffff  __binit__                     
ffffffff  binit                         
UNDEFED   __mpu_init                    
UNDEFED   _system_post_cinit            

[335 symbols]
