******************************************************************************
            TI ARM Clang Linker PC v4.0.4                      
******************************************************************************
>> Linked Thu Mar  5 12:36:58 2026

OUTPUT FILE NAME:   <HW_SW_interface_CCS.out>
ENTRY POINT SYMBOL: "_c_int00_noargs"  address: 00004ca5


MEMORY CONFIGURATION

         name            origin    length      used     unused   attr    fill
----------------------  --------  ---------  --------  --------  ----  --------
  FLASH                 00000000   00020000  00006ac8  00019538  R  X
  SRAM                  20200000   00008000  000003d1  00007c2f  RW X
  BCR_CONFIG            41c00000   000000ff  00000000  000000ff  R   
  BSL_CONFIG            41c00100   00000080  00000000  00000080  R   


SEGMENT ALLOCATION MAP

run origin  load origin   length   init length attrs members
----------  ----------- ---------- ----------- ----- -------
00000000    00000000    00006ac8   00006ac8    r-x
  00000000    00000000    000000c0   000000c0    r-- .intvecs
  000000c0    000000c0    000051b0   000051b0    r-x .text
  00005270    00005270    00001810   00001810    r-- .rodata
  00006a80    00006a80    00000048   00000048    r-- .cinit
20200000    20200000    000001d4   00000000    rw-
  20200000    20200000    00000189   00000000    rw- .bss
  2020018c    2020018c    00000048   00000000    rw- .data
20207e00    20207e00    00000200   00000000    rw-
  20207e00    20207e00    00000200   00000000    rw- .stack


SECTION ALLOCATION MAP

 output                                  attributes/
section   page    origin      length       input sections
--------  ----  ----------  ----------   ----------------
.intvecs   0    00000000    000000c0     
                  00000000    000000c0     startup_mspm0g350x_ticlang.o (.intvecs)

.text      0    000000c0    000051b0     
                  000000c0    000009d0     libc.a : _printfi.c.obj (.text:__TI_printfi)
                  00000a90    00000514     functions.o (.text.cmd_gauge)
                  00000fa4    000003e4     functions.o (.text.cmd_bq)
                  00001388    0000039c     main.o (.text.main)
                  00001724    00000344     uart.o (.text.CLI_ProcessInput)
                  00001a68    00000220     libc.a : _printfi.c.obj (.text._pconv_a)
                  00001c88    000001dc            : _printfi.c.obj (.text._pconv_g)
                  00001e64    000001d4     i2c.o (.text.I2C_ReadDevice)
                  00002038    000001c0     functions.o (.text.cmd_i2cscan)
                  000021f8    00000192     libclang_rt.builtins.a : adddf3.S.obj (.text.adddf3_subdf3)
                  0000238a    00000002     startup_mspm0g350x_ticlang.o (.text.Default_Handler)
                  0000238c    0000016c     functions.o (.text.cmd_spi)
                  000024f8    00000144     libc.a : strtol.c.obj (.text.strtol)
                  0000263c    0000013c            : _printfi.c.obj (.text.fcvt)
                  00002778    00000138     i2c.o (.text.I2C_WriteDevice)
                  000028b0    00000120     libc.a : _printfi.c.obj (.text._pconv_e)
                  000029d0    0000010c     libclang_rt.builtins.a : divdf3.S.obj (.text.__divdf3)
                  00002adc    00000100     BQ27Z7_functions.o (.text.BQ27Z746_UpdateTelemetry)
                  00002bdc    00000100     ti_msp_dl_config.o (.text.SYSCFG_DL_GPIO_init)
                  00002cdc    000000fc     driverlib.a : dl_timer.o (.text.DL_Timer_initTimerMode)
                  00002dd8    000000fa     BQ27Z7_functions.o (.text.BQ27Z746_MAC_Read)
                  00002ed2    000000f6     BQ27Z7_functions.o (.text.BQ27Z746_GetChargingStatus)
                  00002fc8    000000f6     BQ27Z7_functions.o (.text.BQ27Z746_GetChemID)
                  000030be    000000f6     BQ27Z7_functions.o (.text.BQ27Z746_GetDeviceType)
                  000031b4    000000f6     BQ27Z7_functions.o (.text.BQ27Z746_GetGaugingStatus)
                  000032aa    000000f6     BQ27Z7_functions.o (.text.BQ27Z746_GetOperationStatus)
                  000033a0    000000f2     BQ27Z7_functions.o (.text.BQ27Z746_GetFirmwareVersion)
                  00003492    00000002     libclang_rt.builtins.a : aeabi_div0.c.obj (.text.__aeabi_idiv0)
                  00003494    000000f0     BQ25628_functions.o (.text.BQ25628E_Init_Default)
                  00003584    000000f0     functions.o (.text.cmd_pwr)
                  00003674    000000e4     i2c.o (.text.I2C_TryAddress)
                  00003758    000000e4     libclang_rt.builtins.a : muldf3.S.obj (.text.__muldf3)
                  0000383c    000000d8     libc.a : s_scalbn.c.obj (.text.scalbn)
                  00003914    000000d0     functions.o (.text.cmd_hall)
                  000039e4    000000bc     i2c.o (.text.Shared_I2C_IRQHandler)
                  00003aa0    000000ac     uart.o (.text.UARTReceive)
                  00003b4c    000000a4     BQ25628_functions.o (.text.BQ25628E_UpdateTelemetry)
                  00003bf0    000000a2     libclang_rt.builtins.a : udivmoddi4.S.obj (.text)
                  00003c92    0000009a     libc.a : memcpy16.S.obj (.text:memcpy)
                  00003d2c    00000004     libsysbm.a : hostexit.c.obj (.text.HOSTexit)
                  00003d30    00000088     libc.a : strcmp-armv6m.S.obj (.text:strcmp)
                  00003db8    0000007c     ti_msp_dl_config.o (.text.SYSCFG_DL_initPower)
                  00003e34    0000007c     libc.a : copy_decompress_lzss.c.obj (.text:decompress:lzss)
                  00003eb0    00000078     uart.o (.text.uart_printf)
                  00003f28    00000074     libclang_rt.builtins.a : comparedf2.c.obj (.text.__gedf2)
                  00003f9c    00000070     ti_msp_dl_config.o (.text.SYSCFG_DL_UART_0_init)
                  0000400c    00000068     uart.o (.text.CLI_Tokenize)
                  00004074    00000068     ti_msp_dl_config.o (.text.SYSCFG_DL_I2C_0_init)
                  000040dc    00000068     ti_msp_dl_config.o (.text.SYSCFG_DL_I2C_1_init)
                  00004144    00000068     libclang_rt.builtins.a : comparedf2.c.obj (.text.__ledf2)
                  000041ac    00000066     libc.a : _printfi.c.obj (.text._mcpy)
                  00004212    00000002     libclang_rt.builtins.a : aeabi_div0.c.obj (.text.__aeabi_ldiv0)
                  00004214    00000064     ti_msp_dl_config.o (.text.SYSCFG_DL_SPI_0_init)
                  00004278    00000064     uart.o (.text.cmd_help)
                  000042dc    00000062     libclang_rt.builtins.a : aeabi_dcmp.S.obj (.text.__aeabi_dcmp)
                  0000433e    00000062     libc.a : memset16.S.obj (.text:memset)
                  000043a0    00000060     ti_msp_dl_config.o (.text.SYSCFG_DL_MCU_UART_1_init)
                  00004400    00000060     ti_msp_dl_config.o (.text.SYSCFG_DL_SPI_1_init)
                  00004460    0000005e     driverlib.a : dl_i2c.o (.text.DL_I2C_fillControllerTXFIFO)
                  000044be    00000002     --HOLE-- [fill = 0]
                  000044c0    0000005c     spi_master.o (.text.SPI_Controller_Arm)
                  0000451c    0000005c     libc.a : s_frexp.c.obj (.text.frexp)
                  00004578    00000058            : _ltoa.c.obj (.text.__TI_ltoa)
                  000045d0    00000058            : _printfi.c.obj (.text._pconv_f)
                  00004628    00000056     libclang_rt.builtins.a : aeabi_idivmod.S.obj (.text.__aeabi_idivmod)
                  0000467e    00000052     libc.a : _printfi.c.obj (.text._ecpy)
                  000046d0    0000004c     driverlib.a : dl_dma.o (.text.DL_DMA_initChannel)
                  0000471c    0000004a     libclang_rt.builtins.a : fixdfsi.S.obj (.text.__fixdfsi)
                  00004766    00000002     --HOLE-- [fill = 0]
                  00004768    00000048     driverlib.a : dl_uart.o (.text.DL_UART_init)
                  000047b0    00000048     libc.a : strtok.c.obj (.text.strtok)
                  000047f8    00000044     driverlib.a : dl_spi.o (.text.DL_SPI_init)
                  0000483c    00000044     ti_msp_dl_config.o (.text.SYSCFG_DL_init)
                  00004880    00000040     ti_msp_dl_config.o (.text.SYSCFG_DL_SYSCTL_init)
                  000048c0    00000040     libclang_rt.builtins.a : aeabi_uidivmod.S.obj (.text.__aeabi_uidivmod)
                  00004900    00000040     libc.a : atoi.c.obj (.text.atoi)
                  00004940    00000040            : vsnprintf.c.obj (.text.vsnprintf)
                  00004980    0000003c     uart.o (.text.CLI_RegisterCommand)
                  000049bc    0000003c     driverlib.a : dl_i2c.o (.text.DL_I2C_flushControllerTXFIFO)
                  000049f8    0000003c     uart.o (.text.get_UART_buffer)
                  00004a34    0000003c     libc.a : autoinit.c.obj (.text:__TI_auto_init_nobinit_nopinit)
                  00004a70    0000003a     libclang_rt.builtins.a : muldsi3.S.obj (.text.__muldsi3)
                  00004aaa    00000002     --HOLE-- [fill = 0]
                  00004aac    00000038     ti_msp_dl_config.o (.text.SYSCFG_DL_TIMER_0_init)
                  00004ae4    00000038     gauge.o (.text.gauge_read)
                  00004b1c    00000038     gauge.o (.text.gauge_write)
                  00004b54    00000034     spi_master.o (.text.SPI1_IRQHandler)
                  00004b88    00000030     driverlib.a : dl_i2c.o (.text.DL_I2C_flushControllerRXFIFO)
                  00004bb8    00000030                 : dl_uart.o (.text.DL_UART_transmitDataBlocking)
                  00004be8    00000030     libc.a : _printfi.c.obj (.text._fcpy)
                  00004c18    00000030            : vsnprintf.c.obj (.text._outs)
                  00004c48    00000030     gauge.o (.text.gauge_cmd_read)
                  00004c78    0000002c     libclang_rt.builtins.a : floatsidf.S.obj (.text.__floatsidf)
                  00004ca4    00000028     libc.a : boot_cortex_m.c.obj (.text:_c_int00_noargs)
                  00004ccc    00000026     driverlib.a : dl_i2c.o (.text.DL_I2C_setClockConfig)
                  00004cf2    00000026     libc.a : strspn.c.obj (.text.strspn)
                  00004d18    00000024     BQ25628_functions.o (.text.BQ25628E_ReadReg16)
                  00004d3c    00000024     BQ25628_functions.o (.text.BQ25628E_ReadReg8)
                  00004d60    00000024     BQ25628_functions.o (.text.BQ25628E_WriteReg16)
                  00004d84    00000024     spi_master.o (.text.SPI_Controller_Init)
                  00004da8    00000024     libclang_rt.builtins.a : muldi3.S.obj (.text.__muldi3)
                  00004dcc    00000024     libc.a : strcspn.c.obj (.text.strcspn)
                  00004df0    00000022            : memccpy.c.obj (.text.memccpy)
                  00004e12    00000002     --HOLE-- [fill = 0]
                  00004e14    00000020     BQ25628_functions.o (.text.BQ25628E_WriteReg8)
                  00004e34    00000020     BQ27Z7_functions.o (.text.BQ27Z746_ReadInternalTemp_C)
                  00004e54    00000020     BQ27Z7_functions.o (.text.BQ27Z746_ReadTemperature_C)
                  00004e74    00000020     uart.o (.text.uart_init)
                  00004e94    0000001e     libclang_rt.builtins.a : ashldi3.S.obj (.text.__ashldi3)
                  00004eb2    00000002     --HOLE-- [fill = 0]
                  00004eb4    0000001c     driverlib.a : dl_timer.o (.text.DL_Timer_setClockConfig)
                  00004ed0    0000001c     i2c.o (.text.i2c_init)
                  00004eec    00000018     BQ27Z7_functions.o (.text.BQ27Z746_Init)
                  00004f04    00000018     ti_msp_dl_config.o (.text.SYSCFG_DL_DMA_CH0_init)
                  00004f1c    00000018     ti_msp_dl_config.o (.text.SYSCFG_DL_DMA_CH1_init)
                  00004f34    00000018     ti_msp_dl_config.o (.text.SYSCFG_DL_DMA_CH2_init)
                  00004f4c    00000018     ti_msp_dl_config.o (.text.SYSCFG_DL_DMA_CH3_init)
                  00004f64    00000018     main.o (.text.UART0_IRQHandler)
                  00004f7c    00000018     libc.a : vsnprintf.c.obj (.text._outc)
                  00004f94    00000016            : copy_zero_init.c.obj (.text:decompress:ZI:__TI_zero_init_nomemset)
                  00004faa    00000014     ti_msp_dl_config.o (.text.SYSCFG_DL_DMA_init)
                  00004fbe    00000002     --HOLE-- [fill = 0]
                  00004fc0    00000014     libclang_rt.builtins.a : aeabi_uldivmod.S.obj (.text.__aeabi_uldivmod)
                  00004fd4    00000014     libc.a : _printfi.c.obj (.text.strchr)
                  00004fe8    00000012     driverlib.a : dl_spi.o (.text.DL_SPI_setClockConfig)
                  00004ffa    00000012                 : dl_uart.o (.text.DL_UART_setClockConfig)
                  0000500c    00000012     libc.a : copy_decompress_none.c.obj (.text:decompress:none)
                  0000501e    00000002     --HOLE-- [fill = 0]
                  00005020    00000010     BQ27Z7_functions.o (.text.BQ27Z746_IsDischarging)
                  00005030    00000010     BQ27Z7_functions.o (.text.BQ27Z746_IsFullyCharged)
                  00005040    00000010     BQ27Z7_functions.o (.text.BQ27Z746_IsFullyDischarged)
                  00005050    00000010     i2c.o (.text.I2C0_IRQHandler)
                  00005060    00000010     i2c.o (.text.I2C1_IRQHandler)
                  00005070    00000010     gauge.o (.text.gauge_address)
                  00005080    00000010     libc.a : wcslen.c.obj (.text.wcslen)
                  00005090    0000000e     libclang_rt.builtins.a : aeabi_memset.S.obj (.text.__aeabi_memset)
                  0000509e    0000000e     libc.a : _printfi.c.obj (.text.strlen)
                  000050ac    0000000c     BQ25628_functions.o (.text.BQ25628E_Get_IBAT_mA)
                  000050b8    0000000c     BQ25628_functions.o (.text.BQ25628E_Get_IBUS_mA)
                  000050c4    0000000c     BQ25628_functions.o (.text.BQ25628E_Get_VBAT_mV)
                  000050d0    0000000c     BQ25628_functions.o (.text.BQ25628E_Get_VSYS_mV)
                  000050dc    0000000c     BQ27Z7_functions.o (.text.BQ27Z746_Get_AvgCurrent_mA)
                  000050e8    0000000c     BQ27Z7_functions.o (.text.BQ27Z746_Get_AvgPower_mW)
                  000050f4    0000000c     BQ27Z7_functions.o (.text.BQ27Z746_Get_BatteryStatus)
                  00005100    0000000c     BQ27Z7_functions.o (.text.BQ27Z746_Get_Current_mA)
                  0000510c    0000000c     BQ27Z7_functions.o (.text.BQ27Z746_Get_CycleCount)
                  00005118    0000000c     BQ27Z7_functions.o (.text.BQ27Z746_Get_FullChargeCap_mAh)
                  00005124    0000000c     BQ27Z7_functions.o (.text.BQ27Z746_Get_InternalTemp_C)
                  00005130    0000000c     BQ27Z7_functions.o (.text.BQ27Z746_Get_RemainingCap_mAh)
                  0000513c    0000000c     BQ27Z7_functions.o (.text.BQ27Z746_Get_SOC_pct)
                  00005148    0000000c     BQ27Z7_functions.o (.text.BQ27Z746_Get_StateOfHealth_pct)
                  00005154    0000000c     BQ27Z7_functions.o (.text.BQ27Z746_Get_Temperature_C)
                  00005160    0000000c     BQ27Z7_functions.o (.text.BQ27Z746_Get_TimeToEmpty_min)
                  0000516c    0000000c     BQ27Z7_functions.o (.text.BQ27Z746_Get_TimeToFull_min)
                  00005178    0000000c     BQ27Z7_functions.o (.text.BQ27Z746_Get_Voltage_mV)
                  00005184    0000000c     BQ27Z7_functions.o (.text.BQ27Z746_ReadAvgCurrent_mA)
                  00005190    0000000c     BQ27Z7_functions.o (.text.BQ27Z746_ReadAvgPower_mW)
                  0000519c    0000000c     BQ27Z7_functions.o (.text.BQ27Z746_ReadBatteryStatus)
                  000051a8    0000000c     BQ27Z7_functions.o (.text.BQ27Z746_ReadCurrent_mA)
                  000051b4    0000000c     BQ27Z7_functions.o (.text.BQ27Z746_ReadCycleCount)
                  000051c0    0000000c     BQ27Z7_functions.o (.text.BQ27Z746_ReadFullChargeCap_mAh)
                  000051cc    0000000c     BQ27Z7_functions.o (.text.BQ27Z746_ReadRemainingCap_mAh)
                  000051d8    0000000c     BQ27Z7_functions.o (.text.BQ27Z746_ReadSOC_pct)
                  000051e4    0000000c     BQ27Z7_functions.o (.text.BQ27Z746_ReadStateOfHealth_pct)
                  000051f0    0000000c     BQ27Z7_functions.o (.text.BQ27Z746_ReadTimeToEmpty_min)
                  000051fc    0000000c     BQ27Z7_functions.o (.text.BQ27Z746_ReadTimeToFull_min)
                  00005208    0000000c     BQ27Z7_functions.o (.text.BQ27Z746_ReadVoltage_mV)
                  00005214    0000000c     libclang_rt.builtins.a : aeabi_memset.S.obj (.text.__aeabi_memclr)
                  00005220    0000000a     driverlib.a : dl_common.o (.text.DL_Common_delayCycles)
                  0000522a    0000000a     libc.a : _printfi.c.obj (.text.OUTLINED_FUNCTION_0)
                  00005234    00000010     libclang_rt.builtins.a : adddf3.S.obj (.tramp.__aeabi_dsub.1)
                  00005244    0000000a     libc.a : _printfi.c.obj (.text.OUTLINED_FUNCTION_1)
                  0000524e    00000002     --HOLE-- [fill = 0]
                  00005250    00000008            : aeabi_portable.c.obj (.text.__aeabi_errno_addr)
                  00005258    00000008     libclang_rt.builtins.a : aeabi_memcpy.S.obj (.text.__aeabi_memcpy)
                  00005260    00000006     libc.a : exit.c.obj (.text:abort)
                  00005266    00000004     startup_mspm0g350x_ticlang.o (.text.Reset_Handler)
                  0000526a    00000004     libc.a : pre_init.c.obj (.text._system_pre_init)
                  0000526e    00000002     --HOLE-- [fill = 0]

.cinit     0    00006a80    00000048     
                  00006a80    00000024     (.cinit..data.load) [load image, compression = lzss]
                  00006aa4    0000000c     (__TI_handler_table)
                  00006ab0    00000008     (.cinit..bss.load) [load image, compression = zero_init]
                  00006ab8    00000010     (__TI_cinit_table)

.rodata    0    00005270    00001810     
                  00005270    000001eb     functions.o (.rodata.str1.14424774467072349609.1)
                  0000545b    000001da     functions.o (.rodata.str1.17600609178903569978.1)
                  00005635    0000000b     main.o (.rodata.str1.10313062130652730376.1)
                  00005640    00000101     libc.a : aeabi_ctype.S.obj (.rodata:__aeabi_ctype_table_)
                  00005741    000000af     functions.o (.rodata.str1.10105263805998509149.1)
                  000057f0    00000046     functions.o (.rodata.str1.14754684760099289372.1)
                  00005836    00000041     functions.o (.rodata.str1.2344728598999326712.1)
                  00005877    0000003c     functions.o (.rodata.str1.15416425971347363818.1)
                  000058b3    0000003c     functions.o (.rodata.str1.6596733414268854495.1)
                  000058ef    0000003b     functions.o (.rodata.str1.5117621188084071403.1)
                  0000592a    00000035     functions.o (.rodata.str1.13361924668150654931.1)
                  0000595f    00000033     functions.o (.rodata.str1.8276779995786722914.1)
                  00005992    00000031     main.o (.rodata.str1.16265332423659789559.1)
                  000059c3    00000030     main.o (.rodata.str1.10635229749459437609.1)
                  000059f3    00000030     main.o (.rodata.str1.3530083166107438000.1)
                  00005a23    0000002f     functions.o (.rodata.str1.11510568493784519380.1)
                  00005a52    0000002f     main.o (.rodata.str1.18227636981041470289.1)
                  00005a81    0000002d     functions.o (.rodata.str1.13647871663007229205.1)
                  00005aae    0000002d     functions.o (.rodata.str1.17873271132953962449.1)
                  00005adb    0000002d     functions.o (.rodata.str1.303947978237559523.1)
                  00005b08    0000002c     main.o (.rodata.str1.5043408953494467246.1)
                  00005b34    0000002a     functions.o (.rodata.str1.13933329845969146692.1)
                  00005b5e    00000029     functions.o (.rodata.str1.14212890215622683485.1)
                  00005b87    00000028     functions.o (.rodata.str1.13707145581914847747.1)
                  00005baf    00000027     functions.o (.rodata.str1.7085808795165203043.1)
                  00005bd6    00000027     main.o (.rodata.str1.9059077390166914652.1)
                  00005bfd    00000026     functions.o (.rodata.str1.11596568296542930794.1)
                  00005c23    00000026     functions.o (.rodata.str1.312031595841812858.1)
                  00005c49    00000026     main.o (.rodata.str1.39260288392874984.1)
                  00005c6f    00000025     functions.o (.rodata.str1.5196872854305757230.1)
                  00005c94    00000024     main.o (.rodata.str1.1311392489248731986.1)
                  00005cb8    00000024     functions.o (.rodata.str1.2298903785866919411.1)
                  00005cdc    00000024     main.o (.rodata.str1.6554448696319176064.1)
                  00005d00    00000023     main.o (.rodata.str1.14402440632258215044.1)
                  00005d23    00000023     uart.o (.rodata.str1.14464947116831474962.1)
                  00005d46    00000023     functions.o (.rodata.str1.3739636256912452571.1)
                  00005d69    00000023     functions.o (.rodata.str1.7723146404961276984.1)
                  00005d8c    00000022     functions.o (.rodata.str1.11403685632016021771.1)
                  00005dae    00000022     main.o (.rodata.str1.14466178792657420020.1)
                  00005dd0    00000022     functions.o (.rodata.str1.17016031596792030868.1)
                  00005df2    00000022     functions.o (.rodata.str1.17242831494859343374.1)
                  00005e14    00000022     main.o (.rodata.str1.17376258722486336754.1)
                  00005e36    00000022     functions.o (.rodata.str1.2305192595417680505.1)
                  00005e58    00000022     functions.o (.rodata.str1.4910338030008278487.1)
                  00005e7a    00000022     functions.o (.rodata.str1.831622212789273363.1)
                  00005e9c    00000022     main.o (.rodata.str1.8828068777338075035.1)
                  00005ebe    00000022     functions.o (.rodata.str1.8841248051089024616.1)
                  00005ee0    00000021     functions.o (.rodata.str1.12250083639950253671.1)
                  00005f01    00000021     functions.o (.rodata.str1.12257129677820421622.1)
                  00005f22    00000021     functions.o (.rodata.str1.16726128468901222387.1)
                  00005f43    00000021     functions.o (.rodata.str1.17004305802620412261.1)
                  00005f64    00000021     functions.o (.rodata.str1.17112998893623131760.1)
                  00005f85    00000021     functions.o (.rodata.str1.18169768820860067831.1)
                  00005fa6    00000021     functions.o (.rodata.str1.2957129483359387701.1)
                  00005fc7    00000021     functions.o (.rodata.str1.4040450050525152614.1)
                  00005fe8    00000021     functions.o (.rodata.str1.4531601087117612729.1)
                  00006009    00000020     functions.o (.rodata.str1.10868672936327135180.1)
                  00006029    00000020     functions.o (.rodata.str1.11158820112163685190.1)
                  00006049    00000020     functions.o (.rodata.str1.11371842499512143921.1)
                  00006069    00000020     functions.o (.rodata.str1.11740181311745255940.1)
                  00006089    00000020     functions.o (.rodata.str1.14504089057119714207.1)
                  000060a9    00000020     functions.o (.rodata.str1.14626576299884526934.1)
                  000060c9    00000020     functions.o (.rodata.str1.16113805747440866019.1)
                  000060e9    00000020     functions.o (.rodata.str1.17418132220924322792.1)
                  00006109    00000020     main.o (.rodata.str1.2563708670032483588.1)
                  00006129    00000020     functions.o (.rodata.str1.2654337880733388962.1)
                  00006149    00000020     functions.o (.rodata.str1.9987864939932165754.1)
                  00006169    0000001f     functions.o (.rodata.str1.10930655922842606279.1)
                  00006188    0000001f     functions.o (.rodata.str1.11345522308171243087.1)
                  000061a7    0000001f     main.o (.rodata.str1.14112174005742061988.1)
                  000061c6    0000001f     functions.o (.rodata.str1.16614484817706633923.1)
                  000061e5    0000001f     functions.o (.rodata.str1.2216088936736676215.1)
                  00006204    0000001f     functions.o (.rodata.str1.455706336395187257.1)
                  00006223    0000001f     functions.o (.rodata.str1.7261598007108977983.1)
                  00006242    0000001f     functions.o (.rodata.str1.8430466031500812981.1)
                  00006261    0000001e     functions.o (.rodata.str1.13258710136769708401.1)
                  0000627f    0000001e     functions.o (.rodata.str1.13554695696533425351.1)
                  0000629d    0000001e     functions.o (.rodata.str1.5905555877690922764.1)
                  000062bb    0000001e     functions.o (.rodata.str1.7324634916810494498.1)
                  000062d9    0000001e     functions.o (.rodata.str1.9393216526452698668.1)
                  000062f7    0000001d     functions.o (.rodata.str1.10029850049327752681.1)
                  00006314    0000001d     functions.o (.rodata.str1.11852899632267644254.1)
                  00006331    0000001c     main.o (.rodata.str1.12180500075719773345.1)
                  0000634d    0000001b     functions.o (.rodata.str1.11087625087312282266.1)
                  00006368    0000001b     functions.o (.rodata.str1.2153166669032916089.1)
                  00006383    0000001b     functions.o (.rodata.str1.6886749528440134913.1)
                  0000639e    0000001b     functions.o (.rodata.str1.7667325258934765219.1)
                  000063b9    0000001b     functions.o (.rodata.str1.823074591787180899.1)
                  000063d4    0000001b     functions.o (.rodata.str1.9866892624350641238.1)
                  000063ef    0000001a     functions.o (.rodata.str1.10394495994740858438.1)
                  00006409    0000001a     functions.o (.rodata.str1.11621569494667626893.1)
                  00006423    0000001a     functions.o (.rodata.str1.12609848238114409581.1)
                  0000643d    0000001a     main.o (.rodata.str1.14079361385603432444.1)
                  00006457    0000001a     functions.o (.rodata.str1.16386345573460399209.1)
                  00006471    0000001a     functions.o (.rodata.str1.2006883888705870762.1)
                  0000648b    0000001a     functions.o (.rodata.str1.2872345601479061820.1)
                  000064a5    0000001a     functions.o (.rodata.str1.976629323795015702.1)
                  000064bf    00000019     main.o (.rodata.str1.8076846746581808073.1)
                  000064d8    00000018     ti_msp_dl_config.o (.rodata.gDMA_CH0Config)
                  000064f0    00000018     ti_msp_dl_config.o (.rodata.gDMA_CH1Config)
                  00006508    00000018     ti_msp_dl_config.o (.rodata.gDMA_CH2Config)
                  00006520    00000018     ti_msp_dl_config.o (.rodata.gDMA_CH3Config)
                  00006538    00000018     functions.o (.rodata.str1.14826907694073300720.1)
                  00006550    00000018     functions.o (.rodata.str1.15647711897633472048.1)
                  00006568    00000018     functions.o (.rodata.str1.3544098629501009633.1)
                  00006580    00000018     functions.o (.rodata.str1.4307635291288551838.1)
                  00006598    00000018     functions.o (.rodata.str1.5556253844797924259.1)
                  000065b0    00000018     main.o (.rodata.str1.8154729771448623357.1)
                  000065c8    00000017     functions.o (.rodata.str1.15871961652988661611.1)
                  000065df    00000017     functions.o (.rodata.str1.15981603964029308583.1)
                  000065f6    00000017     functions.o (.rodata.str1.16499007181999684178.1)
                  0000660d    00000017     functions.o (.rodata.str1.17162129685140799346.1)
                  00006624    00000017     functions.o (.rodata.str1.2190941444116491765.1)
                  0000663b    00000017     main.o (.rodata.str1.8428454045432808059.1)
                  00006652    00000016     functions.o (.rodata.str1.13750405472340812261.1)
                  00006668    00000016     functions.o (.rodata.str1.14660004578859228044.1)
                  0000667e    00000016     uart.o (.rodata.str1.15503172443992438641.1)
                  00006694    00000016     functions.o (.rodata.str1.1912318065655334061.1)
                  000066aa    00000016     main.o (.rodata.str1.2763581881760962609.1)
                  000066c0    00000016     functions.o (.rodata.str1.4144252613811081812.1)
                  000066d6    00000015     functions.o (.rodata.str1.11457859038367029433.1)
                  000066eb    00000015     functions.o (.rodata.str1.13291850131445628085.1)
                  00006700    00000015     functions.o (.rodata.str1.13318008327193210645.1)
                  00006715    00000015     functions.o (.rodata.str1.14079700471513303319.1)
                  0000672a    00000015     functions.o (.rodata.str1.14779408147115502373.1)
                  0000673f    00000015     functions.o (.rodata.str1.16344480386849582482.1)
                  00006754    00000015     functions.o (.rodata.str1.17171889877841249491.1)
                  00006769    00000015     functions.o (.rodata.str1.18285776561876861988.1)
                  0000677e    00000015     functions.o (.rodata.str1.5514502381961403268.1)
                  00006793    00000015     functions.o (.rodata.str1.7987950595137088371.1)
                  000067a8    00000015     uart.o (.rodata.str1.8171864734171609186.1)
                  000067bd    00000003     ti_msp_dl_config.o (.rodata.gTIMER_0ClockConfig)
                  000067c0    00000014     ti_msp_dl_config.o (.rodata.gTIMER_0TimerConfig)
                  000067d4    00000014     main.o (.rodata.str1.11870794119293528247.1)
                  000067e8    00000013     functions.o (.rodata.str1.17622889657162422067.1)
                  000067fb    00000012     functions.o (.rodata.str1.11391304066098951517.1)
                  0000680d    00000012     main.o (.rodata.str1.16631870348416990953.1)
                  0000681f    00000011     libc.a : _printfi.c.obj (.rodata.str1.10348868589481759720.1)
                  00006830    00000011     main.o (.rodata.str1.10865113624938808685.1)
                  00006841    00000011     main.o (.rodata.str1.11321157723316767883.1)
                  00006852    00000011     libc.a : _printfi.c.obj (.rodata.str1.15363888844622738466.1)
                  00006863    00000011     main.o (.rodata.str1.17045314124001216156.1)
                  00006874    00000011     main.o (.rodata.str1.7784929982665794503.1)
                  00006885    00000011     main.o (.rodata.str1.8096991282711418442.1)
                  00006896    00000011     functions.o (.rodata.str1.8855207564147674068.1)
                  000068a7    00000001     --HOLE-- [fill = 0]
                  000068a8    00000010     main.o (.rodata..Lswitch.table.main)
                  000068b8    0000000f     functions.o (.rodata.str1.6405428687533244608.1)
                  000068c7    0000000e     main.o (.rodata.str1.7996925722583989644.1)
                  000068d5    0000000d     functions.o (.rodata.str1.14249227603012650231.1)
                  000068e2    0000000d     main.o (.rodata.str1.8320541211001259012.1)
                  000068ef    0000000c     main.o (.rodata.str1.16302215771116645891.1)
                  000068fb    0000000b     functions.o (.rodata.str1.13786467237224150958.1)
                  00006906    0000000a     ti_msp_dl_config.o (.rodata.gMCU_UART_1Config)
                  00006910    0000000a     ti_msp_dl_config.o (.rodata.gSPI_0_config)
                  0000691a    0000000a     ti_msp_dl_config.o (.rodata.gSPI_1_config)
                  00006924    0000000a     ti_msp_dl_config.o (.rodata.gUART_0Config)
                  0000692e    0000000a     main.o (.rodata.str1.13030671760666898970.1)
                  00006938    0000000a     functions.o (.rodata.str1.9659379646541333203.1)
                  00006942    00000009     main.o (.rodata.str1.10720410773482754683.1)
                  0000694b    00000009     main.o (.rodata.str1.11822182024223342093.1)
                  00006954    00000009     functions.o (.rodata.str1.13225435875195226696.1)
                  0000695d    00000009     main.o (.rodata.str1.18092426736022315238.1)
                  00006966    00000009     uart.o (.rodata.str1.2747995240747259486.1)
                  0000696f    00000009     functions.o (.rodata.str1.5320122413559821118.1)
                  00006978    00000008     main.o (.rodata.str1.10224226614597680209.1)
                  00006980    00000008     functions.o (.rodata.str1.11093425900794288272.1)
                  00006988    00000008     functions.o (.rodata.str1.12716370140545181522.1)
                  00006990    00000008     functions.o (.rodata.str1.15667472894159448674.1)
                  00006998    00000008     functions.o (.rodata.str1.15927518266867229498.1)
                  000069a0    00000008     functions.o (.rodata.str1.16929425599360063401.1)
                  000069a8    00000008     main.o (.rodata.str1.2846389346932560359.1)
                  000069b0    00000008     functions.o (.rodata.str1.3156050197955811031.1)
                  000069b8    00000008     main.o (.rodata.str1.6891813955777630061.1)
                  000069c0    00000007     functions.o (.rodata.str1.14125585639945481457.1)
                  000069c7    00000007     functions.o (.rodata.str1.17588442350683572369.1)
                  000069ce    00000007     functions.o (.rodata.str1.1879081474855052955.1)
                  000069d5    00000007     main.o (.rodata.str1.2624144126699937905.1)
                  000069dc    00000007     functions.o (.rodata.str1.3123360382440319361.1)
                  000069e3    00000006     functions.o (.rodata.str1.11538060877586311343.1)
                  000069e9    00000006     functions.o (.rodata.str1.17144429639171527548.1)
                  000069ef    00000006     main.o (.rodata.str1.2123964117280943167.1)
                  000069f5    00000006     main.o (.rodata.str1.403738606202455663.1)
                  000069fb    00000006     functions.o (.rodata.str1.4959705119256106851.1)
                  00006a01    00000006     functions.o (.rodata.str1.6579945242302544448.1)
                  00006a07    00000005     functions.o (.rodata.str1.11900037607746946141.1)
                  00006a0c    00000005     functions.o (.rodata.str1.13183419841694627606.1)
                  00006a11    00000005     main.o (.rodata.str1.13288086030101331538.1)
                  00006a16    00000005     functions.o (.rodata.str1.14496393926573069083.1)
                  00006a1b    00000005     main.o (.rodata.str1.15159059442110792349.1)
                  00006a20    00000005     functions.o (.rodata.str1.16757203657686794125.1)
                  00006a25    00000005     functions.o (.rodata.str1.2618360898605671341.1)
                  00006a2a    00000005     main.o (.rodata.str1.288608917962107522.1)
                  00006a2f    00000005     functions.o (.rodata.str1.3066531604708884151.1)
                  00006a34    00000005     functions.o (.rodata.str1.3172367308849033862.1)
                  00006a39    00000005     functions.o (.rodata.str1.502354497711140047.1)
                  00006a3e    00000005     functions.o (.rodata.str1.9955790773425000222.1)
                  00006a43    00000004     main.o (.rodata.str1.11702106008850790973.1)
                  00006a47    00000004     functions.o (.rodata.str1.12871985577256932554.1)
                  00006a4b    00000004     main.o (.rodata.str1.15996357275703397564.1)
                  00006a4f    00000004     main.o (.rodata.str1.17100691992556644108.1)
                  00006a53    00000004     functions.o (.rodata.str1.3098115528246613681.1)
                  00006a57    00000004     functions.o (.rodata.str1.4561657886204501224.1)
                  00006a5b    00000004     functions.o (.rodata.str1.62749256631814321.1)
                  00006a5f    00000004     functions.o (.rodata.str1.7108839738911806945.1)
                  00006a63    00000004     functions.o (.rodata.str1.9119127971185803168.1)
                  00006a67    00000003     uart.o (.rodata.str1.12819099410943012003.1)
                  00006a6a    00000003     functions.o (.rodata.str1.3322434249706281543.1)
                  00006a6d    00000003     main.o (.rodata.str1.7702501944640899365.1)
                  00006a70    00000002     ti_msp_dl_config.o (.rodata.gI2C_0ClockConfig)
                  00006a72    00000002     ti_msp_dl_config.o (.rodata.gI2C_1ClockConfig)
                  00006a74    00000002     ti_msp_dl_config.o (.rodata.gMCU_UART_1ClockConfig)
                  00006a76    00000002     ti_msp_dl_config.o (.rodata.gSPI_0_clockConfig)
                  00006a78    00000002     ti_msp_dl_config.o (.rodata.gSPI_1_clockConfig)
                  00006a7a    00000002     ti_msp_dl_config.o (.rodata.gUART_0ClockConfig)
                  00006a7c    00000002     uart.o (.rodata.str1.3510367808670815947.1)
                  00006a7e    00000002     functions.o (.rodata.str1.5994875290679588583.1)

.init_array 
*          0    00000000    00000000     UNINITIALIZED

.binit     0    00000000    00000000     

.bss       0    20200000    00000189     UNINITIALIZED
                  20200000    00000078     uart.o (.bss.commandList)
                  20200078    00000040     (.common:UART_Buffer)
                  202000b8    00000028     (.common:gSPI_0Backup)
                  202000e0    00000028     (.common:gSPI_1Backup)
                  20200108    00000022     (.common:gRxPacket)
                  2020012a    00000022     (.common:gTxPacket)
                  2020014c    0000001c     (.common:stm32Spi)
                  20200168    00000010     (.common:gSPI_RxPacket)
                  20200178    00000004     (.common:gRxCount)
                  2020017c    00000004     (.common:gRxLen)
                  20200180    00000004     (.common:gTxCount)
                  20200184    00000004     (.common:gTxLen)
                  20200188    00000001     (.common:gI2cControllerStatus)

.data      0    2020018c    00000048     UNINITIALIZED
                  2020018c    00000010     spi_master.o (.data.gSPI_TxPacket)
                  2020019c    00000004     libc.a : aeabi_portable.c.obj (.data.__aeabi_errno)
                  202001a0    00000004     uart.o (.data.commandCount)
                  202001a4    00000004     libc.a : strtok.c.obj (.data.last_end)
                  202001a8    00000004     main.o (.data.monitor_rate)
                  202001ac    00000002     BQ25628_functions.o (.data.g_ibat_mA)
                  202001ae    00000002     BQ25628_functions.o (.data.g_ibus_mA)
                  202001b0    00000002     BQ27Z7_functions.o (.data.g_telem.0)
                  202001b2    00000002     BQ27Z7_functions.o (.data.g_telem.10)
                  202001b4    00000002     BQ27Z7_functions.o (.data.g_telem.11)
                  202001b6    00000002     BQ27Z7_functions.o (.data.g_telem.12)
                  202001b8    00000002     BQ27Z7_functions.o (.data.g_telem.13)
                  202001ba    00000002     BQ27Z7_functions.o (.data.g_telem.1)
                  202001bc    00000002     BQ27Z7_functions.o (.data.g_telem.2)
                  202001be    00000002     BQ27Z7_functions.o (.data.g_telem.4)
                  202001c0    00000002     BQ27Z7_functions.o (.data.g_telem.5)
                  202001c2    00000002     BQ27Z7_functions.o (.data.g_telem.7)
                  202001c4    00000002     BQ27Z7_functions.o (.data.g_telem.8)
                  202001c6    00000002     BQ27Z7_functions.o (.data.g_telem.9)
                  202001c8    00000002     BQ25628_functions.o (.data.g_vbat_mV)
                  202001ca    00000002     BQ25628_functions.o (.data.g_vsys_mV)
                  202001cc    00000001     main.o (.data.bq_monitor_active)
                  202001cd    00000001     uart.o (.data.char_index)
                  202001ce    00000001     uart.o (.data.data_received)
                  202001cf    00000001     gauge.o (.data.g_gaugeAddr)
                  202001d0    00000001     BQ27Z7_functions.o (.data.g_telem.3)
                  202001d1    00000001     main.o (.data.gauge_monitor_active)
                  202001d2    00000001     BQ27Z7_functions.o (.data.g_telem.6)
                  202001d3    00000001     main.o (.data.hall_monitor_active)

.stack     0    20207e00    00000200     UNINITIALIZED
                  20207e00    00000004     libc.a : boot_cortex_m.c.obj (.stack)
                  20207e04    000001fc     --HOLE--

__llvm_prf_cnts 
*          0    20200000    00000000     UNINITIALIZED

__llvm_prf_bits 
*          0    20200000    00000000     UNINITIALIZED

MODULE SUMMARY

       Module                         code    ro data   rw data
       ------                         ----    -------   -------
    .\
       functions.o                    3556    4573      0      
       main.o                         948     1032      7      
       ti_msp_dl_config.o             1296    171       80     
       startup_mspm0g350x_ticlang.o   6       192       0      
    +--+------------------------------+-------+---------+---------+
       Total:                         5806    5968      87     
                                                               
    .\HAL\
       uart.o                         1484    92        190    
       i2c.o                          1256    0         85     
       spi_master.o                   180     0         60     
    +--+------------------------------+-------+---------+---------+
       Total:                         2920    92        335    
                                                               
    .\ics\BQ25628\
       BQ25628_functions.o            592     0         8      
    +--+------------------------------+-------+---------+---------+
       Total:                         592     0         8      
                                                               
    .\ics\BQ27Z7\
       BQ27Z7_functions.o             2426    0         26     
       gauge.o                        176     0         1      
    +--+------------------------------+-------+---------+---------+
       Total:                         2602    0         27     
                                                               
    C:/ti/mspm0_sdk_2_09_00_01/source/ti/driverlib/lib/ticlang/m0p/mspm0g1x0x_g3x0x/driverlib.a
       dl_timer.o                     280     0         0      
       dl_i2c.o                       240     0         0      
       dl_uart.o                      138     0         0      
       dl_spi.o                       86      0         0      
       dl_dma.o                       76      0         0      
       dl_common.o                    10      0         0      
    +--+------------------------------+-------+---------+---------+
       Total:                         830     0         0      
                                                               
    C:\ti\ccs2031\ccs\tools\compiler\ti-cgt-armllvm_4.0.4.LTS\lib\armv6m-ti-none-eabi/c/libc.a
       _printfi.c.obj                 4510    34        0      
       strtol.c.obj                   324     0         0      
       aeabi_ctype.S.obj              0       257       0      
       s_scalbn.c.obj                 216     0         0      
       memcpy16.S.obj                 154     0         0      
       strcmp-armv6m.S.obj            136     0         0      
       vsnprintf.c.obj                136     0         0      
       copy_decompress_lzss.c.obj     124     0         0      
       memset16.S.obj                 98      0         0      
       s_frexp.c.obj                  92      0         0      
       _ltoa.c.obj                    88      0         0      
       strtok.c.obj                   72      0         4      
       atoi.c.obj                     64      0         0      
       autoinit.c.obj                 60      0         0      
       boot_cortex_m.c.obj            40      0         0      
       strspn.c.obj                   38      0         0      
       strcspn.c.obj                  36      0         0      
       memccpy.c.obj                  34      0         0      
       copy_zero_init.c.obj           22      0         0      
       copy_decompress_none.c.obj     18      0         0      
       wcslen.c.obj                   16      0         0      
       aeabi_portable.c.obj           8       0         4      
       exit.c.obj                     6       0         0      
       pre_init.c.obj                 4       0         0      
    +--+------------------------------+-------+---------+---------+
       Total:                         6296    291       8      
                                                               
    C:\ti\ccs2031\ccs\tools\compiler\ti-cgt-armllvm_4.0.4.LTS\lib\armv6m-ti-none-eabi/c/libsysbm.a
       hostexit.c.obj                 4       0         0      
    +--+------------------------------+-------+---------+---------+
       Total:                         4       0         0      
                                                               
    C:\ti\ccs2031\ccs\tools\compiler\ti-cgt-armllvm_4.0.4.LTS\lib\armv6m-ti-none-eabi/libclang_rt.builtins.a
       adddf3.S.obj                   418     0         0      
       divdf3.S.obj                   268     0         0      
       muldf3.S.obj                   228     0         0      
       comparedf2.c.obj               220     0         0      
       udivmoddi4.S.obj               162     0         0      
       aeabi_dcmp.S.obj               98      0         0      
       aeabi_idivmod.S.obj            86      0         0      
       fixdfsi.S.obj                  74      0         0      
       aeabi_uidivmod.S.obj           64      0         0      
       muldsi3.S.obj                  58      0         0      
       floatsidf.S.obj                44      0         0      
       muldi3.S.obj                   36      0         0      
       ashldi3.S.obj                  30      0         0      
       aeabi_memset.S.obj             26      0         0      
       aeabi_uldivmod.S.obj           20      0         0      
       aeabi_memcpy.S.obj             8       0         0      
       aeabi_div0.c.obj               4       0         0      
    +--+------------------------------+-------+---------+---------+
       Total:                         1844    0         0      
                                                               
       Stack:                         0       0         512    
       Linker Generated:              0       72        0      
    +--+------------------------------+-------+---------+---------+
       Grand Total:                   20894   6423      977    


LINKER GENERATED COPY TABLES

__TI_cinit_table @ 00006ab8 records: 2, size/record: 8, table size: 16
	.data: load addr=00006a80, load size=00000024 bytes, run addr=2020018c, run size=00000048 bytes, compression=lzss
	.bss: load addr=00006ab0, load size=00000008 bytes, run addr=20200000, run size=00000189 bytes, compression=zero_init


LINKER GENERATED HANDLER TABLE

__TI_handler_table @ 00006aa4 records: 3, size/record: 4, table size: 12
	index: 0, handler: __TI_decompress_lzss
	index: 1, handler: __TI_decompress_none
	index: 2, handler: __TI_zero_init


FAR CALL TRAMPOLINES

callee name               trampoline name
   callee addr  tramp addr   call addr  call info
--------------  -----------  ---------  ----------------
__aeabi_dsub              $Tramp$TT$L$PI$$__aeabi_dsub
   000021f9     00005234     00005232   libc.a : _printfi.c.obj (.text.OUTLINED_FUNCTION_0)

[1 trampolines]
[1 trampoline calls]


GLOBAL SYMBOLS: SORTED ALPHABETICALLY BY Name 

address   name                          
-------   ----                          
0000238b  ADC0_IRQHandler               
0000238b  ADC1_IRQHandler               
0000238b  AES_IRQHandler                
000050ad  BQ25628E_Get_IBAT_mA          
000050b9  BQ25628E_Get_IBUS_mA          
000050c5  BQ25628E_Get_VBAT_mV          
000050d1  BQ25628E_Get_VSYS_mV          
00003495  BQ25628E_Init_Default         
00004d19  BQ25628E_ReadReg16            
00004d3d  BQ25628E_ReadReg8             
00003b4d  BQ25628E_UpdateTelemetry      
00004d61  BQ25628E_WriteReg16           
00004e15  BQ25628E_WriteReg8            
00002ed3  BQ27Z746_GetChargingStatus    
00002fc9  BQ27Z746_GetChemID            
000030bf  BQ27Z746_GetDeviceType        
000033a1  BQ27Z746_GetFirmwareVersion   
000031b5  BQ27Z746_GetGaugingStatus     
000032ab  BQ27Z746_GetOperationStatus   
000050dd  BQ27Z746_Get_AvgCurrent_mA    
000050e9  BQ27Z746_Get_AvgPower_mW      
000050f5  BQ27Z746_Get_BatteryStatus    
00005101  BQ27Z746_Get_Current_mA       
0000510d  BQ27Z746_Get_CycleCount       
00005119  BQ27Z746_Get_FullChargeCap_mAh
00005125  BQ27Z746_Get_InternalTemp_C   
00005131  BQ27Z746_Get_RemainingCap_mAh 
0000513d  BQ27Z746_Get_SOC_pct          
00005149  BQ27Z746_Get_StateOfHealth_pct
00005155  BQ27Z746_Get_Temperature_C    
00005161  BQ27Z746_Get_TimeToEmpty_min  
0000516d  BQ27Z746_Get_TimeToFull_min   
00005179  BQ27Z746_Get_Voltage_mV       
00004eed  BQ27Z746_Init                 
00005021  BQ27Z746_IsDischarging        
00005031  BQ27Z746_IsFullyCharged       
00005041  BQ27Z746_IsFullyDischarged    
00002dd9  BQ27Z746_MAC_Read             
00005185  BQ27Z746_ReadAvgCurrent_mA    
00005191  BQ27Z746_ReadAvgPower_mW      
0000519d  BQ27Z746_ReadBatteryStatus    
000051a9  BQ27Z746_ReadCurrent_mA       
000051b5  BQ27Z746_ReadCycleCount       
000051c1  BQ27Z746_ReadFullChargeCap_mAh
00004e35  BQ27Z746_ReadInternalTemp_C   
000051cd  BQ27Z746_ReadRemainingCap_mAh 
000051d9  BQ27Z746_ReadSOC_pct          
000051e5  BQ27Z746_ReadStateOfHealth_pct
00004e55  BQ27Z746_ReadTemperature_C    
000051f1  BQ27Z746_ReadTimeToEmpty_min  
000051fd  BQ27Z746_ReadTimeToFull_min   
00005209  BQ27Z746_ReadVoltage_mV       
00002add  BQ27Z746_UpdateTelemetry      
00003d2c  C$$EXIT                       
0000238b  CANFD0_IRQHandler             
00001725  CLI_ProcessInput              
00004981  CLI_RegisterCommand           
0000400d  CLI_Tokenize                  
0000238b  DAC0_IRQHandler               
00005221  DL_Common_delayCycles         
000046d1  DL_DMA_initChannel            
00004461  DL_I2C_fillControllerTXFIFO   
00004b89  DL_I2C_flushControllerRXFIFO  
000049bd  DL_I2C_flushControllerTXFIFO  
00004ccd  DL_I2C_setClockConfig         
000047f9  DL_SPI_init                   
00004fe9  DL_SPI_setClockConfig         
00002cdd  DL_Timer_initTimerMode        
00004eb5  DL_Timer_setClockConfig       
00004769  DL_UART_init                  
00004ffb  DL_UART_setClockConfig        
00004bb9  DL_UART_transmitDataBlocking  
0000238b  DMA_IRQHandler                
0000238b  Default_Handler               
0000238b  GROUP0_IRQHandler             
0000238b  GROUP1_IRQHandler             
00003d2d  HOSTexit                      
0000238b  HardFault_Handler             
00005051  I2C0_IRQHandler               
00005061  I2C1_IRQHandler               
00001e65  I2C_ReadDevice                
00003675  I2C_TryAddress                
00002779  I2C_WriteDevice               
0000238b  NMI_Handler                   
0000238b  PendSV_Handler                
0000238b  RTC_IRQHandler                
00005267  Reset_Handler                 
0000238b  SPI0_IRQHandler               
00004b55  SPI1_IRQHandler               
000044c1  SPI_Controller_Arm            
00004d85  SPI_Controller_Init           
0000238b  SVC_Handler                   
00004f05  SYSCFG_DL_DMA_CH0_init        
00004f1d  SYSCFG_DL_DMA_CH1_init        
00004f35  SYSCFG_DL_DMA_CH2_init        
00004f4d  SYSCFG_DL_DMA_CH3_init        
00004fab  SYSCFG_DL_DMA_init            
00002bdd  SYSCFG_DL_GPIO_init           
00004075  SYSCFG_DL_I2C_0_init          
000040dd  SYSCFG_DL_I2C_1_init          
000043a1  SYSCFG_DL_MCU_UART_1_init     
00004215  SYSCFG_DL_SPI_0_init          
00004401  SYSCFG_DL_SPI_1_init          
00004881  SYSCFG_DL_SYSCTL_init         
00004aad  SYSCFG_DL_TIMER_0_init        
00003f9d  SYSCFG_DL_UART_0_init         
0000483d  SYSCFG_DL_init                
00003db9  SYSCFG_DL_initPower           
000039e5  Shared_I2C_IRQHandler         
0000238b  SysTick_Handler               
0000238b  TIMA0_IRQHandler              
0000238b  TIMA1_IRQHandler              
0000238b  TIMG0_IRQHandler              
0000238b  TIMG12_IRQHandler             
0000238b  TIMG6_IRQHandler              
0000238b  TIMG7_IRQHandler              
0000238b  TIMG8_IRQHandler              
00004f65  UART0_IRQHandler              
0000238b  UART1_IRQHandler              
0000238b  UART2_IRQHandler              
0000238b  UART3_IRQHandler              
00003aa1  UARTReceive                   
20200078  UART_Buffer                   
20208000  __STACK_END                   
00000200  __STACK_SIZE                  
00000000  __TI_ATRegion0_region_sz      
00000000  __TI_ATRegion0_src_addr       
00000000  __TI_ATRegion0_trg_addr       
00000000  __TI_ATRegion1_region_sz      
00000000  __TI_ATRegion1_src_addr       
00000000  __TI_ATRegion1_trg_addr       
00000000  __TI_ATRegion2_region_sz      
00000000  __TI_ATRegion2_src_addr       
00000000  __TI_ATRegion2_trg_addr       
00006ab8  __TI_CINIT_Base               
00006ac8  __TI_CINIT_Limit              
00006ac8  __TI_CINIT_Warm               
00006aa4  __TI_Handler_Table_Base       
00006ab0  __TI_Handler_Table_Limit      
00004a35  __TI_auto_init_nobinit_nopinit
00003e35  __TI_decompress_lzss          
0000500d  __TI_decompress_none          
00004579  __TI_ltoa                     
ffffffff  __TI_pprof_out_hndl           
000000c1  __TI_printfi                  
ffffffff  __TI_prof_data_size           
ffffffff  __TI_prof_data_start          
00000000  __TI_static_base__            
00004f95  __TI_zero_init_nomemset       
00002203  __adddf3                      
00005640  __aeabi_ctype_table_          
00005640  __aeabi_ctype_table_C         
0000471d  __aeabi_d2iz                  
00002203  __aeabi_dadd                  
000042dd  __aeabi_dcmpeq                
00004319  __aeabi_dcmpge                
0000432d  __aeabi_dcmpgt                
00004305  __aeabi_dcmple                
000042f1  __aeabi_dcmplt                
000029d1  __aeabi_ddiv                  
00003759  __aeabi_dmul                  
000021f9  __aeabi_dsub                  
2020019c  __aeabi_errno                 
00005251  __aeabi_errno_addr            
00004c79  __aeabi_i2d                   
00004629  __aeabi_idiv                  
00003493  __aeabi_idiv0                 
00004629  __aeabi_idivmod               
00004213  __aeabi_ldiv0                 
00004e95  __aeabi_llsl                  
00004da9  __aeabi_lmul                  
00005215  __aeabi_memclr                
00005215  __aeabi_memclr4               
00005215  __aeabi_memclr8               
00005259  __aeabi_memcpy                
00005259  __aeabi_memcpy4               
00005259  __aeabi_memcpy8               
00005091  __aeabi_memset                
00005091  __aeabi_memset4               
00005091  __aeabi_memset8               
000048c1  __aeabi_uidiv                 
000048c1  __aeabi_uidivmod              
00004fc1  __aeabi_uldivmod              
00004e95  __ashldi3                     
ffffffff  __binit__                     
00004145  __cmpdf2                      
000029d1  __divdf3                      
00004145  __eqdf2                       
0000471d  __fixdfsi                     
00004c79  __floatsidf                   
00003f29  __gedf2                       
00003f29  __gtdf2                       
00004145  __ledf2                       
00004145  __ltdf2                       
UNDEFED   __mpu_init                    
00003759  __muldf3                      
00004da9  __muldi3                      
00004a71  __muldsi3                     
00004145  __nedf2                       
20207e00  __stack                       
20200000  __start___llvm_prf_bits       
20200000  __start___llvm_prf_cnts       
20200000  __stop___llvm_prf_bits        
20200000  __stop___llvm_prf_cnts        
000021f9  __subdf3                      
00003bf1  __udivmoddi4                  
00004ca5  _c_int00_noargs               
UNDEFED   _system_post_cinit            
0000526b  _system_pre_init              
00005261  abort                         
00004901  atoi                          
ffffffff  binit                         
202001cc  bq_monitor_active             
202001cd  char_index                    
00000fa5  cmd_bq                        
00000a91  cmd_gauge                     
00003915  cmd_hall                      
00004279  cmd_help                      
00002039  cmd_i2cscan                   
00003585  cmd_pwr                       
0000238d  cmd_spi                       
202001ce  data_received                 
0000451d  frexp                         
0000451d  frexpl                        
20200188  gI2cControllerStatus          
20200178  gRxCount                      
2020017c  gRxLen                        
20200108  gRxPacket                     
202000b8  gSPI_0Backup                  
202000e0  gSPI_1Backup                  
20200168  gSPI_RxPacket                 
2020018c  gSPI_TxPacket                 
20200180  gTxCount                      
20200184  gTxLen                        
2020012a  gTxPacket                     
00005071  gauge_address                 
00004c49  gauge_cmd_read                
202001d1  gauge_monitor_active          
00004ae5  gauge_read                    
00004b1d  gauge_write                   
000049f9  get_UART_buffer               
202001d3  hall_monitor_active           
00004ed1  i2c_init                      
00000000  interruptVectors              
0000383d  ldexp                         
0000383d  ldexpl                        
00001389  main                          
00004df1  memccpy                       
00003c93  memcpy                        
0000433f  memset                        
202001a8  monitor_rate                  
0000383d  scalbn                        
0000383d  scalbnl                       
2020014c  stm32Spi                      
00003d31  strcmp                        
00004dcd  strcspn                       
00004cf3  strspn                        
000047b1  strtok                        
000024f9  strtol                        
00004e75  uart_init                     
00003eb1  uart_printf                   
00004941  vsnprintf                     
00005081  wcslen                        


GLOBAL SYMBOLS: SORTED BY Symbol Address 

address   name                          
-------   ----                          
00000000  __TI_ATRegion0_region_sz      
00000000  __TI_ATRegion0_src_addr       
00000000  __TI_ATRegion0_trg_addr       
00000000  __TI_ATRegion1_region_sz      
00000000  __TI_ATRegion1_src_addr       
00000000  __TI_ATRegion1_trg_addr       
00000000  __TI_ATRegion2_region_sz      
00000000  __TI_ATRegion2_src_addr       
00000000  __TI_ATRegion2_trg_addr       
00000000  __TI_static_base__            
00000000  interruptVectors              
000000c1  __TI_printfi                  
00000200  __STACK_SIZE                  
00000a91  cmd_gauge                     
00000fa5  cmd_bq                        
00001389  main                          
00001725  CLI_ProcessInput              
00001e65  I2C_ReadDevice                
00002039  cmd_i2cscan                   
000021f9  __aeabi_dsub                  
000021f9  __subdf3                      
00002203  __adddf3                      
00002203  __aeabi_dadd                  
0000238b  ADC0_IRQHandler               
0000238b  ADC1_IRQHandler               
0000238b  AES_IRQHandler                
0000238b  CANFD0_IRQHandler             
0000238b  DAC0_IRQHandler               
0000238b  DMA_IRQHandler                
0000238b  Default_Handler               
0000238b  GROUP0_IRQHandler             
0000238b  GROUP1_IRQHandler             
0000238b  HardFault_Handler             
0000238b  NMI_Handler                   
0000238b  PendSV_Handler                
0000238b  RTC_IRQHandler                
0000238b  SPI0_IRQHandler               
0000238b  SVC_Handler                   
0000238b  SysTick_Handler               
0000238b  TIMA0_IRQHandler              
0000238b  TIMA1_IRQHandler              
0000238b  TIMG0_IRQHandler              
0000238b  TIMG12_IRQHandler             
0000238b  TIMG6_IRQHandler              
0000238b  TIMG7_IRQHandler              
0000238b  TIMG8_IRQHandler              
0000238b  UART1_IRQHandler              
0000238b  UART2_IRQHandler              
0000238b  UART3_IRQHandler              
0000238d  cmd_spi                       
000024f9  strtol                        
00002779  I2C_WriteDevice               
000029d1  __aeabi_ddiv                  
000029d1  __divdf3                      
00002add  BQ27Z746_UpdateTelemetry      
00002bdd  SYSCFG_DL_GPIO_init           
00002cdd  DL_Timer_initTimerMode        
00002dd9  BQ27Z746_MAC_Read             
00002ed3  BQ27Z746_GetChargingStatus    
00002fc9  BQ27Z746_GetChemID            
000030bf  BQ27Z746_GetDeviceType        
000031b5  BQ27Z746_GetGaugingStatus     
000032ab  BQ27Z746_GetOperationStatus   
000033a1  BQ27Z746_GetFirmwareVersion   
00003493  __aeabi_idiv0                 
00003495  BQ25628E_Init_Default         
00003585  cmd_pwr                       
00003675  I2C_TryAddress                
00003759  __aeabi_dmul                  
00003759  __muldf3                      
0000383d  ldexp                         
0000383d  ldexpl                        
0000383d  scalbn                        
0000383d  scalbnl                       
00003915  cmd_hall                      
000039e5  Shared_I2C_IRQHandler         
00003aa1  UARTReceive                   
00003b4d  BQ25628E_UpdateTelemetry      
00003bf1  __udivmoddi4                  
00003c93  memcpy                        
00003d2c  C$$EXIT                       
00003d2d  HOSTexit                      
00003d31  strcmp                        
00003db9  SYSCFG_DL_initPower           
00003e35  __TI_decompress_lzss          
00003eb1  uart_printf                   
00003f29  __gedf2                       
00003f29  __gtdf2                       
00003f9d  SYSCFG_DL_UART_0_init         
0000400d  CLI_Tokenize                  
00004075  SYSCFG_DL_I2C_0_init          
000040dd  SYSCFG_DL_I2C_1_init          
00004145  __cmpdf2                      
00004145  __eqdf2                       
00004145  __ledf2                       
00004145  __ltdf2                       
00004145  __nedf2                       
00004213  __aeabi_ldiv0                 
00004215  SYSCFG_DL_SPI_0_init          
00004279  cmd_help                      
000042dd  __aeabi_dcmpeq                
000042f1  __aeabi_dcmplt                
00004305  __aeabi_dcmple                
00004319  __aeabi_dcmpge                
0000432d  __aeabi_dcmpgt                
0000433f  memset                        
000043a1  SYSCFG_DL_MCU_UART_1_init     
00004401  SYSCFG_DL_SPI_1_init          
00004461  DL_I2C_fillControllerTXFIFO   
000044c1  SPI_Controller_Arm            
0000451d  frexp                         
0000451d  frexpl                        
00004579  __TI_ltoa                     
00004629  __aeabi_idiv                  
00004629  __aeabi_idivmod               
000046d1  DL_DMA_initChannel            
0000471d  __aeabi_d2iz                  
0000471d  __fixdfsi                     
00004769  DL_UART_init                  
000047b1  strtok                        
000047f9  DL_SPI_init                   
0000483d  SYSCFG_DL_init                
00004881  SYSCFG_DL_SYSCTL_init         
000048c1  __aeabi_uidiv                 
000048c1  __aeabi_uidivmod              
00004901  atoi                          
00004941  vsnprintf                     
00004981  CLI_RegisterCommand           
000049bd  DL_I2C_flushControllerTXFIFO  
000049f9  get_UART_buffer               
00004a35  __TI_auto_init_nobinit_nopinit
00004a71  __muldsi3                     
00004aad  SYSCFG_DL_TIMER_0_init        
00004ae5  gauge_read                    
00004b1d  gauge_write                   
00004b55  SPI1_IRQHandler               
00004b89  DL_I2C_flushControllerRXFIFO  
00004bb9  DL_UART_transmitDataBlocking  
00004c49  gauge_cmd_read                
00004c79  __aeabi_i2d                   
00004c79  __floatsidf                   
00004ca5  _c_int00_noargs               
00004ccd  DL_I2C_setClockConfig         
00004cf3  strspn                        
00004d19  BQ25628E_ReadReg16            
00004d3d  BQ25628E_ReadReg8             
00004d61  BQ25628E_WriteReg16           
00004d85  SPI_Controller_Init           
00004da9  __aeabi_lmul                  
00004da9  __muldi3                      
00004dcd  strcspn                       
00004df1  memccpy                       
00004e15  BQ25628E_WriteReg8            
00004e35  BQ27Z746_ReadInternalTemp_C   
00004e55  BQ27Z746_ReadTemperature_C    
00004e75  uart_init                     
00004e95  __aeabi_llsl                  
00004e95  __ashldi3                     
00004eb5  DL_Timer_setClockConfig       
00004ed1  i2c_init                      
00004eed  BQ27Z746_Init                 
00004f05  SYSCFG_DL_DMA_CH0_init        
00004f1d  SYSCFG_DL_DMA_CH1_init        
00004f35  SYSCFG_DL_DMA_CH2_init        
00004f4d  SYSCFG_DL_DMA_CH3_init        
00004f65  UART0_IRQHandler              
00004f95  __TI_zero_init_nomemset       
00004fab  SYSCFG_DL_DMA_init            
00004fc1  __aeabi_uldivmod              
00004fe9  DL_SPI_setClockConfig         
00004ffb  DL_UART_setClockConfig        
0000500d  __TI_decompress_none          
00005021  BQ27Z746_IsDischarging        
00005031  BQ27Z746_IsFullyCharged       
00005041  BQ27Z746_IsFullyDischarged    
00005051  I2C0_IRQHandler               
00005061  I2C1_IRQHandler               
00005071  gauge_address                 
00005081  wcslen                        
00005091  __aeabi_memset                
00005091  __aeabi_memset4               
00005091  __aeabi_memset8               
000050ad  BQ25628E_Get_IBAT_mA          
000050b9  BQ25628E_Get_IBUS_mA          
000050c5  BQ25628E_Get_VBAT_mV          
000050d1  BQ25628E_Get_VSYS_mV          
000050dd  BQ27Z746_Get_AvgCurrent_mA    
000050e9  BQ27Z746_Get_AvgPower_mW      
000050f5  BQ27Z746_Get_BatteryStatus    
00005101  BQ27Z746_Get_Current_mA       
0000510d  BQ27Z746_Get_CycleCount       
00005119  BQ27Z746_Get_FullChargeCap_mAh
00005125  BQ27Z746_Get_InternalTemp_C   
00005131  BQ27Z746_Get_RemainingCap_mAh 
0000513d  BQ27Z746_Get_SOC_pct          
00005149  BQ27Z746_Get_StateOfHealth_pct
00005155  BQ27Z746_Get_Temperature_C    
00005161  BQ27Z746_Get_TimeToEmpty_min  
0000516d  BQ27Z746_Get_TimeToFull_min   
00005179  BQ27Z746_Get_Voltage_mV       
00005185  BQ27Z746_ReadAvgCurrent_mA    
00005191  BQ27Z746_ReadAvgPower_mW      
0000519d  BQ27Z746_ReadBatteryStatus    
000051a9  BQ27Z746_ReadCurrent_mA       
000051b5  BQ27Z746_ReadCycleCount       
000051c1  BQ27Z746_ReadFullChargeCap_mAh
000051cd  BQ27Z746_ReadRemainingCap_mAh 
000051d9  BQ27Z746_ReadSOC_pct          
000051e5  BQ27Z746_ReadStateOfHealth_pct
000051f1  BQ27Z746_ReadTimeToEmpty_min  
000051fd  BQ27Z746_ReadTimeToFull_min   
00005209  BQ27Z746_ReadVoltage_mV       
00005215  __aeabi_memclr                
00005215  __aeabi_memclr4               
00005215  __aeabi_memclr8               
00005221  DL_Common_delayCycles         
00005251  __aeabi_errno_addr            
00005259  __aeabi_memcpy                
00005259  __aeabi_memcpy4               
00005259  __aeabi_memcpy8               
00005261  abort                         
00005267  Reset_Handler                 
0000526b  _system_pre_init              
00005640  __aeabi_ctype_table_          
00005640  __aeabi_ctype_table_C         
00006aa4  __TI_Handler_Table_Base       
00006ab0  __TI_Handler_Table_Limit      
00006ab8  __TI_CINIT_Base               
00006ac8  __TI_CINIT_Limit              
00006ac8  __TI_CINIT_Warm               
20200000  __start___llvm_prf_bits       
20200000  __start___llvm_prf_cnts       
20200000  __stop___llvm_prf_bits        
20200000  __stop___llvm_prf_cnts        
20200078  UART_Buffer                   
202000b8  gSPI_0Backup                  
202000e0  gSPI_1Backup                  
20200108  gRxPacket                     
2020012a  gTxPacket                     
2020014c  stm32Spi                      
20200168  gSPI_RxPacket                 
20200178  gRxCount                      
2020017c  gRxLen                        
20200180  gTxCount                      
20200184  gTxLen                        
20200188  gI2cControllerStatus          
2020018c  gSPI_TxPacket                 
2020019c  __aeabi_errno                 
202001a8  monitor_rate                  
202001cc  bq_monitor_active             
202001cd  char_index                    
202001ce  data_received                 
202001d1  gauge_monitor_active          
202001d3  hall_monitor_active           
20207e00  __stack                       
20208000  __STACK_END                   
ffffffff  __TI_pprof_out_hndl           
ffffffff  __TI_prof_data_size           
ffffffff  __TI_prof_data_start          
ffffffff  __binit__                     
ffffffff  binit                         
UNDEFED   __mpu_init                    
UNDEFED   _system_post_cinit            

[263 symbols]
