******************************************************************************
            TI ARM Clang Linker PC v4.0.4                      
******************************************************************************
>> Linked Tue Mar 10 09:27:45 2026

OUTPUT FILE NAME:   <HW_SW_interface_CCS.out>
ENTRY POINT SYMBOL: "_c_int00_noargs"  address: 000053c9


MEMORY CONFIGURATION

         name            origin    length      used     unused   attr    fill
----------------------  --------  ---------  --------  --------  ----  --------
  FLASH                 00000000   00020000  00007438  00018bc8  R  X
  SRAM                  20200000   00008000  000003d3  00007c2d  RW X
  BCR_CONFIG            41c00000   000000ff  00000000  000000ff  R   
  BSL_CONFIG            41c00100   00000080  00000000  00000080  R   


SEGMENT ALLOCATION MAP

run origin  load origin   length   init length attrs members
----------  ----------- ---------- ----------- ----- -------
00000000    00000000    00007438   00007438    r-x
  00000000    00000000    000000c0   000000c0    r-- .intvecs
  000000c0    000000c0    000058f0   000058f0    r-x .text
  000059b0    000059b0    00001a40   00001a40    r-- .rodata
  000073f0    000073f0    00000048   00000048    r-- .cinit
20200000    20200000    000001d6   00000000    rw-
  20200000    20200000    00000189   00000000    rw- .bss
  2020018c    2020018c    0000004a   00000000    rw- .data
20207e00    20207e00    00000200   00000000    rw-
  20207e00    20207e00    00000200   00000000    rw- .stack


SECTION ALLOCATION MAP

 output                                  attributes/
section   page    origin      length       input sections
--------  ----  ----------  ----------   ----------------
.intvecs   0    00000000    000000c0     
                  00000000    000000c0     startup_mspm0g350x_ticlang.o (.intvecs)

.text      0    000000c0    000058f0     
                  000000c0    000009d0     libc.a : _printfi.c.obj (.text:__TI_printfi)
                  00000a90    000006c4     functions.o (.text.cmd_gauge)
                  00001154    000003e4     functions.o (.text.cmd_bq)
                  00001538    000003b0     main.o (.text.main)
                  000018e8    00000344     uart.o (.text.CLI_ProcessInput)
                  00001c2c    00000220     libc.a : _printfi.c.obj (.text._pconv_a)
                  00001e4c    000001dc            : _printfi.c.obj (.text._pconv_g)
                  00002028    000001d4     i2c.o (.text.I2C_ReadDevice)
                  000021fc    000001c0     functions.o (.text.cmd_i2cscan)
                  000023bc    00000192     libclang_rt.builtins.a : adddf3.S.obj (.text.adddf3_subdf3)
                  0000254e    00000002     startup_mspm0g350x_ticlang.o (.text.Default_Handler)
                  00002550    0000016c     functions.o (.text.cmd_spi)
                  000026bc    00000144     libc.a : strtol.c.obj (.text.strtol)
                  00002800    0000013c            : _printfi.c.obj (.text.fcvt)
                  0000293c    00000138     i2c.o (.text.I2C_WriteDevice)
                  00002a74    00000120     libc.a : _printfi.c.obj (.text._pconv_e)
                  00002b94    0000010c     libclang_rt.builtins.a : divdf3.S.obj (.text.__divdf3)
                  00002ca0    00000100     BQ27Z7_functions.o (.text.BQ27Z746_UpdateTelemetry)
                  00002da0    00000100     ti_msp_dl_config.o (.text.SYSCFG_DL_GPIO_init)
                  00002ea0    000000fc     BQ25628_functions.o (.text.BQ25628E_UpdateTelemetry)
                  00002f9c    000000fc     driverlib.a : dl_timer.o (.text.DL_Timer_initTimerMode)
                  00003098    000000f0     BQ25628_functions.o (.text.BQ25628E_Init_Default)
                  00003188    000000f0     functions.o (.text.cmd_pwr)
                  00003278    000000ec     BQ27Z7_functions.o (.text.BQ27Z746_GetChargingStatus)
                  00003364    000000e4     i2c.o (.text.I2C_TryAddress)
                  00003448    000000e4     libclang_rt.builtins.a : muldf3.S.obj (.text.__muldf3)
                  0000352c    000000de     BQ27Z7_functions.o (.text.BQ27Z746_GetDeviceType)
                  0000360a    000000dc     BQ27Z7_functions.o (.text.BQ27Z746_GetChemID)
                  000036e6    000000dc     BQ27Z7_functions.o (.text.BQ27Z746_GetOperationStatus)
                  000037c2    000000dc     BQ27Z7_functions.o (.text.BQ27Z746_GetSafetyStatus)
                  0000389e    000000d8     BQ27Z7_functions.o (.text.BQ27Z746_GetFirmwareVersion)
                  00003976    000000d8     BQ27Z7_functions.o (.text.BQ27Z746_MAC_Read)
                  00003a4e    00000002     libclang_rt.builtins.a : aeabi_div0.c.obj (.text.__aeabi_idiv0)
                  00003a50    000000d8     libc.a : s_scalbn.c.obj (.text.scalbn)
                  00003b28    000000d8     libclang_rt.builtins.a : addsf3.S.obj (.text)
                  00003c00    000000d0     functions.o (.text.cmd_hall)
                  00003cd0    000000bc     i2c.o (.text.Shared_I2C_IRQHandler)
                  00003d8c    000000b4     BQ27Z7_functions.o (.text.BQ27Z746_SetUTFET_Direct)
                  00003e40    000000b0     BQ27Z7_functions.o (.text.BQ27Z746_SetTempSensorConfig)
                  00003ef0    000000ac     uart.o (.text.UARTReceive)
                  00003f9c    000000a2     libclang_rt.builtins.a : udivmoddi4.S.obj (.text)
                  0000403e    0000009a     libc.a : memcpy16.S.obj (.text:memcpy)
                  000040d8    0000008c     libclang_rt.builtins.a : mulsf3.S.obj (.text.__mulsf3)
                  00004164    0000008c     libc.a : s_floorf.c.obj (.text.floorf)
                  000041f0    00000088            : strcmp-armv6m.S.obj (.text:strcmp)
                  00004278    0000007c     ti_msp_dl_config.o (.text.SYSCFG_DL_initPower)
                  000042f4    0000007c     libc.a : copy_decompress_lzss.c.obj (.text:decompress:lzss)
                  00004370    00000078     uart.o (.text.uart_printf)
                  000043e8    00000074     libclang_rt.builtins.a : comparedf2.c.obj (.text.__gedf2)
                  0000445c    00000070     ti_msp_dl_config.o (.text.SYSCFG_DL_UART_0_init)
                  000044cc    00000068     uart.o (.text.CLI_Tokenize)
                  00004534    00000068     ti_msp_dl_config.o (.text.SYSCFG_DL_I2C_0_init)
                  0000459c    00000068     ti_msp_dl_config.o (.text.SYSCFG_DL_I2C_1_init)
                  00004604    00000068     libclang_rt.builtins.a : comparedf2.c.obj (.text.__ledf2)
                  0000466c    00000068     libc.a : s_roundf.c.obj (.text.roundf)
                  000046d4    00000066            : _printfi.c.obj (.text._mcpy)
                  0000473a    00000002     libclang_rt.builtins.a : aeabi_div0.c.obj (.text.__aeabi_ldiv0)
                  0000473c    00000064     ti_msp_dl_config.o (.text.SYSCFG_DL_SPI_0_init)
                  000047a0    00000064     uart.o (.text.cmd_help)
                  00004804    00000062     libclang_rt.builtins.a : aeabi_dcmp.S.obj (.text.__aeabi_dcmp)
                  00004866    00000002     --HOLE-- [fill = 0]
                  00004868    00000062                            : aeabi_fcmp.S.obj (.text.__aeabi_fcmp)
                  000048ca    00000062     libc.a : memset16.S.obj (.text:memset)
                  0000492c    00000060     ti_msp_dl_config.o (.text.SYSCFG_DL_MCU_UART_1_init)
                  0000498c    00000060     ti_msp_dl_config.o (.text.SYSCFG_DL_SPI_1_init)
                  000049ec    0000005e     driverlib.a : dl_i2c.o (.text.DL_I2C_fillControllerTXFIFO)
                  00004a4a    00000002     --HOLE-- [fill = 0]
                  00004a4c    0000005c     spi_master.o (.text.SPI_Controller_Arm)
                  00004aa8    0000005c     libc.a : s_frexp.c.obj (.text.frexp)
                  00004b04    00000058            : _ltoa.c.obj (.text.__TI_ltoa)
                  00004b5c    00000058            : _printfi.c.obj (.text._pconv_f)
                  00004bb4    00000056     libclang_rt.builtins.a : aeabi_idivmod.S.obj (.text.__aeabi_idivmod)
                  00004c0a    00000052     libc.a : _printfi.c.obj (.text._ecpy)
                  00004c5c    0000004c     driverlib.a : dl_dma.o (.text.DL_DMA_initChannel)
                  00004ca8    0000004a     BQ27Z7_functions.o (.text.BQ27Z746_GetTempConfig)
                  00004cf2    00000002     --HOLE-- [fill = 0]
                  00004cf4    0000004a     libclang_rt.builtins.a : fixdfsi.S.obj (.text.__fixdfsi)
                  00004d3e    00000048     BQ27Z7_functions.o (.text.BQ27Z746_GetFETOptions)
                  00004d86    00000002     --HOLE-- [fill = 0]
                  00004d88    00000048     driverlib.a : dl_uart.o (.text.DL_UART_init)
                  00004dd0    00000048     libc.a : strtok.c.obj (.text.strtok)
                  00004e18    00000044     driverlib.a : dl_spi.o (.text.DL_SPI_init)
                  00004e5c    00000044     ti_msp_dl_config.o (.text.SYSCFG_DL_init)
                  00004ea0    00000040     ti_msp_dl_config.o (.text.SYSCFG_DL_SYSCTL_init)
                  00004ee0    00000040     libclang_rt.builtins.a : aeabi_uidivmod.S.obj (.text.__aeabi_uidivmod)
                  00004f20    00000040     libc.a : atoi.c.obj (.text.atoi)
                  00004f60    00000040            : vsnprintf.c.obj (.text.vsnprintf)
                  00004fa0    0000003c     uart.o (.text.CLI_RegisterCommand)
                  00004fdc    0000003c     driverlib.a : dl_i2c.o (.text.DL_I2C_flushControllerTXFIFO)
                  00005018    0000003c     libclang_rt.builtins.a : comparesf2.S.obj (.text.__gtsf2)
                  00005054    0000003c     uart.o (.text.get_UART_buffer)
                  00005090    0000003c     libc.a : autoinit.c.obj (.text:__TI_auto_init_nobinit_nopinit)
                  000050cc    0000003a     libclang_rt.builtins.a : comparesf2.S.obj (.text.__eqsf2)
                  00005106    00000002     --HOLE-- [fill = 0]
                  00005108    0000003a                            : muldsi3.S.obj (.text.__muldsi3)
                  00005142    00000002     --HOLE-- [fill = 0]
                  00005144    00000038     ti_msp_dl_config.o (.text.SYSCFG_DL_TIMER_0_init)
                  0000517c    00000038     libclang_rt.builtins.a : fixsfsi.S.obj (.text.__fixsfsi)
                  000051b4    00000038     gauge.o (.text.gauge_read)
                  000051ec    00000038     gauge.o (.text.gauge_write)
                  00005224    00000034     spi_master.o (.text.SPI1_IRQHandler)
                  00005258    00000030     driverlib.a : dl_i2c.o (.text.DL_I2C_flushControllerRXFIFO)
                  00005288    00000030                 : dl_uart.o (.text.DL_UART_transmitDataBlocking)
                  000052b8    00000030     libc.a : _printfi.c.obj (.text._fcpy)
                  000052e8    00000030            : vsnprintf.c.obj (.text._outs)
                  00005318    00000030     gauge.o (.text.gauge_cmd_read)
                  00005348    0000002c     BQ27Z7_functions.o (.text.BQ27Z746_Init)
                  00005374    0000002c     libclang_rt.builtins.a : floatsidf.S.obj (.text.__floatsidf)
                  000053a0    00000028                            : floatunsisf.S.obj (.text.__floatunsisf)
                  000053c8    00000028     libc.a : boot_cortex_m.c.obj (.text:_c_int00_noargs)
                  000053f0    00000026     driverlib.a : dl_i2c.o (.text.DL_I2C_setClockConfig)
                  00005416    00000026     libc.a : strspn.c.obj (.text.strspn)
                  0000543c    00000024     BQ25628_functions.o (.text.BQ25628E_ReadReg16)
                  00005460    00000024     BQ25628_functions.o (.text.BQ25628E_ReadReg8)
                  00005484    00000024     BQ25628_functions.o (.text.BQ25628E_WriteReg16)
                  000054a8    00000024     spi_master.o (.text.SPI_Controller_Init)
                  000054cc    00000024     libclang_rt.builtins.a : muldi3.S.obj (.text.__muldi3)
                  000054f0    00000024     libc.a : strcspn.c.obj (.text.strcspn)
                  00005514    00000022            : memccpy.c.obj (.text.memccpy)
                  00005536    00000002     --HOLE-- [fill = 0]
                  00005538    00000020     BQ25628_functions.o (.text.BQ25628E_WriteReg8)
                  00005558    00000020     BQ27Z7_functions.o (.text.BQ27Z746_ReadInternalTemp_C)
                  00005578    00000020     BQ27Z7_functions.o (.text.BQ27Z746_ReadTemperature_C)
                  00005598    00000020     uart.o (.text.uart_init)
                  000055b8    0000001e     libclang_rt.builtins.a : ashldi3.S.obj (.text.__ashldi3)
                  000055d6    00000002     --HOLE-- [fill = 0]
                  000055d8    0000001c     driverlib.a : dl_timer.o (.text.DL_Timer_setClockConfig)
                  000055f4    0000001c     i2c.o (.text.i2c_init)
                  00005610    00000018     ti_msp_dl_config.o (.text.SYSCFG_DL_DMA_CH0_init)
                  00005628    00000018     ti_msp_dl_config.o (.text.SYSCFG_DL_DMA_CH1_init)
                  00005640    00000018     ti_msp_dl_config.o (.text.SYSCFG_DL_DMA_CH2_init)
                  00005658    00000018     ti_msp_dl_config.o (.text.SYSCFG_DL_DMA_CH3_init)
                  00005670    00000018     main.o (.text.UART0_IRQHandler)
                  00005688    00000018     libc.a : vsnprintf.c.obj (.text._outc)
                  000056a0    00000016            : copy_zero_init.c.obj (.text:decompress:ZI:__TI_zero_init_nomemset)
                  000056b6    00000014     ti_msp_dl_config.o (.text.SYSCFG_DL_DMA_init)
                  000056ca    00000002     --HOLE-- [fill = 0]
                  000056cc    00000014     libclang_rt.builtins.a : aeabi_uldivmod.S.obj (.text.__aeabi_uldivmod)
                  000056e0    00000014     libc.a : _printfi.c.obj (.text.strchr)
                  000056f4    00000012     driverlib.a : dl_spi.o (.text.DL_SPI_setClockConfig)
                  00005706    00000012                 : dl_uart.o (.text.DL_UART_setClockConfig)
                  00005718    00000012     libc.a : copy_decompress_none.c.obj (.text:decompress:none)
                  0000572a    00000002     --HOLE-- [fill = 0]
                  0000572c    00000010     BQ27Z7_functions.o (.text.BQ27Z746_IsDischarging)
                  0000573c    00000010     BQ27Z7_functions.o (.text.BQ27Z746_IsFullyCharged)
                  0000574c    00000010     BQ27Z7_functions.o (.text.BQ27Z746_IsFullyDischarged)
                  0000575c    00000010     i2c.o (.text.I2C0_IRQHandler)
                  0000576c    00000010     i2c.o (.text.I2C1_IRQHandler)
                  0000577c    00000010     gauge.o (.text.gauge_address)
                  0000578c    00000010     libc.a : wcslen.c.obj (.text.wcslen)
                  0000579c    0000000e     libclang_rt.builtins.a : aeabi_memset.S.obj (.text.__aeabi_memset)
                  000057aa    0000000e     libc.a : _printfi.c.obj (.text.strlen)
                  000057b8    0000000c     BQ25628_functions.o (.text.BQ25628E_Get_IBAT_mA)
                  000057c4    0000000c     BQ25628_functions.o (.text.BQ25628E_Get_IBUS_mA)
                  000057d0    0000000c     BQ25628_functions.o (.text.BQ25628E_Get_VBAT_mV)
                  000057dc    0000000c     BQ25628_functions.o (.text.BQ25628E_Get_VBUS_mV)
                  000057e8    0000000c     BQ25628_functions.o (.text.BQ25628E_Get_VSYS_mV)
                  000057f4    0000000c     BQ27Z7_functions.o (.text.BQ27Z746_Get_AvgCurrent_mA)
                  00005800    0000000c     BQ27Z7_functions.o (.text.BQ27Z746_Get_AvgPower_mW)
                  0000580c    0000000c     BQ27Z7_functions.o (.text.BQ27Z746_Get_BatteryStatus)
                  00005818    0000000c     BQ27Z7_functions.o (.text.BQ27Z746_Get_Current_mA)
                  00005824    0000000c     BQ27Z7_functions.o (.text.BQ27Z746_Get_CycleCount)
                  00005830    0000000c     BQ27Z7_functions.o (.text.BQ27Z746_Get_FullChargeCap_mAh)
                  0000583c    0000000c     BQ27Z7_functions.o (.text.BQ27Z746_Get_InternalTemp_C)
                  00005848    0000000c     BQ27Z7_functions.o (.text.BQ27Z746_Get_RemainingCap_mAh)
                  00005854    0000000c     BQ27Z7_functions.o (.text.BQ27Z746_Get_SOC_pct)
                  00005860    0000000c     BQ27Z7_functions.o (.text.BQ27Z746_Get_StateOfHealth_pct)
                  0000586c    0000000c     BQ27Z7_functions.o (.text.BQ27Z746_Get_Temperature_C)
                  00005878    0000000c     BQ27Z7_functions.o (.text.BQ27Z746_Get_TimeToEmpty_min)
                  00005884    0000000c     BQ27Z7_functions.o (.text.BQ27Z746_Get_TimeToFull_min)
                  00005890    0000000c     BQ27Z7_functions.o (.text.BQ27Z746_Get_Voltage_mV)
                  0000589c    0000000c     BQ27Z7_functions.o (.text.BQ27Z746_ReadAvgCurrent_mA)
                  000058a8    0000000c     BQ27Z7_functions.o (.text.BQ27Z746_ReadAvgPower_mW)
                  000058b4    0000000c     BQ27Z7_functions.o (.text.BQ27Z746_ReadBatteryStatus)
                  000058c0    0000000c     BQ27Z7_functions.o (.text.BQ27Z746_ReadCurrent_mA)
                  000058cc    0000000c     BQ27Z7_functions.o (.text.BQ27Z746_ReadCycleCount)
                  000058d8    0000000c     BQ27Z7_functions.o (.text.BQ27Z746_ReadFullChargeCap_mAh)
                  000058e4    0000000c     BQ27Z7_functions.o (.text.BQ27Z746_ReadRemainingCap_mAh)
                  000058f0    0000000c     BQ27Z7_functions.o (.text.BQ27Z746_ReadSOC_pct)
                  000058fc    0000000c     BQ27Z7_functions.o (.text.BQ27Z746_ReadStateOfHealth_pct)
                  00005908    0000000c     BQ27Z7_functions.o (.text.BQ27Z746_ReadTimeToEmpty_min)
                  00005914    0000000c     BQ27Z7_functions.o (.text.BQ27Z746_ReadTimeToFull_min)
                  00005920    0000000c     BQ27Z7_functions.o (.text.BQ27Z746_ReadVoltage_mV)
                  0000592c    0000000c     libclang_rt.builtins.a : aeabi_memset.S.obj (.text.__aeabi_memclr)
                  00005938    0000000a     driverlib.a : dl_common.o (.text.DL_Common_delayCycles)
                  00005942    0000000a     libc.a : _printfi.c.obj (.text.OUTLINED_FUNCTION_0)
                  0000594c    00000010     libclang_rt.builtins.a : adddf3.S.obj (.tramp.__aeabi_dsub.1)
                  0000595c    0000000a     libc.a : s_roundf.c.obj (.text.OUTLINED_FUNCTION_0)
                  00005966    00000002     --HOLE-- [fill = 0]
                  00005968    00000010     libclang_rt.builtins.a : addsf3.S.obj (.tramp.__aeabi_fadd.1)
                  00005978    0000000a     libc.a : _printfi.c.obj (.text.OUTLINED_FUNCTION_1)
                  00005982    00000002     --HOLE-- [fill = 0]
                  00005984    00000008            : aeabi_portable.c.obj (.text.__aeabi_errno_addr)
                  0000598c    00000008     libclang_rt.builtins.a : aeabi_memcpy.S.obj (.text.__aeabi_memcpy)
                  00005994    00000006     libc.a : exit.c.obj (.text:abort)
                  0000599a    00000004     libsysbm.a : hostexit.c.obj (.text.HOSTexit)
                  0000599e    00000004     startup_mspm0g350x_ticlang.o (.text.Reset_Handler)
                  000059a2    00000004     libc.a : pre_init.c.obj (.text._system_pre_init)
                  000059a6    0000000a     --HOLE-- [fill = 0]

.cinit     0    000073f0    00000048     
                  000073f0    00000024     (.cinit..data.load) [load image, compression = lzss]
                  00007414    0000000c     (__TI_handler_table)
                  00007420    00000008     (.cinit..bss.load) [load image, compression = zero_init]
                  00007428    00000010     (__TI_cinit_table)

.rodata    0    000059b0    00001a40     
                  000059b0    0000023a     functions.o (.rodata.str1.14424774467072349609.1)
                  00005bea    000001da     functions.o (.rodata.str1.17600609178903569978.1)
                  00005dc4    0000000c     main.o (.rodata.str1.16302215771116645891.1)
                  00005dd0    00000101     libc.a : aeabi_ctype.S.obj (.rodata:__aeabi_ctype_table_)
                  00005ed1    000000af     functions.o (.rodata.str1.10105263805998509149.1)
                  00005f80    00000046     functions.o (.rodata.str1.14754684760099289372.1)
                  00005fc6    00000041     functions.o (.rodata.str1.2344728598999326712.1)
                  00006007    0000003c     functions.o (.rodata.str1.6596733414268854495.1)
                  00006043    0000003b     functions.o (.rodata.str1.11345522308171243087.1)
                  0000607e    0000003b     main.o (.rodata.str1.3530083166107438000.1)
                  000060b9    00000035     functions.o (.rodata.str1.455706336395187257.1)
                  000060ee    00000033     functions.o (.rodata.str1.17669684748118727147.1)
                  00006121    00000031     main.o (.rodata.str1.16265332423659789559.1)
                  00006152    00000030     main.o (.rodata.str1.10635229749459437609.1)
                  00006182    0000002f     functions.o (.rodata.str1.11510568493784519380.1)
                  000061b1    0000002f     main.o (.rodata.str1.18227636981041470289.1)
                  000061e0    0000002d     functions.o (.rodata.str1.16113805747440866019.1)
                  0000620d    0000002d     functions.o (.rodata.str1.17873271132953962449.1)
                  0000623a    0000002d     functions.o (.rodata.str1.2654337880733388962.1)
                  00006267    0000002d     functions.o (.rodata.str1.303947978237559523.1)
                  00006294    0000002c     main.o (.rodata.str1.5043408953494467246.1)
                  000062c0    0000002a     functions.o (.rodata.str1.13933329845969146692.1)
                  000062ea    00000029     functions.o (.rodata.str1.14212890215622683485.1)
                  00006313    00000028     functions.o (.rodata.str1.13707145581914847747.1)
                  0000633b    00000027     functions.o (.rodata.str1.4144252613811081812.1)
                  00006362    00000027     functions.o (.rodata.str1.7085808795165203043.1)
                  00006389    00000027     main.o (.rodata.str1.9059077390166914652.1)
                  000063b0    00000026     functions.o (.rodata.str1.11596568296542930794.1)
                  000063d6    00000026     functions.o (.rodata.str1.312031595841812858.1)
                  000063fc    00000026     main.o (.rodata.str1.39260288392874984.1)
                  00006422    00000025     functions.o (.rodata.str1.5196872854305757230.1)
                  00006447    00000024     main.o (.rodata.str1.1311392489248731986.1)
                  0000646b    00000024     functions.o (.rodata.str1.16499007181999684178.1)
                  0000648f    00000024     functions.o (.rodata.str1.2298903785866919411.1)
                  000064b3    00000024     main.o (.rodata.str1.6554448696319176064.1)
                  000064d7    00000023     functions.o (.rodata.str1.13060549876486072544.1)
                  000064fa    00000023     main.o (.rodata.str1.14402440632258215044.1)
                  0000651d    00000023     uart.o (.rodata.str1.14464947116831474962.1)
                  00006540    00000023     functions.o (.rodata.str1.3739636256912452571.1)
                  00006563    00000023     functions.o (.rodata.str1.7723146404961276984.1)
                  00006586    00000022     functions.o (.rodata.str1.11403685632016021771.1)
                  000065a8    00000022     functions.o (.rodata.str1.13554695696533425351.1)
                  000065ca    00000022     main.o (.rodata.str1.14466178792657420020.1)
                  000065ec    00000022     functions.o (.rodata.str1.14626576299884526934.1)
                  0000660e    00000022     functions.o (.rodata.str1.16386345573460399209.1)
                  00006630    00000022     functions.o (.rodata.str1.16614484817706633923.1)
                  00006652    00000022     main.o (.rodata.str1.17376258722486336754.1)
                  00006674    00000022     functions.o (.rodata.str1.2305192595417680505.1)
                  00006696    00000022     functions.o (.rodata.str1.823074591787180899.1)
                  000066b8    00000022     main.o (.rodata.str1.8828068777338075035.1)
                  000066da    00000021     functions.o (.rodata.str1.14504089057119714207.1)
                  000066fb    00000021     functions.o (.rodata.str1.17004305802620412261.1)
                  0000671c    00000021     functions.o (.rodata.str1.17112998893623131760.1)
                  0000673d    00000021     functions.o (.rodata.str1.18169768820860067831.1)
                  0000675e    00000021     functions.o (.rodata.str1.2006883888705870762.1)
                  0000677f    00000021     functions.o (.rodata.str1.2618360898605671341.1)
                  000067a0    00000021     functions.o (.rodata.str1.4531601087117612729.1)
                  000067c1    00000021     functions.o (.rodata.str1.4910338030008278487.1)
                  000067e2    00000021     functions.o (.rodata.str1.831622212789273363.1)
                  00006803    00000020     functions.o (.rodata.str1.10868672936327135180.1)
                  00006823    00000020     functions.o (.rodata.str1.11158820112163685190.1)
                  00006843    00000020     functions.o (.rodata.str1.11740181311745255940.1)
                  00006863    00000020     functions.o (.rodata.str1.11852899632267644254.1)
                  00006883    00000020     functions.o (.rodata.str1.12250083639950253671.1)
                  000068a3    00000020     functions.o (.rodata.str1.12257129677820421622.1)
                  000068c3    00000020     functions.o (.rodata.str1.16726128468901222387.1)
                  000068e3    00000020     main.o (.rodata.str1.2563708670032483588.1)
                  00006903    00000020     functions.o (.rodata.str1.7108839738911806945.1)
                  00006923    0000001f     functions.o (.rodata.str1.12869987097872302101.1)
                  00006942    0000001f     main.o (.rodata.str1.14112174005742061988.1)
                  00006961    0000001f     functions.o (.rodata.str1.15241132200125037881.1)
                  00006980    0000001f     functions.o (.rodata.str1.2989574447005584482.1)
                  0000699f    0000001f     functions.o (.rodata.str1.4198453541086758413.1)
                  000069be    0000001f     functions.o (.rodata.str1.7261598007108977983.1)
                  000069dd    0000001f     functions.o (.rodata.str1.8841248051089024616.1)
                  000069fc    0000001f     functions.o (.rodata.str1.9506313465773766142.1)
                  00006a1b    0000001f     functions.o (.rodata.str1.9586352787182320994.1)
                  00006a3a    0000001e     functions.o (.rodata.str1.11548324711019379123.1)
                  00006a58    0000001e     functions.o (.rodata.str1.11584461607463951922.1)
                  00006a76    0000001e     functions.o (.rodata.str1.13258710136769708401.1)
                  00006a94    0000001e     functions.o (.rodata.str1.13361924668150654931.1)
                  00006ab2    0000001e     functions.o (.rodata.str1.2153166669032916089.1)
                  00006ad0    0000001e     functions.o (.rodata.str1.2957129483359387701.1)
                  00006aee    0000001e     functions.o (.rodata.str1.9393216526452698668.1)
                  00006b0c    0000001e     functions.o (.rodata.str1.9987864939932165754.1)
                  00006b2a    0000001d     functions.o (.rodata.str1.10029850049327752681.1)
                  00006b47    0000001d     functions.o (.rodata.str1.7324634916810494498.1)
                  00006b64    0000001c     main.o (.rodata.str1.12180500075719773345.1)
                  00006b80    0000001b     functions.o (.rodata.str1.15871961652988661611.1)
                  00006b9b    0000001b     functions.o (.rodata.str1.1879081474855052955.1)
                  00006bb6    0000001b     functions.o (.rodata.str1.3322434249706281543.1)
                  00006bd1    0000001b     functions.o (.rodata.str1.4040450050525152614.1)
                  00006bec    0000001b     functions.o (.rodata.str1.6579945242302544448.1)
                  00006c07    0000001b     functions.o (.rodata.str1.6886749528440134913.1)
                  00006c22    0000001b     functions.o (.rodata.str1.7667325258934765219.1)
                  00006c3d    0000001a     functions.o (.rodata.str1.10394495994740858438.1)
                  00006c57    0000001a     functions.o (.rodata.str1.11621569494667626893.1)
                  00006c71    0000001a     functions.o (.rodata.str1.12609848238114409581.1)
                  00006c8b    0000001a     main.o (.rodata.str1.14079361385603432444.1)
                  00006ca5    0000001a     functions.o (.rodata.str1.2190941444116491765.1)
                  00006cbf    0000001a     functions.o (.rodata.str1.2872345601479061820.1)
                  00006cd9    0000001a     functions.o (.rodata.str1.5905555877690922764.1)
                  00006cf3    0000001a     functions.o (.rodata.str1.8113497073403762318.1)
                  00006d0d    0000001a     functions.o (.rodata.str1.976629323795015702.1)
                  00006d27    0000001a     functions.o (.rodata.str1.9955790773425000222.1)
                  00006d41    00000019     functions.o (.rodata.str1.2347775125427912132.1)
                  00006d5a    00000019     main.o (.rodata.str1.8076846746581808073.1)
                  00006d73    00000001     --HOLE-- [fill = 0]
                  00006d74    00000018     ti_msp_dl_config.o (.rodata.gDMA_CH0Config)
                  00006d8c    00000018     ti_msp_dl_config.o (.rodata.gDMA_CH1Config)
                  00006da4    00000018     ti_msp_dl_config.o (.rodata.gDMA_CH2Config)
                  00006dbc    00000018     ti_msp_dl_config.o (.rodata.gDMA_CH3Config)
                  00006dd4    00000018     functions.o (.rodata.str1.14826907694073300720.1)
                  00006dec    00000018     functions.o (.rodata.str1.15647711897633472048.1)
                  00006e04    00000018     functions.o (.rodata.str1.3544098629501009633.1)
                  00006e1c    00000018     functions.o (.rodata.str1.4307635291288551838.1)
                  00006e34    00000018     functions.o (.rodata.str1.5556253844797924259.1)
                  00006e4c    00000018     main.o (.rodata.str1.8154729771448623357.1)
                  00006e64    00000017     functions.o (.rodata.str1.10930655922842606279.1)
                  00006e7b    00000017     functions.o (.rodata.str1.14247832736261690914.1)
                  00006e92    00000017     functions.o (.rodata.str1.15416425971347363818.1)
                  00006ea9    00000017     functions.o (.rodata.str1.15981603964029308583.1)
                  00006ec0    00000017     functions.o (.rodata.str1.17162129685140799346.1)
                  00006ed7    00000017     functions.o (.rodata.str1.17242831494859343374.1)
                  00006eee    00000017     functions.o (.rodata.str1.771275161403278999.1)
                  00006f05    00000017     main.o (.rodata.str1.8428454045432808059.1)
                  00006f1c    00000016     functions.o (.rodata.str1.13647871663007229205.1)
                  00006f32    00000016     functions.o (.rodata.str1.13750405472340812261.1)
                  00006f48    00000016     uart.o (.rodata.str1.15503172443992438641.1)
                  00006f5e    00000016     functions.o (.rodata.str1.1912318065655334061.1)
                  00006f74    00000016     functions.o (.rodata.str1.2216088936736676215.1)
                  00006f8a    00000016     main.o (.rodata.str1.2763581881760962609.1)
                  00006fa0    00000016     functions.o (.rodata.str1.8430466031500812981.1)
                  00006fb6    00000015     functions.o (.rodata.str1.11457859038367029433.1)
                  00006fcb    00000015     functions.o (.rodata.str1.13291850131445628085.1)
                  00006fe0    00000015     functions.o (.rodata.str1.13318008327193210645.1)
                  00006ff5    00000015     functions.o (.rodata.str1.14079700471513303319.1)
                  0000700a    00000015     functions.o (.rodata.str1.14779408147115502373.1)
                  0000701f    00000015     functions.o (.rodata.str1.16344480386849582482.1)
                  00007034    00000015     functions.o (.rodata.str1.17171889877841249491.1)
                  00007049    00000015     functions.o (.rodata.str1.18285776561876861988.1)
                  0000705e    00000015     functions.o (.rodata.str1.5514502381961403268.1)
                  00007073    00000015     functions.o (.rodata.str1.7987950595137088371.1)
                  00007088    00000015     main.o (.rodata.str1.8108965883388295311.1)
                  0000709d    00000015     uart.o (.rodata.str1.8171864734171609186.1)
                  000070b2    00000002     ti_msp_dl_config.o (.rodata.gI2C_0ClockConfig)
                  000070b4    00000014     ti_msp_dl_config.o (.rodata.gTIMER_0TimerConfig)
                  000070c8    00000014     main.o (.rodata.str1.11870794119293528247.1)
                  000070dc    00000013     functions.o (.rodata.str1.11087625087312282266.1)
                  000070ef    00000013     functions.o (.rodata.str1.17622889657162422067.1)
                  00007102    00000013     functions.o (.rodata.str1.5117621188084071403.1)
                  00007115    00000012     functions.o (.rodata.str1.11371842499512143921.1)
                  00007127    00000012     functions.o (.rodata.str1.11391304066098951517.1)
                  00007139    00000012     functions.o (.rodata.str1.14660004578859228044.1)
                  0000714b    00000012     main.o (.rodata.str1.16631870348416990953.1)
                  0000715d    00000011     libc.a : _printfi.c.obj (.rodata.str1.10348868589481759720.1)
                  0000716e    00000011     main.o (.rodata.str1.10865113624938808685.1)
                  0000717f    00000011     main.o (.rodata.str1.11321157723316767883.1)
                  00007190    00000011     libc.a : _printfi.c.obj (.rodata.str1.15363888844622738466.1)
                  000071a1    00000011     main.o (.rodata.str1.17045314124001216156.1)
                  000071b2    00000011     main.o (.rodata.str1.7784929982665794503.1)
                  000071c3    00000011     main.o (.rodata.str1.8096991282711418442.1)
                  000071d4    00000011     functions.o (.rodata.str1.8855207564147674068.1)
                  000071e5    00000003     ti_msp_dl_config.o (.rodata.gTIMER_0ClockConfig)
                  000071e8    00000010     main.o (.rodata..Lswitch.table.main)
                  000071f8    0000000f     functions.o (.rodata.str1.6405428687533244608.1)
                  00007207    0000000e     functions.o (.rodata.str1.1787322033648190911.1)
                  00007215    0000000e     main.o (.rodata.str1.7996925722583989644.1)
                  00007223    0000000d     functions.o (.rodata.str1.14249227603012650231.1)
                  00007230    0000000d     main.o (.rodata.str1.8320541211001259012.1)
                  0000723d    0000000b     main.o (.rodata.str1.10313062130652730376.1)
                  00007248    0000000b     functions.o (.rodata.str1.9866892624350641238.1)
                  00007253    00000001     --HOLE-- [fill = 0]
                  00007254    0000000a     ti_msp_dl_config.o (.rodata.gMCU_UART_1Config)
                  0000725e    0000000a     ti_msp_dl_config.o (.rodata.gSPI_0_config)
                  00007268    0000000a     ti_msp_dl_config.o (.rodata.gSPI_1_config)
                  00007272    0000000a     ti_msp_dl_config.o (.rodata.gUART_0Config)
                  0000727c    0000000a     main.o (.rodata.str1.13030671760666898970.1)
                  00007286    0000000a     functions.o (.rodata.str1.9629253951102113371.1)
                  00007290    0000000a     functions.o (.rodata.str1.9659379646541333203.1)
                  0000729a    00000009     main.o (.rodata.str1.10720410773482754683.1)
                  000072a3    00000009     main.o (.rodata.str1.11822182024223342093.1)
                  000072ac    00000009     functions.o (.rodata.str1.13225435875195226696.1)
                  000072b5    00000009     main.o (.rodata.str1.18092426736022315238.1)
                  000072be    00000009     uart.o (.rodata.str1.2747995240747259486.1)
                  000072c7    00000009     functions.o (.rodata.str1.5320122413559821118.1)
                  000072d0    00000009     functions.o (.rodata.str1.8276779995786722914.1)
                  000072d9    00000008     main.o (.rodata.str1.10224226614597680209.1)
                  000072e1    00000008     functions.o (.rodata.str1.11093425900794288272.1)
                  000072e9    00000008     functions.o (.rodata.str1.12716370140545181522.1)
                  000072f1    00000008     functions.o (.rodata.str1.15667472894159448674.1)
                  000072f9    00000008     functions.o (.rodata.str1.15927518266867229498.1)
                  00007301    00000008     functions.o (.rodata.str1.16929425599360063401.1)
                  00007309    00000008     main.o (.rodata.str1.2846389346932560359.1)
                  00007311    00000008     functions.o (.rodata.str1.3156050197955811031.1)
                  00007319    00000008     main.o (.rodata.str1.6891813955777630061.1)
                  00007321    00000007     functions.o (.rodata.str1.14125585639945481457.1)
                  00007328    00000007     functions.o (.rodata.str1.17588442350683572369.1)
                  0000732f    00000007     main.o (.rodata.str1.2624144126699937905.1)
                  00007336    00000007     functions.o (.rodata.str1.3123360382440319361.1)
                  0000733d    00000007     functions.o (.rodata.str1.6954128830300373732.1)
                  00007344    00000006     functions.o (.rodata.str1.10302267126528799586.1)
                  0000734a    00000006     functions.o (.rodata.str1.10387253022637546114.1)
                  00007350    00000006     functions.o (.rodata.str1.11538060877586311343.1)
                  00007356    00000006     functions.o (.rodata.str1.17144429639171527548.1)
                  0000735c    00000006     main.o (.rodata.str1.2123964117280943167.1)
                  00007362    00000006     main.o (.rodata.str1.403738606202455663.1)
                  00007368    00000006     functions.o (.rodata.str1.4959705119256106851.1)
                  0000736e    00000005     functions.o (.rodata.str1.11900037607746946141.1)
                  00007373    00000005     functions.o (.rodata.str1.13183419841694627606.1)
                  00007378    00000005     main.o (.rodata.str1.13288086030101331538.1)
                  0000737d    00000005     functions.o (.rodata.str1.13786467237224150958.1)
                  00007382    00000005     functions.o (.rodata.str1.14496393926573069083.1)
                  00007387    00000005     main.o (.rodata.str1.15159059442110792349.1)
                  0000738c    00000005     functions.o (.rodata.str1.16757203657686794125.1)
                  00007391    00000005     functions.o (.rodata.str1.17418132220924322792.1)
                  00007396    00000005     main.o (.rodata.str1.288608917962107522.1)
                  0000739b    00000005     functions.o (.rodata.str1.3066531604708884151.1)
                  000073a0    00000005     functions.o (.rodata.str1.3172367308849033862.1)
                  000073a5    00000005     functions.o (.rodata.str1.502354497711140047.1)
                  000073aa    00000004     functions.o (.rodata.str1.11488970495173820783.1)
                  000073ae    00000004     main.o (.rodata.str1.11702106008850790973.1)
                  000073b2    00000004     functions.o (.rodata.str1.12871985577256932554.1)
                  000073b6    00000004     main.o (.rodata.str1.15996357275703397564.1)
                  000073ba    00000004     functions.o (.rodata.str1.16985884696085998545.1)
                  000073be    00000004     main.o (.rodata.str1.17100691992556644108.1)
                  000073c2    00000004     functions.o (.rodata.str1.3098115528246613681.1)
                  000073c6    00000004     functions.o (.rodata.str1.4561657886204501224.1)
                  000073ca    00000004     functions.o (.rodata.str1.62749256631814321.1)
                  000073ce    00000004     functions.o (.rodata.str1.9119127971185803168.1)
                  000073d2    00000003     uart.o (.rodata.str1.12819099410943012003.1)
                  000073d5    00000003     functions.o (.rodata.str1.17016031596792030868.1)
                  000073d8    00000003     functions.o (.rodata.str1.504123949362312185.1)
                  000073db    00000003     main.o (.rodata.str1.7702501944640899365.1)
                  000073de    00000002     ti_msp_dl_config.o (.rodata.gI2C_1ClockConfig)
                  000073e0    00000002     ti_msp_dl_config.o (.rodata.gMCU_UART_1ClockConfig)
                  000073e2    00000002     ti_msp_dl_config.o (.rodata.gSPI_0_clockConfig)
                  000073e4    00000002     ti_msp_dl_config.o (.rodata.gSPI_1_clockConfig)
                  000073e6    00000002     ti_msp_dl_config.o (.rodata.gUART_0ClockConfig)
                  000073e8    00000002     uart.o (.rodata.str1.3510367808670815947.1)
                  000073ea    00000002     functions.o (.rodata.str1.5994875290679588583.1)
                  000073ec    00000004     --HOLE-- [fill = 0]

.init_array 
*          0    00000000    00000000     UNINITIALIZED

.binit     0    00000000    00000000     

.bss       0    20200000    00000189     UNINITIALIZED
                  20200000    00000078     uart.o (.bss.commandList)
                  20200078    00000040     (.common:UART_Buffer)
                  202000b8    00000028     (.common:gSPI_0Backup)
                  202000e0    00000028     (.common:gSPI_1Backup)
                  20200108    00000022     (.common:gRxPacket)
                  2020012a    00000022     (.common:gTxPacket)
                  2020014c    0000001c     (.common:stm32Spi)
                  20200168    00000010     (.common:gSPI_RxPacket)
                  20200178    00000004     (.common:gRxCount)
                  2020017c    00000004     (.common:gRxLen)
                  20200180    00000004     (.common:gTxCount)
                  20200184    00000004     (.common:gTxLen)
                  20200188    00000001     (.common:gI2cControllerStatus)

.data      0    2020018c    0000004a     UNINITIALIZED
                  2020018c    00000010     spi_master.o (.data.gSPI_TxPacket)
                  2020019c    00000004     libc.a : aeabi_portable.c.obj (.data.__aeabi_errno)
                  202001a0    00000004     uart.o (.data.commandCount)
                  202001a4    00000004     libc.a : strtok.c.obj (.data.last_end)
                  202001a8    00000004     main.o (.data.monitor_rate)
                  202001ac    00000002     BQ25628_functions.o (.data.g_ibat_mA)
                  202001ae    00000002     BQ25628_functions.o (.data.g_ibus_mA)
                  202001b0    00000002     BQ27Z7_functions.o (.data.g_telem.0)
                  202001b2    00000002     BQ27Z7_functions.o (.data.g_telem.10)
                  202001b4    00000002     BQ27Z7_functions.o (.data.g_telem.11)
                  202001b6    00000002     BQ27Z7_functions.o (.data.g_telem.12)
                  202001b8    00000002     BQ27Z7_functions.o (.data.g_telem.13)
                  202001ba    00000002     BQ27Z7_functions.o (.data.g_telem.1)
                  202001bc    00000002     BQ27Z7_functions.o (.data.g_telem.2)
                  202001be    00000002     BQ27Z7_functions.o (.data.g_telem.4)
                  202001c0    00000002     BQ27Z7_functions.o (.data.g_telem.5)
                  202001c2    00000002     BQ27Z7_functions.o (.data.g_telem.7)
                  202001c4    00000002     BQ27Z7_functions.o (.data.g_telem.8)
                  202001c6    00000002     BQ27Z7_functions.o (.data.g_telem.9)
                  202001c8    00000002     BQ25628_functions.o (.data.g_vbat_mV)
                  202001ca    00000002     BQ25628_functions.o (.data.g_vbus_mV)
                  202001cc    00000002     BQ25628_functions.o (.data.g_vsys_mV)
                  202001ce    00000001     main.o (.data.bq_monitor_active)
                  202001cf    00000001     uart.o (.data.char_index)
                  202001d0    00000001     uart.o (.data.data_received)
                  202001d1    00000001     gauge.o (.data.g_gaugeAddr)
                  202001d2    00000001     BQ27Z7_functions.o (.data.g_telem.3)
                  202001d3    00000001     main.o (.data.gauge_monitor_active)
                  202001d4    00000001     BQ27Z7_functions.o (.data.g_telem.6)
                  202001d5    00000001     main.o (.data.hall_monitor_active)

.stack     0    20207e00    00000200     UNINITIALIZED
                  20207e00    00000004     libc.a : boot_cortex_m.c.obj (.stack)
                  20207e04    000001fc     --HOLE--

__llvm_prf_cnts 
*          0    20200000    00000000     UNINITIALIZED

__llvm_prf_bits 
*          0    20200000    00000000     UNINITIALIZED

MODULE SUMMARY

       Module                         code    ro data   rw data
       ------                         ----    -------   -------
    .\
       functions.o                    3988    5096      0      
       main.o                         968     1064      7      
       ti_msp_dl_config.o             1296    171       80     
       startup_mspm0g350x_ticlang.o   6       192       0      
    +--+------------------------------+-------+---------+---------+
       Total:                         6258    6523      87     
                                                               
    .\HAL\
       uart.o                         1484    92        190    
       i2c.o                          1256    0         85     
       spi_master.o                   180     0         60     
    +--+------------------------------+-------+---------+---------+
       Total:                         2920    92        335    
                                                               
    .\ics\BQ25628\
       BQ25628_functions.o            692     0         10     
    +--+------------------------------+-------+---------+---------+
       Total:                         692     0         10     
                                                               
    .\ics\BQ27Z7\
       BQ27Z7_functions.o             2776    0         26     
       gauge.o                        176     0         1      
    +--+------------------------------+-------+---------+---------+
       Total:                         2952    0         27     
                                                               
    C:/ti/mspm0_sdk_2_09_00_01/source/ti/driverlib/lib/ticlang/m0p/mspm0g1x0x_g3x0x/driverlib.a
       dl_timer.o                     280     0         0      
       dl_i2c.o                       240     0         0      
       dl_uart.o                      138     0         0      
       dl_spi.o                       86      0         0      
       dl_dma.o                       76      0         0      
       dl_common.o                    10      0         0      
    +--+------------------------------+-------+---------+---------+
       Total:                         830     0         0      
                                                               
    C:\ti\ccs2031\ccs\tools\compiler\ti-cgt-armllvm_4.0.4.LTS\lib\armv6m-ti-none-eabi/c/libc.a
       _printfi.c.obj                 4510    34        0      
       strtol.c.obj                   324     0         0      
       aeabi_ctype.S.obj              0       257       0      
       s_scalbn.c.obj                 216     0         0      
       memcpy16.S.obj                 154     0         0      
       s_floorf.c.obj                 140     0         0      
       strcmp-armv6m.S.obj            136     0         0      
       vsnprintf.c.obj                136     0         0      
       copy_decompress_lzss.c.obj     124     0         0      
       s_roundf.c.obj                 114     0         0      
       memset16.S.obj                 98      0         0      
       s_frexp.c.obj                  92      0         0      
       _ltoa.c.obj                    88      0         0      
       strtok.c.obj                   72      0         4      
       atoi.c.obj                     64      0         0      
       autoinit.c.obj                 60      0         0      
       boot_cortex_m.c.obj            40      0         0      
       strspn.c.obj                   38      0         0      
       strcspn.c.obj                  36      0         0      
       memccpy.c.obj                  34      0         0      
       copy_zero_init.c.obj           22      0         0      
       copy_decompress_none.c.obj     18      0         0      
       wcslen.c.obj                   16      0         0      
       aeabi_portable.c.obj           8       0         4      
       exit.c.obj                     6       0         0      
       pre_init.c.obj                 4       0         0      
    +--+------------------------------+-------+---------+---------+
       Total:                         6550    291       8      
                                                               
    C:\ti\ccs2031\ccs\tools\compiler\ti-cgt-armllvm_4.0.4.LTS\lib\armv6m-ti-none-eabi/c/libsysbm.a
       hostexit.c.obj                 4       0         0      
    +--+------------------------------+-------+---------+---------+
       Total:                         4       0         0      
                                                               
    C:\ti\ccs2031\ccs\tools\compiler\ti-cgt-armllvm_4.0.4.LTS\lib\armv6m-ti-none-eabi/libclang_rt.builtins.a
       adddf3.S.obj                   418     0         0      
       divdf3.S.obj                   268     0         0      
       addsf3.S.obj                   232     0         0      
       muldf3.S.obj                   228     0         0      
       comparedf2.c.obj               220     0         0      
       udivmoddi4.S.obj               162     0         0      
       mulsf3.S.obj                   140     0         0      
       comparesf2.S.obj               118     0         0      
       aeabi_dcmp.S.obj               98      0         0      
       aeabi_fcmp.S.obj               98      0         0      
       aeabi_idivmod.S.obj            86      0         0      
       fixdfsi.S.obj                  74      0         0      
       aeabi_uidivmod.S.obj           64      0         0      
       muldsi3.S.obj                  58      0         0      
       fixsfsi.S.obj                  56      0         0      
       floatsidf.S.obj                44      0         0      
       floatunsisf.S.obj              40      0         0      
       muldi3.S.obj                   36      0         0      
       ashldi3.S.obj                  30      0         0      
       aeabi_memset.S.obj             26      0         0      
       aeabi_uldivmod.S.obj           20      0         0      
       aeabi_memcpy.S.obj             8       0         0      
       aeabi_div0.c.obj               4       0         0      
    +--+------------------------------+-------+---------+---------+
       Total:                         2528    0         0      
                                                               
       Stack:                         0       0         512    
       Linker Generated:              0       72        0      
    +--+------------------------------+-------+---------+---------+
       Grand Total:                   22734   6978      979    


LINKER GENERATED COPY TABLES

__TI_cinit_table @ 00007428 records: 2, size/record: 8, table size: 16
	.data: load addr=000073f0, load size=00000024 bytes, run addr=2020018c, run size=0000004a bytes, compression=lzss
	.bss: load addr=00007420, load size=00000008 bytes, run addr=20200000, run size=00000189 bytes, compression=zero_init


LINKER GENERATED HANDLER TABLE

__TI_handler_table @ 00007414 records: 3, size/record: 4, table size: 12
	index: 0, handler: __TI_decompress_lzss
	index: 1, handler: __TI_decompress_none
	index: 2, handler: __TI_zero_init


FAR CALL TRAMPOLINES

callee name               trampoline name
   callee addr  tramp addr   call addr  call info
--------------  -----------  ---------  ----------------
__aeabi_dsub              $Tramp$TT$L$PI$$__aeabi_dsub
   000023bd     0000594c     0000594a   libc.a : _printfi.c.obj (.text.OUTLINED_FUNCTION_0)
__aeabi_fadd              $Tramp$TT$L$PI$$__aeabi_fadd
   00003b33     00005968     00005964   libc.a : s_roundf.c.obj (.text.OUTLINED_FUNCTION_0)

[2 trampolines]
[2 trampoline calls]


GLOBAL SYMBOLS: SORTED ALPHABETICALLY BY Name 

address   name                          
-------   ----                          
0000254f  ADC0_IRQHandler               
0000254f  ADC1_IRQHandler               
0000254f  AES_IRQHandler                
000057b9  BQ25628E_Get_IBAT_mA          
000057c5  BQ25628E_Get_IBUS_mA          
000057d1  BQ25628E_Get_VBAT_mV          
000057dd  BQ25628E_Get_VBUS_mV          
000057e9  BQ25628E_Get_VSYS_mV          
00003099  BQ25628E_Init_Default         
0000543d  BQ25628E_ReadReg16            
00005461  BQ25628E_ReadReg8             
00002ea1  BQ25628E_UpdateTelemetry      
00005485  BQ25628E_WriteReg16           
00005539  BQ25628E_WriteReg8            
00003279  BQ27Z746_GetChargingStatus    
0000360b  BQ27Z746_GetChemID            
0000352d  BQ27Z746_GetDeviceType        
00004d3f  BQ27Z746_GetFETOptions        
0000389f  BQ27Z746_GetFirmwareVersion   
000036e7  BQ27Z746_GetOperationStatus   
000037c3  BQ27Z746_GetSafetyStatus      
00004ca9  BQ27Z746_GetTempConfig        
000057f5  BQ27Z746_Get_AvgCurrent_mA    
00005801  BQ27Z746_Get_AvgPower_mW      
0000580d  BQ27Z746_Get_BatteryStatus    
00005819  BQ27Z746_Get_Current_mA       
00005825  BQ27Z746_Get_CycleCount       
00005831  BQ27Z746_Get_FullChargeCap_mAh
0000583d  BQ27Z746_Get_InternalTemp_C   
00005849  BQ27Z746_Get_RemainingCap_mAh 
00005855  BQ27Z746_Get_SOC_pct          
00005861  BQ27Z746_Get_StateOfHealth_pct
0000586d  BQ27Z746_Get_Temperature_C    
00005879  BQ27Z746_Get_TimeToEmpty_min  
00005885  BQ27Z746_Get_TimeToFull_min   
00005891  BQ27Z746_Get_Voltage_mV       
00005349  BQ27Z746_Init                 
0000572d  BQ27Z746_IsDischarging        
0000573d  BQ27Z746_IsFullyCharged       
0000574d  BQ27Z746_IsFullyDischarged    
00003977  BQ27Z746_MAC_Read             
0000589d  BQ27Z746_ReadAvgCurrent_mA    
000058a9  BQ27Z746_ReadAvgPower_mW      
000058b5  BQ27Z746_ReadBatteryStatus    
000058c1  BQ27Z746_ReadCurrent_mA       
000058cd  BQ27Z746_ReadCycleCount       
000058d9  BQ27Z746_ReadFullChargeCap_mAh
00005559  BQ27Z746_ReadInternalTemp_C   
000058e5  BQ27Z746_ReadRemainingCap_mAh 
000058f1  BQ27Z746_ReadSOC_pct          
000058fd  BQ27Z746_ReadStateOfHealth_pct
00005579  BQ27Z746_ReadTemperature_C    
00005909  BQ27Z746_ReadTimeToEmpty_min  
00005915  BQ27Z746_ReadTimeToFull_min   
00005921  BQ27Z746_ReadVoltage_mV       
00003e41  BQ27Z746_SetTempSensorConfig  
00003d8d  BQ27Z746_SetUTFET_Direct      
00002ca1  BQ27Z746_UpdateTelemetry      
0000599a  C$$EXIT                       
0000254f  CANFD0_IRQHandler             
000018e9  CLI_ProcessInput              
00004fa1  CLI_RegisterCommand           
000044cd  CLI_Tokenize                  
0000254f  DAC0_IRQHandler               
00005939  DL_Common_delayCycles         
00004c5d  DL_DMA_initChannel            
000049ed  DL_I2C_fillControllerTXFIFO   
00005259  DL_I2C_flushControllerRXFIFO  
00004fdd  DL_I2C_flushControllerTXFIFO  
000053f1  DL_I2C_setClockConfig         
00004e19  DL_SPI_init                   
000056f5  DL_SPI_setClockConfig         
00002f9d  DL_Timer_initTimerMode        
000055d9  DL_Timer_setClockConfig       
00004d89  DL_UART_init                  
00005707  DL_UART_setClockConfig        
00005289  DL_UART_transmitDataBlocking  
0000254f  DMA_IRQHandler                
0000254f  Default_Handler               
0000254f  GROUP0_IRQHandler             
0000254f  GROUP1_IRQHandler             
0000599b  HOSTexit                      
0000254f  HardFault_Handler             
0000575d  I2C0_IRQHandler               
0000576d  I2C1_IRQHandler               
00002029  I2C_ReadDevice                
00003365  I2C_TryAddress                
0000293d  I2C_WriteDevice               
0000254f  NMI_Handler                   
0000254f  PendSV_Handler                
0000254f  RTC_IRQHandler                
0000599f  Reset_Handler                 
0000254f  SPI0_IRQHandler               
00005225  SPI1_IRQHandler               
00004a4d  SPI_Controller_Arm            
000054a9  SPI_Controller_Init           
0000254f  SVC_Handler                   
00005611  SYSCFG_DL_DMA_CH0_init        
00005629  SYSCFG_DL_DMA_CH1_init        
00005641  SYSCFG_DL_DMA_CH2_init        
00005659  SYSCFG_DL_DMA_CH3_init        
000056b7  SYSCFG_DL_DMA_init            
00002da1  SYSCFG_DL_GPIO_init           
00004535  SYSCFG_DL_I2C_0_init          
0000459d  SYSCFG_DL_I2C_1_init          
0000492d  SYSCFG_DL_MCU_UART_1_init     
0000473d  SYSCFG_DL_SPI_0_init          
0000498d  SYSCFG_DL_SPI_1_init          
00004ea1  SYSCFG_DL_SYSCTL_init         
00005145  SYSCFG_DL_TIMER_0_init        
0000445d  SYSCFG_DL_UART_0_init         
00004e5d  SYSCFG_DL_init                
00004279  SYSCFG_DL_initPower           
00003cd1  Shared_I2C_IRQHandler         
0000254f  SysTick_Handler               
0000254f  TIMA0_IRQHandler              
0000254f  TIMA1_IRQHandler              
0000254f  TIMG0_IRQHandler              
0000254f  TIMG12_IRQHandler             
0000254f  TIMG6_IRQHandler              
0000254f  TIMG7_IRQHandler              
0000254f  TIMG8_IRQHandler              
00005671  UART0_IRQHandler              
0000254f  UART1_IRQHandler              
0000254f  UART2_IRQHandler              
0000254f  UART3_IRQHandler              
00003ef1  UARTReceive                   
20200078  UART_Buffer                   
20208000  __STACK_END                   
00000200  __STACK_SIZE                  
00000000  __TI_ATRegion0_region_sz      
00000000  __TI_ATRegion0_src_addr       
00000000  __TI_ATRegion0_trg_addr       
00000000  __TI_ATRegion1_region_sz      
00000000  __TI_ATRegion1_src_addr       
00000000  __TI_ATRegion1_trg_addr       
00000000  __TI_ATRegion2_region_sz      
00000000  __TI_ATRegion2_src_addr       
00000000  __TI_ATRegion2_trg_addr       
00007428  __TI_CINIT_Base               
00007438  __TI_CINIT_Limit              
00007438  __TI_CINIT_Warm               
00007414  __TI_Handler_Table_Base       
00007420  __TI_Handler_Table_Limit      
00005091  __TI_auto_init_nobinit_nopinit
000042f5  __TI_decompress_lzss          
00005719  __TI_decompress_none          
00004b05  __TI_ltoa                     
ffffffff  __TI_pprof_out_hndl           
000000c1  __TI_printfi                  
ffffffff  __TI_prof_data_size           
ffffffff  __TI_prof_data_start          
00000000  __TI_static_base__            
000056a1  __TI_zero_init_nomemset       
000023c7  __adddf3                      
00003b33  __addsf3                      
00005dd0  __aeabi_ctype_table_          
00005dd0  __aeabi_ctype_table_C         
00004cf5  __aeabi_d2iz                  
000023c7  __aeabi_dadd                  
00004805  __aeabi_dcmpeq                
00004841  __aeabi_dcmpge                
00004855  __aeabi_dcmpgt                
0000482d  __aeabi_dcmple                
00004819  __aeabi_dcmplt                
00002b95  __aeabi_ddiv                  
00003449  __aeabi_dmul                  
000023bd  __aeabi_dsub                  
2020019c  __aeabi_errno                 
00005985  __aeabi_errno_addr            
0000517d  __aeabi_f2iz                  
00003b33  __aeabi_fadd                  
00004869  __aeabi_fcmpeq                
000048a5  __aeabi_fcmpge                
000048b9  __aeabi_fcmpgt                
00004891  __aeabi_fcmple                
0000487d  __aeabi_fcmplt                
000040d9  __aeabi_fmul                  
00003b29  __aeabi_fsub                  
00005375  __aeabi_i2d                   
00004bb5  __aeabi_idiv                  
00003a4f  __aeabi_idiv0                 
00004bb5  __aeabi_idivmod               
0000473b  __aeabi_ldiv0                 
000055b9  __aeabi_llsl                  
000054cd  __aeabi_lmul                  
0000592d  __aeabi_memclr                
0000592d  __aeabi_memclr4               
0000592d  __aeabi_memclr8               
0000598d  __aeabi_memcpy                
0000598d  __aeabi_memcpy4               
0000598d  __aeabi_memcpy8               
0000579d  __aeabi_memset                
0000579d  __aeabi_memset4               
0000579d  __aeabi_memset8               
000053a1  __aeabi_ui2f                  
00004ee1  __aeabi_uidiv                 
00004ee1  __aeabi_uidivmod              
000056cd  __aeabi_uldivmod              
000055b9  __ashldi3                     
ffffffff  __binit__                     
00004605  __cmpdf2                      
000050cd  __cmpsf2                      
00002b95  __divdf3                      
00004605  __eqdf2                       
000050cd  __eqsf2                       
00004cf5  __fixdfsi                     
0000517d  __fixsfsi                     
00005375  __floatsidf                   
000053a1  __floatunsisf                 
000043e9  __gedf2                       
00005019  __gesf2                       
000043e9  __gtdf2                       
00005019  __gtsf2                       
00004605  __ledf2                       
000050cd  __lesf2                       
00004605  __ltdf2                       
000050cd  __ltsf2                       
UNDEFED   __mpu_init                    
00003449  __muldf3                      
000054cd  __muldi3                      
00005109  __muldsi3                     
000040d9  __mulsf3                      
00004605  __nedf2                       
000050cd  __nesf2                       
20207e00  __stack                       
20200000  __start___llvm_prf_bits       
20200000  __start___llvm_prf_cnts       
20200000  __stop___llvm_prf_bits        
20200000  __stop___llvm_prf_cnts        
000023bd  __subdf3                      
00003b29  __subsf3                      
00003f9d  __udivmoddi4                  
000053c9  _c_int00_noargs               
UNDEFED   _system_post_cinit            
000059a3  _system_pre_init              
00005995  abort                         
00004f21  atoi                          
ffffffff  binit                         
202001ce  bq_monitor_active             
202001cf  char_index                    
00001155  cmd_bq                        
00000a91  cmd_gauge                     
00003c01  cmd_hall                      
000047a1  cmd_help                      
000021fd  cmd_i2cscan                   
00003189  cmd_pwr                       
00002551  cmd_spi                       
202001d0  data_received                 
00004165  floorf                        
00004aa9  frexp                         
00004aa9  frexpl                        
20200188  gI2cControllerStatus          
20200178  gRxCount                      
2020017c  gRxLen                        
20200108  gRxPacket                     
202000b8  gSPI_0Backup                  
202000e0  gSPI_1Backup                  
20200168  gSPI_RxPacket                 
2020018c  gSPI_TxPacket                 
20200180  gTxCount                      
20200184  gTxLen                        
2020012a  gTxPacket                     
0000577d  gauge_address                 
00005319  gauge_cmd_read                
202001d3  gauge_monitor_active          
000051b5  gauge_read                    
000051ed  gauge_write                   
00005055  get_UART_buffer               
202001d5  hall_monitor_active           
000055f5  i2c_init                      
00000000  interruptVectors              
00003a51  ldexp                         
00003a51  ldexpl                        
00001539  main                          
00005515  memccpy                       
0000403f  memcpy                        
000048cb  memset                        
202001a8  monitor_rate                  
0000466d  roundf                        
00003a51  scalbn                        
00003a51  scalbnl                       
2020014c  stm32Spi                      
000041f1  strcmp                        
000054f1  strcspn                       
00005417  strspn                        
00004dd1  strtok                        
000026bd  strtol                        
00005599  uart_init                     
00004371  uart_printf                   
00004f61  vsnprintf                     
0000578d  wcslen                        


GLOBAL SYMBOLS: SORTED BY Symbol Address 

address   name                          
-------   ----                          
00000000  __TI_ATRegion0_region_sz      
00000000  __TI_ATRegion0_src_addr       
00000000  __TI_ATRegion0_trg_addr       
00000000  __TI_ATRegion1_region_sz      
00000000  __TI_ATRegion1_src_addr       
00000000  __TI_ATRegion1_trg_addr       
00000000  __TI_ATRegion2_region_sz      
00000000  __TI_ATRegion2_src_addr       
00000000  __TI_ATRegion2_trg_addr       
00000000  __TI_static_base__            
00000000  interruptVectors              
000000c1  __TI_printfi                  
00000200  __STACK_SIZE                  
00000a91  cmd_gauge                     
00001155  cmd_bq                        
00001539  main                          
000018e9  CLI_ProcessInput              
00002029  I2C_ReadDevice                
000021fd  cmd_i2cscan                   
000023bd  __aeabi_dsub                  
000023bd  __subdf3                      
000023c7  __adddf3                      
000023c7  __aeabi_dadd                  
0000254f  ADC0_IRQHandler               
0000254f  ADC1_IRQHandler               
0000254f  AES_IRQHandler                
0000254f  CANFD0_IRQHandler             
0000254f  DAC0_IRQHandler               
0000254f  DMA_IRQHandler                
0000254f  Default_Handler               
0000254f  GROUP0_IRQHandler             
0000254f  GROUP1_IRQHandler             
0000254f  HardFault_Handler             
0000254f  NMI_Handler                   
0000254f  PendSV_Handler                
0000254f  RTC_IRQHandler                
0000254f  SPI0_IRQHandler               
0000254f  SVC_Handler                   
0000254f  SysTick_Handler               
0000254f  TIMA0_IRQHandler              
0000254f  TIMA1_IRQHandler              
0000254f  TIMG0_IRQHandler              
0000254f  TIMG12_IRQHandler             
0000254f  TIMG6_IRQHandler              
0000254f  TIMG7_IRQHandler              
0000254f  TIMG8_IRQHandler              
0000254f  UART1_IRQHandler              
0000254f  UART2_IRQHandler              
0000254f  UART3_IRQHandler              
00002551  cmd_spi                       
000026bd  strtol                        
0000293d  I2C_WriteDevice               
00002b95  __aeabi_ddiv                  
00002b95  __divdf3                      
00002ca1  BQ27Z746_UpdateTelemetry      
00002da1  SYSCFG_DL_GPIO_init           
00002ea1  BQ25628E_UpdateTelemetry      
00002f9d  DL_Timer_initTimerMode        
00003099  BQ25628E_Init_Default         
00003189  cmd_pwr                       
00003279  BQ27Z746_GetChargingStatus    
00003365  I2C_TryAddress                
00003449  __aeabi_dmul                  
00003449  __muldf3                      
0000352d  BQ27Z746_GetDeviceType        
0000360b  BQ27Z746_GetChemID            
000036e7  BQ27Z746_GetOperationStatus   
000037c3  BQ27Z746_GetSafetyStatus      
0000389f  BQ27Z746_GetFirmwareVersion   
00003977  BQ27Z746_MAC_Read             
00003a4f  __aeabi_idiv0                 
00003a51  ldexp                         
00003a51  ldexpl                        
00003a51  scalbn                        
00003a51  scalbnl                       
00003b29  __aeabi_fsub                  
00003b29  __subsf3                      
00003b33  __addsf3                      
00003b33  __aeabi_fadd                  
00003c01  cmd_hall                      
00003cd1  Shared_I2C_IRQHandler         
00003d8d  BQ27Z746_SetUTFET_Direct      
00003e41  BQ27Z746_SetTempSensorConfig  
00003ef1  UARTReceive                   
00003f9d  __udivmoddi4                  
0000403f  memcpy                        
000040d9  __aeabi_fmul                  
000040d9  __mulsf3                      
00004165  floorf                        
000041f1  strcmp                        
00004279  SYSCFG_DL_initPower           
000042f5  __TI_decompress_lzss          
00004371  uart_printf                   
000043e9  __gedf2                       
000043e9  __gtdf2                       
0000445d  SYSCFG_DL_UART_0_init         
000044cd  CLI_Tokenize                  
00004535  SYSCFG_DL_I2C_0_init          
0000459d  SYSCFG_DL_I2C_1_init          
00004605  __cmpdf2                      
00004605  __eqdf2                       
00004605  __ledf2                       
00004605  __ltdf2                       
00004605  __nedf2                       
0000466d  roundf                        
0000473b  __aeabi_ldiv0                 
0000473d  SYSCFG_DL_SPI_0_init          
000047a1  cmd_help                      
00004805  __aeabi_dcmpeq                
00004819  __aeabi_dcmplt                
0000482d  __aeabi_dcmple                
00004841  __aeabi_dcmpge                
00004855  __aeabi_dcmpgt                
00004869  __aeabi_fcmpeq                
0000487d  __aeabi_fcmplt                
00004891  __aeabi_fcmple                
000048a5  __aeabi_fcmpge                
000048b9  __aeabi_fcmpgt                
000048cb  memset                        
0000492d  SYSCFG_DL_MCU_UART_1_init     
0000498d  SYSCFG_DL_SPI_1_init          
000049ed  DL_I2C_fillControllerTXFIFO   
00004a4d  SPI_Controller_Arm            
00004aa9  frexp                         
00004aa9  frexpl                        
00004b05  __TI_ltoa                     
00004bb5  __aeabi_idiv                  
00004bb5  __aeabi_idivmod               
00004c5d  DL_DMA_initChannel            
00004ca9  BQ27Z746_GetTempConfig        
00004cf5  __aeabi_d2iz                  
00004cf5  __fixdfsi                     
00004d3f  BQ27Z746_GetFETOptions        
00004d89  DL_UART_init                  
00004dd1  strtok                        
00004e19  DL_SPI_init                   
00004e5d  SYSCFG_DL_init                
00004ea1  SYSCFG_DL_SYSCTL_init         
00004ee1  __aeabi_uidiv                 
00004ee1  __aeabi_uidivmod              
00004f21  atoi                          
00004f61  vsnprintf                     
00004fa1  CLI_RegisterCommand           
00004fdd  DL_I2C_flushControllerTXFIFO  
00005019  __gesf2                       
00005019  __gtsf2                       
00005055  get_UART_buffer               
00005091  __TI_auto_init_nobinit_nopinit
000050cd  __cmpsf2                      
000050cd  __eqsf2                       
000050cd  __lesf2                       
000050cd  __ltsf2                       
000050cd  __nesf2                       
00005109  __muldsi3                     
00005145  SYSCFG_DL_TIMER_0_init        
0000517d  __aeabi_f2iz                  
0000517d  __fixsfsi                     
000051b5  gauge_read                    
000051ed  gauge_write                   
00005225  SPI1_IRQHandler               
00005259  DL_I2C_flushControllerRXFIFO  
00005289  DL_UART_transmitDataBlocking  
00005319  gauge_cmd_read                
00005349  BQ27Z746_Init                 
00005375  __aeabi_i2d                   
00005375  __floatsidf                   
000053a1  __aeabi_ui2f                  
000053a1  __floatunsisf                 
000053c9  _c_int00_noargs               
000053f1  DL_I2C_setClockConfig         
00005417  strspn                        
0000543d  BQ25628E_ReadReg16            
00005461  BQ25628E_ReadReg8             
00005485  BQ25628E_WriteReg16           
000054a9  SPI_Controller_Init           
000054cd  __aeabi_lmul                  
000054cd  __muldi3                      
000054f1  strcspn                       
00005515  memccpy                       
00005539  BQ25628E_WriteReg8            
00005559  BQ27Z746_ReadInternalTemp_C   
00005579  BQ27Z746_ReadTemperature_C    
00005599  uart_init                     
000055b9  __aeabi_llsl                  
000055b9  __ashldi3                     
000055d9  DL_Timer_setClockConfig       
000055f5  i2c_init                      
00005611  SYSCFG_DL_DMA_CH0_init        
00005629  SYSCFG_DL_DMA_CH1_init        
00005641  SYSCFG_DL_DMA_CH2_init        
00005659  SYSCFG_DL_DMA_CH3_init        
00005671  UART0_IRQHandler              
000056a1  __TI_zero_init_nomemset       
000056b7  SYSCFG_DL_DMA_init            
000056cd  __aeabi_uldivmod              
000056f5  DL_SPI_setClockConfig         
00005707  DL_UART_setClockConfig        
00005719  __TI_decompress_none          
0000572d  BQ27Z746_IsDischarging        
0000573d  BQ27Z746_IsFullyCharged       
0000574d  BQ27Z746_IsFullyDischarged    
0000575d  I2C0_IRQHandler               
0000576d  I2C1_IRQHandler               
0000577d  gauge_address                 
0000578d  wcslen                        
0000579d  __aeabi_memset                
0000579d  __aeabi_memset4               
0000579d  __aeabi_memset8               
000057b9  BQ25628E_Get_IBAT_mA          
000057c5  BQ25628E_Get_IBUS_mA          
000057d1  BQ25628E_Get_VBAT_mV          
000057dd  BQ25628E_Get_VBUS_mV          
000057e9  BQ25628E_Get_VSYS_mV          
000057f5  BQ27Z746_Get_AvgCurrent_mA    
00005801  BQ27Z746_Get_AvgPower_mW      
0000580d  BQ27Z746_Get_BatteryStatus    
00005819  BQ27Z746_Get_Current_mA       
00005825  BQ27Z746_Get_CycleCount       
00005831  BQ27Z746_Get_FullChargeCap_mAh
0000583d  BQ27Z746_Get_InternalTemp_C   
00005849  BQ27Z746_Get_RemainingCap_mAh 
00005855  BQ27Z746_Get_SOC_pct          
00005861  BQ27Z746_Get_StateOfHealth_pct
0000586d  BQ27Z746_Get_Temperature_C    
00005879  BQ27Z746_Get_TimeToEmpty_min  
00005885  BQ27Z746_Get_TimeToFull_min   
00005891  BQ27Z746_Get_Voltage_mV       
0000589d  BQ27Z746_ReadAvgCurrent_mA    
000058a9  BQ27Z746_ReadAvgPower_mW      
000058b5  BQ27Z746_ReadBatteryStatus    
000058c1  BQ27Z746_ReadCurrent_mA       
000058cd  BQ27Z746_ReadCycleCount       
000058d9  BQ27Z746_ReadFullChargeCap_mAh
000058e5  BQ27Z746_ReadRemainingCap_mAh 
000058f1  BQ27Z746_ReadSOC_pct          
000058fd  BQ27Z746_ReadStateOfHealth_pct
00005909  BQ27Z746_ReadTimeToEmpty_min  
00005915  BQ27Z746_ReadTimeToFull_min   
00005921  BQ27Z746_ReadVoltage_mV       
0000592d  __aeabi_memclr                
0000592d  __aeabi_memclr4               
0000592d  __aeabi_memclr8               
00005939  DL_Common_delayCycles         
00005985  __aeabi_errno_addr            
0000598d  __aeabi_memcpy                
0000598d  __aeabi_memcpy4               
0000598d  __aeabi_memcpy8               
00005995  abort                         
0000599a  C$$EXIT                       
0000599b  HOSTexit                      
0000599f  Reset_Handler                 
000059a3  _system_pre_init              
00005dd0  __aeabi_ctype_table_          
00005dd0  __aeabi_ctype_table_C         
00007414  __TI_Handler_Table_Base       
00007420  __TI_Handler_Table_Limit      
00007428  __TI_CINIT_Base               
00007438  __TI_CINIT_Limit              
00007438  __TI_CINIT_Warm               
20200000  __start___llvm_prf_bits       
20200000  __start___llvm_prf_cnts       
20200000  __stop___llvm_prf_bits        
20200000  __stop___llvm_prf_cnts        
20200078  UART_Buffer                   
202000b8  gSPI_0Backup                  
202000e0  gSPI_1Backup                  
20200108  gRxPacket                     
2020012a  gTxPacket                     
2020014c  stm32Spi                      
20200168  gSPI_RxPacket                 
20200178  gRxCount                      
2020017c  gRxLen                        
20200180  gTxCount                      
20200184  gTxLen                        
20200188  gI2cControllerStatus          
2020018c  gSPI_TxPacket                 
2020019c  __aeabi_errno                 
202001a8  monitor_rate                  
202001ce  bq_monitor_active             
202001cf  char_index                    
202001d0  data_received                 
202001d3  gauge_monitor_active          
202001d5  hall_monitor_active           
20207e00  __stack                       
20208000  __STACK_END                   
ffffffff  __TI_pprof_out_hndl           
ffffffff  __TI_prof_data_size           
ffffffff  __TI_prof_data_start          
ffffffff  __binit__                     
ffffffff  binit                         
UNDEFED   __mpu_init                    
UNDEFED   _system_post_cinit            

[292 symbols]
