******************************************************************************
            TI ARM Clang Linker PC v4.0.4                      
******************************************************************************
>> Linked Mon Apr 20 09:09:33 2026

OUTPUT FILE NAME:   <HW_SW_interface_CCS.out>
ENTRY POINT SYMBOL: "_c_int00_noargs"  address: 00006819


MEMORY CONFIGURATION

         name            origin    length      used     unused   attr    fill
----------------------  --------  ---------  --------  --------  ----  --------
  FLASH                 00000000   00020000  000092f8  00016d08  R  X
  SRAM                  20200000   00008000  00000400  00007c00  RW X
  BCR_CONFIG            41c00000   000000ff  00000000  000000ff  R   
  BSL_CONFIG            41c00100   00000080  00000000  00000080  R   


SEGMENT ALLOCATION MAP

run origin  load origin   length   init length attrs members
----------  ----------- ---------- ----------- ----- -------
00000000    00000000    000092f8   000092f8    r-x
  00000000    00000000    000000c0   000000c0    r-- .intvecs
  000000c0    000000c0    00006d70   00006d70    r-x .text
  00006e30    00006e30    00002480   00002480    r-- .rodata
  000092b0    000092b0    00000048   00000048    r-- .cinit
20200000    20200000    00000203   00000000    rw-
  20200000    20200000    000001b1   00000000    rw- .bss
  202001b4    202001b4    0000004f   00000000    rw- .data
20207e00    20207e00    00000200   00000000    rw-
  20207e00    20207e00    00000200   00000000    rw- .stack


SECTION ALLOCATION MAP

 output                                  attributes/
section   page    origin      length       input sections
--------  ----  ----------  ----------   ----------------
.intvecs   0    00000000    000000c0     
                  00000000    000000c0     startup_mspm0g350x_ticlang.o (.intvecs)

.text      0    000000c0    00006d70     
                  000000c0    000009d0     libc.a : _printfi.c.obj (.text:__TI_printfi)
                  00000a90    000007ac     functions.o (.text.cmd_gauge)
                  0000123c    00000580     functions.o (.text.cmd_fram)
                  000017bc    000003e4     functions.o (.text.cmd_bq)
                  00001ba0    00000344     uart.o (.text.CLI_ProcessInput)
                  00001ee4    00000340     main.o (.text.main)
                  00002224    00000250     functions.o (.text.cmd_pir_2)
                  00002474    00000220     libc.a : _printfi.c.obj (.text._pconv_a)
                  00002694    00000214     pyd1588.o (.text.PIR_readData)
                  000028a8    000001dc     libc.a : _printfi.c.obj (.text._pconv_g)
                  00002a84    000001d4     i2c.o (.text.I2C_ReadDevice)
                  00002c58    000001c0     functions.o (.text.cmd_i2cscan)
                  00002e18    00000192     libclang_rt.builtins.a : adddf3.S.obj (.text.adddf3_subdf3)
                  00002faa    00000002     startup_mspm0g350x_ticlang.o (.text.Default_Handler)
                  00002fac    0000016c     functions.o (.text.cmd_spi)
                  00003118    00000144     libc.a : strtol.c.obj (.text.strtol)
                  0000325c    0000013c            : _printfi.c.obj (.text.fcvt)
                  00003398    00000138     i2c.o (.text.I2C_WriteDevice)
                  000034d0    00000138     mb85rs.o (.text.MB85RS_Write)
                  00003608    00000120     libc.a : _printfi.c.obj (.text._pconv_e)
                  00003728    00000114     ti_msp_dl_config.o (.text.SYSCFG_DL_GPIO_init)
                  0000383c    00000110     BQ27Z7_functions.o (.text.BQ27Z746_SetUTFET_Direct)
                  0000394c    0000010c     BQ27Z7_functions.o (.text.BQ27Z746_SetTempSensorConfig)
                  00003a58    0000010c     spi_mem.o (.text.SPI_Memory_Wait)
                  00003b64    0000010c     libclang_rt.builtins.a : divdf3.S.obj (.text.__divdf3)
                  00003c70    00000100     BQ27Z7_functions.o (.text.BQ27Z746_GetSecurityMode)
                  00003d70    00000100     BQ27Z7_functions.o (.text.BQ27Z746_UpdateTelemetry)
                  00003e70    000000fc     BQ25628_functions.o (.text.BQ25628E_UpdateTelemetry)
                  00003f6c    000000fc     driverlib.a : dl_timer.o (.text.DL_Timer_initTimerMode)
                  00004068    000000f0     BQ25628_functions.o (.text.BQ25628E_Init_Default)
                  00004158    000000f0     pyd1588.o (.text.PIR_init)
                  00004248    000000f0     functions.o (.text.cmd_pwr)
                  00004338    000000ec     BQ27Z7_functions.o (.text.BQ27Z746_GetChargingStatus)
                  00004424    000000e4     i2c.o (.text.I2C_TryAddress)
                  00004508    000000e4     libclang_rt.builtins.a : muldf3.S.obj (.text.__muldf3)
                  000045ec    000000de     BQ27Z7_functions.o (.text.BQ27Z746_GetDeviceType)
                  000046ca    000000dc     BQ27Z7_functions.o (.text.BQ27Z746_GetChemID)
                  000047a6    000000dc     BQ27Z7_functions.o (.text.BQ27Z746_GetOperationStatus)
                  00004882    000000dc     BQ27Z7_functions.o (.text.BQ27Z746_GetSafetyStatus)
                  0000495e    000000d8     BQ27Z7_functions.o (.text.BQ27Z746_GetFirmwareVersion)
                  00004a36    000000d8     BQ27Z7_functions.o (.text.BQ27Z746_MAC_Read)
                  00004b0e    00000002     libclang_rt.builtins.a : aeabi_div0.c.obj (.text.__aeabi_idiv0)
                  00004b10    000000d8     libc.a : s_scalbn.c.obj (.text.scalbn)
                  00004be8    000000d8     libclang_rt.builtins.a : addsf3.S.obj (.text)
                  00004cc0    000000d0     functions.o (.text.cmd_hall)
                  00004d90    000000cc     main.o (.text.setupCLI)
                  00004e5c    000000bc     i2c.o (.text.Shared_I2C_IRQHandler)
                  00004f18    000000b8     mb85rs.o (.text.MB85RS_Read)
                  00004fd0    000000b4     pyd1588.o (.text.PIR_writeConfig)
                  00005084    000000ac     uart.o (.text.UARTReceive)
                  00005130    000000a2     libclang_rt.builtins.a : udivmoddi4.S.obj (.text)
                  000051d2    0000009a     libc.a : memcpy16.S.obj (.text:memcpy)
                  0000526c    00000090     spi_mem.o (.text.SPI_Memory_Arm)
                  000052fc    0000008c     libclang_rt.builtins.a : mulsf3.S.obj (.text.__mulsf3)
                  00005388    0000008c     libc.a : s_floorf.c.obj (.text.floorf)
                  00005414    0000000c     BQ25628_functions.o (.text.BQ25628E_Get_IBAT_mA)
                  00005420    00000088     libc.a : strcmp-armv6m.S.obj (.text:strcmp)
                  000054a8    00000080     mb85rs.o (.text.MB85RS_ReadID)
                  00005528    0000007c     ti_msp_dl_config.o (.text.SYSCFG_DL_initPower)
                  000055a4    0000007c     libc.a : copy_decompress_lzss.c.obj (.text:decompress:lzss)
                  00005620    0000007a     BQ27Z7_functions.o (.text.BQ27Z746_Unseal)
                  0000569a    00000002     libclang_rt.builtins.a : aeabi_div0.c.obj (.text.__aeabi_ldiv0)
                  0000569c    00000078     uart.o (.text.uart_printf)
                  00005714    00000074     libclang_rt.builtins.a : comparedf2.c.obj (.text.__gedf2)
                  00005788    00000070     ti_msp_dl_config.o (.text.SYSCFG_DL_UART_0_init)
                  000057f8    00000068     uart.o (.text.CLI_Tokenize)
                  00005860    00000068     ti_msp_dl_config.o (.text.SYSCFG_DL_I2C_0_init)
                  000058c8    00000068     ti_msp_dl_config.o (.text.SYSCFG_DL_I2C_1_init)
                  00005930    00000068     libclang_rt.builtins.a : comparedf2.c.obj (.text.__ledf2)
                  00005998    00000068     libc.a : s_roundf.c.obj (.text.roundf)
                  00005a00    00000066            : _printfi.c.obj (.text._mcpy)
                  00005a66    00000002     --HOLE-- [fill = 0]
                  00005a68    00000064     ti_msp_dl_config.o (.text.SYSCFG_DL_SPI_0_init)
                  00005acc    00000064     uart.o (.text.cmd_help)
                  00005b30    00000062     libclang_rt.builtins.a : aeabi_dcmp.S.obj (.text.__aeabi_dcmp)
                  00005b92    00000002     --HOLE-- [fill = 0]
                  00005b94    00000062                            : aeabi_fcmp.S.obj (.text.__aeabi_fcmp)
                  00005bf6    00000062     libc.a : memset16.S.obj (.text:memset)
                  00005c58    00000060     ti_msp_dl_config.o (.text.SYSCFG_DL_MCU_UART_1_init)
                  00005cb8    00000060     ti_msp_dl_config.o (.text.SYSCFG_DL_SPI_1_init)
                  00005d18    0000005e     driverlib.a : dl_i2c.o (.text.DL_I2C_fillControllerTXFIFO)
                  00005d76    00000002     --HOLE-- [fill = 0]
                  00005d78    0000005c     spi_master.o (.text.SPI_Controller_Arm)
                  00005dd4    0000005c     libc.a : s_frexp.c.obj (.text.frexp)
                  00005e30    0000005a     mb85rs.o (.text.MB85RS_ReadStatus)
                  00005e8a    00000058     libc.a : _ltoa.c.obj (.text.__TI_ltoa)
                  00005ee2    00000058            : _printfi.c.obj (.text._pconv_f)
                  00005f3a    00000002     --HOLE-- [fill = 0]
                  00005f3c    00000056     libclang_rt.builtins.a : aeabi_idivmod.S.obj (.text.__aeabi_idivmod)
                  00005f92    00000052     libc.a : _printfi.c.obj (.text._ecpy)
                  00005fe4    0000004c     driverlib.a : dl_dma.o (.text.DL_DMA_initChannel)
                  00006030    0000004a     BQ27Z7_functions.o (.text.BQ27Z746_GetTempConfig)
                  0000607a    00000002     --HOLE-- [fill = 0]
                  0000607c    0000004a     libclang_rt.builtins.a : fixdfsi.S.obj (.text.__fixdfsi)
                  000060c6    00000048     BQ27Z7_functions.o (.text.BQ27Z746_GetFETOptions)
                  0000610e    00000002     --HOLE-- [fill = 0]
                  00006110    00000048     driverlib.a : dl_uart.o (.text.DL_UART_init)
                  00006158    00000048     libc.a : strtok.c.obj (.text.strtok)
                  000061a0    00000044     BQ27Z7_functions.o (.text.BQ27Z746_Seal)
                  000061e4    00000044     driverlib.a : dl_spi.o (.text.DL_SPI_init)
                  00006228    00000044     ti_msp_dl_config.o (.text.SYSCFG_DL_init)
                  0000626c    00000040     ti_msp_dl_config.o (.text.SYSCFG_DL_SYSCTL_init)
                  000062ac    00000040     libclang_rt.builtins.a : aeabi_uidivmod.S.obj (.text.__aeabi_uidivmod)
                  000062ec    00000040     libc.a : atoi.c.obj (.text.atoi)
                  0000632c    00000040            : vsnprintf.c.obj (.text.vsnprintf)
                  0000636c    0000003c     uart.o (.text.CLI_RegisterCommand)
                  000063a8    0000003c     driverlib.a : dl_i2c.o (.text.DL_I2C_flushControllerTXFIFO)
                  000063e4    0000003c     libclang_rt.builtins.a : comparesf2.S.obj (.text.__gtsf2)
                  00006420    0000003c     uart.o (.text.get_UART_buffer)
                  0000645c    0000003c     libc.a : autoinit.c.obj (.text:__TI_auto_init_nobinit_nopinit)
                  00006498    0000003a     libclang_rt.builtins.a : comparesf2.S.obj (.text.__eqsf2)
                  000064d2    00000002     --HOLE-- [fill = 0]
                  000064d4    0000003a                            : muldsi3.S.obj (.text.__muldsi3)
                  0000650e    00000002     --HOLE-- [fill = 0]
                  00006510    00000038     ti_msp_dl_config.o (.text.SYSCFG_DL_TIMER_0_init)
                  00006548    00000038     libclang_rt.builtins.a : fixsfsi.S.obj (.text.__fixsfsi)
                  00006580    00000038     gauge.o (.text.gauge_read)
                  000065b8    00000038     gauge.o (.text.gauge_write)
                  000065f0    00000034     spi_master.o (.text.SPI1_IRQHandler)
                  00006624    00000030     driverlib.a : dl_i2c.o (.text.DL_I2C_flushControllerRXFIFO)
                  00006654    00000030                 : dl_uart.o (.text.DL_UART_transmitDataBlocking)
                  00006684    00000030     libc.a : _printfi.c.obj (.text._fcpy)
                  000066b4    00000030            : vsnprintf.c.obj (.text._outs)
                  000066e4    00000030     gauge.o (.text.gauge_cmd_read)
                  00006714    0000002c     BQ27Z7_functions.o (.text.BQ27Z746_Init)
                  00006740    0000002c     mb85rs.o (.text.MB85RS_Init)
                  0000676c    0000002c     spi_mem.o (.text.SPI0_IRQHandler)
                  00006798    0000002c     spi_mem.o (.text.SPI_Memory_Init)
                  000067c4    0000002c     libclang_rt.builtins.a : floatsidf.S.obj (.text.__floatsidf)
                  000067f0    00000028                            : floatunsisf.S.obj (.text.__floatunsisf)
                  00006818    00000028     libc.a : boot_cortex_m.c.obj (.text:_c_int00_noargs)
                  00006840    00000026     driverlib.a : dl_i2c.o (.text.DL_I2C_setClockConfig)
                  00006866    00000026     libc.a : strspn.c.obj (.text.strspn)
                  0000688c    00000024     BQ25628_functions.o (.text.BQ25628E_ReadReg16)
                  000068b0    00000024     BQ25628_functions.o (.text.BQ25628E_ReadReg8)
                  000068d4    00000024     BQ25628_functions.o (.text.BQ25628E_WriteReg16)
                  000068f8    00000024     spi_master.o (.text.SPI_Controller_Init)
                  0000691c    00000024     libclang_rt.builtins.a : muldi3.S.obj (.text.__muldi3)
                  00006940    00000024     libc.a : strcspn.c.obj (.text.strcspn)
                  00006964    00000022            : memccpy.c.obj (.text.memccpy)
                  00006986    00000002     --HOLE-- [fill = 0]
                  00006988    00000020     BQ25628_functions.o (.text.BQ25628E_WriteReg8)
                  000069a8    00000020     BQ27Z7_functions.o (.text.BQ27Z746_ReadInternalTemp_C)
                  000069c8    00000020     BQ27Z7_functions.o (.text.BQ27Z746_ReadTemperature_C)
                  000069e8    00000020     uart.o (.text.uart_init)
                  00006a08    0000001e     BQ27Z7_functions.o (.text.BQ27Z746_MAC_Send)
                  00006a26    00000002     --HOLE-- [fill = 0]
                  00006a28    0000001e     libclang_rt.builtins.a : ashldi3.S.obj (.text.__ashldi3)
                  00006a46    00000002     --HOLE-- [fill = 0]
                  00006a48    0000001c     driverlib.a : dl_timer.o (.text.DL_Timer_setClockConfig)
                  00006a64    0000001c     i2c.o (.text.i2c_init)
                  00006a80    00000018     ti_msp_dl_config.o (.text.SYSCFG_DL_DMA_CH0_init)
                  00006a98    00000018     ti_msp_dl_config.o (.text.SYSCFG_DL_DMA_CH1_init)
                  00006ab0    00000018     ti_msp_dl_config.o (.text.SYSCFG_DL_DMA_CH2_init)
                  00006ac8    00000018     ti_msp_dl_config.o (.text.SYSCFG_DL_DMA_CH3_init)
                  00006ae0    00000018     main.o (.text.UART0_IRQHandler)
                  00006af8    00000018     libc.a : vsnprintf.c.obj (.text._outc)
                  00006b10    00000016            : copy_zero_init.c.obj (.text:decompress:ZI:__TI_zero_init_nomemset)
                  00006b26    00000014     ti_msp_dl_config.o (.text.SYSCFG_DL_DMA_init)
                  00006b3a    00000002     --HOLE-- [fill = 0]
                  00006b3c    00000014     libclang_rt.builtins.a : aeabi_uldivmod.S.obj (.text.__aeabi_uldivmod)
                  00006b50    00000014     libc.a : _printfi.c.obj (.text.strchr)
                  00006b64    00000012     driverlib.a : dl_spi.o (.text.DL_SPI_setClockConfig)
                  00006b76    00000012                 : dl_uart.o (.text.DL_UART_setClockConfig)
                  00006b88    00000012     libc.a : copy_decompress_none.c.obj (.text:decompress:none)
                  00006b9a    00000002     --HOLE-- [fill = 0]
                  00006b9c    00000010     BQ27Z7_functions.o (.text.BQ27Z746_IsDischarging)
                  00006bac    00000010     BQ27Z7_functions.o (.text.BQ27Z746_IsFullyCharged)
                  00006bbc    00000010     BQ27Z7_functions.o (.text.BQ27Z746_IsFullyDischarged)
                  00006bcc    00000010     i2c.o (.text.I2C0_IRQHandler)
                  00006bdc    00000010     i2c.o (.text.I2C1_IRQHandler)
                  00006bec    00000010     spi_mem.o (.text.SPI_Memory_CS_Deassert)
                  00006bfc    00000010     gauge.o (.text.gauge_address)
                  00006c0c    00000010     libc.a : wcslen.c.obj (.text.wcslen)
                  00006c1c    0000000e     libclang_rt.builtins.a : aeabi_memset.S.obj (.text.__aeabi_memset)
                  00006c2a    0000000e     libc.a : _printfi.c.obj (.text.strlen)
                  00006c38    0000000c     BQ25628_functions.o (.text.BQ25628E_Get_IBUS_mA)
                  00006c44    0000000c     BQ25628_functions.o (.text.BQ25628E_Get_VBAT_mV)
                  00006c50    0000000c     BQ25628_functions.o (.text.BQ25628E_Get_VBUS_mV)
                  00006c5c    0000000c     BQ25628_functions.o (.text.BQ25628E_Get_VSYS_mV)
                  00006c68    0000000c     BQ27Z7_functions.o (.text.BQ27Z746_Get_AvgCurrent_mA)
                  00006c74    0000000c     BQ27Z7_functions.o (.text.BQ27Z746_Get_AvgPower_mW)
                  00006c80    0000000c     BQ27Z7_functions.o (.text.BQ27Z746_Get_BatteryStatus)
                  00006c8c    0000000c     BQ27Z7_functions.o (.text.BQ27Z746_Get_Current_mA)
                  00006c98    0000000c     BQ27Z7_functions.o (.text.BQ27Z746_Get_CycleCount)
                  00006ca4    0000000c     BQ27Z7_functions.o (.text.BQ27Z746_Get_FullChargeCap_mAh)
                  00006cb0    0000000c     BQ27Z7_functions.o (.text.BQ27Z746_Get_InternalTemp_C)
                  00006cbc    0000000c     BQ27Z7_functions.o (.text.BQ27Z746_Get_RemainingCap_mAh)
                  00006cc8    0000000c     BQ27Z7_functions.o (.text.BQ27Z746_Get_SOC_pct)
                  00006cd4    0000000c     BQ27Z7_functions.o (.text.BQ27Z746_Get_StateOfHealth_pct)
                  00006ce0    0000000c     BQ27Z7_functions.o (.text.BQ27Z746_Get_Temperature_C)
                  00006cec    0000000c     BQ27Z7_functions.o (.text.BQ27Z746_Get_TimeToEmpty_min)
                  00006cf8    0000000c     BQ27Z7_functions.o (.text.BQ27Z746_Get_TimeToFull_min)
                  00006d04    0000000c     BQ27Z7_functions.o (.text.BQ27Z746_Get_Voltage_mV)
                  00006d10    0000000c     BQ27Z7_functions.o (.text.BQ27Z746_ReadAvgCurrent_mA)
                  00006d1c    0000000c     BQ27Z7_functions.o (.text.BQ27Z746_ReadAvgPower_mW)
                  00006d28    0000000c     BQ27Z7_functions.o (.text.BQ27Z746_ReadBatteryStatus)
                  00006d34    0000000c     BQ27Z7_functions.o (.text.BQ27Z746_ReadCurrent_mA)
                  00006d40    0000000c     BQ27Z7_functions.o (.text.BQ27Z746_ReadCycleCount)
                  00006d4c    0000000c     BQ27Z7_functions.o (.text.BQ27Z746_ReadFullChargeCap_mAh)
                  00006d58    0000000c     BQ27Z7_functions.o (.text.BQ27Z746_ReadRemainingCap_mAh)
                  00006d64    0000000c     BQ27Z7_functions.o (.text.BQ27Z746_ReadSOC_pct)
                  00006d70    0000000c     BQ27Z7_functions.o (.text.BQ27Z746_ReadStateOfHealth_pct)
                  00006d7c    0000000c     BQ27Z7_functions.o (.text.BQ27Z746_ReadTimeToEmpty_min)
                  00006d88    0000000c     BQ27Z7_functions.o (.text.BQ27Z746_ReadTimeToFull_min)
                  00006d94    0000000c     BQ27Z7_functions.o (.text.BQ27Z746_ReadVoltage_mV)
                  00006da0    0000000c     spi_mem.o (.text.SPI_Memory_CS_Assert)
                  00006dac    0000000c     libclang_rt.builtins.a : aeabi_memset.S.obj (.text.__aeabi_memclr)
                  00006db8    0000000a     driverlib.a : dl_common.o (.text.DL_Common_delayCycles)
                  00006dc2    0000000a     libc.a : _printfi.c.obj (.text.OUTLINED_FUNCTION_0)
                  00006dcc    00000010     libclang_rt.builtins.a : adddf3.S.obj (.tramp.__aeabi_dsub.1)
                  00006ddc    0000000a     libc.a : s_roundf.c.obj (.text.OUTLINED_FUNCTION_0)
                  00006de6    00000002     --HOLE-- [fill = 0]
                  00006de8    00000010     libclang_rt.builtins.a : addsf3.S.obj (.tramp.__aeabi_fadd.1)
                  00006df8    0000000a     libc.a : _printfi.c.obj (.text.OUTLINED_FUNCTION_1)
                  00006e02    00000002     --HOLE-- [fill = 0]
                  00006e04    00000008            : aeabi_portable.c.obj (.text.__aeabi_errno_addr)
                  00006e0c    00000008     libclang_rt.builtins.a : aeabi_memcpy.S.obj (.text.__aeabi_memcpy)
                  00006e14    00000006     libc.a : exit.c.obj (.text:abort)
                  00006e1a    00000004     libsysbm.a : hostexit.c.obj (.text.HOSTexit)
                  00006e1e    00000004     startup_mspm0g350x_ticlang.o (.text.Reset_Handler)
                  00006e22    00000004     libc.a : pre_init.c.obj (.text._system_pre_init)
                  00006e26    0000000a     --HOLE-- [fill = 0]

.cinit     0    000092b0    00000048     
                  000092b0    00000024     (.cinit..data.load) [load image, compression = lzss]
                  000092d4    0000000c     (__TI_handler_table)
                  000092e0    00000008     (.cinit..bss.load) [load image, compression = zero_init]
                  000092e8    00000010     (__TI_cinit_table)

.rodata    0    00006e30    00002480     
                  00006e30    000002ec     functions.o (.rodata.str1.14660004578859228044.1)
                  0000711c    000001da     functions.o (.rodata.str1.17600609178903569978.1)
                  000072f6    00000131     functions.o (.rodata.str1.14424774467072349609.1)
                  00007427    00000009     main.o (.rodata.str1.11321157723316767883.1)
                  00007430    00000101     libc.a : aeabi_ctype.S.obj (.rodata:__aeabi_ctype_table_)
                  00007531    000000af     functions.o (.rodata.str1.10105263805998509149.1)
                  000075e0    00000046     functions.o (.rodata.str1.14754684760099289372.1)
                  00007626    00000043     functions.o (.rodata.str1.2299744636238869032.1)
                  00007669    00000041     functions.o (.rodata.str1.2344728598999326712.1)
                  000076aa    0000003c     functions.o (.rodata.str1.6596733414268854495.1)
                  000076e6    0000003b     functions.o (.rodata.str1.13405053720543497480.1)
                  00007721    0000003b     main.o (.rodata.str1.7996925722583989644.1)
                  0000775c    0000003a     functions.o (.rodata.str1.13647871663007229205.1)
                  00007796    00000036     functions.o (.rodata.str1.11740181311745255940.1)
                  000077cc    00000035     functions.o (.rodata.str1.12247701732483370762.1)
                  00007801    00000034     functions.o (.rodata.str1.11489194655681450928.1)
                  00007835    00000034     functions.o (.rodata.str1.13869735989619804122.1)
                  00007869    00000033     functions.o (.rodata.str1.14425403555696131028.1)
                  0000789c    00000032     functions.o (.rodata.str1.7162077660410253316.1)
                  000078ce    00000031     functions.o (.rodata.str1.11371842499512143921.1)
                  000078ff    00000031     main.o (.rodata.str1.16265332423659789559.1)
                  00007930    00000030     main.o (.rodata.str1.16302215771116645891.1)
                  00007960    0000002f     functions.o (.rodata.str1.11510568493784519380.1)
                  0000798f    0000002f     main.o (.rodata.str1.18227636981041470289.1)
                  000079be    0000002e     functions.o (.rodata.str1.11655743873260979083.1)
                  000079ec    0000002d     functions.o (.rodata.str1.13361924668150654931.1)
                  00007a19    0000002d     functions.o (.rodata.str1.13786467237224150958.1)
                  00007a46    0000002d     functions.o (.rodata.str1.15871961652988661611.1)
                  00007a73    0000002d     functions.o (.rodata.str1.17873271132953962449.1)
                  00007aa0    0000002d     functions.o (.rodata.str1.303947978237559523.1)
                  00007acd    0000002c     functions.o (.rodata.str1.3019495220097340546.1)
                  00007af9    0000002c     main.o (.rodata.str1.6554448696319176064.1)
                  00007b25    0000002a     functions.o (.rodata.str1.11852899632267644254.1)
                  00007b4f    0000002a     functions.o (.rodata.str1.13933329845969146692.1)
                  00007b79    0000002a     functions.o (.rodata.str1.17242831494859343374.1)
                  00007ba3    00000029     functions.o (.rodata.str1.14212890215622683485.1)
                  00007bcc    00000028     functions.o (.rodata.str1.13707145581914847747.1)
                  00007bf4    00000027     functions.o (.rodata.str1.6736404338818286726.1)
                  00007c1b    00000027     functions.o (.rodata.str1.7085808795165203043.1)
                  00007c42    00000027     main.o (.rodata.str1.9059077390166914652.1)
                  00007c69    00000026     functions.o (.rodata.str1.11596568296542930794.1)
                  00007c8f    00000026     main.o (.rodata.str1.11822182024223342093.1)
                  00007cb5    00000026     functions.o (.rodata.str1.312031595841812858.1)
                  00007cdb    00000025     main.o (.rodata.str1.11870794119293528247.1)
                  00007d00    00000025     main.o (.rodata.str1.14079361385603432444.1)
                  00007d25    00000025     functions.o (.rodata.str1.5196872854305757230.1)
                  00007d4a    00000024     functions.o (.rodata.str1.10121604327849672915.1)
                  00007d6e    00000024     main.o (.rodata.str1.10224226614597680209.1)
                  00007d92    00000024     functions.o (.rodata.str1.2298903785866919411.1)
                  00007db6    00000024     main.o (.rodata.str1.8096991282711418442.1)
                  00007dda    00000024     functions.o (.rodata.str1.831622212789273363.1)
                  00007dfe    00000023     main.o (.rodata.str1.14402440632258215044.1)
                  00007e21    00000023     uart.o (.rodata.str1.14464947116831474962.1)
                  00007e44    00000023     functions.o (.rodata.str1.3739636256912452571.1)
                  00007e67    00000023     functions.o (.rodata.str1.4088760258362988122.1)
                  00007e8a    00000023     functions.o (.rodata.str1.7723146404961276984.1)
                  00007ead    00000022     main.o (.rodata.str1.10635229749459437609.1)
                  00007ecf    00000022     functions.o (.rodata.str1.10930655922842606279.1)
                  00007ef1    00000022     functions.o (.rodata.str1.11373607083750233779.1)
                  00007f13    00000022     functions.o (.rodata.str1.11403685632016021771.1)
                  00007f35    00000022     functions.o (.rodata.str1.16614484817706633923.1)
                  00007f57    00000022     functions.o (.rodata.str1.2190941444116491765.1)
                  00007f79    00000022     functions.o (.rodata.str1.2305192595417680505.1)
                  00007f9b    00000022     main.o (.rodata.str1.2563708670032483588.1)
                  00007fbd    00000022     main.o (.rodata.str1.2597068879322958637.1)
                  00007fdf    00000022     functions.o (.rodata.str1.8841248051089024616.1)
                  00008001    00000021     functions.o (.rodata.str1.10302267126528799586.1)
                  00008022    00000021     functions.o (.rodata.str1.11345522308171243087.1)
                  00008043    00000021     functions.o (.rodata.str1.12250083639950253671.1)
                  00008064    00000021     functions.o (.rodata.str1.16726128468901222387.1)
                  00008085    00000021     functions.o (.rodata.str1.17004305802620412261.1)
                  000080a6    00000021     functions.o (.rodata.str1.18169768820860067831.1)
                  000080c7    00000021     functions.o (.rodata.str1.2216088936736676215.1)
                  000080e8    00000021     functions.o (.rodata.str1.2654337880733388962.1)
                  00008109    00000021     functions.o (.rodata.str1.3098115528246613681.1)
                  0000812a    00000021     functions.o (.rodata.str1.3322434249706281543.1)
                  0000814b    00000021     functions.o (.rodata.str1.4531601087117612729.1)
                  0000816c    00000021     functions.o (.rodata.str1.455706336395187257.1)
                  0000818d    00000021     functions.o (.rodata.str1.8430466031500812981.1)
                  000081ae    00000021     functions.o (.rodata.str1.8975528390176846916.1)
                  000081cf    00000020     functions.o (.rodata.str1.10387253022637546114.1)
                  000081ef    00000020     functions.o (.rodata.str1.10868672936327135180.1)
                  0000820f    00000020     functions.o (.rodata.str1.11488970495173820783.1)
                  0000822f    00000020     main.o (.rodata.str1.13030671760666898970.1)
                  0000824f    00000020     functions.o (.rodata.str1.14247832736261690914.1)
                  0000826f    00000020     functions.o (.rodata.str1.16499007181999684178.1)
                  0000828f    00000020     functions.o (.rodata.str1.16985884696085998545.1)
                  000082af    00000020     functions.o (.rodata.str1.17954340015018547257.1)
                  000082cf    00000020     functions.o (.rodata.str1.1879081474855052955.1)
                  000082ef    00000020     functions.o (.rodata.str1.2347775125427912132.1)
                  0000830f    00000020     functions.o (.rodata.str1.2989574447005584482.1)
                  0000832f    00000020     functions.o (.rodata.str1.9506313465773766142.1)
                  0000834f    0000001f     main.o (.rodata.str1.14112174005742061988.1)
                  0000836e    0000001f     functions.o (.rodata.str1.16977936627528246064.1)
                  0000838d    0000001f     functions.o (.rodata.str1.17524032667240931881.1)
                  000083ac    0000001f     functions.o (.rodata.str1.2090819679678785128.1)
                  000083cb    0000001f     functions.o (.rodata.str1.2618360898605671341.1)
                  000083ea    0000001f     functions.o (.rodata.str1.3741468063811768988.1)
                  00008409    0000001f     functions.o (.rodata.str1.3818782532712895722.1)
                  00008428    0000001f     functions.o (.rodata.str1.417100376825835908.1)
                  00008447    0000001f     functions.o (.rodata.str1.5293785561432609074.1)
                  00008466    0000001f     functions.o (.rodata.str1.5685701548624197313.1)
                  00008485    0000001f     functions.o (.rodata.str1.7261598007108977983.1)
                  000084a4    0000001f     functions.o (.rodata.str1.7667325258934765219.1)
                  000084c3    0000001e     functions.o (.rodata.str1.11548324711019379123.1)
                  000084e1    0000001e     functions.o (.rodata.str1.13258710136769708401.1)
                  000084ff    0000001e     functions.o (.rodata.str1.15416425971347363818.1)
                  0000851d    0000001e     functions.o (.rodata.str1.17124744513834159004.1)
                  0000853b    0000001e     functions.o (.rodata.str1.2132137826339264873.1)
                  00008559    0000001e     functions.o (.rodata.str1.2153166669032916089.1)
                  00008577    0000001e     functions.o (.rodata.str1.8276779995786722914.1)
                  00008595    0000001e     functions.o (.rodata.str1.9393216526452698668.1)
                  000085b3    0000001e     functions.o (.rodata.str1.9629253951102113371.1)
                  000085d1    0000001d     functions.o (.rodata.str1.10029850049327752681.1)
                  000085ee    0000001d     functions.o (.rodata.str1.12122565456592184258.1)
                  0000860b    0000001d     functions.o (.rodata.str1.1787322033648190911.1)
                  00008628    0000001d     functions.o (.rodata.str1.67103668184455600.1)
                  00008645    0000001c     functions.o (.rodata.str1.11158820112163685190.1)
                  00008661    0000001c     main.o (.rodata.str1.12180500075719773345.1)
                  0000867d    0000001c     functions.o (.rodata.str1.14504089057119714207.1)
                  00008699    0000001c     functions.o (.rodata.str1.17112998893623131760.1)
                  000086b5    0000001c     functions.o (.rodata.str1.17418132220924322792.1)
                  000086d1    0000001c     functions.o (.rodata.str1.1832783851567210609.1)
                  000086ed    0000001c     functions.o (.rodata.str1.2090735207208419621.1)
                  00008709    0000001c     functions.o (.rodata.str1.823074591787180899.1)
                  00008725    0000001b     functions.o (.rodata.str1.12869987097872302101.1)
                  00008740    0000001b     functions.o (.rodata.str1.13213250456124221025.1)
                  0000875b    0000001b     functions.o (.rodata.str1.15241132200125037881.1)
                  00008776    0000001b     functions.o (.rodata.str1.17669684748118727147.1)
                  00008791    0000001b     functions.o (.rodata.str1.4198453541086758413.1)
                  000087ac    0000001b     functions.o (.rodata.str1.504123949362312185.1)
                  000087c7    0000001b     functions.o (.rodata.str1.6579945242302544448.1)
                  000087e2    0000001b     functions.o (.rodata.str1.6954128830300373732.1)
                  000087fd    0000001b     functions.o (.rodata.str1.771275161403278999.1)
                  00008818    0000001b     functions.o (.rodata.str1.9586352787182320994.1)
                  00008833    0000001a     functions.o (.rodata.str1.10394495994740858438.1)
                  0000884d    0000001a     functions.o (.rodata.str1.11584461607463951922.1)
                  00008867    0000001a     functions.o (.rodata.str1.11621569494667626893.1)
                  00008881    0000001a     functions.o (.rodata.str1.12609848238114409581.1)
                  0000889b    0000001a     functions.o (.rodata.str1.13060549876486072544.1)
                  000088b5    0000001a     main.o (.rodata.str1.13782249893155712474.1)
                  000088cf    0000001a     functions.o (.rodata.str1.15914577833492633752.1)
                  000088e9    0000001a     functions.o (.rodata.str1.2872345601479061820.1)
                  00008903    0000001a     functions.o (.rodata.str1.976629323795015702.1)
                  0000891d    0000001a     functions.o (.rodata.str1.9987864939932165754.1)
                  00008937    00000019     functions.o (.rodata.str1.13529407018213730301.1)
                  00008950    00000019     functions.o (.rodata.str1.2006883888705870762.1)
                  00008969    00000019     main.o (.rodata.str1.6891813955777630061.1)
                  00008982    00000019     functions.o (.rodata.str1.9504405780896684869.1)
                  0000899b    00000001     --HOLE-- [fill = 0]
                  0000899c    00000018     ti_msp_dl_config.o (.rodata.gDMA_CH0Config)
                  000089b4    00000018     ti_msp_dl_config.o (.rodata.gDMA_CH1Config)
                  000089cc    00000018     ti_msp_dl_config.o (.rodata.gDMA_CH2Config)
                  000089e4    00000018     ti_msp_dl_config.o (.rodata.gDMA_CH3Config)
                  000089fc    00000018     functions.o (.rodata.str1.14464870060864390341.1)
                  00008a14    00000018     functions.o (.rodata.str1.14826907694073300720.1)
                  00008a2c    00000018     functions.o (.rodata.str1.15647711897633472048.1)
                  00008a44    00000018     functions.o (.rodata.str1.3544098629501009633.1)
                  00008a5c    00000018     functions.o (.rodata.str1.4307635291288551838.1)
                  00008a74    00000018     functions.o (.rodata.str1.4892436572911226530.1)
                  00008a8c    00000018     functions.o (.rodata.str1.5556253844797924259.1)
                  00008aa4    00000018     main.o (.rodata.str1.8154729771448623357.1)
                  00008abc    00000017     functions.o (.rodata.str1.11087625087312282266.1)
                  00008ad3    00000017     main.o (.rodata.str1.11121730273200050387.1)
                  00008aea    00000017     functions.o (.rodata.str1.13497160822588500659.1)
                  00008b01    00000017     functions.o (.rodata.str1.15981603964029308583.1)
                  00008b18    00000017     functions.o (.rodata.str1.17162129685140799346.1)
                  00008b2f    00000017     functions.o (.rodata.str1.1798579838546719175.1)
                  00008b46    00000017     functions.o (.rodata.str1.3107984650851015417.1)
                  00008b5d    00000017     functions.o (.rodata.str1.4144252613811081812.1)
                  00008b74    00000017     functions.o (.rodata.str1.5896414462293131170.1)
                  00008b8b    00000017     functions.o (.rodata.str1.7276749916342729794.1)
                  00008ba2    00000017     functions.o (.rodata.str1.8683587540435544184.1)
                  00008bb9    00000017     functions.o (.rodata.str1.8684894204910267454.1)
                  00008bd0    00000016     functions.o (.rodata.str1.13750405472340812261.1)
                  00008be6    00000016     functions.o (.rodata.str1.14296218639596138037.1)
                  00008bfc    00000016     functions.o (.rodata.str1.14626576299884526934.1)
                  00008c12    00000016     functions.o (.rodata.str1.1463293767001829125.1)
                  00008c28    00000016     uart.o (.rodata.str1.15503172443992438641.1)
                  00008c3e    00000016     functions.o (.rodata.str1.16113805747440866019.1)
                  00008c54    00000016     functions.o (.rodata.str1.17016031596792030868.1)
                  00008c6a    00000016     main.o (.rodata.str1.17376258722486336754.1)
                  00008c80    00000016     functions.o (.rodata.str1.1912318065655334061.1)
                  00008c96    00000016     functions.o (.rodata.str1.5117621188084071403.1)
                  00008cac    00000016     functions.o (.rodata.str1.5672502669058196221.1)
                  00008cc2    00000015     functions.o (.rodata.str1.11457859038367029433.1)
                  00008cd7    00000015     functions.o (.rodata.str1.11517924573668616356.1)
                  00008cec    00000015     functions.o (.rodata.str1.13291850131445628085.1)
                  00008d01    00000015     functions.o (.rodata.str1.13318008327193210645.1)
                  00008d16    00000015     functions.o (.rodata.str1.14079700471513303319.1)
                  00008d2b    00000015     functions.o (.rodata.str1.14779408147115502373.1)
                  00008d40    00000015     functions.o (.rodata.str1.16344480386849582482.1)
                  00008d55    00000015     functions.o (.rodata.str1.17171889877841249491.1)
                  00008d6a    00000015     functions.o (.rodata.str1.18285776561876861988.1)
                  00008d7f    00000015     main.o (.rodata.str1.2763581881760962609.1)
                  00008d94    00000015     functions.o (.rodata.str1.5514502381961403268.1)
                  00008da9    00000015     functions.o (.rodata.str1.7987950595137088371.1)
                  00008dbe    00000015     uart.o (.rodata.str1.8171864734171609186.1)
                  00008dd3    00000015     functions.o (.rodata.str1.963556741755692615.1)
                  00008de8    00000014     functions.o (.rodata..Lswitch.table.cmd_gauge)
                  00008dfc    00000014     ti_msp_dl_config.o (.rodata.gTIMER_0TimerConfig)
                  00008e10    00000014     main.o (.rodata.str1.10313062130652730376.1)
                  00008e24    00000014     functions.o (.rodata.str1.1121117191475404019.1)
                  00008e38    00000014     functions.o (.rodata.str1.16059144329163883794.1)
                  00008e4c    00000014     functions.o (.rodata.str1.4910338030008278487.1)
                  00008e60    00000014     functions.o (.rodata.str1.5905555877690922764.1)
                  00008e74    00000014     functions.o (.rodata.str1.7324634916810494498.1)
                  00008e88    00000014     functions.o (.rodata.str1.9955790773425000222.1)
                  00008e9c    00000013     functions.o (.rodata.str1.17622889657162422067.1)
                  00008eaf    00000012     functions.o (.rodata.str1.11391304066098951517.1)
                  00008ec1    00000012     main.o (.rodata.str1.3530083166107438000.1)
                  00008ed3    00000011     libc.a : _printfi.c.obj (.rodata.str1.10348868589481759720.1)
                  00008ee4    00000011            : _printfi.c.obj (.rodata.str1.15363888844622738466.1)
                  00008ef5    00000011     main.o (.rodata.str1.18092426736022315238.1)
                  00008f06    00000011     main.o (.rodata.str1.39260288392874984.1)
                  00008f17    00000011     main.o (.rodata.str1.403738606202455663.1)
                  00008f28    00000011     main.o (.rodata.str1.5043408953494467246.1)
                  00008f39    00000011     main.o (.rodata.str1.6976963560179378225.1)
                  00008f4a    00000011     functions.o (.rodata.str1.8855207564147674068.1)
                  00008f5b    00000001     --HOLE-- [fill = 0]
                  00008f5c    00000010     functions.o (.rodata..Lswitch.table.cmd_fram)
                  00008f6c    00000010     main.o (.rodata..Lswitch.table.main)
                  00008f7c    00000010     functions.o (.rodata.str1.12410864860910897959.1)
                  00008f8c    00000010     functions.o (.rodata.str1.7213520456192855849.1)
                  00008f9c    0000000f     functions.o (.rodata.str1.6405428687533244608.1)
                  00008fab    0000000f     functions.o (.rodata.str1.6783150972682750781.1)
                  00008fba    0000000e     functions.o (.rodata.str1.3274426514815924028.1)
                  00008fc8    0000000e     functions.o (.rodata.str1.6433388484108913441.1)
                  00008fd6    0000000e     main.o (.rodata.str1.8320541211001259012.1)
                  00008fe4    0000000e     functions.o (.rodata.str1.8531227236847774710.1)
                  00008ff2    0000000d     functions.o (.rodata.str1.12114497968925858118.1)
                  00008fff    0000000d     functions.o (.rodata.str1.14249227603012650231.1)
                  0000900c    0000000d     main.o (.rodata.str1.17045314124001216156.1)
                  00009019    0000000d     functions.o (.rodata.str1.9863839573043808502.1)
                  00009026    0000000c     functions.o (.rodata.str1.12082073636076449582.1)
                  00009032    0000000c     functions.o (.rodata.str1.12649739183381639352.1)
                  0000903e    0000000c     functions.o (.rodata.str1.13877888024071246384.1)
                  0000904a    0000000c     main.o (.rodata.str1.14466178792657420020.1)
                  00009056    0000000c     functions.o (.rodata.str1.17819248719987149311.1)
                  00009062    0000000c     functions.o (.rodata.str1.204082772225115829.1)
                  0000906e    0000000c     functions.o (.rodata.str1.2128294674425382420.1)
                  0000907a    0000000b     main.o (.rodata.str1.16631870348416990953.1)
                  00009085    0000000b     functions.o (.rodata.str1.4040450050525152614.1)
                  00009090    0000000b     functions.o (.rodata.str1.5574861860302912700.1)
                  0000909b    0000000b     functions.o (.rodata.str1.6500671132244866452.1)
                  000090a6    0000000b     functions.o (.rodata.str1.7684438339927393593.1)
                  000090b1    00000001     --HOLE-- [fill = 0]
                  000090b2    0000000a     ti_msp_dl_config.o (.rodata.gMCU_UART_1Config)
                  000090bc    0000000a     ti_msp_dl_config.o (.rodata.gSPI_0_config)
                  000090c6    0000000a     ti_msp_dl_config.o (.rodata.gSPI_1_config)
                  000090d0    0000000a     ti_msp_dl_config.o (.rodata.gUART_0Config)
                  000090da    0000000a     functions.o (.rodata.str1.1518209179495633459.1)
                  000090e4    0000000a     main.o (.rodata.str1.2624144126699937905.1)
                  000090ee    0000000a     functions.o (.rodata.str1.9659379646541333203.1)
                  000090f8    0000000a     functions.o (.rodata.str1.9866892624350641238.1)
                  00009102    00000009     functions.o (.rodata.str1.11364996628600094536.1)
                  0000910b    00000009     functions.o (.rodata.str1.12257129677820421622.1)
                  00009114    00000009     functions.o (.rodata.str1.13225435875195226696.1)
                  0000911d    00000009     main.o (.rodata.str1.17770841602246103764.1)
                  00009126    00000009     functions.o (.rodata.str1.1810987313933839541.1)
                  0000912f    00000009     uart.o (.rodata.str1.2747995240747259486.1)
                  00009138    00000009     functions.o (.rodata.str1.5320122413559821118.1)
                  00009141    00000009     functions.o (.rodata.str1.5699953771227312792.1)
                  0000914a    00000009     functions.o (.rodata.str1.6743441520423956273.1)
                  00009153    00000009     main.o (.rodata.str1.8828068777338075035.1)
                  0000915c    00000008     main.o (.rodata.str1.10865113624938808685.1)
                  00009164    00000008     functions.o (.rodata.str1.11093425900794288272.1)
                  0000916c    00000008     functions.o (.rodata.str1.12716370140545181522.1)
                  00009174    00000008     main.o (.rodata.str1.13288086030101331538.1)
                  0000917c    00000008     functions.o (.rodata.str1.15667472894159448674.1)
                  00009184    00000008     functions.o (.rodata.str1.15927518266867229498.1)
                  0000918c    00000008     functions.o (.rodata.str1.16929425599360063401.1)
                  00009194    00000008     main.o (.rodata.str1.2846389346932560359.1)
                  0000919c    00000008     functions.o (.rodata.str1.3156050197955811031.1)
                  000091a4    00000008     functions.o (.rodata.str1.6886749528440134913.1)
                  000091ac    00000007     functions.o (.rodata.str1.14125585639945481457.1)
                  000091b3    00000007     functions.o (.rodata.str1.17588442350683572369.1)
                  000091ba    00000007     functions.o (.rodata.str1.18157200286260056646.1)
                  000091c1    00000007     functions.o (.rodata.str1.2606492479815574346.1)
                  000091c8    00000007     functions.o (.rodata.str1.3123360382440319361.1)
                  000091cf    00000007     functions.o (.rodata.str1.7319270408353279736.1)
                  000091d6    00000007     main.o (.rodata.str1.8428454045432808059.1)
                  000091dd    00000006     main.o (.rodata.str1.10720410773482754683.1)
                  000091e3    00000006     functions.o (.rodata.str1.11538060877586311343.1)
                  000091e9    00000006     functions.o (.rodata.str1.16699442666505370998.1)
                  000091ef    00000006     functions.o (.rodata.str1.17144429639171527548.1)
                  000091f5    00000006     main.o (.rodata.str1.2123964117280943167.1)
                  000091fb    00000006     functions.o (.rodata.str1.389011575781332116.1)
                  00009201    00000006     functions.o (.rodata.str1.4959705119256106851.1)
                  00009207    00000006     functions.o (.rodata.str1.5352344875588335774.1)
                  0000920d    00000005     functions.o (.rodata.str1.11900037607746946141.1)
                  00009212    00000005     main.o (.rodata.str1.1311392489248731986.1)
                  00009217    00000005     functions.o (.rodata.str1.13183419841694627606.1)
                  0000921c    00000005     functions.o (.rodata.str1.14496393926573069083.1)
                  00009221    00000005     main.o (.rodata.str1.15159059442110792349.1)
                  00009226    00000005     functions.o (.rodata.str1.16757203657686794125.1)
                  0000922b    00000005     functions.o (.rodata.str1.2372479248998020874.1)
                  00009230    00000005     main.o (.rodata.str1.288608917962107522.1)
                  00009235    00000005     functions.o (.rodata.str1.2957129483359387701.1)
                  0000923a    00000005     functions.o (.rodata.str1.3066531604708884151.1)
                  0000923f    00000005     functions.o (.rodata.str1.3172367308849033862.1)
                  00009244    00000005     functions.o (.rodata.str1.4214633535407782609.1)
                  00009249    00000005     functions.o (.rodata.str1.502354497711140047.1)
                  0000924e    00000005     main.o (.rodata.str1.8108965883388295311.1)
                  00009253    00000005     functions.o (.rodata.str1.8113497073403762318.1)
                  00009258    00000004     functions.o (.rodata.str1.11296493460036947760.1)
                  0000925c    00000004     functions.o (.rodata.str1.12871985577256932554.1)
                  00009260    00000004     functions.o (.rodata.str1.1434866316927325970.1)
                  00009264    00000004     main.o (.rodata.str1.15996357275703397564.1)
                  00009268    00000004     main.o (.rodata.str1.17100691992556644108.1)
                  0000926c    00000004     functions.o (.rodata.str1.4561657886204501224.1)
                  00009270    00000004     functions.o (.rodata.str1.4930741957133989383.1)
                  00009274    00000004     functions.o (.rodata.str1.62749256631814321.1)
                  00009278    00000004     main.o (.rodata.str1.7784929982665794503.1)
                  0000927c    00000004     main.o (.rodata.str1.8076846746581808073.1)
                  00009280    00000004     functions.o (.rodata.str1.9119127971185803168.1)
                  00009284    00000003     ti_msp_dl_config.o (.rodata.gTIMER_0ClockConfig)
                  00009287    00000003     uart.o (.rodata.str1.12819099410943012003.1)
                  0000928a    00000003     functions.o (.rodata.str1.13554695696533425351.1)
                  0000928d    00000003     functions.o (.rodata.str1.18319551690001788249.1)
                  00009290    00000003     functions.o (.rodata.str1.3121139948745544124.1)
                  00009293    00000003     functions.o (.rodata.str1.7108839738911806945.1)
                  00009296    00000003     main.o (.rodata.str1.7702501944640899365.1)
                  00009299    00000002     ti_msp_dl_config.o (.rodata.gI2C_0ClockConfig)
                  0000929b    00000002     ti_msp_dl_config.o (.rodata.gI2C_1ClockConfig)
                  0000929d    00000002     ti_msp_dl_config.o (.rodata.gMCU_UART_1ClockConfig)
                  0000929f    00000002     ti_msp_dl_config.o (.rodata.gSPI_0_clockConfig)
                  000092a1    00000002     ti_msp_dl_config.o (.rodata.gSPI_1_clockConfig)
                  000092a3    00000002     ti_msp_dl_config.o (.rodata.gUART_0ClockConfig)
                  000092a5    00000002     uart.o (.rodata.str1.3510367808670815947.1)
                  000092a7    00000002     functions.o (.rodata.str1.5994875290679588583.1)
                  000092a9    00000007     --HOLE-- [fill = 0]

.init_array 
*          0    00000000    00000000     UNINITIALIZED

.binit     0    00000000    00000000     

.bss       0    20200000    000001b1     UNINITIALIZED
                  20200000    00000078     uart.o (.bss.commandList)
                  20200078    00000040     (.common:UART_Buffer)
                  202000b8    00000028     (.common:gSPI_0Backup)
                  202000e0    00000028     (.common:gSPI_1Backup)
                  20200108    00000022     (.common:gRxPacket)
                  2020012a    00000022     (.common:gTxPacket)
                  2020014c    00000020     (.common:framSpi)
                  2020016c    0000001c     (.common:stm32Spi)
                  20200188    00000010     (.common:gSPI_RxPacket)
                  20200198    00000008     (.common:fram)
                  202001a0    00000004     (.common:gRxCount)
                  202001a4    00000004     (.common:gRxLen)
                  202001a8    00000004     (.common:gTxCount)
                  202001ac    00000004     (.common:gTxLen)
                  202001b0    00000001     (.common:gI2cControllerStatus)

.data      0    202001b4    0000004f     UNINITIALIZED
                  202001b4    00000010     spi_master.o (.data.gSPI_TxPacket)
                  202001c4    00000004     libc.a : aeabi_portable.c.obj (.data.__aeabi_errno)
                  202001c8    00000004     uart.o (.data.commandCount)
                  202001cc    00000004     functions.o (.data.gPYD2.1)
                  202001d0    00000004     libc.a : strtok.c.obj (.data.last_end)
                  202001d4    00000004     main.o (.data.monitor_rate)
                  202001d8    00000002     BQ25628_functions.o (.data.g_ibat_mA)
                  202001da    00000002     BQ25628_functions.o (.data.g_ibus_mA)
                  202001dc    00000002     BQ27Z7_functions.o (.data.g_telem.0)
                  202001de    00000002     BQ27Z7_functions.o (.data.g_telem.10)
                  202001e0    00000002     BQ27Z7_functions.o (.data.g_telem.11)
                  202001e2    00000002     BQ27Z7_functions.o (.data.g_telem.12)
                  202001e4    00000002     BQ27Z7_functions.o (.data.g_telem.13)
                  202001e6    00000002     BQ27Z7_functions.o (.data.g_telem.1)
                  202001e8    00000002     BQ27Z7_functions.o (.data.g_telem.2)
                  202001ea    00000002     BQ27Z7_functions.o (.data.g_telem.4)
                  202001ec    00000002     BQ27Z7_functions.o (.data.g_telem.5)
                  202001ee    00000002     BQ27Z7_functions.o (.data.g_telem.7)
                  202001f0    00000002     BQ27Z7_functions.o (.data.g_telem.8)
                  202001f2    00000002     BQ27Z7_functions.o (.data.g_telem.9)
                  202001f4    00000002     BQ25628_functions.o (.data.g_vbat_mV)
                  202001f6    00000002     BQ25628_functions.o (.data.g_vbus_mV)
                  202001f8    00000002     BQ25628_functions.o (.data.g_vsys_mV)
                  202001fa    00000001     main.o (.data.bq_monitor_active)
                  202001fb    00000001     uart.o (.data.char_index)
                  202001fc    00000001     uart.o (.data.data_received)
                  202001fd    00000001     gauge.o (.data.g_gaugeAddr)
                  202001fe    00000001     BQ27Z7_functions.o (.data.g_telem.3)
                  202001ff    00000001     main.o (.data.gauge_monitor_active)
                  20200200    00000001     functions.o (.data.gPYD2.0)
                  20200201    00000001     main.o (.data.hall_monitor_active)
                  20200202    00000001     BQ27Z7_functions.o (.data.g_telem.6)

.stack     0    20207e00    00000200     UNINITIALIZED
                  20207e00    00000004     libc.a : boot_cortex_m.c.obj (.stack)
                  20207e04    000001fc     --HOLE--

__llvm_prf_cnts 
*          0    20200000    00000000     UNINITIALIZED

__llvm_prf_bits 
*          0    20200000    00000000     UNINITIALIZED

MODULE SUMMARY

       Module                         code    ro data   rw data
       ------                         ----    -------   -------
    .\
       functions.o                    6220    7633      13     
       main.o                         1060    1147      7      
       ti_msp_dl_config.o             1316    171       80     
       startup_mspm0g350x_ticlang.o   6       192       0      
    +--+------------------------------+-------+---------+---------+
       Total:                         8602    9143      100    
                                                               
    .\HAL\
       uart.o                         1484    92        190    
       i2c.o                          1256    0         85     
       spi_mem.o                      528     0         32     
       spi_master.o                   180     0         60     
    +--+------------------------------+-------+---------+---------+
       Total:                         3448    92        367    
                                                               
    .\ics\BQ25628\
       BQ25628_functions.o            692     0         10     
    +--+------------------------------+-------+---------+---------+
       Total:                         692     0         10     
                                                               
    .\ics\BQ27Z7\
       BQ27Z7_functions.o             3436    0         26     
       gauge.o                        176     0         1      
    +--+------------------------------+-------+---------+---------+
       Total:                         3612    0         27     
                                                               
    .\ics\EXCELITAS\
       pyd1588.o                      952     0         0      
    +--+------------------------------+-------+---------+---------+
       Total:                         952     0         0      
                                                               
    .\ics\MB85RS\
       mb85rs.o                       758     0         0      
    +--+------------------------------+-------+---------+---------+
       Total:                         758     0         0      
                                                               
    C:/ti/mspm0_sdk_2_09_00_01/source/ti/driverlib/lib/ticlang/m0p/mspm0g1x0x_g3x0x/driverlib.a
       dl_timer.o                     280     0         0      
       dl_i2c.o                       240     0         0      
       dl_uart.o                      138     0         0      
       dl_spi.o                       86      0         0      
       dl_dma.o                       76      0         0      
       dl_common.o                    10      0         0      
    +--+------------------------------+-------+---------+---------+
       Total:                         830     0         0      
                                                               
    C:\ti\ccs2031\ccs\tools\compiler\ti-cgt-armllvm_4.0.4.LTS\lib\armv6m-ti-none-eabi/c/libc.a
       _printfi.c.obj                 4510    34        0      
       strtol.c.obj                   324     0         0      
       aeabi_ctype.S.obj              0       257       0      
       s_scalbn.c.obj                 216     0         0      
       memcpy16.S.obj                 154     0         0      
       s_floorf.c.obj                 140     0         0      
       strcmp-armv6m.S.obj            136     0         0      
       vsnprintf.c.obj                136     0         0      
       copy_decompress_lzss.c.obj     124     0         0      
       s_roundf.c.obj                 114     0         0      
       memset16.S.obj                 98      0         0      
       s_frexp.c.obj                  92      0         0      
       _ltoa.c.obj                    88      0         0      
       strtok.c.obj                   72      0         4      
       atoi.c.obj                     64      0         0      
       autoinit.c.obj                 60      0         0      
       boot_cortex_m.c.obj            40      0         0      
       strspn.c.obj                   38      0         0      
       strcspn.c.obj                  36      0         0      
       memccpy.c.obj                  34      0         0      
       copy_zero_init.c.obj           22      0         0      
       copy_decompress_none.c.obj     18      0         0      
       wcslen.c.obj                   16      0         0      
       aeabi_portable.c.obj           8       0         4      
       exit.c.obj                     6       0         0      
       pre_init.c.obj                 4       0         0      
    +--+------------------------------+-------+---------+---------+
       Total:                         6550    291       8      
                                                               
    C:\ti\ccs2031\ccs\tools\compiler\ti-cgt-armllvm_4.0.4.LTS\lib\armv6m-ti-none-eabi/c/libsysbm.a
       hostexit.c.obj                 4       0         0      
    +--+------------------------------+-------+---------+---------+
       Total:                         4       0         0      
                                                               
    C:\ti\ccs2031\ccs\tools\compiler\ti-cgt-armllvm_4.0.4.LTS\lib\armv6m-ti-none-eabi/libclang_rt.builtins.a
       adddf3.S.obj                   418     0         0      
       divdf3.S.obj                   268     0         0      
       addsf3.S.obj                   232     0         0      
       muldf3.S.obj                   228     0         0      
       comparedf2.c.obj               220     0         0      
       udivmoddi4.S.obj               162     0         0      
       mulsf3.S.obj                   140     0         0      
       comparesf2.S.obj               118     0         0      
       aeabi_dcmp.S.obj               98      0         0      
       aeabi_fcmp.S.obj               98      0         0      
       aeabi_idivmod.S.obj            86      0         0      
       fixdfsi.S.obj                  74      0         0      
       aeabi_uidivmod.S.obj           64      0         0      
       muldsi3.S.obj                  58      0         0      
       fixsfsi.S.obj                  56      0         0      
       floatsidf.S.obj                44      0         0      
       floatunsisf.S.obj              40      0         0      
       muldi3.S.obj                   36      0         0      
       ashldi3.S.obj                  30      0         0      
       aeabi_memset.S.obj             26      0         0      
       aeabi_uldivmod.S.obj           20      0         0      
       aeabi_memcpy.S.obj             8       0         0      
       aeabi_div0.c.obj               4       0         0      
    +--+------------------------------+-------+---------+---------+
       Total:                         2528    0         0      
                                                               
       Stack:                         0       0         512    
       Linker Generated:              0       72        0      
    +--+------------------------------+-------+---------+---------+
       Grand Total:                   27976   9598      1024   


LINKER GENERATED COPY TABLES

__TI_cinit_table @ 000092e8 records: 2, size/record: 8, table size: 16
	.data: load addr=000092b0, load size=00000024 bytes, run addr=202001b4, run size=0000004f bytes, compression=lzss
	.bss: load addr=000092e0, load size=00000008 bytes, run addr=20200000, run size=000001b1 bytes, compression=zero_init


LINKER GENERATED HANDLER TABLE

__TI_handler_table @ 000092d4 records: 3, size/record: 4, table size: 12
	index: 0, handler: __TI_decompress_lzss
	index: 1, handler: __TI_decompress_none
	index: 2, handler: __TI_zero_init


FAR CALL TRAMPOLINES

callee name               trampoline name
   callee addr  tramp addr   call addr  call info
--------------  -----------  ---------  ----------------
__aeabi_dsub              $Tramp$TT$L$PI$$__aeabi_dsub
   00002e19     00006dcc     00006dca   libc.a : _printfi.c.obj (.text.OUTLINED_FUNCTION_0)
__aeabi_fadd              $Tramp$TT$L$PI$$__aeabi_fadd
   00004bf3     00006de8     00006de4   libc.a : s_roundf.c.obj (.text.OUTLINED_FUNCTION_0)

[2 trampolines]
[2 trampoline calls]


GLOBAL SYMBOLS: SORTED ALPHABETICALLY BY Name 

address   name                          
-------   ----                          
00002fab  ADC0_IRQHandler               
00002fab  ADC1_IRQHandler               
00002fab  AES_IRQHandler                
00005415  BQ25628E_Get_IBAT_mA          
00006c39  BQ25628E_Get_IBUS_mA          
00006c45  BQ25628E_Get_VBAT_mV          
00006c51  BQ25628E_Get_VBUS_mV          
00006c5d  BQ25628E_Get_VSYS_mV          
00004069  BQ25628E_Init_Default         
0000688d  BQ25628E_ReadReg16            
000068b1  BQ25628E_ReadReg8             
00003e71  BQ25628E_UpdateTelemetry      
000068d5  BQ25628E_WriteReg16           
00006989  BQ25628E_WriteReg8            
00004339  BQ27Z746_GetChargingStatus    
000046cb  BQ27Z746_GetChemID            
000045ed  BQ27Z746_GetDeviceType        
000060c7  BQ27Z746_GetFETOptions        
0000495f  BQ27Z746_GetFirmwareVersion   
000047a7  BQ27Z746_GetOperationStatus   
00004883  BQ27Z746_GetSafetyStatus      
00003c71  BQ27Z746_GetSecurityMode      
00006031  BQ27Z746_GetTempConfig        
00006c69  BQ27Z746_Get_AvgCurrent_mA    
00006c75  BQ27Z746_Get_AvgPower_mW      
00006c81  BQ27Z746_Get_BatteryStatus    
00006c8d  BQ27Z746_Get_Current_mA       
00006c99  BQ27Z746_Get_CycleCount       
00006ca5  BQ27Z746_Get_FullChargeCap_mAh
00006cb1  BQ27Z746_Get_InternalTemp_C   
00006cbd  BQ27Z746_Get_RemainingCap_mAh 
00006cc9  BQ27Z746_Get_SOC_pct          
00006cd5  BQ27Z746_Get_StateOfHealth_pct
00006ce1  BQ27Z746_Get_Temperature_C    
00006ced  BQ27Z746_Get_TimeToEmpty_min  
00006cf9  BQ27Z746_Get_TimeToFull_min   
00006d05  BQ27Z746_Get_Voltage_mV       
00006715  BQ27Z746_Init                 
00006b9d  BQ27Z746_IsDischarging        
00006bad  BQ27Z746_IsFullyCharged       
00006bbd  BQ27Z746_IsFullyDischarged    
00004a37  BQ27Z746_MAC_Read             
00006a09  BQ27Z746_MAC_Send             
00006d11  BQ27Z746_ReadAvgCurrent_mA    
00006d1d  BQ27Z746_ReadAvgPower_mW      
00006d29  BQ27Z746_ReadBatteryStatus    
00006d35  BQ27Z746_ReadCurrent_mA       
00006d41  BQ27Z746_ReadCycleCount       
00006d4d  BQ27Z746_ReadFullChargeCap_mAh
000069a9  BQ27Z746_ReadInternalTemp_C   
00006d59  BQ27Z746_ReadRemainingCap_mAh 
00006d65  BQ27Z746_ReadSOC_pct          
00006d71  BQ27Z746_ReadStateOfHealth_pct
000069c9  BQ27Z746_ReadTemperature_C    
00006d7d  BQ27Z746_ReadTimeToEmpty_min  
00006d89  BQ27Z746_ReadTimeToFull_min   
00006d95  BQ27Z746_ReadVoltage_mV       
000061a1  BQ27Z746_Seal                 
0000394d  BQ27Z746_SetTempSensorConfig  
0000383d  BQ27Z746_SetUTFET_Direct      
00005621  BQ27Z746_Unseal               
00003d71  BQ27Z746_UpdateTelemetry      
00006e1a  C$$EXIT                       
00002fab  CANFD0_IRQHandler             
00001ba1  CLI_ProcessInput              
0000636d  CLI_RegisterCommand           
000057f9  CLI_Tokenize                  
00002fab  DAC0_IRQHandler               
00006db9  DL_Common_delayCycles         
00005fe5  DL_DMA_initChannel            
00005d19  DL_I2C_fillControllerTXFIFO   
00006625  DL_I2C_flushControllerRXFIFO  
000063a9  DL_I2C_flushControllerTXFIFO  
00006841  DL_I2C_setClockConfig         
000061e5  DL_SPI_init                   
00006b65  DL_SPI_setClockConfig         
00003f6d  DL_Timer_initTimerMode        
00006a49  DL_Timer_setClockConfig       
00006111  DL_UART_init                  
00006b77  DL_UART_setClockConfig        
00006655  DL_UART_transmitDataBlocking  
00002fab  DMA_IRQHandler                
00002fab  Default_Handler               
00002fab  GROUP0_IRQHandler             
00002fab  GROUP1_IRQHandler             
00006e1b  HOSTexit                      
00002fab  HardFault_Handler             
00006bcd  I2C0_IRQHandler               
00006bdd  I2C1_IRQHandler               
00002a85  I2C_ReadDevice                
00004425  I2C_TryAddress                
00003399  I2C_WriteDevice               
00006741  MB85RS_Init                   
00004f19  MB85RS_Read                   
000054a9  MB85RS_ReadID                 
00005e31  MB85RS_ReadStatus             
000034d1  MB85RS_Write                  
00002fab  NMI_Handler                   
00004159  PIR_init                      
00002695  PIR_readData                  
00004fd1  PIR_writeConfig               
00002fab  PendSV_Handler                
00002fab  RTC_IRQHandler                
00006e1f  Reset_Handler                 
0000676d  SPI0_IRQHandler               
000065f1  SPI1_IRQHandler               
00005d79  SPI_Controller_Arm            
000068f9  SPI_Controller_Init           
0000526d  SPI_Memory_Arm                
00006da1  SPI_Memory_CS_Assert          
00006bed  SPI_Memory_CS_Deassert        
00006799  SPI_Memory_Init               
00003a59  SPI_Memory_Wait               
00002fab  SVC_Handler                   
00006a81  SYSCFG_DL_DMA_CH0_init        
00006a99  SYSCFG_DL_DMA_CH1_init        
00006ab1  SYSCFG_DL_DMA_CH2_init        
00006ac9  SYSCFG_DL_DMA_CH3_init        
00006b27  SYSCFG_DL_DMA_init            
00003729  SYSCFG_DL_GPIO_init           
00005861  SYSCFG_DL_I2C_0_init          
000058c9  SYSCFG_DL_I2C_1_init          
00005c59  SYSCFG_DL_MCU_UART_1_init     
00005a69  SYSCFG_DL_SPI_0_init          
00005cb9  SYSCFG_DL_SPI_1_init          
0000626d  SYSCFG_DL_SYSCTL_init         
00006511  SYSCFG_DL_TIMER_0_init        
00005789  SYSCFG_DL_UART_0_init         
00006229  SYSCFG_DL_init                
00005529  SYSCFG_DL_initPower           
00004e5d  Shared_I2C_IRQHandler         
00002fab  SysTick_Handler               
00002fab  TIMA0_IRQHandler              
00002fab  TIMA1_IRQHandler              
00002fab  TIMG0_IRQHandler              
00002fab  TIMG12_IRQHandler             
00002fab  TIMG6_IRQHandler              
00002fab  TIMG7_IRQHandler              
00002fab  TIMG8_IRQHandler              
00006ae1  UART0_IRQHandler              
00002fab  UART1_IRQHandler              
00002fab  UART2_IRQHandler              
00002fab  UART3_IRQHandler              
00005085  UARTReceive                   
20200078  UART_Buffer                   
20208000  __STACK_END                   
00000200  __STACK_SIZE                  
00000000  __TI_ATRegion0_region_sz      
00000000  __TI_ATRegion0_src_addr       
00000000  __TI_ATRegion0_trg_addr       
00000000  __TI_ATRegion1_region_sz      
00000000  __TI_ATRegion1_src_addr       
00000000  __TI_ATRegion1_trg_addr       
00000000  __TI_ATRegion2_region_sz      
00000000  __TI_ATRegion2_src_addr       
00000000  __TI_ATRegion2_trg_addr       
000092e8  __TI_CINIT_Base               
000092f8  __TI_CINIT_Limit              
000092f8  __TI_CINIT_Warm               
000092d4  __TI_Handler_Table_Base       
000092e0  __TI_Handler_Table_Limit      
0000645d  __TI_auto_init_nobinit_nopinit
000055a5  __TI_decompress_lzss          
00006b89  __TI_decompress_none          
00005e8b  __TI_ltoa                     
ffffffff  __TI_pprof_out_hndl           
000000c1  __TI_printfi                  
ffffffff  __TI_prof_data_size           
ffffffff  __TI_prof_data_start          
00000000  __TI_static_base__            
00006b11  __TI_zero_init_nomemset       
00002e23  __adddf3                      
00004bf3  __addsf3                      
00007430  __aeabi_ctype_table_          
00007430  __aeabi_ctype_table_C         
0000607d  __aeabi_d2iz                  
00002e23  __aeabi_dadd                  
00005b31  __aeabi_dcmpeq                
00005b6d  __aeabi_dcmpge                
00005b81  __aeabi_dcmpgt                
00005b59  __aeabi_dcmple                
00005b45  __aeabi_dcmplt                
00003b65  __aeabi_ddiv                  
00004509  __aeabi_dmul                  
00002e19  __aeabi_dsub                  
202001c4  __aeabi_errno                 
00006e05  __aeabi_errno_addr            
00006549  __aeabi_f2iz                  
00004bf3  __aeabi_fadd                  
00005b95  __aeabi_fcmpeq                
00005bd1  __aeabi_fcmpge                
00005be5  __aeabi_fcmpgt                
00005bbd  __aeabi_fcmple                
00005ba9  __aeabi_fcmplt                
000052fd  __aeabi_fmul                  
00004be9  __aeabi_fsub                  
000067c5  __aeabi_i2d                   
00005f3d  __aeabi_idiv                  
00004b0f  __aeabi_idiv0                 
00005f3d  __aeabi_idivmod               
0000569b  __aeabi_ldiv0                 
00006a29  __aeabi_llsl                  
0000691d  __aeabi_lmul                  
00006dad  __aeabi_memclr                
00006dad  __aeabi_memclr4               
00006dad  __aeabi_memclr8               
00006e0d  __aeabi_memcpy                
00006e0d  __aeabi_memcpy4               
00006e0d  __aeabi_memcpy8               
00006c1d  __aeabi_memset                
00006c1d  __aeabi_memset4               
00006c1d  __aeabi_memset8               
000067f1  __aeabi_ui2f                  
000062ad  __aeabi_uidiv                 
000062ad  __aeabi_uidivmod              
00006b3d  __aeabi_uldivmod              
00006a29  __ashldi3                     
ffffffff  __binit__                     
00005931  __cmpdf2                      
00006499  __cmpsf2                      
00003b65  __divdf3                      
00005931  __eqdf2                       
00006499  __eqsf2                       
0000607d  __fixdfsi                     
00006549  __fixsfsi                     
000067c5  __floatsidf                   
000067f1  __floatunsisf                 
00005715  __gedf2                       
000063e5  __gesf2                       
00005715  __gtdf2                       
000063e5  __gtsf2                       
00005931  __ledf2                       
00006499  __lesf2                       
00005931  __ltdf2                       
00006499  __ltsf2                       
UNDEFED   __mpu_init                    
00004509  __muldf3                      
0000691d  __muldi3                      
000064d5  __muldsi3                     
000052fd  __mulsf3                      
00005931  __nedf2                       
00006499  __nesf2                       
20207e00  __stack                       
20200000  __start___llvm_prf_bits       
20200000  __start___llvm_prf_cnts       
20200000  __stop___llvm_prf_bits        
20200000  __stop___llvm_prf_cnts        
00002e19  __subdf3                      
00004be9  __subsf3                      
00005131  __udivmoddi4                  
00006819  _c_int00_noargs               
UNDEFED   _system_post_cinit            
00006e23  _system_pre_init              
00006e15  abort                         
000062ed  atoi                          
ffffffff  binit                         
202001fa  bq_monitor_active             
202001fb  char_index                    
000017bd  cmd_bq                        
0000123d  cmd_fram                      
00000a91  cmd_gauge                     
00004cc1  cmd_hall                      
00005acd  cmd_help                      
00002c59  cmd_i2cscan                   
00002225  cmd_pir_2                     
00004249  cmd_pwr                       
00002fad  cmd_spi                       
202001fc  data_received                 
00005389  floorf                        
20200198  fram                          
2020014c  framSpi                       
00005dd5  frexp                         
00005dd5  frexpl                        
202001b0  gI2cControllerStatus          
202001a0  gRxCount                      
202001a4  gRxLen                        
20200108  gRxPacket                     
202000b8  gSPI_0Backup                  
202000e0  gSPI_1Backup                  
20200188  gSPI_RxPacket                 
202001b4  gSPI_TxPacket                 
202001a8  gTxCount                      
202001ac  gTxLen                        
2020012a  gTxPacket                     
00006bfd  gauge_address                 
000066e5  gauge_cmd_read                
202001ff  gauge_monitor_active          
00006581  gauge_read                    
000065b9  gauge_write                   
00006421  get_UART_buffer               
20200201  hall_monitor_active           
00006a65  i2c_init                      
00000000  interruptVectors              
00004b11  ldexp                         
00004b11  ldexpl                        
00001ee5  main                          
00006965  memccpy                       
000051d3  memcpy                        
00005bf7  memset                        
202001d4  monitor_rate                  
00005999  roundf                        
00004b11  scalbn                        
00004b11  scalbnl                       
00004d91  setupCLI                      
2020016c  stm32Spi                      
00005421  strcmp                        
00006941  strcspn                       
00006867  strspn                        
00006159  strtok                        
00003119  strtol                        
000069e9  uart_init                     
0000569d  uart_printf                   
0000632d  vsnprintf                     
00006c0d  wcslen                        


GLOBAL SYMBOLS: SORTED BY Symbol Address 

address   name                          
-------   ----                          
00000000  __TI_ATRegion0_region_sz      
00000000  __TI_ATRegion0_src_addr       
00000000  __TI_ATRegion0_trg_addr       
00000000  __TI_ATRegion1_region_sz      
00000000  __TI_ATRegion1_src_addr       
00000000  __TI_ATRegion1_trg_addr       
00000000  __TI_ATRegion2_region_sz      
00000000  __TI_ATRegion2_src_addr       
00000000  __TI_ATRegion2_trg_addr       
00000000  __TI_static_base__            
00000000  interruptVectors              
000000c1  __TI_printfi                  
00000200  __STACK_SIZE                  
00000a91  cmd_gauge                     
0000123d  cmd_fram                      
000017bd  cmd_bq                        
00001ba1  CLI_ProcessInput              
00001ee5  main                          
00002225  cmd_pir_2                     
00002695  PIR_readData                  
00002a85  I2C_ReadDevice                
00002c59  cmd_i2cscan                   
00002e19  __aeabi_dsub                  
00002e19  __subdf3                      
00002e23  __adddf3                      
00002e23  __aeabi_dadd                  
00002fab  ADC0_IRQHandler               
00002fab  ADC1_IRQHandler               
00002fab  AES_IRQHandler                
00002fab  CANFD0_IRQHandler             
00002fab  DAC0_IRQHandler               
00002fab  DMA_IRQHandler                
00002fab  Default_Handler               
00002fab  GROUP0_IRQHandler             
00002fab  GROUP1_IRQHandler             
00002fab  HardFault_Handler             
00002fab  NMI_Handler                   
00002fab  PendSV_Handler                
00002fab  RTC_IRQHandler                
00002fab  SVC_Handler                   
00002fab  SysTick_Handler               
00002fab  TIMA0_IRQHandler              
00002fab  TIMA1_IRQHandler              
00002fab  TIMG0_IRQHandler              
00002fab  TIMG12_IRQHandler             
00002fab  TIMG6_IRQHandler              
00002fab  TIMG7_IRQHandler              
00002fab  TIMG8_IRQHandler              
00002fab  UART1_IRQHandler              
00002fab  UART2_IRQHandler              
00002fab  UART3_IRQHandler              
00002fad  cmd_spi                       
00003119  strtol                        
00003399  I2C_WriteDevice               
000034d1  MB85RS_Write                  
00003729  SYSCFG_DL_GPIO_init           
0000383d  BQ27Z746_SetUTFET_Direct      
0000394d  BQ27Z746_SetTempSensorConfig  
00003a59  SPI_Memory_Wait               
00003b65  __aeabi_ddiv                  
00003b65  __divdf3                      
00003c71  BQ27Z746_GetSecurityMode      
00003d71  BQ27Z746_UpdateTelemetry      
00003e71  BQ25628E_UpdateTelemetry      
00003f6d  DL_Timer_initTimerMode        
00004069  BQ25628E_Init_Default         
00004159  PIR_init                      
00004249  cmd_pwr                       
00004339  BQ27Z746_GetChargingStatus    
00004425  I2C_TryAddress                
00004509  __aeabi_dmul                  
00004509  __muldf3                      
000045ed  BQ27Z746_GetDeviceType        
000046cb  BQ27Z746_GetChemID            
000047a7  BQ27Z746_GetOperationStatus   
00004883  BQ27Z746_GetSafetyStatus      
0000495f  BQ27Z746_GetFirmwareVersion   
00004a37  BQ27Z746_MAC_Read             
00004b0f  __aeabi_idiv0                 
00004b11  ldexp                         
00004b11  ldexpl                        
00004b11  scalbn                        
00004b11  scalbnl                       
00004be9  __aeabi_fsub                  
00004be9  __subsf3                      
00004bf3  __addsf3                      
00004bf3  __aeabi_fadd                  
00004cc1  cmd_hall                      
00004d91  setupCLI                      
00004e5d  Shared_I2C_IRQHandler         
00004f19  MB85RS_Read                   
00004fd1  PIR_writeConfig               
00005085  UARTReceive                   
00005131  __udivmoddi4                  
000051d3  memcpy                        
0000526d  SPI_Memory_Arm                
000052fd  __aeabi_fmul                  
000052fd  __mulsf3                      
00005389  floorf                        
00005415  BQ25628E_Get_IBAT_mA          
00005421  strcmp                        
000054a9  MB85RS_ReadID                 
00005529  SYSCFG_DL_initPower           
000055a5  __TI_decompress_lzss          
00005621  BQ27Z746_Unseal               
0000569b  __aeabi_ldiv0                 
0000569d  uart_printf                   
00005715  __gedf2                       
00005715  __gtdf2                       
00005789  SYSCFG_DL_UART_0_init         
000057f9  CLI_Tokenize                  
00005861  SYSCFG_DL_I2C_0_init          
000058c9  SYSCFG_DL_I2C_1_init          
00005931  __cmpdf2                      
00005931  __eqdf2                       
00005931  __ledf2                       
00005931  __ltdf2                       
00005931  __nedf2                       
00005999  roundf                        
00005a69  SYSCFG_DL_SPI_0_init          
00005acd  cmd_help                      
00005b31  __aeabi_dcmpeq                
00005b45  __aeabi_dcmplt                
00005b59  __aeabi_dcmple                
00005b6d  __aeabi_dcmpge                
00005b81  __aeabi_dcmpgt                
00005b95  __aeabi_fcmpeq                
00005ba9  __aeabi_fcmplt                
00005bbd  __aeabi_fcmple                
00005bd1  __aeabi_fcmpge                
00005be5  __aeabi_fcmpgt                
00005bf7  memset                        
00005c59  SYSCFG_DL_MCU_UART_1_init     
00005cb9  SYSCFG_DL_SPI_1_init          
00005d19  DL_I2C_fillControllerTXFIFO   
00005d79  SPI_Controller_Arm            
00005dd5  frexp                         
00005dd5  frexpl                        
00005e31  MB85RS_ReadStatus             
00005e8b  __TI_ltoa                     
00005f3d  __aeabi_idiv                  
00005f3d  __aeabi_idivmod               
00005fe5  DL_DMA_initChannel            
00006031  BQ27Z746_GetTempConfig        
0000607d  __aeabi_d2iz                  
0000607d  __fixdfsi                     
000060c7  BQ27Z746_GetFETOptions        
00006111  DL_UART_init                  
00006159  strtok                        
000061a1  BQ27Z746_Seal                 
000061e5  DL_SPI_init                   
00006229  SYSCFG_DL_init                
0000626d  SYSCFG_DL_SYSCTL_init         
000062ad  __aeabi_uidiv                 
000062ad  __aeabi_uidivmod              
000062ed  atoi                          
0000632d  vsnprintf                     
0000636d  CLI_RegisterCommand           
000063a9  DL_I2C_flushControllerTXFIFO  
000063e5  __gesf2                       
000063e5  __gtsf2                       
00006421  get_UART_buffer               
0000645d  __TI_auto_init_nobinit_nopinit
00006499  __cmpsf2                      
00006499  __eqsf2                       
00006499  __lesf2                       
00006499  __ltsf2                       
00006499  __nesf2                       
000064d5  __muldsi3                     
00006511  SYSCFG_DL_TIMER_0_init        
00006549  __aeabi_f2iz                  
00006549  __fixsfsi                     
00006581  gauge_read                    
000065b9  gauge_write                   
000065f1  SPI1_IRQHandler               
00006625  DL_I2C_flushControllerRXFIFO  
00006655  DL_UART_transmitDataBlocking  
000066e5  gauge_cmd_read                
00006715  BQ27Z746_Init                 
00006741  MB85RS_Init                   
0000676d  SPI0_IRQHandler               
00006799  SPI_Memory_Init               
000067c5  __aeabi_i2d                   
000067c5  __floatsidf                   
000067f1  __aeabi_ui2f                  
000067f1  __floatunsisf                 
00006819  _c_int00_noargs               
00006841  DL_I2C_setClockConfig         
00006867  strspn                        
0000688d  BQ25628E_ReadReg16            
000068b1  BQ25628E_ReadReg8             
000068d5  BQ25628E_WriteReg16           
000068f9  SPI_Controller_Init           
0000691d  __aeabi_lmul                  
0000691d  __muldi3                      
00006941  strcspn                       
00006965  memccpy                       
00006989  BQ25628E_WriteReg8            
000069a9  BQ27Z746_ReadInternalTemp_C   
000069c9  BQ27Z746_ReadTemperature_C    
000069e9  uart_init                     
00006a09  BQ27Z746_MAC_Send             
00006a29  __aeabi_llsl                  
00006a29  __ashldi3                     
00006a49  DL_Timer_setClockConfig       
00006a65  i2c_init                      
00006a81  SYSCFG_DL_DMA_CH0_init        
00006a99  SYSCFG_DL_DMA_CH1_init        
00006ab1  SYSCFG_DL_DMA_CH2_init        
00006ac9  SYSCFG_DL_DMA_CH3_init        
00006ae1  UART0_IRQHandler              
00006b11  __TI_zero_init_nomemset       
00006b27  SYSCFG_DL_DMA_init            
00006b3d  __aeabi_uldivmod              
00006b65  DL_SPI_setClockConfig         
00006b77  DL_UART_setClockConfig        
00006b89  __TI_decompress_none          
00006b9d  BQ27Z746_IsDischarging        
00006bad  BQ27Z746_IsFullyCharged       
00006bbd  BQ27Z746_IsFullyDischarged    
00006bcd  I2C0_IRQHandler               
00006bdd  I2C1_IRQHandler               
00006bed  SPI_Memory_CS_Deassert        
00006bfd  gauge_address                 
00006c0d  wcslen                        
00006c1d  __aeabi_memset                
00006c1d  __aeabi_memset4               
00006c1d  __aeabi_memset8               
00006c39  BQ25628E_Get_IBUS_mA          
00006c45  BQ25628E_Get_VBAT_mV          
00006c51  BQ25628E_Get_VBUS_mV          
00006c5d  BQ25628E_Get_VSYS_mV          
00006c69  BQ27Z746_Get_AvgCurrent_mA    
00006c75  BQ27Z746_Get_AvgPower_mW      
00006c81  BQ27Z746_Get_BatteryStatus    
00006c8d  BQ27Z746_Get_Current_mA       
00006c99  BQ27Z746_Get_CycleCount       
00006ca5  BQ27Z746_Get_FullChargeCap_mAh
00006cb1  BQ27Z746_Get_InternalTemp_C   
00006cbd  BQ27Z746_Get_RemainingCap_mAh 
00006cc9  BQ27Z746_Get_SOC_pct          
00006cd5  BQ27Z746_Get_StateOfHealth_pct
00006ce1  BQ27Z746_Get_Temperature_C    
00006ced  BQ27Z746_Get_TimeToEmpty_min  
00006cf9  BQ27Z746_Get_TimeToFull_min   
00006d05  BQ27Z746_Get_Voltage_mV       
00006d11  BQ27Z746_ReadAvgCurrent_mA    
00006d1d  BQ27Z746_ReadAvgPower_mW      
00006d29  BQ27Z746_ReadBatteryStatus    
00006d35  BQ27Z746_ReadCurrent_mA       
00006d41  BQ27Z746_ReadCycleCount       
00006d4d  BQ27Z746_ReadFullChargeCap_mAh
00006d59  BQ27Z746_ReadRemainingCap_mAh 
00006d65  BQ27Z746_ReadSOC_pct          
00006d71  BQ27Z746_ReadStateOfHealth_pct
00006d7d  BQ27Z746_ReadTimeToEmpty_min  
00006d89  BQ27Z746_ReadTimeToFull_min   
00006d95  BQ27Z746_ReadVoltage_mV       
00006da1  SPI_Memory_CS_Assert          
00006dad  __aeabi_memclr                
00006dad  __aeabi_memclr4               
00006dad  __aeabi_memclr8               
00006db9  DL_Common_delayCycles         
00006e05  __aeabi_errno_addr            
00006e0d  __aeabi_memcpy                
00006e0d  __aeabi_memcpy4               
00006e0d  __aeabi_memcpy8               
00006e15  abort                         
00006e1a  C$$EXIT                       
00006e1b  HOSTexit                      
00006e1f  Reset_Handler                 
00006e23  _system_pre_init              
00007430  __aeabi_ctype_table_          
00007430  __aeabi_ctype_table_C         
000092d4  __TI_Handler_Table_Base       
000092e0  __TI_Handler_Table_Limit      
000092e8  __TI_CINIT_Base               
000092f8  __TI_CINIT_Limit              
000092f8  __TI_CINIT_Warm               
20200000  __start___llvm_prf_bits       
20200000  __start___llvm_prf_cnts       
20200000  __stop___llvm_prf_bits        
20200000  __stop___llvm_prf_cnts        
20200078  UART_Buffer                   
202000b8  gSPI_0Backup                  
202000e0  gSPI_1Backup                  
20200108  gRxPacket                     
2020012a  gTxPacket                     
2020014c  framSpi                       
2020016c  stm32Spi                      
20200188  gSPI_RxPacket                 
20200198  fram                          
202001a0  gRxCount                      
202001a4  gRxLen                        
202001a8  gTxCount                      
202001ac  gTxLen                        
202001b0  gI2cControllerStatus          
202001b4  gSPI_TxPacket                 
202001c4  __aeabi_errno                 
202001d4  monitor_rate                  
202001fa  bq_monitor_active             
202001fb  char_index                    
202001fc  data_received                 
202001ff  gauge_monitor_active          
20200201  hall_monitor_active           
20207e00  __stack                       
20208000  __STACK_END                   
ffffffff  __TI_pprof_out_hndl           
ffffffff  __TI_prof_data_size           
ffffffff  __TI_prof_data_start          
ffffffff  __binit__                     
ffffffff  binit                         
UNDEFED   __mpu_init                    
UNDEFED   _system_post_cinit            

[314 symbols]
