******************************************************************************
            TI ARM Clang Linker PC v4.0.4                      
******************************************************************************
>> Linked Sun Mar 29 12:16:56 2026

OUTPUT FILE NAME:   <HW_SW_interface_CCS.out>
ENTRY POINT SYMBOL: "_c_int00_noargs"  address: 00006875


MEMORY CONFIGURATION

         name            origin    length      used     unused   attr    fill
----------------------  --------  ---------  --------  --------  ----  --------
  FLASH                 00000000   00020000  000096d0  00016930  R  X
  SRAM                  20200000   00008000  000007ac  00007854  RW X
  BCR_CONFIG            41c00000   000000ff  00000000  000000ff  R   
  BSL_CONFIG            41c00100   00000080  00000000  00000080  R   


SEGMENT ALLOCATION MAP

run origin  load origin   length   init length attrs members
----------  ----------- ---------- ----------- ----- -------
00000000    00000000    000096d0   000096d0    r-x
  00000000    00000000    000000c0   000000c0    r-- .intvecs
  000000c0    000000c0    00006e50   00006e50    r-x .text
  00006f10    00006f10    000025e0   000025e0    r-- .rodata
  000094f0    000094f0    000001e0   000001e0    r-- .cinit
20200000    20200000    000005af   00000000    rw-
  20200000    20200000    000003c9   00000000    rw- .bss
  202003cc    202003cc    000001e3   00000000    rw- .data
20207e00    20207e00    00000200   00000000    rw-
  20207e00    20207e00    00000200   00000000    rw- .stack


SECTION ALLOCATION MAP

 output                                  attributes/
section   page    origin      length       input sections
--------  ----  ----------  ----------   ----------------
.intvecs   0    00000000    000000c0     
                  00000000    000000c0     startup_mspm0g350x_ticlang.o (.intvecs)

.text      0    000000c0    00006e50     
                  000000c0    000009d0     libc.a : _printfi.c.obj (.text:__TI_printfi)
                  00000a90    000007ac     functions.o (.text.cmd_gauge)
                  0000123c    00000580     functions.o (.text.cmd_fram)
                  000017bc    000003e4     functions.o (.text.cmd_bq)
                  00001ba0    0000039c     main.o (.text.main)
                  00001f3c    00000344     uart.o (.text.CLI_ProcessInput)
                  00002280    00000220     libc.a : _printfi.c.obj (.text._pconv_a)
                  000024a0    000001dc            : _printfi.c.obj (.text._pconv_g)
                  0000267c    000001d4     i2c.o (.text.I2C_ReadDevice)
                  00002850    000001c0     functions.o (.text.cmd_i2cscan)
                  00002a10    00000192     libclang_rt.builtins.a : adddf3.S.obj (.text.adddf3_subdf3)
                  00002ba2    00000002     startup_mspm0g350x_ticlang.o (.text.Default_Handler)
                  00002ba4    0000016c     functions.o (.text.cmd_spi)
                  00002d10    00000144     libc.a : strtol.c.obj (.text.strtol)
                  00002e54    0000013c     ti_msp_dl_config.o (.text.SYSCFG_DL_GPIO_init)
                  00002f90    0000013c     libc.a : _printfi.c.obj (.text.fcvt)
                  000030cc    00000138     i2c.o (.text.I2C_WriteDevice)
                  00003204    00000138     mb85rs.o (.text.MB85RS_Write)
                  0000333c    00000120     libc.a : _printfi.c.obj (.text._pconv_e)
                  0000345c    00000120     functions.o (.text.cmd_leds)
                  0000357c    00000110     BQ27Z7_functions.o (.text.BQ27Z746_SetUTFET_Direct)
                  0000368c    0000010c     BQ27Z7_functions.o (.text.BQ27Z746_SetTempSensorConfig)
                  00003798    0000010c     spi_mem.o (.text.SPI_Memory_Wait)
                  000038a4    0000010c     libclang_rt.builtins.a : divdf3.S.obj (.text.__divdf3)
                  000039b0    00000104     driverlib.a : dl_timer.o (.text.DL_Timer_initFourCCPWMMode)
                  00003ab4    00000100     BQ27Z7_functions.o (.text.BQ27Z746_GetSecurityMode)
                  00003bb4    00000100     BQ27Z7_functions.o (.text.BQ27Z746_UpdateTelemetry)
                  00003cb4    000000fc     BQ25628_functions.o (.text.BQ25628E_UpdateTelemetry)
                  00003db0    000000fc     driverlib.a : dl_timer.o (.text.DL_Timer_initTimerMode)
                  00003eac    000000f0     BQ25628_functions.o (.text.BQ25628E_Init_Default)
                  00003f9c    000000f0     functions.o (.text.cmd_pwr)
                  0000408c    000000ec     BQ27Z7_functions.o (.text.BQ27Z746_GetChargingStatus)
                  00004178    000000e4     i2c.o (.text.I2C_TryAddress)
                  0000425c    000000e4     libclang_rt.builtins.a : muldf3.S.obj (.text.__muldf3)
                  00004340    000000e0     main.o (.text.setupCLI)
                  00004420    000000de     BQ27Z7_functions.o (.text.BQ27Z746_GetDeviceType)
                  000044fe    000000dc     BQ27Z7_functions.o (.text.BQ27Z746_GetChemID)
                  000045da    000000dc     BQ27Z7_functions.o (.text.BQ27Z746_GetOperationStatus)
                  000046b6    000000dc     BQ27Z7_functions.o (.text.BQ27Z746_GetSafetyStatus)
                  00004792    000000d8     BQ27Z7_functions.o (.text.BQ27Z746_GetFirmwareVersion)
                  0000486a    000000d8     BQ27Z7_functions.o (.text.BQ27Z746_MAC_Read)
                  00004942    00000002     libclang_rt.builtins.a : aeabi_div0.c.obj (.text.__aeabi_idiv0)
                  00004944    000000d8     libc.a : s_scalbn.c.obj (.text.scalbn)
                  00004a1c    000000d8     libclang_rt.builtins.a : addsf3.S.obj (.text)
                  00004af4    000000d0     functions.o (.text.cmd_hall)
                  00004bc4    000000cc     BoardAPI.o (.text.LED_control_init)
                  00004c90    000000bc     BoardAPI.o (.text.LED_set_current)
                  00004d4c    000000bc     i2c.o (.text.Shared_I2C_IRQHandler)
                  00004e08    000000b8     mb85rs.o (.text.MB85RS_Read)
                  00004ec0    000000b4     BoardAPI.o (.text.LED_set_voltage)
                  00004f74    000000ac     uart.o (.text.UARTReceive)
                  00005020    000000a2     libclang_rt.builtins.a : udivmoddi4.S.obj (.text)
                  000050c2    0000009a     libc.a : memcpy16.S.obj (.text:memcpy)
                  0000515c    00000094     ti_msp_dl_config.o (.text.SYSCFG_DL_initPower)
                  000051f0    00000090     spi_mem.o (.text.SPI_Memory_Arm)
                  00005280    0000008c     libclang_rt.builtins.a : mulsf3.S.obj (.text.__mulsf3)
                  0000530c    0000008c     libc.a : s_floorf.c.obj (.text.floorf)
                  00005398    00000008            : aeabi_portable.c.obj (.text.__aeabi_errno_addr)
                  000053a0    00000088            : strcmp-armv6m.S.obj (.text:strcmp)
                  00005428    00000080     mb85rs.o (.text.MB85RS_ReadID)
                  000054a8    0000007c     libc.a : copy_decompress_lzss.c.obj (.text:decompress:lzss)
                  00005524    0000007a     BQ27Z7_functions.o (.text.BQ27Z746_Unseal)
                  0000559e    00000002     libclang_rt.builtins.a : aeabi_div0.c.obj (.text.__aeabi_ldiv0)
                  000055a0    00000078     uart.o (.text.uart_printf)
                  00005618    00000074     libclang_rt.builtins.a : comparedf2.c.obj (.text.__gedf2)
                  0000568c    00000070     ti_msp_dl_config.o (.text.SYSCFG_DL_UART_0_init)
                  000056fc    00000068     uart.o (.text.CLI_Tokenize)
                  00005764    00000068     ti_msp_dl_config.o (.text.SYSCFG_DL_CURRENT_CONTROL_init)
                  000057cc    00000068     ti_msp_dl_config.o (.text.SYSCFG_DL_I2C_0_init)
                  00005834    00000068     ti_msp_dl_config.o (.text.SYSCFG_DL_I2C_1_init)
                  0000589c    00000068     ti_msp_dl_config.o (.text.SYSCFG_DL_VOLTAGE_CONTROL_init)
                  00005904    00000068     ti_msp_dl_config.o (.text.SYSCFG_DL_init)
                  0000596c    00000068     libclang_rt.builtins.a : comparedf2.c.obj (.text.__ledf2)
                  000059d4    00000068     libc.a : s_roundf.c.obj (.text.roundf)
                  00005a3c    00000066            : _printfi.c.obj (.text._mcpy)
                  00005aa2    00000002     --HOLE-- [fill = 0]
                  00005aa4    00000064     ti_msp_dl_config.o (.text.SYSCFG_DL_SPI_0_init)
                  00005b08    00000064     uart.o (.text.cmd_help)
                  00005b6c    00000064     functions.o (.text.cmd_pir)
                  00005bd0    00000062     libclang_rt.builtins.a : aeabi_dcmp.S.obj (.text.__aeabi_dcmp)
                  00005c32    00000002     --HOLE-- [fill = 0]
                  00005c34    00000062                            : aeabi_fcmp.S.obj (.text.__aeabi_fcmp)
                  00005c96    00000062     libc.a : memset16.S.obj (.text:memset)
                  00005cf8    00000060     ti_msp_dl_config.o (.text.SYSCFG_DL_MCU_UART_1_init)
                  00005d58    00000060     ti_msp_dl_config.o (.text.SYSCFG_DL_SPI_1_init)
                  00005db8    0000005e     driverlib.a : dl_i2c.o (.text.DL_I2C_fillControllerTXFIFO)
                  00005e16    00000002     --HOLE-- [fill = 0]
                  00005e18    0000005c     spi_master.o (.text.SPI_Controller_Arm)
                  00005e74    0000005c     libc.a : s_frexp.c.obj (.text.frexp)
                  00005ed0    0000005a     mb85rs.o (.text.MB85RS_ReadStatus)
                  00005f2a    00000058     libc.a : _ltoa.c.obj (.text.__TI_ltoa)
                  00005f82    00000058            : _printfi.c.obj (.text._pconv_f)
                  00005fda    00000002     --HOLE-- [fill = 0]
                  00005fdc    00000056     libclang_rt.builtins.a : aeabi_idivmod.S.obj (.text.__aeabi_idivmod)
                  00006032    00000052     libc.a : _printfi.c.obj (.text._ecpy)
                  00006084    0000004c     driverlib.a : dl_dma.o (.text.DL_DMA_initChannel)
                  000060d0    0000004a     BQ27Z7_functions.o (.text.BQ27Z746_GetTempConfig)
                  0000611a    00000002     --HOLE-- [fill = 0]
                  0000611c    0000004a     libclang_rt.builtins.a : fixdfsi.S.obj (.text.__fixdfsi)
                  00006166    00000048     BQ27Z7_functions.o (.text.BQ27Z746_GetFETOptions)
                  000061ae    00000002     --HOLE-- [fill = 0]
                  000061b0    00000048     driverlib.a : dl_uart.o (.text.DL_UART_init)
                  000061f8    00000048     libc.a : strtok.c.obj (.text.strtok)
                  00006240    00000044     BQ27Z7_functions.o (.text.BQ27Z746_Seal)
                  00006284    00000044     driverlib.a : dl_spi.o (.text.DL_SPI_init)
                  000062c8    00000040     ti_msp_dl_config.o (.text.SYSCFG_DL_SYSCTL_init)
                  00006308    00000040     libclang_rt.builtins.a : aeabi_uidivmod.S.obj (.text.__aeabi_uidivmod)
                  00006348    00000040     libc.a : atoi.c.obj (.text.atoi)
                  00006388    00000040            : vsnprintf.c.obj (.text.vsnprintf)
                  000063c8    0000003c     uart.o (.text.CLI_RegisterCommand)
                  00006404    0000003c     driverlib.a : dl_i2c.o (.text.DL_I2C_flushControllerTXFIFO)
                  00006440    0000003c     libclang_rt.builtins.a : comparesf2.S.obj (.text.__gtsf2)
                  0000647c    0000003c     uart.o (.text.get_UART_buffer)
                  000064b8    0000003c     libc.a : autoinit.c.obj (.text:__TI_auto_init_nobinit_nopinit)
                  000064f4    0000003a     libclang_rt.builtins.a : comparesf2.S.obj (.text.__eqsf2)
                  0000652e    00000002     --HOLE-- [fill = 0]
                  00006530    0000003a                            : muldsi3.S.obj (.text.__muldsi3)
                  0000656a    00000002     --HOLE-- [fill = 0]
                  0000656c    00000038     ti_msp_dl_config.o (.text.SYSCFG_DL_TIMER_0_init)
                  000065a4    00000038     libclang_rt.builtins.a : fixsfsi.S.obj (.text.__fixsfsi)
                  000065dc    00000038     gauge.o (.text.gauge_read)
                  00006614    00000038     gauge.o (.text.gauge_write)
                  0000664c    00000034     spi_master.o (.text.SPI1_IRQHandler)
                  00006680    00000030     driverlib.a : dl_i2c.o (.text.DL_I2C_flushControllerRXFIFO)
                  000066b0    00000030                 : dl_uart.o (.text.DL_UART_transmitDataBlocking)
                  000066e0    00000030     libc.a : _printfi.c.obj (.text._fcpy)
                  00006710    00000030            : vsnprintf.c.obj (.text._outs)
                  00006740    00000030     gauge.o (.text.gauge_cmd_read)
                  00006770    0000002c     BQ27Z7_functions.o (.text.BQ27Z746_Init)
                  0000679c    0000002c     mb85rs.o (.text.MB85RS_Init)
                  000067c8    0000002c     spi_mem.o (.text.SPI0_IRQHandler)
                  000067f4    0000002c     spi_mem.o (.text.SPI_Memory_Init)
                  00006820    0000002c     libclang_rt.builtins.a : floatsidf.S.obj (.text.__floatsidf)
                  0000684c    00000028                            : floatunsisf.S.obj (.text.__floatunsisf)
                  00006874    00000028     libc.a : boot_cortex_m.c.obj (.text:_c_int00_noargs)
                  0000689c    00000026     driverlib.a : dl_i2c.o (.text.DL_I2C_setClockConfig)
                  000068c2    00000026     libc.a : strspn.c.obj (.text.strspn)
                  000068e8    00000024     BQ25628_functions.o (.text.BQ25628E_ReadReg16)
                  0000690c    00000024     BQ25628_functions.o (.text.BQ25628E_ReadReg8)
                  00006930    00000024     BQ25628_functions.o (.text.BQ25628E_WriteReg16)
                  00006954    00000024     spi_master.o (.text.SPI_Controller_Init)
                  00006978    00000024     libclang_rt.builtins.a : muldi3.S.obj (.text.__muldi3)
                  0000699c    00000024     libc.a : strcspn.c.obj (.text.strcspn)
                  000069c0    00000022            : memccpy.c.obj (.text.memccpy)
                  000069e2    00000002     --HOLE-- [fill = 0]
                  000069e4    00000020     BQ25628_functions.o (.text.BQ25628E_WriteReg8)
                  00006a04    00000020     BQ27Z7_functions.o (.text.BQ27Z746_ReadInternalTemp_C)
                  00006a24    00000020     BQ27Z7_functions.o (.text.BQ27Z746_ReadTemperature_C)
                  00006a44    00000020     uart.o (.text.uart_init)
                  00006a64    0000001e     BQ27Z7_functions.o (.text.BQ27Z746_MAC_Send)
                  00006a82    00000002     --HOLE-- [fill = 0]
                  00006a84    0000001e     libclang_rt.builtins.a : ashldi3.S.obj (.text.__ashldi3)
                  00006aa2    00000002     --HOLE-- [fill = 0]
                  00006aa4    0000001c     driverlib.a : dl_timer.o (.text.DL_Timer_setCaptCompUpdateMethod)
                  00006ac0    0000001c                 : dl_timer.o (.text.DL_Timer_setClockConfig)
                  00006adc    0000001c     i2c.o (.text.i2c_init)
                  00006af8    00000018     driverlib.a : dl_timer.o (.text.DL_Timer_setCaptureCompareOutCtl)
                  00006b10    00000018     ti_msp_dl_config.o (.text.SYSCFG_DL_DMA_CH0_init)
                  00006b28    00000018     ti_msp_dl_config.o (.text.SYSCFG_DL_DMA_CH1_init)
                  00006b40    00000018     ti_msp_dl_config.o (.text.SYSCFG_DL_DMA_CH2_init)
                  00006b58    00000018     ti_msp_dl_config.o (.text.SYSCFG_DL_DMA_CH3_init)
                  00006b70    00000018     main.o (.text.UART0_IRQHandler)
                  00006b88    00000018     libc.a : vsnprintf.c.obj (.text._outc)
                  00006ba0    00000016            : copy_zero_init.c.obj (.text:decompress:ZI:__TI_zero_init_nomemset)
                  00006bb6    00000014     ti_msp_dl_config.o (.text.SYSCFG_DL_DMA_init)
                  00006bca    00000002     --HOLE-- [fill = 0]
                  00006bcc    00000014     libclang_rt.builtins.a : aeabi_uldivmod.S.obj (.text.__aeabi_uldivmod)
                  00006be0    00000014     libc.a : _printfi.c.obj (.text.strchr)
                  00006bf4    00000012     driverlib.a : dl_spi.o (.text.DL_SPI_setClockConfig)
                  00006c06    00000012                 : dl_uart.o (.text.DL_UART_setClockConfig)
                  00006c18    00000012     libc.a : copy_decompress_none.c.obj (.text:decompress:none)
                  00006c2a    00000002     --HOLE-- [fill = 0]
                  00006c2c    00000010     BQ27Z7_functions.o (.text.BQ27Z746_IsDischarging)
                  00006c3c    00000010     BQ27Z7_functions.o (.text.BQ27Z746_IsFullyCharged)
                  00006c4c    00000010     BQ27Z7_functions.o (.text.BQ27Z746_IsFullyDischarged)
                  00006c5c    00000010     driverlib.a : dl_timer.o (.text.DL_Timer_setCaptureCompareValue)
                  00006c6c    00000010     i2c.o (.text.I2C0_IRQHandler)
                  00006c7c    00000010     i2c.o (.text.I2C1_IRQHandler)
                  00006c8c    00000010     BoardAPI.o (.text.LED_get_current)
                  00006c9c    00000010     spi_mem.o (.text.SPI_Memory_CS_Deassert)
                  00006cac    00000010     BoardAPI.o (.text.disable_led_boost)
                  00006cbc    00000010     BoardAPI.o (.text.enable_led_boost)
                  00006ccc    00000010     gauge.o (.text.gauge_address)
                  00006cdc    00000010     libc.a : wcslen.c.obj (.text.wcslen)
                  00006cec    0000000e     libclang_rt.builtins.a : aeabi_memset.S.obj (.text.__aeabi_memset)
                  00006cfa    0000000e     libc.a : _printfi.c.obj (.text.strlen)
                  00006d08    0000000c     BQ25628_functions.o (.text.BQ25628E_Get_IBAT_mA)
                  00006d14    0000000c     BQ25628_functions.o (.text.BQ25628E_Get_IBUS_mA)
                  00006d20    0000000c     BQ25628_functions.o (.text.BQ25628E_Get_VBAT_mV)
                  00006d2c    0000000c     BQ25628_functions.o (.text.BQ25628E_Get_VBUS_mV)
                  00006d38    0000000c     BQ25628_functions.o (.text.BQ25628E_Get_VSYS_mV)
                  00006d44    0000000c     BQ27Z7_functions.o (.text.BQ27Z746_Get_AvgCurrent_mA)
                  00006d50    0000000c     BQ27Z7_functions.o (.text.BQ27Z746_Get_AvgPower_mW)
                  00006d5c    0000000c     BQ27Z7_functions.o (.text.BQ27Z746_Get_BatteryStatus)
                  00006d68    0000000c     BQ27Z7_functions.o (.text.BQ27Z746_Get_Current_mA)
                  00006d74    0000000c     BQ27Z7_functions.o (.text.BQ27Z746_Get_CycleCount)
                  00006d80    0000000c     BQ27Z7_functions.o (.text.BQ27Z746_Get_FullChargeCap_mAh)
                  00006d8c    0000000c     BQ27Z7_functions.o (.text.BQ27Z746_Get_InternalTemp_C)
                  00006d98    0000000c     BQ27Z7_functions.o (.text.BQ27Z746_Get_RemainingCap_mAh)
                  00006da4    0000000c     BQ27Z7_functions.o (.text.BQ27Z746_Get_SOC_pct)
                  00006db0    0000000c     BQ27Z7_functions.o (.text.BQ27Z746_Get_StateOfHealth_pct)
                  00006dbc    0000000c     BQ27Z7_functions.o (.text.BQ27Z746_Get_Temperature_C)
                  00006dc8    0000000c     BQ27Z7_functions.o (.text.BQ27Z746_Get_TimeToEmpty_min)
                  00006dd4    0000000c     BQ27Z7_functions.o (.text.BQ27Z746_Get_TimeToFull_min)
                  00006de0    0000000c     BQ27Z7_functions.o (.text.BQ27Z746_Get_Voltage_mV)
                  00006dec    0000000c     BQ27Z7_functions.o (.text.BQ27Z746_ReadAvgCurrent_mA)
                  00006df8    0000000c     BQ27Z7_functions.o (.text.BQ27Z746_ReadAvgPower_mW)
                  00006e04    0000000c     BQ27Z7_functions.o (.text.BQ27Z746_ReadBatteryStatus)
                  00006e10    0000000c     BQ27Z7_functions.o (.text.BQ27Z746_ReadCurrent_mA)
                  00006e1c    0000000c     BQ27Z7_functions.o (.text.BQ27Z746_ReadCycleCount)
                  00006e28    0000000c     BQ27Z7_functions.o (.text.BQ27Z746_ReadFullChargeCap_mAh)
                  00006e34    0000000c     BQ27Z7_functions.o (.text.BQ27Z746_ReadRemainingCap_mAh)
                  00006e40    0000000c     BQ27Z7_functions.o (.text.BQ27Z746_ReadSOC_pct)
                  00006e4c    0000000c     BQ27Z7_functions.o (.text.BQ27Z746_ReadStateOfHealth_pct)
                  00006e58    0000000c     BQ27Z7_functions.o (.text.BQ27Z746_ReadTimeToEmpty_min)
                  00006e64    0000000c     BQ27Z7_functions.o (.text.BQ27Z746_ReadTimeToFull_min)
                  00006e70    0000000c     BQ27Z7_functions.o (.text.BQ27Z746_ReadVoltage_mV)
                  00006e7c    0000000c     BoardAPI.o (.text.LED_get_voltage)
                  00006e88    0000000c     spi_mem.o (.text.SPI_Memory_CS_Assert)
                  00006e94    0000000c     libclang_rt.builtins.a : aeabi_memset.S.obj (.text.__aeabi_memclr)
                  00006ea0    0000000a     driverlib.a : dl_common.o (.text.DL_Common_delayCycles)
                  00006eaa    0000000a     libc.a : _printfi.c.obj (.text.OUTLINED_FUNCTION_0)
                  00006eb4    00000010     libclang_rt.builtins.a : adddf3.S.obj (.tramp.__aeabi_dsub.1)
                  00006ec4    0000000a     libc.a : s_roundf.c.obj (.text.OUTLINED_FUNCTION_0)
                  00006ece    00000002     --HOLE-- [fill = 0]
                  00006ed0    00000010     libclang_rt.builtins.a : addsf3.S.obj (.tramp.__aeabi_fadd.1)
                  00006ee0    0000000a     libc.a : _printfi.c.obj (.text.OUTLINED_FUNCTION_1)
                  00006eea    00000002     --HOLE-- [fill = 0]
                  00006eec    00000008     libclang_rt.builtins.a : aeabi_memcpy.S.obj (.text.__aeabi_memcpy)
                  00006ef4    00000006     libc.a : exit.c.obj (.text:abort)
                  00006efa    00000004     libsysbm.a : hostexit.c.obj (.text.HOSTexit)
                  00006efe    00000004     startup_mspm0g350x_ticlang.o (.text.Reset_Handler)
                  00006f02    00000004     libc.a : pre_init.c.obj (.text._system_pre_init)
                  00006f06    0000000a     --HOLE-- [fill = 0]

.cinit     0    000094f0    000001e0     
                  000094f0    000001b6     (.cinit..data.load) [load image, compression = lzss]
                  000096a6    00000002     --HOLE-- [fill = 0]
                  000096a8    0000000c     (__TI_handler_table)
                  000096b4    00000008     (.cinit..bss.load) [load image, compression = zero_init]
                  000096bc    00000010     (__TI_cinit_table)
                  000096cc    00000004     --HOLE-- [fill = 0]

.rodata    0    00006f10    000025e0     
                  00006f10    000002ec     functions.o (.rodata.str1.14660004578859228044.1)
                  000071fc    000001da     functions.o (.rodata.str1.17600609178903569978.1)
                  000073d6    0000014d     functions.o (.rodata.str1.3019495220097340546.1)
                  00007523    00000131     functions.o (.rodata.str1.14424774467072349609.1)
                  00007654    0000000c     functions.o (.rodata.str1.12082073636076449582.1)
                  00007660    00000101     libc.a : aeabi_ctype.S.obj (.rodata:__aeabi_ctype_table_)
                  00007761    000000af     functions.o (.rodata.str1.10105263805998509149.1)
                  00007810    0000006b     functions.o (.rodata.str1.9863839573043808502.1)
                  0000787b    00000046     functions.o (.rodata.str1.14754684760099289372.1)
                  000078c1    00000041     functions.o (.rodata.str1.2344728598999326712.1)
                  00007902    0000003c     functions.o (.rodata.str1.6596733414268854495.1)
                  0000793e    0000003b     functions.o (.rodata.str1.13405053720543497480.1)
                  00007979    0000003b     main.o (.rodata.str1.18092426736022315238.1)
                  000079b4    0000003a     functions.o (.rodata.str1.13647871663007229205.1)
                  000079ee    00000037     functions.o (.rodata.str1.1832783851567210609.1)
                  00007a25    00000036     functions.o (.rodata.str1.11740181311745255940.1)
                  00007a5b    00000036     functions.o (.rodata.str1.5685701548624197313.1)
                  00007a91    00000034     functions.o (.rodata.str1.11489194655681450928.1)
                  00007ac5    00000034     functions.o (.rodata.str1.13869735989619804122.1)
                  00007af9    00000033     functions.o (.rodata.str1.14425403555696131028.1)
                  00007b2c    00000032     functions.o (.rodata.str1.7684438339927393593.1)
                  00007b5e    00000031     functions.o (.rodata.str1.11371842499512143921.1)
                  00007b8f    00000031     functions.o (.rodata.str1.13529407018213730301.1)
                  00007bc0    00000031     main.o (.rodata.str1.16265332423659789559.1)
                  00007bf1    00000030     main.o (.rodata.str1.8096991282711418442.1)
                  00007c21    0000002f     functions.o (.rodata.str1.11510568493784519380.1)
                  00007c50    0000002f     functions.o (.rodata.str1.11655743873260979083.1)
                  00007c7f    0000002f     main.o (.rodata.str1.18227636981041470289.1)
                  00007cae    0000002f     functions.o (.rodata.str1.5574861860302912700.1)
                  00007cdd    0000002e     functions.o (.rodata.str1.1810987313933839541.1)
                  00007d0b    0000002d     functions.o (.rodata.str1.13361924668150654931.1)
                  00007d38    0000002d     functions.o (.rodata.str1.13786467237224150958.1)
                  00007d65    0000002d     functions.o (.rodata.str1.15871961652988661611.1)
                  00007d92    0000002d     functions.o (.rodata.str1.17873271132953962449.1)
                  00007dbf    0000002d     functions.o (.rodata.str1.303947978237559523.1)
                  00007dec    0000002c     main.o (.rodata.str1.13030671760666898970.1)
                  00007e18    0000002b     functions.o (.rodata.str1.7213520456192855849.1)
                  00007e43    0000002b     functions.o (.rodata.str1.963556741755692615.1)
                  00007e6e    0000002a     functions.o (.rodata.str1.11852899632267644254.1)
                  00007e98    0000002a     functions.o (.rodata.str1.13933329845969146692.1)
                  00007ec2    0000002a     functions.o (.rodata.str1.17242831494859343374.1)
                  00007eec    00000029     functions.o (.rodata.str1.14212890215622683485.1)
                  00007f15    00000028     functions.o (.rodata.str1.13707145581914847747.1)
                  00007f3d    00000027     functions.o (.rodata.str1.7085808795165203043.1)
                  00007f64    00000027     main.o (.rodata.str1.9059077390166914652.1)
                  00007f8b    00000026     main.o (.rodata.str1.10720410773482754683.1)
                  00007fb1    00000026     functions.o (.rodata.str1.11596568296542930794.1)
                  00007fd7    00000026     functions.o (.rodata.str1.312031595841812858.1)
                  00007ffd    00000025     main.o (.rodata.str1.10313062130652730376.1)
                  00008022    00000025     main.o (.rodata.str1.11870794119293528247.1)
                  00008047    00000025     main.o (.rodata.str1.14079361385603432444.1)
                  0000806c    00000025     functions.o (.rodata.str1.5196872854305757230.1)
                  00008091    00000024     main.o (.rodata.str1.14466178792657420020.1)
                  000080b5    00000024     functions.o (.rodata.str1.2298903785866919411.1)
                  000080d9    00000024     main.o (.rodata.str1.2624144126699937905.1)
                  000080fd    00000024     functions.o (.rodata.str1.831622212789273363.1)
                  00008121    00000023     main.o (.rodata.str1.14402440632258215044.1)
                  00008144    00000023     uart.o (.rodata.str1.14464947116831474962.1)
                  00008167    00000023     functions.o (.rodata.str1.3739636256912452571.1)
                  0000818a    00000023     functions.o (.rodata.str1.4088760258362988122.1)
                  000081ad    00000023     functions.o (.rodata.str1.7723146404961276984.1)
                  000081d0    00000022     functions.o (.rodata.str1.10930655922842606279.1)
                  000081f2    00000022     functions.o (.rodata.str1.11373607083750233779.1)
                  00008214    00000022     functions.o (.rodata.str1.11403685632016021771.1)
                  00008236    00000022     main.o (.rodata.str1.1311392489248731986.1)
                  00008258    00000022     main.o (.rodata.str1.14712910685067215323.1)
                  0000827a    00000022     functions.o (.rodata.str1.16614484817706633923.1)
                  0000829c    00000022     functions.o (.rodata.str1.2190941444116491765.1)
                  000082be    00000022     functions.o (.rodata.str1.2305192595417680505.1)
                  000082e0    00000022     main.o (.rodata.str1.6554448696319176064.1)
                  00008302    00000022     functions.o (.rodata.str1.8841248051089024616.1)
                  00008324    00000021     functions.o (.rodata.str1.10302267126528799586.1)
                  00008345    00000021     functions.o (.rodata.str1.11345522308171243087.1)
                  00008366    00000021     functions.o (.rodata.str1.12250083639950253671.1)
                  00008387    00000021     functions.o (.rodata.str1.16726128468901222387.1)
                  000083a8    00000021     functions.o (.rodata.str1.17004305802620412261.1)
                  000083c9    00000021     functions.o (.rodata.str1.18169768820860067831.1)
                  000083ea    00000021     functions.o (.rodata.str1.2216088936736676215.1)
                  0000840b    00000021     functions.o (.rodata.str1.2654337880733388962.1)
                  0000842c    00000021     functions.o (.rodata.str1.3098115528246613681.1)
                  0000844d    00000021     functions.o (.rodata.str1.3322434249706281543.1)
                  0000846e    00000021     functions.o (.rodata.str1.4531601087117612729.1)
                  0000848f    00000021     functions.o (.rodata.str1.455706336395187257.1)
                  000084b0    00000021     functions.o (.rodata.str1.8430466031500812981.1)
                  000084d1    00000020     main.o (.rodata.str1.10224226614597680209.1)
                  000084f1    00000020     functions.o (.rodata.str1.10387253022637546114.1)
                  00008511    00000020     functions.o (.rodata.str1.10868672936327135180.1)
                  00008531    00000020     functions.o (.rodata.str1.11488970495173820783.1)
                  00008551    00000020     functions.o (.rodata.str1.14247832736261690914.1)
                  00008571    00000020     functions.o (.rodata.str1.16499007181999684178.1)
                  00008591    00000020     functions.o (.rodata.str1.16985884696085998545.1)
                  000085b1    00000020     functions.o (.rodata.str1.17954340015018547257.1)
                  000085d1    00000020     functions.o (.rodata.str1.1879081474855052955.1)
                  000085f1    00000020     functions.o (.rodata.str1.2347775125427912132.1)
                  00008611    00000020     functions.o (.rodata.str1.2989574447005584482.1)
                  00008631    00000020     functions.o (.rodata.str1.9506313465773766142.1)
                  00008651    0000001f     main.o (.rodata.str1.14112174005742061988.1)
                  00008670    0000001f     functions.o (.rodata.str1.1434866316927325970.1)
                  0000868f    0000001f     functions.o (.rodata.str1.17524032667240931881.1)
                  000086ae    0000001f     functions.o (.rodata.str1.18319551690001788249.1)
                  000086cd    0000001f     functions.o (.rodata.str1.2090819679678785128.1)
                  000086ec    0000001f     functions.o (.rodata.str1.2618360898605671341.1)
                  0000870b    0000001f     functions.o (.rodata.str1.3741468063811768988.1)
                  0000872a    0000001f     functions.o (.rodata.str1.417100376825835908.1)
                  00008749    0000001f     functions.o (.rodata.str1.5352344875588335774.1)
                  00008768    0000001f     functions.o (.rodata.str1.7261598007108977983.1)
                  00008787    0000001f     functions.o (.rodata.str1.7667325258934765219.1)
                  000087a6    0000001e     functions.o (.rodata.str1.11548324711019379123.1)
                  000087c4    0000001e     functions.o (.rodata.str1.13258710136769708401.1)
                  000087e2    0000001e     functions.o (.rodata.str1.15416425971347363818.1)
                  00008800    0000001e     functions.o (.rodata.str1.17124744513834159004.1)
                  0000881e    0000001e     functions.o (.rodata.str1.2132137826339264873.1)
                  0000883c    0000001e     functions.o (.rodata.str1.2153166669032916089.1)
                  0000885a    0000001e     functions.o (.rodata.str1.8276779995786722914.1)
                  00008878    0000001e     functions.o (.rodata.str1.9393216526452698668.1)
                  00008896    0000001e     functions.o (.rodata.str1.9629253951102113371.1)
                  000088b4    0000001d     functions.o (.rodata.str1.10029850049327752681.1)
                  000088d1    0000001d     functions.o (.rodata.str1.12122565456592184258.1)
                  000088ee    0000001d     functions.o (.rodata.str1.1787322033648190911.1)
                  0000890b    0000001d     functions.o (.rodata.str1.67103668184455600.1)
                  00008928    0000001c     functions.o (.rodata.str1.11158820112163685190.1)
                  00008944    0000001c     main.o (.rodata.str1.12180500075719773345.1)
                  00008960    0000001c     functions.o (.rodata.str1.14504089057119714207.1)
                  0000897c    0000001c     functions.o (.rodata.str1.17112998893623131760.1)
                  00008998    0000001c     functions.o (.rodata.str1.17418132220924322792.1)
                  000089b4    0000001c     functions.o (.rodata.str1.2090735207208419621.1)
                  000089d0    0000001c     functions.o (.rodata.str1.823074591787180899.1)
                  000089ec    0000001b     functions.o (.rodata.str1.12869987097872302101.1)
                  00008a07    0000001b     functions.o (.rodata.str1.13213250456124221025.1)
                  00008a22    0000001b     functions.o (.rodata.str1.15241132200125037881.1)
                  00008a3d    0000001b     functions.o (.rodata.str1.17669684748118727147.1)
                  00008a58    0000001b     functions.o (.rodata.str1.4198453541086758413.1)
                  00008a73    0000001b     functions.o (.rodata.str1.504123949362312185.1)
                  00008a8e    0000001b     functions.o (.rodata.str1.6579945242302544448.1)
                  00008aa9    0000001b     functions.o (.rodata.str1.6954128830300373732.1)
                  00008ac4    0000001b     functions.o (.rodata.str1.771275161403278999.1)
                  00008adf    0000001b     functions.o (.rodata.str1.9586352787182320994.1)
                  00008afa    0000001a     functions.o (.rodata.str1.10394495994740858438.1)
                  00008b14    0000001a     functions.o (.rodata.str1.11584461607463951922.1)
                  00008b2e    0000001a     functions.o (.rodata.str1.11621569494667626893.1)
                  00008b48    0000001a     functions.o (.rodata.str1.12609848238114409581.1)
                  00008b62    0000001a     functions.o (.rodata.str1.13060549876486072544.1)
                  00008b7c    0000001a     functions.o (.rodata.str1.15914577833492633752.1)
                  00008b96    0000001a     main.o (.rodata.str1.16631870348416990953.1)
                  00008bb0    0000001a     functions.o (.rodata.str1.2872345601479061820.1)
                  00008bca    0000001a     functions.o (.rodata.str1.976629323795015702.1)
                  00008be4    0000001a     functions.o (.rodata.str1.9987864939932165754.1)
                  00008bfe    00000019     main.o (.rodata.str1.17376258722486336754.1)
                  00008c17    00000019     functions.o (.rodata.str1.2006883888705870762.1)
                  00008c30    00000019     functions.o (.rodata.str1.9504405780896684869.1)
                  00008c49    00000003     ti_msp_dl_config.o (.rodata.gCURRENT_CONTROLClockConfig)
                  00008c4c    00000018     ti_msp_dl_config.o (.rodata.gDMA_CH0Config)
                  00008c64    00000018     ti_msp_dl_config.o (.rodata.gDMA_CH1Config)
                  00008c7c    00000018     ti_msp_dl_config.o (.rodata.gDMA_CH2Config)
                  00008c94    00000018     ti_msp_dl_config.o (.rodata.gDMA_CH3Config)
                  00008cac    00000018     functions.o (.rodata.str1.14826907694073300720.1)
                  00008cc4    00000018     functions.o (.rodata.str1.15647711897633472048.1)
                  00008cdc    00000018     functions.o (.rodata.str1.3544098629501009633.1)
                  00008cf4    00000018     functions.o (.rodata.str1.4307635291288551838.1)
                  00008d0c    00000018     functions.o (.rodata.str1.5556253844797924259.1)
                  00008d24    00000018     main.o (.rodata.str1.8154729771448623357.1)
                  00008d3c    00000017     functions.o (.rodata.str1.11087625087312282266.1)
                  00008d53    00000017     functions.o (.rodata.str1.1121117191475404019.1)
                  00008d6a    00000017     functions.o (.rodata.str1.13497160822588500659.1)
                  00008d81    00000017     functions.o (.rodata.str1.15981603964029308583.1)
                  00008d98    00000017     functions.o (.rodata.str1.17162129685140799346.1)
                  00008daf    00000017     functions.o (.rodata.str1.1798579838546719175.1)
                  00008dc6    00000017     functions.o (.rodata.str1.3107984650851015417.1)
                  00008ddd    00000017     functions.o (.rodata.str1.4144252613811081812.1)
                  00008df4    00000017     main.o (.rodata.str1.4787932902692149498.1)
                  00008e0b    00000017     functions.o (.rodata.str1.5896414462293131170.1)
                  00008e22    00000017     functions.o (.rodata.str1.7276749916342729794.1)
                  00008e39    00000017     functions.o (.rodata.str1.8683587540435544184.1)
                  00008e50    00000017     functions.o (.rodata.str1.8975528390176846916.1)
                  00008e67    00000016     main.o (.rodata.str1.13288086030101331538.1)
                  00008e7d    00000016     functions.o (.rodata.str1.13750405472340812261.1)
                  00008e93    00000016     functions.o (.rodata.str1.14296218639596138037.1)
                  00008ea9    00000016     functions.o (.rodata.str1.14626576299884526934.1)
                  00008ebf    00000016     functions.o (.rodata.str1.1463293767001829125.1)
                  00008ed5    00000016     uart.o (.rodata.str1.15503172443992438641.1)
                  00008eeb    00000016     functions.o (.rodata.str1.16113805747440866019.1)
                  00008f01    00000016     functions.o (.rodata.str1.17016031596792030868.1)
                  00008f17    00000016     functions.o (.rodata.str1.1912318065655334061.1)
                  00008f2d    00000016     functions.o (.rodata.str1.5117621188084071403.1)
                  00008f43    00000015     functions.o (.rodata.str1.11457859038367029433.1)
                  00008f58    00000015     functions.o (.rodata.str1.13291850131445628085.1)
                  00008f6d    00000015     functions.o (.rodata.str1.13318008327193210645.1)
                  00008f82    00000015     functions.o (.rodata.str1.14079700471513303319.1)
                  00008f97    00000015     functions.o (.rodata.str1.14779408147115502373.1)
                  00008fac    00000015     functions.o (.rodata.str1.16344480386849582482.1)
                  00008fc1    00000015     functions.o (.rodata.str1.17171889877841249491.1)
                  00008fd6    00000015     functions.o (.rodata.str1.17819248719987149311.1)
                  00008feb    00000015     functions.o (.rodata.str1.18285776561876861988.1)
                  00009000    00000015     functions.o (.rodata.str1.5514502381961403268.1)
                  00009015    00000015     main.o (.rodata.str1.5630281060179367396.1)
                  0000902a    00000015     main.o (.rodata.str1.6891813955777630061.1)
                  0000903f    00000015     functions.o (.rodata.str1.7987950595137088371.1)
                  00009054    00000015     uart.o (.rodata.str1.8171864734171609186.1)
                  00009069    00000003     ti_msp_dl_config.o (.rodata.gTIMER_0ClockConfig)
                  0000906c    00000014     functions.o (.rodata..Lswitch.table.cmd_gauge)
                  00009080    00000014     ti_msp_dl_config.o (.rodata.gTIMER_0TimerConfig)
                  00009094    00000014     main.o (.rodata.str1.13782249893155712474.1)
                  000090a8    00000014     functions.o (.rodata.str1.16059144329163883794.1)
                  000090bc    00000014     functions.o (.rodata.str1.4910338030008278487.1)
                  000090d0    00000014     functions.o (.rodata.str1.5905555877690922764.1)
                  000090e4    00000014     functions.o (.rodata.str1.7324634916810494498.1)
                  000090f8    00000014     functions.o (.rodata.str1.9955790773425000222.1)
                  0000910c    00000013     functions.o (.rodata.str1.17622889657162422067.1)
                  0000911f    00000012     functions.o (.rodata.str1.11391304066098951517.1)
                  00009131    00000012     main.o (.rodata.str1.7784929982665794503.1)
                  00009143    00000011     libc.a : _printfi.c.obj (.rodata.str1.10348868589481759720.1)
                  00009154    00000011     main.o (.rodata.str1.11121730273200050387.1)
                  00009165    00000011     main.o (.rodata.str1.11822182024223342093.1)
                  00009176    00000011     libc.a : _printfi.c.obj (.rodata.str1.15363888844622738466.1)
                  00009187    00000011     main.o (.rodata.str1.16709704744796600189.1)
                  00009198    00000011     main.o (.rodata.str1.2563708670032483588.1)
                  000091a9    00000011     main.o (.rodata.str1.3292798375424520613.1)
                  000091ba    00000011     main.o (.rodata.str1.403738606202455663.1)
                  000091cb    00000011     main.o (.rodata.str1.8320541211001259012.1)
                  000091dc    00000011     functions.o (.rodata.str1.8855207564147674068.1)
                  000091ed    00000003     ti_msp_dl_config.o (.rodata.gVOLTAGE_CONTROLClockConfig)
                  000091f0    00000010     functions.o (.rodata..Lswitch.table.cmd_fram)
                  00009200    00000010     main.o (.rodata..Lswitch.table.main)
                  00009210    00000010     functions.o (.rodata.str1.12247701732483370762.1)
                  00009220    0000000f     functions.o (.rodata.str1.2372479248998020874.1)
                  0000922f    0000000f     functions.o (.rodata.str1.6405428687533244608.1)
                  0000923e    0000000e     main.o (.rodata.str1.11321157723316767883.1)
                  0000924c    0000000e     functions.o (.rodata.str1.3274426514815924028.1)
                  0000925a    0000000e     functions.o (.rodata.str1.6433388484108913441.1)
                  00009268    0000000d     functions.o (.rodata.str1.14249227603012650231.1)
                  00009275    0000000d     main.o (.rodata.str1.39260288392874984.1)
                  00009282    0000000c     functions.o (.rodata.str1.12649739183381639352.1)
                  0000928e    0000000c     functions.o (.rodata.str1.2128294674425382420.1)
                  0000929a    0000000c     main.o (.rodata.str1.5043408953494467246.1)
                  000092a6    0000000b     main.o (.rodata.str1.11702106008850790973.1)
                  000092b1    0000000b     main.o (.rodata.str1.11777244287787065045.1)
                  000092bc    0000000b     functions.o (.rodata.str1.4040450050525152614.1)
                  000092c7    0000000b     functions.o (.rodata.str1.6500671132244866452.1)
                  000092d2    0000000a     ti_msp_dl_config.o (.rodata.gMCU_UART_1Config)
                  000092dc    0000000a     ti_msp_dl_config.o (.rodata.gSPI_0_config)
                  000092e6    0000000a     ti_msp_dl_config.o (.rodata.gSPI_1_config)
                  000092f0    0000000a     ti_msp_dl_config.o (.rodata.gUART_0Config)
                  000092fa    0000000a     main.o (.rodata.str1.10865113624938808685.1)
                  00009304    0000000a     functions.o (.rodata.str1.1518209179495633459.1)
                  0000930e    0000000a     functions.o (.rodata.str1.9659379646541333203.1)
                  00009318    0000000a     functions.o (.rodata.str1.9866892624350641238.1)
                  00009322    00000009     functions.o (.rodata.str1.11364996628600094536.1)
                  0000932b    00000009     functions.o (.rodata.str1.12257129677820421622.1)
                  00009334    00000009     functions.o (.rodata.str1.13225435875195226696.1)
                  0000933d    00000009     main.o (.rodata.str1.17045314124001216156.1)
                  00009346    00000009     main.o (.rodata.str1.17770841602246103764.1)
                  0000934f    00000009     main.o (.rodata.str1.2597068879322958637.1)
                  00009358    00000009     uart.o (.rodata.str1.2747995240747259486.1)
                  00009361    00000009     functions.o (.rodata.str1.5320122413559821118.1)
                  0000936a    00000009     functions.o (.rodata.str1.5699953771227312792.1)
                  00009373    00000009     functions.o (.rodata.str1.6743441520423956273.1)
                  0000937c    00000008     ti_msp_dl_config.o (.rodata.gCURRENT_CONTROLConfig)
                  00009384    00000008     ti_msp_dl_config.o (.rodata.gVOLTAGE_CONTROLConfig)
                  0000938c    00000008     main.o (.rodata.str1.10635229749459437609.1)
                  00009394    00000008     functions.o (.rodata.str1.11093425900794288272.1)
                  0000939c    00000008     functions.o (.rodata.str1.11517924573668616356.1)
                  000093a4    00000008     functions.o (.rodata.str1.12716370140545181522.1)
                  000093ac    00000008     functions.o (.rodata.str1.15667472894159448674.1)
                  000093b4    00000008     functions.o (.rodata.str1.15927518266867229498.1)
                  000093bc    00000008     functions.o (.rodata.str1.16929425599360063401.1)
                  000093c4    00000008     functions.o (.rodata.str1.2299744636238869032.1)
                  000093cc    00000008     main.o (.rodata.str1.2846389346932560359.1)
                  000093d4    00000008     functions.o (.rodata.str1.3156050197955811031.1)
                  000093dc    00000008     functions.o (.rodata.str1.6886749528440134913.1)
                  000093e4    00000008     main.o (.rodata.str1.8428454045432808059.1)
                  000093ec    00000007     functions.o (.rodata.str1.14125585639945481457.1)
                  000093f3    00000007     functions.o (.rodata.str1.17588442350683572369.1)
                  000093fa    00000007     functions.o (.rodata.str1.18157200286260056646.1)
                  00009401    00000007     functions.o (.rodata.str1.2606492479815574346.1)
                  00009408    00000007     functions.o (.rodata.str1.3123360382440319361.1)
                  0000940f    00000007     functions.o (.rodata.str1.4892436572911226530.1)
                  00009416    00000007     main.o (.rodata.str1.6976963560179378225.1)
                  0000941d    00000006     functions.o (.rodata.str1.11538060877586311343.1)
                  00009423    00000006     functions.o (.rodata.str1.13877888024071246384.1)
                  00009429    00000006     functions.o (.rodata.str1.16699442666505370998.1)
                  0000942f    00000006     functions.o (.rodata.str1.17144429639171527548.1)
                  00009435    00000006     main.o (.rodata.str1.2123964117280943167.1)
                  0000943b    00000006     functions.o (.rodata.str1.389011575781332116.1)
                  00009441    00000006     functions.o (.rodata.str1.4959705119256106851.1)
                  00009447    00000006     main.o (.rodata.str1.8828068777338075035.1)
                  0000944d    00000005     functions.o (.rodata.str1.11900037607746946141.1)
                  00009452    00000005     functions.o (.rodata.str1.13183419841694627606.1)
                  00009457    00000005     functions.o (.rodata.str1.14496393926573069083.1)
                  0000945c    00000005     main.o (.rodata.str1.15159059442110792349.1)
                  00009461    00000005     main.o (.rodata.str1.16302215771116645891.1)
                  00009466    00000005     functions.o (.rodata.str1.16757203657686794125.1)
                  0000946b    00000005     main.o (.rodata.str1.288608917962107522.1)
                  00009470    00000005     functions.o (.rodata.str1.2957129483359387701.1)
                  00009475    00000005     functions.o (.rodata.str1.3066531604708884151.1)
                  0000947a    00000005     functions.o (.rodata.str1.3172367308849033862.1)
                  0000947f    00000005     functions.o (.rodata.str1.4214633535407782609.1)
                  00009484    00000005     functions.o (.rodata.str1.502354497711140047.1)
                  00009489    00000005     main.o (.rodata.str1.8108965883388295311.1)
                  0000948e    00000005     functions.o (.rodata.str1.8113497073403762318.1)
                  00009493    00000004     functions.o (.rodata.str1.11296493460036947760.1)
                  00009497    00000004     functions.o (.rodata.str1.12871985577256932554.1)
                  0000949b    00000004     main.o (.rodata.str1.15996357275703397564.1)
                  0000949f    00000004     main.o (.rodata.str1.17100691992556644108.1)
                  000094a3    00000004     main.o (.rodata.str1.2763581881760962609.1)
                  000094a7    00000004     functions.o (.rodata.str1.3121139948745544124.1)
                  000094ab    00000004     functions.o (.rodata.str1.4561657886204501224.1)
                  000094af    00000004     functions.o (.rodata.str1.4930741957133989383.1)
                  000094b3    00000004     functions.o (.rodata.str1.62749256631814321.1)
                  000094b7    00000004     functions.o (.rodata.str1.7319270408353279736.1)
                  000094bb    00000004     main.o (.rodata.str1.7996925722583989644.1)
                  000094bf    00000004     main.o (.rodata.str1.8076846746581808073.1)
                  000094c3    00000004     functions.o (.rodata.str1.9119127971185803168.1)
                  000094c7    00000003     uart.o (.rodata.str1.12819099410943012003.1)
                  000094ca    00000003     functions.o (.rodata.str1.13554695696533425351.1)
                  000094cd    00000003     functions.o (.rodata.str1.7108839738911806945.1)
                  000094d0    00000003     main.o (.rodata.str1.7702501944640899365.1)
                  000094d3    00000003     functions.o (.rodata.str1.8684894204910267454.1)
                  000094d6    00000002     ti_msp_dl_config.o (.rodata.gI2C_0ClockConfig)
                  000094d8    00000002     ti_msp_dl_config.o (.rodata.gI2C_1ClockConfig)
                  000094da    00000002     ti_msp_dl_config.o (.rodata.gMCU_UART_1ClockConfig)
                  000094dc    00000002     ti_msp_dl_config.o (.rodata.gSPI_0_clockConfig)
                  000094de    00000002     ti_msp_dl_config.o (.rodata.gSPI_1_clockConfig)
                  000094e0    00000002     ti_msp_dl_config.o (.rodata.gUART_0ClockConfig)
                  000094e2    00000002     uart.o (.rodata.str1.3510367808670815947.1)
                  000094e4    00000002     functions.o (.rodata.str1.5994875290679588583.1)
                  000094e6    0000000a     --HOLE-- [fill = 0]

.init_array 
*          0    00000000    00000000     UNINITIALIZED

.binit     0    00000000    00000000     

.bss       0    20200000    000003c9     UNINITIALIZED
                  20200000    000000bc     (.common:gCURRENT_CONTROLBackup)
                  202000bc    000000bc     (.common:gVOLTAGE_CONTROLBackup)
                  20200178    000000a0     (.common:gTIMER_0Backup)
                  20200218    00000078     uart.o (.bss.commandList)
                  20200290    00000040     (.common:UART_Buffer)
                  202002d0    00000028     (.common:gSPI_0Backup)
                  202002f8    00000028     (.common:gSPI_1Backup)
                  20200320    00000022     (.common:gRxPacket)
                  20200342    00000022     (.common:gTxPacket)
                  20200364    00000020     (.common:framSpi)
                  20200384    0000001c     (.common:stm32Spi)
                  202003a0    00000010     (.common:gSPI_RxPacket)
                  202003b0    00000008     (.common:fram)
                  202003b8    00000004     (.common:gRxCount)
                  202003bc    00000004     (.common:gRxLen)
                  202003c0    00000004     (.common:gTxCount)
                  202003c4    00000004     (.common:gTxLen)
                  202003c8    00000001     (.common:gI2cControllerStatus)

.data      0    202003cc    000001e3     UNINITIALIZED
                  202003cc    000000c6     BoardAPI.o (.data.output_currents_led_mA)
                  20200492    00000063     BoardAPI.o (.data.duty_cycles_led)
                  202004f5    00000001     main.o (.data.bq_monitor_active)
                  202004f6    00000046     BoardAPI.o (.data.output_voltages_boost_mV)
                  2020053c    00000023     BoardAPI.o (.data.duty_cycles_boost)
                  2020055f    00000010     spi_master.o (.data.gSPI_TxPacket)
                  2020056f    00000001     uart.o (.data.char_index)
                  20200570    00000004     libc.a : aeabi_portable.c.obj (.data.__aeabi_errno)
                  20200574    00000004     uart.o (.data.commandCount)
                  20200578    00000004     libc.a : strtok.c.obj (.data.last_end)
                  2020057c    00000004     BoardAPI.o (.data.led_channel)
                  20200580    00000004     main.o (.data.monitor_rate)
                  20200584    00000002     BQ25628_functions.o (.data.g_ibat_mA)
                  20200586    00000002     BQ25628_functions.o (.data.g_ibus_mA)
                  20200588    00000002     BQ27Z7_functions.o (.data.g_telem.0)
                  2020058a    00000002     BQ27Z7_functions.o (.data.g_telem.10)
                  2020058c    00000002     BQ27Z7_functions.o (.data.g_telem.11)
                  2020058e    00000002     BQ27Z7_functions.o (.data.g_telem.12)
                  20200590    00000002     BQ27Z7_functions.o (.data.g_telem.13)
                  20200592    00000002     BQ27Z7_functions.o (.data.g_telem.1)
                  20200594    00000002     BQ27Z7_functions.o (.data.g_telem.2)
                  20200596    00000002     BQ27Z7_functions.o (.data.g_telem.4)
                  20200598    00000002     BQ27Z7_functions.o (.data.g_telem.5)
                  2020059a    00000002     BQ27Z7_functions.o (.data.g_telem.7)
                  2020059c    00000002     BQ27Z7_functions.o (.data.g_telem.8)
                  2020059e    00000002     BQ27Z7_functions.o (.data.g_telem.9)
                  202005a0    00000002     BQ25628_functions.o (.data.g_vbat_mV)
                  202005a2    00000002     BQ25628_functions.o (.data.g_vbus_mV)
                  202005a4    00000002     BQ25628_functions.o (.data.g_vsys_mV)
                  202005a6    00000002     BoardAPI.o (.data.global_led_voltage)
                  202005a8    00000001     uart.o (.data.data_received)
                  202005a9    00000001     gauge.o (.data.g_gaugeAddr)
                  202005aa    00000001     BQ27Z7_functions.o (.data.g_telem.3)
                  202005ab    00000001     main.o (.data.gauge_monitor_active)
                  202005ac    00000001     BQ27Z7_functions.o (.data.g_telem.6)
                  202005ad    00000001     main.o (.data.hall_monitor_active)
                  202005ae    00000001     main.o (.data.pir_monitor_active)

.stack     0    20207e00    00000200     UNINITIALIZED
                  20207e00    00000004     libc.a : boot_cortex_m.c.obj (.stack)
                  20207e04    000001fc     --HOLE--

__llvm_prf_cnts 
*          0    20200000    00000000     UNINITIALIZED

__llvm_prf_bits 
*          0    20200000    00000000     UNINITIALIZED

MODULE SUMMARY

       Module                         code    ro data   rw data
       ------                         ----    -------   -------
    .\
       functions.o                    6016    7856      8      
       main.o                         1172    1254      8      
       ti_msp_dl_config.o             1624    193       616    
       BoardAPI.o                     632     0         408    
       startup_mspm0g350x_ticlang.o   6       192       0      
    +--+------------------------------+-------+---------+---------+
       Total:                         9450    9495      1040   
                                                               
    .\HAL\
       uart.o                         1484    92        190    
       i2c.o                          1256    0         85     
       spi_mem.o                      528     0         32     
       spi_master.o                   180     0         60     
    +--+------------------------------+-------+---------+---------+
       Total:                         3448    92        367    
                                                               
    .\ics\BQ25628\
       BQ25628_functions.o            692     0         10     
    +--+------------------------------+-------+---------+---------+
       Total:                         692     0         10     
                                                               
    .\ics\BQ27Z7\
       BQ27Z7_functions.o             3436    0         26     
       gauge.o                        176     0         1      
    +--+------------------------------+-------+---------+---------+
       Total:                         3612    0         27     
                                                               
    .\ics\MB85RS\
       mb85rs.o                       758     0         0      
    +--+------------------------------+-------+---------+---------+
       Total:                         758     0         0      
                                                               
    C:/ti/mspm0_sdk_2_09_00_01/source/ti/driverlib/lib/ticlang/m0p/mspm0g1x0x_g3x0x/driverlib.a
       dl_timer.o                     608     0         0      
       dl_i2c.o                       240     0         0      
       dl_uart.o                      138     0         0      
       dl_spi.o                       86      0         0      
       dl_dma.o                       76      0         0      
       dl_common.o                    10      0         0      
    +--+------------------------------+-------+---------+---------+
       Total:                         1158    0         0      
                                                               
    C:\ti\ccs2031\ccs\tools\compiler\ti-cgt-armllvm_4.0.4.LTS\lib\armv6m-ti-none-eabi/c/libc.a
       _printfi.c.obj                 4510    34        0      
       strtol.c.obj                   324     0         0      
       aeabi_ctype.S.obj              0       257       0      
       s_scalbn.c.obj                 216     0         0      
       memcpy16.S.obj                 154     0         0      
       s_floorf.c.obj                 140     0         0      
       strcmp-armv6m.S.obj            136     0         0      
       vsnprintf.c.obj                136     0         0      
       copy_decompress_lzss.c.obj     124     0         0      
       s_roundf.c.obj                 114     0         0      
       memset16.S.obj                 98      0         0      
       s_frexp.c.obj                  92      0         0      
       _ltoa.c.obj                    88      0         0      
       strtok.c.obj                   72      0         4      
       atoi.c.obj                     64      0         0      
       autoinit.c.obj                 60      0         0      
       boot_cortex_m.c.obj            40      0         0      
       strspn.c.obj                   38      0         0      
       strcspn.c.obj                  36      0         0      
       memccpy.c.obj                  34      0         0      
       copy_zero_init.c.obj           22      0         0      
       copy_decompress_none.c.obj     18      0         0      
       wcslen.c.obj                   16      0         0      
       aeabi_portable.c.obj           8       0         4      
       exit.c.obj                     6       0         0      
       pre_init.c.obj                 4       0         0      
    +--+------------------------------+-------+---------+---------+
       Total:                         6550    291       8      
                                                               
    C:\ti\ccs2031\ccs\tools\compiler\ti-cgt-armllvm_4.0.4.LTS\lib\armv6m-ti-none-eabi/c/libsysbm.a
       hostexit.c.obj                 4       0         0      
    +--+------------------------------+-------+---------+---------+
       Total:                         4       0         0      
                                                               
    C:\ti\ccs2031\ccs\tools\compiler\ti-cgt-armllvm_4.0.4.LTS\lib\armv6m-ti-none-eabi/libclang_rt.builtins.a
       adddf3.S.obj                   418     0         0      
       divdf3.S.obj                   268     0         0      
       addsf3.S.obj                   232     0         0      
       muldf3.S.obj                   228     0         0      
       comparedf2.c.obj               220     0         0      
       udivmoddi4.S.obj               162     0         0      
       mulsf3.S.obj                   140     0         0      
       comparesf2.S.obj               118     0         0      
       aeabi_dcmp.S.obj               98      0         0      
       aeabi_fcmp.S.obj               98      0         0      
       aeabi_idivmod.S.obj            86      0         0      
       fixdfsi.S.obj                  74      0         0      
       aeabi_uidivmod.S.obj           64      0         0      
       muldsi3.S.obj                  58      0         0      
       fixsfsi.S.obj                  56      0         0      
       floatsidf.S.obj                44      0         0      
       floatunsisf.S.obj              40      0         0      
       muldi3.S.obj                   36      0         0      
       ashldi3.S.obj                  30      0         0      
       aeabi_memset.S.obj             26      0         0      
       aeabi_uldivmod.S.obj           20      0         0      
       aeabi_memcpy.S.obj             8       0         0      
       aeabi_div0.c.obj               4       0         0      
    +--+------------------------------+-------+---------+---------+
       Total:                         2528    0         0      
                                                               
       Stack:                         0       0         512    
       Linker Generated:              0       474       0      
    +--+------------------------------+-------+---------+---------+
       Grand Total:                   28200   10352     1964   


LINKER GENERATED COPY TABLES

__TI_cinit_table @ 000096bc records: 2, size/record: 8, table size: 16
	.data: load addr=000094f0, load size=000001b6 bytes, run addr=202003cc, run size=000001e3 bytes, compression=lzss
	.bss: load addr=000096b4, load size=00000008 bytes, run addr=20200000, run size=000003c9 bytes, compression=zero_init


LINKER GENERATED HANDLER TABLE

__TI_handler_table @ 000096a8 records: 3, size/record: 4, table size: 12
	index: 0, handler: __TI_decompress_lzss
	index: 1, handler: __TI_decompress_none
	index: 2, handler: __TI_zero_init


FAR CALL TRAMPOLINES

callee name               trampoline name
   callee addr  tramp addr   call addr  call info
--------------  -----------  ---------  ----------------
__aeabi_dsub              $Tramp$TT$L$PI$$__aeabi_dsub
   00002a11     00006eb4     00006eb2   libc.a : _printfi.c.obj (.text.OUTLINED_FUNCTION_0)
__aeabi_fadd              $Tramp$TT$L$PI$$__aeabi_fadd
   00004a27     00006ed0     00006ecc   libc.a : s_roundf.c.obj (.text.OUTLINED_FUNCTION_0)

[2 trampolines]
[2 trampoline calls]


GLOBAL SYMBOLS: SORTED ALPHABETICALLY BY Name 

address   name                            
-------   ----                            
00002ba3  ADC0_IRQHandler                 
00002ba3  ADC1_IRQHandler                 
00002ba3  AES_IRQHandler                  
00006d09  BQ25628E_Get_IBAT_mA            
00006d15  BQ25628E_Get_IBUS_mA            
00006d21  BQ25628E_Get_VBAT_mV            
00006d2d  BQ25628E_Get_VBUS_mV            
00006d39  BQ25628E_Get_VSYS_mV            
00003ead  BQ25628E_Init_Default           
000068e9  BQ25628E_ReadReg16              
0000690d  BQ25628E_ReadReg8               
00003cb5  BQ25628E_UpdateTelemetry        
00006931  BQ25628E_WriteReg16             
000069e5  BQ25628E_WriteReg8              
0000408d  BQ27Z746_GetChargingStatus      
000044ff  BQ27Z746_GetChemID              
00004421  BQ27Z746_GetDeviceType          
00006167  BQ27Z746_GetFETOptions          
00004793  BQ27Z746_GetFirmwareVersion     
000045db  BQ27Z746_GetOperationStatus     
000046b7  BQ27Z746_GetSafetyStatus        
00003ab5  BQ27Z746_GetSecurityMode        
000060d1  BQ27Z746_GetTempConfig          
00006d45  BQ27Z746_Get_AvgCurrent_mA      
00006d51  BQ27Z746_Get_AvgPower_mW        
00006d5d  BQ27Z746_Get_BatteryStatus      
00006d69  BQ27Z746_Get_Current_mA         
00006d75  BQ27Z746_Get_CycleCount         
00006d81  BQ27Z746_Get_FullChargeCap_mAh  
00006d8d  BQ27Z746_Get_InternalTemp_C     
00006d99  BQ27Z746_Get_RemainingCap_mAh   
00006da5  BQ27Z746_Get_SOC_pct            
00006db1  BQ27Z746_Get_StateOfHealth_pct  
00006dbd  BQ27Z746_Get_Temperature_C      
00006dc9  BQ27Z746_Get_TimeToEmpty_min    
00006dd5  BQ27Z746_Get_TimeToFull_min     
00006de1  BQ27Z746_Get_Voltage_mV         
00006771  BQ27Z746_Init                   
00006c2d  BQ27Z746_IsDischarging          
00006c3d  BQ27Z746_IsFullyCharged         
00006c4d  BQ27Z746_IsFullyDischarged      
0000486b  BQ27Z746_MAC_Read               
00006a65  BQ27Z746_MAC_Send               
00006ded  BQ27Z746_ReadAvgCurrent_mA      
00006df9  BQ27Z746_ReadAvgPower_mW        
00006e05  BQ27Z746_ReadBatteryStatus      
00006e11  BQ27Z746_ReadCurrent_mA         
00006e1d  BQ27Z746_ReadCycleCount         
00006e29  BQ27Z746_ReadFullChargeCap_mAh  
00006a05  BQ27Z746_ReadInternalTemp_C     
00006e35  BQ27Z746_ReadRemainingCap_mAh   
00006e41  BQ27Z746_ReadSOC_pct            
00006e4d  BQ27Z746_ReadStateOfHealth_pct  
00006a25  BQ27Z746_ReadTemperature_C      
00006e59  BQ27Z746_ReadTimeToEmpty_min    
00006e65  BQ27Z746_ReadTimeToFull_min     
00006e71  BQ27Z746_ReadVoltage_mV         
00006241  BQ27Z746_Seal                   
0000368d  BQ27Z746_SetTempSensorConfig    
0000357d  BQ27Z746_SetUTFET_Direct        
00005525  BQ27Z746_Unseal                 
00003bb5  BQ27Z746_UpdateTelemetry        
00006efa  C$$EXIT                         
00002ba3  CANFD0_IRQHandler               
00001f3d  CLI_ProcessInput                
000063c9  CLI_RegisterCommand             
000056fd  CLI_Tokenize                    
00002ba3  DAC0_IRQHandler                 
00006ea1  DL_Common_delayCycles           
00006085  DL_DMA_initChannel              
00005db9  DL_I2C_fillControllerTXFIFO     
00006681  DL_I2C_flushControllerRXFIFO    
00006405  DL_I2C_flushControllerTXFIFO    
0000689d  DL_I2C_setClockConfig           
00006285  DL_SPI_init                     
00006bf5  DL_SPI_setClockConfig           
000039b1  DL_Timer_initFourCCPWMMode      
00003db1  DL_Timer_initTimerMode          
00006aa5  DL_Timer_setCaptCompUpdateMethod
00006af9  DL_Timer_setCaptureCompareOutCtl
00006c5d  DL_Timer_setCaptureCompareValue 
00006ac1  DL_Timer_setClockConfig         
000061b1  DL_UART_init                    
00006c07  DL_UART_setClockConfig          
000066b1  DL_UART_transmitDataBlocking    
00002ba3  DMA_IRQHandler                  
00002ba3  Default_Handler                 
00002ba3  GROUP0_IRQHandler               
00002ba3  GROUP1_IRQHandler               
00006efb  HOSTexit                        
00002ba3  HardFault_Handler               
00006c6d  I2C0_IRQHandler                 
00006c7d  I2C1_IRQHandler                 
0000267d  I2C_ReadDevice                  
00004179  I2C_TryAddress                  
000030cd  I2C_WriteDevice                 
00004bc5  LED_control_init                
00006c8d  LED_get_current                 
00006e7d  LED_get_voltage                 
00004c91  LED_set_current                 
00004ec1  LED_set_voltage                 
0000679d  MB85RS_Init                     
00004e09  MB85RS_Read                     
00005429  MB85RS_ReadID                   
00005ed1  MB85RS_ReadStatus               
00003205  MB85RS_Write                    
00002ba3  NMI_Handler                     
00002ba3  PendSV_Handler                  
00002ba3  RTC_IRQHandler                  
00006eff  Reset_Handler                   
000067c9  SPI0_IRQHandler                 
0000664d  SPI1_IRQHandler                 
00005e19  SPI_Controller_Arm              
00006955  SPI_Controller_Init             
000051f1  SPI_Memory_Arm                  
00006e89  SPI_Memory_CS_Assert            
00006c9d  SPI_Memory_CS_Deassert          
000067f5  SPI_Memory_Init                 
00003799  SPI_Memory_Wait                 
00002ba3  SVC_Handler                     
00005765  SYSCFG_DL_CURRENT_CONTROL_init  
00006b11  SYSCFG_DL_DMA_CH0_init          
00006b29  SYSCFG_DL_DMA_CH1_init          
00006b41  SYSCFG_DL_DMA_CH2_init          
00006b59  SYSCFG_DL_DMA_CH3_init          
00006bb7  SYSCFG_DL_DMA_init              
00002e55  SYSCFG_DL_GPIO_init             
000057cd  SYSCFG_DL_I2C_0_init            
00005835  SYSCFG_DL_I2C_1_init            
00005cf9  SYSCFG_DL_MCU_UART_1_init       
00005aa5  SYSCFG_DL_SPI_0_init            
00005d59  SYSCFG_DL_SPI_1_init            
000062c9  SYSCFG_DL_SYSCTL_init           
0000656d  SYSCFG_DL_TIMER_0_init          
0000568d  SYSCFG_DL_UART_0_init           
0000589d  SYSCFG_DL_VOLTAGE_CONTROL_init  
00005905  SYSCFG_DL_init                  
0000515d  SYSCFG_DL_initPower             
00004d4d  Shared_I2C_IRQHandler           
00002ba3  SysTick_Handler                 
00002ba3  TIMA0_IRQHandler                
00002ba3  TIMA1_IRQHandler                
00002ba3  TIMG0_IRQHandler                
00002ba3  TIMG12_IRQHandler               
00002ba3  TIMG6_IRQHandler                
00002ba3  TIMG7_IRQHandler                
00002ba3  TIMG8_IRQHandler                
00006b71  UART0_IRQHandler                
00002ba3  UART1_IRQHandler                
00002ba3  UART2_IRQHandler                
00002ba3  UART3_IRQHandler                
00004f75  UARTReceive                     
20200290  UART_Buffer                     
20208000  __STACK_END                     
00000200  __STACK_SIZE                    
00000000  __TI_ATRegion0_region_sz        
00000000  __TI_ATRegion0_src_addr         
00000000  __TI_ATRegion0_trg_addr         
00000000  __TI_ATRegion1_region_sz        
00000000  __TI_ATRegion1_src_addr         
00000000  __TI_ATRegion1_trg_addr         
00000000  __TI_ATRegion2_region_sz        
00000000  __TI_ATRegion2_src_addr         
00000000  __TI_ATRegion2_trg_addr         
000096bc  __TI_CINIT_Base                 
000096cc  __TI_CINIT_Limit                
000096cc  __TI_CINIT_Warm                 
000096a8  __TI_Handler_Table_Base         
000096b4  __TI_Handler_Table_Limit        
000064b9  __TI_auto_init_nobinit_nopinit  
000054a9  __TI_decompress_lzss            
00006c19  __TI_decompress_none            
00005f2b  __TI_ltoa                       
ffffffff  __TI_pprof_out_hndl             
000000c1  __TI_printfi                    
ffffffff  __TI_prof_data_size             
ffffffff  __TI_prof_data_start            
00000000  __TI_static_base__              
00006ba1  __TI_zero_init_nomemset         
00002a1b  __adddf3                        
00004a27  __addsf3                        
00007660  __aeabi_ctype_table_            
00007660  __aeabi_ctype_table_C           
0000611d  __aeabi_d2iz                    
00002a1b  __aeabi_dadd                    
00005bd1  __aeabi_dcmpeq                  
00005c0d  __aeabi_dcmpge                  
00005c21  __aeabi_dcmpgt                  
00005bf9  __aeabi_dcmple                  
00005be5  __aeabi_dcmplt                  
000038a5  __aeabi_ddiv                    
0000425d  __aeabi_dmul                    
00002a11  __aeabi_dsub                    
20200570  __aeabi_errno                   
00005399  __aeabi_errno_addr              
000065a5  __aeabi_f2iz                    
00004a27  __aeabi_fadd                    
00005c35  __aeabi_fcmpeq                  
00005c71  __aeabi_fcmpge                  
00005c85  __aeabi_fcmpgt                  
00005c5d  __aeabi_fcmple                  
00005c49  __aeabi_fcmplt                  
00005281  __aeabi_fmul                    
00004a1d  __aeabi_fsub                    
00006821  __aeabi_i2d                     
00005fdd  __aeabi_idiv                    
00004943  __aeabi_idiv0                   
00005fdd  __aeabi_idivmod                 
0000559f  __aeabi_ldiv0                   
00006a85  __aeabi_llsl                    
00006979  __aeabi_lmul                    
00006e95  __aeabi_memclr                  
00006e95  __aeabi_memclr4                 
00006e95  __aeabi_memclr8                 
00006eed  __aeabi_memcpy                  
00006eed  __aeabi_memcpy4                 
00006eed  __aeabi_memcpy8                 
00006ced  __aeabi_memset                  
00006ced  __aeabi_memset4                 
00006ced  __aeabi_memset8                 
0000684d  __aeabi_ui2f                    
00006309  __aeabi_uidiv                   
00006309  __aeabi_uidivmod                
00006bcd  __aeabi_uldivmod                
00006a85  __ashldi3                       
ffffffff  __binit__                       
0000596d  __cmpdf2                        
000064f5  __cmpsf2                        
000038a5  __divdf3                        
0000596d  __eqdf2                         
000064f5  __eqsf2                         
0000611d  __fixdfsi                       
000065a5  __fixsfsi                       
00006821  __floatsidf                     
0000684d  __floatunsisf                   
00005619  __gedf2                         
00006441  __gesf2                         
00005619  __gtdf2                         
00006441  __gtsf2                         
0000596d  __ledf2                         
000064f5  __lesf2                         
0000596d  __ltdf2                         
000064f5  __ltsf2                         
UNDEFED   __mpu_init                      
0000425d  __muldf3                        
00006979  __muldi3                        
00006531  __muldsi3                       
00005281  __mulsf3                        
0000596d  __nedf2                         
000064f5  __nesf2                         
20207e00  __stack                         
20200000  __start___llvm_prf_bits         
20200000  __start___llvm_prf_cnts         
20200000  __stop___llvm_prf_bits          
20200000  __stop___llvm_prf_cnts          
00002a11  __subdf3                        
00004a1d  __subsf3                        
00005021  __udivmoddi4                    
00006875  _c_int00_noargs                 
UNDEFED   _system_post_cinit              
00006f03  _system_pre_init                
00006ef5  abort                           
00006349  atoi                            
ffffffff  binit                           
202004f5  bq_monitor_active               
2020056f  char_index                      
000017bd  cmd_bq                          
0000123d  cmd_fram                        
00000a91  cmd_gauge                       
00004af5  cmd_hall                        
00005b09  cmd_help                        
00002851  cmd_i2cscan                     
0000345d  cmd_leds                        
00005b6d  cmd_pir                         
00003f9d  cmd_pwr                         
00002ba5  cmd_spi                         
202005a8  data_received                   
00006cad  disable_led_boost               
2020053c  duty_cycles_boost               
20200492  duty_cycles_led                 
00006cbd  enable_led_boost                
0000530d  floorf                          
202003b0  fram                            
20200364  framSpi                         
00005e75  frexp                           
00005e75  frexpl                          
20200000  gCURRENT_CONTROLBackup          
202003c8  gI2cControllerStatus            
202003b8  gRxCount                        
202003bc  gRxLen                          
20200320  gRxPacket                       
202002d0  gSPI_0Backup                    
202002f8  gSPI_1Backup                    
202003a0  gSPI_RxPacket                   
2020055f  gSPI_TxPacket                   
20200178  gTIMER_0Backup                  
202003c0  gTxCount                        
202003c4  gTxLen                          
20200342  gTxPacket                       
202000bc  gVOLTAGE_CONTROLBackup          
00006ccd  gauge_address                   
00006741  gauge_cmd_read                  
202005ab  gauge_monitor_active            
000065dd  gauge_read                      
00006615  gauge_write                     
0000647d  get_UART_buffer                 
202005a6  global_led_voltage              
202005ad  hall_monitor_active             
00006add  i2c_init                        
00000000  interruptVectors                
00004945  ldexp                           
00004945  ldexpl                          
2020057c  led_channel                     
00001ba1  main                            
000069c1  memccpy                         
000050c3  memcpy                          
00005c97  memset                          
20200580  monitor_rate                    
202003cc  output_currents_led_mA          
202004f6  output_voltages_boost_mV        
202005ae  pir_monitor_active              
000059d5  roundf                          
00004945  scalbn                          
00004945  scalbnl                         
00004341  setupCLI                        
20200384  stm32Spi                        
000053a1  strcmp                          
0000699d  strcspn                         
000068c3  strspn                          
000061f9  strtok                          
00002d11  strtol                          
00006a45  uart_init                       
000055a1  uart_printf                     
00006389  vsnprintf                       
00006cdd  wcslen                          


GLOBAL SYMBOLS: SORTED BY Symbol Address 

address   name                            
-------   ----                            
00000000  __TI_ATRegion0_region_sz        
00000000  __TI_ATRegion0_src_addr         
00000000  __TI_ATRegion0_trg_addr         
00000000  __TI_ATRegion1_region_sz        
00000000  __TI_ATRegion1_src_addr         
00000000  __TI_ATRegion1_trg_addr         
00000000  __TI_ATRegion2_region_sz        
00000000  __TI_ATRegion2_src_addr         
00000000  __TI_ATRegion2_trg_addr         
00000000  __TI_static_base__              
00000000  interruptVectors                
000000c1  __TI_printfi                    
00000200  __STACK_SIZE                    
00000a91  cmd_gauge                       
0000123d  cmd_fram                        
000017bd  cmd_bq                          
00001ba1  main                            
00001f3d  CLI_ProcessInput                
0000267d  I2C_ReadDevice                  
00002851  cmd_i2cscan                     
00002a11  __aeabi_dsub                    
00002a11  __subdf3                        
00002a1b  __adddf3                        
00002a1b  __aeabi_dadd                    
00002ba3  ADC0_IRQHandler                 
00002ba3  ADC1_IRQHandler                 
00002ba3  AES_IRQHandler                  
00002ba3  CANFD0_IRQHandler               
00002ba3  DAC0_IRQHandler                 
00002ba3  DMA_IRQHandler                  
00002ba3  Default_Handler                 
00002ba3  GROUP0_IRQHandler               
00002ba3  GROUP1_IRQHandler               
00002ba3  HardFault_Handler               
00002ba3  NMI_Handler                     
00002ba3  PendSV_Handler                  
00002ba3  RTC_IRQHandler                  
00002ba3  SVC_Handler                     
00002ba3  SysTick_Handler                 
00002ba3  TIMA0_IRQHandler                
00002ba3  TIMA1_IRQHandler                
00002ba3  TIMG0_IRQHandler                
00002ba3  TIMG12_IRQHandler               
00002ba3  TIMG6_IRQHandler                
00002ba3  TIMG7_IRQHandler                
00002ba3  TIMG8_IRQHandler                
00002ba3  UART1_IRQHandler                
00002ba3  UART2_IRQHandler                
00002ba3  UART3_IRQHandler                
00002ba5  cmd_spi                         
00002d11  strtol                          
00002e55  SYSCFG_DL_GPIO_init             
000030cd  I2C_WriteDevice                 
00003205  MB85RS_Write                    
0000345d  cmd_leds                        
0000357d  BQ27Z746_SetUTFET_Direct        
0000368d  BQ27Z746_SetTempSensorConfig    
00003799  SPI_Memory_Wait                 
000038a5  __aeabi_ddiv                    
000038a5  __divdf3                        
000039b1  DL_Timer_initFourCCPWMMode      
00003ab5  BQ27Z746_GetSecurityMode        
00003bb5  BQ27Z746_UpdateTelemetry        
00003cb5  BQ25628E_UpdateTelemetry        
00003db1  DL_Timer_initTimerMode          
00003ead  BQ25628E_Init_Default           
00003f9d  cmd_pwr                         
0000408d  BQ27Z746_GetChargingStatus      
00004179  I2C_TryAddress                  
0000425d  __aeabi_dmul                    
0000425d  __muldf3                        
00004341  setupCLI                        
00004421  BQ27Z746_GetDeviceType          
000044ff  BQ27Z746_GetChemID              
000045db  BQ27Z746_GetOperationStatus     
000046b7  BQ27Z746_GetSafetyStatus        
00004793  BQ27Z746_GetFirmwareVersion     
0000486b  BQ27Z746_MAC_Read               
00004943  __aeabi_idiv0                   
00004945  ldexp                           
00004945  ldexpl                          
00004945  scalbn                          
00004945  scalbnl                         
00004a1d  __aeabi_fsub                    
00004a1d  __subsf3                        
00004a27  __addsf3                        
00004a27  __aeabi_fadd                    
00004af5  cmd_hall                        
00004bc5  LED_control_init                
00004c91  LED_set_current                 
00004d4d  Shared_I2C_IRQHandler           
00004e09  MB85RS_Read                     
00004ec1  LED_set_voltage                 
00004f75  UARTReceive                     
00005021  __udivmoddi4                    
000050c3  memcpy                          
0000515d  SYSCFG_DL_initPower             
000051f1  SPI_Memory_Arm                  
00005281  __aeabi_fmul                    
00005281  __mulsf3                        
0000530d  floorf                          
00005399  __aeabi_errno_addr              
000053a1  strcmp                          
00005429  MB85RS_ReadID                   
000054a9  __TI_decompress_lzss            
00005525  BQ27Z746_Unseal                 
0000559f  __aeabi_ldiv0                   
000055a1  uart_printf                     
00005619  __gedf2                         
00005619  __gtdf2                         
0000568d  SYSCFG_DL_UART_0_init           
000056fd  CLI_Tokenize                    
00005765  SYSCFG_DL_CURRENT_CONTROL_init  
000057cd  SYSCFG_DL_I2C_0_init            
00005835  SYSCFG_DL_I2C_1_init            
0000589d  SYSCFG_DL_VOLTAGE_CONTROL_init  
00005905  SYSCFG_DL_init                  
0000596d  __cmpdf2                        
0000596d  __eqdf2                         
0000596d  __ledf2                         
0000596d  __ltdf2                         
0000596d  __nedf2                         
000059d5  roundf                          
00005aa5  SYSCFG_DL_SPI_0_init            
00005b09  cmd_help                        
00005b6d  cmd_pir                         
00005bd1  __aeabi_dcmpeq                  
00005be5  __aeabi_dcmplt                  
00005bf9  __aeabi_dcmple                  
00005c0d  __aeabi_dcmpge                  
00005c21  __aeabi_dcmpgt                  
00005c35  __aeabi_fcmpeq                  
00005c49  __aeabi_fcmplt                  
00005c5d  __aeabi_fcmple                  
00005c71  __aeabi_fcmpge                  
00005c85  __aeabi_fcmpgt                  
00005c97  memset                          
00005cf9  SYSCFG_DL_MCU_UART_1_init       
00005d59  SYSCFG_DL_SPI_1_init            
00005db9  DL_I2C_fillControllerTXFIFO     
00005e19  SPI_Controller_Arm              
00005e75  frexp                           
00005e75  frexpl                          
00005ed1  MB85RS_ReadStatus               
00005f2b  __TI_ltoa                       
00005fdd  __aeabi_idiv                    
00005fdd  __aeabi_idivmod                 
00006085  DL_DMA_initChannel              
000060d1  BQ27Z746_GetTempConfig          
0000611d  __aeabi_d2iz                    
0000611d  __fixdfsi                       
00006167  BQ27Z746_GetFETOptions          
000061b1  DL_UART_init                    
000061f9  strtok                          
00006241  BQ27Z746_Seal                   
00006285  DL_SPI_init                     
000062c9  SYSCFG_DL_SYSCTL_init           
00006309  __aeabi_uidiv                   
00006309  __aeabi_uidivmod                
00006349  atoi                            
00006389  vsnprintf                       
000063c9  CLI_RegisterCommand             
00006405  DL_I2C_flushControllerTXFIFO    
00006441  __gesf2                         
00006441  __gtsf2                         
0000647d  get_UART_buffer                 
000064b9  __TI_auto_init_nobinit_nopinit  
000064f5  __cmpsf2                        
000064f5  __eqsf2                         
000064f5  __lesf2                         
000064f5  __ltsf2                         
000064f5  __nesf2                         
00006531  __muldsi3                       
0000656d  SYSCFG_DL_TIMER_0_init          
000065a5  __aeabi_f2iz                    
000065a5  __fixsfsi                       
000065dd  gauge_read                      
00006615  gauge_write                     
0000664d  SPI1_IRQHandler                 
00006681  DL_I2C_flushControllerRXFIFO    
000066b1  DL_UART_transmitDataBlocking    
00006741  gauge_cmd_read                  
00006771  BQ27Z746_Init                   
0000679d  MB85RS_Init                     
000067c9  SPI0_IRQHandler                 
000067f5  SPI_Memory_Init                 
00006821  __aeabi_i2d                     
00006821  __floatsidf                     
0000684d  __aeabi_ui2f                    
0000684d  __floatunsisf                   
00006875  _c_int00_noargs                 
0000689d  DL_I2C_setClockConfig           
000068c3  strspn                          
000068e9  BQ25628E_ReadReg16              
0000690d  BQ25628E_ReadReg8               
00006931  BQ25628E_WriteReg16             
00006955  SPI_Controller_Init             
00006979  __aeabi_lmul                    
00006979  __muldi3                        
0000699d  strcspn                         
000069c1  memccpy                         
000069e5  BQ25628E_WriteReg8              
00006a05  BQ27Z746_ReadInternalTemp_C     
00006a25  BQ27Z746_ReadTemperature_C      
00006a45  uart_init                       
00006a65  BQ27Z746_MAC_Send               
00006a85  __aeabi_llsl                    
00006a85  __ashldi3                       
00006aa5  DL_Timer_setCaptCompUpdateMethod
00006ac1  DL_Timer_setClockConfig         
00006add  i2c_init                        
00006af9  DL_Timer_setCaptureCompareOutCtl
00006b11  SYSCFG_DL_DMA_CH0_init          
00006b29  SYSCFG_DL_DMA_CH1_init          
00006b41  SYSCFG_DL_DMA_CH2_init          
00006b59  SYSCFG_DL_DMA_CH3_init          
00006b71  UART0_IRQHandler                
00006ba1  __TI_zero_init_nomemset         
00006bb7  SYSCFG_DL_DMA_init              
00006bcd  __aeabi_uldivmod                
00006bf5  DL_SPI_setClockConfig           
00006c07  DL_UART_setClockConfig          
00006c19  __TI_decompress_none            
00006c2d  BQ27Z746_IsDischarging          
00006c3d  BQ27Z746_IsFullyCharged         
00006c4d  BQ27Z746_IsFullyDischarged      
00006c5d  DL_Timer_setCaptureCompareValue 
00006c6d  I2C0_IRQHandler                 
00006c7d  I2C1_IRQHandler                 
00006c8d  LED_get_current                 
00006c9d  SPI_Memory_CS_Deassert          
00006cad  disable_led_boost               
00006cbd  enable_led_boost                
00006ccd  gauge_address                   
00006cdd  wcslen                          
00006ced  __aeabi_memset                  
00006ced  __aeabi_memset4                 
00006ced  __aeabi_memset8                 
00006d09  BQ25628E_Get_IBAT_mA            
00006d15  BQ25628E_Get_IBUS_mA            
00006d21  BQ25628E_Get_VBAT_mV            
00006d2d  BQ25628E_Get_VBUS_mV            
00006d39  BQ25628E_Get_VSYS_mV            
00006d45  BQ27Z746_Get_AvgCurrent_mA      
00006d51  BQ27Z746_Get_AvgPower_mW        
00006d5d  BQ27Z746_Get_BatteryStatus      
00006d69  BQ27Z746_Get_Current_mA         
00006d75  BQ27Z746_Get_CycleCount         
00006d81  BQ27Z746_Get_FullChargeCap_mAh  
00006d8d  BQ27Z746_Get_InternalTemp_C     
00006d99  BQ27Z746_Get_RemainingCap_mAh   
00006da5  BQ27Z746_Get_SOC_pct            
00006db1  BQ27Z746_Get_StateOfHealth_pct  
00006dbd  BQ27Z746_Get_Temperature_C      
00006dc9  BQ27Z746_Get_TimeToEmpty_min    
00006dd5  BQ27Z746_Get_TimeToFull_min     
00006de1  BQ27Z746_Get_Voltage_mV         
00006ded  BQ27Z746_ReadAvgCurrent_mA      
00006df9  BQ27Z746_ReadAvgPower_mW        
00006e05  BQ27Z746_ReadBatteryStatus      
00006e11  BQ27Z746_ReadCurrent_mA         
00006e1d  BQ27Z746_ReadCycleCount         
00006e29  BQ27Z746_ReadFullChargeCap_mAh  
00006e35  BQ27Z746_ReadRemainingCap_mAh   
00006e41  BQ27Z746_ReadSOC_pct            
00006e4d  BQ27Z746_ReadStateOfHealth_pct  
00006e59  BQ27Z746_ReadTimeToEmpty_min    
00006e65  BQ27Z746_ReadTimeToFull_min     
00006e71  BQ27Z746_ReadVoltage_mV         
00006e7d  LED_get_voltage                 
00006e89  SPI_Memory_CS_Assert            
00006e95  __aeabi_memclr                  
00006e95  __aeabi_memclr4                 
00006e95  __aeabi_memclr8                 
00006ea1  DL_Common_delayCycles           
00006eed  __aeabi_memcpy                  
00006eed  __aeabi_memcpy4                 
00006eed  __aeabi_memcpy8                 
00006ef5  abort                           
00006efa  C$$EXIT                         
00006efb  HOSTexit                        
00006eff  Reset_Handler                   
00006f03  _system_pre_init                
00007660  __aeabi_ctype_table_            
00007660  __aeabi_ctype_table_C           
000096a8  __TI_Handler_Table_Base         
000096b4  __TI_Handler_Table_Limit        
000096bc  __TI_CINIT_Base                 
000096cc  __TI_CINIT_Limit                
000096cc  __TI_CINIT_Warm                 
20200000  __start___llvm_prf_bits         
20200000  __start___llvm_prf_cnts         
20200000  __stop___llvm_prf_bits          
20200000  __stop___llvm_prf_cnts          
20200000  gCURRENT_CONTROLBackup          
202000bc  gVOLTAGE_CONTROLBackup          
20200178  gTIMER_0Backup                  
20200290  UART_Buffer                     
202002d0  gSPI_0Backup                    
202002f8  gSPI_1Backup                    
20200320  gRxPacket                       
20200342  gTxPacket                       
20200364  framSpi                         
20200384  stm32Spi                        
202003a0  gSPI_RxPacket                   
202003b0  fram                            
202003b8  gRxCount                        
202003bc  gRxLen                          
202003c0  gTxCount                        
202003c4  gTxLen                          
202003c8  gI2cControllerStatus            
202003cc  output_currents_led_mA          
20200492  duty_cycles_led                 
202004f5  bq_monitor_active               
202004f6  output_voltages_boost_mV        
2020053c  duty_cycles_boost               
2020055f  gSPI_TxPacket                   
2020056f  char_index                      
20200570  __aeabi_errno                   
2020057c  led_channel                     
20200580  monitor_rate                    
202005a6  global_led_voltage              
202005a8  data_received                   
202005ab  gauge_monitor_active            
202005ad  hall_monitor_active             
202005ae  pir_monitor_active              
20207e00  __stack                         
20208000  __STACK_END                     
ffffffff  __TI_pprof_out_hndl             
ffffffff  __TI_prof_data_size             
ffffffff  __TI_prof_data_start            
ffffffff  __binit__                       
ffffffff  binit                           
UNDEFED   __mpu_init                      
UNDEFED   _system_post_cinit              

[335 symbols]
