******************************************************************************
            TI ARM Clang Linker PC v4.0.4                      
******************************************************************************
>> Linked Fri Feb 27 16:15:11 2026

OUTPUT FILE NAME:   <HW_SW_interface_CCS.out>
ENTRY POINT SYMBOL: "_c_int00_noargs"  address: 00004ca1


MEMORY CONFIGURATION

         name            origin    length      used     unused   attr    fill
----------------------  --------  ---------  --------  --------  ----  --------
  FLASH                 00000000   00020000  00006b58  000194a8  R  X
  SRAM                  20200000   00008000  000003cd  00007c33  RW X
  BCR_CONFIG            41c00000   000000ff  00000000  000000ff  R   
  BSL_CONFIG            41c00100   00000080  00000000  00000080  R   


SEGMENT ALLOCATION MAP

run origin  load origin   length   init length attrs members
----------  ----------- ---------- ----------- ----- -------
00000000    00000000    00006b58   00006b58    r-x
  00000000    00000000    000000c0   000000c0    r-- .intvecs
  000000c0    000000c0    000051b0   000051b0    r-x .text
  00005270    00005270    000018a0   000018a0    r-- .rodata
  00006b10    00006b10    00000048   00000048    r-- .cinit
20200000    20200000    000001d0   00000000    rw-
  20200000    20200000    00000185   00000000    rw- .bss
  20200188    20200188    00000048   00000000    rw- .data
20207e00    20207e00    00000200   00000000    rw-
  20207e00    20207e00    00000200   00000000    rw- .stack


SECTION ALLOCATION MAP

 output                                  attributes/
section   page    origin      length       input sections
--------  ----  ----------  ----------   ----------------
.intvecs   0    00000000    000000c0     
                  00000000    000000c0     startup_mspm0g350x_ticlang.o (.intvecs)

.text      0    000000c0    000051b0     
                  000000c0    000009d0     libc.a : _printfi.c.obj (.text:__TI_printfi)
                  00000a90    00000514     functions.o (.text.cmd_gauge)
                  00000fa4    000003e4     functions.o (.text.cmd_bq)
                  00001388    00000398     main.o (.text.main)
                  00001720    00000344     uart.o (.text.CLI_ProcessInput)
                  00001a64    00000220     libc.a : _printfi.c.obj (.text._pconv_a)
                  00001c84    000001dc            : _printfi.c.obj (.text._pconv_g)
                  00001e60    000001d4     i2c.o (.text.I2C_ReadDevice)
                  00002034    000001c0     functions.o (.text.cmd_i2cscan)
                  000021f4    00000192     libclang_rt.builtins.a : adddf3.S.obj (.text.adddf3_subdf3)
                  00002386    00000002     startup_mspm0g350x_ticlang.o (.text.Default_Handler)
                  00002388    0000018c     functions.o (.text.cmd_spi)
                  00002514    00000144     libc.a : strtol.c.obj (.text.strtol)
                  00002658    0000013c            : _printfi.c.obj (.text.fcvt)
                  00002794    00000138     i2c.o (.text.I2C_WriteDevice)
                  000028cc    00000120     libc.a : _printfi.c.obj (.text._pconv_e)
                  000029ec    0000010c     libclang_rt.builtins.a : divdf3.S.obj (.text.__divdf3)
                  00002af8    00000100     BQ27Z7_functions.o (.text.BQ27Z746_UpdateTelemetry)
                  00002bf8    00000100     ti_msp_dl_config.o (.text.SYSCFG_DL_GPIO_init)
                  00002cf8    000000fc     driverlib.a : dl_timer.o (.text.DL_Timer_initTimerMode)
                  00002df4    000000fa     BQ27Z7_functions.o (.text.BQ27Z746_MAC_Read)
                  00002eee    000000f6     BQ27Z7_functions.o (.text.BQ27Z746_GetChargingStatus)
                  00002fe4    000000f6     BQ27Z7_functions.o (.text.BQ27Z746_GetChemID)
                  000030da    000000f6     BQ27Z7_functions.o (.text.BQ27Z746_GetDeviceType)
                  000031d0    000000f6     BQ27Z7_functions.o (.text.BQ27Z746_GetGaugingStatus)
                  000032c6    000000f6     BQ27Z7_functions.o (.text.BQ27Z746_GetOperationStatus)
                  000033bc    000000f2     BQ27Z7_functions.o (.text.BQ27Z746_GetFirmwareVersion)
                  000034ae    00000002     libclang_rt.builtins.a : aeabi_div0.c.obj (.text.__aeabi_idiv0)
                  000034b0    000000f0     BQ25628_functions.o (.text.BQ25628E_Init_Default)
                  000035a0    000000f0     functions.o (.text.cmd_pwr)
                  00003690    000000e4     i2c.o (.text.I2C_TryAddress)
                  00003774    000000e4     libclang_rt.builtins.a : muldf3.S.obj (.text.__muldf3)
                  00003858    000000d8     libc.a : s_scalbn.c.obj (.text.scalbn)
                  00003930    000000d0     functions.o (.text.cmd_hall)
                  00003a00    000000bc     i2c.o (.text.Shared_I2C_IRQHandler)
                  00003abc    000000ac     uart.o (.text.UARTReceive)
                  00003b68    000000a4     BQ25628_functions.o (.text.BQ25628E_UpdateTelemetry)
                  00003c0c    000000a2     libclang_rt.builtins.a : udivmoddi4.S.obj (.text)
                  00003cae    0000009a     libc.a : memcpy16.S.obj (.text:memcpy)
                  00003d48    00000008            : aeabi_portable.c.obj (.text.__aeabi_errno_addr)
                  00003d50    00000088            : strcmp-armv6m.S.obj (.text:strcmp)
                  00003dd8    0000007c     ti_msp_dl_config.o (.text.SYSCFG_DL_initPower)
                  00003e54    0000007c     libc.a : copy_decompress_lzss.c.obj (.text:decompress:lzss)
                  00003ed0    00000078     uart.o (.text.uart_printf)
                  00003f48    00000074     libclang_rt.builtins.a : comparedf2.c.obj (.text.__gedf2)
                  00003fbc    00000070     ti_msp_dl_config.o (.text.SYSCFG_DL_UART_0_init)
                  0000402c    00000068     uart.o (.text.CLI_Tokenize)
                  00004094    00000068     ti_msp_dl_config.o (.text.SYSCFG_DL_I2C_0_init)
                  000040fc    00000068     ti_msp_dl_config.o (.text.SYSCFG_DL_I2C_1_init)
                  00004164    00000068     libclang_rt.builtins.a : comparedf2.c.obj (.text.__ledf2)
                  000041cc    00000066     libc.a : _printfi.c.obj (.text._mcpy)
                  00004232    00000002     libclang_rt.builtins.a : aeabi_div0.c.obj (.text.__aeabi_ldiv0)
                  00004234    00000064     ti_msp_dl_config.o (.text.SYSCFG_DL_SPI_0_init)
                  00004298    00000064     uart.o (.text.cmd_help)
                  000042fc    00000062     libclang_rt.builtins.a : aeabi_dcmp.S.obj (.text.__aeabi_dcmp)
                  0000435e    00000062     libc.a : memset16.S.obj (.text:memset)
                  000043c0    00000060     ti_msp_dl_config.o (.text.SYSCFG_DL_MCU_UART_1_init)
                  00004420    0000005e     driverlib.a : dl_i2c.o (.text.DL_I2C_fillControllerTXFIFO)
                  0000447e    00000002     --HOLE-- [fill = 0]
                  00004480    0000005c     libc.a : s_frexp.c.obj (.text.frexp)
                  000044dc    00000058            : _ltoa.c.obj (.text.__TI_ltoa)
                  00004534    00000058            : _printfi.c.obj (.text._pconv_f)
                  0000458c    00000056     libclang_rt.builtins.a : aeabi_idivmod.S.obj (.text.__aeabi_idivmod)
                  000045e2    00000052     libc.a : _printfi.c.obj (.text._ecpy)
                  00004634    00000050     ti_msp_dl_config.o (.text.SYSCFG_DL_SPI_1_init)
                  00004684    0000004c     driverlib.a : dl_dma.o (.text.DL_DMA_initChannel)
                  000046d0    0000004c     spi_slave.o (.text.SPI_Peripheral_Arm)
                  0000471c    0000004a     libclang_rt.builtins.a : fixdfsi.S.obj (.text.__fixdfsi)
                  00004766    00000002     --HOLE-- [fill = 0]
                  00004768    00000048     driverlib.a : dl_uart.o (.text.DL_UART_init)
                  000047b0    00000048     libc.a : strtok.c.obj (.text.strtok)
                  000047f8    00000044     driverlib.a : dl_spi.o (.text.DL_SPI_init)
                  0000483c    00000044     ti_msp_dl_config.o (.text.SYSCFG_DL_init)
                  00004880    00000040     ti_msp_dl_config.o (.text.SYSCFG_DL_SYSCTL_init)
                  000048c0    00000040     libclang_rt.builtins.a : aeabi_uidivmod.S.obj (.text.__aeabi_uidivmod)
                  00004900    00000040     libc.a : atoi.c.obj (.text.atoi)
                  00004940    00000040            : vsnprintf.c.obj (.text.vsnprintf)
                  00004980    0000003c     uart.o (.text.CLI_RegisterCommand)
                  000049bc    0000003c     driverlib.a : dl_i2c.o (.text.DL_I2C_flushControllerTXFIFO)
                  000049f8    0000003c     uart.o (.text.get_UART_buffer)
                  00004a34    0000003c     libc.a : autoinit.c.obj (.text:__TI_auto_init_nobinit_nopinit)
                  00004a70    0000003a     libclang_rt.builtins.a : muldsi3.S.obj (.text.__muldsi3)
                  00004aaa    00000002     --HOLE-- [fill = 0]
                  00004aac    00000038     ti_msp_dl_config.o (.text.SYSCFG_DL_TIMER_0_init)
                  00004ae4    00000038     gauge.o (.text.gauge_read)
                  00004b1c    00000038     gauge.o (.text.gauge_write)
                  00004b54    00000030     BQ27Z7_functions.o (.text.BQ27Z746_Init)
                  00004b84    00000030     driverlib.a : dl_i2c.o (.text.DL_I2C_flushControllerRXFIFO)
                  00004bb4    00000030                 : dl_uart.o (.text.DL_UART_transmitDataBlocking)
                  00004be4    00000030     libc.a : _printfi.c.obj (.text._fcpy)
                  00004c14    00000030            : vsnprintf.c.obj (.text._outs)
                  00004c44    00000030     gauge.o (.text.gauge_cmd_read)
                  00004c74    0000002c     libclang_rt.builtins.a : floatsidf.S.obj (.text.__floatsidf)
                  00004ca0    00000028     libc.a : boot_cortex_m.c.obj (.text:_c_int00_noargs)
                  00004cc8    00000026     driverlib.a : dl_i2c.o (.text.DL_I2C_setClockConfig)
                  00004cee    00000026     libc.a : strspn.c.obj (.text.strspn)
                  00004d14    00000024     BQ25628_functions.o (.text.BQ25628E_ReadReg16)
                  00004d38    00000024     BQ25628_functions.o (.text.BQ25628E_ReadReg8)
                  00004d5c    00000024     BQ25628_functions.o (.text.BQ25628E_WriteReg16)
                  00004d80    00000024     libclang_rt.builtins.a : muldi3.S.obj (.text.__muldi3)
                  00004da4    00000024     libc.a : strcspn.c.obj (.text.strcspn)
                  00004dc8    00000022            : memccpy.c.obj (.text.memccpy)
                  00004dea    00000002     --HOLE-- [fill = 0]
                  00004dec    00000020     BQ25628_functions.o (.text.BQ25628E_WriteReg8)
                  00004e0c    00000020     BQ27Z7_functions.o (.text.BQ27Z746_ReadInternalTemp_C)
                  00004e2c    00000020     BQ27Z7_functions.o (.text.BQ27Z746_ReadTemperature_C)
                  00004e4c    00000020     spi_slave.o (.text.SPI_Peripheral_Init)
                  00004e6c    00000020     uart.o (.text.uart_init)
                  00004e8c    0000001e     libclang_rt.builtins.a : ashldi3.S.obj (.text.__ashldi3)
                  00004eaa    00000002     --HOLE-- [fill = 0]
                  00004eac    0000001c     driverlib.a : dl_timer.o (.text.DL_Timer_setClockConfig)
                  00004ec8    0000001c     spi_slave.o (.text.SPI1_IRQHandler)
                  00004ee4    0000001c     i2c.o (.text.i2c_init)
                  00004f00    00000018     ti_msp_dl_config.o (.text.SYSCFG_DL_DMA_CH0_init)
                  00004f18    00000018     ti_msp_dl_config.o (.text.SYSCFG_DL_DMA_CH1_init)
                  00004f30    00000018     ti_msp_dl_config.o (.text.SYSCFG_DL_DMA_CH2_init)
                  00004f48    00000018     ti_msp_dl_config.o (.text.SYSCFG_DL_DMA_CH3_init)
                  00004f60    00000018     main.o (.text.UART0_IRQHandler)
                  00004f78    00000018     libc.a : vsnprintf.c.obj (.text._outc)
                  00004f90    00000016            : copy_zero_init.c.obj (.text:decompress:ZI:__TI_zero_init_nomemset)
                  00004fa6    00000014     ti_msp_dl_config.o (.text.SYSCFG_DL_DMA_init)
                  00004fba    00000002     --HOLE-- [fill = 0]
                  00004fbc    00000014     libclang_rt.builtins.a : aeabi_uldivmod.S.obj (.text.__aeabi_uldivmod)
                  00004fd0    00000014     libc.a : _printfi.c.obj (.text.strchr)
                  00004fe4    00000012     driverlib.a : dl_spi.o (.text.DL_SPI_setClockConfig)
                  00004ff6    00000012                 : dl_uart.o (.text.DL_UART_setClockConfig)
                  00005008    00000012     libc.a : copy_decompress_none.c.obj (.text:decompress:none)
                  0000501a    00000002     --HOLE-- [fill = 0]
                  0000501c    00000010     BQ27Z7_functions.o (.text.BQ27Z746_IsDischarging)
                  0000502c    00000010     BQ27Z7_functions.o (.text.BQ27Z746_IsFullyCharged)
                  0000503c    00000010     BQ27Z7_functions.o (.text.BQ27Z746_IsFullyDischarged)
                  0000504c    00000010     i2c.o (.text.I2C0_IRQHandler)
                  0000505c    00000010     i2c.o (.text.I2C1_IRQHandler)
                  0000506c    00000010     gauge.o (.text.gauge_address)
                  0000507c    00000010     libc.a : wcslen.c.obj (.text.wcslen)
                  0000508c    0000000e     libclang_rt.builtins.a : aeabi_memset.S.obj (.text.__aeabi_memset)
                  0000509a    0000000e     libc.a : _printfi.c.obj (.text.strlen)
                  000050a8    0000000c     BQ25628_functions.o (.text.BQ25628E_Get_IBAT_mA)
                  000050b4    0000000c     BQ25628_functions.o (.text.BQ25628E_Get_IBUS_mA)
                  000050c0    0000000c     BQ25628_functions.o (.text.BQ25628E_Get_VBAT_mV)
                  000050cc    0000000c     BQ25628_functions.o (.text.BQ25628E_Get_VSYS_mV)
                  000050d8    0000000c     BQ27Z7_functions.o (.text.BQ27Z746_Get_AvgCurrent_mA)
                  000050e4    0000000c     BQ27Z7_functions.o (.text.BQ27Z746_Get_AvgPower_mW)
                  000050f0    0000000c     BQ27Z7_functions.o (.text.BQ27Z746_Get_BatteryStatus)
                  000050fc    0000000c     BQ27Z7_functions.o (.text.BQ27Z746_Get_Current_mA)
                  00005108    0000000c     BQ27Z7_functions.o (.text.BQ27Z746_Get_CycleCount)
                  00005114    0000000c     BQ27Z7_functions.o (.text.BQ27Z746_Get_FullChargeCap_mAh)
                  00005120    0000000c     BQ27Z7_functions.o (.text.BQ27Z746_Get_InternalTemp_C)
                  0000512c    0000000c     BQ27Z7_functions.o (.text.BQ27Z746_Get_RemainingCap_mAh)
                  00005138    0000000c     BQ27Z7_functions.o (.text.BQ27Z746_Get_SOC_pct)
                  00005144    0000000c     BQ27Z7_functions.o (.text.BQ27Z746_Get_StateOfHealth_pct)
                  00005150    0000000c     BQ27Z7_functions.o (.text.BQ27Z746_Get_Temperature_C)
                  0000515c    0000000c     BQ27Z7_functions.o (.text.BQ27Z746_Get_TimeToEmpty_min)
                  00005168    0000000c     BQ27Z7_functions.o (.text.BQ27Z746_Get_TimeToFull_min)
                  00005174    0000000c     BQ27Z7_functions.o (.text.BQ27Z746_Get_Voltage_mV)
                  00005180    0000000c     BQ27Z7_functions.o (.text.BQ27Z746_ReadAvgCurrent_mA)
                  0000518c    0000000c     BQ27Z7_functions.o (.text.BQ27Z746_ReadAvgPower_mW)
                  00005198    0000000c     BQ27Z7_functions.o (.text.BQ27Z746_ReadBatteryStatus)
                  000051a4    0000000c     BQ27Z7_functions.o (.text.BQ27Z746_ReadCurrent_mA)
                  000051b0    0000000c     BQ27Z7_functions.o (.text.BQ27Z746_ReadCycleCount)
                  000051bc    0000000c     BQ27Z7_functions.o (.text.BQ27Z746_ReadFullChargeCap_mAh)
                  000051c8    0000000c     BQ27Z7_functions.o (.text.BQ27Z746_ReadRemainingCap_mAh)
                  000051d4    0000000c     BQ27Z7_functions.o (.text.BQ27Z746_ReadSOC_pct)
                  000051e0    0000000c     BQ27Z7_functions.o (.text.BQ27Z746_ReadStateOfHealth_pct)
                  000051ec    0000000c     BQ27Z7_functions.o (.text.BQ27Z746_ReadTimeToEmpty_min)
                  000051f8    0000000c     BQ27Z7_functions.o (.text.BQ27Z746_ReadTimeToFull_min)
                  00005204    0000000c     BQ27Z7_functions.o (.text.BQ27Z746_ReadVoltage_mV)
                  00005210    0000000c     libclang_rt.builtins.a : aeabi_memset.S.obj (.text.__aeabi_memclr)
                  0000521c    0000000a     driverlib.a : dl_common.o (.text.DL_Common_delayCycles)
                  00005226    0000000a     libc.a : _printfi.c.obj (.text.OUTLINED_FUNCTION_0)
                  00005230    00000010     libclang_rt.builtins.a : adddf3.S.obj (.tramp.__aeabi_dsub.1)
                  00005240    0000000a     libc.a : _printfi.c.obj (.text.OUTLINED_FUNCTION_1)
                  0000524a    00000002     --HOLE-- [fill = 0]
                  0000524c    00000008     libclang_rt.builtins.a : aeabi_memcpy.S.obj (.text.__aeabi_memcpy)
                  00005254    00000006     libc.a : exit.c.obj (.text:abort)
                  0000525a    00000004     libsysbm.a : hostexit.c.obj (.text.HOSTexit)
                  0000525e    00000004     startup_mspm0g350x_ticlang.o (.text.Reset_Handler)
                  00005262    00000004     libc.a : pre_init.c.obj (.text._system_pre_init)
                  00005266    0000000a     --HOLE-- [fill = 0]

.cinit     0    00006b10    00000048     
                  00006b10    00000024     (.cinit..data.load) [load image, compression = lzss]
                  00006b34    0000000c     (__TI_handler_table)
                  00006b40    00000008     (.cinit..bss.load) [load image, compression = zero_init]
                  00006b48    00000010     (__TI_cinit_table)

.rodata    0    00005270    000018a0     
                  00005270    000001eb     functions.o (.rodata.str1.14424774467072349609.1)
                  0000545b    000001da     functions.o (.rodata.str1.17600609178903569978.1)
                  00005635    0000000b     main.o (.rodata.str1.10313062130652730376.1)
                  00005640    00000101     libc.a : aeabi_ctype.S.obj (.rodata:__aeabi_ctype_table_)
                  00005741    000000ef     functions.o (.rodata.str1.10105263805998509149.1)
                  00005830    00000046     functions.o (.rodata.str1.14754684760099289372.1)
                  00005876    0000003c     functions.o (.rodata.str1.15416425971347363818.1)
                  000058b2    0000003c     functions.o (.rodata.str1.6596733414268854495.1)
                  000058ee    0000003b     functions.o (.rodata.str1.5117621188084071403.1)
                  00005929    00000039     functions.o (.rodata.str1.2344728598999326712.1)
                  00005962    00000035     functions.o (.rodata.str1.13361924668150654931.1)
                  00005997    00000034     functions.o (.rodata.str1.13554695696533425351.1)
                  000059cb    00000033     functions.o (.rodata.str1.16929425599360063401.1)
                  000059fe    00000033     functions.o (.rodata.str1.8276779995786722914.1)
                  00005a31    00000031     main.o (.rodata.str1.16265332423659789559.1)
                  00005a62    00000030     main.o (.rodata.str1.10635229749459437609.1)
                  00005a92    00000030     main.o (.rodata.str1.3530083166107438000.1)
                  00005ac2    0000002f     functions.o (.rodata.str1.11510568493784519380.1)
                  00005af1    0000002f     main.o (.rodata.str1.18227636981041470289.1)
                  00005b20    0000002d     functions.o (.rodata.str1.13647871663007229205.1)
                  00005b4d    0000002d     functions.o (.rodata.str1.17873271132953962449.1)
                  00005b7a    0000002d     functions.o (.rodata.str1.303947978237559523.1)
                  00005ba7    0000002c     main.o (.rodata.str1.14402440632258215044.1)
                  00005bd3    0000002c     main.o (.rodata.str1.5043408953494467246.1)
                  00005bff    0000002a     functions.o (.rodata.str1.13933329845969146692.1)
                  00005c29    00000029     functions.o (.rodata.str1.14212890215622683485.1)
                  00005c52    00000028     functions.o (.rodata.str1.13707145581914847747.1)
                  00005c7a    00000027     functions.o (.rodata.str1.7085808795165203043.1)
                  00005ca1    00000027     main.o (.rodata.str1.9059077390166914652.1)
                  00005cc8    00000026     functions.o (.rodata.str1.11596568296542930794.1)
                  00005cee    00000026     functions.o (.rodata.str1.312031595841812858.1)
                  00005d14    00000026     main.o (.rodata.str1.39260288392874984.1)
                  00005d3a    00000025     functions.o (.rodata.str1.5196872854305757230.1)
                  00005d5f    00000024     main.o (.rodata.str1.1311392489248731986.1)
                  00005d83    00000024     functions.o (.rodata.str1.2298903785866919411.1)
                  00005da7    00000024     main.o (.rodata.str1.6554448696319176064.1)
                  00005dcb    00000023     uart.o (.rodata.str1.14464947116831474962.1)
                  00005dee    00000023     functions.o (.rodata.str1.16757203657686794125.1)
                  00005e11    00000023     functions.o (.rodata.str1.7723146404961276984.1)
                  00005e34    00000022     functions.o (.rodata.str1.11403685632016021771.1)
                  00005e56    00000022     main.o (.rodata.str1.14466178792657420020.1)
                  00005e78    00000022     functions.o (.rodata.str1.17016031596792030868.1)
                  00005e9a    00000022     functions.o (.rodata.str1.17242831494859343374.1)
                  00005ebc    00000022     main.o (.rodata.str1.17376258722486336754.1)
                  00005ede    00000022     functions.o (.rodata.str1.2305192595417680505.1)
                  00005f00    00000022     functions.o (.rodata.str1.4910338030008278487.1)
                  00005f22    00000022     functions.o (.rodata.str1.831622212789273363.1)
                  00005f44    00000022     main.o (.rodata.str1.8828068777338075035.1)
                  00005f66    00000022     functions.o (.rodata.str1.8841248051089024616.1)
                  00005f88    00000021     functions.o (.rodata.str1.12250083639950253671.1)
                  00005fa9    00000021     functions.o (.rodata.str1.12257129677820421622.1)
                  00005fca    00000021     functions.o (.rodata.str1.16726128468901222387.1)
                  00005feb    00000021     functions.o (.rodata.str1.17112998893623131760.1)
                  0000600c    00000021     functions.o (.rodata.str1.18169768820860067831.1)
                  0000602d    00000021     functions.o (.rodata.str1.2957129483359387701.1)
                  0000604e    00000021     functions.o (.rodata.str1.3739636256912452571.1)
                  0000606f    00000021     functions.o (.rodata.str1.4040450050525152614.1)
                  00006090    00000021     functions.o (.rodata.str1.4531601087117612729.1)
                  000060b1    00000020     functions.o (.rodata.str1.10868672936327135180.1)
                  000060d1    00000020     functions.o (.rodata.str1.11158820112163685190.1)
                  000060f1    00000020     functions.o (.rodata.str1.11371842499512143921.1)
                  00006111    00000020     functions.o (.rodata.str1.11740181311745255940.1)
                  00006131    00000020     functions.o (.rodata.str1.14504089057119714207.1)
                  00006151    00000020     functions.o (.rodata.str1.14626576299884526934.1)
                  00006171    00000020     functions.o (.rodata.str1.16113805747440866019.1)
                  00006191    00000020     functions.o (.rodata.str1.17418132220924322792.1)
                  000061b1    00000020     main.o (.rodata.str1.2563708670032483588.1)
                  000061d1    00000020     functions.o (.rodata.str1.2654337880733388962.1)
                  000061f1    00000020     functions.o (.rodata.str1.9987864939932165754.1)
                  00006211    0000001f     functions.o (.rodata.str1.10930655922842606279.1)
                  00006230    0000001f     functions.o (.rodata.str1.11345522308171243087.1)
                  0000624f    0000001f     main.o (.rodata.str1.14112174005742061988.1)
                  0000626e    0000001f     functions.o (.rodata.str1.16614484817706633923.1)
                  0000628d    0000001f     functions.o (.rodata.str1.2216088936736676215.1)
                  000062ac    0000001f     functions.o (.rodata.str1.455706336395187257.1)
                  000062cb    0000001f     functions.o (.rodata.str1.7261598007108977983.1)
                  000062ea    0000001f     functions.o (.rodata.str1.8430466031500812981.1)
                  00006309    0000001e     functions.o (.rodata.str1.13258710136769708401.1)
                  00006327    0000001e     functions.o (.rodata.str1.5905555877690922764.1)
                  00006345    0000001e     functions.o (.rodata.str1.7324634916810494498.1)
                  00006363    0000001e     functions.o (.rodata.str1.9393216526452698668.1)
                  00006381    0000001d     functions.o (.rodata.str1.11852899632267644254.1)
                  0000639e    0000001d     functions.o (.rodata.str1.15667472894159448674.1)
                  000063bb    0000001c     main.o (.rodata.str1.12180500075719773345.1)
                  000063d7    0000001b     functions.o (.rodata.str1.11087625087312282266.1)
                  000063f2    0000001b     functions.o (.rodata.str1.2153166669032916089.1)
                  0000640d    0000001b     functions.o (.rodata.str1.6886749528440134913.1)
                  00006428    0000001b     functions.o (.rodata.str1.7667325258934765219.1)
                  00006443    0000001b     functions.o (.rodata.str1.823074591787180899.1)
                  0000645e    0000001b     functions.o (.rodata.str1.9866892624350641238.1)
                  00006479    0000001a     functions.o (.rodata.str1.10394495994740858438.1)
                  00006493    0000001a     functions.o (.rodata.str1.11621569494667626893.1)
                  000064ad    0000001a     functions.o (.rodata.str1.12609848238114409581.1)
                  000064c7    0000001a     main.o (.rodata.str1.14079361385603432444.1)
                  000064e1    0000001a     functions.o (.rodata.str1.16386345573460399209.1)
                  000064fb    0000001a     functions.o (.rodata.str1.2006883888705870762.1)
                  00006515    0000001a     functions.o (.rodata.str1.2872345601479061820.1)
                  0000652f    0000001a     functions.o (.rodata.str1.976629323795015702.1)
                  00006549    00000019     main.o (.rodata.str1.8076846746581808073.1)
                  00006562    00000002     ti_msp_dl_config.o (.rodata.gI2C_0ClockConfig)
                  00006564    00000018     ti_msp_dl_config.o (.rodata.gDMA_CH0Config)
                  0000657c    00000018     ti_msp_dl_config.o (.rodata.gDMA_CH1Config)
                  00006594    00000018     ti_msp_dl_config.o (.rodata.gDMA_CH2Config)
                  000065ac    00000018     ti_msp_dl_config.o (.rodata.gDMA_CH3Config)
                  000065c4    00000018     functions.o (.rodata.str1.14826907694073300720.1)
                  000065dc    00000018     functions.o (.rodata.str1.15647711897633472048.1)
                  000065f4    00000018     functions.o (.rodata.str1.3544098629501009633.1)
                  0000660c    00000018     functions.o (.rodata.str1.4307635291288551838.1)
                  00006624    00000018     functions.o (.rodata.str1.5556253844797924259.1)
                  0000663c    00000018     main.o (.rodata.str1.8154729771448623357.1)
                  00006654    00000017     functions.o (.rodata.str1.15871961652988661611.1)
                  0000666b    00000017     functions.o (.rodata.str1.15981603964029308583.1)
                  00006682    00000017     functions.o (.rodata.str1.16499007181999684178.1)
                  00006699    00000017     functions.o (.rodata.str1.17162129685140799346.1)
                  000066b0    00000017     functions.o (.rodata.str1.2190941444116491765.1)
                  000066c7    00000017     main.o (.rodata.str1.8428454045432808059.1)
                  000066de    00000016     functions.o (.rodata.str1.13750405472340812261.1)
                  000066f4    00000016     functions.o (.rodata.str1.14660004578859228044.1)
                  0000670a    00000016     uart.o (.rodata.str1.15503172443992438641.1)
                  00006720    00000016     functions.o (.rodata.str1.1912318065655334061.1)
                  00006736    00000016     main.o (.rodata.str1.2763581881760962609.1)
                  0000674c    00000016     functions.o (.rodata.str1.4144252613811081812.1)
                  00006762    00000015     functions.o (.rodata.str1.11457859038367029433.1)
                  00006777    00000015     functions.o (.rodata.str1.13291850131445628085.1)
                  0000678c    00000015     functions.o (.rodata.str1.13318008327193210645.1)
                  000067a1    00000015     functions.o (.rodata.str1.14079700471513303319.1)
                  000067b6    00000015     functions.o (.rodata.str1.14779408147115502373.1)
                  000067cb    00000015     functions.o (.rodata.str1.16344480386849582482.1)
                  000067e0    00000015     functions.o (.rodata.str1.17171889877841249491.1)
                  000067f5    00000015     functions.o (.rodata.str1.18285776561876861988.1)
                  0000680a    00000015     functions.o (.rodata.str1.5514502381961403268.1)
                  0000681f    00000015     functions.o (.rodata.str1.7987950595137088371.1)
                  00006834    00000015     uart.o (.rodata.str1.8171864734171609186.1)
                  00006849    00000003     ti_msp_dl_config.o (.rodata.gTIMER_0ClockConfig)
                  0000684c    00000014     ti_msp_dl_config.o (.rodata.gTIMER_0TimerConfig)
                  00006860    00000014     main.o (.rodata.str1.11870794119293528247.1)
                  00006874    00000013     functions.o (.rodata.str1.17622889657162422067.1)
                  00006887    00000012     functions.o (.rodata.str1.11391304066098951517.1)
                  00006899    00000012     main.o (.rodata.str1.16631870348416990953.1)
                  000068ab    00000011     libc.a : _printfi.c.obj (.rodata.str1.10348868589481759720.1)
                  000068bc    00000011     main.o (.rodata.str1.10865113624938808685.1)
                  000068cd    00000011     main.o (.rodata.str1.11321157723316767883.1)
                  000068de    00000011     libc.a : _printfi.c.obj (.rodata.str1.15363888844622738466.1)
                  000068ef    00000011     main.o (.rodata.str1.17045314124001216156.1)
                  00006900    00000011     main.o (.rodata.str1.7784929982665794503.1)
                  00006911    00000011     main.o (.rodata.str1.8096991282711418442.1)
                  00006922    00000011     functions.o (.rodata.str1.8855207564147674068.1)
                  00006933    00000001     --HOLE-- [fill = 0]
                  00006934    00000010     main.o (.rodata..Lswitch.table.main)
                  00006944    0000000f     functions.o (.rodata.str1.6405428687533244608.1)
                  00006953    0000000e     main.o (.rodata.str1.7996925722583989644.1)
                  00006961    0000000d     functions.o (.rodata.str1.14249227603012650231.1)
                  0000696e    0000000d     main.o (.rodata.str1.8320541211001259012.1)
                  0000697b    0000000c     main.o (.rodata.str1.16302215771116645891.1)
                  00006987    0000000b     functions.o (.rodata.str1.13786467237224150958.1)
                  00006992    0000000a     ti_msp_dl_config.o (.rodata.gMCU_UART_1Config)
                  0000699c    0000000a     ti_msp_dl_config.o (.rodata.gSPI_0_config)
                  000069a6    0000000a     ti_msp_dl_config.o (.rodata.gSPI_1_config)
                  000069b0    0000000a     ti_msp_dl_config.o (.rodata.gUART_0Config)
                  000069ba    0000000a     main.o (.rodata.str1.13030671760666898970.1)
                  000069c4    0000000a     functions.o (.rodata.str1.9659379646541333203.1)
                  000069ce    00000009     main.o (.rodata.str1.10720410773482754683.1)
                  000069d7    00000009     main.o (.rodata.str1.11822182024223342093.1)
                  000069e0    00000009     functions.o (.rodata.str1.17004305802620412261.1)
                  000069e9    00000009     main.o (.rodata.str1.18092426736022315238.1)
                  000069f2    00000009     uart.o (.rodata.str1.2747995240747259486.1)
                  000069fb    00000009     functions.o (.rodata.str1.5320122413559821118.1)
                  00006a04    00000008     functions.o (.rodata.str1.10029850049327752681.1)
                  00006a0c    00000008     main.o (.rodata.str1.10224226614597680209.1)
                  00006a14    00000008     functions.o (.rodata.str1.11093425900794288272.1)
                  00006a1c    00000008     functions.o (.rodata.str1.12716370140545181522.1)
                  00006a24    00000008     functions.o (.rodata.str1.13225435875195226696.1)
                  00006a2c    00000008     functions.o (.rodata.str1.15927518266867229498.1)
                  00006a34    00000008     main.o (.rodata.str1.2846389346932560359.1)
                  00006a3c    00000008     functions.o (.rodata.str1.3156050197955811031.1)
                  00006a44    00000008     main.o (.rodata.str1.6891813955777630061.1)
                  00006a4c    00000007     functions.o (.rodata.str1.14125585639945481457.1)
                  00006a53    00000007     functions.o (.rodata.str1.17588442350683572369.1)
                  00006a5a    00000007     functions.o (.rodata.str1.1879081474855052955.1)
                  00006a61    00000007     main.o (.rodata.str1.2624144126699937905.1)
                  00006a68    00000007     functions.o (.rodata.str1.3123360382440319361.1)
                  00006a6f    00000006     functions.o (.rodata.str1.11538060877586311343.1)
                  00006a75    00000006     functions.o (.rodata.str1.17144429639171527548.1)
                  00006a7b    00000006     main.o (.rodata.str1.2123964117280943167.1)
                  00006a81    00000006     main.o (.rodata.str1.403738606202455663.1)
                  00006a87    00000006     functions.o (.rodata.str1.4959705119256106851.1)
                  00006a8d    00000006     functions.o (.rodata.str1.6579945242302544448.1)
                  00006a93    00000005     functions.o (.rodata.str1.11900037607746946141.1)
                  00006a98    00000005     functions.o (.rodata.str1.13183419841694627606.1)
                  00006a9d    00000005     main.o (.rodata.str1.13288086030101331538.1)
                  00006aa2    00000005     functions.o (.rodata.str1.14496393926573069083.1)
                  00006aa7    00000005     main.o (.rodata.str1.15159059442110792349.1)
                  00006aac    00000005     functions.o (.rodata.str1.2618360898605671341.1)
                  00006ab1    00000005     main.o (.rodata.str1.288608917962107522.1)
                  00006ab6    00000005     functions.o (.rodata.str1.3066531604708884151.1)
                  00006abb    00000005     functions.o (.rodata.str1.3172367308849033862.1)
                  00006ac0    00000005     functions.o (.rodata.str1.502354497711140047.1)
                  00006ac5    00000005     functions.o (.rodata.str1.9955790773425000222.1)
                  00006aca    00000004     main.o (.rodata.str1.11702106008850790973.1)
                  00006ace    00000004     functions.o (.rodata.str1.12871985577256932554.1)
                  00006ad2    00000004     main.o (.rodata.str1.15996357275703397564.1)
                  00006ad6    00000004     main.o (.rodata.str1.17100691992556644108.1)
                  00006ada    00000004     functions.o (.rodata.str1.3098115528246613681.1)
                  00006ade    00000004     functions.o (.rodata.str1.4561657886204501224.1)
                  00006ae2    00000004     functions.o (.rodata.str1.62749256631814321.1)
                  00006ae6    00000004     functions.o (.rodata.str1.7108839738911806945.1)
                  00006aea    00000004     functions.o (.rodata.str1.9119127971185803168.1)
                  00006aee    00000003     uart.o (.rodata.str1.12819099410943012003.1)
                  00006af1    00000003     functions.o (.rodata.str1.3322434249706281543.1)
                  00006af4    00000003     main.o (.rodata.str1.7702501944640899365.1)
                  00006af7    00000002     ti_msp_dl_config.o (.rodata.gI2C_1ClockConfig)
                  00006af9    00000002     ti_msp_dl_config.o (.rodata.gMCU_UART_1ClockConfig)
                  00006afb    00000002     ti_msp_dl_config.o (.rodata.gSPI_0_clockConfig)
                  00006afd    00000002     ti_msp_dl_config.o (.rodata.gSPI_1_clockConfig)
                  00006aff    00000002     ti_msp_dl_config.o (.rodata.gUART_0ClockConfig)
                  00006b01    00000002     uart.o (.rodata.str1.3510367808670815947.1)
                  00006b03    00000002     functions.o (.rodata.str1.5994875290679588583.1)
                  00006b05    0000000b     --HOLE-- [fill = 0]

.init_array 
*          0    00000000    00000000     UNINITIALIZED

.binit     0    00000000    00000000     

.bss       0    20200000    00000185     UNINITIALIZED
                  20200000    00000078     uart.o (.bss.commandList)
                  20200078    00000040     (.common:UART_Buffer)
                  202000b8    00000028     (.common:gSPI_0Backup)
                  202000e0    00000028     (.common:gSPI_1Backup)
                  20200108    00000022     (.common:gRxPacket)
                  2020012a    00000022     (.common:gTxPacket)
                  2020014c    00000018     (.common:stm32Spi)
                  20200164    00000010     (.common:gSPI_RxPacket)
                  20200174    00000004     (.common:gRxCount)
                  20200178    00000004     (.common:gRxLen)
                  2020017c    00000004     (.common:gTxCount)
                  20200180    00000004     (.common:gTxLen)
                  20200184    00000001     (.common:gI2cControllerStatus)

.data      0    20200188    00000048     UNINITIALIZED
                  20200188    00000010     spi_slave.o (.data.gSPI_TxPacket)
                  20200198    00000004     libc.a : aeabi_portable.c.obj (.data.__aeabi_errno)
                  2020019c    00000004     uart.o (.data.commandCount)
                  202001a0    00000004     libc.a : strtok.c.obj (.data.last_end)
                  202001a4    00000004     main.o (.data.monitor_rate)
                  202001a8    00000002     BQ25628_functions.o (.data.g_ibat_mA)
                  202001aa    00000002     BQ25628_functions.o (.data.g_ibus_mA)
                  202001ac    00000002     BQ27Z7_functions.o (.data.g_telem.0)
                  202001ae    00000002     BQ27Z7_functions.o (.data.g_telem.10)
                  202001b0    00000002     BQ27Z7_functions.o (.data.g_telem.11)
                  202001b2    00000002     BQ27Z7_functions.o (.data.g_telem.12)
                  202001b4    00000002     BQ27Z7_functions.o (.data.g_telem.13)
                  202001b6    00000002     BQ27Z7_functions.o (.data.g_telem.1)
                  202001b8    00000002     BQ27Z7_functions.o (.data.g_telem.2)
                  202001ba    00000002     BQ27Z7_functions.o (.data.g_telem.4)
                  202001bc    00000002     BQ27Z7_functions.o (.data.g_telem.5)
                  202001be    00000002     BQ27Z7_functions.o (.data.g_telem.7)
                  202001c0    00000002     BQ27Z7_functions.o (.data.g_telem.8)
                  202001c2    00000002     BQ27Z7_functions.o (.data.g_telem.9)
                  202001c4    00000002     BQ25628_functions.o (.data.g_vbat_mV)
                  202001c6    00000002     BQ25628_functions.o (.data.g_vsys_mV)
                  202001c8    00000001     main.o (.data.bq_monitor_active)
                  202001c9    00000001     uart.o (.data.char_index)
                  202001ca    00000001     uart.o (.data.data_received)
                  202001cb    00000001     gauge.o (.data.g_gaugeAddr)
                  202001cc    00000001     BQ27Z7_functions.o (.data.g_telem.3)
                  202001cd    00000001     main.o (.data.gauge_monitor_active)
                  202001ce    00000001     BQ27Z7_functions.o (.data.g_telem.6)
                  202001cf    00000001     main.o (.data.hall_monitor_active)

.stack     0    20207e00    00000200     UNINITIALIZED
                  20207e00    00000004     libc.a : boot_cortex_m.c.obj (.stack)
                  20207e04    000001fc     --HOLE--

__llvm_prf_cnts 
*          0    20200000    00000000     UNINITIALIZED

__llvm_prf_bits 
*          0    20200000    00000000     UNINITIALIZED

MODULE SUMMARY

       Module                         code    ro data   rw data
       ------                         ----    -------   -------
    .\
       functions.o                    3588    4697      0      
       main.o                         944     1041      7      
       ti_msp_dl_config.o             1280    171       80     
       startup_mspm0g350x_ticlang.o   6       192       0      
    +--+------------------------------+-------+---------+---------+
       Total:                         5818    6101      87     
                                                               
    .\HAL\
       uart.o                         1484    92        190    
       i2c.o                          1256    0         85     
       spi_slave.o                    136     0         56     
    +--+------------------------------+-------+---------+---------+
       Total:                         2876    92        331    
                                                               
    .\ics\BQ25628\
       BQ25628_functions.o            592     0         8      
    +--+------------------------------+-------+---------+---------+
       Total:                         592     0         8      
                                                               
    .\ics\BQ27Z7\
       BQ27Z7_functions.o             2450    0         26     
       gauge.o                        176     0         1      
    +--+------------------------------+-------+---------+---------+
       Total:                         2626    0         27     
                                                               
    C:/ti/mspm0_sdk_2_09_00_01/source/ti/driverlib/lib/ticlang/m0p/mspm0g1x0x_g3x0x/driverlib.a
       dl_timer.o                     280     0         0      
       dl_i2c.o                       240     0         0      
       dl_uart.o                      138     0         0      
       dl_spi.o                       86      0         0      
       dl_dma.o                       76      0         0      
       dl_common.o                    10      0         0      
    +--+------------------------------+-------+---------+---------+
       Total:                         830     0         0      
                                                               
    C:\ti\ccs2031\ccs\tools\compiler\ti-cgt-armllvm_4.0.4.LTS\lib\armv6m-ti-none-eabi/c/libc.a
       _printfi.c.obj                 4510    34        0      
       strtol.c.obj                   324     0         0      
       aeabi_ctype.S.obj              0       257       0      
       s_scalbn.c.obj                 216     0         0      
       memcpy16.S.obj                 154     0         0      
       strcmp-armv6m.S.obj            136     0         0      
       vsnprintf.c.obj                136     0         0      
       copy_decompress_lzss.c.obj     124     0         0      
       memset16.S.obj                 98      0         0      
       s_frexp.c.obj                  92      0         0      
       _ltoa.c.obj                    88      0         0      
       strtok.c.obj                   72      0         4      
       atoi.c.obj                     64      0         0      
       autoinit.c.obj                 60      0         0      
       boot_cortex_m.c.obj            40      0         0      
       strspn.c.obj                   38      0         0      
       strcspn.c.obj                  36      0         0      
       memccpy.c.obj                  34      0         0      
       copy_zero_init.c.obj           22      0         0      
       copy_decompress_none.c.obj     18      0         0      
       wcslen.c.obj                   16      0         0      
       aeabi_portable.c.obj           8       0         4      
       exit.c.obj                     6       0         0      
       pre_init.c.obj                 4       0         0      
    +--+------------------------------+-------+---------+---------+
       Total:                         6296    291       8      
                                                               
    C:\ti\ccs2031\ccs\tools\compiler\ti-cgt-armllvm_4.0.4.LTS\lib\armv6m-ti-none-eabi/c/libsysbm.a
       hostexit.c.obj                 4       0         0      
    +--+------------------------------+-------+---------+---------+
       Total:                         4       0         0      
                                                               
    C:\ti\ccs2031\ccs\tools\compiler\ti-cgt-armllvm_4.0.4.LTS\lib\armv6m-ti-none-eabi/libclang_rt.builtins.a
       adddf3.S.obj                   418     0         0      
       divdf3.S.obj                   268     0         0      
       muldf3.S.obj                   228     0         0      
       comparedf2.c.obj               220     0         0      
       udivmoddi4.S.obj               162     0         0      
       aeabi_dcmp.S.obj               98      0         0      
       aeabi_idivmod.S.obj            86      0         0      
       fixdfsi.S.obj                  74      0         0      
       aeabi_uidivmod.S.obj           64      0         0      
       muldsi3.S.obj                  58      0         0      
       floatsidf.S.obj                44      0         0      
       muldi3.S.obj                   36      0         0      
       ashldi3.S.obj                  30      0         0      
       aeabi_memset.S.obj             26      0         0      
       aeabi_uldivmod.S.obj           20      0         0      
       aeabi_memcpy.S.obj             8       0         0      
       aeabi_div0.c.obj               4       0         0      
    +--+------------------------------+-------+---------+---------+
       Total:                         1844    0         0      
                                                               
       Stack:                         0       0         512    
       Linker Generated:              0       72        0      
    +--+------------------------------+-------+---------+---------+
       Grand Total:                   20886   6556      973    


LINKER GENERATED COPY TABLES

__TI_cinit_table @ 00006b48 records: 2, size/record: 8, table size: 16
	.data: load addr=00006b10, load size=00000024 bytes, run addr=20200188, run size=00000048 bytes, compression=lzss
	.bss: load addr=00006b40, load size=00000008 bytes, run addr=20200000, run size=00000185 bytes, compression=zero_init


LINKER GENERATED HANDLER TABLE

__TI_handler_table @ 00006b34 records: 3, size/record: 4, table size: 12
	index: 0, handler: __TI_decompress_lzss
	index: 1, handler: __TI_decompress_none
	index: 2, handler: __TI_zero_init


FAR CALL TRAMPOLINES

callee name               trampoline name
   callee addr  tramp addr   call addr  call info
--------------  -----------  ---------  ----------------
__aeabi_dsub              $Tramp$TT$L$PI$$__aeabi_dsub
   000021f5     00005230     0000522e   libc.a : _printfi.c.obj (.text.OUTLINED_FUNCTION_0)

[1 trampolines]
[1 trampoline calls]


GLOBAL SYMBOLS: SORTED ALPHABETICALLY BY Name 

address   name                          
-------   ----                          
00002387  ADC0_IRQHandler               
00002387  ADC1_IRQHandler               
00002387  AES_IRQHandler                
000050a9  BQ25628E_Get_IBAT_mA          
000050b5  BQ25628E_Get_IBUS_mA          
000050c1  BQ25628E_Get_VBAT_mV          
000050cd  BQ25628E_Get_VSYS_mV          
000034b1  BQ25628E_Init_Default         
00004d15  BQ25628E_ReadReg16            
00004d39  BQ25628E_ReadReg8             
00003b69  BQ25628E_UpdateTelemetry      
00004d5d  BQ25628E_WriteReg16           
00004ded  BQ25628E_WriteReg8            
00002eef  BQ27Z746_GetChargingStatus    
00002fe5  BQ27Z746_GetChemID            
000030db  BQ27Z746_GetDeviceType        
000033bd  BQ27Z746_GetFirmwareVersion   
000031d1  BQ27Z746_GetGaugingStatus     
000032c7  BQ27Z746_GetOperationStatus   
000050d9  BQ27Z746_Get_AvgCurrent_mA    
000050e5  BQ27Z746_Get_AvgPower_mW      
000050f1  BQ27Z746_Get_BatteryStatus    
000050fd  BQ27Z746_Get_Current_mA       
00005109  BQ27Z746_Get_CycleCount       
00005115  BQ27Z746_Get_FullChargeCap_mAh
00005121  BQ27Z746_Get_InternalTemp_C   
0000512d  BQ27Z746_Get_RemainingCap_mAh 
00005139  BQ27Z746_Get_SOC_pct          
00005145  BQ27Z746_Get_StateOfHealth_pct
00005151  BQ27Z746_Get_Temperature_C    
0000515d  BQ27Z746_Get_TimeToEmpty_min  
00005169  BQ27Z746_Get_TimeToFull_min   
00005175  BQ27Z746_Get_Voltage_mV       
00004b55  BQ27Z746_Init                 
0000501d  BQ27Z746_IsDischarging        
0000502d  BQ27Z746_IsFullyCharged       
0000503d  BQ27Z746_IsFullyDischarged    
00002df5  BQ27Z746_MAC_Read             
00005181  BQ27Z746_ReadAvgCurrent_mA    
0000518d  BQ27Z746_ReadAvgPower_mW      
00005199  BQ27Z746_ReadBatteryStatus    
000051a5  BQ27Z746_ReadCurrent_mA       
000051b1  BQ27Z746_ReadCycleCount       
000051bd  BQ27Z746_ReadFullChargeCap_mAh
00004e0d  BQ27Z746_ReadInternalTemp_C   
000051c9  BQ27Z746_ReadRemainingCap_mAh 
000051d5  BQ27Z746_ReadSOC_pct          
000051e1  BQ27Z746_ReadStateOfHealth_pct
00004e2d  BQ27Z746_ReadTemperature_C    
000051ed  BQ27Z746_ReadTimeToEmpty_min  
000051f9  BQ27Z746_ReadTimeToFull_min   
00005205  BQ27Z746_ReadVoltage_mV       
00002af9  BQ27Z746_UpdateTelemetry      
0000525a  C$$EXIT                       
00002387  CANFD0_IRQHandler             
00001721  CLI_ProcessInput              
00004981  CLI_RegisterCommand           
0000402d  CLI_Tokenize                  
00002387  DAC0_IRQHandler               
0000521d  DL_Common_delayCycles         
00004685  DL_DMA_initChannel            
00004421  DL_I2C_fillControllerTXFIFO   
00004b85  DL_I2C_flushControllerRXFIFO  
000049bd  DL_I2C_flushControllerTXFIFO  
00004cc9  DL_I2C_setClockConfig         
000047f9  DL_SPI_init                   
00004fe5  DL_SPI_setClockConfig         
00002cf9  DL_Timer_initTimerMode        
00004ead  DL_Timer_setClockConfig       
00004769  DL_UART_init                  
00004ff7  DL_UART_setClockConfig        
00004bb5  DL_UART_transmitDataBlocking  
00002387  DMA_IRQHandler                
00002387  Default_Handler               
00002387  GROUP0_IRQHandler             
00002387  GROUP1_IRQHandler             
0000525b  HOSTexit                      
00002387  HardFault_Handler             
0000504d  I2C0_IRQHandler               
0000505d  I2C1_IRQHandler               
00001e61  I2C_ReadDevice                
00003691  I2C_TryAddress                
00002795  I2C_WriteDevice               
00002387  NMI_Handler                   
00002387  PendSV_Handler                
00002387  RTC_IRQHandler                
0000525f  Reset_Handler                 
00002387  SPI0_IRQHandler               
00004ec9  SPI1_IRQHandler               
000046d1  SPI_Peripheral_Arm            
00004e4d  SPI_Peripheral_Init           
00002387  SVC_Handler                   
00004f01  SYSCFG_DL_DMA_CH0_init        
00004f19  SYSCFG_DL_DMA_CH1_init        
00004f31  SYSCFG_DL_DMA_CH2_init        
00004f49  SYSCFG_DL_DMA_CH3_init        
00004fa7  SYSCFG_DL_DMA_init            
00002bf9  SYSCFG_DL_GPIO_init           
00004095  SYSCFG_DL_I2C_0_init          
000040fd  SYSCFG_DL_I2C_1_init          
000043c1  SYSCFG_DL_MCU_UART_1_init     
00004235  SYSCFG_DL_SPI_0_init          
00004635  SYSCFG_DL_SPI_1_init          
00004881  SYSCFG_DL_SYSCTL_init         
00004aad  SYSCFG_DL_TIMER_0_init        
00003fbd  SYSCFG_DL_UART_0_init         
0000483d  SYSCFG_DL_init                
00003dd9  SYSCFG_DL_initPower           
00003a01  Shared_I2C_IRQHandler         
00002387  SysTick_Handler               
00002387  TIMA0_IRQHandler              
00002387  TIMA1_IRQHandler              
00002387  TIMG0_IRQHandler              
00002387  TIMG12_IRQHandler             
00002387  TIMG6_IRQHandler              
00002387  TIMG7_IRQHandler              
00002387  TIMG8_IRQHandler              
00004f61  UART0_IRQHandler              
00002387  UART1_IRQHandler              
00002387  UART2_IRQHandler              
00002387  UART3_IRQHandler              
00003abd  UARTReceive                   
20200078  UART_Buffer                   
20208000  __STACK_END                   
00000200  __STACK_SIZE                  
00000000  __TI_ATRegion0_region_sz      
00000000  __TI_ATRegion0_src_addr       
00000000  __TI_ATRegion0_trg_addr       
00000000  __TI_ATRegion1_region_sz      
00000000  __TI_ATRegion1_src_addr       
00000000  __TI_ATRegion1_trg_addr       
00000000  __TI_ATRegion2_region_sz      
00000000  __TI_ATRegion2_src_addr       
00000000  __TI_ATRegion2_trg_addr       
00006b48  __TI_CINIT_Base               
00006b58  __TI_CINIT_Limit              
00006b58  __TI_CINIT_Warm               
00006b34  __TI_Handler_Table_Base       
00006b40  __TI_Handler_Table_Limit      
00004a35  __TI_auto_init_nobinit_nopinit
00003e55  __TI_decompress_lzss          
00005009  __TI_decompress_none          
000044dd  __TI_ltoa                     
ffffffff  __TI_pprof_out_hndl           
000000c1  __TI_printfi                  
ffffffff  __TI_prof_data_size           
ffffffff  __TI_prof_data_start          
00000000  __TI_static_base__            
00004f91  __TI_zero_init_nomemset       
000021ff  __adddf3                      
00005640  __aeabi_ctype_table_          
00005640  __aeabi_ctype_table_C         
0000471d  __aeabi_d2iz                  
000021ff  __aeabi_dadd                  
000042fd  __aeabi_dcmpeq                
00004339  __aeabi_dcmpge                
0000434d  __aeabi_dcmpgt                
00004325  __aeabi_dcmple                
00004311  __aeabi_dcmplt                
000029ed  __aeabi_ddiv                  
00003775  __aeabi_dmul                  
000021f5  __aeabi_dsub                  
20200198  __aeabi_errno                 
00003d49  __aeabi_errno_addr            
00004c75  __aeabi_i2d                   
0000458d  __aeabi_idiv                  
000034af  __aeabi_idiv0                 
0000458d  __aeabi_idivmod               
00004233  __aeabi_ldiv0                 
00004e8d  __aeabi_llsl                  
00004d81  __aeabi_lmul                  
00005211  __aeabi_memclr                
00005211  __aeabi_memclr4               
00005211  __aeabi_memclr8               
0000524d  __aeabi_memcpy                
0000524d  __aeabi_memcpy4               
0000524d  __aeabi_memcpy8               
0000508d  __aeabi_memset                
0000508d  __aeabi_memset4               
0000508d  __aeabi_memset8               
000048c1  __aeabi_uidiv                 
000048c1  __aeabi_uidivmod              
00004fbd  __aeabi_uldivmod              
00004e8d  __ashldi3                     
ffffffff  __binit__                     
00004165  __cmpdf2                      
000029ed  __divdf3                      
00004165  __eqdf2                       
0000471d  __fixdfsi                     
00004c75  __floatsidf                   
00003f49  __gedf2                       
00003f49  __gtdf2                       
00004165  __ledf2                       
00004165  __ltdf2                       
UNDEFED   __mpu_init                    
00003775  __muldf3                      
00004d81  __muldi3                      
00004a71  __muldsi3                     
00004165  __nedf2                       
20207e00  __stack                       
20200000  __start___llvm_prf_bits       
20200000  __start___llvm_prf_cnts       
20200000  __stop___llvm_prf_bits        
20200000  __stop___llvm_prf_cnts        
000021f5  __subdf3                      
00003c0d  __udivmoddi4                  
00004ca1  _c_int00_noargs               
UNDEFED   _system_post_cinit            
00005263  _system_pre_init              
00005255  abort                         
00004901  atoi                          
ffffffff  binit                         
202001c8  bq_monitor_active             
202001c9  char_index                    
00000fa5  cmd_bq                        
00000a91  cmd_gauge                     
00003931  cmd_hall                      
00004299  cmd_help                      
00002035  cmd_i2cscan                   
000035a1  cmd_pwr                       
00002389  cmd_spi                       
202001ca  data_received                 
00004481  frexp                         
00004481  frexpl                        
20200184  gI2cControllerStatus          
20200174  gRxCount                      
20200178  gRxLen                        
20200108  gRxPacket                     
202000b8  gSPI_0Backup                  
202000e0  gSPI_1Backup                  
20200164  gSPI_RxPacket                 
20200188  gSPI_TxPacket                 
2020017c  gTxCount                      
20200180  gTxLen                        
2020012a  gTxPacket                     
0000506d  gauge_address                 
00004c45  gauge_cmd_read                
202001cd  gauge_monitor_active          
00004ae5  gauge_read                    
00004b1d  gauge_write                   
000049f9  get_UART_buffer               
202001cf  hall_monitor_active           
00004ee5  i2c_init                      
00000000  interruptVectors              
00003859  ldexp                         
00003859  ldexpl                        
00001389  main                          
00004dc9  memccpy                       
00003caf  memcpy                        
0000435f  memset                        
202001a4  monitor_rate                  
00003859  scalbn                        
00003859  scalbnl                       
2020014c  stm32Spi                      
00003d51  strcmp                        
00004da5  strcspn                       
00004cef  strspn                        
000047b1  strtok                        
00002515  strtol                        
00004e6d  uart_init                     
00003ed1  uart_printf                   
00004941  vsnprintf                     
0000507d  wcslen                        


GLOBAL SYMBOLS: SORTED BY Symbol Address 

address   name                          
-------   ----                          
00000000  __TI_ATRegion0_region_sz      
00000000  __TI_ATRegion0_src_addr       
00000000  __TI_ATRegion0_trg_addr       
00000000  __TI_ATRegion1_region_sz      
00000000  __TI_ATRegion1_src_addr       
00000000  __TI_ATRegion1_trg_addr       
00000000  __TI_ATRegion2_region_sz      
00000000  __TI_ATRegion2_src_addr       
00000000  __TI_ATRegion2_trg_addr       
00000000  __TI_static_base__            
00000000  interruptVectors              
000000c1  __TI_printfi                  
00000200  __STACK_SIZE                  
00000a91  cmd_gauge                     
00000fa5  cmd_bq                        
00001389  main                          
00001721  CLI_ProcessInput              
00001e61  I2C_ReadDevice                
00002035  cmd_i2cscan                   
000021f5  __aeabi_dsub                  
000021f5  __subdf3                      
000021ff  __adddf3                      
000021ff  __aeabi_dadd                  
00002387  ADC0_IRQHandler               
00002387  ADC1_IRQHandler               
00002387  AES_IRQHandler                
00002387  CANFD0_IRQHandler             
00002387  DAC0_IRQHandler               
00002387  DMA_IRQHandler                
00002387  Default_Handler               
00002387  GROUP0_IRQHandler             
00002387  GROUP1_IRQHandler             
00002387  HardFault_Handler             
00002387  NMI_Handler                   
00002387  PendSV_Handler                
00002387  RTC_IRQHandler                
00002387  SPI0_IRQHandler               
00002387  SVC_Handler                   
00002387  SysTick_Handler               
00002387  TIMA0_IRQHandler              
00002387  TIMA1_IRQHandler              
00002387  TIMG0_IRQHandler              
00002387  TIMG12_IRQHandler             
00002387  TIMG6_IRQHandler              
00002387  TIMG7_IRQHandler              
00002387  TIMG8_IRQHandler              
00002387  UART1_IRQHandler              
00002387  UART2_IRQHandler              
00002387  UART3_IRQHandler              
00002389  cmd_spi                       
00002515  strtol                        
00002795  I2C_WriteDevice               
000029ed  __aeabi_ddiv                  
000029ed  __divdf3                      
00002af9  BQ27Z746_UpdateTelemetry      
00002bf9  SYSCFG_DL_GPIO_init           
00002cf9  DL_Timer_initTimerMode        
00002df5  BQ27Z746_MAC_Read             
00002eef  BQ27Z746_GetChargingStatus    
00002fe5  BQ27Z746_GetChemID            
000030db  BQ27Z746_GetDeviceType        
000031d1  BQ27Z746_GetGaugingStatus     
000032c7  BQ27Z746_GetOperationStatus   
000033bd  BQ27Z746_GetFirmwareVersion   
000034af  __aeabi_idiv0                 
000034b1  BQ25628E_Init_Default         
000035a1  cmd_pwr                       
00003691  I2C_TryAddress                
00003775  __aeabi_dmul                  
00003775  __muldf3                      
00003859  ldexp                         
00003859  ldexpl                        
00003859  scalbn                        
00003859  scalbnl                       
00003931  cmd_hall                      
00003a01  Shared_I2C_IRQHandler         
00003abd  UARTReceive                   
00003b69  BQ25628E_UpdateTelemetry      
00003c0d  __udivmoddi4                  
00003caf  memcpy                        
00003d49  __aeabi_errno_addr            
00003d51  strcmp                        
00003dd9  SYSCFG_DL_initPower           
00003e55  __TI_decompress_lzss          
00003ed1  uart_printf                   
00003f49  __gedf2                       
00003f49  __gtdf2                       
00003fbd  SYSCFG_DL_UART_0_init         
0000402d  CLI_Tokenize                  
00004095  SYSCFG_DL_I2C_0_init          
000040fd  SYSCFG_DL_I2C_1_init          
00004165  __cmpdf2                      
00004165  __eqdf2                       
00004165  __ledf2                       
00004165  __ltdf2                       
00004165  __nedf2                       
00004233  __aeabi_ldiv0                 
00004235  SYSCFG_DL_SPI_0_init          
00004299  cmd_help                      
000042fd  __aeabi_dcmpeq                
00004311  __aeabi_dcmplt                
00004325  __aeabi_dcmple                
00004339  __aeabi_dcmpge                
0000434d  __aeabi_dcmpgt                
0000435f  memset                        
000043c1  SYSCFG_DL_MCU_UART_1_init     
00004421  DL_I2C_fillControllerTXFIFO   
00004481  frexp                         
00004481  frexpl                        
000044dd  __TI_ltoa                     
0000458d  __aeabi_idiv                  
0000458d  __aeabi_idivmod               
00004635  SYSCFG_DL_SPI_1_init          
00004685  DL_DMA_initChannel            
000046d1  SPI_Peripheral_Arm            
0000471d  __aeabi_d2iz                  
0000471d  __fixdfsi                     
00004769  DL_UART_init                  
000047b1  strtok                        
000047f9  DL_SPI_init                   
0000483d  SYSCFG_DL_init                
00004881  SYSCFG_DL_SYSCTL_init         
000048c1  __aeabi_uidiv                 
000048c1  __aeabi_uidivmod              
00004901  atoi                          
00004941  vsnprintf                     
00004981  CLI_RegisterCommand           
000049bd  DL_I2C_flushControllerTXFIFO  
000049f9  get_UART_buffer               
00004a35  __TI_auto_init_nobinit_nopinit
00004a71  __muldsi3                     
00004aad  SYSCFG_DL_TIMER_0_init        
00004ae5  gauge_read                    
00004b1d  gauge_write                   
00004b55  BQ27Z746_Init                 
00004b85  DL_I2C_flushControllerRXFIFO  
00004bb5  DL_UART_transmitDataBlocking  
00004c45  gauge_cmd_read                
00004c75  __aeabi_i2d                   
00004c75  __floatsidf                   
00004ca1  _c_int00_noargs               
00004cc9  DL_I2C_setClockConfig         
00004cef  strspn                        
00004d15  BQ25628E_ReadReg16            
00004d39  BQ25628E_ReadReg8             
00004d5d  BQ25628E_WriteReg16           
00004d81  __aeabi_lmul                  
00004d81  __muldi3                      
00004da5  strcspn                       
00004dc9  memccpy                       
00004ded  BQ25628E_WriteReg8            
00004e0d  BQ27Z746_ReadInternalTemp_C   
00004e2d  BQ27Z746_ReadTemperature_C    
00004e4d  SPI_Peripheral_Init           
00004e6d  uart_init                     
00004e8d  __aeabi_llsl                  
00004e8d  __ashldi3                     
00004ead  DL_Timer_setClockConfig       
00004ec9  SPI1_IRQHandler               
00004ee5  i2c_init                      
00004f01  SYSCFG_DL_DMA_CH0_init        
00004f19  SYSCFG_DL_DMA_CH1_init        
00004f31  SYSCFG_DL_DMA_CH2_init        
00004f49  SYSCFG_DL_DMA_CH3_init        
00004f61  UART0_IRQHandler              
00004f91  __TI_zero_init_nomemset       
00004fa7  SYSCFG_DL_DMA_init            
00004fbd  __aeabi_uldivmod              
00004fe5  DL_SPI_setClockConfig         
00004ff7  DL_UART_setClockConfig        
00005009  __TI_decompress_none          
0000501d  BQ27Z746_IsDischarging        
0000502d  BQ27Z746_IsFullyCharged       
0000503d  BQ27Z746_IsFullyDischarged    
0000504d  I2C0_IRQHandler               
0000505d  I2C1_IRQHandler               
0000506d  gauge_address                 
0000507d  wcslen                        
0000508d  __aeabi_memset                
0000508d  __aeabi_memset4               
0000508d  __aeabi_memset8               
000050a9  BQ25628E_Get_IBAT_mA          
000050b5  BQ25628E_Get_IBUS_mA          
000050c1  BQ25628E_Get_VBAT_mV          
000050cd  BQ25628E_Get_VSYS_mV          
000050d9  BQ27Z746_Get_AvgCurrent_mA    
000050e5  BQ27Z746_Get_AvgPower_mW      
000050f1  BQ27Z746_Get_BatteryStatus    
000050fd  BQ27Z746_Get_Current_mA       
00005109  BQ27Z746_Get_CycleCount       
00005115  BQ27Z746_Get_FullChargeCap_mAh
00005121  BQ27Z746_Get_InternalTemp_C   
0000512d  BQ27Z746_Get_RemainingCap_mAh 
00005139  BQ27Z746_Get_SOC_pct          
00005145  BQ27Z746_Get_StateOfHealth_pct
00005151  BQ27Z746_Get_Temperature_C    
0000515d  BQ27Z746_Get_TimeToEmpty_min  
00005169  BQ27Z746_Get_TimeToFull_min   
00005175  BQ27Z746_Get_Voltage_mV       
00005181  BQ27Z746_ReadAvgCurrent_mA    
0000518d  BQ27Z746_ReadAvgPower_mW      
00005199  BQ27Z746_ReadBatteryStatus    
000051a5  BQ27Z746_ReadCurrent_mA       
000051b1  BQ27Z746_ReadCycleCount       
000051bd  BQ27Z746_ReadFullChargeCap_mAh
000051c9  BQ27Z746_ReadRemainingCap_mAh 
000051d5  BQ27Z746_ReadSOC_pct          
000051e1  BQ27Z746_ReadStateOfHealth_pct
000051ed  BQ27Z746_ReadTimeToEmpty_min  
000051f9  BQ27Z746_ReadTimeToFull_min   
00005205  BQ27Z746_ReadVoltage_mV       
00005211  __aeabi_memclr                
00005211  __aeabi_memclr4               
00005211  __aeabi_memclr8               
0000521d  DL_Common_delayCycles         
0000524d  __aeabi_memcpy                
0000524d  __aeabi_memcpy4               
0000524d  __aeabi_memcpy8               
00005255  abort                         
0000525a  C$$EXIT                       
0000525b  HOSTexit                      
0000525f  Reset_Handler                 
00005263  _system_pre_init              
00005640  __aeabi_ctype_table_          
00005640  __aeabi_ctype_table_C         
00006b34  __TI_Handler_Table_Base       
00006b40  __TI_Handler_Table_Limit      
00006b48  __TI_CINIT_Base               
00006b58  __TI_CINIT_Limit              
00006b58  __TI_CINIT_Warm               
20200000  __start___llvm_prf_bits       
20200000  __start___llvm_prf_cnts       
20200000  __stop___llvm_prf_bits        
20200000  __stop___llvm_prf_cnts        
20200078  UART_Buffer                   
202000b8  gSPI_0Backup                  
202000e0  gSPI_1Backup                  
20200108  gRxPacket                     
2020012a  gTxPacket                     
2020014c  stm32Spi                      
20200164  gSPI_RxPacket                 
20200174  gRxCount                      
20200178  gRxLen                        
2020017c  gTxCount                      
20200180  gTxLen                        
20200184  gI2cControllerStatus          
20200188  gSPI_TxPacket                 
20200198  __aeabi_errno                 
202001a4  monitor_rate                  
202001c8  bq_monitor_active             
202001c9  char_index                    
202001ca  data_received                 
202001cd  gauge_monitor_active          
202001cf  hall_monitor_active           
20207e00  __stack                       
20208000  __STACK_END                   
ffffffff  __TI_pprof_out_hndl           
ffffffff  __TI_prof_data_size           
ffffffff  __TI_prof_data_start          
ffffffff  __binit__                     
ffffffff  binit                         
UNDEFED   __mpu_init                    
UNDEFED   _system_post_cinit            

[263 symbols]
