******************************************************************************
            TI ARM Clang Linker PC v4.0.4                      
******************************************************************************
>> Linked Wed Mar 11 16:36:24 2026

OUTPUT FILE NAME:   <HW_SW_interface_CCS.out>
ENTRY POINT SYMBOL: "_c_int00_noargs"  address: 00005ef5


MEMORY CONFIGURATION

         name            origin    length      used     unused   attr    fill
----------------------  --------  ---------  --------  --------  ----  --------
  FLASH                 00000000   00020000  00008518  00017ae8  R  X
  SRAM                  20200000   00008000  000003fb  00007c05  RW X
  BCR_CONFIG            41c00000   000000ff  00000000  000000ff  R   
  BSL_CONFIG            41c00100   00000080  00000000  00000080  R   


SEGMENT ALLOCATION MAP

run origin  load origin   length   init length attrs members
----------  ----------- ---------- ----------- ----- -------
00000000    00000000    00008518   00008518    r-x
  00000000    00000000    000000c0   000000c0    r-- .intvecs
  000000c0    000000c0    00006450   00006450    r-x .text
  00006510    00006510    00001fc0   00001fc0    r-- .rodata
  000084d0    000084d0    00000048   00000048    r-- .cinit
20200000    20200000    000001fe   00000000    rw-
  20200000    20200000    000001b1   00000000    rw- .bss
  202001b4    202001b4    0000004a   00000000    rw- .data
20207e00    20207e00    00000200   00000000    rw-
  20207e00    20207e00    00000200   00000000    rw- .stack


SECTION ALLOCATION MAP

 output                                  attributes/
section   page    origin      length       input sections
--------  ----  ----------  ----------   ----------------
.intvecs   0    00000000    000000c0     
                  00000000    000000c0     startup_mspm0g350x_ticlang.o (.intvecs)

.text      0    000000c0    00006450     
                  000000c0    000009d0     libc.a : _printfi.c.obj (.text:__TI_printfi)
                  00000a90    000006fc     functions.o (.text.cmd_gauge)
                  0000118c    00000580     functions.o (.text.cmd_fram)
                  0000170c    000003ec     main.o (.text.main)
                  00001af8    000003e4     functions.o (.text.cmd_bq)
                  00001edc    00000344     uart.o (.text.CLI_ProcessInput)
                  00002220    00000220     libc.a : _printfi.c.obj (.text._pconv_a)
                  00002440    000001dc            : _printfi.c.obj (.text._pconv_g)
                  0000261c    000001d4     i2c.o (.text.I2C_ReadDevice)
                  000027f0    000001c0     functions.o (.text.cmd_i2cscan)
                  000029b0    00000192     libclang_rt.builtins.a : adddf3.S.obj (.text.adddf3_subdf3)
                  00002b42    00000002     startup_mspm0g350x_ticlang.o (.text.Default_Handler)
                  00002b44    0000016c     functions.o (.text.cmd_spi)
                  00002cb0    00000144     libc.a : strtol.c.obj (.text.strtol)
                  00002df4    0000013c            : _printfi.c.obj (.text.fcvt)
                  00002f30    00000138     i2c.o (.text.I2C_WriteDevice)
                  00003068    00000138     mb85rs.o (.text.MB85RS_Write)
                  000031a0    00000120     libc.a : _printfi.c.obj (.text._pconv_e)
                  000032c0    0000010c     spi_mem.o (.text.SPI_Memory_Wait)
                  000033cc    0000010c     ti_msp_dl_config.o (.text.SYSCFG_DL_GPIO_init)
                  000034d8    0000010c     libclang_rt.builtins.a : divdf3.S.obj (.text.__divdf3)
                  000035e4    00000100     BQ27Z7_functions.o (.text.BQ27Z746_UpdateTelemetry)
                  000036e4    000000fc     BQ25628_functions.o (.text.BQ25628E_UpdateTelemetry)
                  000037e0    000000fc     driverlib.a : dl_timer.o (.text.DL_Timer_initTimerMode)
                  000038dc    000000f0     BQ25628_functions.o (.text.BQ25628E_Init_Default)
                  000039cc    000000f0     functions.o (.text.cmd_pwr)
                  00003abc    000000ec     BQ27Z7_functions.o (.text.BQ27Z746_GetChargingStatus)
                  00003ba8    000000e4     i2c.o (.text.I2C_TryAddress)
                  00003c8c    000000e4     libclang_rt.builtins.a : muldf3.S.obj (.text.__muldf3)
                  00003d70    000000de     BQ27Z7_functions.o (.text.BQ27Z746_GetDeviceType)
                  00003e4e    000000dc     BQ27Z7_functions.o (.text.BQ27Z746_GetChemID)
                  00003f2a    000000dc     BQ27Z7_functions.o (.text.BQ27Z746_GetOperationStatus)
                  00004006    000000dc     BQ27Z7_functions.o (.text.BQ27Z746_GetSafetyStatus)
                  000040e2    000000d8     BQ27Z7_functions.o (.text.BQ27Z746_GetFirmwareVersion)
                  000041ba    000000d8     BQ27Z7_functions.o (.text.BQ27Z746_MAC_Read)
                  00004292    00000002     libclang_rt.builtins.a : aeabi_div0.c.obj (.text.__aeabi_idiv0)
                  00004294    000000d8     libc.a : s_scalbn.c.obj (.text.scalbn)
                  0000436c    000000d8     libclang_rt.builtins.a : addsf3.S.obj (.text)
                  00004444    000000d0     functions.o (.text.cmd_hall)
                  00004514    000000bc     i2c.o (.text.Shared_I2C_IRQHandler)
                  000045d0    000000b4     BQ27Z7_functions.o (.text.BQ27Z746_SetUTFET_Direct)
                  00004684    000000b0     BQ27Z7_functions.o (.text.BQ27Z746_SetTempSensorConfig)
                  00004734    000000b0     mb85rs.o (.text.MB85RS_Read)
                  000047e4    000000ac     uart.o (.text.UARTReceive)
                  00004890    000000a2     libclang_rt.builtins.a : udivmoddi4.S.obj (.text)
                  00004932    00000002                            : aeabi_div0.c.obj (.text.__aeabi_ldiv0)
                  00004934    000000a0     spi_mem.o (.text.SPI_Memory_Arm)
                  000049d4    0000009a     libc.a : memcpy16.S.obj (.text:memcpy)
                  00004a6e    00000002     --HOLE-- [fill = 0]
                  00004a70    0000008c     libclang_rt.builtins.a : mulsf3.S.obj (.text.__mulsf3)
                  00004afc    0000008c     libc.a : s_floorf.c.obj (.text.floorf)
                  00004b88    00000008            : aeabi_portable.c.obj (.text.__aeabi_errno_addr)
                  00004b90    00000088            : strcmp-armv6m.S.obj (.text:strcmp)
                  00004c18    00000080     mb85rs.o (.text.MB85RS_ReadID)
                  00004c98    0000007c     ti_msp_dl_config.o (.text.SYSCFG_DL_initPower)
                  00004d14    0000007c     libc.a : copy_decompress_lzss.c.obj (.text:decompress:lzss)
                  00004d90    00000078     uart.o (.text.uart_printf)
                  00004e08    00000074     libclang_rt.builtins.a : comparedf2.c.obj (.text.__gedf2)
                  00004e7c    00000070     ti_msp_dl_config.o (.text.SYSCFG_DL_UART_0_init)
                  00004eec    00000068     uart.o (.text.CLI_Tokenize)
                  00004f54    00000068     ti_msp_dl_config.o (.text.SYSCFG_DL_I2C_0_init)
                  00004fbc    00000068     ti_msp_dl_config.o (.text.SYSCFG_DL_I2C_1_init)
                  00005024    00000068     libclang_rt.builtins.a : comparedf2.c.obj (.text.__ledf2)
                  0000508c    00000068     libc.a : s_roundf.c.obj (.text.roundf)
                  000050f4    00000066            : _printfi.c.obj (.text._mcpy)
                  0000515a    00000002     --HOLE-- [fill = 0]
                  0000515c    00000064     ti_msp_dl_config.o (.text.SYSCFG_DL_SPI_0_init)
                  000051c0    00000064     uart.o (.text.cmd_help)
                  00005224    00000062     libclang_rt.builtins.a : aeabi_dcmp.S.obj (.text.__aeabi_dcmp)
                  00005286    00000002     --HOLE-- [fill = 0]
                  00005288    00000062                            : aeabi_fcmp.S.obj (.text.__aeabi_fcmp)
                  000052ea    00000062     libc.a : memset16.S.obj (.text:memset)
                  0000534c    00000060     ti_msp_dl_config.o (.text.SYSCFG_DL_MCU_UART_1_init)
                  000053ac    00000060     ti_msp_dl_config.o (.text.SYSCFG_DL_SPI_1_init)
                  0000540c    0000005e     driverlib.a : dl_i2c.o (.text.DL_I2C_fillControllerTXFIFO)
                  0000546a    00000002     --HOLE-- [fill = 0]
                  0000546c    0000005c     spi_master.o (.text.SPI_Controller_Arm)
                  000054c8    0000005c     libc.a : s_frexp.c.obj (.text.frexp)
                  00005524    0000005a     mb85rs.o (.text.MB85RS_ReadStatus)
                  0000557e    00000058     libc.a : _ltoa.c.obj (.text.__TI_ltoa)
                  000055d6    00000058            : _printfi.c.obj (.text._pconv_f)
                  0000562e    00000002     --HOLE-- [fill = 0]
                  00005630    00000056     libclang_rt.builtins.a : aeabi_idivmod.S.obj (.text.__aeabi_idivmod)
                  00005686    00000002     --HOLE-- [fill = 0]
                  00005688    00000054     spi_mem.o (.text.SPI0_IRQHandler)
                  000056dc    00000052     libc.a : _printfi.c.obj (.text._ecpy)
                  0000572e    00000002     --HOLE-- [fill = 0]
                  00005730    0000004c     driverlib.a : dl_dma.o (.text.DL_DMA_initChannel)
                  0000577c    0000004a     BQ27Z7_functions.o (.text.BQ27Z746_GetTempConfig)
                  000057c6    00000002     --HOLE-- [fill = 0]
                  000057c8    0000004a     libclang_rt.builtins.a : fixdfsi.S.obj (.text.__fixdfsi)
                  00005812    00000048     BQ27Z7_functions.o (.text.BQ27Z746_GetFETOptions)
                  0000585a    00000002     --HOLE-- [fill = 0]
                  0000585c    00000048     driverlib.a : dl_uart.o (.text.DL_UART_init)
                  000058a4    00000048     libc.a : strtok.c.obj (.text.strtok)
                  000058ec    00000044     driverlib.a : dl_spi.o (.text.DL_SPI_init)
                  00005930    00000044     ti_msp_dl_config.o (.text.SYSCFG_DL_init)
                  00005974    00000040     ti_msp_dl_config.o (.text.SYSCFG_DL_SYSCTL_init)
                  000059b4    00000040     libclang_rt.builtins.a : aeabi_uidivmod.S.obj (.text.__aeabi_uidivmod)
                  000059f4    00000040     libc.a : atoi.c.obj (.text.atoi)
                  00005a34    00000040            : vsnprintf.c.obj (.text.vsnprintf)
                  00005a74    0000003c     uart.o (.text.CLI_RegisterCommand)
                  00005ab0    0000003c     driverlib.a : dl_i2c.o (.text.DL_I2C_flushControllerTXFIFO)
                  00005aec    0000003c     libclang_rt.builtins.a : comparesf2.S.obj (.text.__gtsf2)
                  00005b28    0000003c     uart.o (.text.get_UART_buffer)
                  00005b64    0000003c     libc.a : autoinit.c.obj (.text:__TI_auto_init_nobinit_nopinit)
                  00005ba0    0000003a     libclang_rt.builtins.a : comparesf2.S.obj (.text.__eqsf2)
                  00005bda    00000002     --HOLE-- [fill = 0]
                  00005bdc    0000003a                            : muldsi3.S.obj (.text.__muldsi3)
                  00005c16    00000002     --HOLE-- [fill = 0]
                  00005c18    00000038     ti_msp_dl_config.o (.text.SYSCFG_DL_TIMER_0_init)
                  00005c50    00000038     libclang_rt.builtins.a : fixsfsi.S.obj (.text.__fixsfsi)
                  00005c88    00000038     gauge.o (.text.gauge_read)
                  00005cc0    00000038     gauge.o (.text.gauge_write)
                  00005cf8    00000034     spi_master.o (.text.SPI1_IRQHandler)
                  00005d2c    00000030     driverlib.a : dl_i2c.o (.text.DL_I2C_flushControllerRXFIFO)
                  00005d5c    00000030                 : dl_uart.o (.text.DL_UART_transmitDataBlocking)
                  00005d8c    00000030     libc.a : _printfi.c.obj (.text._fcpy)
                  00005dbc    00000030            : vsnprintf.c.obj (.text._outs)
                  00005dec    00000030     gauge.o (.text.gauge_cmd_read)
                  00005e1c    0000002c     BQ27Z7_functions.o (.text.BQ27Z746_Init)
                  00005e48    0000002c     mb85rs.o (.text.MB85RS_Init)
                  00005e74    0000002c     spi_mem.o (.text.SPI_Memory_Init)
                  00005ea0    0000002c     libclang_rt.builtins.a : floatsidf.S.obj (.text.__floatsidf)
                  00005ecc    00000028                            : floatunsisf.S.obj (.text.__floatunsisf)
                  00005ef4    00000028     libc.a : boot_cortex_m.c.obj (.text:_c_int00_noargs)
                  00005f1c    00000026     driverlib.a : dl_i2c.o (.text.DL_I2C_setClockConfig)
                  00005f42    00000026     libc.a : strspn.c.obj (.text.strspn)
                  00005f68    00000024     BQ25628_functions.o (.text.BQ25628E_ReadReg16)
                  00005f8c    00000024     BQ25628_functions.o (.text.BQ25628E_ReadReg8)
                  00005fb0    00000024     BQ25628_functions.o (.text.BQ25628E_WriteReg16)
                  00005fd4    00000024     spi_master.o (.text.SPI_Controller_Init)
                  00005ff8    00000024     libclang_rt.builtins.a : muldi3.S.obj (.text.__muldi3)
                  0000601c    00000024     libc.a : strcspn.c.obj (.text.strcspn)
                  00006040    00000022            : memccpy.c.obj (.text.memccpy)
                  00006062    00000002     --HOLE-- [fill = 0]
                  00006064    00000020     BQ25628_functions.o (.text.BQ25628E_WriteReg8)
                  00006084    00000020     BQ27Z7_functions.o (.text.BQ27Z746_ReadInternalTemp_C)
                  000060a4    00000020     BQ27Z7_functions.o (.text.BQ27Z746_ReadTemperature_C)
                  000060c4    00000020     uart.o (.text.uart_init)
                  000060e4    0000001e     BQ27Z7_functions.o (.text.BQ27Z746_MAC_Send)
                  00006102    00000002     --HOLE-- [fill = 0]
                  00006104    0000001e     libclang_rt.builtins.a : ashldi3.S.obj (.text.__ashldi3)
                  00006122    00000002     --HOLE-- [fill = 0]
                  00006124    0000001c     driverlib.a : dl_timer.o (.text.DL_Timer_setClockConfig)
                  00006140    0000001c     i2c.o (.text.i2c_init)
                  0000615c    00000018     ti_msp_dl_config.o (.text.SYSCFG_DL_DMA_CH0_init)
                  00006174    00000018     ti_msp_dl_config.o (.text.SYSCFG_DL_DMA_CH1_init)
                  0000618c    00000018     ti_msp_dl_config.o (.text.SYSCFG_DL_DMA_CH2_init)
                  000061a4    00000018     ti_msp_dl_config.o (.text.SYSCFG_DL_DMA_CH3_init)
                  000061bc    00000018     main.o (.text.UART0_IRQHandler)
                  000061d4    00000018     libc.a : vsnprintf.c.obj (.text._outc)
                  000061ec    00000016            : copy_zero_init.c.obj (.text:decompress:ZI:__TI_zero_init_nomemset)
                  00006202    00000014     ti_msp_dl_config.o (.text.SYSCFG_DL_DMA_init)
                  00006216    00000002     --HOLE-- [fill = 0]
                  00006218    00000014     libclang_rt.builtins.a : aeabi_uldivmod.S.obj (.text.__aeabi_uldivmod)
                  0000622c    00000014     libc.a : _printfi.c.obj (.text.strchr)
                  00006240    00000012     driverlib.a : dl_spi.o (.text.DL_SPI_setClockConfig)
                  00006252    00000012                 : dl_uart.o (.text.DL_UART_setClockConfig)
                  00006264    00000012     libc.a : copy_decompress_none.c.obj (.text:decompress:none)
                  00006276    00000002     --HOLE-- [fill = 0]
                  00006278    00000010     BQ27Z7_functions.o (.text.BQ27Z746_IsDischarging)
                  00006288    00000010     BQ27Z7_functions.o (.text.BQ27Z746_IsFullyCharged)
                  00006298    00000010     BQ27Z7_functions.o (.text.BQ27Z746_IsFullyDischarged)
                  000062a8    00000010     i2c.o (.text.I2C0_IRQHandler)
                  000062b8    00000010     i2c.o (.text.I2C1_IRQHandler)
                  000062c8    00000010     spi_mem.o (.text.SPI_Memory_CS_Deassert)
                  000062d8    00000010     gauge.o (.text.gauge_address)
                  000062e8    00000010     libc.a : wcslen.c.obj (.text.wcslen)
                  000062f8    0000000e     libclang_rt.builtins.a : aeabi_memset.S.obj (.text.__aeabi_memset)
                  00006306    0000000e     libc.a : _printfi.c.obj (.text.strlen)
                  00006314    0000000c     BQ25628_functions.o (.text.BQ25628E_Get_IBAT_mA)
                  00006320    0000000c     BQ25628_functions.o (.text.BQ25628E_Get_IBUS_mA)
                  0000632c    0000000c     BQ25628_functions.o (.text.BQ25628E_Get_VBAT_mV)
                  00006338    0000000c     BQ25628_functions.o (.text.BQ25628E_Get_VBUS_mV)
                  00006344    0000000c     BQ25628_functions.o (.text.BQ25628E_Get_VSYS_mV)
                  00006350    0000000c     BQ27Z7_functions.o (.text.BQ27Z746_Get_AvgCurrent_mA)
                  0000635c    0000000c     BQ27Z7_functions.o (.text.BQ27Z746_Get_AvgPower_mW)
                  00006368    0000000c     BQ27Z7_functions.o (.text.BQ27Z746_Get_BatteryStatus)
                  00006374    0000000c     BQ27Z7_functions.o (.text.BQ27Z746_Get_Current_mA)
                  00006380    0000000c     BQ27Z7_functions.o (.text.BQ27Z746_Get_CycleCount)
                  0000638c    0000000c     BQ27Z7_functions.o (.text.BQ27Z746_Get_FullChargeCap_mAh)
                  00006398    0000000c     BQ27Z7_functions.o (.text.BQ27Z746_Get_InternalTemp_C)
                  000063a4    0000000c     BQ27Z7_functions.o (.text.BQ27Z746_Get_RemainingCap_mAh)
                  000063b0    0000000c     BQ27Z7_functions.o (.text.BQ27Z746_Get_SOC_pct)
                  000063bc    0000000c     BQ27Z7_functions.o (.text.BQ27Z746_Get_StateOfHealth_pct)
                  000063c8    0000000c     BQ27Z7_functions.o (.text.BQ27Z746_Get_Temperature_C)
                  000063d4    0000000c     BQ27Z7_functions.o (.text.BQ27Z746_Get_TimeToEmpty_min)
                  000063e0    0000000c     BQ27Z7_functions.o (.text.BQ27Z746_Get_TimeToFull_min)
                  000063ec    0000000c     BQ27Z7_functions.o (.text.BQ27Z746_Get_Voltage_mV)
                  000063f8    0000000c     BQ27Z7_functions.o (.text.BQ27Z746_ReadAvgCurrent_mA)
                  00006404    0000000c     BQ27Z7_functions.o (.text.BQ27Z746_ReadAvgPower_mW)
                  00006410    0000000c     BQ27Z7_functions.o (.text.BQ27Z746_ReadBatteryStatus)
                  0000641c    0000000c     BQ27Z7_functions.o (.text.BQ27Z746_ReadCurrent_mA)
                  00006428    0000000c     BQ27Z7_functions.o (.text.BQ27Z746_ReadCycleCount)
                  00006434    0000000c     BQ27Z7_functions.o (.text.BQ27Z746_ReadFullChargeCap_mAh)
                  00006440    0000000c     BQ27Z7_functions.o (.text.BQ27Z746_ReadRemainingCap_mAh)
                  0000644c    0000000c     BQ27Z7_functions.o (.text.BQ27Z746_ReadSOC_pct)
                  00006458    0000000c     BQ27Z7_functions.o (.text.BQ27Z746_ReadStateOfHealth_pct)
                  00006464    0000000c     BQ27Z7_functions.o (.text.BQ27Z746_ReadTimeToEmpty_min)
                  00006470    0000000c     BQ27Z7_functions.o (.text.BQ27Z746_ReadTimeToFull_min)
                  0000647c    0000000c     BQ27Z7_functions.o (.text.BQ27Z746_ReadVoltage_mV)
                  00006488    0000000c     spi_mem.o (.text.SPI_Memory_CS_Assert)
                  00006494    0000000c     libclang_rt.builtins.a : aeabi_memset.S.obj (.text.__aeabi_memclr)
                  000064a0    0000000a     driverlib.a : dl_common.o (.text.DL_Common_delayCycles)
                  000064aa    0000000a     libc.a : _printfi.c.obj (.text.OUTLINED_FUNCTION_0)
                  000064b4    00000010     libclang_rt.builtins.a : adddf3.S.obj (.tramp.__aeabi_dsub.1)
                  000064c4    0000000a     libc.a : s_roundf.c.obj (.text.OUTLINED_FUNCTION_0)
                  000064ce    00000002     --HOLE-- [fill = 0]
                  000064d0    00000010     libclang_rt.builtins.a : addsf3.S.obj (.tramp.__aeabi_fadd.1)
                  000064e0    0000000a     libc.a : _printfi.c.obj (.text.OUTLINED_FUNCTION_1)
                  000064ea    00000002     --HOLE-- [fill = 0]
                  000064ec    00000008     libclang_rt.builtins.a : aeabi_memcpy.S.obj (.text.__aeabi_memcpy)
                  000064f4    00000006     libc.a : exit.c.obj (.text:abort)
                  000064fa    00000004     libsysbm.a : hostexit.c.obj (.text.HOSTexit)
                  000064fe    00000004     startup_mspm0g350x_ticlang.o (.text.Reset_Handler)
                  00006502    00000004     libc.a : pre_init.c.obj (.text._system_pre_init)
                  00006506    0000000a     --HOLE-- [fill = 0]

.cinit     0    000084d0    00000048     
                  000084d0    00000024     (.cinit..data.load) [load image, compression = lzss]
                  000084f4    0000000c     (__TI_handler_table)
                  00008500    00000008     (.cinit..bss.load) [load image, compression = zero_init]
                  00008508    00000010     (__TI_cinit_table)

.rodata    0    00006510    00001fc0     
                  00006510    00000260     functions.o (.rodata.str1.14424774467072349609.1)
                  00006770    000001da     functions.o (.rodata.str1.17600609178903569978.1)
                  0000694a    00000131     functions.o (.rodata.str1.16985884696085998545.1)
                  00006a7b    00000005     main.o (.rodata.str1.10635229749459437609.1)
                  00006a80    00000101     libc.a : aeabi_ctype.S.obj (.rodata:__aeabi_ctype_table_)
                  00006b81    000000af     functions.o (.rodata.str1.10105263805998509149.1)
                  00006c30    00000046     functions.o (.rodata.str1.14754684760099289372.1)
                  00006c76    00000041     functions.o (.rodata.str1.2344728598999326712.1)
                  00006cb7    0000003c     functions.o (.rodata.str1.6596733414268854495.1)
                  00006cf3    0000003b     functions.o (.rodata.str1.11345522308171243087.1)
                  00006d2e    0000003b     main.o (.rodata.str1.7784929982665794503.1)
                  00006d69    0000003a     functions.o (.rodata.str1.2989574447005584482.1)
                  00006da3    00000036     functions.o (.rodata.str1.389011575781332116.1)
                  00006dd9    00000035     functions.o (.rodata.str1.455706336395187257.1)
                  00006e0e    00000033     functions.o (.rodata.str1.17669684748118727147.1)
                  00006e41    00000031     main.o (.rodata.str1.16265332423659789559.1)
                  00006e72    00000031     functions.o (.rodata.str1.5699953771227312792.1)
                  00006ea3    00000030     main.o (.rodata.str1.1311392489248731986.1)
                  00006ed3    0000002f     functions.o (.rodata.str1.11510568493784519380.1)
                  00006f02    0000002f     main.o (.rodata.str1.18227636981041470289.1)
                  00006f31    0000002d     functions.o (.rodata.str1.16113805747440866019.1)
                  00006f5e    0000002d     functions.o (.rodata.str1.17873271132953962449.1)
                  00006f8b    0000002d     functions.o (.rodata.str1.2132137826339264873.1)
                  00006fb8    0000002d     functions.o (.rodata.str1.2654337880733388962.1)
                  00006fe5    0000002d     functions.o (.rodata.str1.303947978237559523.1)
                  00007012    0000002c     main.o (.rodata.str1.2563708670032483588.1)
                  0000703e    0000002a     functions.o (.rodata.str1.13933329845969146692.1)
                  00007068    0000002a     functions.o (.rodata.str1.4088760258362988122.1)
                  00007092    0000002a     functions.o (.rodata.str1.4198453541086758413.1)
                  000070bc    00000029     functions.o (.rodata.str1.14212890215622683485.1)
                  000070e5    00000028     functions.o (.rodata.str1.13707145581914847747.1)
                  0000710d    00000027     functions.o (.rodata.str1.4144252613811081812.1)
                  00007134    00000027     functions.o (.rodata.str1.7085808795165203043.1)
                  0000715b    00000027     main.o (.rodata.str1.9059077390166914652.1)
                  00007182    00000026     functions.o (.rodata.str1.11596568296542930794.1)
                  000071a8    00000026     functions.o (.rodata.str1.312031595841812858.1)
                  000071ce    00000026     main.o (.rodata.str1.403738606202455663.1)
                  000071f4    00000025     main.o (.rodata.str1.11870794119293528247.1)
                  00007219    00000025     functions.o (.rodata.str1.5196872854305757230.1)
                  0000723e    00000024     main.o (.rodata.str1.13030671760666898970.1)
                  00007262    00000024     main.o (.rodata.str1.16302215771116645891.1)
                  00007286    00000024     functions.o (.rodata.str1.16499007181999684178.1)
                  000072aa    00000024     functions.o (.rodata.str1.2298903785866919411.1)
                  000072ce    00000024     functions.o (.rodata.str1.4930741957133989383.1)
                  000072f2    00000023     functions.o (.rodata.str1.13060549876486072544.1)
                  00007315    00000023     main.o (.rodata.str1.14402440632258215044.1)
                  00007338    00000023     uart.o (.rodata.str1.14464947116831474962.1)
                  0000735b    00000023     functions.o (.rodata.str1.3739636256912452571.1)
                  0000737e    00000023     functions.o (.rodata.str1.7723146404961276984.1)
                  000073a1    00000022     functions.o (.rodata.str1.11403685632016021771.1)
                  000073c3    00000022     main.o (.rodata.str1.13288086030101331538.1)
                  000073e5    00000022     functions.o (.rodata.str1.13554695696533425351.1)
                  00007407    00000022     functions.o (.rodata.str1.14626576299884526934.1)
                  00007429    00000022     functions.o (.rodata.str1.16386345573460399209.1)
                  0000744b    00000022     functions.o (.rodata.str1.16614484817706633923.1)
                  0000746d    00000022     main.o (.rodata.str1.17770841602246103764.1)
                  0000748f    00000022     functions.o (.rodata.str1.2305192595417680505.1)
                  000074b1    00000022     main.o (.rodata.str1.5043408953494467246.1)
                  000074d3    00000022     functions.o (.rodata.str1.823074591787180899.1)
                  000074f5    00000021     functions.o (.rodata.str1.14504089057119714207.1)
                  00007516    00000021     functions.o (.rodata.str1.1463293767001829125.1)
                  00007537    00000021     functions.o (.rodata.str1.17004305802620412261.1)
                  00007558    00000021     functions.o (.rodata.str1.17112998893623131760.1)
                  00007579    00000021     functions.o (.rodata.str1.17954340015018547257.1)
                  0000759a    00000021     functions.o (.rodata.str1.18169768820860067831.1)
                  000075bb    00000021     functions.o (.rodata.str1.2006883888705870762.1)
                  000075dc    00000021     functions.o (.rodata.str1.2618360898605671341.1)
                  000075fd    00000021     functions.o (.rodata.str1.3107984650851015417.1)
                  0000761e    00000021     functions.o (.rodata.str1.4531601087117612729.1)
                  0000763f    00000021     functions.o (.rodata.str1.4910338030008278487.1)
                  00007660    00000021     functions.o (.rodata.str1.5896414462293131170.1)
                  00007681    00000021     functions.o (.rodata.str1.831622212789273363.1)
                  000076a2    00000020     functions.o (.rodata.str1.10868672936327135180.1)
                  000076c2    00000020     functions.o (.rodata.str1.11158820112163685190.1)
                  000076e2    00000020     functions.o (.rodata.str1.11740181311745255940.1)
                  00007702    00000020     functions.o (.rodata.str1.11852899632267644254.1)
                  00007722    00000020     functions.o (.rodata.str1.12250083639950253671.1)
                  00007742    00000020     functions.o (.rodata.str1.12257129677820421622.1)
                  00007762    00000020     functions.o (.rodata.str1.16726128468901222387.1)
                  00007782    00000020     main.o (.rodata.str1.6554448696319176064.1)
                  000077a2    00000020     functions.o (.rodata.str1.7108839738911806945.1)
                  000077c2    0000001f     functions.o (.rodata.str1.13869735989619804122.1)
                  000077e1    0000001f     main.o (.rodata.str1.14112174005742061988.1)
                  00007800    0000001f     functions.o (.rodata.str1.15914577833492633752.1)
                  0000781f    0000001f     functions.o (.rodata.str1.1798579838546719175.1)
                  0000783e    0000001f     functions.o (.rodata.str1.2606492479815574346.1)
                  0000785d    0000001f     functions.o (.rodata.str1.3741468063811768988.1)
                  0000787c    0000001f     functions.o (.rodata.str1.4214633535407782609.1)
                  0000789b    0000001f     functions.o (.rodata.str1.6433388484108913441.1)
                  000078ba    0000001f     functions.o (.rodata.str1.6500671132244866452.1)
                  000078d9    0000001f     functions.o (.rodata.str1.7261598007108977983.1)
                  000078f8    0000001f     functions.o (.rodata.str1.8841248051089024616.1)
                  00007917    0000001e     functions.o (.rodata.str1.11548324711019379123.1)
                  00007935    0000001e     functions.o (.rodata.str1.11584461607463951922.1)
                  00007953    0000001e     functions.o (.rodata.str1.12869987097872302101.1)
                  00007971    0000001e     functions.o (.rodata.str1.13258710136769708401.1)
                  0000798f    0000001e     functions.o (.rodata.str1.13361924668150654931.1)
                  000079ad    0000001e     functions.o (.rodata.str1.2153166669032916089.1)
                  000079cb    0000001e     functions.o (.rodata.str1.2957129483359387701.1)
                  000079e9    0000001e     functions.o (.rodata.str1.9393216526452698668.1)
                  00007a07    0000001e     functions.o (.rodata.str1.9504405780896684869.1)
                  00007a25    0000001e     functions.o (.rodata.str1.9987864939932165754.1)
                  00007a43    0000001d     functions.o (.rodata.str1.10029850049327752681.1)
                  00007a60    0000001d     functions.o (.rodata.str1.7324634916810494498.1)
                  00007a7d    0000001d     functions.o (.rodata.str1.771275161403278999.1)
                  00007a9a    0000001c     functions.o (.rodata.str1.11489194655681450928.1)
                  00007ab6    0000001c     functions.o (.rodata.str1.12122565456592184258.1)
                  00007ad2    0000001c     main.o (.rodata.str1.12180500075719773345.1)
                  00007aee    0000001c     functions.o (.rodata.str1.13405053720543497480.1)
                  00007b0a    0000001c     functions.o (.rodata.str1.14296218639596138037.1)
                  00007b26    0000001c     functions.o (.rodata.str1.15241132200125037881.1)
                  00007b42    0000001b     functions.o (.rodata.str1.15871961652988661611.1)
                  00007b5d    0000001b     functions.o (.rodata.str1.1879081474855052955.1)
                  00007b78    0000001b     functions.o (.rodata.str1.3322434249706281543.1)
                  00007b93    0000001b     functions.o (.rodata.str1.4040450050525152614.1)
                  00007bae    0000001b     functions.o (.rodata.str1.6579945242302544448.1)
                  00007bc9    0000001b     functions.o (.rodata.str1.6886749528440134913.1)
                  00007be4    0000001b     functions.o (.rodata.str1.7667325258934765219.1)
                  00007bff    0000001a     main.o (.rodata.str1.10313062130652730376.1)
                  00007c19    0000001a     functions.o (.rodata.str1.10394495994740858438.1)
                  00007c33    0000001a     functions.o (.rodata.str1.11621569494667626893.1)
                  00007c4d    0000001a     functions.o (.rodata.str1.12609848238114409581.1)
                  00007c67    0000001a     functions.o (.rodata.str1.1518209179495633459.1)
                  00007c81    0000001a     functions.o (.rodata.str1.2190941444116491765.1)
                  00007c9b    0000001a     functions.o (.rodata.str1.2872345601479061820.1)
                  00007cb5    0000001a     functions.o (.rodata.str1.5905555877690922764.1)
                  00007ccf    0000001a     functions.o (.rodata.str1.8113497073403762318.1)
                  00007ce9    0000001a     functions.o (.rodata.str1.976629323795015702.1)
                  00007d03    0000001a     functions.o (.rodata.str1.9955790773425000222.1)
                  00007d1d    00000019     functions.o (.rodata.str1.11296493460036947760.1)
                  00007d36    00000019     functions.o (.rodata.str1.2347775125427912132.1)
                  00007d4f    00000019     main.o (.rodata.str1.2763581881760962609.1)
                  00007d68    00000018     ti_msp_dl_config.o (.rodata.gDMA_CH0Config)
                  00007d80    00000018     ti_msp_dl_config.o (.rodata.gDMA_CH1Config)
                  00007d98    00000018     ti_msp_dl_config.o (.rodata.gDMA_CH2Config)
                  00007db0    00000018     ti_msp_dl_config.o (.rodata.gDMA_CH3Config)
                  00007dc8    00000018     functions.o (.rodata.str1.14826907694073300720.1)
                  00007de0    00000018     functions.o (.rodata.str1.15647711897633472048.1)
                  00007df8    00000018     functions.o (.rodata.str1.3544098629501009633.1)
                  00007e10    00000018     functions.o (.rodata.str1.4307635291288551838.1)
                  00007e28    00000018     functions.o (.rodata.str1.5556253844797924259.1)
                  00007e40    00000018     main.o (.rodata.str1.8154729771448623357.1)
                  00007e58    00000017     functions.o (.rodata.str1.10930655922842606279.1)
                  00007e6f    00000017     functions.o (.rodata.str1.14247832736261690914.1)
                  00007e86    00000017     functions.o (.rodata.str1.15416425971347363818.1)
                  00007e9d    00000017     functions.o (.rodata.str1.15981603964029308583.1)
                  00007eb4    00000017     functions.o (.rodata.str1.17162129685140799346.1)
                  00007ecb    00000017     functions.o (.rodata.str1.17242831494859343374.1)
                  00007ee2    00000017     functions.o (.rodata.str1.18157200286260056646.1)
                  00007ef9    00000017     functions.o (.rodata.str1.6954128830300373732.1)
                  00007f10    00000017     main.o (.rodata.str1.6976963560179378225.1)
                  00007f27    00000016     functions.o (.rodata.str1.13647871663007229205.1)
                  00007f3d    00000016     functions.o (.rodata.str1.13750405472340812261.1)
                  00007f53    00000016     uart.o (.rodata.str1.15503172443992438641.1)
                  00007f69    00000016     functions.o (.rodata.str1.1912318065655334061.1)
                  00007f7f    00000016     functions.o (.rodata.str1.2216088936736676215.1)
                  00007f95    00000016     functions.o (.rodata.str1.504123949362312185.1)
                  00007fab    00000016     main.o (.rodata.str1.6891813955777630061.1)
                  00007fc1    00000016     functions.o (.rodata.str1.7276749916342729794.1)
                  00007fd7    00000016     functions.o (.rodata.str1.8430466031500812981.1)
                  00007fed    00000016     functions.o (.rodata.str1.8683587540435544184.1)
                  00008003    00000015     functions.o (.rodata.str1.11457859038367029433.1)
                  00008018    00000015     functions.o (.rodata.str1.13291850131445628085.1)
                  0000802d    00000015     functions.o (.rodata.str1.13318008327193210645.1)
                  00008042    00000015     functions.o (.rodata.str1.14079700471513303319.1)
                  00008057    00000015     functions.o (.rodata.str1.14779408147115502373.1)
                  0000806c    00000015     functions.o (.rodata.str1.16344480386849582482.1)
                  00008081    00000015     functions.o (.rodata.str1.17171889877841249491.1)
                  00008096    00000015     functions.o (.rodata.str1.18285776561876861988.1)
                  000080ab    00000015     functions.o (.rodata.str1.5514502381961403268.1)
                  000080c0    00000015     functions.o (.rodata.str1.7987950595137088371.1)
                  000080d5    00000015     main.o (.rodata.str1.8076846746581808073.1)
                  000080ea    00000015     uart.o (.rodata.str1.8171864734171609186.1)
                  000080ff    00000001     --HOLE-- [fill = 0]
                  00008100    00000014     ti_msp_dl_config.o (.rodata.gTIMER_0TimerConfig)
                  00008114    00000014     functions.o (.rodata.str1.13213250456124221025.1)
                  00008128    00000014     main.o (.rodata.str1.14079361385603432444.1)
                  0000813c    00000014     functions.o (.rodata.str1.16699442666505370998.1)
                  00008150    00000014     functions.o (.rodata.str1.17124744513834159004.1)
                  00008164    00000014     functions.o (.rodata.str1.3274426514815924028.1)
                  00008178    00000013     functions.o (.rodata.str1.11087625087312282266.1)
                  0000818b    00000013     functions.o (.rodata.str1.17622889657162422067.1)
                  0000819e    00000013     functions.o (.rodata.str1.5117621188084071403.1)
                  000081b1    00000012     functions.o (.rodata.str1.11371842499512143921.1)
                  000081c3    00000012     functions.o (.rodata.str1.11391304066098951517.1)
                  000081d5    00000012     main.o (.rodata.str1.11702106008850790973.1)
                  000081e7    00000012     functions.o (.rodata.str1.14660004578859228044.1)
                  000081f9    00000011     libc.a : _printfi.c.obj (.rodata.str1.10348868589481759720.1)
                  0000820a    00000011     main.o (.rodata.str1.14466178792657420020.1)
                  0000821b    00000011     libc.a : _printfi.c.obj (.rodata.str1.15363888844622738466.1)
                  0000822c    00000011     main.o (.rodata.str1.17045314124001216156.1)
                  0000823d    00000011     main.o (.rodata.str1.39260288392874984.1)
                  0000824e    00000011     main.o (.rodata.str1.7996925722583989644.1)
                  0000825f    00000011     main.o (.rodata.str1.8428454045432808059.1)
                  00008270    00000011     functions.o (.rodata.str1.8855207564147674068.1)
                  00008281    00000003     ti_msp_dl_config.o (.rodata.gTIMER_0ClockConfig)
                  00008284    00000010     functions.o (.rodata..Lswitch.table.cmd_fram)
                  00008294    00000010     main.o (.rodata..Lswitch.table.main)
                  000082a4    0000000f     functions.o (.rodata.str1.6405428687533244608.1)
                  000082b3    0000000e     functions.o (.rodata.str1.1787322033648190911.1)
                  000082c1    0000000e     main.o (.rodata.str1.18092426736022315238.1)
                  000082cf    0000000d     main.o (.rodata.str1.11321157723316767883.1)
                  000082dc    0000000d     functions.o (.rodata.str1.14249227603012650231.1)
                  000082e9    0000000c     main.o (.rodata.str1.8096991282711418442.1)
                  000082f5    0000000c     functions.o (.rodata.str1.9586352787182320994.1)
                  00008301    0000000b     main.o (.rodata.str1.13782249893155712474.1)
                  0000830c    0000000b     functions.o (.rodata.str1.9866892624350641238.1)
                  00008317    00000001     --HOLE-- [fill = 0]
                  00008318    0000000a     ti_msp_dl_config.o (.rodata.gMCU_UART_1Config)
                  00008322    0000000a     ti_msp_dl_config.o (.rodata.gSPI_0_config)
                  0000832c    0000000a     ti_msp_dl_config.o (.rodata.gSPI_1_config)
                  00008336    0000000a     ti_msp_dl_config.o (.rodata.gUART_0Config)
                  00008340    0000000a     main.o (.rodata.str1.10224226614597680209.1)
                  0000834a    0000000a     functions.o (.rodata.str1.13497160822588500659.1)
                  00008354    0000000a     functions.o (.rodata.str1.9629253951102113371.1)
                  0000835e    0000000a     functions.o (.rodata.str1.9659379646541333203.1)
                  00008368    00000009     main.o (.rodata.str1.10720410773482754683.1)
                  00008371    00000009     functions.o (.rodata.str1.13225435875195226696.1)
                  0000837a    00000009     uart.o (.rodata.str1.2747995240747259486.1)
                  00008383    00000009     functions.o (.rodata.str1.5320122413559821118.1)
                  0000838c    00000009     functions.o (.rodata.str1.8276779995786722914.1)
                  00008395    00000009     main.o (.rodata.str1.8320541211001259012.1)
                  0000839e    00000009     main.o (.rodata.str1.8828068777338075035.1)
                  000083a7    00000008     functions.o (.rodata.str1.11093425900794288272.1)
                  000083af    00000008     functions.o (.rodata.str1.12082073636076449582.1)
                  000083b7    00000008     functions.o (.rodata.str1.12716370140545181522.1)
                  000083bf    00000008     functions.o (.rodata.str1.15667472894159448674.1)
                  000083c7    00000008     functions.o (.rodata.str1.15927518266867229498.1)
                  000083cf    00000008     functions.o (.rodata.str1.16929425599360063401.1)
                  000083d7    00000008     main.o (.rodata.str1.17376258722486336754.1)
                  000083df    00000008     main.o (.rodata.str1.2624144126699937905.1)
                  000083e7    00000008     main.o (.rodata.str1.2846389346932560359.1)
                  000083ef    00000008     functions.o (.rodata.str1.3156050197955811031.1)
                  000083f7    00000007     main.o (.rodata.str1.10865113624938808685.1)
                  000083fe    00000007     functions.o (.rodata.str1.14125585639945481457.1)
                  00008405    00000007     functions.o (.rodata.str1.17588442350683572369.1)
                  0000840c    00000007     functions.o (.rodata.str1.3123360382440319361.1)
                  00008413    00000007     functions.o (.rodata.str1.6743441520423956273.1)
                  0000841a    00000006     functions.o (.rodata.str1.10302267126528799586.1)
                  00008420    00000006     functions.o (.rodata.str1.10387253022637546114.1)
                  00008426    00000006     functions.o (.rodata.str1.11538060877586311343.1)
                  0000842c    00000006     main.o (.rodata.str1.11822182024223342093.1)
                  00008432    00000006     functions.o (.rodata.str1.17144429639171527548.1)
                  00008438    00000006     main.o (.rodata.str1.2123964117280943167.1)
                  0000843e    00000006     functions.o (.rodata.str1.2128294674425382420.1)
                  00008444    00000006     functions.o (.rodata.str1.4959705119256106851.1)
                  0000844a    00000005     functions.o (.rodata.str1.11900037607746946141.1)
                  0000844f    00000005     functions.o (.rodata.str1.13183419841694627606.1)
                  00008454    00000005     functions.o (.rodata.str1.13786467237224150958.1)
                  00008459    00000005     functions.o (.rodata.str1.14496393926573069083.1)
                  0000845e    00000005     main.o (.rodata.str1.15159059442110792349.1)
                  00008463    00000005     functions.o (.rodata.str1.16757203657686794125.1)
                  00008468    00000005     functions.o (.rodata.str1.17418132220924322792.1)
                  0000846d    00000005     main.o (.rodata.str1.288608917962107522.1)
                  00008472    00000005     functions.o (.rodata.str1.3066531604708884151.1)
                  00008477    00000005     functions.o (.rodata.str1.3172367308849033862.1)
                  0000847c    00000005     functions.o (.rodata.str1.502354497711140047.1)
                  00008481    00000005     main.o (.rodata.str1.8108965883388295311.1)
                  00008486    00000004     functions.o (.rodata.str1.11364996628600094536.1)
                  0000848a    00000004     functions.o (.rodata.str1.11488970495173820783.1)
                  0000848e    00000004     functions.o (.rodata.str1.12871985577256932554.1)
                  00008492    00000004     main.o (.rodata.str1.15996357275703397564.1)
                  00008496    00000004     main.o (.rodata.str1.17100691992556644108.1)
                  0000849a    00000004     functions.o (.rodata.str1.3098115528246613681.1)
                  0000849e    00000004     main.o (.rodata.str1.3530083166107438000.1)
                  000084a2    00000004     functions.o (.rodata.str1.4561657886204501224.1)
                  000084a6    00000004     functions.o (.rodata.str1.62749256631814321.1)
                  000084aa    00000004     functions.o (.rodata.str1.9119127971185803168.1)
                  000084ae    00000003     uart.o (.rodata.str1.12819099410943012003.1)
                  000084b1    00000003     functions.o (.rodata.str1.17016031596792030868.1)
                  000084b4    00000003     functions.o (.rodata.str1.2090735207208419621.1)
                  000084b7    00000003     main.o (.rodata.str1.7702501944640899365.1)
                  000084ba    00000003     functions.o (.rodata.str1.9506313465773766142.1)
                  000084bd    00000002     ti_msp_dl_config.o (.rodata.gI2C_0ClockConfig)
                  000084bf    00000002     ti_msp_dl_config.o (.rodata.gI2C_1ClockConfig)
                  000084c1    00000002     ti_msp_dl_config.o (.rodata.gMCU_UART_1ClockConfig)
                  000084c3    00000002     ti_msp_dl_config.o (.rodata.gSPI_0_clockConfig)
                  000084c5    00000002     ti_msp_dl_config.o (.rodata.gSPI_1_clockConfig)
                  000084c7    00000002     ti_msp_dl_config.o (.rodata.gUART_0ClockConfig)
                  000084c9    00000002     uart.o (.rodata.str1.3510367808670815947.1)
                  000084cb    00000002     functions.o (.rodata.str1.5994875290679588583.1)
                  000084cd    00000003     --HOLE-- [fill = 0]

.init_array 
*          0    00000000    00000000     UNINITIALIZED

.binit     0    00000000    00000000     

.bss       0    20200000    000001b1     UNINITIALIZED
                  20200000    00000078     uart.o (.bss.commandList)
                  20200078    00000040     (.common:UART_Buffer)
                  202000b8    00000028     (.common:gSPI_0Backup)
                  202000e0    00000028     (.common:gSPI_1Backup)
                  20200108    00000022     (.common:gRxPacket)
                  2020012a    00000022     (.common:gTxPacket)
                  2020014c    00000020     (.common:framSpi)
                  2020016c    0000001c     (.common:stm32Spi)
                  20200188    00000010     (.common:gSPI_RxPacket)
                  20200198    00000008     (.common:fram)
                  202001a0    00000004     (.common:gRxCount)
                  202001a4    00000004     (.common:gRxLen)
                  202001a8    00000004     (.common:gTxCount)
                  202001ac    00000004     (.common:gTxLen)
                  202001b0    00000001     (.common:gI2cControllerStatus)

.data      0    202001b4    0000004a     UNINITIALIZED
                  202001b4    00000010     spi_master.o (.data.gSPI_TxPacket)
                  202001c4    00000004     libc.a : aeabi_portable.c.obj (.data.__aeabi_errno)
                  202001c8    00000004     uart.o (.data.commandCount)
                  202001cc    00000004     libc.a : strtok.c.obj (.data.last_end)
                  202001d0    00000004     main.o (.data.monitor_rate)
                  202001d4    00000002     BQ25628_functions.o (.data.g_ibat_mA)
                  202001d6    00000002     BQ25628_functions.o (.data.g_ibus_mA)
                  202001d8    00000002     BQ27Z7_functions.o (.data.g_telem.0)
                  202001da    00000002     BQ27Z7_functions.o (.data.g_telem.10)
                  202001dc    00000002     BQ27Z7_functions.o (.data.g_telem.11)
                  202001de    00000002     BQ27Z7_functions.o (.data.g_telem.12)
                  202001e0    00000002     BQ27Z7_functions.o (.data.g_telem.13)
                  202001e2    00000002     BQ27Z7_functions.o (.data.g_telem.1)
                  202001e4    00000002     BQ27Z7_functions.o (.data.g_telem.2)
                  202001e6    00000002     BQ27Z7_functions.o (.data.g_telem.4)
                  202001e8    00000002     BQ27Z7_functions.o (.data.g_telem.5)
                  202001ea    00000002     BQ27Z7_functions.o (.data.g_telem.7)
                  202001ec    00000002     BQ27Z7_functions.o (.data.g_telem.8)
                  202001ee    00000002     BQ27Z7_functions.o (.data.g_telem.9)
                  202001f0    00000002     BQ25628_functions.o (.data.g_vbat_mV)
                  202001f2    00000002     BQ25628_functions.o (.data.g_vbus_mV)
                  202001f4    00000002     BQ25628_functions.o (.data.g_vsys_mV)
                  202001f6    00000001     main.o (.data.bq_monitor_active)
                  202001f7    00000001     uart.o (.data.char_index)
                  202001f8    00000001     uart.o (.data.data_received)
                  202001f9    00000001     gauge.o (.data.g_gaugeAddr)
                  202001fa    00000001     BQ27Z7_functions.o (.data.g_telem.3)
                  202001fb    00000001     main.o (.data.gauge_monitor_active)
                  202001fc    00000001     BQ27Z7_functions.o (.data.g_telem.6)
                  202001fd    00000001     main.o (.data.hall_monitor_active)

.stack     0    20207e00    00000200     UNINITIALIZED
                  20207e00    00000004     libc.a : boot_cortex_m.c.obj (.stack)
                  20207e04    000001fc     --HOLE--

__llvm_prf_cnts 
*          0    20200000    00000000     UNINITIALIZED

__llvm_prf_bits 
*          0    20200000    00000000     UNINITIALIZED

MODULE SUMMARY

       Module                         code    ro data   rw data
       ------                         ----    -------   -------
    .\
       functions.o                    5452    6463      8      
       main.o                         1028    1106      7      
       ti_msp_dl_config.o             1308    171       80     
       startup_mspm0g350x_ticlang.o   6       192       0      
    +--+------------------------------+-------+---------+---------+
       Total:                         7794    7932      95     
                                                               
    .\HAL\
       uart.o                         1484    92        190    
       i2c.o                          1256    0         85     
       spi_mem.o                      584     0         32     
       spi_master.o                   180     0         60     
    +--+------------------------------+-------+---------+---------+
       Total:                         3504    92        367    
                                                               
    .\ics\BQ25628\
       BQ25628_functions.o            692     0         10     
    +--+------------------------------+-------+---------+---------+
       Total:                         692     0         10     
                                                               
    .\ics\BQ27Z7\
       BQ27Z7_functions.o             2806    0         26     
       gauge.o                        176     0         1      
    +--+------------------------------+-------+---------+---------+
       Total:                         2982    0         27     
                                                               
    .\ics\MB85RS\
       mb85rs.o                       750     0         0      
    +--+------------------------------+-------+---------+---------+
       Total:                         750     0         0      
                                                               
    C:/ti/mspm0_sdk_2_09_00_01/source/ti/driverlib/lib/ticlang/m0p/mspm0g1x0x_g3x0x/driverlib.a
       dl_timer.o                     280     0         0      
       dl_i2c.o                       240     0         0      
       dl_uart.o                      138     0         0      
       dl_spi.o                       86      0         0      
       dl_dma.o                       76      0         0      
       dl_common.o                    10      0         0      
    +--+------------------------------+-------+---------+---------+
       Total:                         830     0         0      
                                                               
    C:\ti\ccs2031\ccs\tools\compiler\ti-cgt-armllvm_4.0.4.LTS\lib\armv6m-ti-none-eabi/c/libc.a
       _printfi.c.obj                 4510    34        0      
       strtol.c.obj                   324     0         0      
       aeabi_ctype.S.obj              0       257       0      
       s_scalbn.c.obj                 216     0         0      
       memcpy16.S.obj                 154     0         0      
       s_floorf.c.obj                 140     0         0      
       strcmp-armv6m.S.obj            136     0         0      
       vsnprintf.c.obj                136     0         0      
       copy_decompress_lzss.c.obj     124     0         0      
       s_roundf.c.obj                 114     0         0      
       memset16.S.obj                 98      0         0      
       s_frexp.c.obj                  92      0         0      
       _ltoa.c.obj                    88      0         0      
       strtok.c.obj                   72      0         4      
       atoi.c.obj                     64      0         0      
       autoinit.c.obj                 60      0         0      
       boot_cortex_m.c.obj            40      0         0      
       strspn.c.obj                   38      0         0      
       strcspn.c.obj                  36      0         0      
       memccpy.c.obj                  34      0         0      
       copy_zero_init.c.obj           22      0         0      
       copy_decompress_none.c.obj     18      0         0      
       wcslen.c.obj                   16      0         0      
       aeabi_portable.c.obj           8       0         4      
       exit.c.obj                     6       0         0      
       pre_init.c.obj                 4       0         0      
    +--+------------------------------+-------+---------+---------+
       Total:                         6550    291       8      
                                                               
    C:\ti\ccs2031\ccs\tools\compiler\ti-cgt-armllvm_4.0.4.LTS\lib\armv6m-ti-none-eabi/c/libsysbm.a
       hostexit.c.obj                 4       0         0      
    +--+------------------------------+-------+---------+---------+
       Total:                         4       0         0      
                                                               
    C:\ti\ccs2031\ccs\tools\compiler\ti-cgt-armllvm_4.0.4.LTS\lib\armv6m-ti-none-eabi/libclang_rt.builtins.a
       adddf3.S.obj                   418     0         0      
       divdf3.S.obj                   268     0         0      
       addsf3.S.obj                   232     0         0      
       muldf3.S.obj                   228     0         0      
       comparedf2.c.obj               220     0         0      
       udivmoddi4.S.obj               162     0         0      
       mulsf3.S.obj                   140     0         0      
       comparesf2.S.obj               118     0         0      
       aeabi_dcmp.S.obj               98      0         0      
       aeabi_fcmp.S.obj               98      0         0      
       aeabi_idivmod.S.obj            86      0         0      
       fixdfsi.S.obj                  74      0         0      
       aeabi_uidivmod.S.obj           64      0         0      
       muldsi3.S.obj                  58      0         0      
       fixsfsi.S.obj                  56      0         0      
       floatsidf.S.obj                44      0         0      
       floatunsisf.S.obj              40      0         0      
       muldi3.S.obj                   36      0         0      
       ashldi3.S.obj                  30      0         0      
       aeabi_memset.S.obj             26      0         0      
       aeabi_uldivmod.S.obj           20      0         0      
       aeabi_memcpy.S.obj             8       0         0      
       aeabi_div0.c.obj               4       0         0      
    +--+------------------------------+-------+---------+---------+
       Total:                         2528    0         0      
                                                               
       Stack:                         0       0         512    
       Linker Generated:              0       72        0      
    +--+------------------------------+-------+---------+---------+
       Grand Total:                   25634   8387      1019   


LINKER GENERATED COPY TABLES

__TI_cinit_table @ 00008508 records: 2, size/record: 8, table size: 16
	.data: load addr=000084d0, load size=00000024 bytes, run addr=202001b4, run size=0000004a bytes, compression=lzss
	.bss: load addr=00008500, load size=00000008 bytes, run addr=20200000, run size=000001b1 bytes, compression=zero_init


LINKER GENERATED HANDLER TABLE

__TI_handler_table @ 000084f4 records: 3, size/record: 4, table size: 12
	index: 0, handler: __TI_decompress_lzss
	index: 1, handler: __TI_decompress_none
	index: 2, handler: __TI_zero_init


FAR CALL TRAMPOLINES

callee name               trampoline name
   callee addr  tramp addr   call addr  call info
--------------  -----------  ---------  ----------------
__aeabi_dsub              $Tramp$TT$L$PI$$__aeabi_dsub
   000029b1     000064b4     000064b2   libc.a : _printfi.c.obj (.text.OUTLINED_FUNCTION_0)
__aeabi_fadd              $Tramp$TT$L$PI$$__aeabi_fadd
   00004377     000064d0     000064cc   libc.a : s_roundf.c.obj (.text.OUTLINED_FUNCTION_0)

[2 trampolines]
[2 trampoline calls]


GLOBAL SYMBOLS: SORTED ALPHABETICALLY BY Name 

address   name                          
-------   ----                          
00002b43  ADC0_IRQHandler               
00002b43  ADC1_IRQHandler               
00002b43  AES_IRQHandler                
00006315  BQ25628E_Get_IBAT_mA          
00006321  BQ25628E_Get_IBUS_mA          
0000632d  BQ25628E_Get_VBAT_mV          
00006339  BQ25628E_Get_VBUS_mV          
00006345  BQ25628E_Get_VSYS_mV          
000038dd  BQ25628E_Init_Default         
00005f69  BQ25628E_ReadReg16            
00005f8d  BQ25628E_ReadReg8             
000036e5  BQ25628E_UpdateTelemetry      
00005fb1  BQ25628E_WriteReg16           
00006065  BQ25628E_WriteReg8            
00003abd  BQ27Z746_GetChargingStatus    
00003e4f  BQ27Z746_GetChemID            
00003d71  BQ27Z746_GetDeviceType        
00005813  BQ27Z746_GetFETOptions        
000040e3  BQ27Z746_GetFirmwareVersion   
00003f2b  BQ27Z746_GetOperationStatus   
00004007  BQ27Z746_GetSafetyStatus      
0000577d  BQ27Z746_GetTempConfig        
00006351  BQ27Z746_Get_AvgCurrent_mA    
0000635d  BQ27Z746_Get_AvgPower_mW      
00006369  BQ27Z746_Get_BatteryStatus    
00006375  BQ27Z746_Get_Current_mA       
00006381  BQ27Z746_Get_CycleCount       
0000638d  BQ27Z746_Get_FullChargeCap_mAh
00006399  BQ27Z746_Get_InternalTemp_C   
000063a5  BQ27Z746_Get_RemainingCap_mAh 
000063b1  BQ27Z746_Get_SOC_pct          
000063bd  BQ27Z746_Get_StateOfHealth_pct
000063c9  BQ27Z746_Get_Temperature_C    
000063d5  BQ27Z746_Get_TimeToEmpty_min  
000063e1  BQ27Z746_Get_TimeToFull_min   
000063ed  BQ27Z746_Get_Voltage_mV       
00005e1d  BQ27Z746_Init                 
00006279  BQ27Z746_IsDischarging        
00006289  BQ27Z746_IsFullyCharged       
00006299  BQ27Z746_IsFullyDischarged    
000041bb  BQ27Z746_MAC_Read             
000060e5  BQ27Z746_MAC_Send             
000063f9  BQ27Z746_ReadAvgCurrent_mA    
00006405  BQ27Z746_ReadAvgPower_mW      
00006411  BQ27Z746_ReadBatteryStatus    
0000641d  BQ27Z746_ReadCurrent_mA       
00006429  BQ27Z746_ReadCycleCount       
00006435  BQ27Z746_ReadFullChargeCap_mAh
00006085  BQ27Z746_ReadInternalTemp_C   
00006441  BQ27Z746_ReadRemainingCap_mAh 
0000644d  BQ27Z746_ReadSOC_pct          
00006459  BQ27Z746_ReadStateOfHealth_pct
000060a5  BQ27Z746_ReadTemperature_C    
00006465  BQ27Z746_ReadTimeToEmpty_min  
00006471  BQ27Z746_ReadTimeToFull_min   
0000647d  BQ27Z746_ReadVoltage_mV       
00004685  BQ27Z746_SetTempSensorConfig  
000045d1  BQ27Z746_SetUTFET_Direct      
000035e5  BQ27Z746_UpdateTelemetry      
000064fa  C$$EXIT                       
00002b43  CANFD0_IRQHandler             
00001edd  CLI_ProcessInput              
00005a75  CLI_RegisterCommand           
00004eed  CLI_Tokenize                  
00002b43  DAC0_IRQHandler               
000064a1  DL_Common_delayCycles         
00005731  DL_DMA_initChannel            
0000540d  DL_I2C_fillControllerTXFIFO   
00005d2d  DL_I2C_flushControllerRXFIFO  
00005ab1  DL_I2C_flushControllerTXFIFO  
00005f1d  DL_I2C_setClockConfig         
000058ed  DL_SPI_init                   
00006241  DL_SPI_setClockConfig         
000037e1  DL_Timer_initTimerMode        
00006125  DL_Timer_setClockConfig       
0000585d  DL_UART_init                  
00006253  DL_UART_setClockConfig        
00005d5d  DL_UART_transmitDataBlocking  
00002b43  DMA_IRQHandler                
00002b43  Default_Handler               
00002b43  GROUP0_IRQHandler             
00002b43  GROUP1_IRQHandler             
000064fb  HOSTexit                      
00002b43  HardFault_Handler             
000062a9  I2C0_IRQHandler               
000062b9  I2C1_IRQHandler               
0000261d  I2C_ReadDevice                
00003ba9  I2C_TryAddress                
00002f31  I2C_WriteDevice               
00005e49  MB85RS_Init                   
00004735  MB85RS_Read                   
00004c19  MB85RS_ReadID                 
00005525  MB85RS_ReadStatus             
00003069  MB85RS_Write                  
00002b43  NMI_Handler                   
00002b43  PendSV_Handler                
00002b43  RTC_IRQHandler                
000064ff  Reset_Handler                 
00005689  SPI0_IRQHandler               
00005cf9  SPI1_IRQHandler               
0000546d  SPI_Controller_Arm            
00005fd5  SPI_Controller_Init           
00004935  SPI_Memory_Arm                
00006489  SPI_Memory_CS_Assert          
000062c9  SPI_Memory_CS_Deassert        
00005e75  SPI_Memory_Init               
000032c1  SPI_Memory_Wait               
00002b43  SVC_Handler                   
0000615d  SYSCFG_DL_DMA_CH0_init        
00006175  SYSCFG_DL_DMA_CH1_init        
0000618d  SYSCFG_DL_DMA_CH2_init        
000061a5  SYSCFG_DL_DMA_CH3_init        
00006203  SYSCFG_DL_DMA_init            
000033cd  SYSCFG_DL_GPIO_init           
00004f55  SYSCFG_DL_I2C_0_init          
00004fbd  SYSCFG_DL_I2C_1_init          
0000534d  SYSCFG_DL_MCU_UART_1_init     
0000515d  SYSCFG_DL_SPI_0_init          
000053ad  SYSCFG_DL_SPI_1_init          
00005975  SYSCFG_DL_SYSCTL_init         
00005c19  SYSCFG_DL_TIMER_0_init        
00004e7d  SYSCFG_DL_UART_0_init         
00005931  SYSCFG_DL_init                
00004c99  SYSCFG_DL_initPower           
00004515  Shared_I2C_IRQHandler         
00002b43  SysTick_Handler               
00002b43  TIMA0_IRQHandler              
00002b43  TIMA1_IRQHandler              
00002b43  TIMG0_IRQHandler              
00002b43  TIMG12_IRQHandler             
00002b43  TIMG6_IRQHandler              
00002b43  TIMG7_IRQHandler              
00002b43  TIMG8_IRQHandler              
000061bd  UART0_IRQHandler              
00002b43  UART1_IRQHandler              
00002b43  UART2_IRQHandler              
00002b43  UART3_IRQHandler              
000047e5  UARTReceive                   
20200078  UART_Buffer                   
20208000  __STACK_END                   
00000200  __STACK_SIZE                  
00000000  __TI_ATRegion0_region_sz      
00000000  __TI_ATRegion0_src_addr       
00000000  __TI_ATRegion0_trg_addr       
00000000  __TI_ATRegion1_region_sz      
00000000  __TI_ATRegion1_src_addr       
00000000  __TI_ATRegion1_trg_addr       
00000000  __TI_ATRegion2_region_sz      
00000000  __TI_ATRegion2_src_addr       
00000000  __TI_ATRegion2_trg_addr       
00008508  __TI_CINIT_Base               
00008518  __TI_CINIT_Limit              
00008518  __TI_CINIT_Warm               
000084f4  __TI_Handler_Table_Base       
00008500  __TI_Handler_Table_Limit      
00005b65  __TI_auto_init_nobinit_nopinit
00004d15  __TI_decompress_lzss          
00006265  __TI_decompress_none          
0000557f  __TI_ltoa                     
ffffffff  __TI_pprof_out_hndl           
000000c1  __TI_printfi                  
ffffffff  __TI_prof_data_size           
ffffffff  __TI_prof_data_start          
00000000  __TI_static_base__            
000061ed  __TI_zero_init_nomemset       
000029bb  __adddf3                      
00004377  __addsf3                      
00006a80  __aeabi_ctype_table_          
00006a80  __aeabi_ctype_table_C         
000057c9  __aeabi_d2iz                  
000029bb  __aeabi_dadd                  
00005225  __aeabi_dcmpeq                
00005261  __aeabi_dcmpge                
00005275  __aeabi_dcmpgt                
0000524d  __aeabi_dcmple                
00005239  __aeabi_dcmplt                
000034d9  __aeabi_ddiv                  
00003c8d  __aeabi_dmul                  
000029b1  __aeabi_dsub                  
202001c4  __aeabi_errno                 
00004b89  __aeabi_errno_addr            
00005c51  __aeabi_f2iz                  
00004377  __aeabi_fadd                  
00005289  __aeabi_fcmpeq                
000052c5  __aeabi_fcmpge                
000052d9  __aeabi_fcmpgt                
000052b1  __aeabi_fcmple                
0000529d  __aeabi_fcmplt                
00004a71  __aeabi_fmul                  
0000436d  __aeabi_fsub                  
00005ea1  __aeabi_i2d                   
00005631  __aeabi_idiv                  
00004293  __aeabi_idiv0                 
00005631  __aeabi_idivmod               
00004933  __aeabi_ldiv0                 
00006105  __aeabi_llsl                  
00005ff9  __aeabi_lmul                  
00006495  __aeabi_memclr                
00006495  __aeabi_memclr4               
00006495  __aeabi_memclr8               
000064ed  __aeabi_memcpy                
000064ed  __aeabi_memcpy4               
000064ed  __aeabi_memcpy8               
000062f9  __aeabi_memset                
000062f9  __aeabi_memset4               
000062f9  __aeabi_memset8               
00005ecd  __aeabi_ui2f                  
000059b5  __aeabi_uidiv                 
000059b5  __aeabi_uidivmod              
00006219  __aeabi_uldivmod              
00006105  __ashldi3                     
ffffffff  __binit__                     
00005025  __cmpdf2                      
00005ba1  __cmpsf2                      
000034d9  __divdf3                      
00005025  __eqdf2                       
00005ba1  __eqsf2                       
000057c9  __fixdfsi                     
00005c51  __fixsfsi                     
00005ea1  __floatsidf                   
00005ecd  __floatunsisf                 
00004e09  __gedf2                       
00005aed  __gesf2                       
00004e09  __gtdf2                       
00005aed  __gtsf2                       
00005025  __ledf2                       
00005ba1  __lesf2                       
00005025  __ltdf2                       
00005ba1  __ltsf2                       
UNDEFED   __mpu_init                    
00003c8d  __muldf3                      
00005ff9  __muldi3                      
00005bdd  __muldsi3                     
00004a71  __mulsf3                      
00005025  __nedf2                       
00005ba1  __nesf2                       
20207e00  __stack                       
20200000  __start___llvm_prf_bits       
20200000  __start___llvm_prf_cnts       
20200000  __stop___llvm_prf_bits        
20200000  __stop___llvm_prf_cnts        
000029b1  __subdf3                      
0000436d  __subsf3                      
00004891  __udivmoddi4                  
00005ef5  _c_int00_noargs               
UNDEFED   _system_post_cinit            
00006503  _system_pre_init              
000064f5  abort                         
000059f5  atoi                          
ffffffff  binit                         
202001f6  bq_monitor_active             
202001f7  char_index                    
00001af9  cmd_bq                        
0000118d  cmd_fram                      
00000a91  cmd_gauge                     
00004445  cmd_hall                      
000051c1  cmd_help                      
000027f1  cmd_i2cscan                   
000039cd  cmd_pwr                       
00002b45  cmd_spi                       
202001f8  data_received                 
00004afd  floorf                        
20200198  fram                          
2020014c  framSpi                       
000054c9  frexp                         
000054c9  frexpl                        
202001b0  gI2cControllerStatus          
202001a0  gRxCount                      
202001a4  gRxLen                        
20200108  gRxPacket                     
202000b8  gSPI_0Backup                  
202000e0  gSPI_1Backup                  
20200188  gSPI_RxPacket                 
202001b4  gSPI_TxPacket                 
202001a8  gTxCount                      
202001ac  gTxLen                        
2020012a  gTxPacket                     
000062d9  gauge_address                 
00005ded  gauge_cmd_read                
202001fb  gauge_monitor_active          
00005c89  gauge_read                    
00005cc1  gauge_write                   
00005b29  get_UART_buffer               
202001fd  hall_monitor_active           
00006141  i2c_init                      
00000000  interruptVectors              
00004295  ldexp                         
00004295  ldexpl                        
0000170d  main                          
00006041  memccpy                       
000049d5  memcpy                        
000052eb  memset                        
202001d0  monitor_rate                  
0000508d  roundf                        
00004295  scalbn                        
00004295  scalbnl                       
2020016c  stm32Spi                      
00004b91  strcmp                        
0000601d  strcspn                       
00005f43  strspn                        
000058a5  strtok                        
00002cb1  strtol                        
000060c5  uart_init                     
00004d91  uart_printf                   
00005a35  vsnprintf                     
000062e9  wcslen                        


GLOBAL SYMBOLS: SORTED BY Symbol Address 

address   name                          
-------   ----                          
00000000  __TI_ATRegion0_region_sz      
00000000  __TI_ATRegion0_src_addr       
00000000  __TI_ATRegion0_trg_addr       
00000000  __TI_ATRegion1_region_sz      
00000000  __TI_ATRegion1_src_addr       
00000000  __TI_ATRegion1_trg_addr       
00000000  __TI_ATRegion2_region_sz      
00000000  __TI_ATRegion2_src_addr       
00000000  __TI_ATRegion2_trg_addr       
00000000  __TI_static_base__            
00000000  interruptVectors              
000000c1  __TI_printfi                  
00000200  __STACK_SIZE                  
00000a91  cmd_gauge                     
0000118d  cmd_fram                      
0000170d  main                          
00001af9  cmd_bq                        
00001edd  CLI_ProcessInput              
0000261d  I2C_ReadDevice                
000027f1  cmd_i2cscan                   
000029b1  __aeabi_dsub                  
000029b1  __subdf3                      
000029bb  __adddf3                      
000029bb  __aeabi_dadd                  
00002b43  ADC0_IRQHandler               
00002b43  ADC1_IRQHandler               
00002b43  AES_IRQHandler                
00002b43  CANFD0_IRQHandler             
00002b43  DAC0_IRQHandler               
00002b43  DMA_IRQHandler                
00002b43  Default_Handler               
00002b43  GROUP0_IRQHandler             
00002b43  GROUP1_IRQHandler             
00002b43  HardFault_Handler             
00002b43  NMI_Handler                   
00002b43  PendSV_Handler                
00002b43  RTC_IRQHandler                
00002b43  SVC_Handler                   
00002b43  SysTick_Handler               
00002b43  TIMA0_IRQHandler              
00002b43  TIMA1_IRQHandler              
00002b43  TIMG0_IRQHandler              
00002b43  TIMG12_IRQHandler             
00002b43  TIMG6_IRQHandler              
00002b43  TIMG7_IRQHandler              
00002b43  TIMG8_IRQHandler              
00002b43  UART1_IRQHandler              
00002b43  UART2_IRQHandler              
00002b43  UART3_IRQHandler              
00002b45  cmd_spi                       
00002cb1  strtol                        
00002f31  I2C_WriteDevice               
00003069  MB85RS_Write                  
000032c1  SPI_Memory_Wait               
000033cd  SYSCFG_DL_GPIO_init           
000034d9  __aeabi_ddiv                  
000034d9  __divdf3                      
000035e5  BQ27Z746_UpdateTelemetry      
000036e5  BQ25628E_UpdateTelemetry      
000037e1  DL_Timer_initTimerMode        
000038dd  BQ25628E_Init_Default         
000039cd  cmd_pwr                       
00003abd  BQ27Z746_GetChargingStatus    
00003ba9  I2C_TryAddress                
00003c8d  __aeabi_dmul                  
00003c8d  __muldf3                      
00003d71  BQ27Z746_GetDeviceType        
00003e4f  BQ27Z746_GetChemID            
00003f2b  BQ27Z746_GetOperationStatus   
00004007  BQ27Z746_GetSafetyStatus      
000040e3  BQ27Z746_GetFirmwareVersion   
000041bb  BQ27Z746_MAC_Read             
00004293  __aeabi_idiv0                 
00004295  ldexp                         
00004295  ldexpl                        
00004295  scalbn                        
00004295  scalbnl                       
0000436d  __aeabi_fsub                  
0000436d  __subsf3                      
00004377  __addsf3                      
00004377  __aeabi_fadd                  
00004445  cmd_hall                      
00004515  Shared_I2C_IRQHandler         
000045d1  BQ27Z746_SetUTFET_Direct      
00004685  BQ27Z746_SetTempSensorConfig  
00004735  MB85RS_Read                   
000047e5  UARTReceive                   
00004891  __udivmoddi4                  
00004933  __aeabi_ldiv0                 
00004935  SPI_Memory_Arm                
000049d5  memcpy                        
00004a71  __aeabi_fmul                  
00004a71  __mulsf3                      
00004afd  floorf                        
00004b89  __aeabi_errno_addr            
00004b91  strcmp                        
00004c19  MB85RS_ReadID                 
00004c99  SYSCFG_DL_initPower           
00004d15  __TI_decompress_lzss          
00004d91  uart_printf                   
00004e09  __gedf2                       
00004e09  __gtdf2                       
00004e7d  SYSCFG_DL_UART_0_init         
00004eed  CLI_Tokenize                  
00004f55  SYSCFG_DL_I2C_0_init          
00004fbd  SYSCFG_DL_I2C_1_init          
00005025  __cmpdf2                      
00005025  __eqdf2                       
00005025  __ledf2                       
00005025  __ltdf2                       
00005025  __nedf2                       
0000508d  roundf                        
0000515d  SYSCFG_DL_SPI_0_init          
000051c1  cmd_help                      
00005225  __aeabi_dcmpeq                
00005239  __aeabi_dcmplt                
0000524d  __aeabi_dcmple                
00005261  __aeabi_dcmpge                
00005275  __aeabi_dcmpgt                
00005289  __aeabi_fcmpeq                
0000529d  __aeabi_fcmplt                
000052b1  __aeabi_fcmple                
000052c5  __aeabi_fcmpge                
000052d9  __aeabi_fcmpgt                
000052eb  memset                        
0000534d  SYSCFG_DL_MCU_UART_1_init     
000053ad  SYSCFG_DL_SPI_1_init          
0000540d  DL_I2C_fillControllerTXFIFO   
0000546d  SPI_Controller_Arm            
000054c9  frexp                         
000054c9  frexpl                        
00005525  MB85RS_ReadStatus             
0000557f  __TI_ltoa                     
00005631  __aeabi_idiv                  
00005631  __aeabi_idivmod               
00005689  SPI0_IRQHandler               
00005731  DL_DMA_initChannel            
0000577d  BQ27Z746_GetTempConfig        
000057c9  __aeabi_d2iz                  
000057c9  __fixdfsi                     
00005813  BQ27Z746_GetFETOptions        
0000585d  DL_UART_init                  
000058a5  strtok                        
000058ed  DL_SPI_init                   
00005931  SYSCFG_DL_init                
00005975  SYSCFG_DL_SYSCTL_init         
000059b5  __aeabi_uidiv                 
000059b5  __aeabi_uidivmod              
000059f5  atoi                          
00005a35  vsnprintf                     
00005a75  CLI_RegisterCommand           
00005ab1  DL_I2C_flushControllerTXFIFO  
00005aed  __gesf2                       
00005aed  __gtsf2                       
00005b29  get_UART_buffer               
00005b65  __TI_auto_init_nobinit_nopinit
00005ba1  __cmpsf2                      
00005ba1  __eqsf2                       
00005ba1  __lesf2                       
00005ba1  __ltsf2                       
00005ba1  __nesf2                       
00005bdd  __muldsi3                     
00005c19  SYSCFG_DL_TIMER_0_init        
00005c51  __aeabi_f2iz                  
00005c51  __fixsfsi                     
00005c89  gauge_read                    
00005cc1  gauge_write                   
00005cf9  SPI1_IRQHandler               
00005d2d  DL_I2C_flushControllerRXFIFO  
00005d5d  DL_UART_transmitDataBlocking  
00005ded  gauge_cmd_read                
00005e1d  BQ27Z746_Init                 
00005e49  MB85RS_Init                   
00005e75  SPI_Memory_Init               
00005ea1  __aeabi_i2d                   
00005ea1  __floatsidf                   
00005ecd  __aeabi_ui2f                  
00005ecd  __floatunsisf                 
00005ef5  _c_int00_noargs               
00005f1d  DL_I2C_setClockConfig         
00005f43  strspn                        
00005f69  BQ25628E_ReadReg16            
00005f8d  BQ25628E_ReadReg8             
00005fb1  BQ25628E_WriteReg16           
00005fd5  SPI_Controller_Init           
00005ff9  __aeabi_lmul                  
00005ff9  __muldi3                      
0000601d  strcspn                       
00006041  memccpy                       
00006065  BQ25628E_WriteReg8            
00006085  BQ27Z746_ReadInternalTemp_C   
000060a5  BQ27Z746_ReadTemperature_C    
000060c5  uart_init                     
000060e5  BQ27Z746_MAC_Send             
00006105  __aeabi_llsl                  
00006105  __ashldi3                     
00006125  DL_Timer_setClockConfig       
00006141  i2c_init                      
0000615d  SYSCFG_DL_DMA_CH0_init        
00006175  SYSCFG_DL_DMA_CH1_init        
0000618d  SYSCFG_DL_DMA_CH2_init        
000061a5  SYSCFG_DL_DMA_CH3_init        
000061bd  UART0_IRQHandler              
000061ed  __TI_zero_init_nomemset       
00006203  SYSCFG_DL_DMA_init            
00006219  __aeabi_uldivmod              
00006241  DL_SPI_setClockConfig         
00006253  DL_UART_setClockConfig        
00006265  __TI_decompress_none          
00006279  BQ27Z746_IsDischarging        
00006289  BQ27Z746_IsFullyCharged       
00006299  BQ27Z746_IsFullyDischarged    
000062a9  I2C0_IRQHandler               
000062b9  I2C1_IRQHandler               
000062c9  SPI_Memory_CS_Deassert        
000062d9  gauge_address                 
000062e9  wcslen                        
000062f9  __aeabi_memset                
000062f9  __aeabi_memset4               
000062f9  __aeabi_memset8               
00006315  BQ25628E_Get_IBAT_mA          
00006321  BQ25628E_Get_IBUS_mA          
0000632d  BQ25628E_Get_VBAT_mV          
00006339  BQ25628E_Get_VBUS_mV          
00006345  BQ25628E_Get_VSYS_mV          
00006351  BQ27Z746_Get_AvgCurrent_mA    
0000635d  BQ27Z746_Get_AvgPower_mW      
00006369  BQ27Z746_Get_BatteryStatus    
00006375  BQ27Z746_Get_Current_mA       
00006381  BQ27Z746_Get_CycleCount       
0000638d  BQ27Z746_Get_FullChargeCap_mAh
00006399  BQ27Z746_Get_InternalTemp_C   
000063a5  BQ27Z746_Get_RemainingCap_mAh 
000063b1  BQ27Z746_Get_SOC_pct          
000063bd  BQ27Z746_Get_StateOfHealth_pct
000063c9  BQ27Z746_Get_Temperature_C    
000063d5  BQ27Z746_Get_TimeToEmpty_min  
000063e1  BQ27Z746_Get_TimeToFull_min   
000063ed  BQ27Z746_Get_Voltage_mV       
000063f9  BQ27Z746_ReadAvgCurrent_mA    
00006405  BQ27Z746_ReadAvgPower_mW      
00006411  BQ27Z746_ReadBatteryStatus    
0000641d  BQ27Z746_ReadCurrent_mA       
00006429  BQ27Z746_ReadCycleCount       
00006435  BQ27Z746_ReadFullChargeCap_mAh
00006441  BQ27Z746_ReadRemainingCap_mAh 
0000644d  BQ27Z746_ReadSOC_pct          
00006459  BQ27Z746_ReadStateOfHealth_pct
00006465  BQ27Z746_ReadTimeToEmpty_min  
00006471  BQ27Z746_ReadTimeToFull_min   
0000647d  BQ27Z746_ReadVoltage_mV       
00006489  SPI_Memory_CS_Assert          
00006495  __aeabi_memclr                
00006495  __aeabi_memclr4               
00006495  __aeabi_memclr8               
000064a1  DL_Common_delayCycles         
000064ed  __aeabi_memcpy                
000064ed  __aeabi_memcpy4               
000064ed  __aeabi_memcpy8               
000064f5  abort                         
000064fa  C$$EXIT                       
000064fb  HOSTexit                      
000064ff  Reset_Handler                 
00006503  _system_pre_init              
00006a80  __aeabi_ctype_table_          
00006a80  __aeabi_ctype_table_C         
000084f4  __TI_Handler_Table_Base       
00008500  __TI_Handler_Table_Limit      
00008508  __TI_CINIT_Base               
00008518  __TI_CINIT_Limit              
00008518  __TI_CINIT_Warm               
20200000  __start___llvm_prf_bits       
20200000  __start___llvm_prf_cnts       
20200000  __stop___llvm_prf_bits        
20200000  __stop___llvm_prf_cnts        
20200078  UART_Buffer                   
202000b8  gSPI_0Backup                  
202000e0  gSPI_1Backup                  
20200108  gRxPacket                     
2020012a  gTxPacket                     
2020014c  framSpi                       
2020016c  stm32Spi                      
20200188  gSPI_RxPacket                 
20200198  fram                          
202001a0  gRxCount                      
202001a4  gRxLen                        
202001a8  gTxCount                      
202001ac  gTxLen                        
202001b0  gI2cControllerStatus          
202001b4  gSPI_TxPacket                 
202001c4  __aeabi_errno                 
202001d0  monitor_rate                  
202001f6  bq_monitor_active             
202001f7  char_index                    
202001f8  data_received                 
202001fb  gauge_monitor_active          
202001fd  hall_monitor_active           
20207e00  __stack                       
20208000  __STACK_END                   
ffffffff  __TI_pprof_out_hndl           
ffffffff  __TI_prof_data_size           
ffffffff  __TI_prof_data_start          
ffffffff  __binit__                     
ffffffff  binit                         
UNDEFED   __mpu_init                    
UNDEFED   _system_post_cinit            

[306 symbols]
