******************************************************************************
            TI ARM Clang Linker PC v4.0.4                      
******************************************************************************
>> Linked Thu Apr 30 12:00:22 2026

OUTPUT FILE NAME:   <HW_SW_interface_CCS.out>
ENTRY POINT SYMBOL: "_c_int00_noargs"  address: 00007411


MEMORY CONFIGURATION

         name            origin    length      used     unused   attr    fill
----------------------  --------  ---------  --------  --------  ----  --------
  FLASH                 00000000   00020000  0000a890  00015770  R  X
  SRAM                  20200000   00008000  000006eb  00007915  RW X
  BCR_CONFIG            41c00000   000000ff  00000000  000000ff  R   
  BSL_CONFIG            41c00100   00000080  00000000  00000080  R   


SEGMENT ALLOCATION MAP

run origin  load origin   length   init length attrs members
----------  ----------- ---------- ----------- ----- -------
00000000    00000000    0000a890   0000a890    r-x
  00000000    00000000    000000c0   000000c0    r-- .intvecs
  000000c0    000000c0    00007a00   00007a00    r-x .text
  00007ac0    00007ac0    00002c40   00002c40    r-- .rodata
  0000a700    0000a700    00000190   00000190    r-- .cinit
20200000    20200000    000004ee   00000000    rw-
  20200000    20200000    00000371   00000000    rw- .bss
  20200374    20200374    0000017a   00000000    rw- .data
20207e00    20207e00    00000200   00000000    rw-
  20207e00    20207e00    00000200   00000000    rw- .stack


SECTION ALLOCATION MAP

 output                                  attributes/
section   page    origin      length       input sections
--------  ----  ----------  ----------   ----------------
.intvecs   0    00000000    000000c0     
                  00000000    000000c0     startup_mspm0g350x_ticlang.o (.intvecs)

.text      0    000000c0    00007a00     
                  000000c0    000009d0     libc.a : _printfi.c.obj (.text:__TI_printfi)
                  00000a90    000007ac     functions.o (.text.cmd_gauge)
                  0000123c    00000580     functions.o (.text.cmd_fram)
                  000017bc    000003fc     ZDP323B.o (.text.ZDP323B_Init)
                  00001bb8    000003e8     functions.o (.text.cmd_bq)
                  00001fa0    000003b4     main.o (.text.main)
                  00002354    00000354     functions.o (.text.cmd_pir)
                  000026a8    00000344     uart.o (.text.CLI_ProcessInput)
                  000029ec    00000220     libc.a : _printfi.c.obj (.text._pconv_a)
                  00002c0c    00000214     functions.o (.text.cmd_i2cscan10)
                  00002e20    000001dc     libc.a : _printfi.c.obj (.text._pconv_g)
                  00002ffc    000001d4     i2c.o (.text.I2C_ReadDevice)
                  000031d0    000001c0     functions.o (.text.cmd_i2cscan)
                  00003390    00000192     libclang_rt.builtins.a : adddf3.S.obj (.text.adddf3_subdf3)
                  00003522    00000002     startup_mspm0g350x_ticlang.o (.text.Default_Handler)
                  00003524    00000174     functions.o (.text.cmd_leds)
                  00003698    0000016c     functions.o (.text.cmd_spi)
                  00003804    00000164     ti_msp_dl_config.o (.text.SYSCFG_DL_GPIO_init)
                  00003968    00000144     libc.a : strtol.c.obj (.text.strtol)
                  00003aac    0000013c            : _printfi.c.obj (.text.fcvt)
                  00003be8    00000138     i2c.o (.text.I2C_WriteDevice)
                  00003d20    00000138     mb85rs.o (.text.MB85RS_Write)
                  00003e58    0000012c     BQ25628_functions.o (.text.BQ25628E_Init_Default)
                  00003f84    00000120     libc.a : _printfi.c.obj (.text._pconv_e)
                  000040a4    00000110     BQ27Z7_functions.o (.text.BQ27Z746_SetUTFET_Direct)
                  000041b4    0000010c     BQ27Z7_functions.o (.text.BQ27Z746_SetTempSensorConfig)
                  000042c0    0000010c     spi_mem.o (.text.SPI_Memory_Wait)
                  000043cc    0000010c     libclang_rt.builtins.a : divdf3.S.obj (.text.__divdf3)
                  000044d8    00000104     driverlib.a : dl_timer.o (.text.DL_Timer_initFourCCPWMMode)
                  000045dc    00000104     ZDP323B.o (.text.I2C_TryAddress10)
                  000046e0    00000100     BQ27Z7_functions.o (.text.BQ27Z746_GetSecurityMode)
                  000047e0    00000100     BQ27Z7_functions.o (.text.BQ27Z746_UpdateTelemetry)
                  000048e0    000000fc     BQ25628_functions.o (.text.BQ25628E_UpdateTelemetry)
                  000049dc    000000f8     ZDP323B.o (.text.ZDP323B_WriteConfig)
                  00004ad4    000000f8     main.o (.text.setupCLI)
                  00004bcc    000000f0     functions.o (.text.cmd_pwr)
                  00004cbc    000000ec     BQ27Z7_functions.o (.text.BQ27Z746_GetChargingStatus)
                  00004da8    000000e8     ZDP323B.o (.text.ZDP323B_ReadPeakHold)
                  00004e90    000000e4     i2c.o (.text.I2C_TryAddress)
                  00004f74    000000e4     libclang_rt.builtins.a : muldf3.S.obj (.text.__muldf3)
                  00005058    000000de     BQ27Z7_functions.o (.text.BQ27Z746_GetDeviceType)
                  00005136    000000dc     BQ27Z7_functions.o (.text.BQ27Z746_GetChemID)
                  00005212    000000dc     BQ27Z7_functions.o (.text.BQ27Z746_GetOperationStatus)
                  000052ee    000000dc     BQ27Z7_functions.o (.text.BQ27Z746_GetSafetyStatus)
                  000053ca    000000d8     BQ27Z7_functions.o (.text.BQ27Z746_GetFirmwareVersion)
                  000054a2    000000d8     BQ27Z7_functions.o (.text.BQ27Z746_MAC_Read)
                  0000557a    00000002     libclang_rt.builtins.a : aeabi_div0.c.obj (.text.__aeabi_idiv0)
                  0000557c    000000d8     libc.a : s_scalbn.c.obj (.text.scalbn)
                  00005654    000000d8     libclang_rt.builtins.a : addsf3.S.obj (.text)
                  0000572c    000000d0     functions.o (.text.cmd_hall)
                  000057fc    000000bc     BoardAPI.o (.text.LED_set_current)
                  000058b8    000000bc     i2c.o (.text.Shared_I2C_IRQHandler)
                  00005974    000000b8     mb85rs.o (.text.MB85RS_Read)
                  00005a2c    000000ac     uart.o (.text.UARTReceive)
                  00005ad8    000000a2     libclang_rt.builtins.a : udivmoddi4.S.obj (.text)
                  00005b7a    0000009a     libc.a : memcpy16.S.obj (.text:memcpy)
                  00005c14    00000090     spi_mem.o (.text.SPI_Memory_Arm)
                  00005ca4    00000090     ti_msp_dl_config.o (.text.SYSCFG_DL_BOOST_CONTROL_init)
                  00005d34    0000008c     libclang_rt.builtins.a : mulsf3.S.obj (.text.__mulsf3)
                  00005dc0    0000008c     libc.a : s_floorf.c.obj (.text.floorf)
                  00005e4c    00000088     ti_msp_dl_config.o (.text.SYSCFG_DL_initPower)
                  00005ed4    0000000c     BQ25628_functions.o (.text.BQ25628E_Get_IBAT_mA)
                  00005ee0    00000088     libc.a : strcmp-armv6m.S.obj (.text:strcmp)
                  00005f68    00000084     ti_msp_dl_config.o (.text.SYSCFG_DL_FLASH_CONTROL_init)
                  00005fec    00000080     mb85rs.o (.text.MB85RS_ReadID)
                  0000606c    0000007c     libc.a : copy_decompress_lzss.c.obj (.text:decompress:lzss)
                  000060e8    0000007a     BQ27Z7_functions.o (.text.BQ27Z746_Unseal)
                  00006162    00000002     libclang_rt.builtins.a : aeabi_div0.c.obj (.text.__aeabi_ldiv0)
                  00006164    00000078     uart.o (.text.uart_printf)
                  000061dc    00000074     libclang_rt.builtins.a : comparedf2.c.obj (.text.__gedf2)
                  00006250    00000070     ti_msp_dl_config.o (.text.SYSCFG_DL_UART_0_init)
                  000062c0    00000068     uart.o (.text.CLI_Tokenize)
                  00006328    00000068     ti_msp_dl_config.o (.text.SYSCFG_DL_I2C_0_init)
                  00006390    00000068     ti_msp_dl_config.o (.text.SYSCFG_DL_I2C_1_init)
                  000063f8    00000068     libclang_rt.builtins.a : comparedf2.c.obj (.text.__ledf2)
                  00006460    00000068     libc.a : s_roundf.c.obj (.text.roundf)
                  000064c8    00000066            : _printfi.c.obj (.text._mcpy)
                  0000652e    00000002     --HOLE-- [fill = 0]
                  00006530    00000064     ti_msp_dl_config.o (.text.SYSCFG_DL_SPI_0_init)
                  00006594    00000064     uart.o (.text.cmd_help)
                  000065f8    00000062     libclang_rt.builtins.a : aeabi_dcmp.S.obj (.text.__aeabi_dcmp)
                  0000665a    00000002     --HOLE-- [fill = 0]
                  0000665c    00000062                            : aeabi_fcmp.S.obj (.text.__aeabi_fcmp)
                  000066be    00000062     libc.a : memset16.S.obj (.text:memset)
                  00006720    00000060     ti_msp_dl_config.o (.text.SYSCFG_DL_MCU_UART_1_init)
                  00006780    00000060     ti_msp_dl_config.o (.text.SYSCFG_DL_SPI_1_init)
                  000067e0    0000005e     driverlib.a : dl_i2c.o (.text.DL_I2C_fillControllerTXFIFO)
                  0000683e    00000002     --HOLE-- [fill = 0]
                  00006840    0000005c     spi_master.o (.text.SPI_Controller_Arm)
                  0000689c    0000005c     ti_msp_dl_config.o (.text.SYSCFG_DL_init)
                  000068f8    0000005c     libc.a : s_frexp.c.obj (.text.frexp)
                  00006954    0000005a     mb85rs.o (.text.MB85RS_ReadStatus)
                  000069ae    00000002     --HOLE-- [fill = 0]
                  000069b0    00000058     BoardAPI.o (.text.LED_set_voltage)
                  00006a08    00000058     libc.a : _ltoa.c.obj (.text.__TI_ltoa)
                  00006a60    00000058            : _printfi.c.obj (.text._pconv_f)
                  00006ab8    00000056     libclang_rt.builtins.a : aeabi_idivmod.S.obj (.text.__aeabi_idivmod)
                  00006b0e    00000052     libc.a : _printfi.c.obj (.text._ecpy)
                  00006b60    0000004c     driverlib.a : dl_dma.o (.text.DL_DMA_initChannel)
                  00006bac    0000004a     BQ27Z7_functions.o (.text.BQ27Z746_GetTempConfig)
                  00006bf6    00000002     --HOLE-- [fill = 0]
                  00006bf8    0000004a     libclang_rt.builtins.a : fixdfsi.S.obj (.text.__fixdfsi)
                  00006c42    00000048     BQ27Z7_functions.o (.text.BQ27Z746_GetFETOptions)
                  00006c8a    00000002     --HOLE-- [fill = 0]
                  00006c8c    00000048     driverlib.a : dl_uart.o (.text.DL_UART_init)
                  00006cd4    00000048     BoardAPI.o (.text.LED_control_init)
                  00006d1c    00000048     ti_msp_dl_config.o (.text.SYSCFG_DL_SYSCTL_init)
                  00006d64    00000048     libc.a : strtok.c.obj (.text.strtok)
                  00006dac    00000044     BQ27Z7_functions.o (.text.BQ27Z746_Seal)
                  00006df0    00000044     driverlib.a : dl_spi.o (.text.DL_SPI_init)
                  00006e34    00000040     libclang_rt.builtins.a : aeabi_uidivmod.S.obj (.text.__aeabi_uidivmod)
                  00006e74    00000040     libc.a : atoi.c.obj (.text.atoi)
                  00006eb4    00000040            : vsnprintf.c.obj (.text.vsnprintf)
                  00006ef4    0000003c     uart.o (.text.CLI_RegisterCommand)
                  00006f30    0000003c     driverlib.a : dl_i2c.o (.text.DL_I2C_flushControllerTXFIFO)
                  00006f6c    0000003c     main.o (.text.GROUP1_IRQHandler)
                  00006fa8    0000003c     libclang_rt.builtins.a : comparesf2.S.obj (.text.__gtsf2)
                  00006fe4    0000003c     uart.o (.text.get_UART_buffer)
                  00007020    0000003c     libc.a : autoinit.c.obj (.text:__TI_auto_init_nobinit_nopinit)
                  0000705c    0000003a     libclang_rt.builtins.a : comparesf2.S.obj (.text.__eqsf2)
                  00007096    00000002     --HOLE-- [fill = 0]
                  00007098    0000003a                            : muldsi3.S.obj (.text.__muldsi3)
                  000070d2    00000002     --HOLE-- [fill = 0]
                  000070d4    00000038     BoardAPI.o (.text.LED_flash_start)
                  0000710c    00000038     libclang_rt.builtins.a : fixsfsi.S.obj (.text.__fixsfsi)
                  00007144    00000038     gauge.o (.text.gauge_read)
                  0000717c    00000038     gauge.o (.text.gauge_write)
                  000071b4    00000034     spi_master.o (.text.SPI1_IRQHandler)
                  000071e8    00000032     ZDP323B.o (.text.ZDP323B_BuildConfigBytes)
                  0000721a    00000002     --HOLE-- [fill = 0]
                  0000721c    00000030     driverlib.a : dl_i2c.o (.text.DL_I2C_flushControllerRXFIFO)
                  0000724c    00000030                 : dl_uart.o (.text.DL_UART_transmitDataBlocking)
                  0000727c    00000030     libc.a : _printfi.c.obj (.text._fcpy)
                  000072ac    00000030            : vsnprintf.c.obj (.text._outs)
                  000072dc    00000030     gauge.o (.text.gauge_cmd_read)
                  0000730c    0000002c     BQ27Z7_functions.o (.text.BQ27Z746_Init)
                  00007338    0000002c     mb85rs.o (.text.MB85RS_Init)
                  00007364    0000002c     spi_mem.o (.text.SPI0_IRQHandler)
                  00007390    0000002c     spi_mem.o (.text.SPI_Memory_Init)
                  000073bc    0000002c     libclang_rt.builtins.a : floatsidf.S.obj (.text.__floatsidf)
                  000073e8    00000028                            : floatunsisf.S.obj (.text.__floatunsisf)
                  00007410    00000028     libc.a : boot_cortex_m.c.obj (.text:_c_int00_noargs)
                  00007438    00000026     driverlib.a : dl_i2c.o (.text.DL_I2C_setClockConfig)
                  0000745e    00000026     libc.a : strspn.c.obj (.text.strspn)
                  00007484    00000024     BQ25628_functions.o (.text.BQ25628E_ReadReg16)
                  000074a8    00000024     BQ25628_functions.o (.text.BQ25628E_ReadReg8)
                  000074cc    00000024     BQ25628_functions.o (.text.BQ25628E_WriteReg16)
                  000074f0    00000024     spi_master.o (.text.SPI_Controller_Init)
                  00007514    00000024     libclang_rt.builtins.a : muldi3.S.obj (.text.__muldi3)
                  00007538    00000024     libc.a : strcspn.c.obj (.text.strcspn)
                  0000755c    00000022            : memccpy.c.obj (.text.memccpy)
                  0000757e    00000002     --HOLE-- [fill = 0]
                  00007580    00000020     BQ25628_functions.o (.text.BQ25628E_WriteReg8)
                  000075a0    00000020     BQ27Z7_functions.o (.text.BQ27Z746_ReadInternalTemp_C)
                  000075c0    00000020     BQ27Z7_functions.o (.text.BQ27Z746_ReadTemperature_C)
                  000075e0    00000020     uart.o (.text.uart_init)
                  00007600    0000001e     BQ27Z7_functions.o (.text.BQ27Z746_MAC_Send)
                  0000761e    00000002     --HOLE-- [fill = 0]
                  00007620    0000001e     libclang_rt.builtins.a : ashldi3.S.obj (.text.__ashldi3)
                  0000763e    00000002     --HOLE-- [fill = 0]
                  00007640    0000001c     driverlib.a : dl_timer.o (.text.DL_Timer_setCaptCompUpdateMethod)
                  0000765c    0000001c                 : dl_timer.o (.text.DL_Timer_setClockConfig)
                  00007678    0000001c     i2c.o (.text.i2c_init)
                  00007694    00000018     driverlib.a : dl_timer.o (.text.DL_Timer_setCaptureCompareOutCtl)
                  000076ac    00000018     ti_msp_dl_config.o (.text.SYSCFG_DL_DMA_CH0_init)
                  000076c4    00000018     ti_msp_dl_config.o (.text.SYSCFG_DL_DMA_CH1_init)
                  000076dc    00000018     ti_msp_dl_config.o (.text.SYSCFG_DL_DMA_CH2_init)
                  000076f4    00000018     ti_msp_dl_config.o (.text.SYSCFG_DL_DMA_CH3_init)
                  0000770c    00000018     main.o (.text.UART0_IRQHandler)
                  00007724    00000018     libc.a : vsnprintf.c.obj (.text._outc)
                  0000773c    00000016            : copy_zero_init.c.obj (.text:decompress:ZI:__TI_zero_init_nomemset)
                  00007752    00000014     ti_msp_dl_config.o (.text.SYSCFG_DL_DMA_init)
                  00007766    00000002     --HOLE-- [fill = 0]
                  00007768    00000014     libclang_rt.builtins.a : aeabi_uldivmod.S.obj (.text.__aeabi_uldivmod)
                  0000777c    00000014     libc.a : _printfi.c.obj (.text.strchr)
                  00007790    00000012     driverlib.a : dl_spi.o (.text.DL_SPI_setClockConfig)
                  000077a2    00000012                 : dl_uart.o (.text.DL_UART_setClockConfig)
                  000077b4    00000012     libc.a : copy_decompress_none.c.obj (.text:decompress:none)
                  000077c6    00000002     --HOLE-- [fill = 0]
                  000077c8    00000010     BQ27Z7_functions.o (.text.BQ27Z746_IsDischarging)
                  000077d8    00000010     BQ27Z7_functions.o (.text.BQ27Z746_IsFullyCharged)
                  000077e8    00000010     BQ27Z7_functions.o (.text.BQ27Z746_IsFullyDischarged)
                  000077f8    00000010     driverlib.a : dl_timer.o (.text.DL_Timer_setCaptureCompareValue)
                  00007808    00000010     i2c.o (.text.I2C0_IRQHandler)
                  00007818    00000010     i2c.o (.text.I2C1_IRQHandler)
                  00007828    00000010     BoardAPI.o (.text.LED_flash_stop)
                  00007838    00000010     BoardAPI.o (.text.LED_get_current)
                  00007848    00000010     spi_mem.o (.text.SPI_Memory_CS_Deassert)
                  00007858    00000010     BoardAPI.o (.text.disable_led_boost)
                  00007868    00000010     BoardAPI.o (.text.enable_led_boost)
                  00007878    00000010     gauge.o (.text.gauge_address)
                  00007888    00000010     libc.a : wcslen.c.obj (.text.wcslen)
                  00007898    0000000e     libclang_rt.builtins.a : aeabi_memset.S.obj (.text.__aeabi_memset)
                  000078a6    0000000e     libc.a : _printfi.c.obj (.text.strlen)
                  000078b4    0000000c     BQ25628_functions.o (.text.BQ25628E_Get_IBUS_mA)
                  000078c0    0000000c     BQ25628_functions.o (.text.BQ25628E_Get_VBAT_mV)
                  000078cc    0000000c     BQ25628_functions.o (.text.BQ25628E_Get_VBUS_mV)
                  000078d8    0000000c     BQ25628_functions.o (.text.BQ25628E_Get_VSYS_mV)
                  000078e4    0000000c     BQ27Z7_functions.o (.text.BQ27Z746_Get_AvgCurrent_mA)
                  000078f0    0000000c     BQ27Z7_functions.o (.text.BQ27Z746_Get_AvgPower_mW)
                  000078fc    0000000c     BQ27Z7_functions.o (.text.BQ27Z746_Get_BatteryStatus)
                  00007908    0000000c     BQ27Z7_functions.o (.text.BQ27Z746_Get_Current_mA)
                  00007914    0000000c     BQ27Z7_functions.o (.text.BQ27Z746_Get_CycleCount)
                  00007920    0000000c     BQ27Z7_functions.o (.text.BQ27Z746_Get_FullChargeCap_mAh)
                  0000792c    0000000c     BQ27Z7_functions.o (.text.BQ27Z746_Get_InternalTemp_C)
                  00007938    0000000c     BQ27Z7_functions.o (.text.BQ27Z746_Get_RemainingCap_mAh)
                  00007944    0000000c     BQ27Z7_functions.o (.text.BQ27Z746_Get_SOC_pct)
                  00007950    0000000c     BQ27Z7_functions.o (.text.BQ27Z746_Get_StateOfHealth_pct)
                  0000795c    0000000c     BQ27Z7_functions.o (.text.BQ27Z746_Get_Temperature_C)
                  00007968    0000000c     BQ27Z7_functions.o (.text.BQ27Z746_Get_TimeToEmpty_min)
                  00007974    0000000c     BQ27Z7_functions.o (.text.BQ27Z746_Get_TimeToFull_min)
                  00007980    0000000c     BQ27Z7_functions.o (.text.BQ27Z746_Get_Voltage_mV)
                  0000798c    0000000c     BQ27Z7_functions.o (.text.BQ27Z746_ReadAvgCurrent_mA)
                  00007998    0000000c     BQ27Z7_functions.o (.text.BQ27Z746_ReadAvgPower_mW)
                  000079a4    0000000c     BQ27Z7_functions.o (.text.BQ27Z746_ReadBatteryStatus)
                  000079b0    0000000c     BQ27Z7_functions.o (.text.BQ27Z746_ReadCurrent_mA)
                  000079bc    0000000c     BQ27Z7_functions.o (.text.BQ27Z746_ReadCycleCount)
                  000079c8    0000000c     BQ27Z7_functions.o (.text.BQ27Z746_ReadFullChargeCap_mAh)
                  000079d4    0000000c     BQ27Z7_functions.o (.text.BQ27Z746_ReadRemainingCap_mAh)
                  000079e0    0000000c     BQ27Z7_functions.o (.text.BQ27Z746_ReadSOC_pct)
                  000079ec    0000000c     BQ27Z7_functions.o (.text.BQ27Z746_ReadStateOfHealth_pct)
                  000079f8    0000000c     BQ27Z7_functions.o (.text.BQ27Z746_ReadTimeToEmpty_min)
                  00007a04    0000000c     BQ27Z7_functions.o (.text.BQ27Z746_ReadTimeToFull_min)
                  00007a10    0000000c     BQ27Z7_functions.o (.text.BQ27Z746_ReadVoltage_mV)
                  00007a1c    0000000c     BoardAPI.o (.text.LED_get_voltage)
                  00007a28    0000000c     spi_mem.o (.text.SPI_Memory_CS_Assert)
                  00007a34    0000000c     ZDP323B.o (.text.ZDP323B_MotionISR)
                  00007a40    0000000c     libclang_rt.builtins.a : aeabi_memset.S.obj (.text.__aeabi_memclr)
                  00007a4c    0000000a     driverlib.a : dl_common.o (.text.DL_Common_delayCycles)
                  00007a56    0000000a     libc.a : _printfi.c.obj (.text.OUTLINED_FUNCTION_0)
                  00007a60    00000010     libclang_rt.builtins.a : adddf3.S.obj (.tramp.__aeabi_dsub.1)
                  00007a70    0000000a     libc.a : s_roundf.c.obj (.text.OUTLINED_FUNCTION_0)
                  00007a7a    00000002     --HOLE-- [fill = 0]
                  00007a7c    00000010     libclang_rt.builtins.a : addsf3.S.obj (.tramp.__aeabi_fadd.1)
                  00007a8c    0000000a     libc.a : _printfi.c.obj (.text.OUTLINED_FUNCTION_1)
                  00007a96    00000002     --HOLE-- [fill = 0]
                  00007a98    00000008            : aeabi_portable.c.obj (.text.__aeabi_errno_addr)
                  00007aa0    00000008     libclang_rt.builtins.a : aeabi_memcpy.S.obj (.text.__aeabi_memcpy)
                  00007aa8    00000006     libc.a : exit.c.obj (.text:abort)
                  00007aae    00000004     libsysbm.a : hostexit.c.obj (.text.HOSTexit)
                  00007ab2    00000004     startup_mspm0g350x_ticlang.o (.text.Reset_Handler)
                  00007ab6    00000004     libc.a : pre_init.c.obj (.text._system_pre_init)
                  00007aba    00000006     --HOLE-- [fill = 0]

.cinit     0    0000a700    00000190     
                  0000a700    00000165     (.cinit..data.load) [load image, compression = lzss]
                  0000a865    00000003     --HOLE-- [fill = 0]
                  0000a868    0000000c     (__TI_handler_table)
                  0000a874    00000008     (.cinit..bss.load) [load image, compression = zero_init]
                  0000a87c    00000010     (__TI_cinit_table)
                  0000a88c    00000004     --HOLE-- [fill = 0]

.rodata    0    00007ac0    00002c40     
                  00007ac0    000002ec     functions.o (.rodata.str1.14660004578859228044.1)
                  00007dac    000001da     functions.o (.rodata.str1.17600609178903569978.1)
                  00007f86    000001b3     functions.o (.rodata.str1.3019495220097340546.1)
                  00008139    00000131     functions.o (.rodata.str1.14424774467072349609.1)
                  0000826a    00000006     functions.o (.rodata.str1.11538060877586311343.1)
                  00008270    00000101     libc.a : aeabi_ctype.S.obj (.rodata:__aeabi_ctype_table_)
                  00008371    000000af     functions.o (.rodata.str1.10105263805998509149.1)
                  00008420    00000046     functions.o (.rodata.str1.14754684760099289372.1)
                  00008466    00000041     functions.o (.rodata.str1.2344728598999326712.1)
                  000084a7    0000003f     functions.o (.rodata.str1.5352344875588335774.1)
                  000084e6    0000003c     functions.o (.rodata.str1.6596733414268854495.1)
                  00008522    0000003b     functions.o (.rodata.str1.13405053720543497480.1)
                  0000855d    0000003b     main.o (.rodata.str1.8320541211001259012.1)
                  00008598    0000003b     functions.o (.rodata.str1.9863839573043808502.1)
                  000085d3    0000003a     functions.o (.rodata.str1.13647871663007229205.1)
                  0000860d    00000038     functions.o (.rodata.str1.5942940260138002656.1)
                  00008645    00000037     functions.o (.rodata.str1.1832783851567210609.1)
                  0000867c    00000036     functions.o (.rodata.str1.11740181311745255940.1)
                  000086b2    00000036     functions.o (.rodata.str1.5685701548624197313.1)
                  000086e8    00000034     functions.o (.rodata.str1.11489194655681450928.1)
                  0000871c    00000034     functions.o (.rodata.str1.13869735989619804122.1)
                  00008750    00000033     functions.o (.rodata.str1.13877888024071246384.1)
                  00008783    00000033     functions.o (.rodata.str1.14425403555696131028.1)
                  000087b6    00000033     functions.o (.rodata.str1.15581223450256929385.1)
                  000087e9    00000033     ZDP323B.o (.rodata.str1.6426932092013501745.1)
                  0000881c    00000032     ZDP323B.o (.rodata.str1.13049244076617931570.1)
                  0000884e    00000032     functions.o (.rodata.str1.14891510999279312204.1)
                  00008880    00000031     functions.o (.rodata.str1.11330391477773130853.1)
                  000088b1    00000031     functions.o (.rodata.str1.11371842499512143921.1)
                  000088e2    00000031     functions.o (.rodata.str1.13529407018213730301.1)
                  00008913    00000031     main.o (.rodata.str1.14402440632258215044.1)
                  00008944    00000031     ZDP323B.o (.rodata.str1.15253925937945711900.1)
                  00008975    00000031     ZDP323B.o (.rodata.str1.3608069722927596962.1)
                  000089a6    00000030     main.o (.rodata.str1.14466178792657420020.1)
                  000089d6    0000002f     functions.o (.rodata.str1.11510568493784519380.1)
                  00008a05    0000002f     main.o (.rodata.str1.18227636981041470289.1)
                  00008a34    0000002f     functions.o (.rodata.str1.5574861860302912700.1)
                  00008a63    0000002f     main.o (.rodata.str1.5630281060179367396.1)
                  00008a92    0000002e     functions.o (.rodata.str1.10121604327849672915.1)
                  00008ac0    0000002e     functions.o (.rodata.str1.1810987313933839541.1)
                  00008aee    0000002e     functions.o (.rodata.str1.8684894204910267454.1)
                  00008b1c    0000002d     functions.o (.rodata.str1.13361924668150654931.1)
                  00008b49    0000002d     functions.o (.rodata.str1.13786467237224150958.1)
                  00008b76    0000002d     functions.o (.rodata.str1.15871961652988661611.1)
                  00008ba3    0000002d     functions.o (.rodata.str1.17873271132953962449.1)
                  00008bd0    0000002d     functions.o (.rodata.str1.303947978237559523.1)
                  00008bfd    0000002d     ZDP323B.o (.rodata.str1.3439872134578313174.1)
                  00008c2a    0000002c     main.o (.rodata.str1.10224226614597680209.1)
                  00008c56    0000002b     functions.o (.rodata.str1.7213520456192855849.1)
                  00008c81    0000002b     functions.o (.rodata.str1.963556741755692615.1)
                  00008cac    0000002a     functions.o (.rodata.str1.11852899632267644254.1)
                  00008cd6    0000002a     functions.o (.rodata.str1.13933329845969146692.1)
                  00008d00    0000002a     functions.o (.rodata.str1.17242831494859343374.1)
                  00008d2a    0000002a     functions.o (.rodata.str1.8975528390176846916.1)
                  00008d54    00000029     ZDP323B.o (.rodata.str1.11817068701145566633.1)
                  00008d7d    00000029     functions.o (.rodata.str1.14212890215622683485.1)
                  00008da6    00000028     functions.o (.rodata.str1.13707145581914847747.1)
                  00008dce    00000027     main.o (.rodata.str1.11870794119293528247.1)
                  00008df5    00000027     functions.o (.rodata.str1.7085808795165203043.1)
                  00008e1c    00000026     functions.o (.rodata.str1.11596568296542930794.1)
                  00008e42    00000026     functions.o (.rodata.str1.312031595841812858.1)
                  00008e68    00000026     ZDP323B.o (.rodata.str1.7320712112201950441.1)
                  00008e8e    00000026     main.o (.rodata.str1.8828068777338075035.1)
                  00008eb4    00000025     main.o (.rodata.str1.10313062130652730376.1)
                  00008ed9    00000025     main.o (.rodata.str1.13782249893155712474.1)
                  00008efe    00000025     main.o (.rodata.str1.14079361385603432444.1)
                  00008f23    00000025     functions.o (.rodata.str1.17819248719987149311.1)
                  00008f48    00000025     functions.o (.rodata.str1.5196872854305757230.1)
                  00008f6d    00000024     main.o (.rodata.str1.10865113624938808685.1)
                  00008f91    00000024     main.o (.rodata.str1.14112174005742061988.1)
                  00008fb5    00000024     functions.o (.rodata.str1.2298903785866919411.1)
                  00008fd9    00000024     main.o (.rodata.str1.5043408953494467246.1)
                  00008ffd    00000024     ZDP323B.o (.rodata.str1.5543880619177829359.1)
                  00009021    00000024     functions.o (.rodata.str1.831622212789273363.1)
                  00009045    00000023     uart.o (.rodata.str1.14464947116831474962.1)
                  00009068    00000023     functions.o (.rodata.str1.3739636256912452571.1)
                  0000908b    00000023     functions.o (.rodata.str1.4088760258362988122.1)
                  000090ae    00000023     functions.o (.rodata.str1.417100376825835908.1)
                  000090d1    00000023     functions.o (.rodata.str1.7723146404961276984.1)
                  000090f4    00000023     main.o (.rodata.str1.9059077390166914652.1)
                  00009117    00000022     functions.o (.rodata.str1.10930655922842606279.1)
                  00009139    00000022     functions.o (.rodata.str1.11373607083750233779.1)
                  0000915b    00000022     functions.o (.rodata.str1.11403685632016021771.1)
                  0000917d    00000022     main.o (.rodata.str1.13030671760666898970.1)
                  0000919f    00000022     main.o (.rodata.str1.16302215771116645891.1)
                  000091c1    00000022     functions.o (.rodata.str1.16614484817706633923.1)
                  000091e3    00000022     functions.o (.rodata.str1.2190941444116491765.1)
                  00009205    00000022     functions.o (.rodata.str1.2305192595417680505.1)
                  00009227    00000022     main.o (.rodata.str1.3292798375424520613.1)
                  00009249    00000022     functions.o (.rodata.str1.7319270408353279736.1)
                  0000926b    00000022     functions.o (.rodata.str1.8841248051089024616.1)
                  0000928d    00000021     functions.o (.rodata.str1.10302267126528799586.1)
                  000092ae    00000021     functions.o (.rodata.str1.11345522308171243087.1)
                  000092cf    00000021     main.o (.rodata.str1.11777244287787065045.1)
                  000092f0    00000021     functions.o (.rodata.str1.12250083639950253671.1)
                  00009311    00000021     functions.o (.rodata.str1.1545240438815278529.1)
                  00009332    00000021     functions.o (.rodata.str1.16726128468901222387.1)
                  00009353    00000021     functions.o (.rodata.str1.17004305802620412261.1)
                  00009374    00000021     functions.o (.rodata.str1.17387986676834450725.1)
                  00009395    00000021     functions.o (.rodata.str1.18169768820860067831.1)
                  000093b6    00000021     functions.o (.rodata.str1.2090819679678785128.1)
                  000093d7    00000021     functions.o (.rodata.str1.2216088936736676215.1)
                  000093f8    00000021     functions.o (.rodata.str1.2654337880733388962.1)
                  00009419    00000021     functions.o (.rodata.str1.3098115528246613681.1)
                  0000943a    00000021     functions.o (.rodata.str1.3322434249706281543.1)
                  0000945b    00000021     functions.o (.rodata.str1.4531601087117612729.1)
                  0000947c    00000021     functions.o (.rodata.str1.455706336395187257.1)
                  0000949d    00000021     functions.o (.rodata.str1.8430466031500812981.1)
                  000094be    00000002     ti_msp_dl_config.o (.rodata.gI2C_0ClockConfig)
                  000094c0    00000020     functions.o (.rodata..Lswitch.table.cmd_pir.285)
                  000094e0    00000020     functions.o (.rodata.str1.10387253022637546114.1)
                  00009500    00000020     functions.o (.rodata.str1.10514892771341585404.1)
                  00009520    00000020     functions.o (.rodata.str1.10868672936327135180.1)
                  00009540    00000020     functions.o (.rodata.str1.11488970495173820783.1)
                  00009560    00000020     functions.o (.rodata.str1.14247832736261690914.1)
                  00009580    00000020     functions.o (.rodata.str1.16499007181999684178.1)
                  000095a0    00000020     functions.o (.rodata.str1.16985884696085998545.1)
                  000095c0    00000020     functions.o (.rodata.str1.17524032667240931881.1)
                  000095e0    00000020     functions.o (.rodata.str1.17954340015018547257.1)
                  00009600    00000020     functions.o (.rodata.str1.1879081474855052955.1)
                  00009620    00000020     functions.o (.rodata.str1.2347775125427912132.1)
                  00009640    00000020     main.o (.rodata.str1.2624144126699937905.1)
                  00009660    00000020     functions.o (.rodata.str1.2989574447005584482.1)
                  00009680    00000020     functions.o (.rodata.str1.4892436572911226530.1)
                  000096a0    00000020     functions.o (.rodata.str1.9506313465773766142.1)
                  000096c0    0000001f     functions.o (.rodata.str1.12012936333037231797.1)
                  000096df    0000001f     ZDP323B.o (.rodata.str1.13908428614379841002.1)
                  000096fe    0000001f     functions.o (.rodata.str1.15082562741968675383.1)
                  0000971d    0000001f     functions.o (.rodata.str1.15500694823524375836.1)
                  0000973c    0000001f     main.o (.rodata.str1.16265332423659789559.1)
                  0000975b    0000001f     functions.o (.rodata.str1.16937093305108365645.1)
                  0000977a    0000001f     functions.o (.rodata.str1.2618360898605671341.1)
                  00009799    0000001f     functions.o (.rodata.str1.3741468063811768988.1)
                  000097b8    0000001f     functions.o (.rodata.str1.7261598007108977983.1)
                  000097d7    0000001f     functions.o (.rodata.str1.7667325258934765219.1)
                  000097f6    0000001f     functions.o (.rodata.str1.812177498809953536.1)
                  00009815    0000001f     functions.o (.rodata.str1.9182000268108421340.1)
                  00009834    0000001e     functions.o (.rodata.str1.11548324711019379123.1)
                  00009852    0000001e     functions.o (.rodata.str1.13258710136769708401.1)
                  00009870    0000001e     functions.o (.rodata.str1.15416425971347363818.1)
                  0000988e    0000001e     functions.o (.rodata.str1.17124744513834159004.1)
                  000098ac    0000001e     functions.o (.rodata.str1.2132137826339264873.1)
                  000098ca    0000001e     functions.o (.rodata.str1.2153166669032916089.1)
                  000098e8    0000001e     functions.o (.rodata.str1.8276779995786722914.1)
                  00009906    0000001e     functions.o (.rodata.str1.9393216526452698668.1)
                  00009924    0000001e     functions.o (.rodata.str1.9629253951102113371.1)
                  00009942    0000001d     functions.o (.rodata.str1.10029850049327752681.1)
                  0000995f    0000001d     functions.o (.rodata.str1.12122565456592184258.1)
                  0000997c    0000001d     functions.o (.rodata.str1.1787322033648190911.1)
                  00009999    0000001d     functions.o (.rodata.str1.67103668184455600.1)
                  000099b6    0000001c     functions.o (.rodata.str1.11158820112163685190.1)
                  000099d2    0000001c     main.o (.rodata.str1.12180500075719773345.1)
                  000099ee    0000001c     functions.o (.rodata.str1.14504089057119714207.1)
                  00009a0a    0000001c     functions.o (.rodata.str1.17112998893623131760.1)
                  00009a26    0000001c     functions.o (.rodata.str1.17418132220924322792.1)
                  00009a42    0000001c     functions.o (.rodata.str1.2090735207208419621.1)
                  00009a5e    0000001c     functions.o (.rodata.str1.823074591787180899.1)
                  00009a7a    0000001b     functions.o (.rodata.str1.12869987097872302101.1)
                  00009a95    0000001b     functions.o (.rodata.str1.13213250456124221025.1)
                  00009ab0    0000001b     functions.o (.rodata.str1.15241132200125037881.1)
                  00009acb    0000001b     functions.o (.rodata.str1.17669684748118727147.1)
                  00009ae6    0000001b     functions.o (.rodata.str1.4198453541086758413.1)
                  00009b01    0000001b     functions.o (.rodata.str1.504123949362312185.1)
                  00009b1c    0000001b     functions.o (.rodata.str1.6579945242302544448.1)
                  00009b37    0000001b     functions.o (.rodata.str1.6954128830300373732.1)
                  00009b52    0000001b     functions.o (.rodata.str1.771275161403278999.1)
                  00009b6d    0000001b     functions.o (.rodata.str1.9586352787182320994.1)
                  00009b88    0000001a     functions.o (.rodata.str1.10394495994740858438.1)
                  00009ba2    0000001a     functions.o (.rodata.str1.10821967500945095815.1)
                  00009bbc    0000001a     functions.o (.rodata.str1.11584461607463951922.1)
                  00009bd6    0000001a     functions.o (.rodata.str1.11621569494667626893.1)
                  00009bf0    0000001a     main.o (.rodata.str1.11702106008850790973.1)
                  00009c0a    0000001a     functions.o (.rodata.str1.12609848238114409581.1)
                  00009c24    0000001a     functions.o (.rodata.str1.13060549876486072544.1)
                  00009c3e    0000001a     functions.o (.rodata.str1.15914577833492633752.1)
                  00009c58    0000001a     functions.o (.rodata.str1.2423760133235791839.1)
                  00009c72    0000001a     functions.o (.rodata.str1.2872345601479061820.1)
                  00009c8c    0000001a     functions.o (.rodata.str1.976629323795015702.1)
                  00009ca6    0000001a     functions.o (.rodata.str1.9987864939932165754.1)
                  00009cc0    00000019     main.o (.rodata.str1.13288086030101331538.1)
                  00009cd9    00000019     functions.o (.rodata.str1.18059599449896579509.1)
                  00009cf2    00000019     functions.o (.rodata.str1.2006883888705870762.1)
                  00009d0b    00000019     functions.o (.rodata.str1.9504405780896684869.1)
                  00009d24    00000018     ti_msp_dl_config.o (.rodata.gDMA_CH0Config)
                  00009d3c    00000018     ti_msp_dl_config.o (.rodata.gDMA_CH1Config)
                  00009d54    00000018     ti_msp_dl_config.o (.rodata.gDMA_CH2Config)
                  00009d6c    00000018     ti_msp_dl_config.o (.rodata.gDMA_CH3Config)
                  00009d84    00000018     ZDP323B.o (.rodata.str1.13872368284913790327.1)
                  00009d9c    00000018     functions.o (.rodata.str1.14826907694073300720.1)
                  00009db4    00000018     functions.o (.rodata.str1.15647711897633472048.1)
                  00009dcc    00000018     functions.o (.rodata.str1.3293202025561435839.1)
                  00009de4    00000018     functions.o (.rodata.str1.3544098629501009633.1)
                  00009dfc    00000018     functions.o (.rodata.str1.4307635291288551838.1)
                  00009e14    00000018     functions.o (.rodata.str1.5556253844797924259.1)
                  00009e2c    00000018     main.o (.rodata.str1.8154729771448623357.1)
                  00009e44    00000018     functions.o (.rodata.str1.8989266583668574770.1)
                  00009e5c    00000017     functions.o (.rodata.str1.11087625087312282266.1)
                  00009e73    00000017     functions.o (.rodata.str1.1121117191475404019.1)
                  00009e8a    00000017     functions.o (.rodata.str1.13497160822588500659.1)
                  00009ea1    00000017     functions.o (.rodata.str1.15981603964029308583.1)
                  00009eb8    00000017     main.o (.rodata.str1.16709704744796600189.1)
                  00009ecf    00000017     functions.o (.rodata.str1.17162129685140799346.1)
                  00009ee6    00000017     functions.o (.rodata.str1.1798579838546719175.1)
                  00009efd    00000017     functions.o (.rodata.str1.18319551690001788249.1)
                  00009f14    00000017     functions.o (.rodata.str1.2412787792798810337.1)
                  00009f2b    00000017     functions.o (.rodata.str1.3107984650851015417.1)
                  00009f42    00000017     functions.o (.rodata.str1.4144252613811081812.1)
                  00009f59    00000017     functions.o (.rodata.str1.5896414462293131170.1)
                  00009f70    00000017     main.o (.rodata.str1.6365796992934770792.1)
                  00009f87    00000017     functions.o (.rodata.str1.7276749916342729794.1)
                  00009f9e    00000017     functions.o (.rodata.str1.8683587540435544184.1)
                  00009fb5    00000016     main.o (.rodata.str1.10635229749459437609.1)
                  00009fcb    00000016     functions.o (.rodata.str1.13750405472340812261.1)
                  00009fe1    00000016     functions.o (.rodata.str1.14296218639596138037.1)
                  00009ff7    00000016     functions.o (.rodata.str1.14626576299884526934.1)
                  0000a00d    00000016     functions.o (.rodata.str1.1463293767001829125.1)
                  0000a023    00000016     uart.o (.rodata.str1.15503172443992438641.1)
                  0000a039    00000016     functions.o (.rodata.str1.16113805747440866019.1)
                  0000a04f    00000016     functions.o (.rodata.str1.17016031596792030868.1)
                  0000a065    00000016     functions.o (.rodata.str1.1912318065655334061.1)
                  0000a07b    00000016     functions.o (.rodata.str1.5117621188084071403.1)
                  0000a091    00000015     functions.o (.rodata.str1.11457859038367029433.1)
                  0000a0a6    00000015     functions.o (.rodata.str1.13291850131445628085.1)
                  0000a0bb    00000015     functions.o (.rodata.str1.13318008327193210645.1)
                  0000a0d0    00000015     functions.o (.rodata.str1.14079700471513303319.1)
                  0000a0e5    00000015     functions.o (.rodata.str1.14779408147115502373.1)
                  0000a0fa    00000015     functions.o (.rodata.str1.16344480386849582482.1)
                  0000a10f    00000015     functions.o (.rodata.str1.17171889877841249491.1)
                  0000a124    00000015     main.o (.rodata.str1.17376258722486336754.1)
                  0000a139    00000015     functions.o (.rodata.str1.18285776561876861988.1)
                  0000a14e    00000015     functions.o (.rodata.str1.5514502381961403268.1)
                  0000a163    00000015     functions.o (.rodata.str1.7987950595137088371.1)
                  0000a178    00000015     uart.o (.rodata.str1.8171864734171609186.1)
                  0000a18d    00000003     ti_msp_dl_config.o (.rodata.gBOOST_CONTROLClockConfig)
                  0000a190    00000014     functions.o (.rodata..Lswitch.table.cmd_gauge)
                  0000a1a4    00000014     functions.o (.rodata.str1.16059144329163883794.1)
                  0000a1b8    00000014     main.o (.rodata.str1.16631870348416990953.1)
                  0000a1cc    00000014     functions.o (.rodata.str1.4910338030008278487.1)
                  0000a1e0    00000014     functions.o (.rodata.str1.5905555877690922764.1)
                  0000a1f4    00000014     functions.o (.rodata.str1.7324634916810494498.1)
                  0000a208    00000014     functions.o (.rodata.str1.9955790773425000222.1)
                  0000a21c    00000013     functions.o (.rodata.str1.17622889657162422067.1)
                  0000a22f    00000013     functions.o (.rodata.str1.204082772225115829.1)
                  0000a242    00000013     functions.o (.rodata.str1.3818782532712895722.1)
                  0000a255    00000013     functions.o (.rodata.str1.5293785561432609074.1)
                  0000a268    00000013     functions.o (.rodata.str1.5672502669058196221.1)
                  0000a27b    00000012     functions.o (.rodata.str1.11391304066098951517.1)
                  0000a28d    00000012     main.o (.rodata.str1.7996925722583989644.1)
                  0000a29f    00000011     libc.a : _printfi.c.obj (.rodata.str1.10348868589481759720.1)
                  0000a2b0    00000011     main.o (.rodata.str1.10720410773482754683.1)
                  0000a2c1    00000011     main.o (.rodata.str1.11321157723316767883.1)
                  0000a2d2    00000011     main.o (.rodata.str1.11822182024223342093.1)
                  0000a2e3    00000011     libc.a : _printfi.c.obj (.rodata.str1.15363888844622738466.1)
                  0000a2f4    00000011     main.o (.rodata.str1.4787932902692149498.1)
                  0000a305    00000011     main.o (.rodata.str1.6554448696319176064.1)
                  0000a316    00000011     functions.o (.rodata.str1.8855207564147674068.1)
                  0000a327    00000001     --HOLE-- [fill = 0]
                  0000a328    00000010     functions.o (.rodata..Lswitch.table.cmd_fram)
                  0000a338    00000010     functions.o (.rodata..Lswitch.table.cmd_pir.286)
                  0000a348    00000010     main.o (.rodata..Lswitch.table.main)
                  0000a358    00000010     functions.o (.rodata.str1.12247701732483370762.1)
                  0000a368    0000000f     functions.o (.rodata.str1.1434866316927325970.1)
                  0000a377    0000000f     functions.o (.rodata.str1.1813704926491365237.1)
                  0000a386    0000000f     functions.o (.rodata.str1.2372479248998020874.1)
                  0000a395    0000000f     functions.o (.rodata.str1.6405428687533244608.1)
                  0000a3a4    0000000f     functions.o (.rodata.str1.7684438339927393593.1)
                  0000a3b3    0000000e     main.o (.rodata.str1.17045314124001216156.1)
                  0000a3c1    0000000e     functions.o (.rodata.str1.3274426514815924028.1)
                  0000a3cf    0000000e     functions.o (.rodata.str1.3945811098438947860.1)
                  0000a3dd    0000000e     functions.o (.rodata.str1.6433388484108913441.1)
                  0000a3eb    0000000d     functions.o (.rodata.str1.13052596014025790475.1)
                  0000a3f8    0000000d     functions.o (.rodata.str1.14249227603012650231.1)
                  0000a405    0000000d     main.o (.rodata.str1.403738606202455663.1)
                  0000a412    0000000c     functions.o (.rodata.str1.12082073636076449582.1)
                  0000a41e    0000000c     functions.o (.rodata.str1.12649739183381639352.1)
                  0000a42a    0000000c     functions.o (.rodata.str1.2128294674425382420.1)
                  0000a436    0000000c     main.o (.rodata.str1.2563708670032483588.1)
                  0000a442    0000000b     main.o (.rodata.str1.3530083166107438000.1)
                  0000a44d    0000000b     functions.o (.rodata.str1.4040450050525152614.1)
                  0000a458    0000000b     functions.o (.rodata.str1.6500671132244866452.1)
                  0000a463    00000001     --HOLE-- [fill = 0]
                  0000a464    0000000a     ti_msp_dl_config.o (.rodata.gMCU_UART_1Config)
                  0000a46e    0000000a     ti_msp_dl_config.o (.rodata.gSPI_0_config)
                  0000a478    0000000a     ti_msp_dl_config.o (.rodata.gSPI_1_config)
                  0000a482    0000000a     ti_msp_dl_config.o (.rodata.gUART_0Config)
                  0000a48c    0000000a     functions.o (.rodata.str1.12114497968925858118.1)
                  0000a496    0000000a     functions.o (.rodata.str1.1518209179495633459.1)
                  0000a4a0    0000000a     main.o (.rodata.str1.288608917962107522.1)
                  0000a4aa    0000000a     functions.o (.rodata.str1.6736404338818286726.1)
                  0000a4b4    0000000a     functions.o (.rodata.str1.6783150972682750781.1)
                  0000a4be    0000000a     main.o (.rodata.str1.8428454045432808059.1)
                  0000a4c8    0000000a     functions.o (.rodata.str1.9659379646541333203.1)
                  0000a4d2    0000000a     functions.o (.rodata.str1.9866892624350641238.1)
                  0000a4dc    00000009     functions.o (.rodata.str1.11364996628600094536.1)
                  0000a4e5    00000009     functions.o (.rodata.str1.12257129677820421622.1)
                  0000a4ee    00000009     functions.o (.rodata.str1.13225435875195226696.1)
                  0000a4f7    00000009     main.o (.rodata.str1.14032527501195285070.1)
                  0000a500    00000009     main.o (.rodata.str1.14712910685067215323.1)
                  0000a509    00000009     main.o (.rodata.str1.2597068879322958637.1)
                  0000a512    00000009     uart.o (.rodata.str1.2747995240747259486.1)
                  0000a51b    00000009     main.o (.rodata.str1.39260288392874984.1)
                  0000a524    00000009     functions.o (.rodata.str1.5320122413559821118.1)
                  0000a52d    00000009     functions.o (.rodata.str1.5699953771227312792.1)
                  0000a536    00000009     functions.o (.rodata.str1.6743441520423956273.1)
                  0000a53f    00000001     --HOLE-- [fill = 0]
                  0000a540    00000008     ti_msp_dl_config.o (.rodata.gBOOST_CONTROLConfig)
                  0000a548    00000008     ti_msp_dl_config.o (.rodata.gFLASH_CONTROLConfig)
                  0000a550    00000008     functions.o (.rodata.str1.11093425900794288272.1)
                  0000a558    00000008     functions.o (.rodata.str1.11517924573668616356.1)
                  0000a560    00000008     functions.o (.rodata.str1.12716370140545181522.1)
                  0000a568    00000008     main.o (.rodata.str1.1311392489248731986.1)
                  0000a570    00000008     functions.o (.rodata.str1.14464870060864390341.1)
                  0000a578    00000008     functions.o (.rodata.str1.15667472894159448674.1)
                  0000a580    00000008     functions.o (.rodata.str1.15927518266867229498.1)
                  0000a588    00000008     functions.o (.rodata.str1.16929425599360063401.1)
                  0000a590    00000008     functions.o (.rodata.str1.2299744636238869032.1)
                  0000a598    00000008     main.o (.rodata.str1.2846389346932560359.1)
                  0000a5a0    00000008     functions.o (.rodata.str1.3156050197955811031.1)
                  0000a5a8    00000008     functions.o (.rodata.str1.6886749528440134913.1)
                  0000a5b0    00000008     main.o (.rodata.str1.6976963560179378225.1)
                  0000a5b8    00000008     functions.o (.rodata.str1.7162077660410253316.1)
                  0000a5c0    00000008     functions.o (.rodata.str1.8058481654977393815.1)
                  0000a5c8    00000007     functions.o (.rodata.str1.10146554888887806956.1)
                  0000a5cf    00000007     main.o (.rodata.str1.11121730273200050387.1)
                  0000a5d6    00000007     functions.o (.rodata.str1.14125585639945481457.1)
                  0000a5dd    00000007     functions.o (.rodata.str1.15074034281527865494.1)
                  0000a5e4    00000007     functions.o (.rodata.str1.17588442350683572369.1)
                  0000a5eb    00000007     functions.o (.rodata.str1.18157200286260056646.1)
                  0000a5f2    00000007     functions.o (.rodata.str1.2606492479815574346.1)
                  0000a5f9    00000007     functions.o (.rodata.str1.3123360382440319361.1)
                  0000a600    00000007     functions.o (.rodata.str1.6505750907013116089.1)
                  0000a607    00000007     functions.o (.rodata.str1.8531227236847774710.1)
                  0000a60e    00000006     functions.o (.rodata.str1.11655743873260979083.1)
                  0000a614    00000006     functions.o (.rodata.str1.1174942412544543362.1)
                  0000a61a    00000006     functions.o (.rodata.str1.12410864860910897959.1)
                  0000a620    00000006     functions.o (.rodata.str1.16699442666505370998.1)
                  0000a626    00000006     functions.o (.rodata.str1.17144429639171527548.1)
                  0000a62c    00000006     main.o (.rodata.str1.17770841602246103764.1)
                  0000a632    00000006     functions.o (.rodata.str1.389011575781332116.1)
                  0000a638    00000006     functions.o (.rodata.str1.4959705119256106851.1)
                  0000a63e    00000006     main.o (.rodata.str1.8108965883388295311.1)
                  0000a644    00000005     functions.o (.rodata.str1.11900037607746946141.1)
                  0000a649    00000005     functions.o (.rodata.str1.13183419841694627606.1)
                  0000a64e    00000005     functions.o (.rodata.str1.14496393926573069083.1)
                  0000a653    00000005     main.o (.rodata.str1.15159059442110792349.1)
                  0000a658    00000005     functions.o (.rodata.str1.16757203657686794125.1)
                  0000a65d    00000005     functions.o (.rodata.str1.2957129483359387701.1)
                  0000a662    00000005     functions.o (.rodata.str1.3066531604708884151.1)
                  0000a667    00000005     functions.o (.rodata.str1.3172367308849033862.1)
                  0000a66c    00000005     functions.o (.rodata.str1.4214633535407782609.1)
                  0000a671    00000005     functions.o (.rodata.str1.502354497711140047.1)
                  0000a676    00000005     main.o (.rodata.str1.7702501944640899365.1)
                  0000a67b    00000005     main.o (.rodata.str1.8076846746581808073.1)
                  0000a680    00000005     main.o (.rodata.str1.8096991282711418442.1)
                  0000a685    00000005     functions.o (.rodata.str1.8113497073403762318.1)
                  0000a68a    00000004     functions.o (.rodata.str1.11296493460036947760.1)
                  0000a68e    00000004     functions.o (.rodata.str1.12871985577256932554.1)
                  0000a692    00000004     functions.o (.rodata.str1.16977936627528246064.1)
                  0000a696    00000004     main.o (.rodata.str1.17100691992556644108.1)
                  0000a69a    00000004     main.o (.rodata.str1.18092426736022315238.1)
                  0000a69e    00000004     main.o (.rodata.str1.2123964117280943167.1)
                  0000a6a2    00000004     main.o (.rodata.str1.2763581881760962609.1)
                  0000a6a6    00000004     functions.o (.rodata.str1.3121139948745544124.1)
                  0000a6aa    00000004     functions.o (.rodata.str1.4561657886204501224.1)
                  0000a6ae    00000004     functions.o (.rodata.str1.4930741957133989383.1)
                  0000a6b2    00000004     functions.o (.rodata.str1.62749256631814321.1)
                  0000a6b6    00000004     functions.o (.rodata.str1.638703247069904128.1)
                  0000a6ba    00000004     main.o (.rodata.str1.6891813955777630061.1)
                  0000a6be    00000004     functions.o (.rodata.str1.9119127971185803168.1)
                  0000a6c2    00000003     ti_msp_dl_config.o (.rodata.gFLASH_CONTROLClockConfig)
                  0000a6c5    00000003     uart.o (.rodata.str1.12819099410943012003.1)
                  0000a6c8    00000003     functions.o (.rodata.str1.13554695696533425351.1)
                  0000a6cb    00000003     main.o (.rodata.str1.15996357275703397564.1)
                  0000a6ce    00000003     functions.o (.rodata.str1.7108839738911806945.1)
                  0000a6d1    00000003     functions.o (.rodata.str1.8025679848303759470.1)
                  0000a6d4    00000002     ti_msp_dl_config.o (.rodata.gI2C_1ClockConfig)
                  0000a6d6    00000002     ti_msp_dl_config.o (.rodata.gMCU_UART_1ClockConfig)
                  0000a6d8    00000002     ti_msp_dl_config.o (.rodata.gSPI_0_clockConfig)
                  0000a6da    00000002     ti_msp_dl_config.o (.rodata.gSPI_1_clockConfig)
                  0000a6dc    00000002     ti_msp_dl_config.o (.rodata.gUART_0ClockConfig)
                  0000a6de    00000002     functions.o (.rodata.str1.10620974771816488631.1)
                  0000a6e0    00000002     functions.o (.rodata.str1.15231467846776008763.1)
                  0000a6e2    00000002     functions.o (.rodata.str1.17500777133379660036.1)
                  0000a6e4    00000002     functions.o (.rodata.str1.2576872358145254110.1)
                  0000a6e6    00000002     uart.o (.rodata.str1.3510367808670815947.1)
                  0000a6e8    00000002     functions.o (.rodata.str1.510390108933456549.1)
                  0000a6ea    00000002     functions.o (.rodata.str1.5994875290679588583.1)
                  0000a6ec    00000002     main.o (.rodata.str1.625103348304617710.1)
                  0000a6ee    00000002     functions.o (.rodata.str1.6275033222440079959.1)
                  0000a6f0    00000002     functions.o (.rodata.str1.6934290517616500964.1)
                  0000a6f2    00000002     functions.o (.rodata.str1.7162303493627050396.1)
                  0000a6f4    0000000c     --HOLE-- [fill = 0]

.init_array 
*          0    00000000    00000000     UNINITIALIZED

.binit     0    00000000    00000000     

.bss       0    20200000    00000371     UNINITIALIZED
                  20200000    000000bc     (.common:gBOOST_CONTROLBackup)
                  202000bc    000000bc     (.common:gFLASH_CONTROLBackup)
                  20200178    000000b4     uart.o (.bss.commandList)
                  2020022c    00000040     (.common:UART_Buffer)
                  2020026c    00000028     (.common:gSPI_0Backup)
                  20200294    00000028     (.common:gSPI_1Backup)
                  202002bc    00000022     (.common:gRxPacket)
                  202002de    00000022     (.common:gTxPacket)
                  20200300    00000020     (.common:framSpi)
                  20200320    0000001c     (.common:stm32Spi)
                  2020033c    00000010     (.common:gSPI_RxPacket)
                  2020034c    0000000c     (.common:gPIR)
                  20200358    00000008     (.common:fram)
                  20200360    00000004     (.common:gRxCount)
                  20200364    00000004     (.common:gRxLen)
                  20200368    00000004     (.common:gTxCount)
                  2020036c    00000004     (.common:gTxLen)
                  20200370    00000001     (.common:gI2cControllerStatus)

.data      0    20200374    0000017a     UNINITIALIZED
                  20200374    000000c6     BoardAPI.o (.data.output_currents_led_mA)
                  2020043a    00000063     BoardAPI.o (.data.duty_cycles_led)
                  2020049d    00000010     spi_master.o (.data.gSPI_TxPacket)
                  202004ad    00000001     main.o (.data.bq_monitor_active)
                  202004ae    00000002     BQ25628_functions.o (.data.g_ibat_mA)
                  202004b0    00000004     libc.a : aeabi_portable.c.obj (.data.__aeabi_errno)
                  202004b4    00000004     uart.o (.data.commandCount)
                  202004b8    00000004     libc.a : strtok.c.obj (.data.last_end)
                  202004bc    00000004     BoardAPI.o (.data.led_channel)
                  202004c0    00000004     main.o (.data.monitor_rate)
                  202004c4    00000002     BQ25628_functions.o (.data.g_ibus_mA)
                  202004c6    00000002     BQ27Z7_functions.o (.data.g_telem.0)
                  202004c8    00000002     BQ27Z7_functions.o (.data.g_telem.10)
                  202004ca    00000002     BQ27Z7_functions.o (.data.g_telem.11)
                  202004cc    00000002     BQ27Z7_functions.o (.data.g_telem.12)
                  202004ce    00000002     BQ27Z7_functions.o (.data.g_telem.13)
                  202004d0    00000002     BQ27Z7_functions.o (.data.g_telem.1)
                  202004d2    00000002     BQ27Z7_functions.o (.data.g_telem.2)
                  202004d4    00000002     BQ27Z7_functions.o (.data.g_telem.4)
                  202004d6    00000002     BQ27Z7_functions.o (.data.g_telem.5)
                  202004d8    00000002     BQ27Z7_functions.o (.data.g_telem.7)
                  202004da    00000002     BQ27Z7_functions.o (.data.g_telem.8)
                  202004dc    00000002     BQ27Z7_functions.o (.data.g_telem.9)
                  202004de    00000002     BQ25628_functions.o (.data.g_vbat_mV)
                  202004e0    00000002     BQ25628_functions.o (.data.g_vbus_mV)
                  202004e2    00000002     BQ25628_functions.o (.data.g_vsys_mV)
                  202004e4    00000002     BoardAPI.o (.data.global_led_voltage)
                  202004e6    00000001     uart.o (.data.char_index)
                  202004e7    00000001     uart.o (.data.data_received)
                  202004e8    00000001     gauge.o (.data.g_gaugeAddr)
                  202004e9    00000001     main.o (.data.gauge_monitor_active)
                  202004ea    00000001     BQ27Z7_functions.o (.data.g_telem.3)
                  202004eb    00000001     main.o (.data.hall_monitor_active)
                  202004ec    00000001     BQ27Z7_functions.o (.data.g_telem.6)
                  202004ed    00000001     main.o (.data.pir_monitor_active)

.stack     0    20207e00    00000200     UNINITIALIZED
                  20207e00    00000004     libc.a : boot_cortex_m.c.obj (.stack)
                  20207e04    000001fc     --HOLE--

__llvm_prf_cnts 
*          0    20200000    00000000     UNINITIALIZED

__llvm_prf_bits 
*          0    20200000    00000000     UNINITIALIZED

MODULE SUMMARY

       Module                         code    ro data   rw data
       ------                         ----    -------   -------
    .\
       functions.o                    7388    8998      105    
       main.o                         1280    1348      8      
       ti_msp_dl_config.o             1660    170       456    
       BoardAPI.o                     480     0         303    
       startup_mspm0g350x_ticlang.o   6       192       0      
    +--+------------------------------+-------+---------+---------+
       Total:                         10814   10708     872    
                                                               
    .\HAL\
       uart.o                         1484    92        250    
       i2c.o                          1256    0         0      
       spi_mem.o                      528     0         32     
       spi_master.o                   180     0         60     
    +--+------------------------------+-------+---------+---------+
       Total:                         3448    92        342    
                                                               
    .\ics\BQ25628\
       BQ25628_functions.o            752     0         10     
    +--+------------------------------+-------+---------+---------+
       Total:                         752     0         10     
                                                               
    .\ics\BQ27Z7\
       BQ27Z7_functions.o             3436    0         26     
       gauge.o                        176     0         1      
    +--+------------------------------+-------+---------+---------+
       Total:                         3612    0         27     
                                                               
    .\ics\MB85RS\
       mb85rs.o                       758     0         0      
    +--+------------------------------+-------+---------+---------+
       Total:                         758     0         0      
                                                               
    .\ics\ZILOG\
       ZDP323B.o                      1822    414       0      
    +--+------------------------------+-------+---------+---------+
       Total:                         1822    414       0      
                                                               
    C:/ti/mspm0_sdk_2_09_00_01/source/ti/driverlib/lib/ticlang/m0p/mspm0g1x0x_g3x0x/driverlib.a
       dl_timer.o                     356     0         0      
       dl_i2c.o                       240     0         0      
       dl_uart.o                      138     0         0      
       dl_spi.o                       86      0         0      
       dl_dma.o                       76      0         0      
       dl_common.o                    10      0         0      
    +--+------------------------------+-------+---------+---------+
       Total:                         906     0         0      
                                                               
    C:\ti\ccs2031\ccs\tools\compiler\ti-cgt-armllvm_4.0.4.LTS\lib\armv6m-ti-none-eabi/c/libc.a
       _printfi.c.obj                 4510    34        0      
       strtol.c.obj                   324     0         0      
       aeabi_ctype.S.obj              0       257       0      
       s_scalbn.c.obj                 216     0         0      
       memcpy16.S.obj                 154     0         0      
       s_floorf.c.obj                 140     0         0      
       strcmp-armv6m.S.obj            136     0         0      
       vsnprintf.c.obj                136     0         0      
       copy_decompress_lzss.c.obj     124     0         0      
       s_roundf.c.obj                 114     0         0      
       memset16.S.obj                 98      0         0      
       s_frexp.c.obj                  92      0         0      
       _ltoa.c.obj                    88      0         0      
       strtok.c.obj                   72      0         4      
       atoi.c.obj                     64      0         0      
       autoinit.c.obj                 60      0         0      
       boot_cortex_m.c.obj            40      0         0      
       strspn.c.obj                   38      0         0      
       strcspn.c.obj                  36      0         0      
       memccpy.c.obj                  34      0         0      
       copy_zero_init.c.obj           22      0         0      
       copy_decompress_none.c.obj     18      0         0      
       wcslen.c.obj                   16      0         0      
       aeabi_portable.c.obj           8       0         4      
       exit.c.obj                     6       0         0      
       pre_init.c.obj                 4       0         0      
    +--+------------------------------+-------+---------+---------+
       Total:                         6550    291       8      
                                                               
    C:\ti\ccs2031\ccs\tools\compiler\ti-cgt-armllvm_4.0.4.LTS\lib\armv6m-ti-none-eabi/c/libsysbm.a
       hostexit.c.obj                 4       0         0      
    +--+------------------------------+-------+---------+---------+
       Total:                         4       0         0      
                                                               
    C:\ti\ccs2031\ccs\tools\compiler\ti-cgt-armllvm_4.0.4.LTS\lib\armv6m-ti-none-eabi/libclang_rt.builtins.a
       adddf3.S.obj                   418     0         0      
       divdf3.S.obj                   268     0         0      
       addsf3.S.obj                   232     0         0      
       muldf3.S.obj                   228     0         0      
       comparedf2.c.obj               220     0         0      
       udivmoddi4.S.obj               162     0         0      
       mulsf3.S.obj                   140     0         0      
       comparesf2.S.obj               118     0         0      
       aeabi_dcmp.S.obj               98      0         0      
       aeabi_fcmp.S.obj               98      0         0      
       aeabi_idivmod.S.obj            86      0         0      
       fixdfsi.S.obj                  74      0         0      
       aeabi_uidivmod.S.obj           64      0         0      
       muldsi3.S.obj                  58      0         0      
       fixsfsi.S.obj                  56      0         0      
       floatsidf.S.obj                44      0         0      
       floatunsisf.S.obj              40      0         0      
       muldi3.S.obj                   36      0         0      
       ashldi3.S.obj                  30      0         0      
       aeabi_memset.S.obj             26      0         0      
       aeabi_uldivmod.S.obj           20      0         0      
       aeabi_memcpy.S.obj             8       0         0      
       aeabi_div0.c.obj               4       0         0      
    +--+------------------------------+-------+---------+---------+
       Total:                         2528    0         0      
                                                               
       Stack:                         0       0         512    
       Linker Generated:              0       393       0      
    +--+------------------------------+-------+---------+---------+
       Grand Total:                   31194   11898     1771   


LINKER GENERATED COPY TABLES

__TI_cinit_table @ 0000a87c records: 2, size/record: 8, table size: 16
	.data: load addr=0000a700, load size=00000165 bytes, run addr=20200374, run size=0000017a bytes, compression=lzss
	.bss: load addr=0000a874, load size=00000008 bytes, run addr=20200000, run size=00000371 bytes, compression=zero_init


LINKER GENERATED HANDLER TABLE

__TI_handler_table @ 0000a868 records: 3, size/record: 4, table size: 12
	index: 0, handler: __TI_decompress_lzss
	index: 1, handler: __TI_decompress_none
	index: 2, handler: __TI_zero_init


FAR CALL TRAMPOLINES

callee name               trampoline name
   callee addr  tramp addr   call addr  call info
--------------  -----------  ---------  ----------------
__aeabi_dsub              $Tramp$TT$L$PI$$__aeabi_dsub
   00003391     00007a60     00007a5e   libc.a : _printfi.c.obj (.text.OUTLINED_FUNCTION_0)
__aeabi_fadd              $Tramp$TT$L$PI$$__aeabi_fadd
   0000565f     00007a7c     00007a78   libc.a : s_roundf.c.obj (.text.OUTLINED_FUNCTION_0)

[2 trampolines]
[2 trampoline calls]


GLOBAL SYMBOLS: SORTED ALPHABETICALLY BY Name 

address   name                            
-------   ----                            
00003523  ADC0_IRQHandler                 
00003523  ADC1_IRQHandler                 
00003523  AES_IRQHandler                  
00005ed5  BQ25628E_Get_IBAT_mA            
000078b5  BQ25628E_Get_IBUS_mA            
000078c1  BQ25628E_Get_VBAT_mV            
000078cd  BQ25628E_Get_VBUS_mV            
000078d9  BQ25628E_Get_VSYS_mV            
00003e59  BQ25628E_Init_Default           
00007485  BQ25628E_ReadReg16              
000074a9  BQ25628E_ReadReg8               
000048e1  BQ25628E_UpdateTelemetry        
000074cd  BQ25628E_WriteReg16             
00007581  BQ25628E_WriteReg8              
00004cbd  BQ27Z746_GetChargingStatus      
00005137  BQ27Z746_GetChemID              
00005059  BQ27Z746_GetDeviceType          
00006c43  BQ27Z746_GetFETOptions          
000053cb  BQ27Z746_GetFirmwareVersion     
00005213  BQ27Z746_GetOperationStatus     
000052ef  BQ27Z746_GetSafetyStatus        
000046e1  BQ27Z746_GetSecurityMode        
00006bad  BQ27Z746_GetTempConfig          
000078e5  BQ27Z746_Get_AvgCurrent_mA      
000078f1  BQ27Z746_Get_AvgPower_mW        
000078fd  BQ27Z746_Get_BatteryStatus      
00007909  BQ27Z746_Get_Current_mA         
00007915  BQ27Z746_Get_CycleCount         
00007921  BQ27Z746_Get_FullChargeCap_mAh  
0000792d  BQ27Z746_Get_InternalTemp_C     
00007939  BQ27Z746_Get_RemainingCap_mAh   
00007945  BQ27Z746_Get_SOC_pct            
00007951  BQ27Z746_Get_StateOfHealth_pct  
0000795d  BQ27Z746_Get_Temperature_C      
00007969  BQ27Z746_Get_TimeToEmpty_min    
00007975  BQ27Z746_Get_TimeToFull_min     
00007981  BQ27Z746_Get_Voltage_mV         
0000730d  BQ27Z746_Init                   
000077c9  BQ27Z746_IsDischarging          
000077d9  BQ27Z746_IsFullyCharged         
000077e9  BQ27Z746_IsFullyDischarged      
000054a3  BQ27Z746_MAC_Read               
00007601  BQ27Z746_MAC_Send               
0000798d  BQ27Z746_ReadAvgCurrent_mA      
00007999  BQ27Z746_ReadAvgPower_mW        
000079a5  BQ27Z746_ReadBatteryStatus      
000079b1  BQ27Z746_ReadCurrent_mA         
000079bd  BQ27Z746_ReadCycleCount         
000079c9  BQ27Z746_ReadFullChargeCap_mAh  
000075a1  BQ27Z746_ReadInternalTemp_C     
000079d5  BQ27Z746_ReadRemainingCap_mAh   
000079e1  BQ27Z746_ReadSOC_pct            
000079ed  BQ27Z746_ReadStateOfHealth_pct  
000075c1  BQ27Z746_ReadTemperature_C      
000079f9  BQ27Z746_ReadTimeToEmpty_min    
00007a05  BQ27Z746_ReadTimeToFull_min     
00007a11  BQ27Z746_ReadVoltage_mV         
00006dad  BQ27Z746_Seal                   
000041b5  BQ27Z746_SetTempSensorConfig    
000040a5  BQ27Z746_SetUTFET_Direct        
000060e9  BQ27Z746_Unseal                 
000047e1  BQ27Z746_UpdateTelemetry        
00007aae  C$$EXIT                         
00003523  CANFD0_IRQHandler               
000026a9  CLI_ProcessInput                
00006ef5  CLI_RegisterCommand             
000062c1  CLI_Tokenize                    
00003523  DAC0_IRQHandler                 
00007a4d  DL_Common_delayCycles           
00006b61  DL_DMA_initChannel              
000067e1  DL_I2C_fillControllerTXFIFO     
0000721d  DL_I2C_flushControllerRXFIFO    
00006f31  DL_I2C_flushControllerTXFIFO    
00007439  DL_I2C_setClockConfig           
00006df1  DL_SPI_init                     
00007791  DL_SPI_setClockConfig           
000044d9  DL_Timer_initFourCCPWMMode      
00007641  DL_Timer_setCaptCompUpdateMethod
00007695  DL_Timer_setCaptureCompareOutCtl
000077f9  DL_Timer_setCaptureCompareValue 
0000765d  DL_Timer_setClockConfig         
00006c8d  DL_UART_init                    
000077a3  DL_UART_setClockConfig          
0000724d  DL_UART_transmitDataBlocking    
00003523  DMA_IRQHandler                  
00003523  Default_Handler                 
00003523  GROUP0_IRQHandler               
00006f6d  GROUP1_IRQHandler               
00007aaf  HOSTexit                        
00003523  HardFault_Handler               
00007809  I2C0_IRQHandler                 
00007819  I2C1_IRQHandler                 
00002ffd  I2C_ReadDevice                  
00004e91  I2C_TryAddress                  
000045dd  I2C_TryAddress10                
00003be9  I2C_WriteDevice                 
00006cd5  LED_control_init                
000070d5  LED_flash_start                 
00007829  LED_flash_stop                  
00007839  LED_get_current                 
00007a1d  LED_get_voltage                 
000057fd  LED_set_current                 
000069b1  LED_set_voltage                 
00007339  MB85RS_Init                     
00005975  MB85RS_Read                     
00005fed  MB85RS_ReadID                   
00006955  MB85RS_ReadStatus               
00003d21  MB85RS_Write                    
00003523  NMI_Handler                     
00003523  PendSV_Handler                  
00003523  RTC_IRQHandler                  
00007ab3  Reset_Handler                   
00007365  SPI0_IRQHandler                 
000071b5  SPI1_IRQHandler                 
00006841  SPI_Controller_Arm              
000074f1  SPI_Controller_Init             
00005c15  SPI_Memory_Arm                  
00007a29  SPI_Memory_CS_Assert            
00007849  SPI_Memory_CS_Deassert          
00007391  SPI_Memory_Init                 
000042c1  SPI_Memory_Wait                 
00003523  SVC_Handler                     
00005ca5  SYSCFG_DL_BOOST_CONTROL_init    
000076ad  SYSCFG_DL_DMA_CH0_init          
000076c5  SYSCFG_DL_DMA_CH1_init          
000076dd  SYSCFG_DL_DMA_CH2_init          
000076f5  SYSCFG_DL_DMA_CH3_init          
00007753  SYSCFG_DL_DMA_init              
00005f69  SYSCFG_DL_FLASH_CONTROL_init    
00003805  SYSCFG_DL_GPIO_init             
00006329  SYSCFG_DL_I2C_0_init            
00006391  SYSCFG_DL_I2C_1_init            
00006721  SYSCFG_DL_MCU_UART_1_init       
00006531  SYSCFG_DL_SPI_0_init            
00006781  SYSCFG_DL_SPI_1_init            
00006d1d  SYSCFG_DL_SYSCTL_init           
00006251  SYSCFG_DL_UART_0_init           
0000689d  SYSCFG_DL_init                  
00005e4d  SYSCFG_DL_initPower             
000058b9  Shared_I2C_IRQHandler           
00003523  SysTick_Handler                 
00003523  TIMA0_IRQHandler                
00003523  TIMA1_IRQHandler                
00003523  TIMG0_IRQHandler                
00003523  TIMG12_IRQHandler               
00003523  TIMG6_IRQHandler                
00003523  TIMG7_IRQHandler                
00003523  TIMG8_IRQHandler                
0000770d  UART0_IRQHandler                
00003523  UART1_IRQHandler                
00003523  UART2_IRQHandler                
00003523  UART3_IRQHandler                
00005a2d  UARTReceive                     
2020022c  UART_Buffer                     
000071e9  ZDP323B_BuildConfigBytes        
000017bd  ZDP323B_Init                    
00007a35  ZDP323B_MotionISR               
00004da9  ZDP323B_ReadPeakHold            
000049dd  ZDP323B_WriteConfig             
20208000  __STACK_END                     
00000200  __STACK_SIZE                    
00000000  __TI_ATRegion0_region_sz        
00000000  __TI_ATRegion0_src_addr         
00000000  __TI_ATRegion0_trg_addr         
00000000  __TI_ATRegion1_region_sz        
00000000  __TI_ATRegion1_src_addr         
00000000  __TI_ATRegion1_trg_addr         
00000000  __TI_ATRegion2_region_sz        
00000000  __TI_ATRegion2_src_addr         
00000000  __TI_ATRegion2_trg_addr         
0000a87c  __TI_CINIT_Base                 
0000a88c  __TI_CINIT_Limit                
0000a88c  __TI_CINIT_Warm                 
0000a868  __TI_Handler_Table_Base         
0000a874  __TI_Handler_Table_Limit        
00007021  __TI_auto_init_nobinit_nopinit  
0000606d  __TI_decompress_lzss            
[...]
00007a41  __aeabi_memclr8                 
00007aa1  __aeabi_memcpy                  
00007aa1  __aeabi_memcpy4                 
00007aa1  __aeabi_memcpy8                 
00007899  __aeabi_memset                  
00007899  __aeabi_memset4                 
00007899  __aeabi_memset8                 
000073e9  __aeabi_ui2f                    
00006e35  __aeabi_uidiv                   
00006e35  __aeabi_uidivmod                
00007769  __aeabi_uldivmod                
00007621  __ashldi3                       
ffffffff  __binit__                       
000063f9  __cmpdf2                        
0000705d  __cmpsf2                        
000043cd  __divdf3                        
000063f9  __eqdf2                         
0000705d  __eqsf2                         
00006bf9  __fixdfsi                       
0000710d  __fixsfsi                       
000073bd  __floatsidf                     
000073e9  __floatunsisf                   
000061dd  __gedf2                         
00006fa9  __gesf2                         
000061dd  __gtdf2                         
00006fa9  __gtsf2                         
000063f9  __ledf2                         
0000705d  __lesf2                         
000063f9  __ltdf2                         
0000705d  __ltsf2                         
UNDEFED   __mpu_init                      
00004f75  __muldf3                        
00007515  __muldi3                        
00007099  __muldsi3                       
00005d35  __mulsf3                        
000063f9  __nedf2                         
0000705d  __nesf2                         
20207e00  __stack                         
20200000  __start___llvm_prf_bits         
20200000  __start___llvm_prf_cnts         
20200000  __stop___llvm_prf_bits          
20200000  __stop___llvm_prf_cnts          
00003391  __subdf3                        
00005655  __subsf3                        
00005ad9  __udivmoddi4                    
00007411  _c_int00_noargs                 
UNDEFED   _system_post_cinit              
00007ab7  _system_pre_init                
00007aa9  abort                           
00006e75  atoi                            
ffffffff  binit                           
202004ad  bq_monitor_active               
202004e6  char_index                      
00001bb9  cmd_bq                          
0000123d  cmd_fram                        
00000a91  cmd_gauge                       
0000572d  cmd_hall                        
00006595  cmd_help                        
000031d1  cmd_i2cscan                     
00002c0d  cmd_i2cscan10                   
00003525  cmd_leds                        
00002355  cmd_pir                         
00004bcd  cmd_pwr                         
00003699  cmd_spi                         
202004e7  data_received                   
00007859  disable_led_boost               
2020043a  duty_cycles_led                 
00007869  enable_led_boost                
00005dc1  floorf                          
20200358  fram                            
20200300  framSpi                         
000068f9  frexp                           
000068f9  frexpl                          
20200000  gBOOST_CONTROLBackup            
202000bc  gFLASH_CONTROLBackup            
20200370  gI2cControllerStatus            
2020034c  gPIR                            
20200360  gRxCount                        
20200364  gRxLen                          
202002bc  gRxPacket                       
2020026c  gSPI_0Backup                    
20200294  gSPI_1Backup                    
2020033c  gSPI_RxPacket                   
2020049d  gSPI_TxPacket                   
20200368  gTxCount                        
2020036c  gTxLen                          
202002de  gTxPacket                       
00007879  gauge_address                   
000072dd  gauge_cmd_read                  
202004e9  gauge_monitor_active            
00007145  gauge_read                      
0000717d  gauge_write                     
00006fe5  get_UART_buffer                 
202004e4  global_led_voltage              
202004eb  hall_monitor_active             
00007679  i2c_init                        
00000000  interruptVectors                
0000557d  ldexp                           
0000557d  ldexpl                          
202004bc  led_channel                     
00001fa1  main                            
0000755d  memccpy                         
00005b7b  memcpy                          
000066bf  memset                          
202004c0  monitor_rate                    
20200374  output_currents_led_mA          
202004ed  pir_monitor_active              
00006461  roundf                          
0000557d  scalbn                          
0000557d  scalbnl                         
00004ad5  setupCLI                        
20200320  stm32Spi                        
00005ee1  strcmp                          
00007539  strcspn                         
0000745f  strspn                          
00006d65  strtok                          
00003969  strtol                          
000075e1  uart_init                       
00006165  uart_printf                     
00006eb5  vsnprintf                       
00007889  wcslen                          


GLOBAL SYMBOLS: SORTED BY Symbol Address 

address   name                            
-------   ----                            
00000000  __TI_ATRegion0_region_sz        
00000000  __TI_ATRegion0_src_addr         
00000000  __TI_ATRegion0_trg_addr         
00000000  __TI_ATRegion1_region_sz        
00000000  __TI_ATRegion1_src_addr         
00000000  __TI_ATRegion1_trg_addr         
00000000  __TI_ATRegion2_region_sz        
00000000  __TI_ATRegion2_src_addr         
00000000  __TI_ATRegion2_trg_addr         
00000000  __TI_static_base__              
00000000  interruptVectors                
000000c1  __TI_printfi                    
00000200  __STACK_SIZE                    
00000a91  cmd_gauge                       
0000123d  cmd_fram                        
000017bd  ZDP323B_Init                    
00001bb9  cmd_bq                          
00001fa1  main                            
00002355  cmd_pir                         
000026a9  CLI_ProcessInput                
00002c0d  cmd_i2cscan10                   
00002ffd  I2C_ReadDevice                  
000031d1  cmd_i2cscan                     
00003391  __aeabi_dsub                    
00003391  __subdf3                        
0000339b  __adddf3                        
0000339b  __aeabi_dadd                    
00003523  ADC0_IRQHandler                 
00003523  ADC1_IRQHandler                 
00003523  AES_IRQHandler                  
00003523  CANFD0_IRQHandler               
00003523  DAC0_IRQHandler                 
00003523  DMA_IRQHandler                  
00003523  Default_Handler                 
00003523  GROUP0_IRQHandler               
00003523  HardFault_Handler               
00003523  NMI_Handler                     
00003523  PendSV_Handler                  
00003523  RTC_IRQHandler                  
00003523  SVC_Handler                     
00003523  SysTick_Handler                 
00003523  TIMA0_IRQHandler                
00003523  TIMA1_IRQHandler                
00003523  TIMG0_IRQHandler                
00003523  TIMG12_IRQHandler               
00003523  TIMG6_IRQHandler                
00003523  TIMG7_IRQHandler                
00003523  TIMG8_IRQHandler                
00003523  UART1_IRQHandler                
00003523  UART2_IRQHandler                
00003523  UART3_IRQHandler                
00003525  cmd_leds                        
00003699  cmd_spi                         
00003805  SYSCFG_DL_GPIO_init             
00003969  strtol                          
00003be9  I2C_WriteDevice                 
00003d21  MB85RS_Write                    
00003e59  BQ25628E_Init_Default           
000040a5  BQ27Z746_SetUTFET_Direct        
000041b5  BQ27Z746_SetTempSensorConfig    
000042c1  SPI_Memory_Wait                 
000043cd  __aeabi_ddiv                    
000043cd  __divdf3                        
000044d9  DL_Timer_initFourCCPWMMode      
000045dd  I2C_TryAddress10                
000046e1  BQ27Z746_GetSecurityMode        
000047e1  BQ27Z746_UpdateTelemetry        
000048e1  BQ25628E_UpdateTelemetry        
000049dd  ZDP323B_WriteConfig             
00004ad5  setupCLI                        
00004bcd  cmd_pwr                         
00004cbd  BQ27Z746_GetChargingStatus      
00004da9  ZDP323B_ReadPeakHold            
00004e91  I2C_TryAddress                  
00004f75  __aeabi_dmul                    
00004f75  __muldf3                        
00005059  BQ27Z746_GetDeviceType          
00005137  BQ27Z746_GetChemID              
00005213  BQ27Z746_GetOperationStatus     
000052ef  BQ27Z746_GetSafetyStatus        
000053cb  BQ27Z746_GetFirmwareVersion     
000054a3  BQ27Z746_MAC_Read               
0000557b  __aeabi_idiv0                   
0000557d  ldexp                           
0000557d  ldexpl                          
0000557d  scalbn                          
0000557d  scalbnl                         
00005655  __aeabi_fsub                    
00005655  __subsf3                        
0000565f  __addsf3                        
0000565f  __aeabi_fadd                    
0000572d  cmd_hall                        
000057fd  LED_set_current                 
000058b9  Shared_I2C_IRQHandler           
00005975  MB85RS_Read                     
00005a2d  UARTReceive                     
00005ad9  __udivmoddi4                    
00005b7b  memcpy                          
00005c15  SPI_Memory_Arm                  
00005ca5  SYSCFG_DL_BOOST_CONTROL_init    
00005d35  __aeabi_fmul                    
00005d35  __mulsf3                        
00005dc1  floorf                          
00005e4d  SYSCFG_DL_initPower             
00005ed5  BQ25628E_Get_IBAT_mA            
00005ee1  strcmp                          
00005f69  SYSCFG_DL_FLASH_CONTROL_init    
00005fed  MB85RS_ReadID                   
0000606d  __TI_decompress_lzss            
000060e9  BQ27Z746_Unseal                 
00006163  __aeabi_ldiv0                   
00006165  uart_printf                     
000061dd  __gedf2                         
000061dd  __gtdf2                         
00006251  SYSCFG_DL_UART_0_init           
000062c1  CLI_Tokenize                    
00006329  SYSCFG_DL_I2C_0_init            
00006391  SYSCFG_DL_I2C_1_init            
000063f9  __cmpdf2                        
000063f9  __eqdf2                         
000063f9  __ledf2                         
000063f9  __ltdf2                         
000063f9  __nedf2                         
00006461  roundf                          
00006531  SYSCFG_DL_SPI_0_init            
00006595  cmd_help                        
000065f9  __aeabi_dcmpeq                  
0000660d  __aeabi_dcmplt                  
00006621  __aeabi_dcmple                  
00006635  __aeabi_dcmpge                  
00006649  __aeabi_dcmpgt                  
0000665d  __aeabi_fcmpeq                  
00006671  __aeabi_fcmplt                  
00006685  __aeabi_fcmple                  
00006699  __aeabi_fcmpge                  
000066ad  __aeabi_fcmpgt                  
000066bf  memset                          
00006721  SYSCFG_DL_MCU_UART_1_init       
00006781  SYSCFG_DL_SPI_1_init            
000067e1  DL_I2C_fillControllerTXFIFO     
00006841  SPI_Controller_Arm              
0000689d  SYSCFG_DL_init                  
000068f9  frexp                           
000068f9  frexpl                          
00006955  MB85RS_ReadStatus               
000069b1  LED_set_voltage                 
00006a09  __TI_ltoa                       
00006ab9  __aeabi_idiv                    
00006ab9  __aeabi_idivmod                 
00006b61  DL_DMA_initChannel              
00006bad  BQ27Z746_GetTempConfig          
00006bf9  __aeabi_d2iz                    
00006bf9  __fixdfsi                       
00006c43  BQ27Z746_GetFETOptions          
00006c8d  DL_UART_init                    
00006cd5  LED_control_init                
00006d1d  SYSCFG_DL_SYSCTL_init           
00006d65  strtok                          
00006dad  BQ27Z746_Seal                   
00006df1  DL_SPI_init                     
00006e35  __aeabi_uidiv                   
00006e35  __aeabi_uidivmod                
00006e75  atoi                            
00006eb5  vsnprintf                       
00006ef5  CLI_RegisterCommand             
00006f31  DL_I2C_flushControllerTXFIFO    
00006f6d  GROUP1_IRQHandler               
00006fa9  __gesf2                         
00006fa9  __gtsf2                         
00006fe5  get_UART_buffer                 
00007021  __TI_auto_init_nobinit_nopinit  
0000705d  __cmpsf2                        
0000705d  __eqsf2                         
0000705d  __lesf2                         
0000705d  __ltsf2                         
0000705d  __nesf2                         
00007099  __muldsi3                       
000070d5  LED_flash_start                 
0000710d  __aeabi_f2iz                    
0000710d  __fixsfsi                       
00007145  gauge_read                      
0000717d  gauge_write                     
000071b5  SPI1_IRQHandler                 
000071e9  ZDP323B_BuildConfigBytes        
0000721d  DL_I2C_flushControllerRXFIFO    
0000724d  DL_UART_transmitDataBlocking    
000072dd  gauge_cmd_read                  
0000730d  BQ27Z746_Init                   
00007339  MB85RS_Init                     
00007365  SPI0_IRQHandler                 
00007391  SPI_Memory_Init                 
000073bd  __aeabi_i2d                     
000073bd  __floatsidf                     
000073e9  __aeabi_ui2f                    
000073e9  __floatunsisf                   
00007411  _c_int00_noargs                 
00007439  DL_I2C_setClockConfig           
0000745f  strspn                          
00007485  BQ25628E_ReadReg16              
000074a9  BQ25628E_ReadReg8               
000074cd  BQ25628E_WriteReg16             
000074f1  SPI_Controller_Init             
00007515  __aeabi_lmul                    
00007515  __muldi3                        
00007539  strcspn                         
0000755d  memccpy                         
00007581  BQ25628E_WriteReg8              
000075a1  BQ27Z746_ReadInternalTemp_C     
000075c1  BQ27Z746_ReadTemperature_C      
000075e1  uart_init                       
00007601  BQ27Z746_MAC_Send               
00007621  __aeabi_llsl                    
00007621  __ashldi3                       
00007641  DL_Timer_setCaptCompUpdateMethod
0000765d  DL_Timer_setClockConfig         
00007679  i2c_init                        
00007695  DL_Timer_setCaptureCompareOutCtl
000076ad  SYSCFG_DL_DMA_CH0_init          
000076c5  SYSCFG_DL_DMA_CH1_init          
000076dd  SYSCFG_DL_DMA_CH2_init          
000076f5  SYSCFG_DL_DMA_CH3_init          
0000770d  UART0_IRQHandler                
0000773d  __TI_zero_init_nomemset         
00007753  SYSCFG_DL_DMA_init              
00007769  __aeabi_uldivmod                
00007791  DL_SPI_setClockConfig           
000077a3  DL_UART_setClockConfig          
000077b5  __TI_decompress_none            
000077c9  BQ27Z746_IsDischarging          
000077d9  BQ27Z746_IsFullyCharged         
000077e9  BQ27Z746_IsFullyDischarged      
000077f9  DL_Timer_setCaptureCompareValue 
00007809  I2C0_IRQHandler                 
00007819  I2C1_IRQHandler                 
00007829  LED_flash_stop                  
00007839  LED_get_current                 
00007849  SPI_Memory_CS_Deassert          
00007859  disable_led_boost               
00007869  enable_led_boost                
00007879  gauge_address                   
00007889  wcslen                          
00007899  __aeabi_memset                  
00007899  __aeabi_memset4                 
00007899  __aeabi_memset8                 
000078b5  BQ25628E_Get_IBUS_mA            
000078c1  BQ25628E_Get_VBAT_mV            
000078cd  BQ25628E_Get_VBUS_mV            
000078d9  BQ25628E_Get_VSYS_mV            
000078e5  BQ27Z746_Get_AvgCurrent_mA      
000078f1  BQ27Z746_Get_AvgPower_mW        
000078fd  BQ27Z746_Get_BatteryStatus      
00007909  BQ27Z746_Get_Current_mA         
00007915  BQ27Z746_Get_CycleCount         
00007921  BQ27Z746_Get_FullChargeCap_mAh  
0000792d  BQ27Z746_Get_InternalTemp_C     
00007939  BQ27Z746_Get_RemainingCap_mAh   
00007945  BQ27Z746_Get_SOC_pct            
00007951  BQ27Z746_Get_StateOfHealth_pct  
0000795d  BQ27Z746_Get_Temperature_C      
00007969  BQ27Z746_Get_TimeToEmpty_min    
00007975  BQ27Z746_Get_TimeToFull_min     
00007981  BQ27Z746_Get_Voltage_mV         
0000798d  BQ27Z746_ReadAvgCurrent_mA      
00007999  BQ27Z746_ReadAvgPower_mW        
000079a5  BQ27Z746_ReadBatteryStatus      
000079b1  BQ27Z746_ReadCurrent_mA         
000079bd  BQ27Z746_ReadCycleCount         
000079c9  BQ27Z746_ReadFullChargeCap_mAh  
000079d5  BQ27Z746_ReadRemainingCap_mAh   
000079e1  BQ27Z746_ReadSOC_pct            
000079ed  BQ27Z746_ReadStateOfHealth_pct  
000079f9  BQ27Z746_ReadTimeToEmpty_min    
00007a05  BQ27Z746_ReadTimeToFull_min     
00007a11  BQ27Z746_ReadVoltage_mV         
00007a1d  LED_get_voltage                 
00007a29  SPI_Memory_CS_Assert            
00007a35  ZDP323B_MotionISR               
00007a41  __aeabi_memclr                  
00007a41  __aeabi_memclr4                 
00007a41  __aeabi_memclr8                 
00007a4d  DL_Common_delayCycles           
00007a99  __aeabi_errno_addr              
00007aa1  __aeabi_memcpy                  
00007aa1  __aeabi_memcpy4                 
00007aa1  __aeabi_memcpy8                 
00007aa9  abort                           
00007aae  C$$EXIT                         
00007aaf  HOSTexit                        
00007ab3  Reset_Handler                   
00007ab7  _system_pre_init                
00008270  __aeabi_ctype_table_            
00008270  __aeabi_ctype_table_C           
0000a868  __TI_Handler_Table_Base         
0000a874  __TI_Handler_Table_Limit        
0000a87c  __TI_CINIT_Base                 
0000a88c  __TI_CINIT_Limit                
0000a88c  __TI_CINIT_Warm                 
20200000  __start___llvm_prf_bits         
20200000  __start___llvm_prf_cnts         
20200000  __stop___llvm_prf_bits          
20200000  __stop___llvm_prf_cnts          
20200000  gBOOST_CONTROLBackup            
202000bc  gFLASH_CONTROLBackup            
2020022c  UART_Buffer                     
2020026c  gSPI_0Backup                    
20200294  gSPI_1Backup                    
202002bc  gRxPacket                       
202002de  gTxPacket                       
20200300  framSpi                         
20200320  stm32Spi                        
2020033c  gSPI_RxPacket                   
2020034c  gPIR                            
20200358  fram                            
20200360  gRxCount                        
20200364  gRxLen                          
20200368  gTxCount                        
2020036c  gTxLen                          
20200370  gI2cControllerStatus            
20200374  output_currents_led_mA          
2020043a  duty_cycles_led                 
2020049d  gSPI_TxPacket                   
202004ad  bq_monitor_active               
202004b0  __aeabi_errno                   
202004bc  led_channel                     
202004c0  monitor_rate                    
202004e4  global_led_voltage              
202004e6  char_index                      
202004e7  data_received                   
202004e9  gauge_monitor_active            
202004eb  hall_monitor_active             
202004ed  pir_monitor_active              
20207e00  __stack                         
20208000  __STACK_END                     
ffffffff  __TI_pprof_out_hndl             
ffffffff  __TI_prof_data_size             
ffffffff  __TI_prof_data_start            
ffffffff  __binit__                       
ffffffff  binit                           
UNDEFED   __mpu_init                      
UNDEFED   _system_post_cinit              

[340 symbols]
