******************************************************************************
            TI ARM Clang Linker PC v4.0.4                      
******************************************************************************
>> Linked Tue Apr  7 13:17:53 2026

OUTPUT FILE NAME:   <HW_SW_interface_CCS.out>
ENTRY POINT SYMBOL: "_c_int00_noargs"  address: 00006ae5


MEMORY CONFIGURATION

         name            origin    length      used     unused   attr    fill
----------------------  --------  ---------  --------  --------  ----  --------
  FLASH                 00000000   00020000  00009950  000166b0  R  X
  SRAM                  20200000   00008000  0000077f  00007881  RW X
  BCR_CONFIG            41c00000   000000ff  00000000  000000ff  R   
  BSL_CONFIG            41c00100   00000080  00000000  00000080  R   


SEGMENT ALLOCATION MAP

run origin  load origin   length   init length attrs members
----------  ----------- ---------- ----------- ----- -------
00000000    00000000    00009950   00009950    r-x
  00000000    00000000    000000c0   000000c0    r-- .intvecs
  000000c0    000000c0    000070c0   000070c0    r-x .text
  00007180    00007180    00002640   00002640    r-- .rodata
  000097c0    000097c0    00000190   00000190    r-- .cinit
20200000    20200000    00000582   00000000    rw-
  20200000    20200000    00000405   00000000    rw- .bss
  20200408    20200408    0000017a   00000000    rw- .data
20207e00    20207e00    00000200   00000000    rw-
  20207e00    20207e00    00000200   00000000    rw- .stack


SECTION ALLOCATION MAP

 output                                  attributes/
section   page    origin      length       input sections
--------  ----  ----------  ----------   ----------------
.intvecs   0    00000000    000000c0     
                  00000000    000000c0     startup_mspm0g350x_ticlang.o (.intvecs)

.text      0    000000c0    000070c0     
                  000000c0    000009d0     libc.a : _printfi.c.obj (.text:__TI_printfi)
                  00000a90    000007ac     functions.o (.text.cmd_gauge)
                  0000123c    00000580     functions.o (.text.cmd_fram)
                  000017bc    000003e8     functions.o (.text.cmd_bq)
                  00001ba4    00000390     main.o (.text.main)
                  00001f34    00000344     uart.o (.text.CLI_ProcessInput)
                  00002278    00000220     libc.a : _printfi.c.obj (.text._pconv_a)
                  00002498    00000214     functions.o (.text.cmd_i2cscan10)
                  000026ac    000001dc     libc.a : _printfi.c.obj (.text._pconv_g)
                  00002888    000001d4     i2c.o (.text.I2C_ReadDevice)
                  00002a5c    000001c0     functions.o (.text.cmd_i2cscan)
                  00002c1c    00000192     libclang_rt.builtins.a : adddf3.S.obj (.text.adddf3_subdf3)
                  00002dae    00000002     startup_mspm0g350x_ticlang.o (.text.Default_Handler)
                  00002db0    0000016c     functions.o (.text.cmd_spi)
                  00002f1c    00000144     libc.a : strtol.c.obj (.text.strtol)
                  00003060    0000013c     ti_msp_dl_config.o (.text.SYSCFG_DL_GPIO_init)
                  0000319c    0000013c     libc.a : _printfi.c.obj (.text.fcvt)
                  000032d8    00000138     i2c.o (.text.I2C_WriteDevice)
                  00003410    00000138     mb85rs.o (.text.MB85RS_Write)
                  00003548    00000120     BQ25628_functions.o (.text.BQ25628E_Init_Default)
                  00003668    00000120     libc.a : _printfi.c.obj (.text._pconv_e)
                  00003788    00000120     functions.o (.text.cmd_leds)
                  000038a8    00000110     BQ27Z7_functions.o (.text.BQ27Z746_SetUTFET_Direct)
                  000039b8    0000010c     BQ27Z7_functions.o (.text.BQ27Z746_SetTempSensorConfig)
                  00003ac4    0000010c     spi_mem.o (.text.SPI_Memory_Wait)
                  00003bd0    0000010c     libclang_rt.builtins.a : divdf3.S.obj (.text.__divdf3)
                  00003cdc    00000104     driverlib.a : dl_timer.o (.text.DL_Timer_initFourCCPWMMode)
                  00003de0    00000104     i2c.o (.text.I2C_TryAddress10)
                  00003ee4    00000100     BQ27Z7_functions.o (.text.BQ27Z746_GetSecurityMode)
                  00003fe4    00000100     BQ27Z7_functions.o (.text.BQ27Z746_UpdateTelemetry)
                  000040e4    000000fc     BQ25628_functions.o (.text.BQ25628E_UpdateTelemetry)
                  000041e0    000000fc     driverlib.a : dl_timer.o (.text.DL_Timer_initTimerMode)
                  000042dc    000000f8     main.o (.text.setupCLI)
                  000043d4    000000f0     functions.o (.text.cmd_pwr)
                  000044c4    000000ec     BQ27Z7_functions.o (.text.BQ27Z746_GetChargingStatus)
                  000045b0    000000e4     i2c.o (.text.I2C_TryAddress)
                  00004694    000000e4     libclang_rt.builtins.a : muldf3.S.obj (.text.__muldf3)
                  00004778    000000de     BQ27Z7_functions.o (.text.BQ27Z746_GetDeviceType)
                  00004856    000000dc     BQ27Z7_functions.o (.text.BQ27Z746_GetChemID)
                  00004932    000000dc     BQ27Z7_functions.o (.text.BQ27Z746_GetOperationStatus)
                  00004a0e    000000dc     BQ27Z7_functions.o (.text.BQ27Z746_GetSafetyStatus)
                  00004aea    000000d8     BQ27Z7_functions.o (.text.BQ27Z746_GetFirmwareVersion)
                  00004bc2    000000d8     BQ27Z7_functions.o (.text.BQ27Z746_MAC_Read)
                  00004c9a    00000002     libclang_rt.builtins.a : aeabi_div0.c.obj (.text.__aeabi_idiv0)
                  00004c9c    000000d8     libc.a : s_scalbn.c.obj (.text.scalbn)
                  00004d74    000000d8     libclang_rt.builtins.a : addsf3.S.obj (.text)
                  00004e4c    000000d0     functions.o (.text.cmd_hall)
                  00004f1c    000000bc     BoardAPI.o (.text.LED_set_current)
                  00004fd8    000000bc     i2c.o (.text.Shared_I2C_IRQHandler)
                  00005094    000000b8     mb85rs.o (.text.MB85RS_Read)
                  0000514c    000000ac     uart.o (.text.UARTReceive)
                  000051f8    000000a2     libclang_rt.builtins.a : udivmoddi4.S.obj (.text)
                  0000529a    0000009a     libc.a : memcpy16.S.obj (.text:memcpy)
                  00005334    00000094     ti_msp_dl_config.o (.text.SYSCFG_DL_initPower)
                  000053c8    00000090     spi_mem.o (.text.SPI_Memory_Arm)
                  00005458    0000008c     libclang_rt.builtins.a : mulsf3.S.obj (.text.__mulsf3)
                  000054e4    0000008c     libc.a : s_floorf.c.obj (.text.floorf)
                  00005570    00000088            : strcmp-armv6m.S.obj (.text:strcmp)
                  000055f8    00000080     mb85rs.o (.text.MB85RS_ReadID)
                  00005678    0000007c     libc.a : copy_decompress_lzss.c.obj (.text:decompress:lzss)
                  000056f4    0000007a     BQ27Z7_functions.o (.text.BQ27Z746_Unseal)
                  0000576e    00000002     libclang_rt.builtins.a : aeabi_div0.c.obj (.text.__aeabi_ldiv0)
                  00005770    00000078     uart.o (.text.uart_printf)
                  000057e8    00000074     libclang_rt.builtins.a : comparedf2.c.obj (.text.__gedf2)
                  0000585c    00000070     ti_msp_dl_config.o (.text.SYSCFG_DL_UART_0_init)
                  000058cc    00000068     uart.o (.text.CLI_Tokenize)
                  00005934    00000068     ti_msp_dl_config.o (.text.SYSCFG_DL_CURRENT_CONTROL_init)
                  0000599c    00000068     ti_msp_dl_config.o (.text.SYSCFG_DL_I2C_0_init)
                  00005a04    00000068     ti_msp_dl_config.o (.text.SYSCFG_DL_I2C_1_init)
                  00005a6c    00000068     ti_msp_dl_config.o (.text.SYSCFG_DL_VOLTAGE_CONTROL_init)
                  00005ad4    00000068     ti_msp_dl_config.o (.text.SYSCFG_DL_init)
                  00005b3c    00000068     libclang_rt.builtins.a : comparedf2.c.obj (.text.__ledf2)
                  00005ba4    00000068     libc.a : s_roundf.c.obj (.text.roundf)
                  00005c0c    00000066            : _printfi.c.obj (.text._mcpy)
                  00005c72    00000002     --HOLE-- [fill = 0]
                  00005c74    00000064     ti_msp_dl_config.o (.text.SYSCFG_DL_SPI_0_init)
                  00005cd8    00000064     uart.o (.text.cmd_help)
                  00005d3c    00000064     functions.o (.text.cmd_pir)
                  00005da0    00000062     libclang_rt.builtins.a : aeabi_dcmp.S.obj (.text.__aeabi_dcmp)
                  00005e02    00000002     --HOLE-- [fill = 0]
                  00005e04    00000062                            : aeabi_fcmp.S.obj (.text.__aeabi_fcmp)
                  00005e66    00000062     libc.a : memset16.S.obj (.text:memset)
                  00005ec8    00000060     ti_msp_dl_config.o (.text.SYSCFG_DL_MCU_UART_1_init)
                  00005f28    00000060     ti_msp_dl_config.o (.text.SYSCFG_DL_SPI_1_init)
                  00005f88    0000005e     driverlib.a : dl_i2c.o (.text.DL_I2C_fillControllerTXFIFO)
                  00005fe6    00000002     --HOLE-- [fill = 0]
                  00005fe8    0000005c     spi_master.o (.text.SPI_Controller_Arm)
                  00006044    0000005c     libc.a : s_frexp.c.obj (.text.frexp)
                  000060a0    0000005a     mb85rs.o (.text.MB85RS_ReadStatus)
                  000060fa    00000002     --HOLE-- [fill = 0]
                  000060fc    00000058     BoardAPI.o (.text.LED_set_voltage)
                  00006154    00000058     libc.a : _ltoa.c.obj (.text.__TI_ltoa)
                  000061ac    00000058            : _printfi.c.obj (.text._pconv_f)
                  00006204    00000056     libclang_rt.builtins.a : aeabi_idivmod.S.obj (.text.__aeabi_idivmod)
                  0000625a    00000052     libc.a : _printfi.c.obj (.text._ecpy)
                  000062ac    0000004c     driverlib.a : dl_dma.o (.text.DL_DMA_initChannel)
                  000062f8    0000004a     BQ27Z7_functions.o (.text.BQ27Z746_GetTempConfig)
                  00006342    00000002     --HOLE-- [fill = 0]
                  00006344    0000004a     libclang_rt.builtins.a : fixdfsi.S.obj (.text.__fixdfsi)
                  0000638e    00000048     BQ27Z7_functions.o (.text.BQ27Z746_GetFETOptions)
                  000063d6    00000002     --HOLE-- [fill = 0]
                  000063d8    00000048     driverlib.a : dl_uart.o (.text.DL_UART_init)
                  00006420    00000048     BoardAPI.o (.text.LED_control_init)
                  00006468    00000048     libc.a : strtok.c.obj (.text.strtok)
                  000064b0    00000044     BQ27Z7_functions.o (.text.BQ27Z746_Seal)
                  000064f4    00000044     driverlib.a : dl_spi.o (.text.DL_SPI_init)
                  00006538    00000040     ti_msp_dl_config.o (.text.SYSCFG_DL_SYSCTL_init)
                  00006578    00000040     libclang_rt.builtins.a : aeabi_uidivmod.S.obj (.text.__aeabi_uidivmod)
                  000065b8    00000040     libc.a : atoi.c.obj (.text.atoi)
                  000065f8    00000040            : vsnprintf.c.obj (.text.vsnprintf)
                  00006638    0000003c     uart.o (.text.CLI_RegisterCommand)
                  00006674    0000003c     driverlib.a : dl_i2c.o (.text.DL_I2C_flushControllerTXFIFO)
                  000066b0    0000003c     libclang_rt.builtins.a : comparesf2.S.obj (.text.__gtsf2)
                  000066ec    0000003c     uart.o (.text.get_UART_buffer)
                  00006728    0000003c     libc.a : autoinit.c.obj (.text:__TI_auto_init_nobinit_nopinit)
                  00006764    0000003a     libclang_rt.builtins.a : comparesf2.S.obj (.text.__eqsf2)
                  0000679e    00000002     --HOLE-- [fill = 0]
                  000067a0    0000003a                            : muldsi3.S.obj (.text.__muldsi3)
                  000067da    00000002     --HOLE-- [fill = 0]
                  000067dc    00000038     ti_msp_dl_config.o (.text.SYSCFG_DL_TIMER_0_init)
                  00006814    00000038     libclang_rt.builtins.a : fixsfsi.S.obj (.text.__fixsfsi)
                  0000684c    00000038     gauge.o (.text.gauge_read)
                  00006884    00000038     gauge.o (.text.gauge_write)
                  000068bc    00000034     spi_master.o (.text.SPI1_IRQHandler)
                  000068f0    00000030     driverlib.a : dl_i2c.o (.text.DL_I2C_flushControllerRXFIFO)
                  00006920    00000030                 : dl_uart.o (.text.DL_UART_transmitDataBlocking)
                  00006950    00000030     libc.a : _printfi.c.obj (.text._fcpy)
                  00006980    00000030            : vsnprintf.c.obj (.text._outs)
                  000069b0    00000030     gauge.o (.text.gauge_cmd_read)
                  000069e0    0000002c     BQ27Z7_functions.o (.text.BQ27Z746_Init)
                  00006a0c    0000002c     mb85rs.o (.text.MB85RS_Init)
                  00006a38    0000002c     spi_mem.o (.text.SPI0_IRQHandler)
                  00006a64    0000002c     spi_mem.o (.text.SPI_Memory_Init)
                  00006a90    0000002c     libclang_rt.builtins.a : floatsidf.S.obj (.text.__floatsidf)
                  00006abc    00000028                            : floatunsisf.S.obj (.text.__floatunsisf)
                  00006ae4    00000028     libc.a : boot_cortex_m.c.obj (.text:_c_int00_noargs)
                  00006b0c    00000026     driverlib.a : dl_i2c.o (.text.DL_I2C_setClockConfig)
                  00006b32    00000026     libc.a : strspn.c.obj (.text.strspn)
                  00006b58    00000024     BQ25628_functions.o (.text.BQ25628E_ReadReg16)
                  00006b7c    00000024     BQ25628_functions.o (.text.BQ25628E_ReadReg8)
                  00006ba0    00000024     BQ25628_functions.o (.text.BQ25628E_WriteReg16)
                  00006bc4    00000024     spi_master.o (.text.SPI_Controller_Init)
                  00006be8    00000024     libclang_rt.builtins.a : muldi3.S.obj (.text.__muldi3)
                  00006c0c    00000024     libc.a : strcspn.c.obj (.text.strcspn)
                  00006c30    00000022            : memccpy.c.obj (.text.memccpy)
                  00006c52    00000002     --HOLE-- [fill = 0]
                  00006c54    00000020     BQ25628_functions.o (.text.BQ25628E_WriteReg8)
                  00006c74    00000020     BQ27Z7_functions.o (.text.BQ27Z746_ReadInternalTemp_C)
                  00006c94    00000020     BQ27Z7_functions.o (.text.BQ27Z746_ReadTemperature_C)
                  00006cb4    00000020     uart.o (.text.uart_init)
                  00006cd4    0000001e     BQ27Z7_functions.o (.text.BQ27Z746_MAC_Send)
                  00006cf2    00000002     --HOLE-- [fill = 0]
                  00006cf4    0000001e     libclang_rt.builtins.a : ashldi3.S.obj (.text.__ashldi3)
                  00006d12    00000002     --HOLE-- [fill = 0]
                  00006d14    0000001c     driverlib.a : dl_timer.o (.text.DL_Timer_setCaptCompUpdateMethod)
                  00006d30    0000001c                 : dl_timer.o (.text.DL_Timer_setClockConfig)
                  00006d4c    0000001c     i2c.o (.text.i2c_init)
                  00006d68    00000018     driverlib.a : dl_timer.o (.text.DL_Timer_setCaptureCompareOutCtl)
                  00006d80    00000018     ti_msp_dl_config.o (.text.SYSCFG_DL_DMA_CH0_init)
                  00006d98    00000018     ti_msp_dl_config.o (.text.SYSCFG_DL_DMA_CH1_init)
                  00006db0    00000018     ti_msp_dl_config.o (.text.SYSCFG_DL_DMA_CH2_init)
                  00006dc8    00000018     ti_msp_dl_config.o (.text.SYSCFG_DL_DMA_CH3_init)
                  00006de0    00000018     main.o (.text.UART0_IRQHandler)
                  00006df8    00000018     libc.a : vsnprintf.c.obj (.text._outc)
                  00006e10    00000014     ti_msp_dl_config.o (.text.SYSCFG_DL_DMA_init)
                  00006e24    00000014     libclang_rt.builtins.a : aeabi_uldivmod.S.obj (.text.__aeabi_uldivmod)
                  00006e38    00000014     libc.a : _printfi.c.obj (.text.strchr)
                  00006e4c    00000012     driverlib.a : dl_spi.o (.text.DL_SPI_setClockConfig)
                  00006e5e    00000012                 : dl_uart.o (.text.DL_UART_setClockConfig)
                  00006e70    00000012     libc.a : copy_decompress_none.c.obj (.text:decompress:none)
                  00006e82    00000002     --HOLE-- [fill = 0]
                  00006e84    00000010     BQ27Z7_functions.o (.text.BQ27Z746_IsDischarging)
                  00006e94    00000010     BQ27Z7_functions.o (.text.BQ27Z746_IsFullyCharged)
                  00006ea4    00000010     BQ27Z7_functions.o (.text.BQ27Z746_IsFullyDischarged)
                  00006eb4    00000010     driverlib.a : dl_timer.o (.text.DL_Timer_setCaptureCompareValue)
                  00006ec4    00000010     i2c.o (.text.I2C0_IRQHandler)
                  00006ed4    00000010     i2c.o (.text.I2C1_IRQHandler)
                  00006ee4    00000010     BoardAPI.o (.text.LED_get_current)
                  00006ef4    00000010     spi_mem.o (.text.SPI_Memory_CS_Deassert)
                  00006f04    00000010     BoardAPI.o (.text.disable_led_boost)
                  00006f14    00000010     BoardAPI.o (.text.enable_led_boost)
                  00006f24    00000010     gauge.o (.text.gauge_address)
                  00006f34    00000010     libc.a : wcslen.c.obj (.text.wcslen)
                  00006f44    00000010            : copy_zero_init.c.obj (.text:decompress:ZI)
                  00006f54    0000000e     libclang_rt.builtins.a : aeabi_memset.S.obj (.text.__aeabi_memset)
                  00006f62    0000000e     libc.a : _printfi.c.obj (.text.strlen)
                  00006f70    0000000c     BQ25628_functions.o (.text.BQ25628E_Get_IBAT_mA)
                  00006f7c    0000000c     BQ25628_functions.o (.text.BQ25628E_Get_IBUS_mA)
                  00006f88    0000000c     BQ25628_functions.o (.text.BQ25628E_Get_VBAT_mV)
                  00006f94    0000000c     BQ25628_functions.o (.text.BQ25628E_Get_VBUS_mV)
                  00006fa0    0000000c     BQ25628_functions.o (.text.BQ25628E_Get_VSYS_mV)
                  00006fac    0000000c     BQ27Z7_functions.o (.text.BQ27Z746_Get_AvgCurrent_mA)
                  00006fb8    0000000c     BQ27Z7_functions.o (.text.BQ27Z746_Get_AvgPower_mW)
                  00006fc4    0000000c     BQ27Z7_functions.o (.text.BQ27Z746_Get_BatteryStatus)
                  00006fd0    0000000c     BQ27Z7_functions.o (.text.BQ27Z746_Get_Current_mA)
                  00006fdc    0000000c     BQ27Z7_functions.o (.text.BQ27Z746_Get_CycleCount)
                  00006fe8    0000000c     BQ27Z7_functions.o (.text.BQ27Z746_Get_FullChargeCap_mAh)
                  00006ff4    0000000c     BQ27Z7_functions.o (.text.BQ27Z746_Get_InternalTemp_C)
                  00007000    0000000c     BQ27Z7_functions.o (.text.BQ27Z746_Get_RemainingCap_mAh)
                  0000700c    0000000c     BQ27Z7_functions.o (.text.BQ27Z746_Get_SOC_pct)
                  00007018    0000000c     BQ27Z7_functions.o (.text.BQ27Z746_Get_StateOfHealth_pct)
                  00007024    0000000c     BQ27Z7_functions.o (.text.BQ27Z746_Get_Temperature_C)
                  00007030    0000000c     BQ27Z7_functions.o (.text.BQ27Z746_Get_TimeToEmpty_min)
                  0000703c    0000000c     BQ27Z7_functions.o (.text.BQ27Z746_Get_TimeToFull_min)
                  00007048    0000000c     BQ27Z7_functions.o (.text.BQ27Z746_Get_Voltage_mV)
                  00007054    0000000c     BQ27Z7_functions.o (.text.BQ27Z746_ReadAvgCurrent_mA)
                  00007060    0000000c     BQ27Z7_functions.o (.text.BQ27Z746_ReadAvgPower_mW)
                  0000706c    0000000c     BQ27Z7_functions.o (.text.BQ27Z746_ReadBatteryStatus)
                  00007078    0000000c     BQ27Z7_functions.o (.text.BQ27Z746_ReadCurrent_mA)
                  00007084    0000000c     BQ27Z7_functions.o (.text.BQ27Z746_ReadCycleCount)
                  00007090    0000000c     BQ27Z7_functions.o (.text.BQ27Z746_ReadFullChargeCap_mAh)
                  0000709c    0000000c     BQ27Z7_functions.o (.text.BQ27Z746_ReadRemainingCap_mAh)
                  000070a8    0000000c     BQ27Z7_functions.o (.text.BQ27Z746_ReadSOC_pct)
                  000070b4    0000000c     BQ27Z7_functions.o (.text.BQ27Z746_ReadStateOfHealth_pct)
                  000070c0    0000000c     BQ27Z7_functions.o (.text.BQ27Z746_ReadTimeToEmpty_min)
                  000070cc    0000000c     BQ27Z7_functions.o (.text.BQ27Z746_ReadTimeToFull_min)
                  000070d8    0000000c     BQ27Z7_functions.o (.text.BQ27Z746_ReadVoltage_mV)
                  000070e4    0000000c     BoardAPI.o (.text.LED_get_voltage)
                  000070f0    0000000c     spi_mem.o (.text.SPI_Memory_CS_Assert)
                  000070fc    0000000c     libclang_rt.builtins.a : aeabi_memset.S.obj (.text.__aeabi_memclr)
                  00007108    0000000a     driverlib.a : dl_common.o (.text.DL_Common_delayCycles)
                  00007112    0000000a     libc.a : _printfi.c.obj (.text.OUTLINED_FUNCTION_0)
                  0000711c    00000010     libclang_rt.builtins.a : adddf3.S.obj (.tramp.__aeabi_dsub.1)
                  0000712c    0000000a     libc.a : s_roundf.c.obj (.text.OUTLINED_FUNCTION_0)
                  00007136    00000002     --HOLE-- [fill = 0]
                  00007138    00000010     libclang_rt.builtins.a : addsf3.S.obj (.tramp.__aeabi_fadd.1)
                  00007148    0000000a     libc.a : _printfi.c.obj (.text.OUTLINED_FUNCTION_1)
                  00007152    00000002     --HOLE-- [fill = 0]
                  00007154    00000008            : aeabi_portable.c.obj (.text.__aeabi_errno_addr)
                  0000715c    00000008     libclang_rt.builtins.a : aeabi_memcpy.S.obj (.text.__aeabi_memcpy)
                  00007164    00000006     libc.a : exit.c.obj (.text:abort)
                  0000716a    00000004     libsysbm.a : hostexit.c.obj (.text.HOSTexit)
                  0000716e    00000004     startup_mspm0g350x_ticlang.o (.text.Reset_Handler)
                  00007172    00000004     libc.a : pre_init.c.obj (.text._system_pre_init)
                  00007176    0000000a     --HOLE-- [fill = 0]

.cinit     0    000097c0    00000190     
                  000097c0    00000165     (.cinit..data.load) [load image, compression = lzss]
                  00009925    00000003     --HOLE-- [fill = 0]
                  00009928    0000000c     (__TI_handler_table)
                  00009934    00000008     (.cinit..bss.load) [load image, compression = zero_init]
                  0000993c    00000010     (__TI_cinit_table)
                  0000994c    00000004     --HOLE-- [fill = 0]

.rodata    0    00007180    00002640     
                  00007180    000002ec     functions.o (.rodata.str1.14660004578859228044.1)
                  0000746c    000001da     functions.o (.rodata.str1.17600609178903569978.1)
                  00007646    0000014d     functions.o (.rodata.str1.3019495220097340546.1)
                  00007793    00000131     functions.o (.rodata.str1.14424774467072349609.1)
                  000078c4    0000000c     functions.o (.rodata.str1.12082073636076449582.1)
                  000078d0    00000101     libc.a : aeabi_ctype.S.obj (.rodata:__aeabi_ctype_table_)
                  000079d1    000000af     functions.o (.rodata.str1.10105263805998509149.1)
                  00007a80    0000006b     functions.o (.rodata.str1.9863839573043808502.1)
                  00007aeb    00000046     functions.o (.rodata.str1.14754684760099289372.1)
                  00007b31    00000041     functions.o (.rodata.str1.2344728598999326712.1)
                  00007b72    0000003c     functions.o (.rodata.str1.6596733414268854495.1)
                  00007bae    0000003b     functions.o (.rodata.str1.13405053720543497480.1)
                  00007be9    0000003b     main.o (.rodata.str1.8320541211001259012.1)
                  00007c24    0000003a     functions.o (.rodata.str1.13647871663007229205.1)
                  00007c5e    00000037     functions.o (.rodata.str1.1832783851567210609.1)
                  00007c95    00000036     functions.o (.rodata.str1.11740181311745255940.1)
                  00007ccb    00000036     functions.o (.rodata.str1.5685701548624197313.1)
                  00007d01    00000034     functions.o (.rodata.str1.11489194655681450928.1)
                  00007d35    00000034     functions.o (.rodata.str1.13869735989619804122.1)
                  00007d69    00000033     functions.o (.rodata.str1.14425403555696131028.1)
                  00007d9c    00000032     functions.o (.rodata.str1.7684438339927393593.1)
                  00007dce    00000031     functions.o (.rodata.str1.11371842499512143921.1)
                  00007dff    00000031     functions.o (.rodata.str1.13529407018213730301.1)
                  00007e30    00000031     main.o (.rodata.str1.14402440632258215044.1)
                  00007e61    00000030     main.o (.rodata.str1.14466178792657420020.1)
                  00007e91    0000002f     functions.o (.rodata.str1.11510568493784519380.1)
                  00007ec0    0000002f     functions.o (.rodata.str1.11655743873260979083.1)
                  00007eef    0000002f     main.o (.rodata.str1.18227636981041470289.1)
                  00007f1e    0000002f     functions.o (.rodata.str1.5574861860302912700.1)
                  00007f4d    0000002e     functions.o (.rodata.str1.1810987313933839541.1)
                  00007f7b    0000002d     functions.o (.rodata.str1.13361924668150654931.1)
                  00007fa8    0000002d     functions.o (.rodata.str1.13786467237224150958.1)
                  00007fd5    0000002d     functions.o (.rodata.str1.15871961652988661611.1)
                  00008002    0000002d     functions.o (.rodata.str1.17873271132953962449.1)
                  0000802f    0000002d     functions.o (.rodata.str1.303947978237559523.1)
                  0000805c    0000002c     main.o (.rodata.str1.10224226614597680209.1)
                  00008088    0000002b     functions.o (.rodata.str1.7213520456192855849.1)
                  000080b3    0000002b     functions.o (.rodata.str1.963556741755692615.1)
                  000080de    0000002a     functions.o (.rodata.str1.11852899632267644254.1)
                  00008108    0000002a     functions.o (.rodata.str1.13933329845969146692.1)
                  00008132    0000002a     functions.o (.rodata.str1.17242831494859343374.1)
                  0000815c    00000029     functions.o (.rodata.str1.14212890215622683485.1)
                  00008185    00000028     functions.o (.rodata.str1.13707145581914847747.1)
                  000081ad    00000027     main.o (.rodata.str1.11870794119293528247.1)
                  000081d4    00000027     functions.o (.rodata.str1.7085808795165203043.1)
                  000081fb    00000026     functions.o (.rodata.str1.11596568296542930794.1)
                  00008221    00000026     functions.o (.rodata.str1.312031595841812858.1)
                  00008247    00000026     main.o (.rodata.str1.8828068777338075035.1)
                  0000826d    00000025     main.o (.rodata.str1.10313062130652730376.1)
                  00008292    00000025     main.o (.rodata.str1.13782249893155712474.1)
                  000082b7    00000025     main.o (.rodata.str1.14079361385603432444.1)
                  000082dc    00000025     functions.o (.rodata.str1.5196872854305757230.1)
                  00008301    00000024     main.o (.rodata.str1.10865113624938808685.1)
                  00008325    00000024     main.o (.rodata.str1.14112174005742061988.1)
                  00008349    00000024     functions.o (.rodata.str1.2298903785866919411.1)
                  0000836d    00000024     main.o (.rodata.str1.5043408953494467246.1)
                  00008391    00000024     functions.o (.rodata.str1.831622212789273363.1)
                  000083b5    00000023     uart.o (.rodata.str1.14464947116831474962.1)
                  000083d8    00000023     functions.o (.rodata.str1.3739636256912452571.1)
                  000083fb    00000023     functions.o (.rodata.str1.4088760258362988122.1)
                  0000841e    00000023     functions.o (.rodata.str1.7723146404961276984.1)
                  00008441    00000023     main.o (.rodata.str1.9059077390166914652.1)
                  00008464    00000022     functions.o (.rodata.str1.10930655922842606279.1)
                  00008486    00000022     functions.o (.rodata.str1.11373607083750233779.1)
                  000084a8    00000022     functions.o (.rodata.str1.11403685632016021771.1)
                  000084ca    00000022     main.o (.rodata.str1.13030671760666898970.1)
                  000084ec    00000022     main.o (.rodata.str1.16302215771116645891.1)
                  0000850e    00000022     functions.o (.rodata.str1.16614484817706633923.1)
                  00008530    00000022     functions.o (.rodata.str1.2190941444116491765.1)
                  00008552    00000022     functions.o (.rodata.str1.2305192595417680505.1)
                  00008574    00000022     main.o (.rodata.str1.3292798375424520613.1)
                  00008596    00000022     functions.o (.rodata.str1.8841248051089024616.1)
                  000085b8    00000021     functions.o (.rodata.str1.10302267126528799586.1)
                  000085d9    00000021     functions.o (.rodata.str1.11345522308171243087.1)
                  000085fa    00000021     functions.o (.rodata.str1.12250083639950253671.1)
                  0000861b    00000021     functions.o (.rodata.str1.13877888024071246384.1)
                  0000863c    00000021     functions.o (.rodata.str1.16726128468901222387.1)
                  0000865d    00000021     functions.o (.rodata.str1.17004305802620412261.1)
                  0000867e    00000021     functions.o (.rodata.str1.18169768820860067831.1)
                  0000869f    00000021     functions.o (.rodata.str1.2216088936736676215.1)
                  000086c0    00000021     functions.o (.rodata.str1.2654337880733388962.1)
                  000086e1    00000021     functions.o (.rodata.str1.3098115528246613681.1)
                  00008702    00000021     functions.o (.rodata.str1.3322434249706281543.1)
                  00008723    00000021     functions.o (.rodata.str1.4531601087117612729.1)
                  00008744    00000021     functions.o (.rodata.str1.455706336395187257.1)
                  00008765    00000021     functions.o (.rodata.str1.8430466031500812981.1)
                  00008786    00000020     functions.o (.rodata.str1.10387253022637546114.1)
                  000087a6    00000020     functions.o (.rodata.str1.10868672936327135180.1)
                  000087c6    00000020     functions.o (.rodata.str1.11488970495173820783.1)
                  000087e6    00000020     functions.o (.rodata.str1.14247832736261690914.1)
                  00008806    00000020     functions.o (.rodata.str1.16499007181999684178.1)
                  00008826    00000020     functions.o (.rodata.str1.16985884696085998545.1)
                  00008846    00000020     functions.o (.rodata.str1.17954340015018547257.1)
                  00008866    00000020     functions.o (.rodata.str1.1879081474855052955.1)
                  00008886    00000020     functions.o (.rodata.str1.2347775125427912132.1)
                  000088a6    00000020     main.o (.rodata.str1.2624144126699937905.1)
                  000088c6    00000020     functions.o (.rodata.str1.2989574447005584482.1)
                  000088e6    00000020     functions.o (.rodata.str1.9506313465773766142.1)
                  00008906    0000001f     main.o (.rodata.str1.16265332423659789559.1)
                  00008925    0000001f     functions.o (.rodata.str1.18319551690001788249.1)
                  00008944    0000001f     functions.o (.rodata.str1.2090819679678785128.1)
                  00008963    0000001f     functions.o (.rodata.str1.2618360898605671341.1)
                  00008982    0000001f     functions.o (.rodata.str1.3741468063811768988.1)
                  000089a1    0000001f     functions.o (.rodata.str1.3818782532712895722.1)
                  000089c0    0000001f     functions.o (.rodata.str1.417100376825835908.1)
                  000089df    0000001f     functions.o (.rodata.str1.5293785561432609074.1)
                  000089fe    0000001f     functions.o (.rodata.str1.7261598007108977983.1)
                  00008a1d    0000001f     functions.o (.rodata.str1.7667325258934765219.1)
                  00008a3c    0000001f     functions.o (.rodata.str1.8684894204910267454.1)
                  00008a5b    0000001e     functions.o (.rodata.str1.11548324711019379123.1)
                  00008a79    0000001e     functions.o (.rodata.str1.13258710136769708401.1)
                  00008a97    0000001e     functions.o (.rodata.str1.15416425971347363818.1)
                  00008ab5    0000001e     functions.o (.rodata.str1.17124744513834159004.1)
                  00008ad3    0000001e     functions.o (.rodata.str1.2132137826339264873.1)
                  00008af1    0000001e     functions.o (.rodata.str1.2153166669032916089.1)
                  00008b0f    0000001e     functions.o (.rodata.str1.8276779995786722914.1)
                  00008b2d    0000001e     functions.o (.rodata.str1.9393216526452698668.1)
                  00008b4b    0000001e     functions.o (.rodata.str1.9629253951102113371.1)
                  00008b69    0000001d     functions.o (.rodata.str1.10029850049327752681.1)
                  00008b86    0000001d     functions.o (.rodata.str1.12122565456592184258.1)
                  00008ba3    0000001d     functions.o (.rodata.str1.1787322033648190911.1)
                  00008bc0    0000001d     functions.o (.rodata.str1.67103668184455600.1)
                  00008bdd    0000001c     functions.o (.rodata.str1.11158820112163685190.1)
                  00008bf9    0000001c     main.o (.rodata.str1.12180500075719773345.1)
                  00008c15    0000001c     functions.o (.rodata.str1.14504089057119714207.1)
                  00008c31    0000001c     functions.o (.rodata.str1.17112998893623131760.1)
                  00008c4d    0000001c     functions.o (.rodata.str1.17418132220924322792.1)
                  00008c69    0000001c     functions.o (.rodata.str1.2090735207208419621.1)
                  00008c85    0000001c     functions.o (.rodata.str1.823074591787180899.1)
                  00008ca1    0000001b     functions.o (.rodata.str1.12869987097872302101.1)
                  00008cbc    0000001b     functions.o (.rodata.str1.13213250456124221025.1)
                  00008cd7    0000001b     functions.o (.rodata.str1.15241132200125037881.1)
                  00008cf2    0000001b     functions.o (.rodata.str1.17669684748118727147.1)
                  00008d0d    0000001b     functions.o (.rodata.str1.4198453541086758413.1)
                  00008d28    0000001b     functions.o (.rodata.str1.504123949362312185.1)
                  00008d43    0000001b     functions.o (.rodata.str1.6579945242302544448.1)
                  00008d5e    0000001b     functions.o (.rodata.str1.6954128830300373732.1)
                  00008d79    0000001b     functions.o (.rodata.str1.771275161403278999.1)
                  00008d94    0000001b     functions.o (.rodata.str1.9586352787182320994.1)
                  00008daf    0000001a     functions.o (.rodata.str1.10394495994740858438.1)
                  00008dc9    0000001a     functions.o (.rodata.str1.11584461607463951922.1)
                  00008de3    0000001a     functions.o (.rodata.str1.11621569494667626893.1)
                  00008dfd    0000001a     main.o (.rodata.str1.11702106008850790973.1)
                  00008e17    0000001a     functions.o (.rodata.str1.12609848238114409581.1)
                  00008e31    0000001a     functions.o (.rodata.str1.13060549876486072544.1)
                  00008e4b    0000001a     functions.o (.rodata.str1.15914577833492633752.1)
                  00008e65    0000001a     functions.o (.rodata.str1.2872345601479061820.1)
                  00008e7f    0000001a     functions.o (.rodata.str1.4892436572911226530.1)
                  00008e99    0000001a     functions.o (.rodata.str1.976629323795015702.1)
                  00008eb3    0000001a     functions.o (.rodata.str1.9987864939932165754.1)
                  00008ecd    00000019     main.o (.rodata.str1.13288086030101331538.1)
                  00008ee6    00000019     functions.o (.rodata.str1.2006883888705870762.1)
                  00008eff    00000019     functions.o (.rodata.str1.9504405780896684869.1)
                  00008f18    00000018     ti_msp_dl_config.o (.rodata.gDMA_CH0Config)
                  00008f30    00000018     ti_msp_dl_config.o (.rodata.gDMA_CH1Config)
                  00008f48    00000018     ti_msp_dl_config.o (.rodata.gDMA_CH2Config)
                  00008f60    00000018     ti_msp_dl_config.o (.rodata.gDMA_CH3Config)
                  00008f78    00000018     functions.o (.rodata.str1.14826907694073300720.1)
                  00008f90    00000018     functions.o (.rodata.str1.15647711897633472048.1)
                  00008fa8    00000018     functions.o (.rodata.str1.3544098629501009633.1)
                  00008fc0    00000018     functions.o (.rodata.str1.4307635291288551838.1)
                  00008fd8    00000018     functions.o (.rodata.str1.5556253844797924259.1)
                  00008ff0    00000018     main.o (.rodata.str1.8154729771448623357.1)
                  00009008    00000017     functions.o (.rodata.str1.11087625087312282266.1)
                  0000901f    00000017     functions.o (.rodata.str1.1121117191475404019.1)
                  00009036    00000017     functions.o (.rodata.str1.13497160822588500659.1)
                  0000904d    00000017     functions.o (.rodata.str1.15981603964029308583.1)
                  00009064    00000017     main.o (.rodata.str1.16709704744796600189.1)
                  0000907b    00000017     functions.o (.rodata.str1.17162129685140799346.1)
                  00009092    00000017     functions.o (.rodata.str1.1798579838546719175.1)
                  000090a9    00000017     functions.o (.rodata.str1.3107984650851015417.1)
                  000090c0    00000017     functions.o (.rodata.str1.4144252613811081812.1)
                  000090d7    00000017     functions.o (.rodata.str1.5896414462293131170.1)
                  000090ee    00000017     functions.o (.rodata.str1.7276749916342729794.1)
                  00009105    00000017     functions.o (.rodata.str1.7319270408353279736.1)
                  0000911c    00000017     functions.o (.rodata.str1.8683587540435544184.1)
                  00009133    00000016     main.o (.rodata.str1.10635229749459437609.1)
                  00009149    00000016     functions.o (.rodata.str1.13750405472340812261.1)
                  0000915f    00000016     functions.o (.rodata.str1.14296218639596138037.1)
                  00009175    00000016     functions.o (.rodata.str1.14626576299884526934.1)
                  0000918b    00000016     functions.o (.rodata.str1.1463293767001829125.1)
                  000091a1    00000016     uart.o (.rodata.str1.15503172443992438641.1)
                  000091b7    00000016     functions.o (.rodata.str1.16113805747440866019.1)
                  000091cd    00000016     functions.o (.rodata.str1.17016031596792030868.1)
                  000091e3    00000016     functions.o (.rodata.str1.1912318065655334061.1)
                  000091f9    00000016     functions.o (.rodata.str1.5117621188084071403.1)
                  0000920f    00000015     functions.o (.rodata.str1.11457859038367029433.1)
                  00009224    00000015     functions.o (.rodata.str1.13291850131445628085.1)
                  00009239    00000015     functions.o (.rodata.str1.13318008327193210645.1)
                  0000924e    00000015     functions.o (.rodata.str1.14079700471513303319.1)
                  00009263    00000015     functions.o (.rodata.str1.14779408147115502373.1)
                  00009278    00000015     functions.o (.rodata.str1.16344480386849582482.1)
                  0000928d    00000015     functions.o (.rodata.str1.17171889877841249491.1)
                  000092a2    00000015     main.o (.rodata.str1.17376258722486336754.1)
                  000092b7    00000015     functions.o (.rodata.str1.17819248719987149311.1)
                  000092cc    00000015     functions.o (.rodata.str1.18285776561876861988.1)
                  000092e1    00000015     functions.o (.rodata.str1.5514502381961403268.1)
                  000092f6    00000015     main.o (.rodata.str1.625103348304617710.1)
                  0000930b    00000015     functions.o (.rodata.str1.7987950595137088371.1)
                  00009320    00000015     uart.o (.rodata.str1.8171864734171609186.1)
                  00009335    00000003     ti_msp_dl_config.o (.rodata.gCURRENT_CONTROLClockConfig)
                  00009338    00000014     functions.o (.rodata..Lswitch.table.cmd_gauge)
                  0000934c    00000014     ti_msp_dl_config.o (.rodata.gTIMER_0TimerConfig)
                  00009360    00000014     functions.o (.rodata.str1.16059144329163883794.1)
                  00009374    00000014     main.o (.rodata.str1.16631870348416990953.1)
                  00009388    00000014     functions.o (.rodata.str1.4910338030008278487.1)
                  0000939c    00000014     functions.o (.rodata.str1.5905555877690922764.1)
                  000093b0    00000014     functions.o (.rodata.str1.7324634916810494498.1)
                  000093c4    00000014     functions.o (.rodata.str1.9955790773425000222.1)
                  000093d8    00000013     functions.o (.rodata.str1.17622889657162422067.1)
                  000093eb    00000012     functions.o (.rodata.str1.11391304066098951517.1)
                  000093fd    00000012     main.o (.rodata.str1.7996925722583989644.1)
                  0000940f    00000011     libc.a : _printfi.c.obj (.rodata.str1.10348868589481759720.1)
                  00009420    00000011     main.o (.rodata.str1.10720410773482754683.1)
                  00009431    00000011     main.o (.rodata.str1.11321157723316767883.1)
                  00009442    00000011     main.o (.rodata.str1.11777244287787065045.1)
                  00009453    00000011     main.o (.rodata.str1.11822182024223342093.1)
                  00009464    00000011     libc.a : _printfi.c.obj (.rodata.str1.15363888844622738466.1)
                  00009475    00000011     main.o (.rodata.str1.4787932902692149498.1)
                  00009486    00000011     main.o (.rodata.str1.5630281060179367396.1)
                  00009497    00000011     main.o (.rodata.str1.6554448696319176064.1)
                  000094a8    00000011     functions.o (.rodata.str1.8855207564147674068.1)
                  000094b9    00000003     ti_msp_dl_config.o (.rodata.gTIMER_0ClockConfig)
                  000094bc    00000010     functions.o (.rodata..Lswitch.table.cmd_fram)
                  000094cc    00000010     main.o (.rodata..Lswitch.table.main)
                  000094dc    00000010     functions.o (.rodata.str1.12247701732483370762.1)
                  000094ec    0000000f     functions.o (.rodata.str1.2372479248998020874.1)
                  000094fb    0000000f     functions.o (.rodata.str1.6405428687533244608.1)
                  0000950a    0000000e     main.o (.rodata.str1.17045314124001216156.1)
                  00009518    0000000e     functions.o (.rodata.str1.3274426514815924028.1)
                  00009526    0000000e     functions.o (.rodata.str1.6433388484108913441.1)
                  00009534    0000000d     functions.o (.rodata.str1.14249227603012650231.1)
                  00009541    0000000d     main.o (.rodata.str1.403738606202455663.1)
                  0000954e    0000000c     functions.o (.rodata.str1.12649739183381639352.1)
                  0000955a    0000000c     functions.o (.rodata.str1.2128294674425382420.1)
                  00009566    0000000c     main.o (.rodata.str1.2563708670032483588.1)
                  00009572    0000000b     main.o (.rodata.str1.14032527501195285070.1)
                  0000957d    0000000b     main.o (.rodata.str1.3530083166107438000.1)
                  00009588    0000000b     functions.o (.rodata.str1.4040450050525152614.1)
                  00009593    0000000b     functions.o (.rodata.str1.6500671132244866452.1)
                  0000959e    0000000a     ti_msp_dl_config.o (.rodata.gMCU_UART_1Config)
                  000095a8    0000000a     ti_msp_dl_config.o (.rodata.gSPI_0_config)
                  000095b2    0000000a     ti_msp_dl_config.o (.rodata.gSPI_1_config)
                  000095bc    0000000a     ti_msp_dl_config.o (.rodata.gUART_0Config)
                  000095c6    0000000a     functions.o (.rodata.str1.1518209179495633459.1)
                  000095d0    0000000a     main.o (.rodata.str1.288608917962107522.1)
                  000095da    0000000a     main.o (.rodata.str1.8428454045432808059.1)
                  000095e4    0000000a     functions.o (.rodata.str1.9659379646541333203.1)
                  000095ee    0000000a     functions.o (.rodata.str1.9866892624350641238.1)
                  000095f8    00000009     functions.o (.rodata.str1.11364996628600094536.1)
                  00009601    00000009     functions.o (.rodata.str1.12257129677820421622.1)
                  0000960a    00000009     functions.o (.rodata.str1.13225435875195226696.1)
                  00009613    00000009     main.o (.rodata.str1.14712910685067215323.1)
                  0000961c    00000009     main.o (.rodata.str1.2597068879322958637.1)
                  00009625    00000009     uart.o (.rodata.str1.2747995240747259486.1)
                  0000962e    00000009     main.o (.rodata.str1.39260288392874984.1)
                  00009637    00000009     functions.o (.rodata.str1.5320122413559821118.1)
                  00009640    00000009     functions.o (.rodata.str1.5699953771227312792.1)
                  00009649    00000009     functions.o (.rodata.str1.6743441520423956273.1)
                  00009652    00000002     ti_msp_dl_config.o (.rodata.gI2C_0ClockConfig)
                  00009654    00000008     ti_msp_dl_config.o (.rodata.gCURRENT_CONTROLConfig)
                  0000965c    00000008     ti_msp_dl_config.o (.rodata.gVOLTAGE_CONTROLConfig)
                  00009664    00000008     functions.o (.rodata.str1.11093425900794288272.1)
                  0000966c    00000008     functions.o (.rodata.str1.11517924573668616356.1)
                  00009674    00000008     functions.o (.rodata.str1.12716370140545181522.1)
                  0000967c    00000008     main.o (.rodata.str1.1311392489248731986.1)
                  00009684    00000008     functions.o (.rodata.str1.15667472894159448674.1)
                  0000968c    00000008     functions.o (.rodata.str1.15927518266867229498.1)
                  00009694    00000008     functions.o (.rodata.str1.16929425599360063401.1)
                  0000969c    00000008     functions.o (.rodata.str1.2299744636238869032.1)
                  000096a4    00000008     main.o (.rodata.str1.2846389346932560359.1)
                  000096ac    00000008     functions.o (.rodata.str1.3156050197955811031.1)
                  000096b4    00000008     functions.o (.rodata.str1.6886749528440134913.1)
                  000096bc    00000008     main.o (.rodata.str1.6976963560179378225.1)
                  000096c4    00000007     main.o (.rodata.str1.11121730273200050387.1)
                  000096cb    00000007     functions.o (.rodata.str1.14125585639945481457.1)
                  000096d2    00000007     functions.o (.rodata.str1.17588442350683572369.1)
                  000096d9    00000007     functions.o (.rodata.str1.18157200286260056646.1)
                  000096e0    00000007     functions.o (.rodata.str1.2606492479815574346.1)
                  000096e7    00000007     functions.o (.rodata.str1.3123360382440319361.1)
                  000096ee    00000007     functions.o (.rodata.str1.5352344875588335774.1)
                  000096f5    00000006     functions.o (.rodata.str1.11538060877586311343.1)
                  000096fb    00000006     functions.o (.rodata.str1.16699442666505370998.1)
                  00009701    00000006     functions.o (.rodata.str1.17144429639171527548.1)
                  00009707    00000006     main.o (.rodata.str1.17770841602246103764.1)
                  0000970d    00000006     functions.o (.rodata.str1.389011575781332116.1)
                  00009713    00000006     functions.o (.rodata.str1.4959705119256106851.1)
                  00009719    00000006     main.o (.rodata.str1.8108965883388295311.1)
                  0000971f    00000006     functions.o (.rodata.str1.8975528390176846916.1)
                  00009725    00000005     functions.o (.rodata.str1.11900037607746946141.1)
                  0000972a    00000005     functions.o (.rodata.str1.13183419841694627606.1)
                  0000972f    00000005     functions.o (.rodata.str1.14496393926573069083.1)
                  00009734    00000005     main.o (.rodata.str1.15159059442110792349.1)
                  00009739    00000005     functions.o (.rodata.str1.16757203657686794125.1)
                  0000973e    00000005     functions.o (.rodata.str1.2957129483359387701.1)
                  00009743    00000005     functions.o (.rodata.str1.3066531604708884151.1)
                  00009748    00000005     functions.o (.rodata.str1.3172367308849033862.1)
                  0000974d    00000005     functions.o (.rodata.str1.4214633535407782609.1)
                  00009752    00000005     functions.o (.rodata.str1.502354497711140047.1)
                  00009757    00000005     main.o (.rodata.str1.7702501944640899365.1)
                  0000975c    00000005     main.o (.rodata.str1.8076846746581808073.1)
                  00009761    00000005     main.o (.rodata.str1.8096991282711418442.1)
                  00009766    00000005     functions.o (.rodata.str1.8113497073403762318.1)
                  0000976b    00000004     functions.o (.rodata.str1.11296493460036947760.1)
                  0000976f    00000004     functions.o (.rodata.str1.12871985577256932554.1)
                  00009773    00000004     main.o (.rodata.str1.17100691992556644108.1)
                  00009777    00000004     functions.o (.rodata.str1.17524032667240931881.1)
                  0000977b    00000004     main.o (.rodata.str1.18092426736022315238.1)
                  0000977f    00000004     main.o (.rodata.str1.2123964117280943167.1)
                  00009783    00000004     main.o (.rodata.str1.2763581881760962609.1)
                  00009787    00000004     functions.o (.rodata.str1.3121139948745544124.1)
                  0000978b    00000004     functions.o (.rodata.str1.4561657886204501224.1)
                  0000978f    00000004     functions.o (.rodata.str1.4930741957133989383.1)
                  00009793    00000004     functions.o (.rodata.str1.62749256631814321.1)
                  00009797    00000004     main.o (.rodata.str1.6891813955777630061.1)
                  0000979b    00000004     functions.o (.rodata.str1.9119127971185803168.1)
                  0000979f    00000003     ti_msp_dl_config.o (.rodata.gVOLTAGE_CONTROLClockConfig)
                  000097a2    00000003     uart.o (.rodata.str1.12819099410943012003.1)
                  000097a5    00000003     functions.o (.rodata.str1.13554695696533425351.1)
                  000097a8    00000003     functions.o (.rodata.str1.1434866316927325970.1)
                  000097ab    00000003     main.o (.rodata.str1.15996357275703397564.1)
                  000097ae    00000003     functions.o (.rodata.str1.7108839738911806945.1)
                  000097b1    00000002     ti_msp_dl_config.o (.rodata.gI2C_1ClockConfig)
                  000097b3    00000002     ti_msp_dl_config.o (.rodata.gMCU_UART_1ClockConfig)
                  000097b5    00000002     ti_msp_dl_config.o (.rodata.gSPI_0_clockConfig)
                  000097b7    00000002     ti_msp_dl_config.o (.rodata.gSPI_1_clockConfig)
                  000097b9    00000002     ti_msp_dl_config.o (.rodata.gUART_0ClockConfig)
                  000097bb    00000002     uart.o (.rodata.str1.3510367808670815947.1)
                  000097bd    00000002     functions.o (.rodata.str1.5994875290679588583.1)
                  000097bf    00000001     --HOLE-- [fill = 0]

.init_array 
*          0    00000000    00000000     UNINITIALIZED

.binit     0    00000000    00000000     

.bss       0    20200000    00000405     UNINITIALIZED
                  20200000    000000bc     (.common:gCURRENT_CONTROLBackup)
                  202000bc    000000bc     (.common:gVOLTAGE_CONTROLBackup)
                  20200178    000000b4     uart.o (.bss.commandList)
                  2020022c    000000a0     (.common:gTIMER_0Backup)
                  202002cc    00000040     (.common:UART_Buffer)
                  2020030c    00000028     (.common:gSPI_0Backup)
                  20200334    00000028     (.common:gSPI_1Backup)
                  2020035c    00000022     (.common:gRxPacket)
                  2020037e    00000022     (.common:gTxPacket)
                  202003a0    00000020     (.common:framSpi)
                  202003c0    0000001c     (.common:stm32Spi)
                  202003dc    00000010     (.common:gSPI_RxPacket)
                  202003ec    00000008     (.common:fram)
                  202003f4    00000004     (.common:gRxCount)
                  202003f8    00000004     (.common:gRxLen)
                  202003fc    00000004     (.common:gTxCount)
                  20200400    00000004     (.common:gTxLen)
                  20200404    00000001     (.common:gI2cControllerStatus)

.data      0    20200408    0000017a     UNINITIALIZED
                  20200408    000000c6     BoardAPI.o (.data.output_currents_led_mA)
                  202004ce    00000063     BoardAPI.o (.data.duty_cycles_led)
                  20200531    00000010     spi_master.o (.data.gSPI_TxPacket)
                  20200541    00000001     main.o (.data.bq_monitor_active)
                  20200542    00000002     BQ25628_functions.o (.data.g_ibat_mA)
                  20200544    00000004     libc.a : aeabi_portable.c.obj (.data.__aeabi_errno)
                  20200548    00000004     uart.o (.data.commandCount)
                  2020054c    00000004     libc.a : strtok.c.obj (.data.last_end)
                  20200550    00000004     BoardAPI.o (.data.led_channel)
                  20200554    00000004     main.o (.data.monitor_rate)
                  20200558    00000002     BQ25628_functions.o (.data.g_ibus_mA)
                  2020055a    00000002     BQ27Z7_functions.o (.data.g_telem.0)
                  2020055c    00000002     BQ27Z7_functions.o (.data.g_telem.10)
                  2020055e    00000002     BQ27Z7_functions.o (.data.g_telem.11)
                  20200560    00000002     BQ27Z7_functions.o (.data.g_telem.12)
                  20200562    00000002     BQ27Z7_functions.o (.data.g_telem.13)
                  20200564    00000002     BQ27Z7_functions.o (.data.g_telem.1)
                  20200566    00000002     BQ27Z7_functions.o (.data.g_telem.2)
                  20200568    00000002     BQ27Z7_functions.o (.data.g_telem.4)
                  2020056a    00000002     BQ27Z7_functions.o (.data.g_telem.5)
                  2020056c    00000002     BQ27Z7_functions.o (.data.g_telem.7)
                  2020056e    00000002     BQ27Z7_functions.o (.data.g_telem.8)
                  20200570    00000002     BQ27Z7_functions.o (.data.g_telem.9)
                  20200572    00000002     BQ25628_functions.o (.data.g_vbat_mV)
                  20200574    00000002     BQ25628_functions.o (.data.g_vbus_mV)
                  20200576    00000002     BQ25628_functions.o (.data.g_vsys_mV)
                  20200578    00000002     BoardAPI.o (.data.global_led_voltage)
                  2020057a    00000001     uart.o (.data.char_index)
                  2020057b    00000001     uart.o (.data.data_received)
                  2020057c    00000001     gauge.o (.data.g_gaugeAddr)
                  2020057d    00000001     main.o (.data.gauge_monitor_active)
                  2020057e    00000001     BQ27Z7_functions.o (.data.g_telem.3)
                  2020057f    00000001     main.o (.data.hall_monitor_active)
                  20200580    00000001     BQ27Z7_functions.o (.data.g_telem.6)
                  20200581    00000001     main.o (.data.pir_monitor_active)

.stack     0    20207e00    00000200     UNINITIALIZED
                  20207e00    00000004     libc.a : boot_cortex_m.c.obj (.stack)
                  20207e04    000001fc     --HOLE--

__llvm_prf_cnts 
*          0    20200000    00000000     UNINITIALIZED

__llvm_prf_bits 
*          0    20200000    00000000     UNINITIALIZED

MODULE SUMMARY

       Module                         code    ro data   rw data
       ------                         ----    -------   -------
    .\
       functions.o                    6552    7915      8      
       main.o                         1184    1300      8      
       ti_msp_dl_config.o             1624    193       616    
       BoardAPI.o                     408     0         303    
       startup_mspm0g350x_ticlang.o   6       192       0      
    +--+------------------------------+-------+---------+---------+
       Total:                         9774    9600      935    
                                                               
    .\HAL\
       uart.o                         1484    92        250    
       i2c.o                          1516    0         85     
       spi_mem.o                      528     0         32     
       spi_master.o                   180     0         60     
    +--+------------------------------+-------+---------+---------+
       Total:                         3708    92        427    
                                                               
    .\ics\BQ25628\
       BQ25628_functions.o            740     0         10     
    +--+------------------------------+-------+---------+---------+
       Total:                         740     0         10     
                                                               
    .\ics\BQ27Z7\
       BQ27Z7_functions.o             3436    0         26     
       gauge.o                        176     0         1      
    +--+------------------------------+-------+---------+---------+
       Total:                         3612    0         27     
                                                               
    .\ics\MB85RS\
       mb85rs.o                       758     0         0      
    +--+------------------------------+-------+---------+---------+
       Total:                         758     0         0      
                                                               
    C:/ti/mspm0_sdk_2_09_00_01/source/ti/driverlib/lib/ticlang/m0p/mspm0g1x0x_g3x0x/driverlib.a
       dl_timer.o                     608     0         0      
       dl_i2c.o                       240     0         0      
       dl_uart.o                      138     0         0      
       dl_spi.o                       86      0         0      
       dl_dma.o                       76      0         0      
       dl_common.o                    10      0         0      
    +--+------------------------------+-------+---------+---------+
       Total:                         1158    0         0      
                                                               
    C:\ti\ccs2031\ccs\tools\compiler\ti-cgt-armllvm_4.0.4.LTS\lib\armv6m-ti-none-eabi/c/libc.a
       _printfi.c.obj                 4510    34        0      
       strtol.c.obj                   324     0         0      
       aeabi_ctype.S.obj              0       257       0      
       s_scalbn.c.obj                 216     0         0      
       memcpy16.S.obj                 154     0         0      
       s_floorf.c.obj                 140     0         0      
       strcmp-armv6m.S.obj            136     0         0      
       vsnprintf.c.obj                136     0         0      
       copy_decompress_lzss.c.obj     124     0         0      
       s_roundf.c.obj                 114     0         0      
       memset16.S.obj                 98      0         0      
       s_frexp.c.obj                  92      0         0      
       _ltoa.c.obj                    88      0         0      
       strtok.c.obj                   72      0         4      
       atoi.c.obj                     64      0         0      
       autoinit.c.obj                 60      0         0      
       boot_cortex_m.c.obj            40      0         0      
       strspn.c.obj                   38      0         0      
       strcspn.c.obj                  36      0         0      
       memccpy.c.obj                  34      0         0      
       copy_decompress_none.c.obj     18      0         0      
       copy_zero_init.c.obj           16      0         0      
       wcslen.c.obj                   16      0         0      
       aeabi_portable.c.obj           8       0         4      
       exit.c.obj                     6       0         0      
       pre_init.c.obj                 4       0         0      
    +--+------------------------------+-------+---------+---------+
       Total:                         6544    291       8      
                                                               
    C:\ti\ccs2031\ccs\tools\compiler\ti-cgt-armllvm_4.0.4.LTS\lib\armv6m-ti-none-eabi/c/libsysbm.a
       hostexit.c.obj                 4       0         0      
    +--+------------------------------+-------+---------+---------+
       Total:                         4       0         0      
                                                               
    C:\ti\ccs2031\ccs\tools\compiler\ti-cgt-armllvm_4.0.4.LTS\lib\armv6m-ti-none-eabi/libclang_rt.builtins.a
       adddf3.S.obj                   418     0         0      
       divdf3.S.obj                   268     0         0      
       addsf3.S.obj                   232     0         0      
       muldf3.S.obj                   228     0         0      
       comparedf2.c.obj               220     0         0      
       udivmoddi4.S.obj               162     0         0      
       mulsf3.S.obj                   140     0         0      
       comparesf2.S.obj               118     0         0      
       aeabi_dcmp.S.obj               98      0         0      
       aeabi_fcmp.S.obj               98      0         0      
       aeabi_idivmod.S.obj            86      0         0      
       fixdfsi.S.obj                  74      0         0      
       aeabi_uidivmod.S.obj           64      0         0      
       muldsi3.S.obj                  58      0         0      
       fixsfsi.S.obj                  56      0         0      
       floatsidf.S.obj                44      0         0      
       floatunsisf.S.obj              40      0         0      
       muldi3.S.obj                   36      0         0      
       ashldi3.S.obj                  30      0         0      
       aeabi_memset.S.obj             26      0         0      
       aeabi_uldivmod.S.obj           20      0         0      
       aeabi_memcpy.S.obj             8       0         0      
       aeabi_div0.c.obj               4       0         0      
    +--+------------------------------+-------+---------+---------+
       Total:                         2528    0         0      
                                                               
       Stack:                         0       0         512    
       Linker Generated:              0       393       0      
    +--+------------------------------+-------+---------+---------+
       Grand Total:                   28826   10376     1919   


LINKER GENERATED COPY TABLES

__TI_cinit_table @ 0000993c records: 2, size/record: 8, table size: 16
	.data: load addr=000097c0, load size=00000165 bytes, run addr=20200408, run size=0000017a bytes, compression=lzss
	.bss: load addr=00009934, load size=00000008 bytes, run addr=20200000, run size=00000405 bytes, compression=zero_init


LINKER GENERATED HANDLER TABLE

__TI_handler_table @ 00009928 records: 3, size/record: 4, table size: 12
	index: 0, handler: __TI_decompress_lzss
	index: 1, handler: __TI_decompress_none
	index: 2, handler: __TI_zero_init


FAR CALL TRAMPOLINES

callee name               trampoline name
   callee addr  tramp addr   call addr  call info
--------------  -----------  ---------  ----------------
__aeabi_dsub              $Tramp$TT$L$PI$$__aeabi_dsub
   00002c1d     0000711c     0000711a   libc.a : _printfi.c.obj (.text.OUTLINED_FUNCTION_0)
__aeabi_fadd              $Tramp$TT$L$PI$$__aeabi_fadd
   00004d7f     00007138     00007134   libc.a : s_roundf.c.obj (.text.OUTLINED_FUNCTION_0)

[2 trampolines]
[2 trampoline calls]


GLOBAL SYMBOLS: SORTED ALPHABETICALLY BY Name 

address   name                            
-------   ----                            
00002daf  ADC0_IRQHandler                 
00002daf  ADC1_IRQHandler                 
00002daf  AES_IRQHandler                  
00006f71  BQ25628E_Get_IBAT_mA            
00006f7d  BQ25628E_Get_IBUS_mA            
00006f89  BQ25628E_Get_VBAT_mV            
00006f95  BQ25628E_Get_VBUS_mV            
00006fa1  BQ25628E_Get_VSYS_mV            
00003549  BQ25628E_Init_Default           
00006b59  BQ25628E_ReadReg16              
00006b7d  BQ25628E_ReadReg8               
000040e5  BQ25628E_UpdateTelemetry        
00006ba1  BQ25628E_WriteReg16             
00006c55  BQ25628E_WriteReg8              
000044c5  BQ27Z746_GetChargingStatus      
00004857  BQ27Z746_GetChemID              
00004779  BQ27Z746_GetDeviceType          
0000638f  BQ27Z746_GetFETOptions          
00004aeb  BQ27Z746_GetFirmwareVersion     
00004933  BQ27Z746_GetOperationStatus     
00004a0f  BQ27Z746_GetSafetyStatus        
00003ee5  BQ27Z746_GetSecurityMode        
000062f9  BQ27Z746_GetTempConfig          
00006fad  BQ27Z746_Get_AvgCurrent_mA      
00006fb9  BQ27Z746_Get_AvgPower_mW        
00006fc5  BQ27Z746_Get_BatteryStatus      
00006fd1  BQ27Z746_Get_Current_mA         
00006fdd  BQ27Z746_Get_CycleCount         
00006fe9  BQ27Z746_Get_FullChargeCap_mAh  
00006ff5  BQ27Z746_Get_InternalTemp_C     
00007001  BQ27Z746_Get_RemainingCap_mAh   
0000700d  BQ27Z746_Get_SOC_pct            
00007019  BQ27Z746_Get_StateOfHealth_pct  
00007025  BQ27Z746_Get_Temperature_C      
00007031  BQ27Z746_Get_TimeToEmpty_min    
0000703d  BQ27Z746_Get_TimeToFull_min     
00007049  BQ27Z746_Get_Voltage_mV         
000069e1  BQ27Z746_Init                   
00006e85  BQ27Z746_IsDischarging          
00006e95  BQ27Z746_IsFullyCharged         
00006ea5  BQ27Z746_IsFullyDischarged      
00004bc3  BQ27Z746_MAC_Read               
00006cd5  BQ27Z746_MAC_Send               
00007055  BQ27Z746_ReadAvgCurrent_mA      
00007061  BQ27Z746_ReadAvgPower_mW        
0000706d  BQ27Z746_ReadBatteryStatus      
00007079  BQ27Z746_ReadCurrent_mA         
00007085  BQ27Z746_ReadCycleCount         
00007091  BQ27Z746_ReadFullChargeCap_mAh  
00006c75  BQ27Z746_ReadInternalTemp_C     
0000709d  BQ27Z746_ReadRemainingCap_mAh   
000070a9  BQ27Z746_ReadSOC_pct            
000070b5  BQ27Z746_ReadStateOfHealth_pct  
00006c95  BQ27Z746_ReadTemperature_C      
000070c1  BQ27Z746_ReadTimeToEmpty_min    
000070cd  BQ27Z746_ReadTimeToFull_min     
000070d9  BQ27Z746_ReadVoltage_mV         
000064b1  BQ27Z746_Seal                   
000039b9  BQ27Z746_SetTempSensorConfig    
000038a9  BQ27Z746_SetUTFET_Direct        
000056f5  BQ27Z746_Unseal                 
00003fe5  BQ27Z746_UpdateTelemetry        
0000716a  C$$EXIT                         
00002daf  CANFD0_IRQHandler               
00001f35  CLI_ProcessInput                
00006639  CLI_RegisterCommand             
000058cd  CLI_Tokenize                    
00002daf  DAC0_IRQHandler                 
00007109  DL_Common_delayCycles           
000062ad  DL_DMA_initChannel              
00005f89  DL_I2C_fillControllerTXFIFO     
000068f1  DL_I2C_flushControllerRXFIFO    
00006675  DL_I2C_flushControllerTXFIFO    
00006b0d  DL_I2C_setClockConfig           
000064f5  DL_SPI_init                     
00006e4d  DL_SPI_setClockConfig           
00003cdd  DL_Timer_initFourCCPWMMode      
000041e1  DL_Timer_initTimerMode          
00006d15  DL_Timer_setCaptCompUpdateMethod
00006d69  DL_Timer_setCaptureCompareOutCtl
00006eb5  DL_Timer_setCaptureCompareValue 
00006d31  DL_Timer_setClockConfig         
000063d9  DL_UART_init                    
00006e5f  DL_UART_setClockConfig          
00006921  DL_UART_transmitDataBlocking    
00002daf  DMA_IRQHandler                  
00002daf  Default_Handler                 
00002daf  GROUP0_IRQHandler               
00002daf  GROUP1_IRQHandler               
0000716b  HOSTexit                        
00002daf  HardFault_Handler               
00006ec5  I2C0_IRQHandler                 
00006ed5  I2C1_IRQHandler                 
00002889  I2C_ReadDevice                  
000045b1  I2C_TryAddress                  
00003de1  I2C_TryAddress10                
000032d9  I2C_WriteDevice                 
00006421  LED_control_init                
00006ee5  LED_get_current                 
000070e5  LED_get_voltage                 
00004f1d  LED_set_current                 
000060fd  LED_set_voltage                 
00006a0d  MB85RS_Init                     
00005095  MB85RS_Read                     
000055f9  MB85RS_ReadID                   
000060a1  MB85RS_ReadStatus               
00003411  MB85RS_Write                    
00002daf  NMI_Handler                     
00002daf  PendSV_Handler                  
00002daf  RTC_IRQHandler                  
0000716f  Reset_Handler                   
00006a39  SPI0_IRQHandler                 
000068bd  SPI1_IRQHandler                 
00005fe9  SPI_Controller_Arm              
00006bc5  SPI_Controller_Init             
000053c9  SPI_Memory_Arm                  
000070f1  SPI_Memory_CS_Assert            
00006ef5  SPI_Memory_CS_Deassert          
00006a65  SPI_Memory_Init                 
00003ac5  SPI_Memory_Wait                 
00002daf  SVC_Handler                     
00005935  SYSCFG_DL_CURRENT_CONTROL_init  
00006d81  SYSCFG_DL_DMA_CH0_init          
00006d99  SYSCFG_DL_DMA_CH1_init          
00006db1  SYSCFG_DL_DMA_CH2_init          
00006dc9  SYSCFG_DL_DMA_CH3_init          
00006e11  SYSCFG_DL_DMA_init              
00003061  SYSCFG_DL_GPIO_init             
0000599d  SYSCFG_DL_I2C_0_init            
00005a05  SYSCFG_DL_I2C_1_init            
00005ec9  SYSCFG_DL_MCU_UART_1_init       
00005c75  SYSCFG_DL_SPI_0_init            
00005f29  SYSCFG_DL_SPI_1_init            
00006539  SYSCFG_DL_SYSCTL_init           
000067dd  SYSCFG_DL_TIMER_0_init          
0000585d  SYSCFG_DL_UART_0_init           
00005a6d  SYSCFG_DL_VOLTAGE_CONTROL_init  
00005ad5  SYSCFG_DL_init                  
00005335  SYSCFG_DL_initPower             
00004fd9  Shared_I2C_IRQHandler           
00002daf  SysTick_Handler                 
00002daf  TIMA0_IRQHandler                
00002daf  TIMA1_IRQHandler                
00002daf  TIMG0_IRQHandler                
00002daf  TIMG12_IRQHandler               
00002daf  TIMG6_IRQHandler                
00002daf  TIMG7_IRQHandler                
00002daf  TIMG8_IRQHandler                
00006de1  UART0_IRQHandler                
00002daf  UART1_IRQHandler                
00002daf  UART2_IRQHandler                
00002daf  UART3_IRQHandler                
0000514d  UARTReceive                     
202002cc  UART_Buffer                     
20208000  __STACK_END                     
00000200  __STACK_SIZE                    
00000000  __TI_ATRegion0_region_sz        
00000000  __TI_ATRegion0_src_addr         
00000000  __TI_ATRegion0_trg_addr         
00000000  __TI_ATRegion1_region_sz        
00000000  __TI_ATRegion1_src_addr         
00000000  __TI_ATRegion1_trg_addr         
00000000  __TI_ATRegion2_region_sz        
00000000  __TI_ATRegion2_src_addr         
00000000  __TI_ATRegion2_trg_addr         
0000993c  __TI_CINIT_Base                 
0000994c  __TI_CINIT_Limit                
0000994c  __TI_CINIT_Warm                 
00009928  __TI_Handler_Table_Base         
00009934  __TI_Handler_Table_Limit        
00006729  __TI_auto_init_nobinit_nopinit  
00005679  __TI_decompress_lzss            
00006e71  __TI_decompress_none            
00006155  __TI_ltoa                       
ffffffff  __TI_pprof_out_hndl             
000000c1  __TI_printfi                    
ffffffff  __TI_prof_data_size             
ffffffff  __TI_prof_data_start            
00000000  __TI_static_base__              
00006f45  __TI_zero_init                  
00002c27  __adddf3                        
00004d7f  __addsf3                        
000078d0  __aeabi_ctype_table_            
000078d0  __aeabi_ctype_table_C           
00006345  __aeabi_d2iz                    
00002c27  __aeabi_dadd                    
00005da1  __aeabi_dcmpeq                  
00005ddd  __aeabi_dcmpge                  
00005df1  __aeabi_dcmpgt                  
00005dc9  __aeabi_dcmple                  
00005db5  __aeabi_dcmplt                  
00003bd1  __aeabi_ddiv                    
00004695  __aeabi_dmul                    
00002c1d  __aeabi_dsub                    
20200544  __aeabi_errno                   
00007155  __aeabi_errno_addr              
00006815  __aeabi_f2iz                    
00004d7f  __aeabi_fadd                    
00005e05  __aeabi_fcmpeq                  
00005e41  __aeabi_fcmpge                  
00005e55  __aeabi_fcmpgt                  
00005e2d  __aeabi_fcmple                  
00005e19  __aeabi_fcmplt                  
00005459  __aeabi_fmul                    
00004d75  __aeabi_fsub                    
00006a91  __aeabi_i2d                     
00006205  __aeabi_idiv                    
00004c9b  __aeabi_idiv0                   
00006205  __aeabi_idivmod                 
0000576f  __aeabi_ldiv0                   
00006cf5  __aeabi_llsl                    
00006be9  __aeabi_lmul                    
000070fd  __aeabi_memclr                  
000070fd  __aeabi_memclr4                 
000070fd  __aeabi_memclr8                 
0000715d  __aeabi_memcpy                  
0000715d  __aeabi_memcpy4                 
0000715d  __aeabi_memcpy8                 
00006f55  __aeabi_memset                  
00006f55  __aeabi_memset4                 
00006f55  __aeabi_memset8                 
00006abd  __aeabi_ui2f                    
00006579  __aeabi_uidiv                   
00006579  __aeabi_uidivmod                
00006e25  __aeabi_uldivmod                
00006cf5  __ashldi3                       
ffffffff  __binit__                       
00005b3d  __cmpdf2                        
00006765  __cmpsf2                        
00003bd1  __divdf3                        
00005b3d  __eqdf2                         
00006765  __eqsf2                         
00006345  __fixdfsi                       
00006815  __fixsfsi                       
00006a91  __floatsidf                     
00006abd  __floatunsisf                   
000057e9  __gedf2                         
000066b1  __gesf2                         
000057e9  __gtdf2                         
000066b1  __gtsf2                         
00005b3d  __ledf2                         
00006765  __lesf2                         
00005b3d  __ltdf2                         
00006765  __ltsf2                         
UNDEFED   __mpu_init                      
00004695  __muldf3                        
00006be9  __muldi3                        
000067a1  __muldsi3                       
00005459  __mulsf3                        
00005b3d  __nedf2                         
00006765  __nesf2                         
20207e00  __stack                         
20200000  __start___llvm_prf_bits         
20200000  __start___llvm_prf_cnts         
20200000  __stop___llvm_prf_bits          
20200000  __stop___llvm_prf_cnts          
00002c1d  __subdf3                        
00004d75  __subsf3                        
000051f9  __udivmoddi4                    
00006ae5  _c_int00_noargs                 
UNDEFED   _system_post_cinit              
00007173  _system_pre_init                
00007165  abort                           
000065b9  atoi                            
ffffffff  binit                           
20200541  bq_monitor_active               
2020057a  char_index                      
000017bd  cmd_bq                          
0000123d  cmd_fram                        
00000a91  cmd_gauge                       
00004e4d  cmd_hall                        
00005cd9  cmd_help                        
00002a5d  cmd_i2cscan                     
00002499  cmd_i2cscan10                   
00003789  cmd_leds                        
00005d3d  cmd_pir                         
000043d5  cmd_pwr                         
00002db1  cmd_spi                         
2020057b  data_received                   
00006f05  disable_led_boost               
202004ce  duty_cycles_led                 
00006f15  enable_led_boost                
000054e5  floorf                          
202003ec  fram                            
202003a0  framSpi                         
00006045  frexp                           
00006045  frexpl                          
20200000  gCURRENT_CONTROLBackup          
20200404  gI2cControllerStatus            
202003f4  gRxCount                        
202003f8  gRxLen                          
2020035c  gRxPacket                       
2020030c  gSPI_0Backup                    
20200334  gSPI_1Backup                    
202003dc  gSPI_RxPacket                   
20200531  gSPI_TxPacket                   
2020022c  gTIMER_0Backup                  
202003fc  gTxCount                        
20200400  gTxLen                          
2020037e  gTxPacket                       
202000bc  gVOLTAGE_CONTROLBackup          
00006f25  gauge_address                   
000069b1  gauge_cmd_read                  
2020057d  gauge_monitor_active            
0000684d  gauge_read                      
00006885  gauge_write                     
000066ed  get_UART_buffer                 
20200578  global_led_voltage              
2020057f  hall_monitor_active             
00006d4d  i2c_init                        
00000000  interruptVectors                
00004c9d  ldexp                           
00004c9d  ldexpl                          
20200550  led_channel                     
00001ba5  main                            
00006c31  memccpy                         
0000529b  memcpy                          
00005e67  memset                          
20200554  monitor_rate                    
20200408  output_currents_led_mA          
20200581  pir_monitor_active              
00005ba5  roundf                          
00004c9d  scalbn                          
00004c9d  scalbnl                         
000042dd  setupCLI                        
202003c0  stm32Spi                        
00005571  strcmp                          
00006c0d  strcspn                         
00006b33  strspn                          
00006469  strtok                          
00002f1d  strtol                          
00006cb5  uart_init                       
00005771  uart_printf                     
000065f9  vsnprintf                       
00006f35  wcslen                          


GLOBAL SYMBOLS: SORTED BY Symbol Address 

address   name                            
-------   ----                            
00000000  __TI_ATRegion0_region_sz        
00000000  __TI_ATRegion0_src_addr         
00000000  __TI_ATRegion0_trg_addr         
00000000  __TI_ATRegion1_region_sz        
00000000  __TI_ATRegion1_src_addr         
00000000  __TI_ATRegion1_trg_addr         
00000000  __TI_ATRegion2_region_sz        
00000000  __TI_ATRegion2_src_addr         
00000000  __TI_ATRegion2_trg_addr         
00000000  __TI_static_base__              
00000000  interruptVectors                
000000c1  __TI_printfi                    
00000200  __STACK_SIZE                    
00000a91  cmd_gauge                       
0000123d  cmd_fram                        
000017bd  cmd_bq                          
00001ba5  main                            
00001f35  CLI_ProcessInput                
00002499  cmd_i2cscan10                   
00002889  I2C_ReadDevice                  
00002a5d  cmd_i2cscan                     
00002c1d  __aeabi_dsub                    
00002c1d  __subdf3                        
00002c27  __adddf3                        
00002c27  __aeabi_dadd                    
00002daf  ADC0_IRQHandler                 
00002daf  ADC1_IRQHandler                 
00002daf  AES_IRQHandler                  
00002daf  CANFD0_IRQHandler               
00002daf  DAC0_IRQHandler                 
00002daf  DMA_IRQHandler                  
00002daf  Default_Handler                 
00002daf  GROUP0_IRQHandler               
00002daf  GROUP1_IRQHandler               
00002daf  HardFault_Handler               
00002daf  NMI_Handler                     
00002daf  PendSV_Handler                  
00002daf  RTC_IRQHandler                  
00002daf  SVC_Handler                     
00002daf  SysTick_Handler                 
00002daf  TIMA0_IRQHandler                
00002daf  TIMA1_IRQHandler                
00002daf  TIMG0_IRQHandler                
00002daf  TIMG12_IRQHandler               
00002daf  TIMG6_IRQHandler                
00002daf  TIMG7_IRQHandler                
00002daf  TIMG8_IRQHandler                
00002daf  UART1_IRQHandler                
00002daf  UART2_IRQHandler                
00002daf  UART3_IRQHandler                
00002db1  cmd_spi                         
00002f1d  strtol                          
00003061  SYSCFG_DL_GPIO_init             
000032d9  I2C_WriteDevice                 
00003411  MB85RS_Write                    
00003549  BQ25628E_Init_Default           
00003789  cmd_leds                        
000038a9  BQ27Z746_SetUTFET_Direct        
000039b9  BQ27Z746_SetTempSensorConfig    
00003ac5  SPI_Memory_Wait                 
00003bd1  __aeabi_ddiv                    
00003bd1  __divdf3                        
00003cdd  DL_Timer_initFourCCPWMMode      
00003de1  I2C_TryAddress10                
00003ee5  BQ27Z746_GetSecurityMode        
00003fe5  BQ27Z746_UpdateTelemetry        
000040e5  BQ25628E_UpdateTelemetry        
000041e1  DL_Timer_initTimerMode          
000042dd  setupCLI                        
000043d5  cmd_pwr                         
000044c5  BQ27Z746_GetChargingStatus      
000045b1  I2C_TryAddress                  
00004695  __aeabi_dmul                    
00004695  __muldf3                        
00004779  BQ27Z746_GetDeviceType          
00004857  BQ27Z746_GetChemID              
00004933  BQ27Z746_GetOperationStatus     
00004a0f  BQ27Z746_GetSafetyStatus        
00004aeb  BQ27Z746_GetFirmwareVersion     
00004bc3  BQ27Z746_MAC_Read               
00004c9b  __aeabi_idiv0                   
00004c9d  ldexp                           
00004c9d  ldexpl                          
00004c9d  scalbn                          
00004c9d  scalbnl                         
00004d75  __aeabi_fsub                    
00004d75  __subsf3                        
00004d7f  __addsf3                        
00004d7f  __aeabi_fadd                    
00004e4d  cmd_hall                        
00004f1d  LED_set_current                 
00004fd9  Shared_I2C_IRQHandler           
00005095  MB85RS_Read                     
0000514d  UARTReceive                     
000051f9  __udivmoddi4                    
0000529b  memcpy                          
00005335  SYSCFG_DL_initPower             
000053c9  SPI_Memory_Arm                  
00005459  __aeabi_fmul                    
00005459  __mulsf3                        
000054e5  floorf                          
00005571  strcmp                          
000055f9  MB85RS_ReadID                   
00005679  __TI_decompress_lzss            
000056f5  BQ27Z746_Unseal                 
0000576f  __aeabi_ldiv0                   
00005771  uart_printf                     
000057e9  __gedf2                         
000057e9  __gtdf2                         
0000585d  SYSCFG_DL_UART_0_init           
000058cd  CLI_Tokenize                    
00005935  SYSCFG_DL_CURRENT_CONTROL_init  
0000599d  SYSCFG_DL_I2C_0_init            
00005a05  SYSCFG_DL_I2C_1_init            
00005a6d  SYSCFG_DL_VOLTAGE_CONTROL_init  
00005ad5  SYSCFG_DL_init                  
00005b3d  __cmpdf2                        
00005b3d  __eqdf2                         
00005b3d  __ledf2                         
00005b3d  __ltdf2                         
00005b3d  __nedf2                         
00005ba5  roundf                          
00005c75  SYSCFG_DL_SPI_0_init            
00005cd9  cmd_help                        
00005d3d  cmd_pir                         
00005da1  __aeabi_dcmpeq                  
00005db5  __aeabi_dcmplt                  
00005dc9  __aeabi_dcmple                  
00005ddd  __aeabi_dcmpge                  
00005df1  __aeabi_dcmpgt                  
00005e05  __aeabi_fcmpeq                  
00005e19  __aeabi_fcmplt                  
00005e2d  __aeabi_fcmple                  
00005e41  __aeabi_fcmpge                  
00005e55  __aeabi_fcmpgt                  
00005e67  memset                          
00005ec9  SYSCFG_DL_MCU_UART_1_init       
00005f29  SYSCFG_DL_SPI_1_init            
00005f89  DL_I2C_fillControllerTXFIFO     
00005fe9  SPI_Controller_Arm              
00006045  frexp                           
00006045  frexpl                          
000060a1  MB85RS_ReadStatus               
000060fd  LED_set_voltage                 
00006155  __TI_ltoa                       
00006205  __aeabi_idiv                    
00006205  __aeabi_idivmod                 
000062ad  DL_DMA_initChannel              
000062f9  BQ27Z746_GetTempConfig          
00006345  __aeabi_d2iz                    
00006345  __fixdfsi                       
0000638f  BQ27Z746_GetFETOptions          
000063d9  DL_UART_init                    
00006421  LED_control_init                
00006469  strtok                          
000064b1  BQ27Z746_Seal                   
000064f5  DL_SPI_init                     
00006539  SYSCFG_DL_SYSCTL_init           
00006579  __aeabi_uidiv                   
00006579  __aeabi_uidivmod                
000065b9  atoi                            
000065f9  vsnprintf                       
00006639  CLI_RegisterCommand             
00006675  DL_I2C_flushControllerTXFIFO    
000066b1  __gesf2                         
000066b1  __gtsf2                         
000066ed  get_UART_buffer                 
00006729  __TI_auto_init_nobinit_nopinit  
00006765  __cmpsf2                        
00006765  __eqsf2                         
00006765  __lesf2                         
00006765  __ltsf2                         
00006765  __nesf2                         
000067a1  __muldsi3                       
000067dd  SYSCFG_DL_TIMER_0_init          
00006815  __aeabi_f2iz                    
00006815  __fixsfsi                       
0000684d  gauge_read                      
00006885  gauge_write                     
000068bd  SPI1_IRQHandler                 
000068f1  DL_I2C_flushControllerRXFIFO    
00006921  DL_UART_transmitDataBlocking    
000069b1  gauge_cmd_read                  
000069e1  BQ27Z746_Init                   
00006a0d  MB85RS_Init                     
00006a39  SPI0_IRQHandler                 
00006a65  SPI_Memory_Init                 
00006a91  __aeabi_i2d                     
00006a91  __floatsidf                     
00006abd  __aeabi_ui2f                    
00006abd  __floatunsisf                   
00006ae5  _c_int00_noargs                 
00006b0d  DL_I2C_setClockConfig           
00006b33  strspn                          
00006b59  BQ25628E_ReadReg16              
00006b7d  BQ25628E_ReadReg8               
00006ba1  BQ25628E_WriteReg16             
00006bc5  SPI_Controller_Init             
00006be9  __aeabi_lmul                    
00006be9  __muldi3                        
00006c0d  strcspn                         
00006c31  memccpy                         
00006c55  BQ25628E_WriteReg8              
00006c75  BQ27Z746_ReadInternalTemp_C     
00006c95  BQ27Z746_ReadTemperature_C      
00006cb5  uart_init                       
00006cd5  BQ27Z746_MAC_Send               
00006cf5  __aeabi_llsl                    
00006cf5  __ashldi3                       
00006d15  DL_Timer_setCaptCompUpdateMethod
00006d31  DL_Timer_setClockConfig         
00006d4d  i2c_init                        
00006d69  DL_Timer_setCaptureCompareOutCtl
00006d81  SYSCFG_DL_DMA_CH0_init          
00006d99  SYSCFG_DL_DMA_CH1_init          
00006db1  SYSCFG_DL_DMA_CH2_init          
00006dc9  SYSCFG_DL_DMA_CH3_init          
00006de1  UART0_IRQHandler                
00006e11  SYSCFG_DL_DMA_init              
00006e25  __aeabi_uldivmod                
00006e4d  DL_SPI_setClockConfig           
00006e5f  DL_UART_setClockConfig          
00006e71  __TI_decompress_none            
00006e85  BQ27Z746_IsDischarging          
00006e95  BQ27Z746_IsFullyCharged         
00006ea5  BQ27Z746_IsFullyDischarged      
00006eb5  DL_Timer_setCaptureCompareValue 
00006ec5  I2C0_IRQHandler                 
00006ed5  I2C1_IRQHandler                 
00006ee5  LED_get_current                 
00006ef5  SPI_Memory_CS_Deassert          
00006f05  disable_led_boost               
00006f15  enable_led_boost                
00006f25  gauge_address                   
00006f35  wcslen                          
00006f45  __TI_zero_init                  
00006f55  __aeabi_memset                  
00006f55  __aeabi_memset4                 
00006f55  __aeabi_memset8                 
00006f71  BQ25628E_Get_IBAT_mA            
00006f7d  BQ25628E_Get_IBUS_mA            
00006f89  BQ25628E_Get_VBAT_mV            
00006f95  BQ25628E_Get_VBUS_mV            
00006fa1  BQ25628E_Get_VSYS_mV            
00006fad  BQ27Z746_Get_AvgCurrent_mA      
00006fb9  BQ27Z746_Get_AvgPower_mW        
00006fc5  BQ27Z746_Get_BatteryStatus      
00006fd1  BQ27Z746_Get_Current_mA         
00006fdd  BQ27Z746_Get_CycleCount         
00006fe9  BQ27Z746_Get_FullChargeCap_mAh  
00006ff5  BQ27Z746_Get_InternalTemp_C     
00007001  BQ27Z746_Get_RemainingCap_mAh   
0000700d  BQ27Z746_Get_SOC_pct            
00007019  BQ27Z746_Get_StateOfHealth_pct  
00007025  BQ27Z746_Get_Temperature_C      
00007031  BQ27Z746_Get_TimeToEmpty_min    
0000703d  BQ27Z746_Get_TimeToFull_min     
00007049  BQ27Z746_Get_Voltage_mV         
00007055  BQ27Z746_ReadAvgCurrent_mA      
00007061  BQ27Z746_ReadAvgPower_mW        
0000706d  BQ27Z746_ReadBatteryStatus      
00007079  BQ27Z746_ReadCurrent_mA         
00007085  BQ27Z746_ReadCycleCount         
00007091  BQ27Z746_ReadFullChargeCap_mAh  
0000709d  BQ27Z746_ReadRemainingCap_mAh   
000070a9  BQ27Z746_ReadSOC_pct            
000070b5  BQ27Z746_ReadStateOfHealth_pct  
000070c1  BQ27Z746_ReadTimeToEmpty_min    
000070cd  BQ27Z746_ReadTimeToFull_min     
000070d9  BQ27Z746_ReadVoltage_mV         
000070e5  LED_get_voltage                 
000070f1  SPI_Memory_CS_Assert            
000070fd  __aeabi_memclr                  
000070fd  __aeabi_memclr4                 
000070fd  __aeabi_memclr8                 
00007109  DL_Common_delayCycles           
00007155  __aeabi_errno_addr              
0000715d  __aeabi_memcpy                  
0000715d  __aeabi_memcpy4                 
0000715d  __aeabi_memcpy8                 
00007165  abort                           
0000716a  C$$EXIT                         
0000716b  HOSTexit                        
0000716f  Reset_Handler                   
00007173  _system_pre_init                
000078d0  __aeabi_ctype_table_            
000078d0  __aeabi_ctype_table_C           
00009928  __TI_Handler_Table_Base         
00009934  __TI_Handler_Table_Limit        
0000993c  __TI_CINIT_Base                 
0000994c  __TI_CINIT_Limit                
0000994c  __TI_CINIT_Warm                 
20200000  __start___llvm_prf_bits         
20200000  __start___llvm_prf_cnts         
20200000  __stop___llvm_prf_bits          
20200000  __stop___llvm_prf_cnts          
20200000  gCURRENT_CONTROLBackup          
202000bc  gVOLTAGE_CONTROLBackup          
2020022c  gTIMER_0Backup                  
202002cc  UART_Buffer                     
2020030c  gSPI_0Backup                    
20200334  gSPI_1Backup                    
2020035c  gRxPacket                       
2020037e  gTxPacket                       
202003a0  framSpi                         
202003c0  stm32Spi                        
202003dc  gSPI_RxPacket                   
202003ec  fram                            
202003f4  gRxCount                        
202003f8  gRxLen                          
202003fc  gTxCount                        
20200400  gTxLen                          
20200404  gI2cControllerStatus            
20200408  output_currents_led_mA          
202004ce  duty_cycles_led                 
20200531  gSPI_TxPacket                   
20200541  bq_monitor_active               
20200544  __aeabi_errno                   
20200550  led_channel                     
20200554  monitor_rate                    
20200578  global_led_voltage              
2020057a  char_index                      
2020057b  data_received                   
2020057d  gauge_monitor_active            
2020057f  hall_monitor_active             
20200581  pir_monitor_active              
20207e00  __stack                         
20208000  __STACK_END                     
ffffffff  __TI_pprof_out_hndl             
ffffffff  __TI_prof_data_size             
ffffffff  __TI_prof_data_start            
ffffffff  __binit__                       
ffffffff  binit                           
UNDEFED   __mpu_init                      
UNDEFED   _system_post_cinit              

[335 symbols]
