******************************************************************************
            TI ARM Clang Linker PC v4.0.4                      
******************************************************************************
>> Linked Fri Mar  6 16:30:08 2026

OUTPUT FILE NAME:   <HW_SW_interface_CCS.out>
ENTRY POINT SYMBOL: "_c_int00_noargs"  address: 00004cf5


MEMORY CONFIGURATION

         name            origin    length      used     unused   attr    fill
----------------------  --------  ---------  --------  --------  ----  --------
  FLASH                 00000000   00020000  00006b88  00019478  R  X
  SRAM                  20200000   00008000  000003d1  00007c2f  RW X
  BCR_CONFIG            41c00000   000000ff  00000000  000000ff  R   
  BSL_CONFIG            41c00100   00000080  00000000  00000080  R   


SEGMENT ALLOCATION MAP

run origin  load origin   length   init length attrs members
----------  ----------- ---------- ----------- ----- -------
00000000    00000000    00006b88   00006b88    r-x
  00000000    00000000    000000c0   000000c0    r-- .intvecs
  000000c0    000000c0    00005200   00005200    r-x .text
  000052c0    000052c0    00001880   00001880    r-- .rodata
  00006b40    00006b40    00000048   00000048    r-- .cinit
20200000    20200000    000001d4   00000000    rw-
  20200000    20200000    00000189   00000000    rw- .bss
  2020018c    2020018c    00000048   00000000    rw- .data
20207e00    20207e00    00000200   00000000    rw-
  20207e00    20207e00    00000200   00000000    rw- .stack


SECTION ALLOCATION MAP

 output                                  attributes/
section   page    origin      length       input sections
--------  ----  ----------  ----------   ----------------
.intvecs   0    00000000    000000c0     
                  00000000    000000c0     startup_mspm0g350x_ticlang.o (.intvecs)

.text      0    000000c0    00005200     
                  000000c0    000009d0     libc.a : _printfi.c.obj (.text:__TI_printfi)
                  00000a90    00000564     functions.o (.text.cmd_gauge)
                  00000ff4    000003e4     functions.o (.text.cmd_bq)
                  000013d8    0000039c     main.o (.text.main)
                  00001774    00000344     uart.o (.text.CLI_ProcessInput)
                  00001ab8    00000220     libc.a : _printfi.c.obj (.text._pconv_a)
                  00001cd8    000001dc            : _printfi.c.obj (.text._pconv_g)
                  00001eb4    000001d4     i2c.o (.text.I2C_ReadDevice)
                  00002088    000001c0     functions.o (.text.cmd_i2cscan)
                  00002248    00000192     libclang_rt.builtins.a : adddf3.S.obj (.text.adddf3_subdf3)
                  000023da    00000002     startup_mspm0g350x_ticlang.o (.text.Default_Handler)
                  000023dc    0000016c     functions.o (.text.cmd_spi)
                  00002548    00000144     libc.a : strtol.c.obj (.text.strtol)
                  0000268c    0000013c            : _printfi.c.obj (.text.fcvt)
                  000027c8    00000138     i2c.o (.text.I2C_WriteDevice)
                  00002900    00000120     libc.a : _printfi.c.obj (.text._pconv_e)
                  00002a20    0000010c     libclang_rt.builtins.a : divdf3.S.obj (.text.__divdf3)
                  00002b2c    00000100     BQ27Z7_functions.o (.text.BQ27Z746_UpdateTelemetry)
                  00002c2c    00000100     ti_msp_dl_config.o (.text.SYSCFG_DL_GPIO_init)
                  00002d2c    000000fc     driverlib.a : dl_timer.o (.text.DL_Timer_initTimerMode)
                  00002e28    000000fa     BQ27Z7_functions.o (.text.BQ27Z746_MAC_Read)
                  00002f22    000000f6     BQ27Z7_functions.o (.text.BQ27Z746_GetChargingStatus)
                  00003018    000000f6     BQ27Z7_functions.o (.text.BQ27Z746_GetChemID)
                  0000310e    000000f6     BQ27Z7_functions.o (.text.BQ27Z746_GetDeviceType)
                  00003204    000000f6     BQ27Z7_functions.o (.text.BQ27Z746_GetGaugingStatus)
                  000032fa    000000f6     BQ27Z7_functions.o (.text.BQ27Z746_GetOperationStatus)
                  000033f0    000000f2     BQ27Z7_functions.o (.text.BQ27Z746_GetFirmwareVersion)
                  000034e2    00000002     libclang_rt.builtins.a : aeabi_div0.c.obj (.text.__aeabi_idiv0)
                  000034e4    000000f0     BQ25628_functions.o (.text.BQ25628E_Init_Default)
                  000035d4    000000f0     functions.o (.text.cmd_pwr)
                  000036c4    000000e4     i2c.o (.text.I2C_TryAddress)
                  000037a8    000000e4     libclang_rt.builtins.a : muldf3.S.obj (.text.__muldf3)
                  0000388c    000000d8     libc.a : s_scalbn.c.obj (.text.scalbn)
                  00003964    000000d0     functions.o (.text.cmd_hall)
                  00003a34    000000bc     i2c.o (.text.Shared_I2C_IRQHandler)
                  00003af0    000000ac     uart.o (.text.UARTReceive)
                  00003b9c    000000a4     BQ25628_functions.o (.text.BQ25628E_UpdateTelemetry)
                  00003c40    000000a2     libclang_rt.builtins.a : udivmoddi4.S.obj (.text)
                  00003ce2    0000009a     libc.a : memcpy16.S.obj (.text:memcpy)
                  00003d7c    00000004     libsysbm.a : hostexit.c.obj (.text.HOSTexit)
                  00003d80    00000088     libc.a : strcmp-armv6m.S.obj (.text:strcmp)
                  00003e08    0000007c     ti_msp_dl_config.o (.text.SYSCFG_DL_initPower)
                  00003e84    0000007c     libc.a : copy_decompress_lzss.c.obj (.text:decompress:lzss)
                  00003f00    00000078     uart.o (.text.uart_printf)
                  00003f78    00000074     libclang_rt.builtins.a : comparedf2.c.obj (.text.__gedf2)
                  00003fec    00000070     ti_msp_dl_config.o (.text.SYSCFG_DL_UART_0_init)
                  0000405c    00000068     uart.o (.text.CLI_Tokenize)
                  000040c4    00000068     ti_msp_dl_config.o (.text.SYSCFG_DL_I2C_0_init)
                  0000412c    00000068     ti_msp_dl_config.o (.text.SYSCFG_DL_I2C_1_init)
                  00004194    00000068     libclang_rt.builtins.a : comparedf2.c.obj (.text.__ledf2)
                  000041fc    00000066     libc.a : _printfi.c.obj (.text._mcpy)
                  00004262    00000002     libclang_rt.builtins.a : aeabi_div0.c.obj (.text.__aeabi_ldiv0)
                  00004264    00000064     ti_msp_dl_config.o (.text.SYSCFG_DL_SPI_0_init)
                  000042c8    00000064     uart.o (.text.cmd_help)
                  0000432c    00000062     libclang_rt.builtins.a : aeabi_dcmp.S.obj (.text.__aeabi_dcmp)
                  0000438e    00000062     libc.a : memset16.S.obj (.text:memset)
                  000043f0    00000060     ti_msp_dl_config.o (.text.SYSCFG_DL_MCU_UART_1_init)
                  00004450    00000060     ti_msp_dl_config.o (.text.SYSCFG_DL_SPI_1_init)
                  000044b0    0000005e     driverlib.a : dl_i2c.o (.text.DL_I2C_fillControllerTXFIFO)
                  0000450e    00000002     --HOLE-- [fill = 0]
                  00004510    0000005c     spi_master.o (.text.SPI_Controller_Arm)
                  0000456c    0000005c     libc.a : s_frexp.c.obj (.text.frexp)
                  000045c8    00000058            : _ltoa.c.obj (.text.__TI_ltoa)
                  00004620    00000058            : _printfi.c.obj (.text._pconv_f)
                  00004678    00000056     libclang_rt.builtins.a : aeabi_idivmod.S.obj (.text.__aeabi_idivmod)
                  000046ce    00000052     libc.a : _printfi.c.obj (.text._ecpy)
                  00004720    0000004c     driverlib.a : dl_dma.o (.text.DL_DMA_initChannel)
                  0000476c    0000004a     libclang_rt.builtins.a : fixdfsi.S.obj (.text.__fixdfsi)
                  000047b6    00000002     --HOLE-- [fill = 0]
                  000047b8    00000048     driverlib.a : dl_uart.o (.text.DL_UART_init)
                  00004800    00000048     libc.a : strtok.c.obj (.text.strtok)
                  00004848    00000044     driverlib.a : dl_spi.o (.text.DL_SPI_init)
                  0000488c    00000044     ti_msp_dl_config.o (.text.SYSCFG_DL_init)
                  000048d0    00000040     ti_msp_dl_config.o (.text.SYSCFG_DL_SYSCTL_init)
                  00004910    00000040     libclang_rt.builtins.a : aeabi_uidivmod.S.obj (.text.__aeabi_uidivmod)
                  00004950    00000040     libc.a : atoi.c.obj (.text.atoi)
                  00004990    00000040            : vsnprintf.c.obj (.text.vsnprintf)
                  000049d0    0000003c     uart.o (.text.CLI_RegisterCommand)
                  00004a0c    0000003c     driverlib.a : dl_i2c.o (.text.DL_I2C_flushControllerTXFIFO)
                  00004a48    0000003c     uart.o (.text.get_UART_buffer)
                  00004a84    0000003c     libc.a : autoinit.c.obj (.text:__TI_auto_init_nobinit_nopinit)
                  00004ac0    0000003a     libclang_rt.builtins.a : muldsi3.S.obj (.text.__muldsi3)
                  00004afa    00000002     --HOLE-- [fill = 0]
                  00004afc    00000038     ti_msp_dl_config.o (.text.SYSCFG_DL_TIMER_0_init)
                  00004b34    00000038     gauge.o (.text.gauge_read)
                  00004b6c    00000038     gauge.o (.text.gauge_write)
                  00004ba4    00000034     spi_master.o (.text.SPI1_IRQHandler)
                  00004bd8    00000030     driverlib.a : dl_i2c.o (.text.DL_I2C_flushControllerRXFIFO)
                  00004c08    00000030                 : dl_uart.o (.text.DL_UART_transmitDataBlocking)
                  00004c38    00000030     libc.a : _printfi.c.obj (.text._fcpy)
                  00004c68    00000030            : vsnprintf.c.obj (.text._outs)
                  00004c98    00000030     gauge.o (.text.gauge_cmd_read)
                  00004cc8    0000002c     libclang_rt.builtins.a : floatsidf.S.obj (.text.__floatsidf)
                  00004cf4    00000028     libc.a : boot_cortex_m.c.obj (.text:_c_int00_noargs)
                  00004d1c    00000026     driverlib.a : dl_i2c.o (.text.DL_I2C_setClockConfig)
                  00004d42    00000026     libc.a : strspn.c.obj (.text.strspn)
                  00004d68    00000024     BQ25628_functions.o (.text.BQ25628E_ReadReg16)
                  00004d8c    00000024     BQ25628_functions.o (.text.BQ25628E_ReadReg8)
                  00004db0    00000024     BQ25628_functions.o (.text.BQ25628E_WriteReg16)
                  00004dd4    00000024     spi_master.o (.text.SPI_Controller_Init)
                  00004df8    00000024     libclang_rt.builtins.a : muldi3.S.obj (.text.__muldi3)
                  00004e1c    00000024     libc.a : strcspn.c.obj (.text.strcspn)
                  00004e40    00000022            : memccpy.c.obj (.text.memccpy)
                  00004e62    00000002     --HOLE-- [fill = 0]
                  00004e64    00000020     BQ25628_functions.o (.text.BQ25628E_WriteReg8)
                  00004e84    00000020     BQ27Z7_functions.o (.text.BQ27Z746_ReadInternalTemp_C)
                  00004ea4    00000020     BQ27Z7_functions.o (.text.BQ27Z746_ReadTemperature_C)
                  00004ec4    00000020     uart.o (.text.uart_init)
                  00004ee4    0000001e     libclang_rt.builtins.a : ashldi3.S.obj (.text.__ashldi3)
                  00004f02    00000002     --HOLE-- [fill = 0]
                  00004f04    0000001c     driverlib.a : dl_timer.o (.text.DL_Timer_setClockConfig)
                  00004f20    0000001c     i2c.o (.text.i2c_init)
                  00004f3c    00000018     BQ27Z7_functions.o (.text.BQ27Z746_Init)
                  00004f54    00000018     ti_msp_dl_config.o (.text.SYSCFG_DL_DMA_CH0_init)
                  00004f6c    00000018     ti_msp_dl_config.o (.text.SYSCFG_DL_DMA_CH1_init)
                  00004f84    00000018     ti_msp_dl_config.o (.text.SYSCFG_DL_DMA_CH2_init)
                  00004f9c    00000018     ti_msp_dl_config.o (.text.SYSCFG_DL_DMA_CH3_init)
                  00004fb4    00000018     main.o (.text.UART0_IRQHandler)
                  00004fcc    00000018     libc.a : vsnprintf.c.obj (.text._outc)
                  00004fe4    00000016            : copy_zero_init.c.obj (.text:decompress:ZI:__TI_zero_init_nomemset)
                  00004ffa    00000014     ti_msp_dl_config.o (.text.SYSCFG_DL_DMA_init)
                  0000500e    00000002     --HOLE-- [fill = 0]
                  00005010    00000014     libclang_rt.builtins.a : aeabi_uldivmod.S.obj (.text.__aeabi_uldivmod)
                  00005024    00000014     libc.a : _printfi.c.obj (.text.strchr)
                  00005038    00000012     driverlib.a : dl_spi.o (.text.DL_SPI_setClockConfig)
                  0000504a    00000012                 : dl_uart.o (.text.DL_UART_setClockConfig)
                  0000505c    00000012     libc.a : copy_decompress_none.c.obj (.text:decompress:none)
                  0000506e    00000002     --HOLE-- [fill = 0]
                  00005070    00000010     BQ27Z7_functions.o (.text.BQ27Z746_IsDischarging)
                  00005080    00000010     BQ27Z7_functions.o (.text.BQ27Z746_IsFullyCharged)
                  00005090    00000010     BQ27Z7_functions.o (.text.BQ27Z746_IsFullyDischarged)
                  000050a0    00000010     i2c.o (.text.I2C0_IRQHandler)
                  000050b0    00000010     i2c.o (.text.I2C1_IRQHandler)
                  000050c0    00000010     gauge.o (.text.gauge_address)
                  000050d0    00000010     libc.a : wcslen.c.obj (.text.wcslen)
                  000050e0    0000000e     libclang_rt.builtins.a : aeabi_memset.S.obj (.text.__aeabi_memset)
                  000050ee    0000000e     libc.a : _printfi.c.obj (.text.strlen)
                  000050fc    0000000c     BQ25628_functions.o (.text.BQ25628E_Get_IBAT_mA)
                  00005108    0000000c     BQ25628_functions.o (.text.BQ25628E_Get_IBUS_mA)
                  00005114    0000000c     BQ25628_functions.o (.text.BQ25628E_Get_VBAT_mV)
                  00005120    0000000c     BQ25628_functions.o (.text.BQ25628E_Get_VSYS_mV)
                  0000512c    0000000c     BQ27Z7_functions.o (.text.BQ27Z746_Get_AvgCurrent_mA)
                  00005138    0000000c     BQ27Z7_functions.o (.text.BQ27Z746_Get_AvgPower_mW)
                  00005144    0000000c     BQ27Z7_functions.o (.text.BQ27Z746_Get_BatteryStatus)
                  00005150    0000000c     BQ27Z7_functions.o (.text.BQ27Z746_Get_Current_mA)
                  0000515c    0000000c     BQ27Z7_functions.o (.text.BQ27Z746_Get_CycleCount)
                  00005168    0000000c     BQ27Z7_functions.o (.text.BQ27Z746_Get_FullChargeCap_mAh)
                  00005174    0000000c     BQ27Z7_functions.o (.text.BQ27Z746_Get_InternalTemp_C)
                  00005180    0000000c     BQ27Z7_functions.o (.text.BQ27Z746_Get_RemainingCap_mAh)
                  0000518c    0000000c     BQ27Z7_functions.o (.text.BQ27Z746_Get_SOC_pct)
                  00005198    0000000c     BQ27Z7_functions.o (.text.BQ27Z746_Get_StateOfHealth_pct)
                  000051a4    0000000c     BQ27Z7_functions.o (.text.BQ27Z746_Get_Temperature_C)
                  000051b0    0000000c     BQ27Z7_functions.o (.text.BQ27Z746_Get_TimeToEmpty_min)
                  000051bc    0000000c     BQ27Z7_functions.o (.text.BQ27Z746_Get_TimeToFull_min)
                  000051c8    0000000c     BQ27Z7_functions.o (.text.BQ27Z746_Get_Voltage_mV)
                  000051d4    0000000c     BQ27Z7_functions.o (.text.BQ27Z746_ReadAvgCurrent_mA)
                  000051e0    0000000c     BQ27Z7_functions.o (.text.BQ27Z746_ReadAvgPower_mW)
                  000051ec    0000000c     BQ27Z7_functions.o (.text.BQ27Z746_ReadBatteryStatus)
                  000051f8    0000000c     BQ27Z7_functions.o (.text.BQ27Z746_ReadCurrent_mA)
                  00005204    0000000c     BQ27Z7_functions.o (.text.BQ27Z746_ReadCycleCount)
                  00005210    0000000c     BQ27Z7_functions.o (.text.BQ27Z746_ReadFullChargeCap_mAh)
                  0000521c    0000000c     BQ27Z7_functions.o (.text.BQ27Z746_ReadRemainingCap_mAh)
                  00005228    0000000c     BQ27Z7_functions.o (.text.BQ27Z746_ReadSOC_pct)
                  00005234    0000000c     BQ27Z7_functions.o (.text.BQ27Z746_ReadStateOfHealth_pct)
                  00005240    0000000c     BQ27Z7_functions.o (.text.BQ27Z746_ReadTimeToEmpty_min)
                  0000524c    0000000c     BQ27Z7_functions.o (.text.BQ27Z746_ReadTimeToFull_min)
                  00005258    0000000c     BQ27Z7_functions.o (.text.BQ27Z746_ReadVoltage_mV)
                  00005264    0000000c     libclang_rt.builtins.a : aeabi_memset.S.obj (.text.__aeabi_memclr)
                  00005270    0000000a     driverlib.a : dl_common.o (.text.DL_Common_delayCycles)
                  0000527a    0000000a     libc.a : _printfi.c.obj (.text.OUTLINED_FUNCTION_0)
                  00005284    00000010     libclang_rt.builtins.a : adddf3.S.obj (.tramp.__aeabi_dsub.1)
                  00005294    0000000a     libc.a : _printfi.c.obj (.text.OUTLINED_FUNCTION_1)
                  0000529e    00000002     --HOLE-- [fill = 0]
                  000052a0    00000008            : aeabi_portable.c.obj (.text.__aeabi_errno_addr)
                  000052a8    00000008     libclang_rt.builtins.a : aeabi_memcpy.S.obj (.text.__aeabi_memcpy)
                  000052b0    00000006     libc.a : exit.c.obj (.text:abort)
                  000052b6    00000004     startup_mspm0g350x_ticlang.o (.text.Reset_Handler)
                  000052ba    00000004     libc.a : pre_init.c.obj (.text._system_pre_init)
                  000052be    00000002     --HOLE-- [fill = 0]

.cinit     0    00006b40    00000048     
                  00006b40    00000024     (.cinit..data.load) [load image, compression = lzss]
                  00006b64    0000000c     (__TI_handler_table)
                  00006b70    00000008     (.cinit..bss.load) [load image, compression = zero_init]
                  00006b78    00000010     (__TI_cinit_table)

.rodata    0    000052c0    00001880     
                  000052c0    00000213     functions.o (.rodata.str1.14424774467072349609.1)
                  000054d3    000001da     functions.o (.rodata.str1.17600609178903569978.1)
                  000056ad    00000003     ti_msp_dl_config.o (.rodata.gTIMER_0ClockConfig)
                  000056b0    00000101     libc.a : aeabi_ctype.S.obj (.rodata:__aeabi_ctype_table_)
                  000057b1    000000af     functions.o (.rodata.str1.10105263805998509149.1)
                  00005860    00000046     functions.o (.rodata.str1.14754684760099289372.1)
                  000058a6    00000041     functions.o (.rodata.str1.2344728598999326712.1)
                  000058e7    0000003c     functions.o (.rodata.str1.2654337880733388962.1)
                  00005923    0000003c     functions.o (.rodata.str1.6596733414268854495.1)
                  0000595f    0000003b     functions.o (.rodata.str1.13361924668150654931.1)
                  0000599a    00000035     functions.o (.rodata.str1.1879081474855052955.1)
                  000059cf    00000033     functions.o (.rodata.str1.8430466031500812981.1)
                  00005a02    00000031     main.o (.rodata.str1.16265332423659789559.1)
                  00005a33    00000030     main.o (.rodata.str1.10635229749459437609.1)
                  00005a63    00000030     main.o (.rodata.str1.3530083166107438000.1)
                  00005a93    0000002f     functions.o (.rodata.str1.11510568493784519380.1)
                  00005ac2    0000002f     main.o (.rodata.str1.18227636981041470289.1)
                  00005af1    0000002d     functions.o (.rodata.str1.16113805747440866019.1)
                  00005b1e    0000002d     functions.o (.rodata.str1.17873271132953962449.1)
                  00005b4b    0000002d     functions.o (.rodata.str1.303947978237559523.1)
                  00005b78    0000002c     main.o (.rodata.str1.5043408953494467246.1)
                  00005ba4    0000002a     functions.o (.rodata.str1.13933329845969146692.1)
                  00005bce    00000029     functions.o (.rodata.str1.14212890215622683485.1)
                  00005bf7    00000028     functions.o (.rodata.str1.13707145581914847747.1)
                  00005c1f    00000027     functions.o (.rodata.str1.7085808795165203043.1)
                  00005c46    00000027     main.o (.rodata.str1.9059077390166914652.1)
                  00005c6d    00000026     functions.o (.rodata.str1.11596568296542930794.1)
                  00005c93    00000026     functions.o (.rodata.str1.312031595841812858.1)
                  00005cb9    00000026     main.o (.rodata.str1.39260288392874984.1)
                  00005cdf    00000025     functions.o (.rodata.str1.5196872854305757230.1)
                  00005d04    00000024     main.o (.rodata.str1.1311392489248731986.1)
                  00005d28    00000024     functions.o (.rodata.str1.2298903785866919411.1)
                  00005d4c    00000024     main.o (.rodata.str1.6554448696319176064.1)
                  00005d70    00000023     main.o (.rodata.str1.14402440632258215044.1)
                  00005d93    00000023     uart.o (.rodata.str1.14464947116831474962.1)
                  00005db6    00000023     functions.o (.rodata.str1.3739636256912452571.1)
                  00005dd9    00000023     functions.o (.rodata.str1.7723146404961276984.1)
                  00005dfc    00000022     functions.o (.rodata.str1.11403685632016021771.1)
                  00005e1e    00000022     functions.o (.rodata.str1.13554695696533425351.1)
                  00005e40    00000022     main.o (.rodata.str1.14466178792657420020.1)
                  00005e62    00000022     functions.o (.rodata.str1.14626576299884526934.1)
                  00005e84    00000022     functions.o (.rodata.str1.16386345573460399209.1)
                  00005ea6    00000022     main.o (.rodata.str1.17376258722486336754.1)
                  00005ec8    00000022     functions.o (.rodata.str1.2305192595417680505.1)
                  00005eea    00000022     functions.o (.rodata.str1.6579945242302544448.1)
                  00005f0c    00000022     functions.o (.rodata.str1.823074591787180899.1)
                  00005f2e    00000022     main.o (.rodata.str1.8828068777338075035.1)
                  00005f50    00000021     functions.o (.rodata.str1.14504089057119714207.1)
                  00005f71    00000021     functions.o (.rodata.str1.17004305802620412261.1)
                  00005f92    00000021     functions.o (.rodata.str1.17112998893623131760.1)
                  00005fb3    00000021     functions.o (.rodata.str1.18169768820860067831.1)
                  00005fd4    00000021     functions.o (.rodata.str1.2006883888705870762.1)
                  00005ff5    00000021     functions.o (.rodata.str1.2618360898605671341.1)
                  00006016    00000021     functions.o (.rodata.str1.4531601087117612729.1)
                  00006037    00000021     functions.o (.rodata.str1.4910338030008278487.1)
                  00006058    00000021     functions.o (.rodata.str1.831622212789273363.1)
                  00006079    00000020     functions.o (.rodata.str1.10868672936327135180.1)
                  00006099    00000020     functions.o (.rodata.str1.11158820112163685190.1)
                  000060b9    00000020     functions.o (.rodata.str1.11371842499512143921.1)
                  000060d9    00000020     functions.o (.rodata.str1.11740181311745255940.1)
                  000060f9    00000020     functions.o (.rodata.str1.11852899632267644254.1)
                  00006119    00000020     functions.o (.rodata.str1.12250083639950253671.1)
                  00006139    00000020     functions.o (.rodata.str1.12257129677820421622.1)
                  00006159    00000020     functions.o (.rodata.str1.16726128468901222387.1)
                  00006179    00000020     main.o (.rodata.str1.2563708670032483588.1)
                  00006199    00000020     functions.o (.rodata.str1.5117621188084071403.1)
                  000061b9    00000020     functions.o (.rodata.str1.7108839738911806945.1)
                  000061d9    0000001f     functions.o (.rodata.str1.11488970495173820783.1)
                  000061f8    0000001f     functions.o (.rodata.str1.11584461607463951922.1)
                  00006217    0000001f     functions.o (.rodata.str1.13060549876486072544.1)
                  00006236    0000001f     main.o (.rodata.str1.14112174005742061988.1)
                  00006255    0000001f     functions.o (.rodata.str1.14247832736261690914.1)
                  00006274    0000001f     functions.o (.rodata.str1.2216088936736676215.1)
                  00006293    0000001f     functions.o (.rodata.str1.455706336395187257.1)
                  000062b2    0000001f     functions.o (.rodata.str1.7261598007108977983.1)
                  000062d1    0000001e     functions.o (.rodata.str1.13258710136769708401.1)
                  000062ef    0000001e     functions.o (.rodata.str1.2153166669032916089.1)
                  0000630d    0000001e     functions.o (.rodata.str1.2957129483359387701.1)
                  0000632b    0000001e     functions.o (.rodata.str1.9393216526452698668.1)
                  00006349    0000001e     functions.o (.rodata.str1.9987864939932165754.1)
                  00006367    0000001d     functions.o (.rodata.str1.10029850049327752681.1)
                  00006384    0000001d     functions.o (.rodata.str1.7324634916810494498.1)
                  000063a1    0000001c     main.o (.rodata.str1.12180500075719773345.1)
                  000063bd    0000001b     functions.o (.rodata.str1.11087625087312282266.1)
                  000063d8    0000001b     functions.o (.rodata.str1.14660004578859228044.1)
                  000063f3    0000001b     functions.o (.rodata.str1.4040450050525152614.1)
                  0000640e    0000001b     functions.o (.rodata.str1.6886749528440134913.1)
                  00006429    0000001b     functions.o (.rodata.str1.7667325258934765219.1)
                  00006444    0000001b     functions.o (.rodata.str1.8841248051089024616.1)
                  0000645f    0000001a     functions.o (.rodata.str1.10394495994740858438.1)
                  00006479    0000001a     functions.o (.rodata.str1.11621569494667626893.1)
                  00006493    0000001a     functions.o (.rodata.str1.12609848238114409581.1)
                  000064ad    0000001a     main.o (.rodata.str1.14079361385603432444.1)
                  000064c7    0000001a     functions.o (.rodata.str1.2872345601479061820.1)
                  000064e1    0000001a     functions.o (.rodata.str1.5905555877690922764.1)
                  000064fb    0000001a     functions.o (.rodata.str1.976629323795015702.1)
                  00006515    0000001a     functions.o (.rodata.str1.9955790773425000222.1)
                  0000652f    00000019     main.o (.rodata.str1.8076846746581808073.1)
                  00006548    00000018     ti_msp_dl_config.o (.rodata.gDMA_CH0Config)
                  00006560    00000018     ti_msp_dl_config.o (.rodata.gDMA_CH1Config)
                  00006578    00000018     ti_msp_dl_config.o (.rodata.gDMA_CH2Config)
                  00006590    00000018     ti_msp_dl_config.o (.rodata.gDMA_CH3Config)
                  000065a8    00000018     functions.o (.rodata.str1.14826907694073300720.1)
                  000065c0    00000018     functions.o (.rodata.str1.15647711897633472048.1)
                  000065d8    00000018     functions.o (.rodata.str1.3544098629501009633.1)
                  000065f0    00000018     functions.o (.rodata.str1.4307635291288551838.1)
                  00006608    00000018     functions.o (.rodata.str1.5556253844797924259.1)
                  00006620    00000018     main.o (.rodata.str1.8154729771448623357.1)
                  00006638    00000017     functions.o (.rodata.str1.11345522308171243087.1)
                  0000664f    00000017     functions.o (.rodata.str1.15416425971347363818.1)
                  00006666    00000017     functions.o (.rodata.str1.15981603964029308583.1)
                  0000667d    00000017     functions.o (.rodata.str1.16499007181999684178.1)
                  00006694    00000017     functions.o (.rodata.str1.17162129685140799346.1)
                  000066ab    00000017     functions.o (.rodata.str1.17242831494859343374.1)
                  000066c2    00000017     functions.o (.rodata.str1.8276779995786722914.1)
                  000066d9    00000017     main.o (.rodata.str1.8428454045432808059.1)
                  000066f0    00000016     functions.o (.rodata.str1.13647871663007229205.1)
                  00006706    00000016     functions.o (.rodata.str1.13750405472340812261.1)
                  0000671c    00000016     uart.o (.rodata.str1.15503172443992438641.1)
                  00006732    00000016     functions.o (.rodata.str1.15871961652988661611.1)
                  00006748    00000016     functions.o (.rodata.str1.1912318065655334061.1)
                  0000675e    00000016     main.o (.rodata.str1.2763581881760962609.1)
                  00006774    00000016     functions.o (.rodata.str1.4144252613811081812.1)
                  0000678a    00000015     functions.o (.rodata.str1.11457859038367029433.1)
                  0000679f    00000015     functions.o (.rodata.str1.13291850131445628085.1)
                  000067b4    00000015     functions.o (.rodata.str1.13318008327193210645.1)
                  000067c9    00000015     functions.o (.rodata.str1.14079700471513303319.1)
                  000067de    00000015     functions.o (.rodata.str1.14779408147115502373.1)
                  000067f3    00000015     functions.o (.rodata.str1.16344480386849582482.1)
                  00006808    00000015     functions.o (.rodata.str1.17171889877841249491.1)
                  0000681d    00000015     functions.o (.rodata.str1.18285776561876861988.1)
                  00006832    00000015     functions.o (.rodata.str1.5514502381961403268.1)
                  00006847    00000015     functions.o (.rodata.str1.7987950595137088371.1)
                  0000685c    00000015     uart.o (.rodata.str1.8171864734171609186.1)
                  00006871    00000003     uart.o (.rodata.str1.12819099410943012003.1)
                  00006874    00000014     ti_msp_dl_config.o (.rodata.gTIMER_0TimerConfig)
                  00006888    00000014     main.o (.rodata.str1.11870794119293528247.1)
                  0000689c    00000013     functions.o (.rodata.str1.17622889657162422067.1)
                  000068af    00000012     functions.o (.rodata.str1.11391304066098951517.1)
                  000068c1    00000012     main.o (.rodata.str1.16631870348416990953.1)
                  000068d3    00000011     libc.a : _printfi.c.obj (.rodata.str1.10348868589481759720.1)
                  000068e4    00000011     main.o (.rodata.str1.10865113624938808685.1)
                  000068f5    00000011     main.o (.rodata.str1.11321157723316767883.1)
                  00006906    00000011     libc.a : _printfi.c.obj (.rodata.str1.15363888844622738466.1)
                  00006917    00000011     main.o (.rodata.str1.17045314124001216156.1)
                  00006928    00000011     main.o (.rodata.str1.7784929982665794503.1)
                  00006939    00000011     main.o (.rodata.str1.8096991282711418442.1)
                  0000694a    00000011     functions.o (.rodata.str1.8855207564147674068.1)
                  0000695b    00000001     --HOLE-- [fill = 0]
                  0000695c    00000010     main.o (.rodata..Lswitch.table.main)
                  0000696c    0000000f     functions.o (.rodata.str1.6405428687533244608.1)
                  0000697b    0000000e     main.o (.rodata.str1.7996925722583989644.1)
                  00006989    0000000d     functions.o (.rodata.str1.14249227603012650231.1)
                  00006996    0000000d     main.o (.rodata.str1.8320541211001259012.1)
                  000069a3    0000000c     main.o (.rodata.str1.16302215771116645891.1)
                  000069af    0000000b     main.o (.rodata.str1.10313062130652730376.1)
                  000069ba    0000000b     functions.o (.rodata.str1.9866892624350641238.1)
                  000069c5    00000001     --HOLE-- [fill = 0]
                  000069c6    0000000a     ti_msp_dl_config.o (.rodata.gMCU_UART_1Config)
                  000069d0    0000000a     ti_msp_dl_config.o (.rodata.gSPI_0_config)
                  000069da    0000000a     ti_msp_dl_config.o (.rodata.gSPI_1_config)
                  000069e4    0000000a     ti_msp_dl_config.o (.rodata.gUART_0Config)
                  000069ee    0000000a     main.o (.rodata.str1.13030671760666898970.1)
                  000069f8    0000000a     functions.o (.rodata.str1.9659379646541333203.1)
                  00006a02    00000009     main.o (.rodata.str1.10720410773482754683.1)
                  00006a0b    00000009     main.o (.rodata.str1.11822182024223342093.1)
                  00006a14    00000009     functions.o (.rodata.str1.13225435875195226696.1)
                  00006a1d    00000009     main.o (.rodata.str1.18092426736022315238.1)
                  00006a26    00000009     uart.o (.rodata.str1.2747995240747259486.1)
                  00006a2f    00000009     functions.o (.rodata.str1.5320122413559821118.1)
                  00006a38    00000008     main.o (.rodata.str1.10224226614597680209.1)
                  00006a40    00000008     functions.o (.rodata.str1.11093425900794288272.1)
                  00006a48    00000008     functions.o (.rodata.str1.12716370140545181522.1)
                  00006a50    00000008     functions.o (.rodata.str1.15667472894159448674.1)
                  00006a58    00000008     functions.o (.rodata.str1.15927518266867229498.1)
                  00006a60    00000008     functions.o (.rodata.str1.16929425599360063401.1)
                  00006a68    00000008     main.o (.rodata.str1.2846389346932560359.1)
                  00006a70    00000008     functions.o (.rodata.str1.3156050197955811031.1)
                  00006a78    00000008     main.o (.rodata.str1.6891813955777630061.1)
                  00006a80    00000007     functions.o (.rodata.str1.14125585639945481457.1)
                  00006a87    00000007     functions.o (.rodata.str1.17588442350683572369.1)
                  00006a8e    00000007     main.o (.rodata.str1.2624144126699937905.1)
                  00006a95    00000007     functions.o (.rodata.str1.3123360382440319361.1)
                  00006a9c    00000007     functions.o (.rodata.str1.3322434249706281543.1)
                  00006aa3    00000006     functions.o (.rodata.str1.11538060877586311343.1)
                  00006aa9    00000006     functions.o (.rodata.str1.17144429639171527548.1)
                  00006aaf    00000006     main.o (.rodata.str1.2123964117280943167.1)
                  00006ab5    00000006     functions.o (.rodata.str1.3098115528246613681.1)
                  00006abb    00000006     main.o (.rodata.str1.403738606202455663.1)
                  00006ac1    00000006     functions.o (.rodata.str1.4959705119256106851.1)
                  00006ac7    00000005     functions.o (.rodata.str1.11900037607746946141.1)
                  00006acc    00000005     functions.o (.rodata.str1.13183419841694627606.1)
                  00006ad1    00000005     main.o (.rodata.str1.13288086030101331538.1)
                  00006ad6    00000005     functions.o (.rodata.str1.13786467237224150958.1)
                  00006adb    00000005     functions.o (.rodata.str1.14496393926573069083.1)
                  00006ae0    00000005     main.o (.rodata.str1.15159059442110792349.1)
                  00006ae5    00000005     functions.o (.rodata.str1.16757203657686794125.1)
                  00006aea    00000005     functions.o (.rodata.str1.17418132220924322792.1)
                  00006aef    00000005     main.o (.rodata.str1.288608917962107522.1)
                  00006af4    00000005     functions.o (.rodata.str1.3066531604708884151.1)
                  00006af9    00000005     functions.o (.rodata.str1.3172367308849033862.1)
                  00006afe    00000005     functions.o (.rodata.str1.502354497711140047.1)
                  00006b03    00000004     functions.o (.rodata.str1.10930655922842606279.1)
                  00006b07    00000004     main.o (.rodata.str1.11702106008850790973.1)
                  00006b0b    00000004     functions.o (.rodata.str1.12871985577256932554.1)
                  00006b0f    00000004     main.o (.rodata.str1.15996357275703397564.1)
                  00006b13    00000004     main.o (.rodata.str1.17100691992556644108.1)
                  00006b17    00000004     functions.o (.rodata.str1.2190941444116491765.1)
                  00006b1b    00000004     functions.o (.rodata.str1.4561657886204501224.1)
                  00006b1f    00000004     functions.o (.rodata.str1.62749256631814321.1)
                  00006b23    00000004     functions.o (.rodata.str1.9119127971185803168.1)
                  00006b27    00000003     functions.o (.rodata.str1.16614484817706633923.1)
                  00006b2a    00000003     functions.o (.rodata.str1.17016031596792030868.1)
                  00006b2d    00000003     main.o (.rodata.str1.7702501944640899365.1)
                  00006b30    00000002     ti_msp_dl_config.o (.rodata.gI2C_0ClockConfig)
                  00006b32    00000002     ti_msp_dl_config.o (.rodata.gI2C_1ClockConfig)
                  00006b34    00000002     ti_msp_dl_config.o (.rodata.gMCU_UART_1ClockConfig)
                  00006b36    00000002     ti_msp_dl_config.o (.rodata.gSPI_0_clockConfig)
                  00006b38    00000002     ti_msp_dl_config.o (.rodata.gSPI_1_clockConfig)
                  00006b3a    00000002     ti_msp_dl_config.o (.rodata.gUART_0ClockConfig)
                  00006b3c    00000002     uart.o (.rodata.str1.3510367808670815947.1)
                  00006b3e    00000002     functions.o (.rodata.str1.5994875290679588583.1)

.init_array 
*          0    00000000    00000000     UNINITIALIZED

.binit     0    00000000    00000000     

.bss       0    20200000    00000189     UNINITIALIZED
                  20200000    00000078     uart.o (.bss.commandList)
                  20200078    00000040     (.common:UART_Buffer)
                  202000b8    00000028     (.common:gSPI_0Backup)
                  202000e0    00000028     (.common:gSPI_1Backup)
                  20200108    00000022     (.common:gRxPacket)
                  2020012a    00000022     (.common:gTxPacket)
                  2020014c    0000001c     (.common:stm32Spi)
                  20200168    00000010     (.common:gSPI_RxPacket)
                  20200178    00000004     (.common:gRxCount)
                  2020017c    00000004     (.common:gRxLen)
                  20200180    00000004     (.common:gTxCount)
                  20200184    00000004     (.common:gTxLen)
                  20200188    00000001     (.common:gI2cControllerStatus)

.data      0    2020018c    00000048     UNINITIALIZED
                  2020018c    00000010     spi_master.o (.data.gSPI_TxPacket)
                  2020019c    00000004     libc.a : aeabi_portable.c.obj (.data.__aeabi_errno)
                  202001a0    00000004     uart.o (.data.commandCount)
                  202001a4    00000004     libc.a : strtok.c.obj (.data.last_end)
                  202001a8    00000004     main.o (.data.monitor_rate)
                  202001ac    00000002     BQ25628_functions.o (.data.g_ibat_mA)
                  202001ae    00000002     BQ25628_functions.o (.data.g_ibus_mA)
                  202001b0    00000002     BQ27Z7_functions.o (.data.g_telem.0)
                  202001b2    00000002     BQ27Z7_functions.o (.data.g_telem.10)
                  202001b4    00000002     BQ27Z7_functions.o (.data.g_telem.11)
                  202001b6    00000002     BQ27Z7_functions.o (.data.g_telem.12)
                  202001b8    00000002     BQ27Z7_functions.o (.data.g_telem.13)
                  202001ba    00000002     BQ27Z7_functions.o (.data.g_telem.1)
                  202001bc    00000002     BQ27Z7_functions.o (.data.g_telem.2)
                  202001be    00000002     BQ27Z7_functions.o (.data.g_telem.4)
                  202001c0    00000002     BQ27Z7_functions.o (.data.g_telem.5)
                  202001c2    00000002     BQ27Z7_functions.o (.data.g_telem.7)
                  202001c4    00000002     BQ27Z7_functions.o (.data.g_telem.8)
                  202001c6    00000002     BQ27Z7_functions.o (.data.g_telem.9)
                  202001c8    00000002     BQ25628_functions.o (.data.g_vbat_mV)
                  202001ca    00000002     BQ25628_functions.o (.data.g_vsys_mV)
                  202001cc    00000001     main.o (.data.bq_monitor_active)
                  202001cd    00000001     uart.o (.data.char_index)
                  202001ce    00000001     uart.o (.data.data_received)
                  202001cf    00000001     gauge.o (.data.g_gaugeAddr)
                  202001d0    00000001     BQ27Z7_functions.o (.data.g_telem.3)
                  202001d1    00000001     main.o (.data.gauge_monitor_active)
                  202001d2    00000001     BQ27Z7_functions.o (.data.g_telem.6)
                  202001d3    00000001     main.o (.data.hall_monitor_active)

.stack     0    20207e00    00000200     UNINITIALIZED
                  20207e00    00000004     libc.a : boot_cortex_m.c.obj (.stack)
                  20207e04    000001fc     --HOLE--

__llvm_prf_cnts 
*          0    20200000    00000000     UNINITIALIZED

__llvm_prf_bits 
*          0    20200000    00000000     UNINITIALIZED

MODULE SUMMARY

       Module                         code    ro data   rw data
       ------                         ----    -------   -------
    .\
       functions.o                    3636    4684      0      
       main.o                         948     1032      7      
       ti_msp_dl_config.o             1296    171       80     
       startup_mspm0g350x_ticlang.o   6       192       0      
    +--+------------------------------+-------+---------+---------+
       Total:                         5886    6079      87     
                                                               
    .\HAL\
       uart.o                         1484    92        190    
       i2c.o                          1256    0         85     
       spi_master.o                   180     0         60     
    +--+------------------------------+-------+---------+---------+
       Total:                         2920    92        335    
                                                               
    .\ics\BQ25628\
       BQ25628_functions.o            592     0         8      
    +--+------------------------------+-------+---------+---------+
       Total:                         592     0         8      
                                                               
    .\ics\BQ27Z7\
       BQ27Z7_functions.o             2426    0         26     
       gauge.o                        176     0         1      
    +--+------------------------------+-------+---------+---------+
       Total:                         2602    0         27     
                                                               
    C:/ti/mspm0_sdk_2_09_00_01/source/ti/driverlib/lib/ticlang/m0p/mspm0g1x0x_g3x0x/driverlib.a
       dl_timer.o                     280     0         0      
       dl_i2c.o                       240     0         0      
       dl_uart.o                      138     0         0      
       dl_spi.o                       86      0         0      
       dl_dma.o                       76      0         0      
       dl_common.o                    10      0         0      
    +--+------------------------------+-------+---------+---------+
       Total:                         830     0         0      
                                                               
    C:\ti\ccs2031\ccs\tools\compiler\ti-cgt-armllvm_4.0.4.LTS\lib\armv6m-ti-none-eabi/c/libc.a
       _printfi.c.obj                 4510    34        0      
       strtol.c.obj                   324     0         0      
       aeabi_ctype.S.obj              0       257       0      
       s_scalbn.c.obj                 216     0         0      
       memcpy16.S.obj                 154     0         0      
       strcmp-armv6m.S.obj            136     0         0      
       vsnprintf.c.obj                136     0         0      
       copy_decompress_lzss.c.obj     124     0         0      
       memset16.S.obj                 98      0         0      
       s_frexp.c.obj                  92      0         0      
       _ltoa.c.obj                    88      0         0      
       strtok.c.obj                   72      0         4      
       atoi.c.obj                     64      0         0      
       autoinit.c.obj                 60      0         0      
       boot_cortex_m.c.obj            40      0         0      
       strspn.c.obj                   38      0         0      
       strcspn.c.obj                  36      0         0      
       memccpy.c.obj                  34      0         0      
       copy_zero_init.c.obj           22      0         0      
       copy_decompress_none.c.obj     18      0         0      
       wcslen.c.obj                   16      0         0      
       aeabi_portable.c.obj           8       0         4      
       exit.c.obj                     6       0         0      
       pre_init.c.obj                 4       0         0      
    +--+------------------------------+-------+---------+---------+
       Total:                         6296    291       8      
                                                               
    C:\ti\ccs2031\ccs\tools\compiler\ti-cgt-armllvm_4.0.4.LTS\lib\armv6m-ti-none-eabi/c/libsysbm.a
       hostexit.c.obj                 4       0         0      
    +--+------------------------------+-------+---------+---------+
       Total:                         4       0         0      
                                                               
    C:\ti\ccs2031\ccs\tools\compiler\ti-cgt-armllvm_4.0.4.LTS\lib\armv6m-ti-none-eabi/libclang_rt.builtins.a
       adddf3.S.obj                   418     0         0      
       divdf3.S.obj                   268     0         0      
       muldf3.S.obj                   228     0         0      
       comparedf2.c.obj               220     0         0      
       udivmoddi4.S.obj               162     0         0      
       aeabi_dcmp.S.obj               98      0         0      
       aeabi_idivmod.S.obj            86      0         0      
       fixdfsi.S.obj                  74      0         0      
       aeabi_uidivmod.S.obj           64      0         0      
       muldsi3.S.obj                  58      0         0      
       floatsidf.S.obj                44      0         0      
       muldi3.S.obj                   36      0         0      
       ashldi3.S.obj                  30      0         0      
       aeabi_memset.S.obj             26      0         0      
       aeabi_uldivmod.S.obj           20      0         0      
       aeabi_memcpy.S.obj             8       0         0      
       aeabi_div0.c.obj               4       0         0      
    +--+------------------------------+-------+---------+---------+
       Total:                         1844    0         0      
                                                               
       Stack:                         0       0         512    
       Linker Generated:              0       72        0      
    +--+------------------------------+-------+---------+---------+
       Grand Total:                   20974   6534      977    


LINKER GENERATED COPY TABLES

__TI_cinit_table @ 00006b78 records: 2, size/record: 8, table size: 16
	.data: load addr=00006b40, load size=00000024 bytes, run addr=2020018c, run size=00000048 bytes, compression=lzss
	.bss: load addr=00006b70, load size=00000008 bytes, run addr=20200000, run size=00000189 bytes, compression=zero_init


LINKER GENERATED HANDLER TABLE

__TI_handler_table @ 00006b64 records: 3, size/record: 4, table size: 12
	index: 0, handler: __TI_decompress_lzss
	index: 1, handler: __TI_decompress_none
	index: 2, handler: __TI_zero_init


FAR CALL TRAMPOLINES

callee name               trampoline name
   callee addr  tramp addr   call addr  call info
--------------  -----------  ---------  ----------------
__aeabi_dsub              $Tramp$TT$L$PI$$__aeabi_dsub
   00002249     00005284     00005282   libc.a : _printfi.c.obj (.text.OUTLINED_FUNCTION_0)

[1 trampolines]
[1 trampoline calls]


GLOBAL SYMBOLS: SORTED ALPHABETICALLY BY Name 

address   name                          
-------   ----                          
000023db  ADC0_IRQHandler               
000023db  ADC1_IRQHandler               
000023db  AES_IRQHandler                
000050fd  BQ25628E_Get_IBAT_mA          
00005109  BQ25628E_Get_IBUS_mA          
00005115  BQ25628E_Get_VBAT_mV          
00005121  BQ25628E_Get_VSYS_mV          
000034e5  BQ25628E_Init_Default         
00004d69  BQ25628E_ReadReg16            
00004d8d  BQ25628E_ReadReg8             
00003b9d  BQ25628E_UpdateTelemetry      
00004db1  BQ25628E_WriteReg16           
00004e65  BQ25628E_WriteReg8            
00002f23  BQ27Z746_GetChargingStatus    
00003019  BQ27Z746_GetChemID            
0000310f  BQ27Z746_GetDeviceType        
000033f1  BQ27Z746_GetFirmwareVersion   
00003205  BQ27Z746_GetGaugingStatus     
000032fb  BQ27Z746_GetOperationStatus   
0000512d  BQ27Z746_Get_AvgCurrent_mA    
00005139  BQ27Z746_Get_AvgPower_mW      
00005145  BQ27Z746_Get_BatteryStatus    
00005151  BQ27Z746_Get_Current_mA       
0000515d  BQ27Z746_Get_CycleCount       
00005169  BQ27Z746_Get_FullChargeCap_mAh
00005175  BQ27Z746_Get_InternalTemp_C   
00005181  BQ27Z746_Get_RemainingCap_mAh 
0000518d  BQ27Z746_Get_SOC_pct          
00005199  BQ27Z746_Get_StateOfHealth_pct
000051a5  BQ27Z746_Get_Temperature_C    
000051b1  BQ27Z746_Get_TimeToEmpty_min  
000051bd  BQ27Z746_Get_TimeToFull_min   
000051c9  BQ27Z746_Get_Voltage_mV       
00004f3d  BQ27Z746_Init                 
00005071  BQ27Z746_IsDischarging        
00005081  BQ27Z746_IsFullyCharged       
00005091  BQ27Z746_IsFullyDischarged    
00002e29  BQ27Z746_MAC_Read             
000051d5  BQ27Z746_ReadAvgCurrent_mA    
000051e1  BQ27Z746_ReadAvgPower_mW      
000051ed  BQ27Z746_ReadBatteryStatus    
000051f9  BQ27Z746_ReadCurrent_mA       
00005205  BQ27Z746_ReadCycleCount       
00005211  BQ27Z746_ReadFullChargeCap_mAh
00004e85  BQ27Z746_ReadInternalTemp_C   
0000521d  BQ27Z746_ReadRemainingCap_mAh 
00005229  BQ27Z746_ReadSOC_pct          
00005235  BQ27Z746_ReadStateOfHealth_pct
00004ea5  BQ27Z746_ReadTemperature_C    
00005241  BQ27Z746_ReadTimeToEmpty_min  
0000524d  BQ27Z746_ReadTimeToFull_min   
00005259  BQ27Z746_ReadVoltage_mV       
00002b2d  BQ27Z746_UpdateTelemetry      
00003d7c  C$$EXIT                       
000023db  CANFD0_IRQHandler             
00001775  CLI_ProcessInput              
000049d1  CLI_RegisterCommand           
0000405d  CLI_Tokenize                  
000023db  DAC0_IRQHandler               
00005271  DL_Common_delayCycles         
00004721  DL_DMA_initChannel            
000044b1  DL_I2C_fillControllerTXFIFO   
00004bd9  DL_I2C_flushControllerRXFIFO  
00004a0d  DL_I2C_flushControllerTXFIFO  
00004d1d  DL_I2C_setClockConfig         
00004849  DL_SPI_init                   
00005039  DL_SPI_setClockConfig         
00002d2d  DL_Timer_initTimerMode        
00004f05  DL_Timer_setClockConfig       
000047b9  DL_UART_init                  
0000504b  DL_UART_setClockConfig        
00004c09  DL_UART_transmitDataBlocking  
000023db  DMA_IRQHandler                
000023db  Default_Handler               
000023db  GROUP0_IRQHandler             
000023db  GROUP1_IRQHandler             
00003d7d  HOSTexit                      
000023db  HardFault_Handler             
000050a1  I2C0_IRQHandler               
000050b1  I2C1_IRQHandler               
00001eb5  I2C_ReadDevice                
000036c5  I2C_TryAddress                
000027c9  I2C_WriteDevice               
000023db  NMI_Handler                   
000023db  PendSV_Handler                
000023db  RTC_IRQHandler                
000052b7  Reset_Handler                 
000023db  SPI0_IRQHandler               
00004ba5  SPI1_IRQHandler               
00004511  SPI_Controller_Arm            
00004dd5  SPI_Controller_Init           
000023db  SVC_Handler                   
00004f55  SYSCFG_DL_DMA_CH0_init        
00004f6d  SYSCFG_DL_DMA_CH1_init        
00004f85  SYSCFG_DL_DMA_CH2_init        
00004f9d  SYSCFG_DL_DMA_CH3_init        
00004ffb  SYSCFG_DL_DMA_init            
00002c2d  SYSCFG_DL_GPIO_init           
000040c5  SYSCFG_DL_I2C_0_init          
0000412d  SYSCFG_DL_I2C_1_init          
000043f1  SYSCFG_DL_MCU_UART_1_init     
00004265  SYSCFG_DL_SPI_0_init          
00004451  SYSCFG_DL_SPI_1_init          
000048d1  SYSCFG_DL_SYSCTL_init         
00004afd  SYSCFG_DL_TIMER_0_init        
00003fed  SYSCFG_DL_UART_0_init         
0000488d  SYSCFG_DL_init                
00003e09  SYSCFG_DL_initPower           
00003a35  Shared_I2C_IRQHandler         
000023db  SysTick_Handler               
000023db  TIMA0_IRQHandler              
000023db  TIMA1_IRQHandler              
000023db  TIMG0_IRQHandler              
000023db  TIMG12_IRQHandler             
000023db  TIMG6_IRQHandler              
000023db  TIMG7_IRQHandler              
000023db  TIMG8_IRQHandler              
00004fb5  UART0_IRQHandler              
000023db  UART1_IRQHandler              
000023db  UART2_IRQHandler              
000023db  UART3_IRQHandler              
00003af1  UARTReceive                   
20200078  UART_Buffer                   
20208000  __STACK_END                   
00000200  __STACK_SIZE                  
00000000  __TI_ATRegion0_region_sz      
00000000  __TI_ATRegion0_src_addr       
00000000  __TI_ATRegion0_trg_addr       
00000000  __TI_ATRegion1_region_sz      
00000000  __TI_ATRegion1_src_addr       
00000000  __TI_ATRegion1_trg_addr       
00000000  __TI_ATRegion2_region_sz      
00000000  __TI_ATRegion2_src_addr       
00000000  __TI_ATRegion2_trg_addr       
00006b78  __TI_CINIT_Base               
00006b88  __TI_CINIT_Limit              
00006b88  __TI_CINIT_Warm               
00006b64  __TI_Handler_Table_Base       
00006b70  __TI_Handler_Table_Limit      
00004a85  __TI_auto_init_nobinit_nopinit
00003e85  __TI_decompress_lzss          
0000505d  __TI_decompress_none          
000045c9  __TI_ltoa                     
ffffffff  __TI_pprof_out_hndl           
000000c1  __TI_printfi                  
ffffffff  __TI_prof_data_size           
ffffffff  __TI_prof_data_start          
00000000  __TI_static_base__            
00004fe5  __TI_zero_init_nomemset       
00002253  __adddf3                      
000056b0  __aeabi_ctype_table_          
000056b0  __aeabi_ctype_table_C         
0000476d  __aeabi_d2iz                  
00002253  __aeabi_dadd                  
0000432d  __aeabi_dcmpeq                
00004369  __aeabi_dcmpge                
0000437d  __aeabi_dcmpgt                
00004355  __aeabi_dcmple                
00004341  __aeabi_dcmplt                
00002a21  __aeabi_ddiv                  
000037a9  __aeabi_dmul                  
00002249  __aeabi_dsub                  
2020019c  __aeabi_errno                 
000052a1  __aeabi_errno_addr            
00004cc9  __aeabi_i2d                   
00004679  __aeabi_idiv                  
000034e3  __aeabi_idiv0                 
00004679  __aeabi_idivmod               
00004263  __aeabi_ldiv0                 
00004ee5  __aeabi_llsl                  
00004df9  __aeabi_lmul                  
00005265  __aeabi_memclr                
00005265  __aeabi_memclr4               
00005265  __aeabi_memclr8               
000052a9  __aeabi_memcpy                
000052a9  __aeabi_memcpy4               
000052a9  __aeabi_memcpy8               
000050e1  __aeabi_memset                
000050e1  __aeabi_memset4               
000050e1  __aeabi_memset8               
00004911  __aeabi_uidiv                 
00004911  __aeabi_uidivmod              
00005011  __aeabi_uldivmod              
00004ee5  __ashldi3                     
ffffffff  __binit__                     
00004195  __cmpdf2                      
00002a21  __divdf3                      
00004195  __eqdf2                       
0000476d  __fixdfsi                     
00004cc9  __floatsidf                   
00003f79  __gedf2                       
00003f79  __gtdf2                       
00004195  __ledf2                       
00004195  __ltdf2                       
UNDEFED   __mpu_init                    
000037a9  __muldf3                      
00004df9  __muldi3                      
00004ac1  __muldsi3                     
00004195  __nedf2                       
20207e00  __stack                       
20200000  __start___llvm_prf_bits       
20200000  __start___llvm_prf_cnts       
20200000  __stop___llvm_prf_bits        
20200000  __stop___llvm_prf_cnts        
00002249  __subdf3                      
00003c41  __udivmoddi4                  
00004cf5  _c_int00_noargs               
UNDEFED   _system_post_cinit            
000052bb  _system_pre_init              
000052b1  abort                         
00004951  atoi                          
ffffffff  binit                         
202001cc  bq_monitor_active             
202001cd  char_index                    
00000ff5  cmd_bq                        
00000a91  cmd_gauge                     
00003965  cmd_hall                      
000042c9  cmd_help                      
00002089  cmd_i2cscan                   
000035d5  cmd_pwr                       
000023dd  cmd_spi                       
202001ce  data_received                 
0000456d  frexp                         
0000456d  frexpl                        
20200188  gI2cControllerStatus          
20200178  gRxCount                      
2020017c  gRxLen                        
20200108  gRxPacket                     
202000b8  gSPI_0Backup                  
202000e0  gSPI_1Backup                  
20200168  gSPI_RxPacket                 
2020018c  gSPI_TxPacket                 
20200180  gTxCount                      
20200184  gTxLen                        
2020012a  gTxPacket                     
000050c1  gauge_address                 
00004c99  gauge_cmd_read                
202001d1  gauge_monitor_active          
00004b35  gauge_read                    
00004b6d  gauge_write                   
00004a49  get_UART_buffer               
202001d3  hall_monitor_active           
00004f21  i2c_init                      
00000000  interruptVectors              
0000388d  ldexp                         
0000388d  ldexpl                        
000013d9  main                          
00004e41  memccpy                       
00003ce3  memcpy                        
0000438f  memset                        
202001a8  monitor_rate                  
0000388d  scalbn                        
0000388d  scalbnl                       
2020014c  stm32Spi                      
00003d81  strcmp                        
00004e1d  strcspn                       
00004d43  strspn                        
00004801  strtok                        
00002549  strtol                        
00004ec5  uart_init                     
00003f01  uart_printf                   
00004991  vsnprintf                     
000050d1  wcslen                        


GLOBAL SYMBOLS: SORTED BY Symbol Address 

address   name                          
-------   ----                          
00000000  __TI_ATRegion0_region_sz      
00000000  __TI_ATRegion0_src_addr       
00000000  __TI_ATRegion0_trg_addr       
00000000  __TI_ATRegion1_region_sz      
00000000  __TI_ATRegion1_src_addr       
00000000  __TI_ATRegion1_trg_addr       
00000000  __TI_ATRegion2_region_sz      
00000000  __TI_ATRegion2_src_addr       
00000000  __TI_ATRegion2_trg_addr       
00000000  __TI_static_base__            
00000000  interruptVectors              
000000c1  __TI_printfi                  
00000200  __STACK_SIZE                  
00000a91  cmd_gauge                     
00000ff5  cmd_bq                        
000013d9  main                          
00001775  CLI_ProcessInput              
00001eb5  I2C_ReadDevice                
00002089  cmd_i2cscan                   
00002249  __aeabi_dsub                  
00002249  __subdf3                      
00002253  __adddf3                      
00002253  __aeabi_dadd                  
000023db  ADC0_IRQHandler               
000023db  ADC1_IRQHandler               
000023db  AES_IRQHandler                
000023db  CANFD0_IRQHandler             
000023db  DAC0_IRQHandler               
000023db  DMA_IRQHandler                
000023db  Default_Handler               
000023db  GROUP0_IRQHandler             
000023db  GROUP1_IRQHandler             
000023db  HardFault_Handler             
000023db  NMI_Handler                   
000023db  PendSV_Handler                
000023db  RTC_IRQHandler                
000023db  SPI0_IRQHandler               
000023db  SVC_Handler                   
000023db  SysTick_Handler               
000023db  TIMA0_IRQHandler              
000023db  TIMA1_IRQHandler              
000023db  TIMG0_IRQHandler              
000023db  TIMG12_IRQHandler             
000023db  TIMG6_IRQHandler              
000023db  TIMG7_IRQHandler              
000023db  TIMG8_IRQHandler              
000023db  UART1_IRQHandler              
000023db  UART2_IRQHandler              
000023db  UART3_IRQHandler              
000023dd  cmd_spi                       
00002549  strtol                        
000027c9  I2C_WriteDevice               
00002a21  __aeabi_ddiv                  
00002a21  __divdf3                      
00002b2d  BQ27Z746_UpdateTelemetry      
00002c2d  SYSCFG_DL_GPIO_init           
00002d2d  DL_Timer_initTimerMode        
00002e29  BQ27Z746_MAC_Read             
00002f23  BQ27Z746_GetChargingStatus    
00003019  BQ27Z746_GetChemID            
0000310f  BQ27Z746_GetDeviceType        
00003205  BQ27Z746_GetGaugingStatus     
000032fb  BQ27Z746_GetOperationStatus   
000033f1  BQ27Z746_GetFirmwareVersion   
000034e3  __aeabi_idiv0                 
000034e5  BQ25628E_Init_Default         
000035d5  cmd_pwr                       
000036c5  I2C_TryAddress                
000037a9  __aeabi_dmul                  
000037a9  __muldf3                      
0000388d  ldexp                         
0000388d  ldexpl                        
0000388d  scalbn                        
0000388d  scalbnl                       
00003965  cmd_hall                      
00003a35  Shared_I2C_IRQHandler         
00003af1  UARTReceive                   
00003b9d  BQ25628E_UpdateTelemetry      
00003c41  __udivmoddi4                  
00003ce3  memcpy                        
00003d7c  C$$EXIT                       
00003d7d  HOSTexit                      
00003d81  strcmp                        
00003e09  SYSCFG_DL_initPower           
00003e85  __TI_decompress_lzss          
00003f01  uart_printf                   
00003f79  __gedf2                       
00003f79  __gtdf2                       
00003fed  SYSCFG_DL_UART_0_init         
0000405d  CLI_Tokenize                  
000040c5  SYSCFG_DL_I2C_0_init          
0000412d  SYSCFG_DL_I2C_1_init          
00004195  __cmpdf2                      
00004195  __eqdf2                       
00004195  __ledf2                       
00004195  __ltdf2                       
00004195  __nedf2                       
00004263  __aeabi_ldiv0                 
00004265  SYSCFG_DL_SPI_0_init          
000042c9  cmd_help                      
0000432d  __aeabi_dcmpeq                
00004341  __aeabi_dcmplt                
00004355  __aeabi_dcmple                
00004369  __aeabi_dcmpge                
0000437d  __aeabi_dcmpgt                
0000438f  memset                        
000043f1  SYSCFG_DL_MCU_UART_1_init     
00004451  SYSCFG_DL_SPI_1_init          
000044b1  DL_I2C_fillControllerTXFIFO   
00004511  SPI_Controller_Arm            
0000456d  frexp                         
0000456d  frexpl                        
000045c9  __TI_ltoa                     
00004679  __aeabi_idiv                  
00004679  __aeabi_idivmod               
00004721  DL_DMA_initChannel            
0000476d  __aeabi_d2iz                  
0000476d  __fixdfsi                     
000047b9  DL_UART_init                  
00004801  strtok                        
00004849  DL_SPI_init                   
0000488d  SYSCFG_DL_init                
000048d1  SYSCFG_DL_SYSCTL_init         
00004911  __aeabi_uidiv                 
00004911  __aeabi_uidivmod              
00004951  atoi                          
00004991  vsnprintf                     
000049d1  CLI_RegisterCommand           
00004a0d  DL_I2C_flushControllerTXFIFO  
00004a49  get_UART_buffer               
00004a85  __TI_auto_init_nobinit_nopinit
00004ac1  __muldsi3                     
00004afd  SYSCFG_DL_TIMER_0_init        
00004b35  gauge_read                    
00004b6d  gauge_write                   
00004ba5  SPI1_IRQHandler               
00004bd9  DL_I2C_flushControllerRXFIFO  
00004c09  DL_UART_transmitDataBlocking  
00004c99  gauge_cmd_read                
00004cc9  __aeabi_i2d                   
00004cc9  __floatsidf                   
00004cf5  _c_int00_noargs               
00004d1d  DL_I2C_setClockConfig         
00004d43  strspn                        
00004d69  BQ25628E_ReadReg16            
00004d8d  BQ25628E_ReadReg8             
00004db1  BQ25628E_WriteReg16           
00004dd5  SPI_Controller_Init           
00004df9  __aeabi_lmul                  
00004df9  __muldi3                      
00004e1d  strcspn                       
00004e41  memccpy                       
00004e65  BQ25628E_WriteReg8            
00004e85  BQ27Z746_ReadInternalTemp_C   
00004ea5  BQ27Z746_ReadTemperature_C    
00004ec5  uart_init                     
00004ee5  __aeabi_llsl                  
00004ee5  __ashldi3                     
00004f05  DL_Timer_setClockConfig       
00004f21  i2c_init                      
00004f3d  BQ27Z746_Init                 
00004f55  SYSCFG_DL_DMA_CH0_init        
00004f6d  SYSCFG_DL_DMA_CH1_init        
00004f85  SYSCFG_DL_DMA_CH2_init        
00004f9d  SYSCFG_DL_DMA_CH3_init        
00004fb5  UART0_IRQHandler              
00004fe5  __TI_zero_init_nomemset       
00004ffb  SYSCFG_DL_DMA_init            
00005011  __aeabi_uldivmod              
00005039  DL_SPI_setClockConfig         
0000504b  DL_UART_setClockConfig        
0000505d  __TI_decompress_none          
00005071  BQ27Z746_IsDischarging        
00005081  BQ27Z746_IsFullyCharged       
00005091  BQ27Z746_IsFullyDischarged    
000050a1  I2C0_IRQHandler               
000050b1  I2C1_IRQHandler               
000050c1  gauge_address                 
000050d1  wcslen                        
000050e1  __aeabi_memset                
000050e1  __aeabi_memset4               
000050e1  __aeabi_memset8               
000050fd  BQ25628E_Get_IBAT_mA          
00005109  BQ25628E_Get_IBUS_mA          
00005115  BQ25628E_Get_VBAT_mV          
00005121  BQ25628E_Get_VSYS_mV          
0000512d  BQ27Z746_Get_AvgCurrent_mA    
00005139  BQ27Z746_Get_AvgPower_mW      
00005145  BQ27Z746_Get_BatteryStatus    
00005151  BQ27Z746_Get_Current_mA       
0000515d  BQ27Z746_Get_CycleCount       
00005169  BQ27Z746_Get_FullChargeCap_mAh
00005175  BQ27Z746_Get_InternalTemp_C   
00005181  BQ27Z746_Get_RemainingCap_mAh 
0000518d  BQ27Z746_Get_SOC_pct          
00005199  BQ27Z746_Get_StateOfHealth_pct
000051a5  BQ27Z746_Get_Temperature_C    
000051b1  BQ27Z746_Get_TimeToEmpty_min  
000051bd  BQ27Z746_Get_TimeToFull_min   
000051c9  BQ27Z746_Get_Voltage_mV       
000051d5  BQ27Z746_ReadAvgCurrent_mA    
000051e1  BQ27Z746_ReadAvgPower_mW      
000051ed  BQ27Z746_ReadBatteryStatus    
000051f9  BQ27Z746_ReadCurrent_mA       
00005205  BQ27Z746_ReadCycleCount       
00005211  BQ27Z746_ReadFullChargeCap_mAh
0000521d  BQ27Z746_ReadRemainingCap_mAh 
00005229  BQ27Z746_ReadSOC_pct          
00005235  BQ27Z746_ReadStateOfHealth_pct
00005241  BQ27Z746_ReadTimeToEmpty_min  
0000524d  BQ27Z746_ReadTimeToFull_min   
00005259  BQ27Z746_ReadVoltage_mV       
00005265  __aeabi_memclr                
00005265  __aeabi_memclr4               
00005265  __aeabi_memclr8               
00005271  DL_Common_delayCycles         
000052a1  __aeabi_errno_addr            
000052a9  __aeabi_memcpy                
000052a9  __aeabi_memcpy4               
000052a9  __aeabi_memcpy8               
000052b1  abort                         
000052b7  Reset_Handler                 
000052bb  _system_pre_init              
000056b0  __aeabi_ctype_table_          
000056b0  __aeabi_ctype_table_C         
00006b64  __TI_Handler_Table_Base       
00006b70  __TI_Handler_Table_Limit      
00006b78  __TI_CINIT_Base               
00006b88  __TI_CINIT_Limit              
00006b88  __TI_CINIT_Warm               
20200000  __start___llvm_prf_bits       
20200000  __start___llvm_prf_cnts       
20200000  __stop___llvm_prf_bits        
20200000  __stop___llvm_prf_cnts        
20200078  UART_Buffer                   
202000b8  gSPI_0Backup                  
202000e0  gSPI_1Backup                  
20200108  gRxPacket                     
2020012a  gTxPacket                     
2020014c  stm32Spi                      
20200168  gSPI_RxPacket                 
20200178  gRxCount                      
2020017c  gRxLen                        
20200180  gTxCount                      
20200184  gTxLen                        
20200188  gI2cControllerStatus          
2020018c  gSPI_TxPacket                 
2020019c  __aeabi_errno                 
202001a8  monitor_rate                  
202001cc  bq_monitor_active             
202001cd  char_index                    
202001ce  data_received                 
202001d1  gauge_monitor_active          
202001d3  hall_monitor_active           
20207e00  __stack                       
20208000  __STACK_END                   
ffffffff  __TI_pprof_out_hndl           
ffffffff  __TI_prof_data_size           
ffffffff  __TI_prof_data_start          
ffffffff  __binit__                     
ffffffff  binit                         
UNDEFED   __mpu_init                    
UNDEFED   _system_post_cinit            

[263 symbols]
