******************************************************************************
            TI ARM Clang Linker PC v4.0.4                      
******************************************************************************
>> Linked Wed Mar 11 11:58:26 2026

OUTPUT FILE NAME:   <HW_SW_interface_CCS.out>
ENTRY POINT SYMBOL: "_c_int00_noargs"  address: 00005eb9


MEMORY CONFIGURATION

         name            origin    length      used     unused   attr    fill
----------------------  --------  ---------  --------  --------  ----  --------
  FLASH                 00000000   00020000  000084d8  00017b28  R  X
  SRAM                  20200000   00008000  000003fb  00007c05  RW X
  BCR_CONFIG            41c00000   000000ff  00000000  000000ff  R   
  BSL_CONFIG            41c00100   00000080  00000000  00000080  R   


SEGMENT ALLOCATION MAP

run origin  load origin   length   init length attrs members
----------  ----------- ---------- ----------- ----- -------
00000000    00000000    000084d8   000084d8    r-x
  00000000    00000000    000000c0   000000c0    r-- .intvecs
  000000c0    000000c0    00006410   00006410    r-x .text
  000064d0    000064d0    00001fc0   00001fc0    r-- .rodata
  00008490    00008490    00000048   00000048    r-- .cinit
20200000    20200000    000001fe   00000000    rw-
  20200000    20200000    000001b1   00000000    rw- .bss
  202001b4    202001b4    0000004a   00000000    rw- .data
20207e00    20207e00    00000200   00000000    rw-
  20207e00    20207e00    00000200   00000000    rw- .stack


SECTION ALLOCATION MAP

 output                                  attributes/
section   page    origin      length       input sections
--------  ----  ----------  ----------   ----------------
.intvecs   0    00000000    000000c0     
                  00000000    000000c0     startup_mspm0g350x_ticlang.o (.intvecs)

.text      0    000000c0    00006410     
                  000000c0    000009d0     libc.a : _printfi.c.obj (.text:__TI_printfi)
                  00000a90    000006fc     functions.o (.text.cmd_gauge)
                  0000118c    00000580     functions.o (.text.cmd_fram)
                  0000170c    000003ec     main.o (.text.main)
                  00001af8    000003e4     functions.o (.text.cmd_bq)
                  00001edc    00000344     uart.o (.text.CLI_ProcessInput)
                  00002220    00000220     libc.a : _printfi.c.obj (.text._pconv_a)
                  00002440    000001dc            : _printfi.c.obj (.text._pconv_g)
                  0000261c    000001d4     i2c.o (.text.I2C_ReadDevice)
                  000027f0    000001c0     functions.o (.text.cmd_i2cscan)
                  000029b0    00000192     libclang_rt.builtins.a : adddf3.S.obj (.text.adddf3_subdf3)
                  00002b42    00000002     startup_mspm0g350x_ticlang.o (.text.Default_Handler)
                  00002b44    0000016c     functions.o (.text.cmd_spi)
                  00002cb0    00000144     libc.a : strtol.c.obj (.text.strtol)
                  00002df4    0000013c            : _printfi.c.obj (.text.fcvt)
                  00002f30    00000138     i2c.o (.text.I2C_WriteDevice)
                  00003068    00000138     mb85rs.o (.text.MB85RS_Write)
                  000031a0    00000120     libc.a : _printfi.c.obj (.text._pconv_e)
                  000032c0    0000010c     spi_mem.o (.text.SPI_Memory_Wait)
                  000033cc    0000010c     libclang_rt.builtins.a : divdf3.S.obj (.text.__divdf3)
                  000034d8    00000108     ti_msp_dl_config.o (.text.SYSCFG_DL_GPIO_init)
                  000035e0    00000100     BQ27Z7_functions.o (.text.BQ27Z746_UpdateTelemetry)
                  000036e0    000000fc     BQ25628_functions.o (.text.BQ25628E_UpdateTelemetry)
                  000037dc    000000fc     driverlib.a : dl_timer.o (.text.DL_Timer_initTimerMode)
                  000038d8    000000f0     BQ25628_functions.o (.text.BQ25628E_Init_Default)
                  000039c8    000000f0     functions.o (.text.cmd_pwr)
                  00003ab8    000000ec     BQ27Z7_functions.o (.text.BQ27Z746_GetChargingStatus)
                  00003ba4    000000e4     i2c.o (.text.I2C_TryAddress)
                  00003c88    000000e4     libclang_rt.builtins.a : muldf3.S.obj (.text.__muldf3)
                  00003d6c    000000de     BQ27Z7_functions.o (.text.BQ27Z746_GetDeviceType)
                  00003e4a    000000dc     BQ27Z7_functions.o (.text.BQ27Z746_GetChemID)
                  00003f26    000000dc     BQ27Z7_functions.o (.text.BQ27Z746_GetOperationStatus)
                  00004002    000000dc     BQ27Z7_functions.o (.text.BQ27Z746_GetSafetyStatus)
                  000040de    000000d8     BQ27Z7_functions.o (.text.BQ27Z746_GetFirmwareVersion)
                  000041b6    000000d8     BQ27Z7_functions.o (.text.BQ27Z746_MAC_Read)
                  0000428e    00000002     libclang_rt.builtins.a : aeabi_div0.c.obj (.text.__aeabi_idiv0)
                  00004290    000000d8     libc.a : s_scalbn.c.obj (.text.scalbn)
                  00004368    000000d8     libclang_rt.builtins.a : addsf3.S.obj (.text)
                  00004440    000000d0     functions.o (.text.cmd_hall)
                  00004510    000000bc     i2c.o (.text.Shared_I2C_IRQHandler)
                  000045cc    000000b8     mb85rs.o (.text.MB85RS_Read)
                  00004684    000000b4     BQ27Z7_functions.o (.text.BQ27Z746_SetUTFET_Direct)
                  00004738    000000b0     BQ27Z7_functions.o (.text.BQ27Z746_SetTempSensorConfig)
                  000047e8    000000ac     uart.o (.text.UARTReceive)
                  00004894    000000a2     libclang_rt.builtins.a : udivmoddi4.S.obj (.text)
                  00004936    0000009a     libc.a : memcpy16.S.obj (.text:memcpy)
                  000049d0    00000090     spi_mem.o (.text.SPI_Memory_Arm)
                  00004a60    0000008c     libclang_rt.builtins.a : mulsf3.S.obj (.text.__mulsf3)
                  00004aec    0000008c     libc.a : s_floorf.c.obj (.text.floorf)
                  00004b78    00000008            : aeabi_portable.c.obj (.text.__aeabi_errno_addr)
                  00004b80    00000088            : strcmp-armv6m.S.obj (.text:strcmp)
                  00004c08    00000080     mb85rs.o (.text.MB85RS_ReadID)
                  00004c88    0000007c     ti_msp_dl_config.o (.text.SYSCFG_DL_initPower)
                  00004d04    0000007c     libc.a : copy_decompress_lzss.c.obj (.text:decompress:lzss)
                  00004d80    00000078     uart.o (.text.uart_printf)
                  00004df8    00000074     libclang_rt.builtins.a : comparedf2.c.obj (.text.__gedf2)
                  00004e6c    00000070     ti_msp_dl_config.o (.text.SYSCFG_DL_UART_0_init)
                  00004edc    00000068     uart.o (.text.CLI_Tokenize)
                  00004f44    00000068     ti_msp_dl_config.o (.text.SYSCFG_DL_I2C_0_init)
                  00004fac    00000068     ti_msp_dl_config.o (.text.SYSCFG_DL_I2C_1_init)
                  00005014    00000068     libclang_rt.builtins.a : comparedf2.c.obj (.text.__ledf2)
                  0000507c    00000068     libc.a : s_roundf.c.obj (.text.roundf)
                  000050e4    00000066            : _printfi.c.obj (.text._mcpy)
                  0000514a    00000002     libclang_rt.builtins.a : aeabi_div0.c.obj (.text.__aeabi_ldiv0)
                  0000514c    00000064     ti_msp_dl_config.o (.text.SYSCFG_DL_SPI_0_init)
                  000051b0    00000064     uart.o (.text.cmd_help)
                  00005214    00000062     libclang_rt.builtins.a : aeabi_dcmp.S.obj (.text.__aeabi_dcmp)
                  00005276    00000002     --HOLE-- [fill = 0]
                  00005278    00000062                            : aeabi_fcmp.S.obj (.text.__aeabi_fcmp)
                  000052da    00000062     libc.a : memset16.S.obj (.text:memset)
                  0000533c    00000060     ti_msp_dl_config.o (.text.SYSCFG_DL_MCU_UART_1_init)
                  0000539c    00000060     ti_msp_dl_config.o (.text.SYSCFG_DL_SPI_1_init)
                  000053fc    0000005e     driverlib.a : dl_i2c.o (.text.DL_I2C_fillControllerTXFIFO)
                  0000545a    00000002     --HOLE-- [fill = 0]
                  0000545c    0000005c     spi_master.o (.text.SPI_Controller_Arm)
                  000054b8    0000005c     libc.a : s_frexp.c.obj (.text.frexp)
                  00005514    0000005a     mb85rs.o (.text.MB85RS_ReadStatus)
                  0000556e    00000058     libc.a : _ltoa.c.obj (.text.__TI_ltoa)
                  000055c6    00000058            : _printfi.c.obj (.text._pconv_f)
                  0000561e    00000002     --HOLE-- [fill = 0]
                  00005620    00000056     libclang_rt.builtins.a : aeabi_idivmod.S.obj (.text.__aeabi_idivmod)
                  00005676    00000052     libc.a : _printfi.c.obj (.text._ecpy)
                  000056c8    0000004c     driverlib.a : dl_dma.o (.text.DL_DMA_initChannel)
                  00005714    0000004a     BQ27Z7_functions.o (.text.BQ27Z746_GetTempConfig)
                  0000575e    00000002     --HOLE-- [fill = 0]
                  00005760    0000004a     libclang_rt.builtins.a : fixdfsi.S.obj (.text.__fixdfsi)
                  000057aa    00000048     BQ27Z7_functions.o (.text.BQ27Z746_GetFETOptions)
                  000057f2    00000002     --HOLE-- [fill = 0]
                  000057f4    00000048     driverlib.a : dl_uart.o (.text.DL_UART_init)
                  0000583c    00000048     libc.a : strtok.c.obj (.text.strtok)
                  00005884    00000044     driverlib.a : dl_spi.o (.text.DL_SPI_init)
                  000058c8    00000044     ti_msp_dl_config.o (.text.SYSCFG_DL_init)
                  0000590c    00000040     ti_msp_dl_config.o (.text.SYSCFG_DL_SYSCTL_init)
                  0000594c    00000040     libclang_rt.builtins.a : aeabi_uidivmod.S.obj (.text.__aeabi_uidivmod)
                  0000598c    00000040     libc.a : atoi.c.obj (.text.atoi)
                  000059cc    00000040            : vsnprintf.c.obj (.text.vsnprintf)
                  00005a0c    0000003c     uart.o (.text.CLI_RegisterCommand)
                  00005a48    0000003c     driverlib.a : dl_i2c.o (.text.DL_I2C_flushControllerTXFIFO)
                  00005a84    0000003c     libclang_rt.builtins.a : comparesf2.S.obj (.text.__gtsf2)
                  00005ac0    0000003c     uart.o (.text.get_UART_buffer)
                  00005afc    0000003c     libc.a : autoinit.c.obj (.text:__TI_auto_init_nobinit_nopinit)
                  00005b38    0000003a     libclang_rt.builtins.a : comparesf2.S.obj (.text.__eqsf2)
                  00005b72    00000002     --HOLE-- [fill = 0]
                  00005b74    0000003a                            : muldsi3.S.obj (.text.__muldsi3)
                  00005bae    00000002     --HOLE-- [fill = 0]
                  00005bb0    00000038     ti_msp_dl_config.o (.text.SYSCFG_DL_TIMER_0_init)
                  00005be8    00000038     libclang_rt.builtins.a : fixsfsi.S.obj (.text.__fixsfsi)
                  00005c20    00000038     gauge.o (.text.gauge_read)
                  00005c58    00000038     gauge.o (.text.gauge_write)
                  00005c90    00000034     spi_master.o (.text.SPI1_IRQHandler)
                  00005cc4    00000030     driverlib.a : dl_i2c.o (.text.DL_I2C_flushControllerRXFIFO)
                  00005cf4    00000030                 : dl_uart.o (.text.DL_UART_transmitDataBlocking)
                  00005d24    00000030     libc.a : _printfi.c.obj (.text._fcpy)
                  00005d54    00000030            : vsnprintf.c.obj (.text._outs)
                  00005d84    00000030     gauge.o (.text.gauge_cmd_read)
                  00005db4    0000002c     BQ27Z7_functions.o (.text.BQ27Z746_Init)
                  00005de0    0000002c     mb85rs.o (.text.MB85RS_Init)
                  00005e0c    0000002c     spi_mem.o (.text.SPI0_IRQHandler)
                  00005e38    0000002c     spi_mem.o (.text.SPI_Memory_Init)
                  00005e64    0000002c     libclang_rt.builtins.a : floatsidf.S.obj (.text.__floatsidf)
                  00005e90    00000028                            : floatunsisf.S.obj (.text.__floatunsisf)
                  00005eb8    00000028     libc.a : boot_cortex_m.c.obj (.text:_c_int00_noargs)
                  00005ee0    00000026     driverlib.a : dl_i2c.o (.text.DL_I2C_setClockConfig)
                  00005f06    00000026     libc.a : strspn.c.obj (.text.strspn)
                  00005f2c    00000024     BQ25628_functions.o (.text.BQ25628E_ReadReg16)
                  00005f50    00000024     BQ25628_functions.o (.text.BQ25628E_ReadReg8)
                  00005f74    00000024     BQ25628_functions.o (.text.BQ25628E_WriteReg16)
                  00005f98    00000024     spi_master.o (.text.SPI_Controller_Init)
                  00005fbc    00000024     libclang_rt.builtins.a : muldi3.S.obj (.text.__muldi3)
                  00005fe0    00000024     libc.a : strcspn.c.obj (.text.strcspn)
                  00006004    00000022            : memccpy.c.obj (.text.memccpy)
                  00006026    00000002     --HOLE-- [fill = 0]
                  00006028    00000020     BQ25628_functions.o (.text.BQ25628E_WriteReg8)
                  00006048    00000020     BQ27Z7_functions.o (.text.BQ27Z746_ReadInternalTemp_C)
                  00006068    00000020     BQ27Z7_functions.o (.text.BQ27Z746_ReadTemperature_C)
                  00006088    00000020     uart.o (.text.uart_init)
                  000060a8    0000001e     BQ27Z7_functions.o (.text.BQ27Z746_MAC_Send)
                  000060c6    00000002     --HOLE-- [fill = 0]
                  000060c8    0000001e     libclang_rt.builtins.a : ashldi3.S.obj (.text.__ashldi3)
                  000060e6    00000002     --HOLE-- [fill = 0]
                  000060e8    0000001c     driverlib.a : dl_timer.o (.text.DL_Timer_setClockConfig)
                  00006104    0000001c     i2c.o (.text.i2c_init)
                  00006120    00000018     ti_msp_dl_config.o (.text.SYSCFG_DL_DMA_CH0_init)
                  00006138    00000018     ti_msp_dl_config.o (.text.SYSCFG_DL_DMA_CH1_init)
                  00006150    00000018     ti_msp_dl_config.o (.text.SYSCFG_DL_DMA_CH2_init)
                  00006168    00000018     ti_msp_dl_config.o (.text.SYSCFG_DL_DMA_CH3_init)
                  00006180    00000018     main.o (.text.UART0_IRQHandler)
                  00006198    00000018     libc.a : vsnprintf.c.obj (.text._outc)
                  000061b0    00000016            : copy_zero_init.c.obj (.text:decompress:ZI:__TI_zero_init_nomemset)
                  000061c6    00000014     ti_msp_dl_config.o (.text.SYSCFG_DL_DMA_init)
                  000061da    00000002     --HOLE-- [fill = 0]
                  000061dc    00000014     libclang_rt.builtins.a : aeabi_uldivmod.S.obj (.text.__aeabi_uldivmod)
                  000061f0    00000014     libc.a : _printfi.c.obj (.text.strchr)
                  00006204    00000012     driverlib.a : dl_spi.o (.text.DL_SPI_setClockConfig)
                  00006216    00000012                 : dl_uart.o (.text.DL_UART_setClockConfig)
                  00006228    00000012     libc.a : copy_decompress_none.c.obj (.text:decompress:none)
                  0000623a    00000002     --HOLE-- [fill = 0]
                  0000623c    00000010     BQ27Z7_functions.o (.text.BQ27Z746_IsDischarging)
                  0000624c    00000010     BQ27Z7_functions.o (.text.BQ27Z746_IsFullyCharged)
                  0000625c    00000010     BQ27Z7_functions.o (.text.BQ27Z746_IsFullyDischarged)
                  0000626c    00000010     i2c.o (.text.I2C0_IRQHandler)
                  0000627c    00000010     i2c.o (.text.I2C1_IRQHandler)
                  0000628c    00000010     spi_mem.o (.text.SPI_Memory_CS_Deassert)
                  0000629c    00000010     gauge.o (.text.gauge_address)
                  000062ac    00000010     libc.a : wcslen.c.obj (.text.wcslen)
                  000062bc    0000000e     libclang_rt.builtins.a : aeabi_memset.S.obj (.text.__aeabi_memset)
                  000062ca    0000000e     libc.a : _printfi.c.obj (.text.strlen)
                  000062d8    0000000c     BQ25628_functions.o (.text.BQ25628E_Get_IBAT_mA)
                  000062e4    0000000c     BQ25628_functions.o (.text.BQ25628E_Get_IBUS_mA)
                  000062f0    0000000c     BQ25628_functions.o (.text.BQ25628E_Get_VBAT_mV)
                  000062fc    0000000c     BQ25628_functions.o (.text.BQ25628E_Get_VBUS_mV)
                  00006308    0000000c     BQ25628_functions.o (.text.BQ25628E_Get_VSYS_mV)
                  00006314    0000000c     BQ27Z7_functions.o (.text.BQ27Z746_Get_AvgCurrent_mA)
                  00006320    0000000c     BQ27Z7_functions.o (.text.BQ27Z746_Get_AvgPower_mW)
                  0000632c    0000000c     BQ27Z7_functions.o (.text.BQ27Z746_Get_BatteryStatus)
                  00006338    0000000c     BQ27Z7_functions.o (.text.BQ27Z746_Get_Current_mA)
                  00006344    0000000c     BQ27Z7_functions.o (.text.BQ27Z746_Get_CycleCount)
                  00006350    0000000c     BQ27Z7_functions.o (.text.BQ27Z746_Get_FullChargeCap_mAh)
                  0000635c    0000000c     BQ27Z7_functions.o (.text.BQ27Z746_Get_InternalTemp_C)
                  00006368    0000000c     BQ27Z7_functions.o (.text.BQ27Z746_Get_RemainingCap_mAh)
                  00006374    0000000c     BQ27Z7_functions.o (.text.BQ27Z746_Get_SOC_pct)
                  00006380    0000000c     BQ27Z7_functions.o (.text.BQ27Z746_Get_StateOfHealth_pct)
                  0000638c    0000000c     BQ27Z7_functions.o (.text.BQ27Z746_Get_Temperature_C)
                  00006398    0000000c     BQ27Z7_functions.o (.text.BQ27Z746_Get_TimeToEmpty_min)
                  000063a4    0000000c     BQ27Z7_functions.o (.text.BQ27Z746_Get_TimeToFull_min)
                  000063b0    0000000c     BQ27Z7_functions.o (.text.BQ27Z746_Get_Voltage_mV)
                  000063bc    0000000c     BQ27Z7_functions.o (.text.BQ27Z746_ReadAvgCurrent_mA)
                  000063c8    0000000c     BQ27Z7_functions.o (.text.BQ27Z746_ReadAvgPower_mW)
                  000063d4    0000000c     BQ27Z7_functions.o (.text.BQ27Z746_ReadBatteryStatus)
                  000063e0    0000000c     BQ27Z7_functions.o (.text.BQ27Z746_ReadCurrent_mA)
                  000063ec    0000000c     BQ27Z7_functions.o (.text.BQ27Z746_ReadCycleCount)
                  000063f8    0000000c     BQ27Z7_functions.o (.text.BQ27Z746_ReadFullChargeCap_mAh)
                  00006404    0000000c     BQ27Z7_functions.o (.text.BQ27Z746_ReadRemainingCap_mAh)
                  00006410    0000000c     BQ27Z7_functions.o (.text.BQ27Z746_ReadSOC_pct)
                  0000641c    0000000c     BQ27Z7_functions.o (.text.BQ27Z746_ReadStateOfHealth_pct)
                  00006428    0000000c     BQ27Z7_functions.o (.text.BQ27Z746_ReadTimeToEmpty_min)
                  00006434    0000000c     BQ27Z7_functions.o (.text.BQ27Z746_ReadTimeToFull_min)
                  00006440    0000000c     BQ27Z7_functions.o (.text.BQ27Z746_ReadVoltage_mV)
                  0000644c    0000000c     spi_mem.o (.text.SPI_Memory_CS_Assert)
                  00006458    0000000c     libclang_rt.builtins.a : aeabi_memset.S.obj (.text.__aeabi_memclr)
                  00006464    0000000a     driverlib.a : dl_common.o (.text.DL_Common_delayCycles)
                  0000646e    0000000a     libc.a : _printfi.c.obj (.text.OUTLINED_FUNCTION_0)
                  00006478    00000010     libclang_rt.builtins.a : adddf3.S.obj (.tramp.__aeabi_dsub.1)
                  00006488    0000000a     libc.a : s_roundf.c.obj (.text.OUTLINED_FUNCTION_0)
                  00006492    00000002     --HOLE-- [fill = 0]
                  00006494    00000010     libclang_rt.builtins.a : addsf3.S.obj (.tramp.__aeabi_fadd.1)
                  000064a4    0000000a     libc.a : _printfi.c.obj (.text.OUTLINED_FUNCTION_1)
                  000064ae    00000002     --HOLE-- [fill = 0]
                  000064b0    00000008     libclang_rt.builtins.a : aeabi_memcpy.S.obj (.text.__aeabi_memcpy)
                  000064b8    00000006     libc.a : exit.c.obj (.text:abort)
                  000064be    00000004     libsysbm.a : hostexit.c.obj (.text.HOSTexit)
                  000064c2    00000004     startup_mspm0g350x_ticlang.o (.text.Reset_Handler)
                  000064c6    00000004     libc.a : pre_init.c.obj (.text._system_pre_init)
                  000064ca    00000006     --HOLE-- [fill = 0]

.cinit     0    00008490    00000048     
                  00008490    00000024     (.cinit..data.load) [load image, compression = lzss]
                  000084b4    0000000c     (__TI_handler_table)
                  000084c0    00000008     (.cinit..bss.load) [load image, compression = zero_init]
                  000084c8    00000010     (__TI_cinit_table)

.rodata    0    000064d0    00001fc0     
                  000064d0    00000260     functions.o (.rodata.str1.14424774467072349609.1)
                  00006730    000001da     functions.o (.rodata.str1.17600609178903569978.1)
                  0000690a    00000131     functions.o (.rodata.str1.16985884696085998545.1)
                  00006a3b    00000005     main.o (.rodata.str1.10635229749459437609.1)
                  00006a40    00000101     libc.a : aeabi_ctype.S.obj (.rodata:__aeabi_ctype_table_)
                  00006b41    000000af     functions.o (.rodata.str1.10105263805998509149.1)
                  00006bf0    00000046     functions.o (.rodata.str1.14754684760099289372.1)
                  00006c36    00000041     functions.o (.rodata.str1.2344728598999326712.1)
                  00006c77    0000003c     functions.o (.rodata.str1.6596733414268854495.1)
                  00006cb3    0000003b     functions.o (.rodata.str1.11345522308171243087.1)
                  00006cee    0000003b     main.o (.rodata.str1.7784929982665794503.1)
                  00006d29    0000003a     functions.o (.rodata.str1.2989574447005584482.1)
                  00006d63    00000036     functions.o (.rodata.str1.389011575781332116.1)
                  00006d99    00000035     functions.o (.rodata.str1.455706336395187257.1)
                  00006dce    00000033     functions.o (.rodata.str1.17669684748118727147.1)
                  00006e01    00000031     main.o (.rodata.str1.16265332423659789559.1)
                  00006e32    00000031     functions.o (.rodata.str1.5699953771227312792.1)
                  00006e63    00000030     main.o (.rodata.str1.1311392489248731986.1)
                  00006e93    0000002f     functions.o (.rodata.str1.11510568493784519380.1)
                  00006ec2    0000002f     main.o (.rodata.str1.18227636981041470289.1)
                  00006ef1    0000002d     functions.o (.rodata.str1.16113805747440866019.1)
                  00006f1e    0000002d     functions.o (.rodata.str1.17873271132953962449.1)
                  00006f4b    0000002d     functions.o (.rodata.str1.2132137826339264873.1)
                  00006f78    0000002d     functions.o (.rodata.str1.2654337880733388962.1)
                  00006fa5    0000002d     functions.o (.rodata.str1.303947978237559523.1)
                  00006fd2    0000002c     main.o (.rodata.str1.2563708670032483588.1)
                  00006ffe    0000002a     functions.o (.rodata.str1.13933329845969146692.1)
                  00007028    0000002a     functions.o (.rodata.str1.4088760258362988122.1)
                  00007052    0000002a     functions.o (.rodata.str1.4198453541086758413.1)
                  0000707c    00000029     functions.o (.rodata.str1.14212890215622683485.1)
                  000070a5    00000028     functions.o (.rodata.str1.13707145581914847747.1)
                  000070cd    00000027     functions.o (.rodata.str1.4144252613811081812.1)
                  000070f4    00000027     functions.o (.rodata.str1.7085808795165203043.1)
                  0000711b    00000027     main.o (.rodata.str1.9059077390166914652.1)
                  00007142    00000026     functions.o (.rodata.str1.11596568296542930794.1)
                  00007168    00000026     functions.o (.rodata.str1.312031595841812858.1)
                  0000718e    00000026     main.o (.rodata.str1.403738606202455663.1)
                  000071b4    00000025     main.o (.rodata.str1.11870794119293528247.1)
                  000071d9    00000025     functions.o (.rodata.str1.5196872854305757230.1)
                  000071fe    00000024     main.o (.rodata.str1.13030671760666898970.1)
                  00007222    00000024     main.o (.rodata.str1.16302215771116645891.1)
                  00007246    00000024     functions.o (.rodata.str1.16499007181999684178.1)
                  0000726a    00000024     functions.o (.rodata.str1.2298903785866919411.1)
                  0000728e    00000024     functions.o (.rodata.str1.4930741957133989383.1)
                  000072b2    00000023     functions.o (.rodata.str1.13060549876486072544.1)
                  000072d5    00000023     main.o (.rodata.str1.14402440632258215044.1)
                  000072f8    00000023     uart.o (.rodata.str1.14464947116831474962.1)
                  0000731b    00000023     functions.o (.rodata.str1.3739636256912452571.1)
                  0000733e    00000023     functions.o (.rodata.str1.7723146404961276984.1)
                  00007361    00000022     functions.o (.rodata.str1.11403685632016021771.1)
                  00007383    00000022     main.o (.rodata.str1.13288086030101331538.1)
                  000073a5    00000022     functions.o (.rodata.str1.13554695696533425351.1)
                  000073c7    00000022     functions.o (.rodata.str1.14626576299884526934.1)
                  000073e9    00000022     functions.o (.rodata.str1.16386345573460399209.1)
                  0000740b    00000022     functions.o (.rodata.str1.16614484817706633923.1)
                  0000742d    00000022     main.o (.rodata.str1.17770841602246103764.1)
                  0000744f    00000022     functions.o (.rodata.str1.2305192595417680505.1)
                  00007471    00000022     main.o (.rodata.str1.5043408953494467246.1)
                  00007493    00000022     functions.o (.rodata.str1.823074591787180899.1)
                  000074b5    00000021     functions.o (.rodata.str1.14504089057119714207.1)
                  000074d6    00000021     functions.o (.rodata.str1.1463293767001829125.1)
                  000074f7    00000021     functions.o (.rodata.str1.17004305802620412261.1)
                  00007518    00000021     functions.o (.rodata.str1.17112998893623131760.1)
                  00007539    00000021     functions.o (.rodata.str1.17954340015018547257.1)
                  0000755a    00000021     functions.o (.rodata.str1.18169768820860067831.1)
                  0000757b    00000021     functions.o (.rodata.str1.2006883888705870762.1)
                  0000759c    00000021     functions.o (.rodata.str1.2618360898605671341.1)
                  000075bd    00000021     functions.o (.rodata.str1.3107984650851015417.1)
                  000075de    00000021     functions.o (.rodata.str1.4531601087117612729.1)
                  000075ff    00000021     functions.o (.rodata.str1.4910338030008278487.1)
                  00007620    00000021     functions.o (.rodata.str1.5896414462293131170.1)
                  00007641    00000021     functions.o (.rodata.str1.831622212789273363.1)
                  00007662    00000020     functions.o (.rodata.str1.10868672936327135180.1)
                  00007682    00000020     functions.o (.rodata.str1.11158820112163685190.1)
                  000076a2    00000020     functions.o (.rodata.str1.11740181311745255940.1)
                  000076c2    00000020     functions.o (.rodata.str1.11852899632267644254.1)
                  000076e2    00000020     functions.o (.rodata.str1.12250083639950253671.1)
                  00007702    00000020     functions.o (.rodata.str1.12257129677820421622.1)
                  00007722    00000020     functions.o (.rodata.str1.16726128468901222387.1)
                  00007742    00000020     main.o (.rodata.str1.6554448696319176064.1)
                  00007762    00000020     functions.o (.rodata.str1.7108839738911806945.1)
                  00007782    0000001f     functions.o (.rodata.str1.13869735989619804122.1)
                  000077a1    0000001f     main.o (.rodata.str1.14112174005742061988.1)
                  000077c0    0000001f     functions.o (.rodata.str1.15914577833492633752.1)
                  000077df    0000001f     functions.o (.rodata.str1.1798579838546719175.1)
                  000077fe    0000001f     functions.o (.rodata.str1.2606492479815574346.1)
                  0000781d    0000001f     functions.o (.rodata.str1.3741468063811768988.1)
                  0000783c    0000001f     functions.o (.rodata.str1.4214633535407782609.1)
                  0000785b    0000001f     functions.o (.rodata.str1.6433388484108913441.1)
                  0000787a    0000001f     functions.o (.rodata.str1.6500671132244866452.1)
                  00007899    0000001f     functions.o (.rodata.str1.7261598007108977983.1)
                  000078b8    0000001f     functions.o (.rodata.str1.8841248051089024616.1)
                  000078d7    0000001e     functions.o (.rodata.str1.11548324711019379123.1)
                  000078f5    0000001e     functions.o (.rodata.str1.11584461607463951922.1)
                  00007913    0000001e     functions.o (.rodata.str1.12869987097872302101.1)
                  00007931    0000001e     functions.o (.rodata.str1.13258710136769708401.1)
                  0000794f    0000001e     functions.o (.rodata.str1.13361924668150654931.1)
                  0000796d    0000001e     functions.o (.rodata.str1.2153166669032916089.1)
                  0000798b    0000001e     functions.o (.rodata.str1.2957129483359387701.1)
                  000079a9    0000001e     functions.o (.rodata.str1.9393216526452698668.1)
                  000079c7    0000001e     functions.o (.rodata.str1.9504405780896684869.1)
                  000079e5    0000001e     functions.o (.rodata.str1.9987864939932165754.1)
                  00007a03    0000001d     functions.o (.rodata.str1.10029850049327752681.1)
                  00007a20    0000001d     functions.o (.rodata.str1.7324634916810494498.1)
                  00007a3d    0000001d     functions.o (.rodata.str1.771275161403278999.1)
                  00007a5a    0000001c     functions.o (.rodata.str1.11489194655681450928.1)
                  00007a76    0000001c     functions.o (.rodata.str1.12122565456592184258.1)
                  00007a92    0000001c     main.o (.rodata.str1.12180500075719773345.1)
                  00007aae    0000001c     functions.o (.rodata.str1.13405053720543497480.1)
                  00007aca    0000001c     functions.o (.rodata.str1.14296218639596138037.1)
                  00007ae6    0000001c     functions.o (.rodata.str1.15241132200125037881.1)
                  00007b02    0000001b     functions.o (.rodata.str1.15871961652988661611.1)
                  00007b1d    0000001b     functions.o (.rodata.str1.1879081474855052955.1)
                  00007b38    0000001b     functions.o (.rodata.str1.3322434249706281543.1)
                  00007b53    0000001b     functions.o (.rodata.str1.4040450050525152614.1)
                  00007b6e    0000001b     functions.o (.rodata.str1.6579945242302544448.1)
                  00007b89    0000001b     functions.o (.rodata.str1.6886749528440134913.1)
                  00007ba4    0000001b     functions.o (.rodata.str1.7667325258934765219.1)
                  00007bbf    0000001a     main.o (.rodata.str1.10313062130652730376.1)
                  00007bd9    0000001a     functions.o (.rodata.str1.10394495994740858438.1)
                  00007bf3    0000001a     functions.o (.rodata.str1.11621569494667626893.1)
                  00007c0d    0000001a     functions.o (.rodata.str1.12609848238114409581.1)
                  00007c27    0000001a     functions.o (.rodata.str1.1518209179495633459.1)
                  00007c41    0000001a     functions.o (.rodata.str1.2190941444116491765.1)
                  00007c5b    0000001a     functions.o (.rodata.str1.2872345601479061820.1)
                  00007c75    0000001a     functions.o (.rodata.str1.5905555877690922764.1)
                  00007c8f    0000001a     functions.o (.rodata.str1.8113497073403762318.1)
                  00007ca9    0000001a     functions.o (.rodata.str1.976629323795015702.1)
                  00007cc3    0000001a     functions.o (.rodata.str1.9955790773425000222.1)
                  00007cdd    00000019     functions.o (.rodata.str1.11296493460036947760.1)
                  00007cf6    00000019     functions.o (.rodata.str1.2347775125427912132.1)
                  00007d0f    00000019     main.o (.rodata.str1.2763581881760962609.1)
                  00007d28    00000018     ti_msp_dl_config.o (.rodata.gDMA_CH0Config)
                  00007d40    00000018     ti_msp_dl_config.o (.rodata.gDMA_CH1Config)
                  00007d58    00000018     ti_msp_dl_config.o (.rodata.gDMA_CH2Config)
                  00007d70    00000018     ti_msp_dl_config.o (.rodata.gDMA_CH3Config)
                  00007d88    00000018     functions.o (.rodata.str1.14826907694073300720.1)
                  00007da0    00000018     functions.o (.rodata.str1.15647711897633472048.1)
                  00007db8    00000018     functions.o (.rodata.str1.3544098629501009633.1)
                  00007dd0    00000018     functions.o (.rodata.str1.4307635291288551838.1)
                  00007de8    00000018     functions.o (.rodata.str1.5556253844797924259.1)
                  00007e00    00000018     main.o (.rodata.str1.8154729771448623357.1)
                  00007e18    00000017     functions.o (.rodata.str1.10930655922842606279.1)
                  00007e2f    00000017     functions.o (.rodata.str1.14247832736261690914.1)
                  00007e46    00000017     functions.o (.rodata.str1.15416425971347363818.1)
                  00007e5d    00000017     functions.o (.rodata.str1.15981603964029308583.1)
                  00007e74    00000017     functions.o (.rodata.str1.17162129685140799346.1)
                  00007e8b    00000017     functions.o (.rodata.str1.17242831494859343374.1)
                  00007ea2    00000017     functions.o (.rodata.str1.18157200286260056646.1)
                  00007eb9    00000017     functions.o (.rodata.str1.6954128830300373732.1)
                  00007ed0    00000017     main.o (.rodata.str1.6976963560179378225.1)
                  00007ee7    00000016     functions.o (.rodata.str1.13647871663007229205.1)
                  00007efd    00000016     functions.o (.rodata.str1.13750405472340812261.1)
                  00007f13    00000016     uart.o (.rodata.str1.15503172443992438641.1)
                  00007f29    00000016     functions.o (.rodata.str1.1912318065655334061.1)
                  00007f3f    00000016     functions.o (.rodata.str1.2216088936736676215.1)
                  00007f55    00000016     functions.o (.rodata.str1.504123949362312185.1)
                  00007f6b    00000016     main.o (.rodata.str1.6891813955777630061.1)
                  00007f81    00000016     functions.o (.rodata.str1.7276749916342729794.1)
                  00007f97    00000016     functions.o (.rodata.str1.8430466031500812981.1)
                  00007fad    00000016     functions.o (.rodata.str1.8683587540435544184.1)
                  00007fc3    00000015     functions.o (.rodata.str1.11457859038367029433.1)
                  00007fd8    00000015     functions.o (.rodata.str1.13291850131445628085.1)
                  00007fed    00000015     functions.o (.rodata.str1.13318008327193210645.1)
                  00008002    00000015     functions.o (.rodata.str1.14079700471513303319.1)
                  00008017    00000015     functions.o (.rodata.str1.14779408147115502373.1)
                  0000802c    00000015     functions.o (.rodata.str1.16344480386849582482.1)
                  00008041    00000015     functions.o (.rodata.str1.17171889877841249491.1)
                  00008056    00000015     functions.o (.rodata.str1.18285776561876861988.1)
                  0000806b    00000015     functions.o (.rodata.str1.5514502381961403268.1)
                  00008080    00000015     functions.o (.rodata.str1.7987950595137088371.1)
                  00008095    00000015     main.o (.rodata.str1.8076846746581808073.1)
                  000080aa    00000015     uart.o (.rodata.str1.8171864734171609186.1)
                  000080bf    00000001     --HOLE-- [fill = 0]
                  000080c0    00000014     ti_msp_dl_config.o (.rodata.gTIMER_0TimerConfig)
                  000080d4    00000014     functions.o (.rodata.str1.13213250456124221025.1)
                  000080e8    00000014     main.o (.rodata.str1.14079361385603432444.1)
                  000080fc    00000014     functions.o (.rodata.str1.16699442666505370998.1)
                  00008110    00000014     functions.o (.rodata.str1.17124744513834159004.1)
                  00008124    00000014     functions.o (.rodata.str1.3274426514815924028.1)
                  00008138    00000013     functions.o (.rodata.str1.11087625087312282266.1)
                  0000814b    00000013     functions.o (.rodata.str1.17622889657162422067.1)
                  0000815e    00000013     functions.o (.rodata.str1.5117621188084071403.1)
                  00008171    00000012     functions.o (.rodata.str1.11371842499512143921.1)
                  00008183    00000012     functions.o (.rodata.str1.11391304066098951517.1)
                  00008195    00000012     main.o (.rodata.str1.11702106008850790973.1)
                  000081a7    00000012     functions.o (.rodata.str1.14660004578859228044.1)
                  000081b9    00000011     libc.a : _printfi.c.obj (.rodata.str1.10348868589481759720.1)
                  000081ca    00000011     main.o (.rodata.str1.14466178792657420020.1)
                  000081db    00000011     libc.a : _printfi.c.obj (.rodata.str1.15363888844622738466.1)
                  000081ec    00000011     main.o (.rodata.str1.17045314124001216156.1)
                  000081fd    00000011     main.o (.rodata.str1.39260288392874984.1)
                  0000820e    00000011     main.o (.rodata.str1.7996925722583989644.1)
                  0000821f    00000011     main.o (.rodata.str1.8428454045432808059.1)
                  00008230    00000011     functions.o (.rodata.str1.8855207564147674068.1)
                  00008241    00000003     ti_msp_dl_config.o (.rodata.gTIMER_0ClockConfig)
                  00008244    00000010     functions.o (.rodata..Lswitch.table.cmd_fram)
                  00008254    00000010     main.o (.rodata..Lswitch.table.main)
                  00008264    0000000f     functions.o (.rodata.str1.6405428687533244608.1)
                  00008273    0000000e     functions.o (.rodata.str1.1787322033648190911.1)
                  00008281    0000000e     main.o (.rodata.str1.18092426736022315238.1)
                  0000828f    0000000d     main.o (.rodata.str1.11321157723316767883.1)
                  0000829c    0000000d     functions.o (.rodata.str1.14249227603012650231.1)
                  000082a9    0000000c     main.o (.rodata.str1.8096991282711418442.1)
                  000082b5    0000000c     functions.o (.rodata.str1.9586352787182320994.1)
                  000082c1    0000000b     main.o (.rodata.str1.13782249893155712474.1)
                  000082cc    0000000b     functions.o (.rodata.str1.9866892624350641238.1)
                  000082d7    00000001     --HOLE-- [fill = 0]
                  000082d8    0000000a     ti_msp_dl_config.o (.rodata.gMCU_UART_1Config)
                  000082e2    0000000a     ti_msp_dl_config.o (.rodata.gSPI_0_config)
                  000082ec    0000000a     ti_msp_dl_config.o (.rodata.gSPI_1_config)
                  000082f6    0000000a     ti_msp_dl_config.o (.rodata.gUART_0Config)
                  00008300    0000000a     main.o (.rodata.str1.10224226614597680209.1)
                  0000830a    0000000a     functions.o (.rodata.str1.13497160822588500659.1)
                  00008314    0000000a     functions.o (.rodata.str1.9629253951102113371.1)
                  0000831e    0000000a     functions.o (.rodata.str1.9659379646541333203.1)
                  00008328    00000009     main.o (.rodata.str1.10720410773482754683.1)
                  00008331    00000009     functions.o (.rodata.str1.13225435875195226696.1)
                  0000833a    00000009     uart.o (.rodata.str1.2747995240747259486.1)
                  00008343    00000009     functions.o (.rodata.str1.5320122413559821118.1)
                  0000834c    00000009     functions.o (.rodata.str1.8276779995786722914.1)
                  00008355    00000009     main.o (.rodata.str1.8320541211001259012.1)
                  0000835e    00000009     main.o (.rodata.str1.8828068777338075035.1)
                  00008367    00000008     functions.o (.rodata.str1.11093425900794288272.1)
                  0000836f    00000008     functions.o (.rodata.str1.12082073636076449582.1)
                  00008377    00000008     functions.o (.rodata.str1.12716370140545181522.1)
                  0000837f    00000008     functions.o (.rodata.str1.15667472894159448674.1)
                  00008387    00000008     functions.o (.rodata.str1.15927518266867229498.1)
                  0000838f    00000008     functions.o (.rodata.str1.16929425599360063401.1)
                  00008397    00000008     main.o (.rodata.str1.17376258722486336754.1)
                  0000839f    00000008     main.o (.rodata.str1.2624144126699937905.1)
                  000083a7    00000008     main.o (.rodata.str1.2846389346932560359.1)
                  000083af    00000008     functions.o (.rodata.str1.3156050197955811031.1)
                  000083b7    00000007     main.o (.rodata.str1.10865113624938808685.1)
                  000083be    00000007     functions.o (.rodata.str1.14125585639945481457.1)
                  000083c5    00000007     functions.o (.rodata.str1.17588442350683572369.1)
                  000083cc    00000007     functions.o (.rodata.str1.3123360382440319361.1)
                  000083d3    00000007     functions.o (.rodata.str1.6743441520423956273.1)
                  000083da    00000006     functions.o (.rodata.str1.10302267126528799586.1)
                  000083e0    00000006     functions.o (.rodata.str1.10387253022637546114.1)
                  000083e6    00000006     functions.o (.rodata.str1.11538060877586311343.1)
                  000083ec    00000006     main.o (.rodata.str1.11822182024223342093.1)
                  000083f2    00000006     functions.o (.rodata.str1.17144429639171527548.1)
                  000083f8    00000006     main.o (.rodata.str1.2123964117280943167.1)
                  000083fe    00000006     functions.o (.rodata.str1.2128294674425382420.1)
                  00008404    00000006     functions.o (.rodata.str1.4959705119256106851.1)
                  0000840a    00000005     functions.o (.rodata.str1.11900037607746946141.1)
                  0000840f    00000005     functions.o (.rodata.str1.13183419841694627606.1)
                  00008414    00000005     functions.o (.rodata.str1.13786467237224150958.1)
                  00008419    00000005     functions.o (.rodata.str1.14496393926573069083.1)
                  0000841e    00000005     main.o (.rodata.str1.15159059442110792349.1)
                  00008423    00000005     functions.o (.rodata.str1.16757203657686794125.1)
                  00008428    00000005     functions.o (.rodata.str1.17418132220924322792.1)
                  0000842d    00000005     main.o (.rodata.str1.288608917962107522.1)
                  00008432    00000005     functions.o (.rodata.str1.3066531604708884151.1)
                  00008437    00000005     functions.o (.rodata.str1.3172367308849033862.1)
                  0000843c    00000005     functions.o (.rodata.str1.502354497711140047.1)
                  00008441    00000005     main.o (.rodata.str1.8108965883388295311.1)
                  00008446    00000004     functions.o (.rodata.str1.11364996628600094536.1)
                  0000844a    00000004     functions.o (.rodata.str1.11488970495173820783.1)
                  0000844e    00000004     functions.o (.rodata.str1.12871985577256932554.1)
                  00008452    00000004     main.o (.rodata.str1.15996357275703397564.1)
                  00008456    00000004     main.o (.rodata.str1.17100691992556644108.1)
                  0000845a    00000004     functions.o (.rodata.str1.3098115528246613681.1)
                  0000845e    00000004     main.o (.rodata.str1.3530083166107438000.1)
                  00008462    00000004     functions.o (.rodata.str1.4561657886204501224.1)
                  00008466    00000004     functions.o (.rodata.str1.62749256631814321.1)
                  0000846a    00000004     functions.o (.rodata.str1.9119127971185803168.1)
                  0000846e    00000003     uart.o (.rodata.str1.12819099410943012003.1)
                  00008471    00000003     functions.o (.rodata.str1.17016031596792030868.1)
                  00008474    00000003     functions.o (.rodata.str1.2090735207208419621.1)
                  00008477    00000003     main.o (.rodata.str1.7702501944640899365.1)
                  0000847a    00000003     functions.o (.rodata.str1.9506313465773766142.1)
                  0000847d    00000002     ti_msp_dl_config.o (.rodata.gI2C_0ClockConfig)
                  0000847f    00000002     ti_msp_dl_config.o (.rodata.gI2C_1ClockConfig)
                  00008481    00000002     ti_msp_dl_config.o (.rodata.gMCU_UART_1ClockConfig)
                  00008483    00000002     ti_msp_dl_config.o (.rodata.gSPI_0_clockConfig)
                  00008485    00000002     ti_msp_dl_config.o (.rodata.gSPI_1_clockConfig)
                  00008487    00000002     ti_msp_dl_config.o (.rodata.gUART_0ClockConfig)
                  00008489    00000002     uart.o (.rodata.str1.3510367808670815947.1)
                  0000848b    00000002     functions.o (.rodata.str1.5994875290679588583.1)
                  0000848d    00000003     --HOLE-- [fill = 0]

.init_array 
*          0    00000000    00000000     UNINITIALIZED

.binit     0    00000000    00000000     

.bss       0    20200000    000001b1     UNINITIALIZED
                  20200000    00000078     uart.o (.bss.commandList)
                  20200078    00000040     (.common:UART_Buffer)
                  202000b8    00000028     (.common:gSPI_0Backup)
                  202000e0    00000028     (.common:gSPI_1Backup)
                  20200108    00000022     (.common:gRxPacket)
                  2020012a    00000022     (.common:gTxPacket)
                  2020014c    00000020     (.common:framSpi)
                  2020016c    0000001c     (.common:stm32Spi)
                  20200188    00000010     (.common:gSPI_RxPacket)
                  20200198    00000008     (.common:fram)
                  202001a0    00000004     (.common:gRxCount)
                  202001a4    00000004     (.common:gRxLen)
                  202001a8    00000004     (.common:gTxCount)
                  202001ac    00000004     (.common:gTxLen)
                  202001b0    00000001     (.common:gI2cControllerStatus)

.data      0    202001b4    0000004a     UNINITIALIZED
                  202001b4    00000010     spi_master.o (.data.gSPI_TxPacket)
                  202001c4    00000004     libc.a : aeabi_portable.c.obj (.data.__aeabi_errno)
                  202001c8    00000004     uart.o (.data.commandCount)
                  202001cc    00000004     libc.a : strtok.c.obj (.data.last_end)
                  202001d0    00000004     main.o (.data.monitor_rate)
                  202001d4    00000002     BQ25628_functions.o (.data.g_ibat_mA)
                  202001d6    00000002     BQ25628_functions.o (.data.g_ibus_mA)
                  202001d8    00000002     BQ27Z7_functions.o (.data.g_telem.0)
                  202001da    00000002     BQ27Z7_functions.o (.data.g_telem.10)
                  202001dc    00000002     BQ27Z7_functions.o (.data.g_telem.11)
                  202001de    00000002     BQ27Z7_functions.o (.data.g_telem.12)
                  202001e0    00000002     BQ27Z7_functions.o (.data.g_telem.13)
                  202001e2    00000002     BQ27Z7_functions.o (.data.g_telem.1)
                  202001e4    00000002     BQ27Z7_functions.o (.data.g_telem.2)
                  202001e6    00000002     BQ27Z7_functions.o (.data.g_telem.4)
                  202001e8    00000002     BQ27Z7_functions.o (.data.g_telem.5)
                  202001ea    00000002     BQ27Z7_functions.o (.data.g_telem.7)
                  202001ec    00000002     BQ27Z7_functions.o (.data.g_telem.8)
                  202001ee    00000002     BQ27Z7_functions.o (.data.g_telem.9)
                  202001f0    00000002     BQ25628_functions.o (.data.g_vbat_mV)
                  202001f2    00000002     BQ25628_functions.o (.data.g_vbus_mV)
                  202001f4    00000002     BQ25628_functions.o (.data.g_vsys_mV)
                  202001f6    00000001     main.o (.data.bq_monitor_active)
                  202001f7    00000001     uart.o (.data.char_index)
                  202001f8    00000001     uart.o (.data.data_received)
                  202001f9    00000001     gauge.o (.data.g_gaugeAddr)
                  202001fa    00000001     BQ27Z7_functions.o (.data.g_telem.3)
                  202001fb    00000001     main.o (.data.gauge_monitor_active)
                  202001fc    00000001     BQ27Z7_functions.o (.data.g_telem.6)
                  202001fd    00000001     main.o (.data.hall_monitor_active)

.stack     0    20207e00    00000200     UNINITIALIZED
                  20207e00    00000004     libc.a : boot_cortex_m.c.obj (.stack)
                  20207e04    000001fc     --HOLE--

__llvm_prf_cnts 
*          0    20200000    00000000     UNINITIALIZED

__llvm_prf_bits 
*          0    20200000    00000000     UNINITIALIZED

MODULE SUMMARY

       Module                         code    ro data   rw data
       ------                         ----    -------   -------
    .\
       functions.o                    5452    6463      8      
       main.o                         1028    1106      7      
       ti_msp_dl_config.o             1304    171       80     
       startup_mspm0g350x_ticlang.o   6       192       0      
    +--+------------------------------+-------+---------+---------+
       Total:                         7790    7932      95     
                                                               
    .\HAL\
       uart.o                         1484    92        190    
       i2c.o                          1256    0         85     
       spi_mem.o                      528     0         32     
       spi_master.o                   180     0         60     
    +--+------------------------------+-------+---------+---------+
       Total:                         3448    92        367    
                                                               
    .\ics\BQ25628\
       BQ25628_functions.o            692     0         10     
    +--+------------------------------+-------+---------+---------+
       Total:                         692     0         10     
                                                               
    .\ics\BQ27Z7\
       BQ27Z7_functions.o             2806    0         26     
       gauge.o                        176     0         1      
    +--+------------------------------+-------+---------+---------+
       Total:                         2982    0         27     
                                                               
    .\ics\MB85RS\
       mb85rs.o                       758     0         0      
    +--+------------------------------+-------+---------+---------+
       Total:                         758     0         0      
                                                               
    C:/ti/mspm0_sdk_2_09_00_01/source/ti/driverlib/lib/ticlang/m0p/mspm0g1x0x_g3x0x/driverlib.a
       dl_timer.o                     280     0         0      
       dl_i2c.o                       240     0         0      
       dl_uart.o                      138     0         0      
       dl_spi.o                       86      0         0      
       dl_dma.o                       76      0         0      
       dl_common.o                    10      0         0      
    +--+------------------------------+-------+---------+---------+
       Total:                         830     0         0      
                                                               
    C:\ti\ccs2031\ccs\tools\compiler\ti-cgt-armllvm_4.0.4.LTS\lib\armv6m-ti-none-eabi/c/libc.a
       _printfi.c.obj                 4510    34        0      
       strtol.c.obj                   324     0         0      
       aeabi_ctype.S.obj              0       257       0      
       s_scalbn.c.obj                 216     0         0      
       memcpy16.S.obj                 154     0         0      
       s_floorf.c.obj                 140     0         0      
       strcmp-armv6m.S.obj            136     0         0      
       vsnprintf.c.obj                136     0         0      
       copy_decompress_lzss.c.obj     124     0         0      
       s_roundf.c.obj                 114     0         0      
       memset16.S.obj                 98      0         0      
       s_frexp.c.obj                  92      0         0      
       _ltoa.c.obj                    88      0         0      
       strtok.c.obj                   72      0         4      
       atoi.c.obj                     64      0         0      
       autoinit.c.obj                 60      0         0      
       boot_cortex_m.c.obj            40      0         0      
       strspn.c.obj                   38      0         0      
       strcspn.c.obj                  36      0         0      
       memccpy.c.obj                  34      0         0      
       copy_zero_init.c.obj           22      0         0      
       copy_decompress_none.c.obj     18      0         0      
       wcslen.c.obj                   16      0         0      
       aeabi_portable.c.obj           8       0         4      
       exit.c.obj                     6       0         0      
       pre_init.c.obj                 4       0         0      
    +--+------------------------------+-------+---------+---------+
       Total:                         6550    291       8      
                                                               
    C:\ti\ccs2031\ccs\tools\compiler\ti-cgt-armllvm_4.0.4.LTS\lib\armv6m-ti-none-eabi/c/libsysbm.a
       hostexit.c.obj                 4       0         0      
    +--+------------------------------+-------+---------+---------+
       Total:                         4       0         0      
                                                               
    C:\ti\ccs2031\ccs\tools\compiler\ti-cgt-armllvm_4.0.4.LTS\lib\armv6m-ti-none-eabi/libclang_rt.builtins.a
       adddf3.S.obj                   418     0         0      
       divdf3.S.obj                   268     0         0      
       addsf3.S.obj                   232     0         0      
       muldf3.S.obj                   228     0         0      
       comparedf2.c.obj               220     0         0      
       udivmoddi4.S.obj               162     0         0      
       mulsf3.S.obj                   140     0         0      
       comparesf2.S.obj               118     0         0      
       aeabi_dcmp.S.obj               98      0         0      
       aeabi_fcmp.S.obj               98      0         0      
       aeabi_idivmod.S.obj            86      0         0      
       fixdfsi.S.obj                  74      0         0      
       aeabi_uidivmod.S.obj           64      0         0      
       muldsi3.S.obj                  58      0         0      
       fixsfsi.S.obj                  56      0         0      
       floatsidf.S.obj                44      0         0      
       floatunsisf.S.obj              40      0         0      
       muldi3.S.obj                   36      0         0      
       ashldi3.S.obj                  30      0         0      
       aeabi_memset.S.obj             26      0         0      
       aeabi_uldivmod.S.obj           20      0         0      
       aeabi_memcpy.S.obj             8       0         0      
       aeabi_div0.c.obj               4       0         0      
    +--+------------------------------+-------+---------+---------+
       Total:                         2528    0         0      
                                                               
       Stack:                         0       0         512    
       Linker Generated:              0       72        0      
    +--+------------------------------+-------+---------+---------+
       Grand Total:                   25582   8387      1019   


LINKER GENERATED COPY TABLES

__TI_cinit_table @ 000084c8 records: 2, size/record: 8, table size: 16
	.data: load addr=00008490, load size=00000024 bytes, run addr=202001b4, run size=0000004a bytes, compression=lzss
	.bss: load addr=000084c0, load size=00000008 bytes, run addr=20200000, run size=000001b1 bytes, compression=zero_init


LINKER GENERATED HANDLER TABLE

__TI_handler_table @ 000084b4 records: 3, size/record: 4, table size: 12
	index: 0, handler: __TI_decompress_lzss
	index: 1, handler: __TI_decompress_none
	index: 2, handler: __TI_zero_init


FAR CALL TRAMPOLINES

callee name               trampoline name
   callee addr  tramp addr   call addr  call info
--------------  -----------  ---------  ----------------
__aeabi_dsub              $Tramp$TT$L$PI$$__aeabi_dsub
   000029b1     00006478     00006476   libc.a : _printfi.c.obj (.text.OUTLINED_FUNCTION_0)
__aeabi_fadd              $Tramp$TT$L$PI$$__aeabi_fadd
   00004373     00006494     00006490   libc.a : s_roundf.c.obj (.text.OUTLINED_FUNCTION_0)

[2 trampolines]
[2 trampoline calls]


GLOBAL SYMBOLS: SORTED ALPHABETICALLY BY Name 

address   name                          
-------   ----                          
00002b43  ADC0_IRQHandler               
00002b43  ADC1_IRQHandler               
00002b43  AES_IRQHandler                
000062d9  BQ25628E_Get_IBAT_mA          
000062e5  BQ25628E_Get_IBUS_mA          
000062f1  BQ25628E_Get_VBAT_mV          
000062fd  BQ25628E_Get_VBUS_mV          
00006309  BQ25628E_Get_VSYS_mV          
000038d9  BQ25628E_Init_Default         
00005f2d  BQ25628E_ReadReg16            
00005f51  BQ25628E_ReadReg8             
000036e1  BQ25628E_UpdateTelemetry      
00005f75  BQ25628E_WriteReg16           
00006029  BQ25628E_WriteReg8            
00003ab9  BQ27Z746_GetChargingStatus    
00003e4b  BQ27Z746_GetChemID            
00003d6d  BQ27Z746_GetDeviceType        
000057ab  BQ27Z746_GetFETOptions        
000040df  BQ27Z746_GetFirmwareVersion   
00003f27  BQ27Z746_GetOperationStatus   
00004003  BQ27Z746_GetSafetyStatus      
00005715  BQ27Z746_GetTempConfig        
00006315  BQ27Z746_Get_AvgCurrent_mA    
00006321  BQ27Z746_Get_AvgPower_mW      
0000632d  BQ27Z746_Get_BatteryStatus    
00006339  BQ27Z746_Get_Current_mA       
00006345  BQ27Z746_Get_CycleCount       
00006351  BQ27Z746_Get_FullChargeCap_mAh
0000635d  BQ27Z746_Get_InternalTemp_C   
00006369  BQ27Z746_Get_RemainingCap_mAh 
00006375  BQ27Z746_Get_SOC_pct          
00006381  BQ27Z746_Get_StateOfHealth_pct
0000638d  BQ27Z746_Get_Temperature_C    
00006399  BQ27Z746_Get_TimeToEmpty_min  
000063a5  BQ27Z746_Get_TimeToFull_min   
000063b1  BQ27Z746_Get_Voltage_mV       
00005db5  BQ27Z746_Init                 
0000623d  BQ27Z746_IsDischarging        
0000624d  BQ27Z746_IsFullyCharged       
0000625d  BQ27Z746_IsFullyDischarged    
000041b7  BQ27Z746_MAC_Read             
000060a9  BQ27Z746_MAC_Send             
000063bd  BQ27Z746_ReadAvgCurrent_mA    
000063c9  BQ27Z746_ReadAvgPower_mW      
000063d5  BQ27Z746_ReadBatteryStatus    
000063e1  BQ27Z746_ReadCurrent_mA       
000063ed  BQ27Z746_ReadCycleCount       
000063f9  BQ27Z746_ReadFullChargeCap_mAh
00006049  BQ27Z746_ReadInternalTemp_C   
00006405  BQ27Z746_ReadRemainingCap_mAh 
00006411  BQ27Z746_ReadSOC_pct          
0000641d  BQ27Z746_ReadStateOfHealth_pct
00006069  BQ27Z746_ReadTemperature_C    
00006429  BQ27Z746_ReadTimeToEmpty_min  
00006435  BQ27Z746_ReadTimeToFull_min   
00006441  BQ27Z746_ReadVoltage_mV       
00004739  BQ27Z746_SetTempSensorConfig  
00004685  BQ27Z746_SetUTFET_Direct      
000035e1  BQ27Z746_UpdateTelemetry      
000064be  C$$EXIT                       
00002b43  CANFD0_IRQHandler             
00001edd  CLI_ProcessInput              
00005a0d  CLI_RegisterCommand           
00004edd  CLI_Tokenize                  
00002b43  DAC0_IRQHandler               
00006465  DL_Common_delayCycles         
000056c9  DL_DMA_initChannel            
000053fd  DL_I2C_fillControllerTXFIFO   
00005cc5  DL_I2C_flushControllerRXFIFO  
00005a49  DL_I2C_flushControllerTXFIFO  
00005ee1  DL_I2C_setClockConfig         
00005885  DL_SPI_init                   
00006205  DL_SPI_setClockConfig         
000037dd  DL_Timer_initTimerMode        
000060e9  DL_Timer_setClockConfig       
000057f5  DL_UART_init                  
00006217  DL_UART_setClockConfig        
00005cf5  DL_UART_transmitDataBlocking  
00002b43  DMA_IRQHandler                
00002b43  Default_Handler               
00002b43  GROUP0_IRQHandler             
00002b43  GROUP1_IRQHandler             
000064bf  HOSTexit                      
00002b43  HardFault_Handler             
0000626d  I2C0_IRQHandler               
0000627d  I2C1_IRQHandler               
0000261d  I2C_ReadDevice                
00003ba5  I2C_TryAddress                
00002f31  I2C_WriteDevice               
00005de1  MB85RS_Init                   
000045cd  MB85RS_Read                   
00004c09  MB85RS_ReadID                 
00005515  MB85RS_ReadStatus             
00003069  MB85RS_Write                  
00002b43  NMI_Handler                   
00002b43  PendSV_Handler                
00002b43  RTC_IRQHandler                
000064c3  Reset_Handler                 
00005e0d  SPI0_IRQHandler               
00005c91  SPI1_IRQHandler               
0000545d  SPI_Controller_Arm            
00005f99  SPI_Controller_Init           
000049d1  SPI_Memory_Arm                
0000644d  SPI_Memory_CS_Assert          
0000628d  SPI_Memory_CS_Deassert        
00005e39  SPI_Memory_Init               
000032c1  SPI_Memory_Wait               
00002b43  SVC_Handler                   
00006121  SYSCFG_DL_DMA_CH0_init        
00006139  SYSCFG_DL_DMA_CH1_init        
00006151  SYSCFG_DL_DMA_CH2_init        
00006169  SYSCFG_DL_DMA_CH3_init        
000061c7  SYSCFG_DL_DMA_init            
000034d9  SYSCFG_DL_GPIO_init           
00004f45  SYSCFG_DL_I2C_0_init          
00004fad  SYSCFG_DL_I2C_1_init          
0000533d  SYSCFG_DL_MCU_UART_1_init     
0000514d  SYSCFG_DL_SPI_0_init          
0000539d  SYSCFG_DL_SPI_1_init          
0000590d  SYSCFG_DL_SYSCTL_init         
00005bb1  SYSCFG_DL_TIMER_0_init        
00004e6d  SYSCFG_DL_UART_0_init         
000058c9  SYSCFG_DL_init                
00004c89  SYSCFG_DL_initPower           
00004511  Shared_I2C_IRQHandler         
00002b43  SysTick_Handler               
00002b43  TIMA0_IRQHandler              
00002b43  TIMA1_IRQHandler              
00002b43  TIMG0_IRQHandler              
00002b43  TIMG12_IRQHandler             
00002b43  TIMG6_IRQHandler              
00002b43  TIMG7_IRQHandler              
00002b43  TIMG8_IRQHandler              
00006181  UART0_IRQHandler              
00002b43  UART1_IRQHandler              
00002b43  UART2_IRQHandler              
00002b43  UART3_IRQHandler              
000047e9  UARTReceive                   
20200078  UART_Buffer                   
20208000  __STACK_END                   
00000200  __STACK_SIZE                  
00000000  __TI_ATRegion0_region_sz      
00000000  __TI_ATRegion0_src_addr       
00000000  __TI_ATRegion0_trg_addr       
00000000  __TI_ATRegion1_region_sz      
00000000  __TI_ATRegion1_src_addr       
00000000  __TI_ATRegion1_trg_addr       
00000000  __TI_ATRegion2_region_sz      
00000000  __TI_ATRegion2_src_addr       
00000000  __TI_ATRegion2_trg_addr       
000084c8  __TI_CINIT_Base               
000084d8  __TI_CINIT_Limit              
000084d8  __TI_CINIT_Warm               
000084b4  __TI_Handler_Table_Base       
000084c0  __TI_Handler_Table_Limit      
00005afd  __TI_auto_init_nobinit_nopinit
00004d05  __TI_decompress_lzss          
00006229  __TI_decompress_none          
0000556f  __TI_ltoa                     
ffffffff  __TI_pprof_out_hndl           
000000c1  __TI_printfi                  
ffffffff  __TI_prof_data_size           
ffffffff  __TI_prof_data_start          
00000000  __TI_static_base__            
000061b1  __TI_zero_init_nomemset       
000029bb  __adddf3                      
00004373  __addsf3                      
00006a40  __aeabi_ctype_table_          
00006a40  __aeabi_ctype_table_C         
00005761  __aeabi_d2iz                  
000029bb  __aeabi_dadd                  
00005215  __aeabi_dcmpeq                
00005251  __aeabi_dcmpge                
00005265  __aeabi_dcmpgt                
0000523d  __aeabi_dcmple                
00005229  __aeabi_dcmplt                
000033cd  __aeabi_ddiv                  
00003c89  __aeabi_dmul                  
000029b1  __aeabi_dsub                  
202001c4  __aeabi_errno                 
00004b79  __aeabi_errno_addr            
00005be9  __aeabi_f2iz                  
00004373  __aeabi_fadd                  
00005279  __aeabi_fcmpeq                
000052b5  __aeabi_fcmpge                
000052c9  __aeabi_fcmpgt                
000052a1  __aeabi_fcmple                
0000528d  __aeabi_fcmplt                
00004a61  __aeabi_fmul                  
00004369  __aeabi_fsub                  
00005e65  __aeabi_i2d                   
00005621  __aeabi_idiv                  
0000428f  __aeabi_idiv0                 
00005621  __aeabi_idivmod               
0000514b  __aeabi_ldiv0                 
000060c9  __aeabi_llsl                  
00005fbd  __aeabi_lmul                  
00006459  __aeabi_memclr                
00006459  __aeabi_memclr4               
00006459  __aeabi_memclr8               
000064b1  __aeabi_memcpy                
000064b1  __aeabi_memcpy4               
000064b1  __aeabi_memcpy8               
000062bd  __aeabi_memset                
000062bd  __aeabi_memset4               
000062bd  __aeabi_memset8               
00005e91  __aeabi_ui2f                  
0000594d  __aeabi_uidiv                 
0000594d  __aeabi_uidivmod              
000061dd  __aeabi_uldivmod              
000060c9  __ashldi3                     
ffffffff  __binit__                     
00005015  __cmpdf2                      
00005b39  __cmpsf2                      
000033cd  __divdf3                      
00005015  __eqdf2                       
00005b39  __eqsf2                       
00005761  __fixdfsi                     
00005be9  __fixsfsi                     
00005e65  __floatsidf                   
00005e91  __floatunsisf                 
00004df9  __gedf2                       
00005a85  __gesf2                       
00004df9  __gtdf2                       
00005a85  __gtsf2                       
00005015  __ledf2                       
00005b39  __lesf2                       
00005015  __ltdf2                       
00005b39  __ltsf2                       
UNDEFED   __mpu_init                    
00003c89  __muldf3                      
00005fbd  __muldi3                      
00005b75  __muldsi3                     
00004a61  __mulsf3                      
00005015  __nedf2                       
00005b39  __nesf2                       
20207e00  __stack                       
20200000  __start___llvm_prf_bits       
20200000  __start___llvm_prf_cnts       
20200000  __stop___llvm_prf_bits        
20200000  __stop___llvm_prf_cnts        
000029b1  __subdf3                      
00004369  __subsf3                      
00004895  __udivmoddi4                  
00005eb9  _c_int00_noargs               
UNDEFED   _system_post_cinit            
000064c7  _system_pre_init              
000064b9  abort                         
0000598d  atoi                          
ffffffff  binit                         
202001f6  bq_monitor_active             
202001f7  char_index                    
00001af9  cmd_bq                        
0000118d  cmd_fram                      
00000a91  cmd_gauge                     
00004441  cmd_hall                      
000051b1  cmd_help                      
000027f1  cmd_i2cscan                   
000039c9  cmd_pwr                       
00002b45  cmd_spi                       
202001f8  data_received                 
00004aed  floorf                        
20200198  fram                          
2020014c  framSpi                       
000054b9  frexp                         
000054b9  frexpl                        
202001b0  gI2cControllerStatus          
202001a0  gRxCount                      
202001a4  gRxLen                        
20200108  gRxPacket                     
202000b8  gSPI_0Backup                  
202000e0  gSPI_1Backup                  
20200188  gSPI_RxPacket                 
202001b4  gSPI_TxPacket                 
202001a8  gTxCount                      
202001ac  gTxLen                        
2020012a  gTxPacket                     
0000629d  gauge_address                 
00005d85  gauge_cmd_read                
202001fb  gauge_monitor_active          
00005c21  gauge_read                    
00005c59  gauge_write                   
00005ac1  get_UART_buffer               
202001fd  hall_monitor_active           
00006105  i2c_init                      
00000000  interruptVectors              
00004291  ldexp                         
00004291  ldexpl                        
0000170d  main                          
00006005  memccpy                       
00004937  memcpy                        
000052db  memset                        
202001d0  monitor_rate                  
0000507d  roundf                        
00004291  scalbn                        
00004291  scalbnl                       
2020016c  stm32Spi                      
00004b81  strcmp                        
00005fe1  strcspn                       
00005f07  strspn                        
0000583d  strtok                        
00002cb1  strtol                        
00006089  uart_init                     
00004d81  uart_printf                   
000059cd  vsnprintf                     
000062ad  wcslen                        


GLOBAL SYMBOLS: SORTED BY Symbol Address 

address   name                          
-------   ----                          
00000000  __TI_ATRegion0_region_sz      
00000000  __TI_ATRegion0_src_addr       
00000000  __TI_ATRegion0_trg_addr       
00000000  __TI_ATRegion1_region_sz      
00000000  __TI_ATRegion1_src_addr       
00000000  __TI_ATRegion1_trg_addr       
00000000  __TI_ATRegion2_region_sz      
00000000  __TI_ATRegion2_src_addr       
00000000  __TI_ATRegion2_trg_addr       
00000000  __TI_static_base__            
00000000  interruptVectors              
000000c1  __TI_printfi                  
00000200  __STACK_SIZE                  
00000a91  cmd_gauge                     
0000118d  cmd_fram                      
0000170d  main                          
00001af9  cmd_bq                        
00001edd  CLI_ProcessInput              
0000261d  I2C_ReadDevice                
000027f1  cmd_i2cscan                   
000029b1  __aeabi_dsub                  
000029b1  __subdf3                      
000029bb  __adddf3                      
000029bb  __aeabi_dadd                  
00002b43  ADC0_IRQHandler               
00002b43  ADC1_IRQHandler               
00002b43  AES_IRQHandler                
00002b43  CANFD0_IRQHandler             
00002b43  DAC0_IRQHandler               
00002b43  DMA_IRQHandler                
00002b43  Default_Handler               
00002b43  GROUP0_IRQHandler             
00002b43  GROUP1_IRQHandler             
00002b43  HardFault_Handler             
00002b43  NMI_Handler                   
00002b43  PendSV_Handler                
00002b43  RTC_IRQHandler                
00002b43  SVC_Handler                   
00002b43  SysTick_Handler               
00002b43  TIMA0_IRQHandler              
00002b43  TIMA1_IRQHandler              
00002b43  TIMG0_IRQHandler              
00002b43  TIMG12_IRQHandler             
00002b43  TIMG6_IRQHandler              
00002b43  TIMG7_IRQHandler              
00002b43  TIMG8_IRQHandler              
00002b43  UART1_IRQHandler              
00002b43  UART2_IRQHandler              
00002b43  UART3_IRQHandler              
00002b45  cmd_spi                       
00002cb1  strtol                        
00002f31  I2C_WriteDevice               
00003069  MB85RS_Write                  
000032c1  SPI_Memory_Wait               
000033cd  __aeabi_ddiv                  
000033cd  __divdf3                      
000034d9  SYSCFG_DL_GPIO_init           
000035e1  BQ27Z746_UpdateTelemetry      
000036e1  BQ25628E_UpdateTelemetry      
000037dd  DL_Timer_initTimerMode        
000038d9  BQ25628E_Init_Default         
000039c9  cmd_pwr                       
00003ab9  BQ27Z746_GetChargingStatus    
00003ba5  I2C_TryAddress                
00003c89  __aeabi_dmul                  
00003c89  __muldf3                      
00003d6d  BQ27Z746_GetDeviceType        
00003e4b  BQ27Z746_GetChemID            
00003f27  BQ27Z746_GetOperationStatus   
00004003  BQ27Z746_GetSafetyStatus      
000040df  BQ27Z746_GetFirmwareVersion   
000041b7  BQ27Z746_MAC_Read             
0000428f  __aeabi_idiv0                 
00004291  ldexp                         
00004291  ldexpl                        
00004291  scalbn                        
00004291  scalbnl                       
00004369  __aeabi_fsub                  
00004369  __subsf3                      
00004373  __addsf3                      
00004373  __aeabi_fadd                  
00004441  cmd_hall                      
00004511  Shared_I2C_IRQHandler         
000045cd  MB85RS_Read                   
00004685  BQ27Z746_SetUTFET_Direct      
00004739  BQ27Z746_SetTempSensorConfig  
000047e9  UARTReceive                   
00004895  __udivmoddi4                  
00004937  memcpy                        
000049d1  SPI_Memory_Arm                
00004a61  __aeabi_fmul                  
00004a61  __mulsf3                      
00004aed  floorf                        
00004b79  __aeabi_errno_addr            
00004b81  strcmp                        
00004c09  MB85RS_ReadID                 
00004c89  SYSCFG_DL_initPower           
00004d05  __TI_decompress_lzss          
00004d81  uart_printf                   
00004df9  __gedf2                       
00004df9  __gtdf2                       
00004e6d  SYSCFG_DL_UART_0_init         
00004edd  CLI_Tokenize                  
00004f45  SYSCFG_DL_I2C_0_init          
00004fad  SYSCFG_DL_I2C_1_init          
00005015  __cmpdf2                      
00005015  __eqdf2                       
00005015  __ledf2                       
00005015  __ltdf2                       
00005015  __nedf2                       
0000507d  roundf                        
0000514b  __aeabi_ldiv0                 
0000514d  SYSCFG_DL_SPI_0_init          
000051b1  cmd_help                      
00005215  __aeabi_dcmpeq                
00005229  __aeabi_dcmplt                
0000523d  __aeabi_dcmple                
00005251  __aeabi_dcmpge                
00005265  __aeabi_dcmpgt                
00005279  __aeabi_fcmpeq                
0000528d  __aeabi_fcmplt                
000052a1  __aeabi_fcmple                
000052b5  __aeabi_fcmpge                
000052c9  __aeabi_fcmpgt                
000052db  memset                        
0000533d  SYSCFG_DL_MCU_UART_1_init     
0000539d  SYSCFG_DL_SPI_1_init          
000053fd  DL_I2C_fillControllerTXFIFO   
0000545d  SPI_Controller_Arm            
000054b9  frexp                         
000054b9  frexpl                        
00005515  MB85RS_ReadStatus             
0000556f  __TI_ltoa                     
00005621  __aeabi_idiv                  
00005621  __aeabi_idivmod               
000056c9  DL_DMA_initChannel            
00005715  BQ27Z746_GetTempConfig        
00005761  __aeabi_d2iz                  
00005761  __fixdfsi                     
000057ab  BQ27Z746_GetFETOptions        
000057f5  DL_UART_init                  
0000583d  strtok                        
00005885  DL_SPI_init                   
000058c9  SYSCFG_DL_init                
0000590d  SYSCFG_DL_SYSCTL_init         
0000594d  __aeabi_uidiv                 
0000594d  __aeabi_uidivmod              
0000598d  atoi                          
000059cd  vsnprintf                     
00005a0d  CLI_RegisterCommand           
00005a49  DL_I2C_flushControllerTXFIFO  
00005a85  __gesf2                       
00005a85  __gtsf2                       
00005ac1  get_UART_buffer               
00005afd  __TI_auto_init_nobinit_nopinit
00005b39  __cmpsf2                      
00005b39  __eqsf2                       
00005b39  __lesf2                       
00005b39  __ltsf2                       
00005b39  __nesf2                       
00005b75  __muldsi3                     
00005bb1  SYSCFG_DL_TIMER_0_init        
00005be9  __aeabi_f2iz                  
00005be9  __fixsfsi                     
00005c21  gauge_read                    
00005c59  gauge_write                   
00005c91  SPI1_IRQHandler               
00005cc5  DL_I2C_flushControllerRXFIFO  
00005cf5  DL_UART_transmitDataBlocking  
00005d85  gauge_cmd_read                
00005db5  BQ27Z746_Init                 
00005de1  MB85RS_Init                   
00005e0d  SPI0_IRQHandler               
00005e39  SPI_Memory_Init               
00005e65  __aeabi_i2d                   
00005e65  __floatsidf                   
00005e91  __aeabi_ui2f                  
00005e91  __floatunsisf                 
00005eb9  _c_int00_noargs               
00005ee1  DL_I2C_setClockConfig         
00005f07  strspn                        
00005f2d  BQ25628E_ReadReg16            
00005f51  BQ25628E_ReadReg8             
00005f75  BQ25628E_WriteReg16           
00005f99  SPI_Controller_Init           
00005fbd  __aeabi_lmul                  
00005fbd  __muldi3                      
00005fe1  strcspn                       
00006005  memccpy                       
00006029  BQ25628E_WriteReg8            
00006049  BQ27Z746_ReadInternalTemp_C   
00006069  BQ27Z746_ReadTemperature_C    
00006089  uart_init                     
000060a9  BQ27Z746_MAC_Send             
000060c9  __aeabi_llsl                  
000060c9  __ashldi3                     
000060e9  DL_Timer_setClockConfig       
00006105  i2c_init                      
00006121  SYSCFG_DL_DMA_CH0_init        
00006139  SYSCFG_DL_DMA_CH1_init        
00006151  SYSCFG_DL_DMA_CH2_init        
00006169  SYSCFG_DL_DMA_CH3_init        
00006181  UART0_IRQHandler              
000061b1  __TI_zero_init_nomemset       
000061c7  SYSCFG_DL_DMA_init            
000061dd  __aeabi_uldivmod              
00006205  DL_SPI_setClockConfig         
00006217  DL_UART_setClockConfig        
00006229  __TI_decompress_none          
0000623d  BQ27Z746_IsDischarging        
0000624d  BQ27Z746_IsFullyCharged       
0000625d  BQ27Z746_IsFullyDischarged    
0000626d  I2C0_IRQHandler               
0000627d  I2C1_IRQHandler               
0000628d  SPI_Memory_CS_Deassert        
0000629d  gauge_address                 
000062ad  wcslen                        
000062bd  __aeabi_memset                
000062bd  __aeabi_memset4               
000062bd  __aeabi_memset8               
000062d9  BQ25628E_Get_IBAT_mA          
000062e5  BQ25628E_Get_IBUS_mA          
000062f1  BQ25628E_Get_VBAT_mV          
000062fd  BQ25628E_Get_VBUS_mV          
00006309  BQ25628E_Get_VSYS_mV          
00006315  BQ27Z746_Get_AvgCurrent_mA    
00006321  BQ27Z746_Get_AvgPower_mW      
0000632d  BQ27Z746_Get_BatteryStatus    
00006339  BQ27Z746_Get_Current_mA       
00006345  BQ27Z746_Get_CycleCount       
00006351  BQ27Z746_Get_FullChargeCap_mAh
0000635d  BQ27Z746_Get_InternalTemp_C   
00006369  BQ27Z746_Get_RemainingCap_mAh 
00006375  BQ27Z746_Get_SOC_pct          
00006381  BQ27Z746_Get_StateOfHealth_pct
0000638d  BQ27Z746_Get_Temperature_C    
00006399  BQ27Z746_Get_TimeToEmpty_min  
000063a5  BQ27Z746_Get_TimeToFull_min   
000063b1  BQ27Z746_Get_Voltage_mV       
000063bd  BQ27Z746_ReadAvgCurrent_mA    
000063c9  BQ27Z746_ReadAvgPower_mW      
000063d5  BQ27Z746_ReadBatteryStatus    
000063e1  BQ27Z746_ReadCurrent_mA       
000063ed  BQ27Z746_ReadCycleCount       
000063f9  BQ27Z746_ReadFullChargeCap_mAh
00006405  BQ27Z746_ReadRemainingCap_mAh 
00006411  BQ27Z746_ReadSOC_pct          
0000641d  BQ27Z746_ReadStateOfHealth_pct
00006429  BQ27Z746_ReadTimeToEmpty_min  
00006435  BQ27Z746_ReadTimeToFull_min   
00006441  BQ27Z746_ReadVoltage_mV       
0000644d  SPI_Memory_CS_Assert          
00006459  __aeabi_memclr                
00006459  __aeabi_memclr4               
00006459  __aeabi_memclr8               
00006465  DL_Common_delayCycles         
000064b1  __aeabi_memcpy                
000064b1  __aeabi_memcpy4               
000064b1  __aeabi_memcpy8               
000064b9  abort                         
000064be  C$$EXIT                       
000064bf  HOSTexit                      
000064c3  Reset_Handler                 
000064c7  _system_pre_init              
00006a40  __aeabi_ctype_table_          
00006a40  __aeabi_ctype_table_C         
000084b4  __TI_Handler_Table_Base       
000084c0  __TI_Handler_Table_Limit      
000084c8  __TI_CINIT_Base               
000084d8  __TI_CINIT_Limit              
000084d8  __TI_CINIT_Warm               
20200000  __start___llvm_prf_bits       
20200000  __start___llvm_prf_cnts       
20200000  __stop___llvm_prf_bits        
20200000  __stop___llvm_prf_cnts        
20200078  UART_Buffer                   
202000b8  gSPI_0Backup                  
202000e0  gSPI_1Backup                  
20200108  gRxPacket                     
2020012a  gTxPacket                     
2020014c  framSpi                       
2020016c  stm32Spi                      
20200188  gSPI_RxPacket                 
20200198  fram                          
202001a0  gRxCount                      
202001a4  gRxLen                        
202001a8  gTxCount                      
202001ac  gTxLen                        
202001b0  gI2cControllerStatus          
202001b4  gSPI_TxPacket                 
202001c4  __aeabi_errno                 
202001d0  monitor_rate                  
202001f6  bq_monitor_active             
202001f7  char_index                    
202001f8  data_received                 
202001fb  gauge_monitor_active          
202001fd  hall_monitor_active           
20207e00  __stack                       
20208000  __STACK_END                   
ffffffff  __TI_pprof_out_hndl           
ffffffff  __TI_prof_data_size           
ffffffff  __TI_prof_data_start          
ffffffff  __binit__                     
ffffffff  binit                         
UNDEFED   __mpu_init                    
UNDEFED   _system_post_cinit            

[306 symbols]
