******************************************************************************
            TI ARM Clang Linker PC v4.0.4                      
******************************************************************************
>> Linked Mon Mar  9 16:20:29 2026

OUTPUT FILE NAME:   <HW_SW_interface_CCS.out>
ENTRY POINT SYMBOL: "_c_int00_noargs"  address: 00005215


MEMORY CONFIGURATION

         name            origin    length      used     unused   attr    fill
----------------------  --------  ---------  --------  --------  ----  --------
  FLASH                 00000000   00020000  00007238  00018dc8  R  X
  SRAM                  20200000   00008000  000003d3  00007c2d  RW X
  BCR_CONFIG            41c00000   000000ff  00000000  000000ff  R   
  BSL_CONFIG            41c00100   00000080  00000000  00000080  R   


SEGMENT ALLOCATION MAP

run origin  load origin   length   init length attrs members
----------  ----------- ---------- ----------- ----- -------
00000000    00000000    00007238   00007238    r-x
  00000000    00000000    000000c0   000000c0    r-- .intvecs
  000000c0    000000c0    00005750   00005750    r-x .text
  00005810    00005810    000019e0   000019e0    r-- .rodata
  000071f0    000071f0    00000048   00000048    r-- .cinit
20200000    20200000    000001d6   00000000    rw-
  20200000    20200000    00000189   00000000    rw- .bss
  2020018c    2020018c    0000004a   00000000    rw- .data
20207e00    20207e00    00000200   00000000    rw-
  20207e00    20207e00    00000200   00000000    rw- .stack


SECTION ALLOCATION MAP

 output                                  attributes/
section   page    origin      length       input sections
--------  ----  ----------  ----------   ----------------
.intvecs   0    00000000    000000c0     
                  00000000    000000c0     startup_mspm0g350x_ticlang.o (.intvecs)

.text      0    000000c0    00005750     
                  000000c0    000009d0     libc.a : _printfi.c.obj (.text:__TI_printfi)
                  00000a90    00000678     functions.o (.text.cmd_gauge)
                  00001108    000003e4     functions.o (.text.cmd_bq)
                  000014ec    000003b0     main.o (.text.main)
                  0000189c    00000344     uart.o (.text.CLI_ProcessInput)
                  00001be0    00000220     libc.a : _printfi.c.obj (.text._pconv_a)
                  00001e00    000001dc            : _printfi.c.obj (.text._pconv_g)
                  00001fdc    000001d4     i2c.o (.text.I2C_ReadDevice)
                  000021b0    000001c0     functions.o (.text.cmd_i2cscan)
                  00002370    00000192     libclang_rt.builtins.a : adddf3.S.obj (.text.adddf3_subdf3)
                  00002502    00000002     startup_mspm0g350x_ticlang.o (.text.Default_Handler)
                  00002504    0000016c     functions.o (.text.cmd_spi)
                  00002670    00000144     libc.a : strtol.c.obj (.text.strtol)
                  000027b4    0000013c            : _printfi.c.obj (.text.fcvt)
                  000028f0    00000138     i2c.o (.text.I2C_WriteDevice)
                  00002a28    00000120     libc.a : _printfi.c.obj (.text._pconv_e)
                  00002b48    0000010c     libclang_rt.builtins.a : divdf3.S.obj (.text.__divdf3)
                  00002c54    00000100     BQ27Z7_functions.o (.text.BQ27Z746_UpdateTelemetry)
                  00002d54    00000100     ti_msp_dl_config.o (.text.SYSCFG_DL_GPIO_init)
                  00002e54    000000fc     BQ25628_functions.o (.text.BQ25628E_UpdateTelemetry)
                  00002f50    000000fc     driverlib.a : dl_timer.o (.text.DL_Timer_initTimerMode)
                  0000304c    000000f0     BQ25628_functions.o (.text.BQ25628E_Init_Default)
                  0000313c    000000f0     functions.o (.text.cmd_pwr)
                  0000322c    000000ec     BQ27Z7_functions.o (.text.BQ27Z746_GetChargingStatus)
                  00003318    000000e4     i2c.o (.text.I2C_TryAddress)
                  000033fc    000000e4     libclang_rt.builtins.a : muldf3.S.obj (.text.__muldf3)
                  000034e0    000000de     BQ27Z7_functions.o (.text.BQ27Z746_GetDeviceType)
                  000035be    000000dc     BQ27Z7_functions.o (.text.BQ27Z746_GetChemID)
                  0000369a    000000dc     BQ27Z7_functions.o (.text.BQ27Z746_GetOperationStatus)
                  00003776    000000dc     BQ27Z7_functions.o (.text.BQ27Z746_GetSafetyStatus)
                  00003852    000000d8     BQ27Z7_functions.o (.text.BQ27Z746_GetFirmwareVersion)
                  0000392a    000000d8     BQ27Z7_functions.o (.text.BQ27Z746_MAC_Read)
                  00003a02    00000002     libclang_rt.builtins.a : aeabi_div0.c.obj (.text.__aeabi_idiv0)
                  00003a04    000000d8     libc.a : s_scalbn.c.obj (.text.scalbn)
                  00003adc    000000d8     libclang_rt.builtins.a : addsf3.S.obj (.text)
                  00003bb4    000000d0     functions.o (.text.cmd_hall)
                  00003c84    000000bc     i2c.o (.text.Shared_I2C_IRQHandler)
                  00003d40    000000ac     uart.o (.text.UARTReceive)
                  00003dec    000000a2     libclang_rt.builtins.a : udivmoddi4.S.obj (.text)
                  00003e8e    0000009a     libc.a : memcpy16.S.obj (.text:memcpy)
                  00003f28    0000008c     libclang_rt.builtins.a : mulsf3.S.obj (.text.__mulsf3)
                  00003fb4    0000008c     libc.a : s_floorf.c.obj (.text.floorf)
                  00004040    00000088            : strcmp-armv6m.S.obj (.text:strcmp)
                  000040c8    0000007c     ti_msp_dl_config.o (.text.SYSCFG_DL_initPower)
                  00004144    0000007c     libc.a : copy_decompress_lzss.c.obj (.text:decompress:lzss)
                  000041c0    00000078     uart.o (.text.uart_printf)
                  00004238    00000074     libclang_rt.builtins.a : comparedf2.c.obj (.text.__gedf2)
                  000042ac    00000072     BQ27Z7_functions.o (.text.BQ27Z746_SetUTFET_Direct)
                  0000431e    00000002     libclang_rt.builtins.a : aeabi_div0.c.obj (.text.__aeabi_ldiv0)
                  00004320    00000070     ti_msp_dl_config.o (.text.SYSCFG_DL_UART_0_init)
                  00004390    00000068     uart.o (.text.CLI_Tokenize)
                  000043f8    00000068     ti_msp_dl_config.o (.text.SYSCFG_DL_I2C_0_init)
                  00004460    00000068     ti_msp_dl_config.o (.text.SYSCFG_DL_I2C_1_init)
                  000044c8    00000068     libclang_rt.builtins.a : comparedf2.c.obj (.text.__ledf2)
                  00004530    00000068     libc.a : s_roundf.c.obj (.text.roundf)
                  00004598    00000066            : _printfi.c.obj (.text._mcpy)
                  000045fe    00000002     --HOLE-- [fill = 0]
                  00004600    00000064     ti_msp_dl_config.o (.text.SYSCFG_DL_SPI_0_init)
                  00004664    00000064     uart.o (.text.cmd_help)
                  000046c8    00000062     libclang_rt.builtins.a : aeabi_dcmp.S.obj (.text.__aeabi_dcmp)
                  0000472a    00000002     --HOLE-- [fill = 0]
                  0000472c    00000062                            : aeabi_fcmp.S.obj (.text.__aeabi_fcmp)
                  0000478e    00000062     libc.a : memset16.S.obj (.text:memset)
                  000047f0    00000060     ti_msp_dl_config.o (.text.SYSCFG_DL_MCU_UART_1_init)
                  00004850    00000060     ti_msp_dl_config.o (.text.SYSCFG_DL_SPI_1_init)
                  000048b0    0000005e     driverlib.a : dl_i2c.o (.text.DL_I2C_fillControllerTXFIFO)
                  0000490e    00000002     --HOLE-- [fill = 0]
                  00004910    0000005c     spi_master.o (.text.SPI_Controller_Arm)
                  0000496c    0000005c     libc.a : s_frexp.c.obj (.text.frexp)
                  000049c8    00000058            : _ltoa.c.obj (.text.__TI_ltoa)
                  00004a20    00000058            : _printfi.c.obj (.text._pconv_f)
                  00004a78    00000056     libclang_rt.builtins.a : aeabi_idivmod.S.obj (.text.__aeabi_idivmod)
                  00004ace    00000052     libc.a : _printfi.c.obj (.text._ecpy)
                  00004b20    0000004c     driverlib.a : dl_dma.o (.text.DL_DMA_initChannel)
                  00004b6c    0000004a     libclang_rt.builtins.a : fixdfsi.S.obj (.text.__fixdfsi)
                  00004bb6    00000048     BQ27Z7_functions.o (.text.BQ27Z746_GetFETOptions)
                  00004bfe    00000002     --HOLE-- [fill = 0]
                  00004c00    00000048     driverlib.a : dl_uart.o (.text.DL_UART_init)
                  00004c48    00000048     libc.a : strtok.c.obj (.text.strtok)
                  00004c90    00000044     driverlib.a : dl_spi.o (.text.DL_SPI_init)
                  00004cd4    00000044     ti_msp_dl_config.o (.text.SYSCFG_DL_init)
                  00004d18    00000040     ti_msp_dl_config.o (.text.SYSCFG_DL_SYSCTL_init)
                  00004d58    00000040     libclang_rt.builtins.a : aeabi_uidivmod.S.obj (.text.__aeabi_uidivmod)
                  00004d98    00000040     libc.a : atoi.c.obj (.text.atoi)
                  00004dd8    00000040            : vsnprintf.c.obj (.text.vsnprintf)
                  00004e18    0000003c     uart.o (.text.CLI_RegisterCommand)
                  00004e54    0000003c     driverlib.a : dl_i2c.o (.text.DL_I2C_flushControllerTXFIFO)
                  00004e90    0000003c     libclang_rt.builtins.a : comparesf2.S.obj (.text.__gtsf2)
                  00004ecc    0000003c     uart.o (.text.get_UART_buffer)
                  00004f08    0000003c     libc.a : autoinit.c.obj (.text:__TI_auto_init_nobinit_nopinit)
                  00004f44    0000003a     libclang_rt.builtins.a : comparesf2.S.obj (.text.__eqsf2)
                  00004f7e    00000002     --HOLE-- [fill = 0]
                  00004f80    0000003a                            : muldsi3.S.obj (.text.__muldsi3)
                  00004fba    00000002     --HOLE-- [fill = 0]
                  00004fbc    00000038     ti_msp_dl_config.o (.text.SYSCFG_DL_TIMER_0_init)
                  00004ff4    00000038     libclang_rt.builtins.a : fixsfsi.S.obj (.text.__fixsfsi)
                  0000502c    00000038     gauge.o (.text.gauge_read)
                  00005064    00000038     gauge.o (.text.gauge_write)
                  0000509c    00000034     spi_master.o (.text.SPI1_IRQHandler)
                  000050d0    00000030     driverlib.a : dl_i2c.o (.text.DL_I2C_flushControllerRXFIFO)
                  00005100    00000030                 : dl_uart.o (.text.DL_UART_transmitDataBlocking)
                  00005130    00000030     libc.a : _printfi.c.obj (.text._fcpy)
                  00005160    00000030            : vsnprintf.c.obj (.text._outs)
                  00005190    00000030     gauge.o (.text.gauge_cmd_read)
                  000051c0    0000002c     libclang_rt.builtins.a : floatsidf.S.obj (.text.__floatsidf)
                  000051ec    00000028                            : floatunsisf.S.obj (.text.__floatunsisf)
                  00005214    00000028     libc.a : boot_cortex_m.c.obj (.text:_c_int00_noargs)
                  0000523c    00000026     driverlib.a : dl_i2c.o (.text.DL_I2C_setClockConfig)
                  00005262    00000026     libc.a : strspn.c.obj (.text.strspn)
                  00005288    00000024     BQ25628_functions.o (.text.BQ25628E_ReadReg16)
                  000052ac    00000024     BQ25628_functions.o (.text.BQ25628E_ReadReg8)
                  000052d0    00000024     BQ25628_functions.o (.text.BQ25628E_WriteReg16)
                  000052f4    00000024     spi_master.o (.text.SPI_Controller_Init)
                  00005318    00000024     libclang_rt.builtins.a : muldi3.S.obj (.text.__muldi3)
                  0000533c    00000024     libc.a : strcspn.c.obj (.text.strcspn)
                  00005360    00000022            : memccpy.c.obj (.text.memccpy)
                  00005382    00000002     --HOLE-- [fill = 0]
                  00005384    00000020     BQ25628_functions.o (.text.BQ25628E_WriteReg8)
                  000053a4    00000020     BQ27Z7_functions.o (.text.BQ27Z746_ReadInternalTemp_C)
                  000053c4    00000020     BQ27Z7_functions.o (.text.BQ27Z746_ReadTemperature_C)
                  000053e4    00000020     uart.o (.text.uart_init)
                  00005404    0000001e     libclang_rt.builtins.a : ashldi3.S.obj (.text.__ashldi3)
                  00005422    00000002     --HOLE-- [fill = 0]
                  00005424    0000001c     driverlib.a : dl_timer.o (.text.DL_Timer_setClockConfig)
                  00005440    0000001c     i2c.o (.text.i2c_init)
                  0000545c    00000018     BQ27Z7_functions.o (.text.BQ27Z746_Init)
                  00005474    00000018     ti_msp_dl_config.o (.text.SYSCFG_DL_DMA_CH0_init)
                  0000548c    00000018     ti_msp_dl_config.o (.text.SYSCFG_DL_DMA_CH1_init)
                  000054a4    00000018     ti_msp_dl_config.o (.text.SYSCFG_DL_DMA_CH2_init)
                  000054bc    00000018     ti_msp_dl_config.o (.text.SYSCFG_DL_DMA_CH3_init)
                  000054d4    00000018     main.o (.text.UART0_IRQHandler)
                  000054ec    00000018     libc.a : vsnprintf.c.obj (.text._outc)
                  00005504    00000016            : copy_zero_init.c.obj (.text:decompress:ZI:__TI_zero_init_nomemset)
                  0000551a    00000014     ti_msp_dl_config.o (.text.SYSCFG_DL_DMA_init)
                  0000552e    00000002     --HOLE-- [fill = 0]
                  00005530    00000014     libclang_rt.builtins.a : aeabi_uldivmod.S.obj (.text.__aeabi_uldivmod)
                  00005544    00000014     libc.a : _printfi.c.obj (.text.strchr)
                  00005558    00000012     driverlib.a : dl_spi.o (.text.DL_SPI_setClockConfig)
                  0000556a    00000012                 : dl_uart.o (.text.DL_UART_setClockConfig)
                  0000557c    00000012     libc.a : copy_decompress_none.c.obj (.text:decompress:none)
                  0000558e    00000002     --HOLE-- [fill = 0]
                  00005590    00000010     BQ27Z7_functions.o (.text.BQ27Z746_IsDischarging)
                  000055a0    00000010     BQ27Z7_functions.o (.text.BQ27Z746_IsFullyCharged)
                  000055b0    00000010     BQ27Z7_functions.o (.text.BQ27Z746_IsFullyDischarged)
                  000055c0    00000010     i2c.o (.text.I2C0_IRQHandler)
                  000055d0    00000010     i2c.o (.text.I2C1_IRQHandler)
                  000055e0    00000010     gauge.o (.text.gauge_address)
                  000055f0    00000010     libc.a : wcslen.c.obj (.text.wcslen)
                  00005600    0000000e     libclang_rt.builtins.a : aeabi_memset.S.obj (.text.__aeabi_memset)
                  0000560e    0000000e     libc.a : _printfi.c.obj (.text.strlen)
                  0000561c    0000000c     BQ25628_functions.o (.text.BQ25628E_Get_IBAT_mA)
                  00005628    0000000c     BQ25628_functions.o (.text.BQ25628E_Get_IBUS_mA)
                  00005634    0000000c     BQ25628_functions.o (.text.BQ25628E_Get_VBAT_mV)
                  00005640    0000000c     BQ25628_functions.o (.text.BQ25628E_Get_VBUS_mV)
                  0000564c    0000000c     BQ25628_functions.o (.text.BQ25628E_Get_VSYS_mV)
                  00005658    0000000c     BQ27Z7_functions.o (.text.BQ27Z746_Get_AvgCurrent_mA)
                  00005664    0000000c     BQ27Z7_functions.o (.text.BQ27Z746_Get_AvgPower_mW)
                  00005670    0000000c     BQ27Z7_functions.o (.text.BQ27Z746_Get_BatteryStatus)
                  0000567c    0000000c     BQ27Z7_functions.o (.text.BQ27Z746_Get_Current_mA)
                  00005688    0000000c     BQ27Z7_functions.o (.text.BQ27Z746_Get_CycleCount)
                  00005694    0000000c     BQ27Z7_functions.o (.text.BQ27Z746_Get_FullChargeCap_mAh)
                  000056a0    0000000c     BQ27Z7_functions.o (.text.BQ27Z746_Get_InternalTemp_C)
                  000056ac    0000000c     BQ27Z7_functions.o (.text.BQ27Z746_Get_RemainingCap_mAh)
                  000056b8    0000000c     BQ27Z7_functions.o (.text.BQ27Z746_Get_SOC_pct)
                  000056c4    0000000c     BQ27Z7_functions.o (.text.BQ27Z746_Get_StateOfHealth_pct)
                  000056d0    0000000c     BQ27Z7_functions.o (.text.BQ27Z746_Get_Temperature_C)
                  000056dc    0000000c     BQ27Z7_functions.o (.text.BQ27Z746_Get_TimeToEmpty_min)
                  000056e8    0000000c     BQ27Z7_functions.o (.text.BQ27Z746_Get_TimeToFull_min)
                  000056f4    0000000c     BQ27Z7_functions.o (.text.BQ27Z746_Get_Voltage_mV)
                  00005700    0000000c     BQ27Z7_functions.o (.text.BQ27Z746_ReadAvgCurrent_mA)
                  0000570c    0000000c     BQ27Z7_functions.o (.text.BQ27Z746_ReadAvgPower_mW)
                  00005718    0000000c     BQ27Z7_functions.o (.text.BQ27Z746_ReadBatteryStatus)
                  00005724    0000000c     BQ27Z7_functions.o (.text.BQ27Z746_ReadCurrent_mA)
                  00005730    0000000c     BQ27Z7_functions.o (.text.BQ27Z746_ReadCycleCount)
                  0000573c    0000000c     BQ27Z7_functions.o (.text.BQ27Z746_ReadFullChargeCap_mAh)
                  00005748    0000000c     BQ27Z7_functions.o (.text.BQ27Z746_ReadRemainingCap_mAh)
                  00005754    0000000c     BQ27Z7_functions.o (.text.BQ27Z746_ReadSOC_pct)
                  00005760    0000000c     BQ27Z7_functions.o (.text.BQ27Z746_ReadStateOfHealth_pct)
                  0000576c    0000000c     BQ27Z7_functions.o (.text.BQ27Z746_ReadTimeToEmpty_min)
                  00005778    0000000c     BQ27Z7_functions.o (.text.BQ27Z746_ReadTimeToFull_min)
                  00005784    0000000c     BQ27Z7_functions.o (.text.BQ27Z746_ReadVoltage_mV)
                  00005790    0000000c     libclang_rt.builtins.a : aeabi_memset.S.obj (.text.__aeabi_memclr)
                  0000579c    0000000a     driverlib.a : dl_common.o (.text.DL_Common_delayCycles)
                  000057a6    0000000a     libc.a : _printfi.c.obj (.text.OUTLINED_FUNCTION_0)
                  000057b0    00000010     libclang_rt.builtins.a : adddf3.S.obj (.tramp.__aeabi_dsub.1)
                  000057c0    0000000a     libc.a : s_roundf.c.obj (.text.OUTLINED_FUNCTION_0)
                  000057ca    00000002     --HOLE-- [fill = 0]
                  000057cc    00000010     libclang_rt.builtins.a : addsf3.S.obj (.tramp.__aeabi_fadd.1)
                  000057dc    0000000a     libc.a : _printfi.c.obj (.text.OUTLINED_FUNCTION_1)
                  000057e6    00000002     --HOLE-- [fill = 0]
                  000057e8    00000008            : aeabi_portable.c.obj (.text.__aeabi_errno_addr)
                  000057f0    00000008     libclang_rt.builtins.a : aeabi_memcpy.S.obj (.text.__aeabi_memcpy)
                  000057f8    00000006     libc.a : exit.c.obj (.text:abort)
                  000057fe    00000004     libsysbm.a : hostexit.c.obj (.text.HOSTexit)
                  00005802    00000004     startup_mspm0g350x_ticlang.o (.text.Reset_Handler)
                  00005806    00000004     libc.a : pre_init.c.obj (.text._system_pre_init)
                  0000580a    00000006     --HOLE-- [fill = 0]

.cinit     0    000071f0    00000048     
                  000071f0    00000024     (.cinit..data.load) [load image, compression = lzss]
                  00007214    0000000c     (__TI_handler_table)
                  00007220    00000008     (.cinit..bss.load) [load image, compression = zero_init]
                  00007228    00000010     (__TI_cinit_table)

.rodata    0    00005810    000019e0     
                  00005810    0000023a     functions.o (.rodata.str1.14424774467072349609.1)
                  00005a4a    000001da     functions.o (.rodata.str1.17600609178903569978.1)
                  00005c24    0000000c     main.o (.rodata.str1.16302215771116645891.1)
                  00005c30    00000101     libc.a : aeabi_ctype.S.obj (.rodata:__aeabi_ctype_table_)
                  00005d31    000000af     functions.o (.rodata.str1.10105263805998509149.1)
                  00005de0    00000046     functions.o (.rodata.str1.14754684760099289372.1)
                  00005e26    00000041     functions.o (.rodata.str1.2344728598999326712.1)
                  00005e67    0000003c     functions.o (.rodata.str1.2654337880733388962.1)
                  00005ea3    0000003c     functions.o (.rodata.str1.6596733414268854495.1)
                  00005edf    0000003b     main.o (.rodata.str1.3530083166107438000.1)
                  00005f1a    0000003b     functions.o (.rodata.str1.6579945242302544448.1)
                  00005f55    00000035     functions.o (.rodata.str1.3098115528246613681.1)
                  00005f8a    00000033     functions.o (.rodata.str1.1787322033648190911.1)
                  00005fbd    00000031     main.o (.rodata.str1.16265332423659789559.1)
                  00005fee    00000030     main.o (.rodata.str1.10635229749459437609.1)
                  0000601e    0000002f     functions.o (.rodata.str1.11510568493784519380.1)
                  0000604d    0000002f     main.o (.rodata.str1.18227636981041470289.1)
                  0000607c    0000002d     functions.o (.rodata.str1.16113805747440866019.1)
                  000060a9    0000002d     functions.o (.rodata.str1.17873271132953962449.1)
                  000060d6    0000002d     functions.o (.rodata.str1.303947978237559523.1)
                  00006103    0000002c     main.o (.rodata.str1.5043408953494467246.1)
                  0000612f    0000002a     functions.o (.rodata.str1.13933329845969146692.1)
                  00006159    0000002a     functions.o (.rodata.str1.5117621188084071403.1)
                  00006183    00000029     functions.o (.rodata.str1.14212890215622683485.1)
                  000061ac    00000028     functions.o (.rodata.str1.13707145581914847747.1)
                  000061d4    00000027     functions.o (.rodata.str1.4144252613811081812.1)
                  000061fb    00000027     functions.o (.rodata.str1.7085808795165203043.1)
                  00006222    00000027     main.o (.rodata.str1.9059077390166914652.1)
                  00006249    00000026     functions.o (.rodata.str1.11596568296542930794.1)
                  0000626f    00000026     functions.o (.rodata.str1.312031595841812858.1)
                  00006295    00000026     main.o (.rodata.str1.39260288392874984.1)
                  000062bb    00000025     functions.o (.rodata.str1.5196872854305757230.1)
                  000062e0    00000024     main.o (.rodata.str1.1311392489248731986.1)
                  00006304    00000024     functions.o (.rodata.str1.2298903785866919411.1)
                  00006328    00000024     main.o (.rodata.str1.6554448696319176064.1)
                  0000634c    00000023     main.o (.rodata.str1.14402440632258215044.1)
                  0000636f    00000023     uart.o (.rodata.str1.14464947116831474962.1)
                  00006392    00000023     functions.o (.rodata.str1.2216088936736676215.1)
                  000063b5    00000023     functions.o (.rodata.str1.3739636256912452571.1)
                  000063d8    00000023     functions.o (.rodata.str1.7723146404961276984.1)
                  000063fb    00000022     functions.o (.rodata.str1.11087625087312282266.1)
                  0000641d    00000022     functions.o (.rodata.str1.11403685632016021771.1)
                  0000643f    00000022     functions.o (.rodata.str1.13554695696533425351.1)
                  00006461    00000022     main.o (.rodata.str1.14466178792657420020.1)
                  00006483    00000022     functions.o (.rodata.str1.14626576299884526934.1)
                  000064a5    00000022     functions.o (.rodata.str1.16386345573460399209.1)
                  000064c7    00000022     main.o (.rodata.str1.17376258722486336754.1)
                  000064e9    00000022     functions.o (.rodata.str1.2305192595417680505.1)
                  0000650b    00000022     functions.o (.rodata.str1.823074591787180899.1)
                  0000652d    00000022     functions.o (.rodata.str1.8430466031500812981.1)
                  0000654f    00000022     main.o (.rodata.str1.8828068777338075035.1)
                  00006571    00000021     functions.o (.rodata.str1.14504089057119714207.1)
                  00006592    00000021     functions.o (.rodata.str1.17004305802620412261.1)
                  000065b3    00000021     functions.o (.rodata.str1.17112998893623131760.1)
                  000065d4    00000021     functions.o (.rodata.str1.18169768820860067831.1)
                  000065f5    00000021     functions.o (.rodata.str1.2006883888705870762.1)
                  00006616    00000021     functions.o (.rodata.str1.2618360898605671341.1)
                  00006637    00000021     functions.o (.rodata.str1.4531601087117612729.1)
                  00006658    00000021     functions.o (.rodata.str1.4910338030008278487.1)
                  00006679    00000021     functions.o (.rodata.str1.831622212789273363.1)
                  0000669a    00000020     functions.o (.rodata.str1.10868672936327135180.1)
                  000066ba    00000020     functions.o (.rodata.str1.11158820112163685190.1)
                  000066da    00000020     functions.o (.rodata.str1.11740181311745255940.1)
                  000066fa    00000020     functions.o (.rodata.str1.11852899632267644254.1)
                  0000671a    00000020     functions.o (.rodata.str1.12250083639950253671.1)
                  0000673a    00000020     functions.o (.rodata.str1.12257129677820421622.1)
                  0000675a    00000020     functions.o (.rodata.str1.16726128468901222387.1)
                  0000677a    00000020     main.o (.rodata.str1.2563708670032483588.1)
                  0000679a    00000020     functions.o (.rodata.str1.7108839738911806945.1)
                  000067ba    0000001f     functions.o (.rodata.str1.10387253022637546114.1)
                  000067d9    0000001f     main.o (.rodata.str1.14112174005742061988.1)
                  000067f8    0000001f     functions.o (.rodata.str1.16985884696085998545.1)
                  00006817    0000001f     functions.o (.rodata.str1.6954128830300373732.1)
                  00006836    0000001f     functions.o (.rodata.str1.7261598007108977983.1)
                  00006855    0000001f     functions.o (.rodata.str1.771275161403278999.1)
                  00006874    0000001f     functions.o (.rodata.str1.8841248051089024616.1)
                  00006893    0000001f     functions.o (.rodata.str1.9586352787182320994.1)
                  000068b2    0000001f     functions.o (.rodata.str1.9629253951102113371.1)
                  000068d1    0000001e     functions.o (.rodata.str1.10930655922842606279.1)
                  000068ef    0000001e     functions.o (.rodata.str1.11488970495173820783.1)
                  0000690d    0000001e     functions.o (.rodata.str1.13258710136769708401.1)
                  0000692b    0000001e     functions.o (.rodata.str1.2153166669032916089.1)
                  00006949    0000001e     functions.o (.rodata.str1.2957129483359387701.1)
                  00006967    0000001e     functions.o (.rodata.str1.9393216526452698668.1)
                  00006985    0000001e     functions.o (.rodata.str1.9987864939932165754.1)
                  000069a3    0000001d     functions.o (.rodata.str1.10029850049327752681.1)
                  000069c0    0000001d     functions.o (.rodata.str1.7324634916810494498.1)
                  000069dd    0000001c     main.o (.rodata.str1.12180500075719773345.1)
                  000069f9    0000001b     functions.o (.rodata.str1.4040450050525152614.1)
                  00006a14    0000001b     functions.o (.rodata.str1.6886749528440134913.1)
                  00006a2f    0000001b     functions.o (.rodata.str1.7667325258934765219.1)
                  00006a4a    0000001b     functions.o (.rodata.str1.8276779995786722914.1)
                  00006a65    0000001a     functions.o (.rodata.str1.10394495994740858438.1)
                  00006a7f    0000001a     functions.o (.rodata.str1.11621569494667626893.1)
                  00006a99    0000001a     functions.o (.rodata.str1.12609848238114409581.1)
                  00006ab3    0000001a     main.o (.rodata.str1.14079361385603432444.1)
                  00006acd    0000001a     functions.o (.rodata.str1.14247832736261690914.1)
                  00006ae7    0000001a     functions.o (.rodata.str1.2190941444116491765.1)
                  00006b01    0000001a     functions.o (.rodata.str1.2872345601479061820.1)
                  00006b1b    0000001a     functions.o (.rodata.str1.5905555877690922764.1)
                  00006b35    0000001a     functions.o (.rodata.str1.976629323795015702.1)
                  00006b4f    0000001a     functions.o (.rodata.str1.9955790773425000222.1)
                  00006b69    00000019     functions.o (.rodata.str1.11584461607463951922.1)
                  00006b82    00000019     main.o (.rodata.str1.8076846746581808073.1)
                  00006b9b    00000001     --HOLE-- [fill = 0]
                  00006b9c    00000018     ti_msp_dl_config.o (.rodata.gDMA_CH0Config)
                  00006bb4    00000018     ti_msp_dl_config.o (.rodata.gDMA_CH1Config)
                  00006bcc    00000018     ti_msp_dl_config.o (.rodata.gDMA_CH2Config)
                  00006be4    00000018     ti_msp_dl_config.o (.rodata.gDMA_CH3Config)
                  00006bfc    00000018     functions.o (.rodata.str1.14826907694073300720.1)
                  00006c14    00000018     functions.o (.rodata.str1.15647711897633472048.1)
                  00006c2c    00000018     functions.o (.rodata.str1.3544098629501009633.1)
                  00006c44    00000018     functions.o (.rodata.str1.4307635291288551838.1)
                  00006c5c    00000018     functions.o (.rodata.str1.5556253844797924259.1)
                  00006c74    00000018     main.o (.rodata.str1.8154729771448623357.1)
                  00006c8c    00000017     functions.o (.rodata.str1.11548324711019379123.1)
                  00006ca3    00000017     functions.o (.rodata.str1.15416425971347363818.1)
                  00006cba    00000017     functions.o (.rodata.str1.15981603964029308583.1)
                  00006cd1    00000017     functions.o (.rodata.str1.16499007181999684178.1)
                  00006ce8    00000017     functions.o (.rodata.str1.17162129685140799346.1)
                  00006cff    00000017     functions.o (.rodata.str1.17242831494859343374.1)
                  00006d16    00000017     functions.o (.rodata.str1.3322434249706281543.1)
                  00006d2d    00000017     main.o (.rodata.str1.8428454045432808059.1)
                  00006d44    00000016     functions.o (.rodata.str1.13361924668150654931.1)
                  00006d5a    00000016     functions.o (.rodata.str1.13647871663007229205.1)
                  00006d70    00000016     functions.o (.rodata.str1.13750405472340812261.1)
                  00006d86    00000016     uart.o (.rodata.str1.15503172443992438641.1)
                  00006d9c    00000016     functions.o (.rodata.str1.1879081474855052955.1)
                  00006db2    00000016     functions.o (.rodata.str1.1912318065655334061.1)
                  00006dc8    00000016     main.o (.rodata.str1.2763581881760962609.1)
                  00006dde    00000015     functions.o (.rodata.str1.11457859038367029433.1)
                  00006df3    00000015     functions.o (.rodata.str1.13291850131445628085.1)
                  00006e08    00000015     functions.o (.rodata.str1.13318008327193210645.1)
                  00006e1d    00000015     functions.o (.rodata.str1.14079700471513303319.1)
                  00006e32    00000015     functions.o (.rodata.str1.14779408147115502373.1)
                  00006e47    00000015     functions.o (.rodata.str1.16344480386849582482.1)
                  00006e5c    00000015     functions.o (.rodata.str1.17171889877841249491.1)
                  00006e71    00000015     functions.o (.rodata.str1.18285776561876861988.1)
                  00006e86    00000015     functions.o (.rodata.str1.5514502381961403268.1)
                  00006e9b    00000015     functions.o (.rodata.str1.7987950595137088371.1)
                  00006eb0    00000015     main.o (.rodata.str1.8108965883388295311.1)
                  00006ec5    00000015     uart.o (.rodata.str1.8171864734171609186.1)
                  00006eda    00000002     ti_msp_dl_config.o (.rodata.gI2C_0ClockConfig)
                  00006edc    00000014     ti_msp_dl_config.o (.rodata.gTIMER_0TimerConfig)
                  00006ef0    00000014     main.o (.rodata.str1.11870794119293528247.1)
                  00006f04    00000013     functions.o (.rodata.str1.17622889657162422067.1)
                  00006f17    00000012     functions.o (.rodata.str1.11371842499512143921.1)
                  00006f29    00000012     functions.o (.rodata.str1.11391304066098951517.1)
                  00006f3b    00000012     functions.o (.rodata.str1.14660004578859228044.1)
                  00006f4d    00000012     main.o (.rodata.str1.16631870348416990953.1)
                  00006f5f    00000011     libc.a : _printfi.c.obj (.rodata.str1.10348868589481759720.1)
                  00006f70    00000011     main.o (.rodata.str1.10865113624938808685.1)
                  00006f81    00000011     main.o (.rodata.str1.11321157723316767883.1)
                  00006f92    00000011     libc.a : _printfi.c.obj (.rodata.str1.15363888844622738466.1)
                  00006fa3    00000011     main.o (.rodata.str1.17045314124001216156.1)
                  00006fb4    00000011     main.o (.rodata.str1.7784929982665794503.1)
                  00006fc5    00000011     main.o (.rodata.str1.8096991282711418442.1)
                  00006fd6    00000011     functions.o (.rodata.str1.8855207564147674068.1)
                  00006fe7    00000001     --HOLE-- [fill = 0]
                  00006fe8    00000010     main.o (.rodata..Lswitch.table.main)
                  00006ff8    0000000f     functions.o (.rodata.str1.6405428687533244608.1)
                  00007007    0000000e     functions.o (.rodata.str1.16614484817706633923.1)
                  00007015    0000000e     main.o (.rodata.str1.7996925722583989644.1)
                  00007023    0000000d     functions.o (.rodata.str1.14249227603012650231.1)
                  00007030    0000000d     main.o (.rodata.str1.8320541211001259012.1)
                  0000703d    0000000b     main.o (.rodata.str1.10313062130652730376.1)
                  00007048    0000000b     functions.o (.rodata.str1.9866892624350641238.1)
                  00007053    00000001     --HOLE-- [fill = 0]
                  00007054    0000000a     ti_msp_dl_config.o (.rodata.gMCU_UART_1Config)
                  0000705e    0000000a     ti_msp_dl_config.o (.rodata.gSPI_0_config)
                  00007068    0000000a     ti_msp_dl_config.o (.rodata.gSPI_1_config)
                  00007072    0000000a     ti_msp_dl_config.o (.rodata.gUART_0Config)
                  0000707c    0000000a     main.o (.rodata.str1.13030671760666898970.1)
                  00007086    0000000a     functions.o (.rodata.str1.13060549876486072544.1)
                  00007090    0000000a     functions.o (.rodata.str1.9659379646541333203.1)
                  0000709a    00000009     main.o (.rodata.str1.10720410773482754683.1)
                  000070a3    00000009     main.o (.rodata.str1.11822182024223342093.1)
                  000070ac    00000009     functions.o (.rodata.str1.13225435875195226696.1)
                  000070b5    00000009     main.o (.rodata.str1.18092426736022315238.1)
                  000070be    00000009     uart.o (.rodata.str1.2747995240747259486.1)
                  000070c7    00000009     functions.o (.rodata.str1.5320122413559821118.1)
                  000070d0    00000008     main.o (.rodata.str1.10224226614597680209.1)
                  000070d8    00000008     functions.o (.rodata.str1.11093425900794288272.1)
                  000070e0    00000008     functions.o (.rodata.str1.12716370140545181522.1)
                  000070e8    00000008     functions.o (.rodata.str1.15667472894159448674.1)
                  000070f0    00000008     functions.o (.rodata.str1.15927518266867229498.1)
                  000070f8    00000008     functions.o (.rodata.str1.16929425599360063401.1)
                  00007100    00000008     main.o (.rodata.str1.2846389346932560359.1)
                  00007108    00000008     functions.o (.rodata.str1.3156050197955811031.1)
                  00007110    00000008     main.o (.rodata.str1.6891813955777630061.1)
                  00007118    00000007     functions.o (.rodata.str1.14125585639945481457.1)
                  0000711f    00000007     functions.o (.rodata.str1.17588442350683572369.1)
                  00007126    00000007     main.o (.rodata.str1.2624144126699937905.1)
                  0000712d    00000007     functions.o (.rodata.str1.3123360382440319361.1)
                  00007134    00000007     functions.o (.rodata.str1.8113497073403762318.1)
                  0000713b    00000006     functions.o (.rodata.str1.10302267126528799586.1)
                  00007141    00000006     functions.o (.rodata.str1.11538060877586311343.1)
                  00007147    00000006     functions.o (.rodata.str1.17144429639171527548.1)
                  0000714d    00000006     main.o (.rodata.str1.2123964117280943167.1)
                  00007153    00000006     main.o (.rodata.str1.403738606202455663.1)
                  00007159    00000006     functions.o (.rodata.str1.455706336395187257.1)
                  0000715f    00000006     functions.o (.rodata.str1.4959705119256106851.1)
                  00007165    00000005     functions.o (.rodata.str1.11900037607746946141.1)
                  0000716a    00000005     functions.o (.rodata.str1.13183419841694627606.1)
                  0000716f    00000005     main.o (.rodata.str1.13288086030101331538.1)
                  00007174    00000005     functions.o (.rodata.str1.13786467237224150958.1)
                  00007179    00000005     functions.o (.rodata.str1.14496393926573069083.1)
                  0000717e    00000005     main.o (.rodata.str1.15159059442110792349.1)
                  00007183    00000005     functions.o (.rodata.str1.16757203657686794125.1)
                  00007188    00000005     functions.o (.rodata.str1.17418132220924322792.1)
                  0000718d    00000005     main.o (.rodata.str1.288608917962107522.1)
                  00007192    00000005     functions.o (.rodata.str1.3066531604708884151.1)
                  00007197    00000005     functions.o (.rodata.str1.3172367308849033862.1)
                  0000719c    00000005     functions.o (.rodata.str1.502354497711140047.1)
                  000071a1    00000004     functions.o (.rodata.str1.11345522308171243087.1)
                  000071a5    00000004     main.o (.rodata.str1.11702106008850790973.1)
                  000071a9    00000004     functions.o (.rodata.str1.12871985577256932554.1)
                  000071ad    00000004     functions.o (.rodata.str1.15871961652988661611.1)
                  000071b1    00000004     main.o (.rodata.str1.15996357275703397564.1)
                  000071b5    00000004     main.o (.rodata.str1.17100691992556644108.1)
                  000071b9    00000004     functions.o (.rodata.str1.2347775125427912132.1)
                  000071bd    00000004     functions.o (.rodata.str1.4561657886204501224.1)
                  000071c1    00000004     functions.o (.rodata.str1.62749256631814321.1)
                  000071c5    00000004     functions.o (.rodata.str1.9119127971185803168.1)
                  000071c9    00000003     ti_msp_dl_config.o (.rodata.gTIMER_0ClockConfig)
                  000071cc    00000003     uart.o (.rodata.str1.12819099410943012003.1)
                  000071cf    00000003     functions.o (.rodata.str1.17016031596792030868.1)
                  000071d2    00000003     functions.o (.rodata.str1.17669684748118727147.1)
                  000071d5    00000003     main.o (.rodata.str1.7702501944640899365.1)
                  000071d8    00000002     ti_msp_dl_config.o (.rodata.gI2C_1ClockConfig)
                  000071da    00000002     ti_msp_dl_config.o (.rodata.gMCU_UART_1ClockConfig)
                  000071dc    00000002     ti_msp_dl_config.o (.rodata.gSPI_0_clockConfig)
                  000071de    00000002     ti_msp_dl_config.o (.rodata.gSPI_1_clockConfig)
                  000071e0    00000002     ti_msp_dl_config.o (.rodata.gUART_0ClockConfig)
                  000071e2    00000002     uart.o (.rodata.str1.3510367808670815947.1)
                  000071e4    00000002     functions.o (.rodata.str1.5994875290679588583.1)
                  000071e6    0000000a     --HOLE-- [fill = 0]

.init_array 
*          0    00000000    00000000     UNINITIALIZED

.binit     0    00000000    00000000     

.bss       0    20200000    00000189     UNINITIALIZED
                  20200000    00000078     uart.o (.bss.commandList)
                  20200078    00000040     (.common:UART_Buffer)
                  202000b8    00000028     (.common:gSPI_0Backup)
                  202000e0    00000028     (.common:gSPI_1Backup)
                  20200108    00000022     (.common:gRxPacket)
                  2020012a    00000022     (.common:gTxPacket)
                  2020014c    0000001c     (.common:stm32Spi)
                  20200168    00000010     (.common:gSPI_RxPacket)
                  20200178    00000004     (.common:gRxCount)
                  2020017c    00000004     (.common:gRxLen)
                  20200180    00000004     (.common:gTxCount)
                  20200184    00000004     (.common:gTxLen)
                  20200188    00000001     (.common:gI2cControllerStatus)

.data      0    2020018c    0000004a     UNINITIALIZED
                  2020018c    00000010     spi_master.o (.data.gSPI_TxPacket)
                  2020019c    00000004     libc.a : aeabi_portable.c.obj (.data.__aeabi_errno)
                  202001a0    00000004     uart.o (.data.commandCount)
                  202001a4    00000004     libc.a : strtok.c.obj (.data.last_end)
                  202001a8    00000004     main.o (.data.monitor_rate)
                  202001ac    00000002     BQ25628_functions.o (.data.g_ibat_mA)
                  202001ae    00000002     BQ25628_functions.o (.data.g_ibus_mA)
                  202001b0    00000002     BQ27Z7_functions.o (.data.g_telem.0)
                  202001b2    00000002     BQ27Z7_functions.o (.data.g_telem.10)
                  202001b4    00000002     BQ27Z7_functions.o (.data.g_telem.11)
                  202001b6    00000002     BQ27Z7_functions.o (.data.g_telem.12)
                  202001b8    00000002     BQ27Z7_functions.o (.data.g_telem.13)
                  202001ba    00000002     BQ27Z7_functions.o (.data.g_telem.1)
                  202001bc    00000002     BQ27Z7_functions.o (.data.g_telem.2)
                  202001be    00000002     BQ27Z7_functions.o (.data.g_telem.4)
                  202001c0    00000002     BQ27Z7_functions.o (.data.g_telem.5)
                  202001c2    00000002     BQ27Z7_functions.o (.data.g_telem.7)
                  202001c4    00000002     BQ27Z7_functions.o (.data.g_telem.8)
                  202001c6    00000002     BQ27Z7_functions.o (.data.g_telem.9)
                  202001c8    00000002     BQ25628_functions.o (.data.g_vbat_mV)
                  202001ca    00000002     BQ25628_functions.o (.data.g_vbus_mV)
                  202001cc    00000002     BQ25628_functions.o (.data.g_vsys_mV)
                  202001ce    00000001     main.o (.data.bq_monitor_active)
                  202001cf    00000001     uart.o (.data.char_index)
                  202001d0    00000001     uart.o (.data.data_received)
                  202001d1    00000001     gauge.o (.data.g_gaugeAddr)
                  202001d2    00000001     BQ27Z7_functions.o (.data.g_telem.3)
                  202001d3    00000001     main.o (.data.gauge_monitor_active)
                  202001d4    00000001     BQ27Z7_functions.o (.data.g_telem.6)
                  202001d5    00000001     main.o (.data.hall_monitor_active)

.stack     0    20207e00    00000200     UNINITIALIZED
                  20207e00    00000004     libc.a : boot_cortex_m.c.obj (.stack)
                  20207e04    000001fc     --HOLE--

__llvm_prf_cnts 
*          0    20200000    00000000     UNINITIALIZED

__llvm_prf_bits 
*          0    20200000    00000000     UNINITIALIZED

MODULE SUMMARY

       Module                         code    ro data   rw data
       ------                         ----    -------   -------
    .\
       functions.o                    3912    4993      0      
       main.o                         968     1064      7      
       ti_msp_dl_config.o             1296    171       80     
       startup_mspm0g350x_ticlang.o   6       192       0      
    +--+------------------------------+-------+---------+---------+
       Total:                         6182    6420      87     
                                                               
    .\HAL\
       uart.o                         1484    92        190    
       i2c.o                          1256    0         85     
       spi_master.o                   180     0         60     
    +--+------------------------------+-------+---------+---------+
       Total:                         2920    92        335    
                                                               
    .\ics\BQ25628\
       BQ25628_functions.o            692     0         10     
    +--+------------------------------+-------+---------+---------+
       Total:                         692     0         10     
                                                               
    .\ics\BQ27Z7\
       BQ27Z7_functions.o             2440    0         26     
       gauge.o                        176     0         1      
    +--+------------------------------+-------+---------+---------+
       Total:                         2616    0         27     
                                                               
    C:/ti/mspm0_sdk_2_09_00_01/source/ti/driverlib/lib/ticlang/m0p/mspm0g1x0x_g3x0x/driverlib.a
       dl_timer.o                     280     0         0      
       dl_i2c.o                       240     0         0      
       dl_uart.o                      138     0         0      
       dl_spi.o                       86      0         0      
       dl_dma.o                       76      0         0      
       dl_common.o                    10      0         0      
    +--+------------------------------+-------+---------+---------+
       Total:                         830     0         0      
                                                               
    C:\ti\ccs2031\ccs\tools\compiler\ti-cgt-armllvm_4.0.4.LTS\lib\armv6m-ti-none-eabi/c/libc.a
       _printfi.c.obj                 4510    34        0      
       strtol.c.obj                   324     0         0      
       aeabi_ctype.S.obj              0       257       0      
       s_scalbn.c.obj                 216     0         0      
       memcpy16.S.obj                 154     0         0      
       s_floorf.c.obj                 140     0         0      
       strcmp-armv6m.S.obj            136     0         0      
       vsnprintf.c.obj                136     0         0      
       copy_decompress_lzss.c.obj     124     0         0      
       s_roundf.c.obj                 114     0         0      
       memset16.S.obj                 98      0         0      
       s_frexp.c.obj                  92      0         0      
       _ltoa.c.obj                    88      0         0      
       strtok.c.obj                   72      0         4      
       atoi.c.obj                     64      0         0      
       autoinit.c.obj                 60      0         0      
       boot_cortex_m.c.obj            40      0         0      
       strspn.c.obj                   38      0         0      
       strcspn.c.obj                  36      0         0      
       memccpy.c.obj                  34      0         0      
       copy_zero_init.c.obj           22      0         0      
       copy_decompress_none.c.obj     18      0         0      
       wcslen.c.obj                   16      0         0      
       aeabi_portable.c.obj           8       0         4      
       exit.c.obj                     6       0         0      
       pre_init.c.obj                 4       0         0      
    +--+------------------------------+-------+---------+---------+
       Total:                         6550    291       8      
                                                               
    C:\ti\ccs2031\ccs\tools\compiler\ti-cgt-armllvm_4.0.4.LTS\lib\armv6m-ti-none-eabi/c/libsysbm.a
       hostexit.c.obj                 4       0         0      
    +--+------------------------------+-------+---------+---------+
       Total:                         4       0         0      
                                                               
    C:\ti\ccs2031\ccs\tools\compiler\ti-cgt-armllvm_4.0.4.LTS\lib\armv6m-ti-none-eabi/libclang_rt.builtins.a
       adddf3.S.obj                   418     0         0      
       divdf3.S.obj                   268     0         0      
       addsf3.S.obj                   232     0         0      
       muldf3.S.obj                   228     0         0      
       comparedf2.c.obj               220     0         0      
       udivmoddi4.S.obj               162     0         0      
       mulsf3.S.obj                   140     0         0      
       comparesf2.S.obj               118     0         0      
       aeabi_dcmp.S.obj               98      0         0      
       aeabi_fcmp.S.obj               98      0         0      
       aeabi_idivmod.S.obj            86      0         0      
       fixdfsi.S.obj                  74      0         0      
       aeabi_uidivmod.S.obj           64      0         0      
       muldsi3.S.obj                  58      0         0      
       fixsfsi.S.obj                  56      0         0      
       floatsidf.S.obj                44      0         0      
       floatunsisf.S.obj              40      0         0      
       muldi3.S.obj                   36      0         0      
       ashldi3.S.obj                  30      0         0      
       aeabi_memset.S.obj             26      0         0      
       aeabi_uldivmod.S.obj           20      0         0      
       aeabi_memcpy.S.obj             8       0         0      
       aeabi_div0.c.obj               4       0         0      
    +--+------------------------------+-------+---------+---------+
       Total:                         2528    0         0      
                                                               
       Stack:                         0       0         512    
       Linker Generated:              0       72        0      
    +--+------------------------------+-------+---------+---------+
       Grand Total:                   22322   6875      979    


LINKER GENERATED COPY TABLES

__TI_cinit_table @ 00007228 records: 2, size/record: 8, table size: 16
	.data: load addr=000071f0, load size=00000024 bytes, run addr=2020018c, run size=0000004a bytes, compression=lzss
	.bss: load addr=00007220, load size=00000008 bytes, run addr=20200000, run size=00000189 bytes, compression=zero_init


LINKER GENERATED HANDLER TABLE

__TI_handler_table @ 00007214 records: 3, size/record: 4, table size: 12
	index: 0, handler: __TI_decompress_lzss
	index: 1, handler: __TI_decompress_none
	index: 2, handler: __TI_zero_init


FAR CALL TRAMPOLINES

callee name               trampoline name
   callee addr  tramp addr   call addr  call info
--------------  -----------  ---------  ----------------
__aeabi_dsub              $Tramp$TT$L$PI$$__aeabi_dsub
   00002371     000057b0     000057ae   libc.a : _printfi.c.obj (.text.OUTLINED_FUNCTION_0)
__aeabi_fadd              $Tramp$TT$L$PI$$__aeabi_fadd
   00003ae7     000057cc     000057c8   libc.a : s_roundf.c.obj (.text.OUTLINED_FUNCTION_0)

[2 trampolines]
[2 trampoline calls]


GLOBAL SYMBOLS: SORTED ALPHABETICALLY BY Name 

address   name                          
-------   ----                          
00002503  ADC0_IRQHandler               
00002503  ADC1_IRQHandler               
00002503  AES_IRQHandler                
0000561d  BQ25628E_Get_IBAT_mA          
00005629  BQ25628E_Get_IBUS_mA          
00005635  BQ25628E_Get_VBAT_mV          
00005641  BQ25628E_Get_VBUS_mV          
0000564d  BQ25628E_Get_VSYS_mV          
0000304d  BQ25628E_Init_Default         
00005289  BQ25628E_ReadReg16            
000052ad  BQ25628E_ReadReg8             
00002e55  BQ25628E_UpdateTelemetry      
000052d1  BQ25628E_WriteReg16           
00005385  BQ25628E_WriteReg8            
0000322d  BQ27Z746_GetChargingStatus    
000035bf  BQ27Z746_GetChemID            
000034e1  BQ27Z746_GetDeviceType        
00004bb7  BQ27Z746_GetFETOptions        
00003853  BQ27Z746_GetFirmwareVersion   
0000369b  BQ27Z746_GetOperationStatus   
00003777  BQ27Z746_GetSafetyStatus      
00005659  BQ27Z746_Get_AvgCurrent_mA    
00005665  BQ27Z746_Get_AvgPower_mW      
00005671  BQ27Z746_Get_BatteryStatus    
0000567d  BQ27Z746_Get_Current_mA       
00005689  BQ27Z746_Get_CycleCount       
00005695  BQ27Z746_Get_FullChargeCap_mAh
000056a1  BQ27Z746_Get_InternalTemp_C   
000056ad  BQ27Z746_Get_RemainingCap_mAh 
000056b9  BQ27Z746_Get_SOC_pct          
000056c5  BQ27Z746_Get_StateOfHealth_pct
000056d1  BQ27Z746_Get_Temperature_C    
000056dd  BQ27Z746_Get_TimeToEmpty_min  
000056e9  BQ27Z746_Get_TimeToFull_min   
000056f5  BQ27Z746_Get_Voltage_mV       
0000545d  BQ27Z746_Init                 
00005591  BQ27Z746_IsDischarging        
000055a1  BQ27Z746_IsFullyCharged       
000055b1  BQ27Z746_IsFullyDischarged    
0000392b  BQ27Z746_MAC_Read             
00005701  BQ27Z746_ReadAvgCurrent_mA    
0000570d  BQ27Z746_ReadAvgPower_mW      
00005719  BQ27Z746_ReadBatteryStatus    
00005725  BQ27Z746_ReadCurrent_mA       
00005731  BQ27Z746_ReadCycleCount       
0000573d  BQ27Z746_ReadFullChargeCap_mAh
000053a5  BQ27Z746_ReadInternalTemp_C   
00005749  BQ27Z746_ReadRemainingCap_mAh 
00005755  BQ27Z746_ReadSOC_pct          
00005761  BQ27Z746_ReadStateOfHealth_pct
000053c5  BQ27Z746_ReadTemperature_C    
0000576d  BQ27Z746_ReadTimeToEmpty_min  
00005779  BQ27Z746_ReadTimeToFull_min   
00005785  BQ27Z746_ReadVoltage_mV       
000042ad  BQ27Z746_SetUTFET_Direct      
00002c55  BQ27Z746_UpdateTelemetry      
000057fe  C$$EXIT                       
00002503  CANFD0_IRQHandler             
0000189d  CLI_ProcessInput              
00004e19  CLI_RegisterCommand           
00004391  CLI_Tokenize                  
00002503  DAC0_IRQHandler               
0000579d  DL_Common_delayCycles         
00004b21  DL_DMA_initChannel            
000048b1  DL_I2C_fillControllerTXFIFO   
000050d1  DL_I2C_flushControllerRXFIFO  
00004e55  DL_I2C_flushControllerTXFIFO  
0000523d  DL_I2C_setClockConfig         
00004c91  DL_SPI_init                   
00005559  DL_SPI_setClockConfig         
00002f51  DL_Timer_initTimerMode        
00005425  DL_Timer_setClockConfig       
00004c01  DL_UART_init                  
0000556b  DL_UART_setClockConfig        
00005101  DL_UART_transmitDataBlocking  
00002503  DMA_IRQHandler                
00002503  Default_Handler               
00002503  GROUP0_IRQHandler             
00002503  GROUP1_IRQHandler             
000057ff  HOSTexit                      
00002503  HardFault_Handler             
000055c1  I2C0_IRQHandler               
000055d1  I2C1_IRQHandler               
00001fdd  I2C_ReadDevice                
00003319  I2C_TryAddress                
000028f1  I2C_WriteDevice               
00002503  NMI_Handler                   
00002503  PendSV_Handler                
00002503  RTC_IRQHandler                
00005803  Reset_Handler                 
00002503  SPI0_IRQHandler               
0000509d  SPI1_IRQHandler               
00004911  SPI_Controller_Arm            
000052f5  SPI_Controller_Init           
00002503  SVC_Handler                   
00005475  SYSCFG_DL_DMA_CH0_init        
0000548d  SYSCFG_DL_DMA_CH1_init        
000054a5  SYSCFG_DL_DMA_CH2_init        
000054bd  SYSCFG_DL_DMA_CH3_init        
0000551b  SYSCFG_DL_DMA_init            
00002d55  SYSCFG_DL_GPIO_init           
000043f9  SYSCFG_DL_I2C_0_init          
00004461  SYSCFG_DL_I2C_1_init          
000047f1  SYSCFG_DL_MCU_UART_1_init     
00004601  SYSCFG_DL_SPI_0_init          
00004851  SYSCFG_DL_SPI_1_init          
00004d19  SYSCFG_DL_SYSCTL_init         
00004fbd  SYSCFG_DL_TIMER_0_init        
00004321  SYSCFG_DL_UART_0_init         
00004cd5  SYSCFG_DL_init                
000040c9  SYSCFG_DL_initPower           
00003c85  Shared_I2C_IRQHandler         
00002503  SysTick_Handler               
00002503  TIMA0_IRQHandler              
00002503  TIMA1_IRQHandler              
00002503  TIMG0_IRQHandler              
00002503  TIMG12_IRQHandler             
00002503  TIMG6_IRQHandler              
00002503  TIMG7_IRQHandler              
00002503  TIMG8_IRQHandler              
000054d5  UART0_IRQHandler              
00002503  UART1_IRQHandler              
00002503  UART2_IRQHandler              
00002503  UART3_IRQHandler              
00003d41  UARTReceive                   
20200078  UART_Buffer                   
20208000  __STACK_END                   
00000200  __STACK_SIZE                  
00000000  __TI_ATRegion0_region_sz      
00000000  __TI_ATRegion0_src_addr       
00000000  __TI_ATRegion0_trg_addr       
00000000  __TI_ATRegion1_region_sz      
00000000  __TI_ATRegion1_src_addr       
00000000  __TI_ATRegion1_trg_addr       
00000000  __TI_ATRegion2_region_sz      
00000000  __TI_ATRegion2_src_addr       
00000000  __TI_ATRegion2_trg_addr       
00007228  __TI_CINIT_Base               
00007238  __TI_CINIT_Limit              
00007238  __TI_CINIT_Warm               
00007214  __TI_Handler_Table_Base       
00007220  __TI_Handler_Table_Limit      
00004f09  __TI_auto_init_nobinit_nopinit
00004145  __TI_decompress_lzss          
0000557d  __TI_decompress_none          
000049c9  __TI_ltoa                     
ffffffff  __TI_pprof_out_hndl           
000000c1  __TI_printfi                  
ffffffff  __TI_prof_data_size           
ffffffff  __TI_prof_data_start          
00000000  __TI_static_base__            
00005505  __TI_zero_init_nomemset       
0000237b  __adddf3                      
00003ae7  __addsf3                      
00005c30  __aeabi_ctype_table_          
00005c30  __aeabi_ctype_table_C         
00004b6d  __aeabi_d2iz                  
0000237b  __aeabi_dadd                  
000046c9  __aeabi_dcmpeq                
00004705  __aeabi_dcmpge                
00004719  __aeabi_dcmpgt                
000046f1  __aeabi_dcmple                
000046dd  __aeabi_dcmplt                
00002b49  __aeabi_ddiv                  
000033fd  __aeabi_dmul                  
00002371  __aeabi_dsub                  
2020019c  __aeabi_errno                 
000057e9  __aeabi_errno_addr            
00004ff5  __aeabi_f2iz                  
00003ae7  __aeabi_fadd                  
0000472d  __aeabi_fcmpeq                
00004769  __aeabi_fcmpge                
0000477d  __aeabi_fcmpgt                
00004755  __aeabi_fcmple                
00004741  __aeabi_fcmplt                
00003f29  __aeabi_fmul                  
00003add  __aeabi_fsub                  
000051c1  __aeabi_i2d                   
00004a79  __aeabi_idiv                  
00003a03  __aeabi_idiv0                 
00004a79  __aeabi_idivmod               
0000431f  __aeabi_ldiv0                 
00005405  __aeabi_llsl                  
00005319  __aeabi_lmul                  
00005791  __aeabi_memclr                
00005791  __aeabi_memclr4               
00005791  __aeabi_memclr8               
000057f1  __aeabi_memcpy                
000057f1  __aeabi_memcpy4               
000057f1  __aeabi_memcpy8               
00005601  __aeabi_memset                
00005601  __aeabi_memset4               
00005601  __aeabi_memset8               
000051ed  __aeabi_ui2f                  
00004d59  __aeabi_uidiv                 
00004d59  __aeabi_uidivmod              
00005531  __aeabi_uldivmod              
00005405  __ashldi3                     
ffffffff  __binit__                     
000044c9  __cmpdf2                      
00004f45  __cmpsf2                      
00002b49  __divdf3                      
000044c9  __eqdf2                       
00004f45  __eqsf2                       
00004b6d  __fixdfsi                     
00004ff5  __fixsfsi                     
000051c1  __floatsidf                   
000051ed  __floatunsisf                 
00004239  __gedf2                       
00004e91  __gesf2                       
00004239  __gtdf2                       
00004e91  __gtsf2                       
000044c9  __ledf2                       
00004f45  __lesf2                       
000044c9  __ltdf2                       
00004f45  __ltsf2                       
UNDEFED   __mpu_init                    
000033fd  __muldf3                      
00005319  __muldi3                      
00004f81  __muldsi3                     
00003f29  __mulsf3                      
000044c9  __nedf2                       
00004f45  __nesf2                       
20207e00  __stack                       
20200000  __start___llvm_prf_bits       
20200000  __start___llvm_prf_cnts       
20200000  __stop___llvm_prf_bits        
20200000  __stop___llvm_prf_cnts        
00002371  __subdf3                      
00003add  __subsf3                      
00003ded  __udivmoddi4                  
00005215  _c_int00_noargs               
UNDEFED   _system_post_cinit            
00005807  _system_pre_init              
000057f9  abort                         
00004d99  atoi                          
ffffffff  binit                         
202001ce  bq_monitor_active             
202001cf  char_index                    
00001109  cmd_bq                        
00000a91  cmd_gauge                     
00003bb5  cmd_hall                      
00004665  cmd_help                      
000021b1  cmd_i2cscan                   
0000313d  cmd_pwr                       
00002505  cmd_spi                       
202001d0  data_received                 
00003fb5  floorf                        
0000496d  frexp                         
0000496d  frexpl                        
20200188  gI2cControllerStatus          
20200178  gRxCount                      
2020017c  gRxLen                        
20200108  gRxPacket                     
202000b8  gSPI_0Backup                  
202000e0  gSPI_1Backup                  
20200168  gSPI_RxPacket                 
2020018c  gSPI_TxPacket                 
20200180  gTxCount                      
20200184  gTxLen                        
2020012a  gTxPacket                     
000055e1  gauge_address                 
00005191  gauge_cmd_read                
202001d3  gauge_monitor_active          
0000502d  gauge_read                    
00005065  gauge_write                   
00004ecd  get_UART_buffer               
202001d5  hall_monitor_active           
00005441  i2c_init                      
00000000  interruptVectors              
00003a05  ldexp                         
00003a05  ldexpl                        
000014ed  main                          
00005361  memccpy                       
00003e8f  memcpy                        
0000478f  memset                        
202001a8  monitor_rate                  
00004531  roundf                        
00003a05  scalbn                        
00003a05  scalbnl                       
2020014c  stm32Spi                      
00004041  strcmp                        
0000533d  strcspn                       
00005263  strspn                        
00004c49  strtok                        
00002671  strtol                        
000053e5  uart_init                     
000041c1  uart_printf                   
00004dd9  vsnprintf                     
000055f1  wcslen                        


GLOBAL SYMBOLS: SORTED BY Symbol Address 

address   name                          
-------   ----                          
00000000  __TI_ATRegion0_region_sz      
00000000  __TI_ATRegion0_src_addr       
00000000  __TI_ATRegion0_trg_addr       
00000000  __TI_ATRegion1_region_sz      
00000000  __TI_ATRegion1_src_addr       
00000000  __TI_ATRegion1_trg_addr       
00000000  __TI_ATRegion2_region_sz      
00000000  __TI_ATRegion2_src_addr       
00000000  __TI_ATRegion2_trg_addr       
00000000  __TI_static_base__            
00000000  interruptVectors              
000000c1  __TI_printfi                  
00000200  __STACK_SIZE                  
00000a91  cmd_gauge                     
00001109  cmd_bq                        
000014ed  main                          
0000189d  CLI_ProcessInput              
00001fdd  I2C_ReadDevice                
000021b1  cmd_i2cscan                   
00002371  __aeabi_dsub                  
00002371  __subdf3                      
0000237b  __adddf3                      
0000237b  __aeabi_dadd                  
00002503  ADC0_IRQHandler               
00002503  ADC1_IRQHandler               
00002503  AES_IRQHandler                
00002503  CANFD0_IRQHandler             
00002503  DAC0_IRQHandler               
00002503  DMA_IRQHandler                
00002503  Default_Handler               
00002503  GROUP0_IRQHandler             
00002503  GROUP1_IRQHandler             
00002503  HardFault_Handler             
00002503  NMI_Handler                   
00002503  PendSV_Handler                
00002503  RTC_IRQHandler                
00002503  SPI0_IRQHandler               
00002503  SVC_Handler                   
00002503  SysTick_Handler               
00002503  TIMA0_IRQHandler              
00002503  TIMA1_IRQHandler              
00002503  TIMG0_IRQHandler              
00002503  TIMG12_IRQHandler             
00002503  TIMG6_IRQHandler              
00002503  TIMG7_IRQHandler              
00002503  TIMG8_IRQHandler              
00002503  UART1_IRQHandler              
00002503  UART2_IRQHandler              
00002503  UART3_IRQHandler              
00002505  cmd_spi                       
00002671  strtol                        
000028f1  I2C_WriteDevice               
00002b49  __aeabi_ddiv                  
00002b49  __divdf3                      
00002c55  BQ27Z746_UpdateTelemetry      
00002d55  SYSCFG_DL_GPIO_init           
00002e55  BQ25628E_UpdateTelemetry      
00002f51  DL_Timer_initTimerMode        
0000304d  BQ25628E_Init_Default         
0000313d  cmd_pwr                       
0000322d  BQ27Z746_GetChargingStatus    
00003319  I2C_TryAddress                
000033fd  __aeabi_dmul                  
000033fd  __muldf3                      
000034e1  BQ27Z746_GetDeviceType        
000035bf  BQ27Z746_GetChemID            
0000369b  BQ27Z746_GetOperationStatus   
00003777  BQ27Z746_GetSafetyStatus      
00003853  BQ27Z746_GetFirmwareVersion   
0000392b  BQ27Z746_MAC_Read             
00003a03  __aeabi_idiv0                 
00003a05  ldexp                         
00003a05  ldexpl                        
00003a05  scalbn                        
00003a05  scalbnl                       
00003add  __aeabi_fsub                  
00003add  __subsf3                      
00003ae7  __addsf3                      
00003ae7  __aeabi_fadd                  
00003bb5  cmd_hall                      
00003c85  Shared_I2C_IRQHandler         
00003d41  UARTReceive                   
00003ded  __udivmoddi4                  
00003e8f  memcpy                        
00003f29  __aeabi_fmul                  
00003f29  __mulsf3                      
00003fb5  floorf                        
00004041  strcmp                        
000040c9  SYSCFG_DL_initPower           
00004145  __TI_decompress_lzss          
000041c1  uart_printf                   
00004239  __gedf2                       
00004239  __gtdf2                       
000042ad  BQ27Z746_SetUTFET_Direct      
0000431f  __aeabi_ldiv0                 
00004321  SYSCFG_DL_UART_0_init         
00004391  CLI_Tokenize                  
000043f9  SYSCFG_DL_I2C_0_init          
00004461  SYSCFG_DL_I2C_1_init          
000044c9  __cmpdf2                      
000044c9  __eqdf2                       
000044c9  __ledf2                       
000044c9  __ltdf2                       
000044c9  __nedf2                       
00004531  roundf                        
00004601  SYSCFG_DL_SPI_0_init          
00004665  cmd_help                      
000046c9  __aeabi_dcmpeq                
000046dd  __aeabi_dcmplt                
000046f1  __aeabi_dcmple                
00004705  __aeabi_dcmpge                
00004719  __aeabi_dcmpgt                
0000472d  __aeabi_fcmpeq                
00004741  __aeabi_fcmplt                
00004755  __aeabi_fcmple                
00004769  __aeabi_fcmpge                
0000477d  __aeabi_fcmpgt                
0000478f  memset                        
000047f1  SYSCFG_DL_MCU_UART_1_init     
00004851  SYSCFG_DL_SPI_1_init          
000048b1  DL_I2C_fillControllerTXFIFO   
00004911  SPI_Controller_Arm            
0000496d  frexp                         
0000496d  frexpl                        
000049c9  __TI_ltoa                     
00004a79  __aeabi_idiv                  
00004a79  __aeabi_idivmod               
00004b21  DL_DMA_initChannel            
00004b6d  __aeabi_d2iz                  
00004b6d  __fixdfsi                     
00004bb7  BQ27Z746_GetFETOptions        
00004c01  DL_UART_init                  
00004c49  strtok                        
00004c91  DL_SPI_init                   
00004cd5  SYSCFG_DL_init                
00004d19  SYSCFG_DL_SYSCTL_init         
00004d59  __aeabi_uidiv                 
00004d59  __aeabi_uidivmod              
00004d99  atoi                          
00004dd9  vsnprintf                     
00004e19  CLI_RegisterCommand           
00004e55  DL_I2C_flushControllerTXFIFO  
00004e91  __gesf2                       
00004e91  __gtsf2                       
00004ecd  get_UART_buffer               
00004f09  __TI_auto_init_nobinit_nopinit
00004f45  __cmpsf2                      
00004f45  __eqsf2                       
00004f45  __lesf2                       
00004f45  __ltsf2                       
00004f45  __nesf2                       
00004f81  __muldsi3                     
00004fbd  SYSCFG_DL_TIMER_0_init        
00004ff5  __aeabi_f2iz                  
00004ff5  __fixsfsi                     
0000502d  gauge_read                    
00005065  gauge_write                   
0000509d  SPI1_IRQHandler               
000050d1  DL_I2C_flushControllerRXFIFO  
00005101  DL_UART_transmitDataBlocking  
00005191  gauge_cmd_read                
000051c1  __aeabi_i2d                   
000051c1  __floatsidf                   
000051ed  __aeabi_ui2f                  
000051ed  __floatunsisf                 
00005215  _c_int00_noargs               
0000523d  DL_I2C_setClockConfig         
00005263  strspn                        
00005289  BQ25628E_ReadReg16            
000052ad  BQ25628E_ReadReg8             
000052d1  BQ25628E_WriteReg16           
000052f5  SPI_Controller_Init           
00005319  __aeabi_lmul                  
00005319  __muldi3                      
0000533d  strcspn                       
00005361  memccpy                       
00005385  BQ25628E_WriteReg8            
000053a5  BQ27Z746_ReadInternalTemp_C   
000053c5  BQ27Z746_ReadTemperature_C    
000053e5  uart_init                     
00005405  __aeabi_llsl                  
00005405  __ashldi3                     
00005425  DL_Timer_setClockConfig       
00005441  i2c_init                      
0000545d  BQ27Z746_Init                 
00005475  SYSCFG_DL_DMA_CH0_init        
0000548d  SYSCFG_DL_DMA_CH1_init        
000054a5  SYSCFG_DL_DMA_CH2_init        
000054bd  SYSCFG_DL_DMA_CH3_init        
000054d5  UART0_IRQHandler              
00005505  __TI_zero_init_nomemset       
0000551b  SYSCFG_DL_DMA_init            
00005531  __aeabi_uldivmod              
00005559  DL_SPI_setClockConfig         
0000556b  DL_UART_setClockConfig        
0000557d  __TI_decompress_none          
00005591  BQ27Z746_IsDischarging        
000055a1  BQ27Z746_IsFullyCharged       
000055b1  BQ27Z746_IsFullyDischarged    
000055c1  I2C0_IRQHandler               
000055d1  I2C1_IRQHandler               
000055e1  gauge_address                 
000055f1  wcslen                        
00005601  __aeabi_memset                
00005601  __aeabi_memset4               
00005601  __aeabi_memset8               
0000561d  BQ25628E_Get_IBAT_mA          
00005629  BQ25628E_Get_IBUS_mA          
00005635  BQ25628E_Get_VBAT_mV          
00005641  BQ25628E_Get_VBUS_mV          
0000564d  BQ25628E_Get_VSYS_mV          
00005659  BQ27Z746_Get_AvgCurrent_mA    
00005665  BQ27Z746_Get_AvgPower_mW      
00005671  BQ27Z746_Get_BatteryStatus    
0000567d  BQ27Z746_Get_Current_mA       
00005689  BQ27Z746_Get_CycleCount       
00005695  BQ27Z746_Get_FullChargeCap_mAh
000056a1  BQ27Z746_Get_InternalTemp_C   
000056ad  BQ27Z746_Get_RemainingCap_mAh 
000056b9  BQ27Z746_Get_SOC_pct          
000056c5  BQ27Z746_Get_StateOfHealth_pct
000056d1  BQ27Z746_Get_Temperature_C    
000056dd  BQ27Z746_Get_TimeToEmpty_min  
000056e9  BQ27Z746_Get_TimeToFull_min   
000056f5  BQ27Z746_Get_Voltage_mV       
00005701  BQ27Z746_ReadAvgCurrent_mA    
0000570d  BQ27Z746_ReadAvgPower_mW      
00005719  BQ27Z746_ReadBatteryStatus    
00005725  BQ27Z746_ReadCurrent_mA       
00005731  BQ27Z746_ReadCycleCount       
0000573d  BQ27Z746_ReadFullChargeCap_mAh
00005749  BQ27Z746_ReadRemainingCap_mAh 
00005755  BQ27Z746_ReadSOC_pct          
00005761  BQ27Z746_ReadStateOfHealth_pct
0000576d  BQ27Z746_ReadTimeToEmpty_min  
00005779  BQ27Z746_ReadTimeToFull_min   
00005785  BQ27Z746_ReadVoltage_mV       
00005791  __aeabi_memclr                
00005791  __aeabi_memclr4               
00005791  __aeabi_memclr8               
0000579d  DL_Common_delayCycles         
000057e9  __aeabi_errno_addr            
000057f1  __aeabi_memcpy                
000057f1  __aeabi_memcpy4               
000057f1  __aeabi_memcpy8               
000057f9  abort                         
000057fe  C$$EXIT                       
000057ff  HOSTexit                      
00005803  Reset_Handler                 
00005807  _system_pre_init              
00005c30  __aeabi_ctype_table_          
00005c30  __aeabi_ctype_table_C         
00007214  __TI_Handler_Table_Base       
00007220  __TI_Handler_Table_Limit      
00007228  __TI_CINIT_Base               
00007238  __TI_CINIT_Limit              
00007238  __TI_CINIT_Warm               
20200000  __start___llvm_prf_bits       
20200000  __start___llvm_prf_cnts       
20200000  __stop___llvm_prf_bits        
20200000  __stop___llvm_prf_cnts        
20200078  UART_Buffer                   
202000b8  gSPI_0Backup                  
202000e0  gSPI_1Backup                  
20200108  gRxPacket                     
2020012a  gTxPacket                     
2020014c  stm32Spi                      
20200168  gSPI_RxPacket                 
20200178  gRxCount                      
2020017c  gRxLen                        
20200180  gTxCount                      
20200184  gTxLen                        
20200188  gI2cControllerStatus          
2020018c  gSPI_TxPacket                 
2020019c  __aeabi_errno                 
202001a8  monitor_rate                  
202001ce  bq_monitor_active             
202001cf  char_index                    
202001d0  data_received                 
202001d3  gauge_monitor_active          
202001d5  hall_monitor_active           
20207e00  __stack                       
20208000  __STACK_END                   
ffffffff  __TI_pprof_out_hndl           
ffffffff  __TI_prof_data_size           
ffffffff  __TI_prof_data_start          
ffffffff  __binit__                     
ffffffff  binit                         
UNDEFED   __mpu_init                    
UNDEFED   _system_post_cinit            

[290 symbols]
