******************************************************************************
            TI ARM Clang Linker PC v4.0.4                      
******************************************************************************
>> Linked Thu Apr 30 15:32:08 2026

OUTPUT FILE NAME:   <HW_SW_interface_CCS.out>
ENTRY POINT SYMBOL: "_c_int00_noargs"  address: 00008b8d


MEMORY CONFIGURATION

         name            origin    length      used     unused   attr    fill
----------------------  --------  ---------  --------  --------  ----  --------
  FLASH                 00000000   00020000  0000c8d8  00013728  R  X
  SRAM                  20200000   00008000  000013da  00006c26  RW X
  BCR_CONFIG            41c00000   000000ff  00000000  000000ff  R   
  BSL_CONFIG            41c00100   00000080  00000000  00000080  R   


SEGMENT ALLOCATION MAP

run origin  load origin   length   init length attrs members
----------  ----------- ---------- ----------- ----- -------
00000000    00000000    0000c8d8   0000c8d8    r-x
  00000000    00000000    000000c0   000000c0    r-- .intvecs
  000000c0    000000c0    000091f0   000091f0    r-x .text
  000092b0    000092b0    00003440   00003440    r-- .rodata
  0000c6f0    0000c6f0    000001e8   000001e8    r-- .cinit
20200000    20200000    000011dd   00000000    rw-
  20200000    20200000    00000800   00000000    rw- .sysmem
  20200800    20200800    00000679   00000000    rw- .bss
  20200e7c    20200e7c    00000361   00000000    rw- .data
20207e00    20207e00    00000200   00000000    rw-
  20207e00    20207e00    00000200   00000000    rw- .stack


SECTION ALLOCATION MAP

 output                                  attributes/
section   page    origin      length       input sections
--------  ----  ----------  ----------   ----------------
.intvecs   0    00000000    000000c0     
                  00000000    000000c0     startup_mspm0g350x_ticlang.o (.intvecs)

.text      0    000000c0    000091f0     
                  000000c0    000009d0     libc.a : _printfi.c.obj (.text:__TI_printfi)
                  00000a90    000007ac     functions.o (.text.cmd_gauge)
                  0000123c    00000580     functions.o (.text.cmd_fram)
                  000017bc    000004a8     main.o (.text.main)
                  00001c64    000003fc     ZDP323B.o (.text.ZDP323B_Init)
                  00002060    000003e8     functions.o (.text.cmd_bq)
                  00002448    000003a8     RAK3172.o (.text.cmd_rak)
                  000027f0    00000354     functions.o (.text.cmd_pir)
                  00002b44    00000344     uart.o (.text.CLI_ProcessInput)
                  00002e88    00000220     libc.a : _printfi.c.obj (.text._pconv_a)
                  000030a8    00000214     functions.o (.text.cmd_i2cscan10)
                  000032bc    000001dc     libc.a : _printfi.c.obj (.text._pconv_g)
                  00003498    000001d4     i2c.o (.text.I2C_ReadDevice)
                  0000366c    000001c0     functions.o (.text.cmd_i2cscan)
                  0000382c    000001a8     functions.o (.text.cmd_ltr)
                  000039d4    00000192     libclang_rt.builtins.a : adddf3.S.obj (.text.adddf3_subdf3)
                  00003b66    00000002     startup_mspm0g350x_ticlang.o (.text.Default_Handler)
                  00003b68    00000184     functions.o (.text.cmd_lis)
                  00003cec    00000174     functions.o (.text.cmd_leds)
                  00003e60    0000016c     functions.o (.text.cmd_spi)
                  00003fcc    00000164     ti_msp_dl_config.o (.text.SYSCFG_DL_GPIO_init)
                  00004130    00000144     libc.a : strtol.c.obj (.text.strtol)
                  00004274    0000013c            : _printfi.c.obj (.text.fcvt)
                  000043b0    00000138     i2c.o (.text.I2C_WriteDevice)
                  000044e8    00000138     mb85rs.o (.text.MB85RS_Write)
                  00004620    00000138     main.o (.text.setupCLI)
                  00004758    0000012c     BQ25628_functions.o (.text.BQ25628E_Init_Default)
                  00004884    00000120     libc.a : _printfi.c.obj (.text._pconv_e)
                  000049a4    00000114            : memory.c.obj (.text.aligned_alloc)
                  00004ab8    00000110     BQ27Z7_functions.o (.text.BQ27Z746_SetUTFET_Direct)
                  00004bc8    0000010c     BQ27Z7_functions.o (.text.BQ27Z746_SetTempSensorConfig)
                  00004cd4    0000010c     spi_mem.o (.text.SPI_Memory_Wait)
                  00004de0    0000010c     libclang_rt.builtins.a : divdf3.S.obj (.text.__divdf3)
                  00004eec    00000104     driverlib.a : dl_timer.o (.text.DL_Timer_initFourCCPWMMode)
                  00004ff0    00000104     ZDP323B.o (.text.I2C_TryAddress10)
                  000050f4    00000100     BQ27Z7_functions.o (.text.BQ27Z746_GetSecurityMode)
                  000051f4    00000100     BQ27Z7_functions.o (.text.BQ27Z746_UpdateTelemetry)
                  000052f4    000000fc     BQ25628_functions.o (.text.BQ25628E_UpdateTelemetry)
                  000053f0    000000f8     ZDP323B.o (.text.ZDP323B_WriteConfig)
                  000054e8    000000f0     LTR329.o (.text.LTR329_CalculateLux)
                  000055d8    000000f0     functions.o (.text.cmd_pwr)
                  000056c8    000000ec     BQ27Z7_functions.o (.text.BQ27Z746_GetChargingStatus)
                  000057b4    000000e8     ZDP323B.o (.text.ZDP323B_ReadPeakHold)
                  0000589c    000000e8     libc.a : memory.c.obj (.text.free)
                  00005984    000000e4     i2c.o (.text.I2C_TryAddress)
                  00005a68    000000e4     libclang_rt.builtins.a : muldf3.S.obj (.text.__muldf3)
                  00005b4c    000000e0     libc.a : setvbuf.c.obj (.text.setvbuf)
                  00005c2c    000000de     BQ27Z7_functions.o (.text.BQ27Z746_GetDeviceType)
                  00005d0a    000000dc     BQ27Z7_functions.o (.text.BQ27Z746_GetChemID)
                  00005de6    000000dc     BQ27Z7_functions.o (.text.BQ27Z746_GetOperationStatus)
                  00005ec2    000000dc     BQ27Z7_functions.o (.text.BQ27Z746_GetSafetyStatus)
                  00005f9e    000000d8     BQ27Z7_functions.o (.text.BQ27Z746_GetFirmwareVersion)
                  00006076    000000d8     BQ27Z7_functions.o (.text.BQ27Z746_MAC_Read)
                  0000614e    00000002     libclang_rt.builtins.a : aeabi_div0.c.obj (.text.__aeabi_idiv0)
                  00006150    000000d8     libc.a : s_scalbn.c.obj (.text.scalbn)
                  00006228    000000d8     libclang_rt.builtins.a : addsf3.S.obj (.text)
                  00006300    000000d0     functions.o (.text.cmd_hall)
                  000063d0    000000bc     BoardAPI.o (.text.LED_set_current)
                  0000648c    000000bc     i2c.o (.text.Shared_I2C_IRQHandler)
                  00006548    000000b8     mb85rs.o (.text.MB85RS_Read)
                  00006600    000000ac     uart.o (.text.UARTReceive)
                  000066ac    000000a2     libclang_rt.builtins.a : udivmoddi4.S.obj (.text)
                  0000674e    00000002                            : aeabi_div0.c.obj (.text.__aeabi_ldiv0)
                  00006750    000000a0     LIS3DH.o (.text.LIS3DH_ReadMg)
                  000067f0    0000009c     libc.a : fputc.c.obj (.text.fputc)
                  0000688c    0000009a            : memcpy16.S.obj (.text:memcpy)
                  00006926    00000002            : _lock.c.obj (.text._nop)
                  00006928    00000090     spi_mem.o (.text.SPI_Memory_Arm)
                  000069b8    00000090     ti_msp_dl_config.o (.text.SYSCFG_DL_BOOST_CONTROL_init)
                  00006a48    0000008c     libclang_rt.builtins.a : mulsf3.S.obj (.text.__mulsf3)
                  00006ad4    0000008c     libc.a : s_floorf.c.obj (.text.floorf)
                  00006b60    00000088     ti_msp_dl_config.o (.text.SYSCFG_DL_initPower)
                  00006be8    00000008     main.o (.text.UART1_IRQHandler)
                  00006bf0    00000088     libc.a : strcmp-armv6m.S.obj (.text:strcmp)
                  00006c78    00000084     ti_msp_dl_config.o (.text.SYSCFG_DL_FLASH_CONTROL_init)
                  00006cfc    00000082     libclang_rt.builtins.a : divsf3.S.obj (.text.__divsf3)
                  00006d7e    00000080     mb85rs.o (.text.MB85RS_ReadID)
                  00006dfe    00000002     --HOLE-- [fill = 0]
                  00006e00    0000007c     libc.a : fclose.c.obj (.text.__TI_closefile)
                  00006e7c    0000007c            : copy_decompress_lzss.c.obj (.text:decompress:lzss)
                  00006ef8    0000007a     BQ27Z7_functions.o (.text.BQ27Z746_Unseal)
                  00006f72    00000002     --HOLE-- [fill = 0]
                  00006f74    00000078     LIS3DH.o (.text.LIS3DH_Init)
                  00006fec    00000078     uart.o (.text.uart_printf)
                  00007064    00000074     libclang_rt.builtins.a : comparedf2.c.obj (.text.__gedf2)
                  000070d8    00000070     LTR329.o (.text.LTR329_Init)
                  00007148    00000070     ti_msp_dl_config.o (.text.SYSCFG_DL_MCU_UART_1_init)
                  000071b8    00000070     ti_msp_dl_config.o (.text.SYSCFG_DL_UART_0_init)
                  00007228    0000006c     libsysbm.a : hostlseek.c.obj (.text.HOSTlseek)
                  00007294    0000006c                : hostrename.c.obj (.text.HOSTrename)
                  00007300    0000006c     LTR329.o (.text.LTR329_SetGain)
                  0000736c    0000006c     libc.a : fseek.c.obj (.text.fseeko)
                  000073d8    0000006c            : getdevice.c.obj (.text.getdevice)
                  00007444    00000068     uart.o (.text.CLI_Tokenize)
                  000074ac    00000068     ti_msp_dl_config.o (.text.SYSCFG_DL_I2C_0_init)
                  00007514    00000068     ti_msp_dl_config.o (.text.SYSCFG_DL_I2C_1_init)
                  0000757c    00000068     libclang_rt.builtins.a : comparedf2.c.obj (.text.__ledf2)
                  000075e4    00000068     libc.a : s_roundf.c.obj (.text.roundf)
                  0000764c    00000066            : _printfi.c.obj (.text._mcpy)
                  000076b2    00000002     --HOLE-- [fill = 0]
                  000076b4    00000064     ti_msp_dl_config.o (.text.SYSCFG_DL_SPI_0_init)
                  00007718    00000064     libc.a : _io_perm.c.obj (.text.__TI_wrt_ok)
                  0000777c    00000064     uart.o (.text.cmd_help)
                  000077e0    00000064     libc.a : memory.c.obj (.text.split)
                  00007844    00000062     libclang_rt.builtins.a : aeabi_dcmp.S.obj (.text.__aeabi_dcmp)
                  000078a6    00000002     --HOLE-- [fill = 0]
                  000078a8    00000062                            : aeabi_fcmp.S.obj (.text.__aeabi_fcmp)
                  0000790a    00000062     libc.a : memset16.S.obj (.text:memset)
                  0000796c    00000060     libsysbm.a : hostopen.c.obj (.text.HOSTopen)
                  000079cc    00000060     ti_msp_dl_config.o (.text.SYSCFG_DL_SPI_1_init)
                  00007a2c    0000005e     driverlib.a : dl_i2c.o (.text.DL_I2C_fillControllerTXFIFO)
                  00007a8a    00000002     --HOLE-- [fill = 0]
                  00007a8c    0000005c     spi_master.o (.text.SPI_Controller_Arm)
                  00007ae8    0000005c     ti_msp_dl_config.o (.text.SYSCFG_DL_init)
                  00007b44    0000005c     libc.a : s_frexp.c.obj (.text.frexp)
                  00007ba0    0000005a     mb85rs.o (.text.MB85RS_ReadStatus)
                  00007bfa    00000002     --HOLE-- [fill = 0]
                  00007bfc    00000058     libsysbm.a : hostread.c.obj (.text.HOSTread)
                  00007c54    00000058                : hostwrite.c.obj (.text.HOSTwrite)
                  00007cac    00000058     BoardAPI.o (.text.LED_set_voltage)
                  00007d04    00000058     LIS3DH.o (.text.LIS3DH_SetRange)
                  00007d5c    00000058     RAK3172.o (.text.RAK3172_UART_Handler)
                  00007db4    00000058     libc.a : _ltoa.c.obj (.text.__TI_ltoa)
                  00007e0c    00000058            : _printfi.c.obj (.text._pconv_f)
                  00007e64    00000056     libclang_rt.builtins.a : aeabi_idivmod.S.obj (.text.__aeabi_idivmod)
                  00007eba    00000052     libc.a : fflush.c.obj (.text.__TI_doflush)
                  00007f0c    00000052            : _printfi.c.obj (.text._ecpy)
                  00007f5e    00000002     --HOLE-- [fill = 0]
                  00007f60    00000050     libsysbm.a : close.c.obj (.text.close)
                  00007fb0    0000004c     driverlib.a : dl_dma.o (.text.DL_DMA_initChannel)
                  00007ffc    0000004a     BQ27Z7_functions.o (.text.BQ27Z746_GetTempConfig)
                  00008046    00000002     --HOLE-- [fill = 0]
                  00008048    0000004a     libclang_rt.builtins.a : fixdfsi.S.obj (.text.__fixdfsi)
                  00008092    00000048     BQ27Z7_functions.o (.text.BQ27Z746_GetFETOptions)
                  000080da    00000002     --HOLE-- [fill = 0]
                  000080dc    00000048     driverlib.a : dl_uart.o (.text.DL_UART_init)
                  00008124    00000048     libsysbm.a : hostclose.c.obj (.text.HOSTclose)
                  0000816c    00000048                : hostunlink.c.obj (.text.HOSTunlink)
                  000081b4    00000048     BoardAPI.o (.text.LED_control_init)
                  000081fc    00000048     LTR329.o (.text.LTR329_ReadData)
                  00008244    00000048     ti_msp_dl_config.o (.text.SYSCFG_DL_SYSCTL_init)
                  0000828c    00000048     libc.a : strtok.c.obj (.text.strtok)
                  000082d4    00000044     BQ27Z7_functions.o (.text.BQ27Z746_Seal)
                  00008318    00000044     driverlib.a : dl_spi.o (.text.DL_SPI_init)
                  0000835c    00000040     libclang_rt.builtins.a : aeabi_uidivmod.S.obj (.text.__aeabi_uidivmod)
                  0000839c    00000040                            : extendsfdf2.S.obj (.text.__extendsfdf2)
                  000083dc    00000040     libc.a : atoi.c.obj (.text.atoi)
                  0000841c    00000040            : vsnprintf.c.obj (.text.vsnprintf)
                  0000845c    0000003c     uart.o (.text.CLI_RegisterCommand)
                  00008498    0000003c     driverlib.a : dl_i2c.o (.text.DL_I2C_flushControllerTXFIFO)
                  000084d4    0000003c     main.o (.text.GROUP1_IRQHandler)
                  00008510    0000003c     libclang_rt.builtins.a : floatsisf.S.obj (.text.__floatsisf)
                  0000854c    0000003c                            : comparesf2.S.obj (.text.__gtsf2)
                  00008588    0000003c     uart.o (.text.get_UART_buffer)
                  000085c4    0000003c     libc.a : autoinit.c.obj (.text:__TI_auto_init_nobinit_nopinit)
                  00008600    0000003a     libclang_rt.builtins.a : comparesf2.S.obj (.text.__eqsf2)
                  0000863a    00000002     --HOLE-- [fill = 0]
                  0000863c    0000003a                            : muldsi3.S.obj (.text.__muldsi3)
                  00008676    00000002     --HOLE-- [fill = 0]
                  00008678    00000038     BoardAPI.o (.text.LED_flash_start)
                  000086b0    00000038     libclang_rt.builtins.a : fixsfsi.S.obj (.text.__fixsfsi)
                  000086e8    00000038     gauge.o (.text.gauge_read)
                  00008720    00000038     gauge.o (.text.gauge_write)
                  00008758    00000034     spi_master.o (.text.SPI1_IRQHandler)
                  0000878c    00000034     libc.a : fopen.c.obj (.text.__TI_cleanup)
                  000087c0    00000034     libsysbm.a : trgmsg.c.obj (.text.__TI_readmsg)
                  000087f4    00000034                : trgmsg.c.obj (.text.__TI_writemsg)
                  00008828    00000034     libc.a : exit.c.obj (.text.exit)
                  0000885c    00000034            : getdevice.c.obj (.text.finddevice)
                  00008890    00000032     ZDP323B.o (.text.ZDP323B_BuildConfigBytes)
                  000088c2    00000032     libc.a : strstr.c.obj (.text.strstr)
                  000088f4    00000030     driverlib.a : dl_i2c.o (.text.DL_I2C_flushControllerRXFIFO)
                  00008924    00000030                 : dl_uart.o (.text.DL_UART_transmitDataBlocking)
                  00008954    00000030     libc.a : _printfi.c.obj (.text._fcpy)
                  00008984    00000030            : vsnprintf.c.obj (.text._outs)
                  000089b4    00000030     gauge.o (.text.gauge_cmd_read)
                  000089e4    0000002c     BQ27Z7_functions.o (.text.BQ27Z746_Init)
                  00008a10    0000002c     mb85rs.o (.text.MB85RS_Init)
                  00008a3c    0000002c     spi_mem.o (.text.SPI0_IRQHandler)
                  00008a68    0000002c     spi_mem.o (.text.SPI_Memory_Init)
                  00008a94    0000002c     libclang_rt.builtins.a : floatsidf.S.obj (.text.__floatsidf)
                  00008ac0    0000002c     libsysbm.a : unlink.c.obj (.text.unlink)
                  00008aec    00000028     libclang_rt.builtins.a : floatunsisf.S.obj (.text.__floatunsisf)
                  00008b14    00000028     libc.a : memory.c.obj (.text.free_list_insert)
                  00008b3c    00000028     libsysbm.a : lseek.c.obj (.text.lseek)
                  00008b64    00000028                : write.c.obj (.text.write)
                  00008b8c    00000028     libc.a : boot_cortex_m.c.obj (.text:_c_int00_noargs)
                  00008bb4    00000026     driverlib.a : dl_i2c.o (.text.DL_I2C_setClockConfig)
                  00008bda    00000026     libc.a : strspn.c.obj (.text.strspn)
                  00008c00    00000024     BQ25628_functions.o (.text.BQ25628E_ReadReg16)
                  00008c24    00000024     BQ25628_functions.o (.text.BQ25628E_ReadReg8)
                  00008c48    00000024     BQ25628_functions.o (.text.BQ25628E_WriteReg16)
                  00008c6c    00000024     spi_master.o (.text.SPI_Controller_Init)
                  00008c90    00000024     libclang_rt.builtins.a : muldi3.S.obj (.text.__muldi3)
                  00008cb4    00000024     libc.a : strcspn.c.obj (.text.strcspn)
                  00008cd8    00000022            : memccpy.c.obj (.text.memccpy)
                  00008cfa    00000002     --HOLE-- [fill = 0]
                  00008cfc    00000020     BQ25628_functions.o (.text.BQ25628E_WriteReg8)
                  00008d1c    00000020     BQ27Z7_functions.o (.text.BQ27Z746_ReadInternalTemp_C)
                  00008d3c    00000020     BQ27Z7_functions.o (.text.BQ27Z746_ReadTemperature_C)
                  00008d5c    00000020     uart.o (.text.uart_init)
                  00008d7c    0000001e     BQ27Z7_functions.o (.text.BQ27Z746_MAC_Send)
                  00008d9a    00000002     --HOLE-- [fill = 0]
                  00008d9c    0000001e     libclang_rt.builtins.a : ashldi3.S.obj (.text.__ashldi3)
                  00008dba    00000002     --HOLE-- [fill = 0]
                  00008dbc    0000001c     driverlib.a : dl_timer.o (.text.DL_Timer_setCaptCompUpdateMethod)
                  00008dd8    0000001c                 : dl_timer.o (.text.DL_Timer_setClockConfig)
                  00008df4    0000001c     libc.a : memory.c.obj (.text.free_list_remove)
                  00008e10    0000001c     i2c.o (.text.i2c_init)
                  00008e2c    00000018     driverlib.a : dl_timer.o (.text.DL_Timer_setCaptureCompareOutCtl)
                  00008e44    00000018     ti_msp_dl_config.o (.text.SYSCFG_DL_DMA_CH0_init)
                  00008e5c    00000018     ti_msp_dl_config.o (.text.SYSCFG_DL_DMA_CH1_init)
                  00008e74    00000018     ti_msp_dl_config.o (.text.SYSCFG_DL_DMA_CH2_init)
                  00008e8c    00000018     ti_msp_dl_config.o (.text.SYSCFG_DL_DMA_CH3_init)
                  00008ea4    00000018     main.o (.text.UART0_IRQHandler)
                  00008ebc    00000018     libc.a : vsnprintf.c.obj (.text._outc)
                  00008ed4    00000014     ti_msp_dl_config.o (.text.SYSCFG_DL_DMA_init)
                  00008ee8    00000014     libclang_rt.builtins.a : aeabi_uldivmod.S.obj (.text.__aeabi_uldivmod)
                  00008efc    00000014     libc.a : _printfi.c.obj (.text.strchr)
                  00008f10    00000012     driverlib.a : dl_spi.o (.text.DL_SPI_setClockConfig)
                  00008f22    00000012                 : dl_uart.o (.text.DL_UART_setClockConfig)
                  00008f34    00000012     libc.a : copy_decompress_none.c.obj (.text:decompress:none)
                  00008f46    00000002     --HOLE-- [fill = 0]
                  00008f48    00000010     BQ27Z7_functions.o (.text.BQ27Z746_IsDischarging)
                  00008f58    00000010     BQ27Z7_functions.o (.text.BQ27Z746_IsFullyCharged)
                  00008f68    00000010     BQ27Z7_functions.o (.text.BQ27Z746_IsFullyDischarged)
                  00008f78    00000010     driverlib.a : dl_timer.o (.text.DL_Timer_setCaptureCompareValue)
                  00008f88    00000010     i2c.o (.text.I2C0_IRQHandler)
                  00008f98    00000010     i2c.o (.text.I2C1_IRQHandler)
                  00008fa8    00000010     BoardAPI.o (.text.LED_flash_stop)
                  00008fb8    00000010     BoardAPI.o (.text.LED_get_current)
                  00008fc8    00000010     spi_mem.o (.text.SPI_Memory_CS_Deassert)
                  00008fd8    00000010     BoardAPI.o (.text.disable_led_boost)
                  00008fe8    00000010     BoardAPI.o (.text.enable_led_boost)
                  00008ff8    00000010     gauge.o (.text.gauge_address)
                  00009008    00000010     libc.a : fputc.c.obj (.text.putchar)
                  00009018    00000010            : wcslen.c.obj (.text.wcslen)
                  00009028    00000010            : copy_zero_init.c.obj (.text:decompress:ZI)
                  00009038    0000000e            : memory.c.obj (.text.OUTLINED_FUNCTION_0)
                  00009046    00000002     --HOLE-- [fill = 0]
                  00009048    0000000e     libclang_rt.builtins.a : aeabi_memset.S.obj (.text.__aeabi_memset)
                  00009056    0000000e     libsysbm.a : hostrename.c.obj (.text.strcpy)
                  00009064    0000000e     libc.a : _printfi.c.obj (.text.strlen)
                  00009072    0000000e     libsysbm.a : hostrename.c.obj (.text.strlen)
                  00009080    0000000c     BQ25628_functions.o (.text.BQ25628E_Get_IBAT_mA)
                  0000908c    0000000c     BQ25628_functions.o (.text.BQ25628E_Get_IBUS_mA)
                  00009098    0000000c     BQ25628_functions.o (.text.BQ25628E_Get_VBAT_mV)
                  000090a4    0000000c     BQ25628_functions.o (.text.BQ25628E_Get_VBUS_mV)
                  000090b0    0000000c     BQ25628_functions.o (.text.BQ25628E_Get_VSYS_mV)
                  000090bc    0000000c     BQ27Z7_functions.o (.text.BQ27Z746_Get_AvgCurrent_mA)
                  000090c8    0000000c     BQ27Z7_functions.o (.text.BQ27Z746_Get_AvgPower_mW)
                  000090d4    0000000c     BQ27Z7_functions.o (.text.BQ27Z746_Get_BatteryStatus)
                  000090e0    0000000c     BQ27Z7_functions.o (.text.BQ27Z746_Get_Current_mA)
                  000090ec    0000000c     BQ27Z7_functions.o (.text.BQ27Z746_Get_CycleCount)
                  000090f8    0000000c     BQ27Z7_functions.o (.text.BQ27Z746_Get_FullChargeCap_mAh)
                  00009104    0000000c     BQ27Z7_functions.o (.text.BQ27Z746_Get_InternalTemp_C)
                  00009110    0000000c     BQ27Z7_functions.o (.text.BQ27Z746_Get_RemainingCap_mAh)
                  0000911c    0000000c     BQ27Z7_functions.o (.text.BQ27Z746_Get_SOC_pct)
                  00009128    0000000c     BQ27Z7_functions.o (.text.BQ27Z746_Get_StateOfHealth_pct)
                  00009134    0000000c     BQ27Z7_functions.o (.text.BQ27Z746_Get_Temperature_C)
                  00009140    0000000c     BQ27Z7_functions.o (.text.BQ27Z746_Get_TimeToEmpty_min)
                  0000914c    0000000c     BQ27Z7_functions.o (.text.BQ27Z746_Get_TimeToFull_min)
                  00009158    0000000c     BQ27Z7_functions.o (.text.BQ27Z746_Get_Voltage_mV)
                  00009164    0000000c     BQ27Z7_functions.o (.text.BQ27Z746_ReadAvgCurrent_mA)
                  00009170    0000000c     BQ27Z7_functions.o (.text.BQ27Z746_ReadAvgPower_mW)
                  0000917c    0000000c     BQ27Z7_functions.o (.text.BQ27Z746_ReadBatteryStatus)
                  00009188    0000000c     BQ27Z7_functions.o (.text.BQ27Z746_ReadCurrent_mA)
                  00009194    0000000c     BQ27Z7_functions.o (.text.BQ27Z746_ReadCycleCount)
                  000091a0    0000000c     BQ27Z7_functions.o (.text.BQ27Z746_ReadFullChargeCap_mAh)
                  000091ac    0000000c     BQ27Z7_functions.o (.text.BQ27Z746_ReadRemainingCap_mAh)
                  000091b8    0000000c     BQ27Z7_functions.o (.text.BQ27Z746_ReadSOC_pct)
                  000091c4    0000000c     BQ27Z7_functions.o (.text.BQ27Z746_ReadStateOfHealth_pct)
                  000091d0    0000000c     BQ27Z7_functions.o (.text.BQ27Z746_ReadTimeToEmpty_min)
                  000091dc    0000000c     BQ27Z7_functions.o (.text.BQ27Z746_ReadTimeToFull_min)
                  000091e8    0000000c     BQ27Z7_functions.o (.text.BQ27Z746_ReadVoltage_mV)
                  000091f4    0000000c     BoardAPI.o (.text.LED_get_voltage)
                  00009200    0000000c     spi_mem.o (.text.SPI_Memory_CS_Assert)
                  0000920c    0000000c     ZDP323B.o (.text.ZDP323B_MotionISR)
                  00009218    0000000c     libclang_rt.builtins.a : aeabi_memset.S.obj (.text.__aeabi_memclr)
                  00009224    0000000c     libc.a : memory.c.obj (.text.malloc)
                  00009230    0000000a     driverlib.a : dl_common.o (.text.DL_Common_delayCycles)
                  0000923a    0000000a     libc.a : _printfi.c.obj (.text.OUTLINED_FUNCTION_0)
                  00009244    00000010     libclang_rt.builtins.a : adddf3.S.obj (.tramp.__aeabi_dsub.1)
                  00009254    0000000a     libc.a : s_roundf.c.obj (.text.OUTLINED_FUNCTION_0)
                  0000925e    00000002     --HOLE-- [fill = 0]
                  00009260    00000010     libclang_rt.builtins.a : addsf3.S.obj (.tramp.__aeabi_fadd.1)
                  00009270    0000000a     libc.a : _printfi.c.obj (.text.OUTLINED_FUNCTION_1)
                  0000927a    00000002     --HOLE-- [fill = 0]
                  0000927c    00000008            : aeabi_portable.c.obj (.text.__aeabi_errno_addr)
                  00009284    00000008     libclang_rt.builtins.a : aeabi_memcpy.S.obj (.text.__aeabi_memcpy)
                  0000928c    00000008     libc.a : fseek.c.obj (.text.fseek)
                  00009294    00000008     libsysbm.a : remove.c.obj (.text.remove)
                  0000929c    00000006     libc.a : exit.c.obj (.text:abort)
                  000092a2    00000004     libsysbm.a : hostexit.c.obj (.text.HOSTexit)
                  000092a6    00000004     startup_mspm0g350x_ticlang.o (.text.Reset_Handler)
                  000092aa    00000004     libc.a : pre_init.c.obj (.text._system_pre_init)
                  000092ae    00000002     --HOLE-- [fill = 0]

.cinit     0    0000c6f0    000001e8     
                  0000c6f0    000001c2     (.cinit..data.load) [load image, compression = lzss]
                  0000c8b2    00000002     --HOLE-- [fill = 0]
                  0000c8b4    0000000c     (__TI_handler_table)
                  0000c8c0    00000008     (.cinit..bss.load) [load image, compression = zero_init]
                  0000c8c8    00000010     (__TI_cinit_table)

.rodata    0    000092b0    00003440     
                  000092b0    000002ec     functions.o (.rodata.str1.14660004578859228044.1)
                  0000959c    000001da     functions.o (.rodata.str1.17600609178903569978.1)
                  00009776    000001b3     functions.o (.rodata.str1.3019495220097340546.1)
                  00009929    00000131     functions.o (.rodata.str1.14424774467072349609.1)
                  00009a5a    00000107     functions.o (.rodata.str1.1174942412544543362.1)
                  00009b61    0000000f     functions.o (.rodata.str1.1434866316927325970.1)
                  00009b70    00000101     libc.a : aeabi_ctype.S.obj (.rodata:__aeabi_ctype_table_)
                  00009c71    000000f4     functions.o (.rodata.str1.18059599449896579509.1)
                  00009d65    000000af     functions.o (.rodata.str1.10105263805998509149.1)
                  00009e14    00000046     functions.o (.rodata.str1.14754684760099289372.1)
                  00009e5a    00000041     functions.o (.rodata.str1.2344728598999326712.1)
                  00009e9b    00000040     RAK3172.o (.rodata.str1.8036733024251265150.1)
                  00009edb    0000003f     functions.o (.rodata.str1.5352344875588335774.1)
                  00009f1a    0000003c     functions.o (.rodata.str1.6596733414268854495.1)
                  00009f56    0000003b     functions.o (.rodata.str1.13405053720543497480.1)
                  00009f91    0000003b     main.o (.rodata.str1.39260288392874984.1)
                  00009fcc    0000003b     functions.o (.rodata.str1.9863839573043808502.1)
                  0000a007    0000003a     functions.o (.rodata.str1.13647871663007229205.1)
                  0000a041    00000038     functions.o (.rodata.str1.14891510999279312204.1)
                  0000a079    00000038     functions.o (.rodata.str1.2911829737590962714.1)
                  0000a0b1    00000038     RAK3172.o (.rodata.str1.6449940769916495429.1)
                  0000a0e9    00000037     functions.o (.rodata.str1.1832783851567210609.1)
                  0000a120    00000036     functions.o (.rodata.str1.11740181311745255940.1)
                  0000a156    00000036     functions.o (.rodata.str1.5685701548624197313.1)
                  0000a18c    00000034     functions.o (.rodata.str1.11489194655681450928.1)
                  0000a1c0    00000034     functions.o (.rodata.str1.13869735989619804122.1)
                  0000a1f4    00000034     RAK3172.o (.rodata.str1.7659589185677606906.1)
                  0000a228    00000033     functions.o (.rodata.str1.13877888024071246384.1)
                  0000a25b    00000033     functions.o (.rodata.str1.14425403555696131028.1)
                  0000a28e    00000033     functions.o (.rodata.str1.15303011696885085265.1)
                  0000a2c1    00000033     ZDP323B.o (.rodata.str1.6426932092013501745.1)
                  0000a2f4    00000032     ZDP323B.o (.rodata.str1.13049244076617931570.1)
                  0000a326    00000032     functions.o (.rodata.str1.15231467846776008763.1)
                  0000a358    00000032     functions.o (.rodata.str1.15500694823524375836.1)
                  0000a38a    00000032     functions.o (.rodata.str1.564048024001813562.1)
                  0000a3bc    00000031     functions.o (.rodata.str1.11330391477773130853.1)
                  0000a3ed    00000031     functions.o (.rodata.str1.11371842499512143921.1)
                  0000a41e    00000031     functions.o (.rodata.str1.13529407018213730301.1)
                  0000a44f    00000031     main.o (.rodata.str1.14402440632258215044.1)
                  0000a480    00000031     ZDP323B.o (.rodata.str1.15253925937945711900.1)
                  0000a4b1    00000031     ZDP323B.o (.rodata.str1.3608069722927596962.1)
                  0000a4e2    00000030     main.o (.rodata.str1.6554448696319176064.1)
                  0000a512    0000002f     RAK3172.o (.rodata.str1.10028879068347983061.1)
                  0000a541    0000002f     main.o (.rodata.str1.10753028060609409702.1)
                  0000a570    0000002f     functions.o (.rodata.str1.11510568493784519380.1)
                  0000a59f    0000002f     main.o (.rodata.str1.18227636981041470289.1)
                  0000a5ce    0000002f     functions.o (.rodata.str1.5574861860302912700.1)
                  0000a5fd    0000002e     functions.o (.rodata.str1.10121604327849672915.1)
                  0000a62b    0000002e     functions.o (.rodata.str1.1810987313933839541.1)
                  0000a659    0000002e     functions.o (.rodata.str1.8684894204910267454.1)
                  0000a687    0000002d     functions.o (.rodata.str1.13361924668150654931.1)
                  0000a6b4    0000002d     functions.o (.rodata.str1.13786467237224150958.1)
                  0000a6e1    0000002d     functions.o (.rodata.str1.15871961652988661611.1)
                  0000a70e    0000002d     functions.o (.rodata.str1.17873271132953962449.1)
                  0000a73b    0000002d     functions.o (.rodata.str1.303947978237559523.1)
                  0000a768    0000002d     ZDP323B.o (.rodata.str1.3439872134578313174.1)
                  0000a795    0000002c     main.o (.rodata.str1.8428454045432808059.1)
                  0000a7c1    0000002b     functions.o (.rodata.str1.6505750907013116089.1)
                  0000a7ec    0000002b     functions.o (.rodata.str1.7213520456192855849.1)
                  0000a817    0000002b     functions.o (.rodata.str1.963556741755692615.1)
                  0000a842    0000002a     functions.o (.rodata.str1.11852899632267644254.1)
                  0000a86c    0000002a     functions.o (.rodata.str1.13933329845969146692.1)
                  0000a896    0000002a     functions.o (.rodata.str1.17242831494859343374.1)
                  0000a8c0    0000002a     functions.o (.rodata.str1.8975528390176846916.1)
                  0000a8ea    00000029     main.o (.rodata.str1.11702106008850790973.1)
                  0000a913    00000029     ZDP323B.o (.rodata.str1.11817068701145566633.1)
                  0000a93c    00000029     functions.o (.rodata.str1.14212890215622683485.1)
                  0000a965    00000029     RAK3172.o (.rodata.str1.952859593106619019.1)
                  0000a98e    00000028     functions.o (.rodata.str1.13707145581914847747.1)
                  0000a9b6    00000027     main.o (.rodata.str1.11870794119293528247.1)
                  0000a9dd    00000027     main.o (.rodata.str1.13959864503700487862.1)
                  0000aa04    00000027     main.o (.rodata.str1.16631870348416990953.1)
                  0000aa2b    00000027     functions.o (.rodata.str1.7085808795165203043.1)
                  0000aa52    00000026     functions.o (.rodata.str1.11596568296542930794.1)
                  0000aa78    00000026     main.o (.rodata.str1.13510909575694371129.1)
                  0000aa9e    00000026     main.o (.rodata.str1.14712910685067215323.1)
                  0000aac4    00000026     functions.o (.rodata.str1.2412787792798810337.1)
                  0000aaea    00000026     functions.o (.rodata.str1.312031595841812858.1)
                  0000ab10    00000026     ZDP323B.o (.rodata.str1.7320712112201950441.1)
                  0000ab36    00000025     main.o (.rodata.str1.10313062130652730376.1)
                  0000ab5b    00000025     main.o (.rodata.str1.13782249893155712474.1)
                  0000ab80    00000025     main.o (.rodata.str1.14079361385603432444.1)
                  0000aba5    00000025     RAK3172.o (.rodata.str1.1431870457548161368.1)
                  0000abca    00000025     functions.o (.rodata.str1.1545240438815278529.1)
                  0000abef    00000025     functions.o (.rodata.str1.17819248719987149311.1)
                  0000ac14    00000025     functions.o (.rodata.str1.5196872854305757230.1)
                  0000ac39    00000024     main.o (.rodata.str1.11121730273200050387.1)
                  0000ac5d    00000024     RAK3172.o (.rodata.str1.11377292495379983061.1)
                  0000ac81    00000024     main.o (.rodata.str1.13030671760666898970.1)
                  0000aca5    00000024     main.o (.rodata.str1.14112174005742061988.1)
                  0000acc9    00000024     RAK3172.o (.rodata.str1.1487736462859196529.1)
                  0000aced    00000024     functions.o (.rodata.str1.1813704926491365237.1)
                  0000ad11    00000024     functions.o (.rodata.str1.2298903785866919411.1)
                  0000ad35    00000024     RAK3172.o (.rodata.str1.4186403716999476052.1)
                  0000ad59    00000024     ZDP323B.o (.rodata.str1.5543880619177829359.1)
                  0000ad7d    00000024     functions.o (.rodata.str1.831622212789273363.1)
                  0000ada1    00000023     uart.o (.rodata.str1.14464947116831474962.1)
                  0000adc4    00000023     functions.o (.rodata.str1.3739636256912452571.1)
                  0000ade7    00000023     functions.o (.rodata.str1.4088760258362988122.1)
                  0000ae0a    00000023     functions.o (.rodata.str1.417100376825835908.1)
                  0000ae2d    00000023     functions.o (.rodata.str1.7723146404961276984.1)
                  0000ae50    00000023     main.o (.rodata.str1.9059077390166914652.1)
                  0000ae73    00000022     main.o (.rodata.str1.10865113624938808685.1)
                  0000ae95    00000022     functions.o (.rodata.str1.10930655922842606279.1)
                  0000aeb7    00000022     functions.o (.rodata.str1.11373607083750233779.1)
                  0000aed9    00000022     functions.o (.rodata.str1.11403685632016021771.1)
                  0000aefb    00000022     functions.o (.rodata.str1.16614484817706633923.1)
                  0000af1d    00000022     functions.o (.rodata.str1.2190941444116491765.1)
                  0000af3f    00000022     functions.o (.rodata.str1.2305192595417680505.1)
                  0000af61    00000022     main.o (.rodata.str1.5043408953494467246.1)
                  0000af83    00000022     main.o (.rodata.str1.6365796992934770792.1)
                  0000afa5    00000022     functions.o (.rodata.str1.7319270408353279736.1)
                  0000afc7    00000022     functions.o (.rodata.str1.8841248051089024616.1)
                  0000afe9    00000021     functions.o (.rodata.str1.10302267126528799586.1)
                  0000b00a    00000021     functions.o (.rodata.str1.11345522308171243087.1)
                  0000b02b    00000021     functions.o (.rodata.str1.12250083639950253671.1)
                  0000b04c    00000021     functions.o (.rodata.str1.16726128468901222387.1)
                  0000b06d    00000021     functions.o (.rodata.str1.17004305802620412261.1)
                  0000b08e    00000021     functions.o (.rodata.str1.17121790288170408763.1)
                  0000b0af    00000021     functions.o (.rodata.str1.17387986676834450725.1)
                  0000b0d0    00000021     functions.o (.rodata.str1.18169768820860067831.1)
                  0000b0f1    00000021     functions.o (.rodata.str1.2090819679678785128.1)
                  0000b112    00000021     functions.o (.rodata.str1.2216088936736676215.1)
                  0000b133    00000021     main.o (.rodata.str1.2256192789054937243.1)
                  0000b154    00000021     functions.o (.rodata.str1.2654337880733388962.1)
                  0000b175    00000021     functions.o (.rodata.str1.3098115528246613681.1)
                  0000b196    00000021     functions.o (.rodata.str1.3322434249706281543.1)
                  0000b1b7    00000021     functions.o (.rodata.str1.4531601087117612729.1)
                  0000b1d8    00000021     functions.o (.rodata.str1.455706336395187257.1)
                  0000b1f9    00000021     functions.o (.rodata.str1.812177498809953536.1)
                  0000b21a    00000021     functions.o (.rodata.str1.8430466031500812981.1)
                  0000b23b    00000021     functions.o (.rodata.str1.8989266583668574770.1)
                  0000b25c    00000020     functions.o (.rodata..Lswitch.table.cmd_pir.310)
                  0000b27c    00000020     functions.o (.rodata.str1.10387253022637546114.1)
                  0000b29c    00000020     functions.o (.rodata.str1.10514892771341585404.1)
                  0000b2bc    00000020     functions.o (.rodata.str1.10868672936327135180.1)
                  0000b2dc    00000020     functions.o (.rodata.str1.11488970495173820783.1)
                  0000b2fc    00000020     functions.o (.rodata.str1.14247832736261690914.1)
                  0000b31c    00000020     functions.o (.rodata.str1.16499007181999684178.1)
                  0000b33c    00000020     functions.o (.rodata.str1.16985884696085998545.1)
                  0000b35c    00000020     functions.o (.rodata.str1.17524032667240931881.1)
                  0000b37c    00000020     functions.o (.rodata.str1.17954340015018547257.1)
                  0000b39c    00000020     functions.o (.rodata.str1.1879081474855052955.1)
                  0000b3bc    00000020     functions.o (.rodata.str1.2347775125427912132.1)
                  0000b3dc    00000020     functions.o (.rodata.str1.2989574447005584482.1)
                  0000b3fc    00000020     functions.o (.rodata.str1.4892436572911226530.1)
                  0000b41c    00000020     main.o (.rodata.str1.6976963560179378225.1)
                  0000b43c    00000020     functions.o (.rodata.str1.9506313465773766142.1)
                  0000b45c    0000001f     functions.o (.rodata.str1.10620974771816488631.1)
                  0000b47b    0000001f     functions.o (.rodata.str1.10779513392166034331.1)
                  0000b49a    0000001f     functions.o (.rodata.str1.12716756795433194893.1)
                  0000b4b9    0000001f     ZDP323B.o (.rodata.str1.13908428614379841002.1)
                  0000b4d8    0000001f     main.o (.rodata.str1.16265332423659789559.1)
                  0000b4f7    0000001f     functions.o (.rodata.str1.2618360898605671341.1)
                  0000b516    0000001f     functions.o (.rodata.str1.3741468063811768988.1)
                  0000b535    0000001f     functions.o (.rodata.str1.391113973767205363.1)
                  0000b554    0000001f     functions.o (.rodata.str1.5445248913733296825.1)
                  0000b573    0000001f     functions.o (.rodata.str1.7261598007108977983.1)
                  0000b592    0000001f     functions.o (.rodata.str1.7667325258934765219.1)
                  0000b5b1    0000001f     functions.o (.rodata.str1.947937177233202452.1)
                  0000b5d0    0000001e     functions.o (.rodata.str1.11548324711019379123.1)
                  0000b5ee    0000001e     functions.o (.rodata.str1.13258710136769708401.1)
                  0000b60c    0000001e     functions.o (.rodata.str1.15416425971347363818.1)
                  0000b62a    0000001e     functions.o (.rodata.str1.17124744513834159004.1)
                  0000b648    0000001e     functions.o (.rodata.str1.2132137826339264873.1)
                  0000b666    0000001e     functions.o (.rodata.str1.2153166669032916089.1)
                  0000b684    0000001e     functions.o (.rodata.str1.8276779995786722914.1)
                  0000b6a2    0000001e     functions.o (.rodata.str1.9393216526452698668.1)
                  0000b6c0    0000001e     functions.o (.rodata.str1.9629253951102113371.1)
                  0000b6de    0000001d     functions.o (.rodata.str1.10029850049327752681.1)
                  0000b6fb    0000001d     functions.o (.rodata.str1.12012936333037231797.1)
                  0000b718    0000001d     functions.o (.rodata.str1.12122565456592184258.1)
                  0000b735    0000001d     functions.o (.rodata.str1.1787322033648190911.1)
                  0000b752    0000001d     functions.o (.rodata.str1.3945811098438947860.1)
                  0000b76f    0000001d     functions.o (.rodata.str1.67103668184455600.1)
                  0000b78c    0000001c     functions.o (.rodata.str1.11158820112163685190.1)
                  0000b7a8    0000001c     main.o (.rodata.str1.12180500075719773345.1)
                  0000b7c4    0000001c     functions.o (.rodata.str1.14504089057119714207.1)
                  0000b7e0    0000001c     functions.o (.rodata.str1.17112998893623131760.1)
                  0000b7fc    0000001c     functions.o (.rodata.str1.17418132220924322792.1)
                  0000b818    0000001c     functions.o (.rodata.str1.2090735207208419621.1)
                  0000b834    0000001c     functions.o (.rodata.str1.638703247069904128.1)
                  0000b850    0000001c     functions.o (.rodata.str1.7162303493627050396.1)
                  0000b86c    0000001c     functions.o (.rodata.str1.823074591787180899.1)
                  0000b888    0000001b     functions.o (.rodata.str1.12869987097872302101.1)
                  0000b8a3    0000001b     functions.o (.rodata.str1.13213250456124221025.1)
                  0000b8be    0000001b     functions.o (.rodata.str1.15241132200125037881.1)
                  0000b8d9    0000001b     functions.o (.rodata.str1.16937093305108365645.1)
                  0000b8f4    0000001b     functions.o (.rodata.str1.17669684748118727147.1)
                  0000b90f    0000001b     main.o (.rodata.str1.3530083166107438000.1)
                  0000b92a    0000001b     functions.o (.rodata.str1.4198453541086758413.1)
                  0000b945    0000001b     functions.o (.rodata.str1.504123949362312185.1)
                  0000b960    0000001b     functions.o (.rodata.str1.6579945242302544448.1)
                  0000b97b    0000001b     functions.o (.rodata.str1.6954128830300373732.1)
                  0000b996    0000001b     functions.o (.rodata.str1.771275161403278999.1)
                  0000b9b1    0000001b     functions.o (.rodata.str1.9586352787182320994.1)
                  0000b9cc    0000001a     functions.o (.rodata.str1.10394495994740858438.1)
                  0000b9e6    0000001a     functions.o (.rodata.str1.10821967500945095815.1)
                  0000ba00    0000001a     functions.o (.rodata.str1.11584461607463951922.1)
                  0000ba1a    0000001a     functions.o (.rodata.str1.11621569494667626893.1)
                  0000ba34    0000001a     functions.o (.rodata.str1.12609848238114409581.1)
                  0000ba4e    0000001a     functions.o (.rodata.str1.13060549876486072544.1)
                  0000ba68    0000001a     functions.o (.rodata.str1.15914577833492633752.1)
                  0000ba82    0000001a     functions.o (.rodata.str1.2423760133235791839.1)
                  0000ba9c    0000001a     functions.o (.rodata.str1.2872345601479061820.1)
                  0000bab6    0000001a     main.o (.rodata.str1.7996925722583989644.1)
                  0000bad0    0000001a     functions.o (.rodata.str1.976629323795015702.1)
                  0000baea    0000001a     functions.o (.rodata.str1.9987864939932165754.1)
                  0000bb04    00000019     functions.o (.rodata.str1.15581223450256929385.1)
                  0000bb1d    00000019     main.o (.rodata.str1.16302215771116645891.1)
                  0000bb36    00000019     functions.o (.rodata.str1.2006883888705870762.1)
                  0000bb4f    00000019     functions.o (.rodata.str1.6934290517616500964.1)
                  0000bb68    00000019     functions.o (.rodata.str1.7293844269889091573.1)
                  0000bb81    00000019     functions.o (.rodata.str1.9504405780896684869.1)
                  0000bb9a    00000002     ti_msp_dl_config.o (.rodata.gI2C_0ClockConfig)
                  0000bb9c    00000018     ti_msp_dl_config.o (.rodata.gDMA_CH0Config)
                  0000bbb4    00000018     ti_msp_dl_config.o (.rodata.gDMA_CH1Config)
                  0000bbcc    00000018     ti_msp_dl_config.o (.rodata.gDMA_CH2Config)
                  0000bbe4    00000018     ti_msp_dl_config.o (.rodata.gDMA_CH3Config)
                  0000bbfc    00000018     ZDP323B.o (.rodata.str1.13872368284913790327.1)
                  0000bc14    00000018     functions.o (.rodata.str1.14826907694073300720.1)
                  0000bc2c    00000018     functions.o (.rodata.str1.15647711897633472048.1)
                  0000bc44    00000018     functions.o (.rodata.str1.3293202025561435839.1)
                  0000bc5c    00000018     functions.o (.rodata.str1.3544098629501009633.1)
                  0000bc74    00000018     functions.o (.rodata.str1.3687520451400334805.1)
                  0000bc8c    00000018     functions.o (.rodata.str1.4307635291288551838.1)
                  0000bca4    00000018     functions.o (.rodata.str1.5556253844797924259.1)
                  0000bcbc    00000018     main.o (.rodata.str1.8154729771448623357.1)
                  0000bcd4    00000017     main.o (.rodata.str1.10003710380724733530.1)
                  0000bceb    00000017     functions.o (.rodata.str1.11087625087312282266.1)
                  0000bd02    00000017     functions.o (.rodata.str1.1121117191475404019.1)
                  0000bd19    00000017     functions.o (.rodata.str1.13497160822588500659.1)
                  0000bd30    00000017     functions.o (.rodata.str1.15981603964029308583.1)
                  0000bd47    00000017     main.o (.rodata.str1.16856034117330037696.1)
                  0000bd5e    00000017     functions.o (.rodata.str1.17162129685140799346.1)
                  0000bd75    00000017     functions.o (.rodata.str1.17500777133379660036.1)
                  0000bd8c    00000017     functions.o (.rodata.str1.1798579838546719175.1)
                  0000bda3    00000017     functions.o (.rodata.str1.18319551690001788249.1)
                  0000bdba    00000017     main.o (.rodata.str1.2255554096259913709.1)
                  0000bdd1    00000017     functions.o (.rodata.str1.3107984650851015417.1)
                  0000bde8    00000017     functions.o (.rodata.str1.4144252613811081812.1)
                  0000bdff    00000017     main.o (.rodata.str1.489408286258209761.1)
                  0000be16    00000017     functions.o (.rodata.str1.5896414462293131170.1)
                  0000be2d    00000017     functions.o (.rodata.str1.7276749916342729794.1)
                  0000be44    00000017     functions.o (.rodata.str1.8683587540435544184.1)
                  0000be5b    00000016     functions.o (.rodata.str1.13750405472340812261.1)
                  0000be71    00000016     functions.o (.rodata.str1.14296218639596138037.1)
                  0000be87    00000016     functions.o (.rodata.str1.14626576299884526934.1)
                  0000be9d    00000016     functions.o (.rodata.str1.1463293767001829125.1)
                  0000beb3    00000016     uart.o (.rodata.str1.15503172443992438641.1)
                  0000bec9    00000016     functions.o (.rodata.str1.16113805747440866019.1)
                  0000bedf    00000016     functions.o (.rodata.str1.17016031596792030868.1)
                  0000bef5    00000016     functions.o (.rodata.str1.1912318065655334061.1)
                  0000bf0b    00000016     functions.o (.rodata.str1.5117621188084071403.1)
                  0000bf21    00000016     RAK3172.o (.rodata.str1.7051730511231219024.1)
                  0000bf37    00000016     main.o (.rodata.str1.8096991282711418442.1)
                  0000bf4d    00000015     functions.o (.rodata.str1.11457859038367029433.1)
                  0000bf62    00000015     main.o (.rodata.str1.1311392489248731986.1)
                  0000bf77    00000015     functions.o (.rodata.str1.13291850131445628085.1)
                  0000bf8c    00000015     functions.o (.rodata.str1.13318008327193210645.1)
                  0000bfa1    00000015     functions.o (.rodata.str1.14079700471513303319.1)
                  0000bfb6    00000015     functions.o (.rodata.str1.14779408147115502373.1)
                  0000bfcb    00000015     functions.o (.rodata.str1.16344480386849582482.1)
                  0000bfe0    00000015     functions.o (.rodata.str1.17171889877841249491.1)
                  0000bff5    00000015     functions.o (.rodata.str1.18285776561876861988.1)
                  0000c00a    00000015     RAK3172.o (.rodata.str1.3379378337854271095.1)
                  0000c01f    00000015     functions.o (.rodata.str1.5514502381961403268.1)
                  0000c034    00000015     functions.o (.rodata.str1.6275033222440079959.1)
                  0000c049    00000015     functions.o (.rodata.str1.7987950595137088371.1)
                  0000c05e    00000015     functions.o (.rodata.str1.8058481654977393815.1)
                  0000c073    00000015     uart.o (.rodata.str1.8171864734171609186.1)
                  0000c088    00000014     functions.o (.rodata..Lswitch.table.cmd_gauge)
                  0000c09c    00000014     functions.o (.rodata.str1.13052596014025790475.1)
                  0000c0b0    00000014     functions.o (.rodata.str1.16059144329163883794.1)
                  0000c0c4    00000014     functions.o (.rodata.str1.4910338030008278487.1)
                  0000c0d8    00000014     functions.o (.rodata.str1.5905555877690922764.1)
                  0000c0ec    00000014     functions.o (.rodata.str1.7324634916810494498.1)
                  0000c100    00000014     main.o (.rodata.str1.7784929982665794503.1)
                  0000c114    00000014     functions.o (.rodata.str1.9182000268108421340.1)
                  0000c128    00000014     functions.o (.rodata.str1.9955790773425000222.1)
                  0000c13c    00000013     functions.o (.rodata.str1.17622889657162422067.1)
                  0000c14f    00000013     functions.o (.rodata.str1.204082772225115829.1)
                  0000c162    00000013     functions.o (.rodata.str1.3818782532712895722.1)
                  0000c175    00000013     RAK3172.o (.rodata.str1.4152852479021548292.1)
                  0000c188    00000013     functions.o (.rodata.str1.5293785561432609074.1)
                  0000c19b    00000013     functions.o (.rodata.str1.5672502669058196221.1)
                  0000c1ae    00000013     RAK3172.o (.rodata.str1.9418084910429164153.1)
                  0000c1c1    00000012     main.o (.rodata.str1.11321157723316767883.1)
                  0000c1d3    00000012     functions.o (.rodata.str1.11391304066098951517.1)
                  0000c1e5    00000012     RAK3172.o (.rodata.str1.2864539900761302690.1)
                  0000c1f7    00000012     main.o (.rodata.str1.4829115146054326934.1)
                  0000c209    00000012     main.o (.rodata.str1.6689794204546696417.1)
                  0000c21b    00000011     libc.a : _printfi.c.obj (.rodata.str1.10348868589481759720.1)
                  0000c22c    00000011     functions.o (.rodata.str1.15082562741968675383.1)
                  0000c23d    00000011     libc.a : _printfi.c.obj (.rodata.str1.15363888844622738466.1)
                  0000c24e    00000011     main.o (.rodata.str1.17770841602246103764.1)
                  0000c25f    00000011     main.o (.rodata.str1.2597068879322958637.1)
                  0000c270    00000011     main.o (.rodata.str1.2624144126699937905.1)
                  0000c281    00000011     main.o (.rodata.str1.403738606202455663.1)
                  0000c292    00000011     main.o (.rodata.str1.625103348304617710.1)
                  0000c2a3    00000011     functions.o (.rodata.str1.8855207564147674068.1)
                  0000c2b4    00000010     functions.o (.rodata..Lswitch.table.cmd_fram)
                  0000c2c4    00000010     functions.o (.rodata..Lswitch.table.cmd_pir.311)
                  0000c2d4    00000010     main.o (.rodata..Lswitch.table.main)
                  0000c2e4    00000010     functions.o (.rodata.str1.12247701732483370762.1)
                  0000c2f4    0000000f     functions.o (.rodata.str1.18426002669572504042.1)
                  0000c303    0000000f     functions.o (.rodata.str1.2372479248998020874.1)
                  0000c312    0000000f     functions.o (.rodata.str1.6405428687533244608.1)
                  0000c321    0000000f     functions.o (.rodata.str1.7684438339927393593.1)
                  0000c330    0000000e     main.o (.rodata.str1.11822182024223342093.1)
                  0000c33e    0000000e     RAK3172.o (.rodata.str1.16764240914860288288.1)
                  0000c34c    0000000e     functions.o (.rodata.str1.3274426514815924028.1)
                  0000c35a    0000000e     functions.o (.rodata.str1.6433388484108913441.1)
                  0000c368    0000000e     functions.o (.rodata.str1.6551616409717788252.1)
                  0000c376    0000000d     functions.o (.rodata.str1.14249227603012650231.1)
                  0000c383    0000000d     functions.o (.rodata.str1.17314209706061556526.1)
                  0000c390    0000000d     RAK3172.o (.rodata.str1.4679612622393292609.1)
                  0000c39d    0000000d     main.o (.rodata.str1.8828068777338075035.1)
                  0000c3aa    0000000c     main.o (.rodata.str1.10224226614597680209.1)
                  0000c3b6    0000000c     functions.o (.rodata.str1.12082073636076449582.1)
                  0000c3c2    0000000c     functions.o (.rodata.str1.12649739183381639352.1)
                  0000c3ce    0000000c     functions.o (.rodata.str1.2128294674425382420.1)
                  0000c3da    0000000b     main.o (.rodata.str1.18092426736022315238.1)
                  0000c3e5    0000000b     RAK3172.o (.rodata.str1.1968888313200872450.1)
                  0000c3f0    0000000b     functions.o (.rodata.str1.4040450050525152614.1)
                  0000c3fb    0000000b     functions.o (.rodata.str1.6500671132244866452.1)
                  0000c406    0000000a     ti_msp_dl_config.o (.rodata.gMCU_UART_1Config)
                  0000c410    0000000a     ti_msp_dl_config.o (.rodata.gSPI_0_config)
                  0000c41a    0000000a     ti_msp_dl_config.o (.rodata.gSPI_1_config)
                  0000c424    0000000a     ti_msp_dl_config.o (.rodata.gUART_0Config)
                  0000c42e    0000000a     functions.o (.rodata.str1.12114497968925858118.1)
                  0000c438    0000000a     functions.o (.rodata.str1.1518209179495633459.1)
                  0000c442    0000000a     main.o (.rodata.str1.288608917962107522.1)
                  0000c44c    0000000a     main.o (.rodata.str1.4787932902692149498.1)
                  0000c456    0000000a     functions.o (.rodata.str1.6736404338818286726.1)
                  0000c460    0000000a     functions.o (.rodata.str1.6783150972682750781.1)
                  0000c46a    0000000a     functions.o (.rodata.str1.9659379646541333203.1)
                  0000c474    0000000a     functions.o (.rodata.str1.9866892624350641238.1)
                  0000c47e    00000009     main.o (.rodata.str1.10720410773482754683.1)
                  0000c487    00000009     functions.o (.rodata.str1.11364996628600094536.1)
                  0000c490    00000009     main.o (.rodata.str1.11777244287787065045.1)
                  0000c499    00000009     functions.o (.rodata.str1.12257129677820421622.1)
                  0000c4a2    00000009     functions.o (.rodata.str1.13225435875195226696.1)
                  0000c4ab    00000009     main.o (.rodata.str1.14032527501195285070.1)
                  0000c4b4    00000009     main.o (.rodata.str1.1928638051441818890.1)
                  0000c4bd    00000009     uart.o (.rodata.str1.2747995240747259486.1)
                  0000c4c6    00000009     functions.o (.rodata.str1.5320122413559821118.1)
                  0000c4cf    00000009     functions.o (.rodata.str1.5699953771227312792.1)
                  0000c4d8    00000009     functions.o (.rodata.str1.6743441520423956273.1)
                  0000c4e1    00000008     functions.o (.rodata.cst8)
                  0000c4e9    00000003     ti_msp_dl_config.o (.rodata.gBOOST_CONTROLClockConfig)
                  0000c4ec    00000008     ti_msp_dl_config.o (.rodata.gBOOST_CONTROLConfig)
                  0000c4f4    00000008     ti_msp_dl_config.o (.rodata.gFLASH_CONTROLConfig)
                  0000c4fc    00000008     functions.o (.rodata.str1.11093425900794288272.1)
                  0000c504    00000008     functions.o (.rodata.str1.11517924573668616356.1)
                  0000c50c    00000008     functions.o (.rodata.str1.12716370140545181522.1)
                  0000c514    00000008     functions.o (.rodata.str1.14464870060864390341.1)
                  0000c51c    00000008     main.o (.rodata.str1.14466178792657420020.1)
                  0000c524    00000008     functions.o (.rodata.str1.15633490976573669152.1)
                  0000c52c    00000008     functions.o (.rodata.str1.15667472894159448674.1)
                  0000c534    00000008     functions.o (.rodata.str1.15927518266867229498.1)
                  0000c53c    00000008     main.o (.rodata.str1.16709704744796600189.1)
                  0000c544    00000008     functions.o (.rodata.str1.16929425599360063401.1)
                  0000c54c    00000008     functions.o (.rodata.str1.2299744636238869032.1)
                  0000c554    00000008     main.o (.rodata.str1.2846389346932560359.1)
                  0000c55c    00000008     functions.o (.rodata.str1.3156050197955811031.1)
                  0000c564    00000008     functions.o (.rodata.str1.6886749528440134913.1)
                  0000c56c    00000008     functions.o (.rodata.str1.7162077660410253316.1)
                  0000c574    00000007     functions.o (.rodata.str1.14125585639945481457.1)
                  0000c57b    00000007     functions.o (.rodata.str1.15074034281527865494.1)
                  0000c582    00000007     RAK3172.o (.rodata.str1.15911937215791851105.1)
                  0000c589    00000007     functions.o (.rodata.str1.16429985753972473886.1)
                  0000c590    00000007     functions.o (.rodata.str1.17588442350683572369.1)
                  0000c597    00000007     functions.o (.rodata.str1.18157200286260056646.1)
                  0000c59e    00000007     functions.o (.rodata.str1.2576872358145254110.1)
                  0000c5a5    00000007     functions.o (.rodata.str1.2606492479815574346.1)
                  0000c5ac    00000007     functions.o (.rodata.str1.3123360382440319361.1)
                  0000c5b3    00000007     main.o (.rodata.str1.5630281060179367396.1)
                  0000c5ba    00000007     functions.o (.rodata.str1.8531227236847774710.1)
                  0000c5c1    00000006     functions.o (.rodata.str1.10146554888887806956.1)
                  0000c5c7    00000006     functions.o (.rodata.str1.11538060877586311343.1)
                  0000c5cd    00000006     functions.o (.rodata.str1.11655743873260979083.1)
                  0000c5d3    00000006     functions.o (.rodata.str1.12410864860910897959.1)
                  0000c5d9    00000006     functions.o (.rodata.str1.16699442666505370998.1)
                  0000c5df    00000006     functions.o (.rodata.str1.17144429639171527548.1)
                  0000c5e5    00000006     RAK3172.o (.rodata.str1.3162346611571411104.1)
                  0000c5eb    00000006     main.o (.rodata.str1.3292798375424520613.1)
                  0000c5f1    00000006     functions.o (.rodata.str1.389011575781332116.1)
                  0000c5f7    00000006     functions.o (.rodata.str1.4959705119256106851.1)
                  0000c5fd    00000006     RAK3172.o (.rodata.str1.5699556646570721219.1)
                  0000c603    00000006     functions.o (.rodata.str1.5942940260138002656.1)
                  0000c609    00000006     main.o (.rodata.str1.8108965883388295311.1)
                  0000c60f    00000005     RAK3172.o (.rodata.str1.11543366406793681780.1)
                  0000c614    00000005     functions.o (.rodata.str1.11900037607746946141.1)
                  0000c619    00000005     functions.o (.rodata.str1.13183419841694627606.1)
                  0000c61e    00000005     functions.o (.rodata.str1.14496393926573069083.1)
                  0000c623    00000005     main.o (.rodata.str1.15159059442110792349.1)
                  0000c628    00000005     functions.o (.rodata.str1.16757203657686794125.1)
                  0000c62d    00000005     main.o (.rodata.str1.2563708670032483588.1)
                  0000c632    00000005     functions.o (.rodata.str1.2957129483359387701.1)
                  0000c637    00000005     functions.o (.rodata.str1.3066531604708884151.1)
                  0000c63c    00000005     functions.o (.rodata.str1.3172367308849033862.1)
                  0000c641    00000005     functions.o (.rodata.str1.4214633535407782609.1)
                  0000c646    00000005     functions.o (.rodata.str1.502354497711140047.1)
                  0000c64b    00000005     RAK3172.o (.rodata.str1.7051719164982180226.1)
                  0000c650    00000005     main.o (.rodata.str1.7702501944640899365.1)
                  0000c655    00000005     functions.o (.rodata.str1.8025679848303759470.1)
                  0000c65a    00000005     main.o (.rodata.str1.8076846746581808073.1)
                  0000c65f    00000005     functions.o (.rodata.str1.8113497073403762318.1)
                  0000c664    00000004     main.o (.rodata.str1.10635229749459437609.1)
                  0000c668    00000004     functions.o (.rodata.str1.11296493460036947760.1)
                  0000c66c    00000004     RAK3172.o (.rodata.str1.12259908581070838403.1)
                  0000c670    00000004     functions.o (.rodata.str1.12871985577256932554.1)
                  0000c674    00000004     main.o (.rodata.str1.13288086030101331538.1)
                  0000c678    00000004     functions.o (.rodata.str1.16977936627528246064.1)
                  0000c67c    00000004     main.o (.rodata.str1.17045314124001216156.1)
                  0000c680    00000004     main.o (.rodata.str1.17100691992556644108.1)
                  0000c684    00000004     main.o (.rodata.str1.17376258722486336754.1)
                  0000c688    00000004     main.o (.rodata.str1.2123964117280943167.1)
                  0000c68c    00000004     RAK3172.o (.rodata.str1.24814282407215182.1)
                  0000c690    00000004     main.o (.rodata.str1.2763581881760962609.1)
                  0000c694    00000004     functions.o (.rodata.str1.3121139948745544124.1)
                  0000c698    00000004     RAK3172.o (.rodata.str1.371085888180289054.1)
                  0000c69c    00000004     functions.o (.rodata.str1.4561657886204501224.1)
                  0000c6a0    00000004     functions.o (.rodata.str1.4930741957133989383.1)
                  0000c6a4    00000004     functions.o (.rodata.str1.510390108933456549.1)
                  0000c6a8    00000004     functions.o (.rodata.str1.62749256631814321.1)
                  0000c6ac    00000004     main.o (.rodata.str1.6891813955777630061.1)
                  0000c6b0    00000004     functions.o (.rodata.str1.9119127971185803168.1)
                  0000c6b4    00000003     ti_msp_dl_config.o (.rodata.gFLASH_CONTROLClockConfig)
                  0000c6b7    00000003     uart.o (.rodata.str1.12819099410943012003.1)
                  0000c6ba    00000003     functions.o (.rodata.str1.13554695696533425351.1)
                  0000c6bd    00000003     RAK3172.o (.rodata.str1.14262890786185017876.1)
                  0000c6c0    00000003     functions.o (.rodata.str1.15412236193038458078.1)
                  0000c6c3    00000003     main.o (.rodata.str1.15996357275703397564.1)
                  0000c6c6    00000003     RAK3172.o (.rodata.str1.340538713084712685.1)
                  0000c6c9    00000003     functions.o (.rodata.str1.7108839738911806945.1)
                  0000c6cc    00000002     ti_msp_dl_config.o (.rodata.gI2C_1ClockConfig)
                  0000c6ce    00000002     ti_msp_dl_config.o (.rodata.gMCU_UART_1ClockConfig)
                  0000c6d0    00000002     ti_msp_dl_config.o (.rodata.gSPI_0_clockConfig)
                  0000c6d2    00000002     ti_msp_dl_config.o (.rodata.gSPI_1_clockConfig)
                  0000c6d4    00000002     ti_msp_dl_config.o (.rodata.gUART_0ClockConfig)
                  0000c6d6    00000002     functions.o (.rodata.str1.12145652551702610167.1)
                  0000c6d8    00000002     functions.o (.rodata.str1.124578571608933609.1)
                  0000c6da    00000002     functions.o (.rodata.str1.14724813643312198925.1)
                  0000c6dc    00000002     main.o (.rodata.str1.1499083853040407199.1)
                  0000c6de    00000002     functions.o (.rodata.str1.16630137122866254825.1)
                  0000c6e0    00000002     functions.o (.rodata.str1.18192300180148322521.1)
                  0000c6e2    00000002     uart.o (.rodata.str1.3510367808670815947.1)
                  0000c6e4    00000002     functions.o (.rodata.str1.5994875290679588583.1)
                  0000c6e6    00000002     functions.o (.rodata.str1.6272307236723974141.1)
                  0000c6e8    00000002     functions.o (.rodata.str1.635688678628282230.1)
                  0000c6ea    00000002     functions.o (.rodata.str1.8976659453420465898.1)
                  0000c6ec    00000004     --HOLE-- [fill = 0]

.init_array 
*          0    00000000    00000000     UNINITIALIZED

.binit     0    00000000    00000000     

.sysmem    0    20200000    00000800     UNINITIALIZED
                  20200000    00000010     libc.a : memory.c.obj (.sysmem)
                  20200010    000007f0     --HOLE--

.bss       0    20200800    00000679     UNINITIALIZED
                  20200800    00000120     libsysbm.a : trgmsg.c.obj (.bss:_CIOBUF_)
                  20200920    00000100     RAK3172.o (.bss.rak_rx_buffer)
                  20200a20    000000f0     uart.o (.bss.commandList)
                  20200b10    000000bc     (.common:gBOOST_CONTROLBackup)
                  20200bcc    000000bc     (.common:gFLASH_CONTROLBackup)
                  20200c88    000000a0     libc.a : defs.c.obj (.bss.__TI_tmpnams)
                  20200d28    00000040     (.common:UART_Buffer)
                  20200d68    00000028     (.common:gSPI_0Backup)
                  20200d90    00000028     (.common:gSPI_1Backup)
                  20200db8    00000022     (.common:gRxPacket)
                  20200dda    00000022     (.common:gTxPacket)
                  20200dfc    00000020     (.common:framSpi)
                  20200e1c    0000001c     (.common:stm32Spi)
                  20200e38    00000010     (.common:gSPI_RxPacket)
                  20200e48    0000000c     (.common:gPIR)
                  20200e54    00000008     libsysbm.a : hostopen.c.obj (.bss.parmbuf)
                  20200e5c    00000008     (.common:fram)
                  20200e64    00000004     libc.a : memory.c.obj (.bss.sys_free)
                  20200e68    00000004     (.common:gRxCount)
                  20200e6c    00000004     (.common:gRxLen)
                  20200e70    00000004     (.common:gTxCount)
                  20200e74    00000004     (.common:gTxLen)
                  20200e78    00000001     (.common:gI2cControllerStatus)

.data      0    20200e7c    00000361     UNINITIALIZED
                  20200e7c    000000f0     libc.a : defs.c.obj (.data._ftable)
                  20200f6c    000000c6     BoardAPI.o (.data.output_currents_led_mA)
                  20201032    00000002     BQ25628_functions.o (.data.g_ibat_mA)
                  20201034    00000078     libsysbm.a : host_device.c.obj (.data._device)
                  202010ac    00000063     BoardAPI.o (.data.duty_cycles_led)
                  2020110f    00000001     main.o (.data.bq_monitor_active)
                  20201110    00000050     libsysbm.a : host_device.c.obj (.data._stream)
                  20201160    00000010     spi_master.o (.data.gSPI_TxPacket)
                  20201170    0000000c     LTR329.o (.data.gLTR329)
                  2020117c    00000008     libc.a : exit.c.obj (.data..L_MergedGlobals)
                  20201184    00000008     LIS3DH.o (.data.gLIS3DH)
                  2020118c    00000004     libc.a : defs.c.obj (.data.__TI_ft_end)
                  20201190    00000004            : aeabi_portable.c.obj (.data.__aeabi_errno)
                  20201194    00000004            : _lock.c.obj (.data._lock)
                  20201198    00000004            : _lock.c.obj (.data._unlock)
                  2020119c    00000004     uart.o (.data.commandCount)
                  202011a0    00000004     libc.a : strtok.c.obj (.data.last_end)
                  202011a4    00000004     BoardAPI.o (.data.led_channel)
                  202011a8    00000004     main.o (.data.monitor_rate)
                  202011ac    00000002     BQ25628_functions.o (.data.g_ibus_mA)
                  202011ae    00000002     BQ27Z7_functions.o (.data.g_telem.0)
                  202011b0    00000002     BQ27Z7_functions.o (.data.g_telem.10)
                  202011b2    00000002     BQ27Z7_functions.o (.data.g_telem.11)
                  202011b4    00000002     BQ27Z7_functions.o (.data.g_telem.12)
                  202011b6    00000002     BQ27Z7_functions.o (.data.g_telem.13)
                  202011b8    00000002     BQ27Z7_functions.o (.data.g_telem.1)
                  202011ba    00000002     BQ27Z7_functions.o (.data.g_telem.2)
                  202011bc    00000002     BQ27Z7_functions.o (.data.g_telem.4)
                  202011be    00000002     BQ27Z7_functions.o (.data.g_telem.5)
                  202011c0    00000002     BQ27Z7_functions.o (.data.g_telem.7)
                  202011c2    00000002     BQ27Z7_functions.o (.data.g_telem.8)
                  202011c4    00000002     BQ27Z7_functions.o (.data.g_telem.9)
                  202011c6    00000002     BQ25628_functions.o (.data.g_vbat_mV)
                  202011c8    00000002     BQ25628_functions.o (.data.g_vbus_mV)
                  202011ca    00000002     BQ25628_functions.o (.data.g_vsys_mV)
                  202011cc    00000002     BoardAPI.o (.data.global_led_voltage)
                  202011ce    00000002     RAK3172.o (.data.rak_rx_index)
                  202011d0    00000001     uart.o (.data.char_index)
                  202011d1    00000001     uart.o (.data.data_received)
                  202011d2    00000001     gauge.o (.data.g_gaugeAddr)
                  202011d3    00000001     main.o (.data.gauge_monitor_active)
                  202011d4    00000001     BQ27Z7_functions.o (.data.g_telem.3)
                  202011d5    00000001     main.o (.data.hall_monitor_active)
                  202011d6    00000001     BQ27Z7_functions.o (.data.g_telem.6)
                  202011d7    00000001     main.o (.data.lis_monitor_active)
                  202011d8    00000001     main.o (.data.ltr_monitor_active)
                  202011d9    00000001     main.o (.data.pir_monitor_active)
                  202011da    00000001     RAK3172.o (.data.rak_response_ready)
                  202011db    00000001     --HOLE--
                  202011dc    00000001     libc.a : memory.c.obj (.data.memory_is_initialized)

.stack     0    20207e00    00000200     UNINITIALIZED
                  20207e00    00000004     libc.a : boot_cortex_m.c.obj (.stack)
                  20207e04    000001fc     --HOLE--

__llvm_prf_cnts 
*          0    20200000    00000000     UNINITIALIZED

__llvm_prf_bits 
*          0    20200000    00000000     UNINITIALIZED

MODULE SUMMARY

       Module                         code    ro data   rw data
       ------                         ----    -------   -------
    .\
       functions.o                    8200    10190     105    
       main.o                         1596    1626      10     
       ti_msp_dl_config.o             1676    170       456    
       BoardAPI.o                     480     0         303    
       startup_mspm0g350x_ticlang.o   6       192       0      
    +--+------------------------------+-------+---------+---------+
       Total:                         11958   12178     874    
                                                               
    .\HAL\
       uart.o                         1484    92        310    
       i2c.o                          1256    0         0      
       spi_mem.o                      528     0         32     
       spi_master.o                   180     0         60     
    +--+------------------------------+-------+---------+---------+
       Total:                         3448    92        402    
                                                               
    .\ics\BQ25628\
       BQ25628_functions.o            752     0         10     
    +--+------------------------------+-------+---------+---------+
       Total:                         752     0         10     
                                                               
    .\ics\BQ27Z7\
       BQ27Z7_functions.o             3436    0         26     
       gauge.o                        176     0         1      
    +--+------------------------------+-------+---------+---------+
       Total:                         3612    0         27     
                                                               
    .\ics\LIS3DH\
       LIS3DH.o                       368     0         8      
    +--+------------------------------+-------+---------+---------+
       Total:                         368     0         8      
                                                               
    .\ics\LTR329\
       LTR329.o                       532     0         12     
    +--+------------------------------+-------+---------+---------+
       Total:                         532     0         12     
                                                               
    .\ics\MB85RS\
       mb85rs.o                       758     0         0      
    +--+------------------------------+-------+---------+---------+
       Total:                         758     0         0      
                                                               
    .\ics\RAK\
       RAK3172.o                      1024    589       259    
    +--+------------------------------+-------+---------+---------+
       Total:                         1024    589       259    
                                                               
    .\ics\ZILOG\
       ZDP323B.o                      1822    414       0      
    +--+------------------------------+-------+---------+---------+
       Total:                         1822    414       0      
                                                               
    C:/ti/mspm0_sdk_2_09_00_01/source/ti/driverlib/lib/ticlang/m0p/mspm0g1x0x_g3x0x/driverlib.a
       dl_timer.o                     356     0         0      
       dl_i2c.o                       240     0         0      
       dl_uart.o                      138     0         0      
       dl_spi.o                       86      0         0      
       dl_dma.o                       76      0         0      
       dl_common.o                    10      0         0      
    +--+------------------------------+-------+---------+---------+
       Total:                         906     0         0      
                                                               
    C:\ti\ccs2031\ccs\tools\compiler\ti-cgt-armllvm_4.0.4.LTS\lib\armv6m-ti-none-eabi/c/libc.a
       _printfi.c.obj                 4510    34        0      
       memory.c.obj                   702     0         5      
       defs.c.obj                     0       0         404    
       strtol.c.obj                   324     0         0      
       aeabi_ctype.S.obj              0       257       0      
[...]
20200d90  gSPI_1Backup                    
20200e38  gSPI_RxPacket                   
20201160  gSPI_TxPacket                   
20200e70  gTxCount                        
20200e74  gTxLen                          
20200dda  gTxPacket                       
00008ff9  gauge_address                   
000089b5  gauge_cmd_read                  
202011d3  gauge_monitor_active            
000086e9  gauge_read                      
00008721  gauge_write                     
00008589  get_UART_buffer                 
000073d9  getdevice                       
202011cc  global_led_voltage              
202011d5  hall_monitor_active             
00008e11  i2c_init                        
00000000  interruptVectors                
00006151  ldexp                           
00006151  ldexpl                          
202011a4  led_channel                     
202011d7  lis_monitor_active              
00008b3d  lseek                           
202011d8  ltr_monitor_active              
000017bd  main                            
00009225  malloc                          
000049a5  memalign                        
00008cd9  memccpy                         
0000688d  memcpy                          
0000790b  memset                          
202011a8  monitor_rate                    
20200f6c  output_currents_led_mA          
20200e54  parmbuf                         
202011d9  pir_monitor_active              
00009009  putchar                         
00009295  remove                          
000075e5  roundf                          
00006151  scalbn                          
00006151  scalbnl                         
00004621  setupCLI                        
00005b4d  setvbuf                         
20200e1c  stm32Spi                        
00006bf1  strcmp                          
00008cb5  strcspn                         
00008bdb  strspn                          
000088c3  strstr                          
0000828d  strtok                          
00004131  strtol                          
00008d5d  uart_init                       
00006fed  uart_printf                     
00008ac1  unlink                          
0000841d  vsnprintf                       
00009019  wcslen                          
00008b65  write                           


GLOBAL SYMBOLS: SORTED BY Symbol Address 

address   name                            
-------   ----                            
00000000  __TI_ATRegion0_region_sz        
00000000  __TI_ATRegion0_src_addr         
00000000  __TI_ATRegion0_trg_addr         
00000000  __TI_ATRegion1_region_sz        
00000000  __TI_ATRegion1_src_addr         
00000000  __TI_ATRegion1_trg_addr         
00000000  __TI_ATRegion2_region_sz        
00000000  __TI_ATRegion2_src_addr         
00000000  __TI_ATRegion2_trg_addr         
00000000  __TI_static_base__              
00000000  interruptVectors                
000000c1  __TI_printfi                    
00000200  __STACK_SIZE                    
00000800  __SYSMEM_SIZE                   
00000a91  cmd_gauge                       
0000123d  cmd_fram                        
000017bd  main                            
00001c65  ZDP323B_Init                    
00002061  cmd_bq                          
00002449  cmd_rak                         
000027f1  cmd_pir                         
00002b45  CLI_ProcessInput                
000030a9  cmd_i2cscan10                   
00003499  I2C_ReadDevice                  
0000366d  cmd_i2cscan                     
0000382d  cmd_ltr                         
000039d5  __aeabi_dsub                    
000039d5  __subdf3                        
000039df  __adddf3                        
000039df  __aeabi_dadd                    
00003b67  ADC0_IRQHandler                 
00003b67  ADC1_IRQHandler                 
00003b67  AES_IRQHandler                  
00003b67  CANFD0_IRQHandler               
00003b67  DAC0_IRQHandler                 
00003b67  DMA_IRQHandler                  
00003b67  Default_Handler                 
00003b67  GROUP0_IRQHandler               
00003b67  HardFault_Handler               
00003b67  NMI_Handler                     
00003b67  PendSV_Handler                  
00003b67  RTC_IRQHandler                  
00003b67  SVC_Handler                     
00003b67  SysTick_Handler                 
00003b67  TIMA0_IRQHandler                
00003b67  TIMA1_IRQHandler                
00003b67  TIMG0_IRQHandler                
00003b67  TIMG12_IRQHandler               
00003b67  TIMG6_IRQHandler                
00003b67  TIMG7_IRQHandler                
00003b67  TIMG8_IRQHandler                
00003b67  UART2_IRQHandler                
00003b67  UART3_IRQHandler                
00003b69  cmd_lis                         
00003ced  cmd_leds                        
00003e61  cmd_spi                         
00003fcd  SYSCFG_DL_GPIO_init             
00004131  strtol                          
000043b1  I2C_WriteDevice                 
000044e9  MB85RS_Write                    
00004621  setupCLI                        
00004759  BQ25628E_Init_Default           
000049a5  aligned_alloc                   
000049a5  memalign                        
00004ab9  BQ27Z746_SetUTFET_Direct        
00004bc9  BQ27Z746_SetTempSensorConfig    
00004cd5  SPI_Memory_Wait                 
00004de1  __aeabi_ddiv                    
00004de1  __divdf3                        
00004eed  DL_Timer_initFourCCPWMMode      
00004ff1  I2C_TryAddress10                
000050f5  BQ27Z746_GetSecurityMode        
000051f5  BQ27Z746_UpdateTelemetry        
000052f5  BQ25628E_UpdateTelemetry        
000053f1  ZDP323B_WriteConfig             
000054e9  LTR329_CalculateLux             
000055d9  cmd_pwr                         
000056c9  BQ27Z746_GetChargingStatus      
000057b5  ZDP323B_ReadPeakHold            
0000589d  free                            
00005985  I2C_TryAddress                  
00005a69  __aeabi_dmul                    
00005a69  __muldf3                        
00005b4d  setvbuf                         
00005c2d  BQ27Z746_GetDeviceType          
00005d0b  BQ27Z746_GetChemID              
00005de7  BQ27Z746_GetOperationStatus     
00005ec3  BQ27Z746_GetSafetyStatus        
00005f9f  BQ27Z746_GetFirmwareVersion     
00006077  BQ27Z746_MAC_Read               
0000614f  __aeabi_idiv0                   
00006151  ldexp                           
00006151  ldexpl                          
00006151  scalbn                          
00006151  scalbnl                         
00006229  __aeabi_fsub                    
00006229  __subsf3                        
00006233  __addsf3                        
00006233  __aeabi_fadd                    
00006301  cmd_hall                        
000063d1  LED_set_current                 
0000648d  Shared_I2C_IRQHandler           
00006549  MB85RS_Read                     
00006601  UARTReceive                     
000066ad  __udivmoddi4                    
0000674f  __aeabi_ldiv0                   
00006751  LIS3DH_ReadMg                   
000067f1  fputc                           
0000688d  memcpy                          
00006927  _nop                            
00006929  SPI_Memory_Arm                  
000069b9  SYSCFG_DL_BOOST_CONTROL_init    
00006a49  __aeabi_fmul                    
00006a49  __mulsf3                        
00006ad5  floorf                          
00006b61  SYSCFG_DL_initPower             
00006be9  UART1_IRQHandler                
00006bf1  strcmp                          
00006c79  SYSCFG_DL_FLASH_CONTROL_init    
00006cfd  __aeabi_fdiv                    
00006cfd  __divsf3                        
00006d7f  MB85RS_ReadID                   
00006e01  __TI_closefile                  
00006e7d  __TI_decompress_lzss            
00006ef9  BQ27Z746_Unseal                 
00006f75  LIS3DH_Init                     
00006fed  uart_printf                     
00007065  __gedf2                         
00007065  __gtdf2                         
000070d9  LTR329_Init                     
00007149  SYSCFG_DL_MCU_UART_1_init       
000071b9  SYSCFG_DL_UART_0_init           
00007229  HOSTlseek                       
00007295  HOSTrename                      
00007301  LTR329_SetGain                  
0000736d  fseeko                          
000073d9  getdevice                       
00007445  CLI_Tokenize                    
000074ad  SYSCFG_DL_I2C_0_init            
00007515  SYSCFG_DL_I2C_1_init            
0000757d  __cmpdf2                        
0000757d  __eqdf2                         
0000757d  __ledf2                         
0000757d  __ltdf2                         
0000757d  __nedf2                         
000075e5  roundf                          
000076b5  SYSCFG_DL_SPI_0_init            
00007719  __TI_wrt_ok                     
0000777d  cmd_help                        
00007845  __aeabi_dcmpeq                  
00007859  __aeabi_dcmplt                  
0000786d  __aeabi_dcmple                  
00007881  __aeabi_dcmpge                  
00007895  __aeabi_dcmpgt                  
000078a9  __aeabi_fcmpeq                  
000078bd  __aeabi_fcmplt                  
000078d1  __aeabi_fcmple                  
000078e5  __aeabi_fcmpge                  
000078f9  __aeabi_fcmpgt                  
0000790b  memset                          
0000796d  HOSTopen                        
000079cd  SYSCFG_DL_SPI_1_init            
00007a2d  DL_I2C_fillControllerTXFIFO     
00007a8d  SPI_Controller_Arm              
00007ae9  SYSCFG_DL_init                  
00007b45  frexp                           
00007b45  frexpl                          
00007ba1  MB85RS_ReadStatus               
00007bfd  HOSTread                        
00007c55  HOSTwrite                       
00007cad  LED_set_voltage                 
00007d05  LIS3DH_SetRange                 
00007d5d  RAK3172_UART_Handler            
00007db5  __TI_ltoa                       
00007e65  __aeabi_idiv                    
00007e65  __aeabi_idivmod                 
00007ebb  __TI_doflush                    
00007f61  close                           
00007fb1  DL_DMA_initChannel              
00007ffd  BQ27Z746_GetTempConfig          
00008049  __aeabi_d2iz                    
00008049  __fixdfsi                       
00008093  BQ27Z746_GetFETOptions          
000080dd  DL_UART_init                    
00008125  HOSTclose                       
0000816d  HOSTunlink                      
000081b5  LED_control_init                
000081fd  LTR329_ReadData                 
00008245  SYSCFG_DL_SYSCTL_init           
0000828d  strtok                          
000082d5  BQ27Z746_Seal                   
00008319  DL_SPI_init                     
0000835d  __aeabi_uidiv                   
0000835d  __aeabi_uidivmod                
0000839d  __aeabi_f2d                     
0000839d  __extendsfdf2                   
000083dd  atoi                            
0000841d  vsnprintf                       
0000845d  CLI_RegisterCommand             
00008499  DL_I2C_flushControllerTXFIFO    
000084d5  GROUP1_IRQHandler               
00008511  __aeabi_i2f                     
00008511  __floatsisf                     
0000854d  __gesf2                         
0000854d  __gtsf2                         
00008589  get_UART_buffer                 
000085c5  __TI_auto_init_nobinit_nopinit  
00008601  __cmpsf2                        
00008601  __eqsf2                         
00008601  __lesf2                         
00008601  __ltsf2                         
00008601  __nesf2                         
0000863d  __muldsi3                       
00008679  LED_flash_start                 
000086b1  __aeabi_f2iz                    
000086b1  __fixsfsi                       
000086e9  gauge_read                      
00008721  gauge_write                     
00008759  SPI1_IRQHandler                 
0000878d  __TI_cleanup                    
000087c1  __TI_readmsg                    
000087f5  __TI_writemsg                   
00008821  C$$IO$$                         
00008829  exit                            
0000885d  finddevice                      
00008891  ZDP323B_BuildConfigBytes        
000088c3  strstr                          
000088f5  DL_I2C_flushControllerRXFIFO    
00008925  DL_UART_transmitDataBlocking    
000089b5  gauge_cmd_read                  
000089e5  BQ27Z746_Init                   
00008a11  MB85RS_Init                     
00008a3d  SPI0_IRQHandler                 
00008a69  SPI_Memory_Init                 
00008a95  __aeabi_i2d                     
00008a95  __floatsidf                     
00008ac1  unlink                          
00008aed  __aeabi_ui2f                    
00008aed  __floatunsisf                   
00008b3d  lseek                           
00008b65  write                           
00008b8d  _c_int00_noargs                 
00008bb5  DL_I2C_setClockConfig           
00008bdb  strspn                          
00008c01  BQ25628E_ReadReg16              
00008c25  BQ25628E_ReadReg8               
00008c49  BQ25628E_WriteReg16             
00008c6d  SPI_Controller_Init             
00008c91  __aeabi_lmul                    
00008c91  __muldi3                        
00008cb5  strcspn                         
00008cd9  memccpy                         
00008cfd  BQ25628E_WriteReg8              
00008d1d  BQ27Z746_ReadInternalTemp_C     
00008d3d  BQ27Z746_ReadTemperature_C      
00008d5d  uart_init                       
00008d7d  BQ27Z746_MAC_Send               
00008d9d  __aeabi_llsl                    
00008d9d  __ashldi3                       
00008dbd  DL_Timer_setCaptCompUpdateMethod
00008dd9  DL_Timer_setClockConfig         
00008e11  i2c_init                        
00008e2d  DL_Timer_setCaptureCompareOutCtl
00008e45  SYSCFG_DL_DMA_CH0_init          
00008e5d  SYSCFG_DL_DMA_CH1_init          
00008e75  SYSCFG_DL_DMA_CH2_init          
00008e8d  SYSCFG_DL_DMA_CH3_init          
00008ea5  UART0_IRQHandler                
00008ed5  SYSCFG_DL_DMA_init              
00008ee9  __aeabi_uldivmod                
00008f11  DL_SPI_setClockConfig           
00008f23  DL_UART_setClockConfig          
00008f35  __TI_decompress_none            
00008f49  BQ27Z746_IsDischarging          
00008f59  BQ27Z746_IsFullyCharged         
00008f69  BQ27Z746_IsFullyDischarged      
00008f79  DL_Timer_setCaptureCompareValue 
00008f89  I2C0_IRQHandler                 
00008f99  I2C1_IRQHandler                 
00008fa9  LED_flash_stop                  
00008fb9  LED_get_current                 
00008fc9  SPI_Memory_CS_Deassert          
00008fd9  disable_led_boost               
00008fe9  enable_led_boost                
00008ff9  gauge_address                   
00009009  putchar                         
00009019  wcslen                          
00009029  __TI_zero_init                  
00009049  __aeabi_memset                  
00009049  __aeabi_memset4                 
00009049  __aeabi_memset8                 
00009081  BQ25628E_Get_IBAT_mA            
0000908d  BQ25628E_Get_IBUS_mA            
00009099  BQ25628E_Get_VBAT_mV            
000090a5  BQ25628E_Get_VBUS_mV            
000090b1  BQ25628E_Get_VSYS_mV            
000090bd  BQ27Z746_Get_AvgCurrent_mA      
000090c9  BQ27Z746_Get_AvgPower_mW        
000090d5  BQ27Z746_Get_BatteryStatus      
000090e1  BQ27Z746_Get_Current_mA         
000090ed  BQ27Z746_Get_CycleCount         
000090f9  BQ27Z746_Get_FullChargeCap_mAh  
00009105  BQ27Z746_Get_InternalTemp_C     
00009111  BQ27Z746_Get_RemainingCap_mAh   
0000911d  BQ27Z746_Get_SOC_pct            
00009129  BQ27Z746_Get_StateOfHealth_pct  
00009135  BQ27Z746_Get_Temperature_C      
00009141  BQ27Z746_Get_TimeToEmpty_min    
0000914d  BQ27Z746_Get_TimeToFull_min     
00009159  BQ27Z746_Get_Voltage_mV         
00009165  BQ27Z746_ReadAvgCurrent_mA      
00009171  BQ27Z746_ReadAvgPower_mW        
0000917d  BQ27Z746_ReadBatteryStatus      
00009189  BQ27Z746_ReadCurrent_mA         
00009195  BQ27Z746_ReadCycleCount         
000091a1  BQ27Z746_ReadFullChargeCap_mAh  
000091ad  BQ27Z746_ReadRemainingCap_mAh   
000091b9  BQ27Z746_ReadSOC_pct            
000091c5  BQ27Z746_ReadStateOfHealth_pct  
000091d1  BQ27Z746_ReadTimeToEmpty_min    
000091dd  BQ27Z746_ReadTimeToFull_min     
000091e9  BQ27Z746_ReadVoltage_mV         
000091f5  LED_get_voltage                 
00009201  SPI_Memory_CS_Assert            
0000920d  ZDP323B_MotionISR               
00009219  __aeabi_memclr                  
00009219  __aeabi_memclr4                 
00009219  __aeabi_memclr8                 
00009225  malloc                          
00009231  DL_Common_delayCycles           
0000927d  __aeabi_errno_addr              
00009285  __aeabi_memcpy                  
00009285  __aeabi_memcpy4                 
00009285  __aeabi_memcpy8                 
0000928d  fseek                           
00009295  remove                          
0000929d  abort                           
000092a2  C$$EXIT                         
000092a3  HOSTexit                        
000092a7  Reset_Handler                   
000092ab  _system_pre_init                
00009b70  __aeabi_ctype_table_            
00009b70  __aeabi_ctype_table_C           
0000c8b4  __TI_Handler_Table_Base         
0000c8c0  __TI_Handler_Table_Limit        
0000c8c8  __TI_CINIT_Base                 
0000c8d8  __TI_CINIT_Limit                
0000c8d8  __TI_CINIT_Warm                 
20200000  __start___llvm_prf_bits         
20200000  __start___llvm_prf_cnts         
20200000  __stop___llvm_prf_bits          
20200000  __stop___llvm_prf_cnts          
20200000  _sys_memory                     
20200800  _CIOBUF_                        
20200800  __CIOBUF_                       
20200b10  gBOOST_CONTROLBackup            
20200bcc  gFLASH_CONTROLBackup            
20200c88  __TI_tmpnams                    
20200d28  UART_Buffer                     
20200d68  gSPI_0Backup                    
20200d90  gSPI_1Backup                    
20200db8  gRxPacket                       
20200dda  gTxPacket                       
20200dfc  framSpi                         
20200e1c  stm32Spi                        
20200e38  gSPI_RxPacket                   
20200e48  gPIR                            
20200e54  parmbuf                         
20200e5c  fram                            
20200e68  gRxCount                        
20200e6c  gRxLen                          
20200e70  gTxCount                        
20200e74  gTxLen                          
20200e78  gI2cControllerStatus            
20200e7c  _ftable                         
20200f6c  output_currents_led_mA          
20201034  _device                         
202010ac  duty_cycles_led                 
2020110f  bq_monitor_active               
20201110  _stream                         
20201160  gSPI_TxPacket                   
20201170  gLTR329                         
2020117c  __TI_cleanup_ptr                
20201180  __TI_dtors_ptr                  
20201184  gLIS3DH                         
2020118c  __TI_ft_end                     
20201190  __aeabi_errno                   
20201194  _lock                           
20201198  _unlock                         
202011a4  led_channel                     
202011a8  monitor_rate                    
202011cc  global_led_voltage              
202011d0  char_index                      
202011d1  data_received                   
202011d3  gauge_monitor_active            
202011d5  hall_monitor_active             
202011d7  lis_monitor_active              
202011d8  ltr_monitor_active              
202011d9  pir_monitor_active              
20207e00  __stack                         
20208000  __STACK_END                     
ffffffff  __TI_pprof_out_hndl             
ffffffff  __TI_prof_data_size             
ffffffff  __TI_prof_data_start            
ffffffff  __binit__                       
ffffffff  binit                           
UNDEFED   __mpu_init                      
UNDEFED   _system_post_cinit              

[408 symbols]
