******************************************************************************
            TI ARM Clang Linker PC v4.0.4                      
******************************************************************************
>> Linked Fri Mar 13 08:37:34 2026

OUTPUT FILE NAME:   <HW_SW_interface_CCS.out>
ENTRY POINT SYMBOL: "_c_int00_noargs"  address: 000061e9


MEMORY CONFIGURATION

         name            origin    length      used     unused   attr    fill
----------------------  --------  ---------  --------  --------  ----  --------
  FLASH                 00000000   00020000  000089b8  00017648  R  X
  SRAM                  20200000   00008000  000003fb  00007c05  RW X
  BCR_CONFIG            41c00000   000000ff  00000000  000000ff  R   
  BSL_CONFIG            41c00100   00000080  00000000  00000080  R   


SEGMENT ALLOCATION MAP

run origin  load origin   length   init length attrs members
----------  ----------- ---------- ----------- ----- -------
00000000    00000000    000089b8   000089b8    r-x
  00000000    00000000    000000c0   000000c0    r-- .intvecs
  000000c0    000000c0    00006740   00006740    r-x .text
  00006800    00006800    00002170   00002170    r-- .rodata
  00008970    00008970    00000048   00000048    r-- .cinit
20200000    20200000    000001fe   00000000    rw-
  20200000    20200000    000001b1   00000000    rw- .bss
  202001b4    202001b4    0000004a   00000000    rw- .data
20207e00    20207e00    00000200   00000000    rw-
  20207e00    20207e00    00000200   00000000    rw- .stack


SECTION ALLOCATION MAP

 output                                  attributes/
section   page    origin      length       input sections
--------  ----  ----------  ----------   ----------------
.intvecs   0    00000000    000000c0     
                  00000000    000000c0     startup_mspm0g350x_ticlang.o (.intvecs)

.text      0    000000c0    00006740     
                  000000c0    000009d0     libc.a : _printfi.c.obj (.text:__TI_printfi)
                  00000a90    000007ac     functions.o (.text.cmd_gauge)
                  0000123c    00000580     functions.o (.text.cmd_fram)
                  000017bc    000003ec     main.o (.text.main)
                  00001ba8    000003e4     functions.o (.text.cmd_bq)
                  00001f8c    00000344     uart.o (.text.CLI_ProcessInput)
                  000022d0    00000220     libc.a : _printfi.c.obj (.text._pconv_a)
                  000024f0    000001dc            : _printfi.c.obj (.text._pconv_g)
                  000026cc    000001d4     i2c.o (.text.I2C_ReadDevice)
                  000028a0    000001c0     functions.o (.text.cmd_i2cscan)
                  00002a60    00000192     libclang_rt.builtins.a : adddf3.S.obj (.text.adddf3_subdf3)
                  00002bf2    00000002     startup_mspm0g350x_ticlang.o (.text.Default_Handler)
                  00002bf4    0000016c     functions.o (.text.cmd_spi)
                  00002d60    00000144     libc.a : strtol.c.obj (.text.strtol)
                  00002ea4    0000013c            : _printfi.c.obj (.text.fcvt)
                  00002fe0    00000138     i2c.o (.text.I2C_WriteDevice)
                  00003118    00000138     mb85rs.o (.text.MB85RS_Write)
                  00003250    00000120     libc.a : _printfi.c.obj (.text._pconv_e)
                  00003370    00000114     ti_msp_dl_config.o (.text.SYSCFG_DL_GPIO_init)
                  00003484    00000110     BQ27Z7_functions.o (.text.BQ27Z746_SetUTFET_Direct)
                  00003594    0000010c     BQ27Z7_functions.o (.text.BQ27Z746_SetTempSensorConfig)
                  000036a0    0000010c     spi_mem.o (.text.SPI_Memory_Wait)
                  000037ac    0000010c     libclang_rt.builtins.a : divdf3.S.obj (.text.__divdf3)
                  000038b8    00000100     BQ27Z7_functions.o (.text.BQ27Z746_GetSecurityMode)
                  000039b8    00000100     BQ27Z7_functions.o (.text.BQ27Z746_UpdateTelemetry)
                  00003ab8    000000fc     BQ25628_functions.o (.text.BQ25628E_UpdateTelemetry)
                  00003bb4    000000fc     driverlib.a : dl_timer.o (.text.DL_Timer_initTimerMode)
                  00003cb0    000000f0     BQ25628_functions.o (.text.BQ25628E_Init_Default)
                  00003da0    000000f0     functions.o (.text.cmd_pwr)
                  00003e90    000000ec     BQ27Z7_functions.o (.text.BQ27Z746_GetChargingStatus)
                  00003f7c    000000e4     i2c.o (.text.I2C_TryAddress)
                  00004060    000000e4     libclang_rt.builtins.a : muldf3.S.obj (.text.__muldf3)
                  00004144    000000de     BQ27Z7_functions.o (.text.BQ27Z746_GetDeviceType)
                  00004222    000000dc     BQ27Z7_functions.o (.text.BQ27Z746_GetChemID)
                  000042fe    000000dc     BQ27Z7_functions.o (.text.BQ27Z746_GetOperationStatus)
                  000043da    000000dc     BQ27Z7_functions.o (.text.BQ27Z746_GetSafetyStatus)
                  000044b6    000000d8     BQ27Z7_functions.o (.text.BQ27Z746_GetFirmwareVersion)
                  0000458e    000000d8     BQ27Z7_functions.o (.text.BQ27Z746_MAC_Read)
                  00004666    00000002     libclang_rt.builtins.a : aeabi_div0.c.obj (.text.__aeabi_idiv0)
                  00004668    000000d8     libc.a : s_scalbn.c.obj (.text.scalbn)
                  00004740    000000d8     libclang_rt.builtins.a : addsf3.S.obj (.text)
                  00004818    000000d0     functions.o (.text.cmd_hall)
                  000048e8    000000bc     i2c.o (.text.Shared_I2C_IRQHandler)
                  000049a4    000000b8     mb85rs.o (.text.MB85RS_Read)
                  00004a5c    000000ac     uart.o (.text.UARTReceive)
                  00004b08    000000a2     libclang_rt.builtins.a : udivmoddi4.S.obj (.text)
                  00004baa    0000009a     libc.a : memcpy16.S.obj (.text:memcpy)
                  00004c44    00000090     spi_mem.o (.text.SPI_Memory_Arm)
                  00004cd4    0000008c     libclang_rt.builtins.a : mulsf3.S.obj (.text.__mulsf3)
                  00004d60    0000008c     libc.a : s_floorf.c.obj (.text.floorf)
                  00004dec    00000004     libsysbm.a : hostexit.c.obj (.text.HOSTexit)
                  00004df0    00000088     libc.a : strcmp-armv6m.S.obj (.text:strcmp)
                  00004e78    00000080     mb85rs.o (.text.MB85RS_ReadID)
                  00004ef8    0000007c     ti_msp_dl_config.o (.text.SYSCFG_DL_initPower)
                  00004f74    0000007c     libc.a : copy_decompress_lzss.c.obj (.text:decompress:lzss)
                  00004ff0    0000007a     BQ27Z7_functions.o (.text.BQ27Z746_Unseal)
                  0000506a    00000002     libclang_rt.builtins.a : aeabi_div0.c.obj (.text.__aeabi_ldiv0)
                  0000506c    00000078     uart.o (.text.uart_printf)
                  000050e4    00000074     libclang_rt.builtins.a : comparedf2.c.obj (.text.__gedf2)
                  00005158    00000070     ti_msp_dl_config.o (.text.SYSCFG_DL_UART_0_init)
                  000051c8    00000068     uart.o (.text.CLI_Tokenize)
                  00005230    00000068     ti_msp_dl_config.o (.text.SYSCFG_DL_I2C_0_init)
                  00005298    00000068     ti_msp_dl_config.o (.text.SYSCFG_DL_I2C_1_init)
                  00005300    00000068     libclang_rt.builtins.a : comparedf2.c.obj (.text.__ledf2)
                  00005368    00000068     libc.a : s_roundf.c.obj (.text.roundf)
                  000053d0    00000066            : _printfi.c.obj (.text._mcpy)
                  00005436    00000002     --HOLE-- [fill = 0]
                  00005438    00000064     ti_msp_dl_config.o (.text.SYSCFG_DL_SPI_0_init)
                  0000549c    00000064     uart.o (.text.cmd_help)
                  00005500    00000062     libclang_rt.builtins.a : aeabi_dcmp.S.obj (.text.__aeabi_dcmp)
                  00005562    00000002     --HOLE-- [fill = 0]
                  00005564    00000062                            : aeabi_fcmp.S.obj (.text.__aeabi_fcmp)
                  000055c6    00000062     libc.a : memset16.S.obj (.text:memset)
                  00005628    00000060     ti_msp_dl_config.o (.text.SYSCFG_DL_MCU_UART_1_init)
                  00005688    00000060     ti_msp_dl_config.o (.text.SYSCFG_DL_SPI_1_init)
                  000056e8    0000005e     driverlib.a : dl_i2c.o (.text.DL_I2C_fillControllerTXFIFO)
                  00005746    00000002     --HOLE-- [fill = 0]
                  00005748    0000005c     spi_master.o (.text.SPI_Controller_Arm)
                  000057a4    0000005c     libc.a : s_frexp.c.obj (.text.frexp)
                  00005800    0000005a     mb85rs.o (.text.MB85RS_ReadStatus)
                  0000585a    00000058     libc.a : _ltoa.c.obj (.text.__TI_ltoa)
                  000058b2    00000058            : _printfi.c.obj (.text._pconv_f)
                  0000590a    00000002     --HOLE-- [fill = 0]
                  0000590c    00000056     libclang_rt.builtins.a : aeabi_idivmod.S.obj (.text.__aeabi_idivmod)
                  00005962    00000052     libc.a : _printfi.c.obj (.text._ecpy)
                  000059b4    0000004c     driverlib.a : dl_dma.o (.text.DL_DMA_initChannel)
                  00005a00    0000004a     BQ27Z7_functions.o (.text.BQ27Z746_GetTempConfig)
                  00005a4a    00000002     --HOLE-- [fill = 0]
                  00005a4c    0000004a     libclang_rt.builtins.a : fixdfsi.S.obj (.text.__fixdfsi)
                  00005a96    00000048     BQ27Z7_functions.o (.text.BQ27Z746_GetFETOptions)
                  00005ade    00000002     --HOLE-- [fill = 0]
                  00005ae0    00000048     driverlib.a : dl_uart.o (.text.DL_UART_init)
                  00005b28    00000048     libc.a : strtok.c.obj (.text.strtok)
                  00005b70    00000044     BQ27Z7_functions.o (.text.BQ27Z746_Seal)
                  00005bb4    00000044     driverlib.a : dl_spi.o (.text.DL_SPI_init)
                  00005bf8    00000044     ti_msp_dl_config.o (.text.SYSCFG_DL_init)
                  00005c3c    00000040     ti_msp_dl_config.o (.text.SYSCFG_DL_SYSCTL_init)
                  00005c7c    00000040     libclang_rt.builtins.a : aeabi_uidivmod.S.obj (.text.__aeabi_uidivmod)
                  00005cbc    00000040     libc.a : atoi.c.obj (.text.atoi)
                  00005cfc    00000040            : vsnprintf.c.obj (.text.vsnprintf)
                  00005d3c    0000003c     uart.o (.text.CLI_RegisterCommand)
                  00005d78    0000003c     driverlib.a : dl_i2c.o (.text.DL_I2C_flushControllerTXFIFO)
                  00005db4    0000003c     libclang_rt.builtins.a : comparesf2.S.obj (.text.__gtsf2)
                  00005df0    0000003c     uart.o (.text.get_UART_buffer)
                  00005e2c    0000003c     libc.a : autoinit.c.obj (.text:__TI_auto_init_nobinit_nopinit)
                  00005e68    0000003a     libclang_rt.builtins.a : comparesf2.S.obj (.text.__eqsf2)
                  00005ea2    00000002     --HOLE-- [fill = 0]
                  00005ea4    0000003a                            : muldsi3.S.obj (.text.__muldsi3)
                  00005ede    00000002     --HOLE-- [fill = 0]
                  00005ee0    00000038     ti_msp_dl_config.o (.text.SYSCFG_DL_TIMER_0_init)
                  00005f18    00000038     libclang_rt.builtins.a : fixsfsi.S.obj (.text.__fixsfsi)
                  00005f50    00000038     gauge.o (.text.gauge_read)
                  00005f88    00000038     gauge.o (.text.gauge_write)
                  00005fc0    00000034     spi_master.o (.text.SPI1_IRQHandler)
                  00005ff4    00000030     driverlib.a : dl_i2c.o (.text.DL_I2C_flushControllerRXFIFO)
                  00006024    00000030                 : dl_uart.o (.text.DL_UART_transmitDataBlocking)
                  00006054    00000030     libc.a : _printfi.c.obj (.text._fcpy)
                  00006084    00000030            : vsnprintf.c.obj (.text._outs)
                  000060b4    00000030     gauge.o (.text.gauge_cmd_read)
                  000060e4    0000002c     BQ27Z7_functions.o (.text.BQ27Z746_Init)
                  00006110    0000002c     mb85rs.o (.text.MB85RS_Init)
                  0000613c    0000002c     spi_mem.o (.text.SPI0_IRQHandler)
                  00006168    0000002c     spi_mem.o (.text.SPI_Memory_Init)
                  00006194    0000002c     libclang_rt.builtins.a : floatsidf.S.obj (.text.__floatsidf)
                  000061c0    00000028                            : floatunsisf.S.obj (.text.__floatunsisf)
                  000061e8    00000028     libc.a : boot_cortex_m.c.obj (.text:_c_int00_noargs)
                  00006210    00000026     driverlib.a : dl_i2c.o (.text.DL_I2C_setClockConfig)
                  00006236    00000026     libc.a : strspn.c.obj (.text.strspn)
                  0000625c    00000024     BQ25628_functions.o (.text.BQ25628E_ReadReg16)
                  00006280    00000024     BQ25628_functions.o (.text.BQ25628E_ReadReg8)
                  000062a4    00000024     BQ25628_functions.o (.text.BQ25628E_WriteReg16)
                  000062c8    00000024     spi_master.o (.text.SPI_Controller_Init)
                  000062ec    00000024     libclang_rt.builtins.a : muldi3.S.obj (.text.__muldi3)
                  00006310    00000024     libc.a : strcspn.c.obj (.text.strcspn)
                  00006334    00000022            : memccpy.c.obj (.text.memccpy)
                  00006356    00000002     --HOLE-- [fill = 0]
                  00006358    00000020     BQ25628_functions.o (.text.BQ25628E_WriteReg8)
                  00006378    00000020     BQ27Z7_functions.o (.text.BQ27Z746_ReadInternalTemp_C)
                  00006398    00000020     BQ27Z7_functions.o (.text.BQ27Z746_ReadTemperature_C)
                  000063b8    00000020     uart.o (.text.uart_init)
                  000063d8    0000001e     BQ27Z7_functions.o (.text.BQ27Z746_MAC_Send)
                  000063f6    00000002     --HOLE-- [fill = 0]
                  000063f8    0000001e     libclang_rt.builtins.a : ashldi3.S.obj (.text.__ashldi3)
                  00006416    00000002     --HOLE-- [fill = 0]
                  00006418    0000001c     driverlib.a : dl_timer.o (.text.DL_Timer_setClockConfig)
                  00006434    0000001c     i2c.o (.text.i2c_init)
                  00006450    00000018     ti_msp_dl_config.o (.text.SYSCFG_DL_DMA_CH0_init)
                  00006468    00000018     ti_msp_dl_config.o (.text.SYSCFG_DL_DMA_CH1_init)
                  00006480    00000018     ti_msp_dl_config.o (.text.SYSCFG_DL_DMA_CH2_init)
                  00006498    00000018     ti_msp_dl_config.o (.text.SYSCFG_DL_DMA_CH3_init)
                  000064b0    00000018     main.o (.text.UART0_IRQHandler)
                  000064c8    00000018     libc.a : vsnprintf.c.obj (.text._outc)
                  000064e0    00000016            : copy_zero_init.c.obj (.text:decompress:ZI:__TI_zero_init_nomemset)
                  000064f6    00000014     ti_msp_dl_config.o (.text.SYSCFG_DL_DMA_init)
                  0000650a    00000002     --HOLE-- [fill = 0]
                  0000650c    00000014     libclang_rt.builtins.a : aeabi_uldivmod.S.obj (.text.__aeabi_uldivmod)
                  00006520    00000014     libc.a : _printfi.c.obj (.text.strchr)
                  00006534    00000012     driverlib.a : dl_spi.o (.text.DL_SPI_setClockConfig)
                  00006546    00000012                 : dl_uart.o (.text.DL_UART_setClockConfig)
                  00006558    00000012     libc.a : copy_decompress_none.c.obj (.text:decompress:none)
                  0000656a    00000002     --HOLE-- [fill = 0]
                  0000656c    00000010     BQ27Z7_functions.o (.text.BQ27Z746_IsDischarging)
                  0000657c    00000010     BQ27Z7_functions.o (.text.BQ27Z746_IsFullyCharged)
                  0000658c    00000010     BQ27Z7_functions.o (.text.BQ27Z746_IsFullyDischarged)
                  0000659c    00000010     i2c.o (.text.I2C0_IRQHandler)
                  000065ac    00000010     i2c.o (.text.I2C1_IRQHandler)
                  000065bc    00000010     spi_mem.o (.text.SPI_Memory_CS_Deassert)
                  000065cc    00000010     gauge.o (.text.gauge_address)
                  000065dc    00000010     libc.a : wcslen.c.obj (.text.wcslen)
                  000065ec    0000000e     libclang_rt.builtins.a : aeabi_memset.S.obj (.text.__aeabi_memset)
                  000065fa    0000000e     libc.a : _printfi.c.obj (.text.strlen)
                  00006608    0000000c     BQ25628_functions.o (.text.BQ25628E_Get_IBAT_mA)
                  00006614    0000000c     BQ25628_functions.o (.text.BQ25628E_Get_IBUS_mA)
                  00006620    0000000c     BQ25628_functions.o (.text.BQ25628E_Get_VBAT_mV)
                  0000662c    0000000c     BQ25628_functions.o (.text.BQ25628E_Get_VBUS_mV)
                  00006638    0000000c     BQ25628_functions.o (.text.BQ25628E_Get_VSYS_mV)
                  00006644    0000000c     BQ27Z7_functions.o (.text.BQ27Z746_Get_AvgCurrent_mA)
                  00006650    0000000c     BQ27Z7_functions.o (.text.BQ27Z746_Get_AvgPower_mW)
                  0000665c    0000000c     BQ27Z7_functions.o (.text.BQ27Z746_Get_BatteryStatus)
                  00006668    0000000c     BQ27Z7_functions.o (.text.BQ27Z746_Get_Current_mA)
                  00006674    0000000c     BQ27Z7_functions.o (.text.BQ27Z746_Get_CycleCount)
                  00006680    0000000c     BQ27Z7_functions.o (.text.BQ27Z746_Get_FullChargeCap_mAh)
                  0000668c    0000000c     BQ27Z7_functions.o (.text.BQ27Z746_Get_InternalTemp_C)
                  00006698    0000000c     BQ27Z7_functions.o (.text.BQ27Z746_Get_RemainingCap_mAh)
                  000066a4    0000000c     BQ27Z7_functions.o (.text.BQ27Z746_Get_SOC_pct)
                  000066b0    0000000c     BQ27Z7_functions.o (.text.BQ27Z746_Get_StateOfHealth_pct)
                  000066bc    0000000c     BQ27Z7_functions.o (.text.BQ27Z746_Get_Temperature_C)
                  000066c8    0000000c     BQ27Z7_functions.o (.text.BQ27Z746_Get_TimeToEmpty_min)
                  000066d4    0000000c     BQ27Z7_functions.o (.text.BQ27Z746_Get_TimeToFull_min)
                  000066e0    0000000c     BQ27Z7_functions.o (.text.BQ27Z746_Get_Voltage_mV)
                  000066ec    0000000c     BQ27Z7_functions.o (.text.BQ27Z746_ReadAvgCurrent_mA)
                  000066f8    0000000c     BQ27Z7_functions.o (.text.BQ27Z746_ReadAvgPower_mW)
                  00006704    0000000c     BQ27Z7_functions.o (.text.BQ27Z746_ReadBatteryStatus)
                  00006710    0000000c     BQ27Z7_functions.o (.text.BQ27Z746_ReadCurrent_mA)
                  0000671c    0000000c     BQ27Z7_functions.o (.text.BQ27Z746_ReadCycleCount)
                  00006728    0000000c     BQ27Z7_functions.o (.text.BQ27Z746_ReadFullChargeCap_mAh)
                  00006734    0000000c     BQ27Z7_functions.o (.text.BQ27Z746_ReadRemainingCap_mAh)
                  00006740    0000000c     BQ27Z7_functions.o (.text.BQ27Z746_ReadSOC_pct)
                  0000674c    0000000c     BQ27Z7_functions.o (.text.BQ27Z746_ReadStateOfHealth_pct)
                  00006758    0000000c     BQ27Z7_functions.o (.text.BQ27Z746_ReadTimeToEmpty_min)
                  00006764    0000000c     BQ27Z7_functions.o (.text.BQ27Z746_ReadTimeToFull_min)
                  00006770    0000000c     BQ27Z7_functions.o (.text.BQ27Z746_ReadVoltage_mV)
                  0000677c    0000000c     spi_mem.o (.text.SPI_Memory_CS_Assert)
                  00006788    0000000c     libclang_rt.builtins.a : aeabi_memset.S.obj (.text.__aeabi_memclr)
                  00006794    0000000a     driverlib.a : dl_common.o (.text.DL_Common_delayCycles)
                  0000679e    0000000a     libc.a : _printfi.c.obj (.text.OUTLINED_FUNCTION_0)
                  000067a8    00000010     libclang_rt.builtins.a : adddf3.S.obj (.tramp.__aeabi_dsub.1)
                  000067b8    0000000a     libc.a : s_roundf.c.obj (.text.OUTLINED_FUNCTION_0)
                  000067c2    00000002     --HOLE-- [fill = 0]
                  000067c4    00000010     libclang_rt.builtins.a : addsf3.S.obj (.tramp.__aeabi_fadd.1)
                  000067d4    0000000a     libc.a : _printfi.c.obj (.text.OUTLINED_FUNCTION_1)
                  000067de    00000002     --HOLE-- [fill = 0]
                  000067e0    00000008            : aeabi_portable.c.obj (.text.__aeabi_errno_addr)
                  000067e8    00000008     libclang_rt.builtins.a : aeabi_memcpy.S.obj (.text.__aeabi_memcpy)
                  000067f0    00000006     libc.a : exit.c.obj (.text:abort)
                  000067f6    00000004     startup_mspm0g350x_ticlang.o (.text.Reset_Handler)
                  000067fa    00000004     libc.a : pre_init.c.obj (.text._system_pre_init)
                  000067fe    00000002     --HOLE-- [fill = 0]

.cinit     0    00008970    00000048     
                  00008970    00000024     (.cinit..data.load) [load image, compression = lzss]
                  00008994    0000000c     (__TI_handler_table)
                  000089a0    00000008     (.cinit..bss.load) [load image, compression = zero_init]
                  000089a8    00000010     (__TI_cinit_table)

.rodata    0    00006800    00002170     
                  00006800    000002ec     functions.o (.rodata.str1.14660004578859228044.1)
                  00006aec    000001da     functions.o (.rodata.str1.17600609178903569978.1)
                  00006cc6    00000131     functions.o (.rodata.str1.14424774467072349609.1)
                  00006df7    00000009     main.o (.rodata.str1.10720410773482754683.1)
                  00006e00    00000101     libc.a : aeabi_ctype.S.obj (.rodata:__aeabi_ctype_table_)
                  00006f01    000000af     functions.o (.rodata.str1.10105263805998509149.1)
                  00006fb0    00000046     functions.o (.rodata.str1.14754684760099289372.1)
                  00006ff6    00000041     functions.o (.rodata.str1.2344728598999326712.1)
                  00007037    0000003c     functions.o (.rodata.str1.6596733414268854495.1)
                  00007073    0000003b     functions.o (.rodata.str1.13405053720543497480.1)
                  000070ae    0000003b     main.o (.rodata.str1.7784929982665794503.1)
                  000070e9    0000003a     functions.o (.rodata.str1.13647871663007229205.1)
                  00007123    00000036     functions.o (.rodata.str1.11740181311745255940.1)
                  00007159    00000034     functions.o (.rodata.str1.11489194655681450928.1)
                  0000718d    00000034     functions.o (.rodata.str1.13869735989619804122.1)
                  000071c1    00000033     functions.o (.rodata.str1.14425403555696131028.1)
                  000071f4    00000031     functions.o (.rodata.str1.11371842499512143921.1)
                  00007225    00000031     main.o (.rodata.str1.16265332423659789559.1)
                  00007256    00000030     main.o (.rodata.str1.1311392489248731986.1)
                  00007286    0000002f     functions.o (.rodata.str1.11510568493784519380.1)
                  000072b5    0000002f     main.o (.rodata.str1.18227636981041470289.1)
                  000072e4    0000002d     functions.o (.rodata.str1.13361924668150654931.1)
                  00007311    0000002d     functions.o (.rodata.str1.13786467237224150958.1)
                  0000733e    0000002d     functions.o (.rodata.str1.15871961652988661611.1)
                  0000736b    0000002d     functions.o (.rodata.str1.17873271132953962449.1)
                  00007398    0000002d     functions.o (.rodata.str1.303947978237559523.1)
                  000073c5    0000002c     main.o (.rodata.str1.2563708670032483588.1)
                  000073f1    0000002a     functions.o (.rodata.str1.11852899632267644254.1)
                  0000741b    0000002a     functions.o (.rodata.str1.13933329845969146692.1)
                  00007445    0000002a     functions.o (.rodata.str1.17242831494859343374.1)
                  0000746f    00000029     functions.o (.rodata.str1.14212890215622683485.1)
                  00007498    00000028     functions.o (.rodata.str1.13707145581914847747.1)
                  000074c0    00000027     functions.o (.rodata.str1.7085808795165203043.1)
                  000074e7    00000027     main.o (.rodata.str1.9059077390166914652.1)
                  0000750e    00000026     functions.o (.rodata.str1.11596568296542930794.1)
                  00007534    00000026     functions.o (.rodata.str1.312031595841812858.1)
                  0000755a    00000026     main.o (.rodata.str1.403738606202455663.1)
                  00007580    00000025     main.o (.rodata.str1.11870794119293528247.1)
                  000075a5    00000025     functions.o (.rodata.str1.5196872854305757230.1)
                  000075ca    00000024     main.o (.rodata.str1.13030671760666898970.1)
                  000075ee    00000024     main.o (.rodata.str1.16302215771116645891.1)
                  00007612    00000024     functions.o (.rodata.str1.2298903785866919411.1)
                  00007636    00000024     functions.o (.rodata.str1.831622212789273363.1)
                  0000765a    00000023     main.o (.rodata.str1.14402440632258215044.1)
                  0000767d    00000023     uart.o (.rodata.str1.14464947116831474962.1)
                  000076a0    00000023     functions.o (.rodata.str1.3739636256912452571.1)
                  000076c3    00000023     functions.o (.rodata.str1.4088760258362988122.1)
                  000076e6    00000023     functions.o (.rodata.str1.7723146404961276984.1)
                  00007709    00000022     functions.o (.rodata.str1.10930655922842606279.1)
                  0000772b    00000022     functions.o (.rodata.str1.11373607083750233779.1)
                  0000774d    00000022     functions.o (.rodata.str1.11403685632016021771.1)
                  0000776f    00000022     main.o (.rodata.str1.13288086030101331538.1)
                  00007791    00000022     functions.o (.rodata.str1.16614484817706633923.1)
                  000077b3    00000022     main.o (.rodata.str1.17770841602246103764.1)
                  000077d5    00000022     functions.o (.rodata.str1.2190941444116491765.1)
                  000077f7    00000022     functions.o (.rodata.str1.2305192595417680505.1)
                  00007819    00000022     main.o (.rodata.str1.5043408953494467246.1)
                  0000783b    00000022     functions.o (.rodata.str1.8841248051089024616.1)
                  0000785d    00000021     functions.o (.rodata.str1.10302267126528799586.1)
                  0000787e    00000021     functions.o (.rodata.str1.11345522308171243087.1)
                  0000789f    00000021     functions.o (.rodata.str1.12250083639950253671.1)
                  000078c0    00000021     functions.o (.rodata.str1.16726128468901222387.1)
                  000078e1    00000021     functions.o (.rodata.str1.17004305802620412261.1)
                  00007902    00000021     functions.o (.rodata.str1.18169768820860067831.1)
                  00007923    00000021     functions.o (.rodata.str1.2216088936736676215.1)
                  00007944    00000021     functions.o (.rodata.str1.2654337880733388962.1)
                  00007965    00000021     functions.o (.rodata.str1.3098115528246613681.1)
                  00007986    00000021     functions.o (.rodata.str1.3322434249706281543.1)
                  000079a7    00000021     functions.o (.rodata.str1.4531601087117612729.1)
                  000079c8    00000021     functions.o (.rodata.str1.455706336395187257.1)
                  000079e9    00000021     functions.o (.rodata.str1.8430466031500812981.1)
                  00007a0a    00000020     functions.o (.rodata.str1.10387253022637546114.1)
                  00007a2a    00000020     functions.o (.rodata.str1.10868672936327135180.1)
                  00007a4a    00000020     functions.o (.rodata.str1.11488970495173820783.1)
                  00007a6a    00000020     functions.o (.rodata.str1.14247832736261690914.1)
                  00007a8a    00000020     functions.o (.rodata.str1.16499007181999684178.1)
                  00007aaa    00000020     functions.o (.rodata.str1.16985884696085998545.1)
                  00007aca    00000020     functions.o (.rodata.str1.17954340015018547257.1)
                  00007aea    00000020     functions.o (.rodata.str1.1879081474855052955.1)
                  00007b0a    00000020     functions.o (.rodata.str1.2347775125427912132.1)
                  00007b2a    00000020     functions.o (.rodata.str1.2989574447005584482.1)
                  00007b4a    00000020     main.o (.rodata.str1.6554448696319176064.1)
                  00007b6a    00000020     functions.o (.rodata.str1.9506313465773766142.1)
                  00007b8a    0000001f     functions.o (.rodata.str1.11517924573668616356.1)
                  00007ba9    0000001f     functions.o (.rodata.str1.12247701732483370762.1)
                  00007bc8    0000001f     functions.o (.rodata.str1.13529407018213730301.1)
                  00007be7    0000001f     main.o (.rodata.str1.14112174005742061988.1)
                  00007c06    0000001f     functions.o (.rodata.str1.2618360898605671341.1)
                  00007c25    0000001f     functions.o (.rodata.str1.3741468063811768988.1)
                  00007c44    0000001f     functions.o (.rodata.str1.5685701548624197313.1)
                  00007c63    0000001f     functions.o (.rodata.str1.7213520456192855849.1)
                  00007c82    0000001f     functions.o (.rodata.str1.7261598007108977983.1)
                  00007ca1    0000001f     functions.o (.rodata.str1.7667325258934765219.1)
                  00007cc0    0000001f     functions.o (.rodata.str1.963556741755692615.1)
                  00007cdf    0000001e     functions.o (.rodata.str1.11548324711019379123.1)
                  00007cfd    0000001e     functions.o (.rodata.str1.13258710136769708401.1)
                  00007d1b    0000001e     functions.o (.rodata.str1.15416425971347363818.1)
                  00007d39    0000001e     functions.o (.rodata.str1.17124744513834159004.1)
                  00007d57    0000001e     functions.o (.rodata.str1.2132137826339264873.1)
                  00007d75    0000001e     functions.o (.rodata.str1.2153166669032916089.1)
                  00007d93    0000001e     functions.o (.rodata.str1.8276779995786722914.1)
                  00007db1    0000001e     functions.o (.rodata.str1.9393216526452698668.1)
                  00007dcf    0000001e     functions.o (.rodata.str1.9629253951102113371.1)
                  00007ded    0000001d     functions.o (.rodata.str1.10029850049327752681.1)
                  00007e0a    0000001d     functions.o (.rodata.str1.12122565456592184258.1)
                  00007e27    0000001d     functions.o (.rodata.str1.1787322033648190911.1)
                  00007e44    0000001d     functions.o (.rodata.str1.67103668184455600.1)
                  00007e61    0000001c     functions.o (.rodata.str1.11158820112163685190.1)
                  00007e7d    0000001c     main.o (.rodata.str1.12180500075719773345.1)
                  00007e99    0000001c     functions.o (.rodata.str1.14504089057119714207.1)
                  00007eb5    0000001c     functions.o (.rodata.str1.17112998893623131760.1)
                  00007ed1    0000001c     functions.o (.rodata.str1.17418132220924322792.1)
                  00007eed    0000001c     functions.o (.rodata.str1.2090735207208419621.1)
                  00007f09    0000001c     functions.o (.rodata.str1.823074591787180899.1)
                  00007f25    0000001b     functions.o (.rodata.str1.12869987097872302101.1)
                  00007f40    0000001b     functions.o (.rodata.str1.13213250456124221025.1)
                  00007f5b    0000001b     functions.o (.rodata.str1.15241132200125037881.1)
                  00007f76    0000001b     functions.o (.rodata.str1.17669684748118727147.1)
                  00007f91    0000001b     functions.o (.rodata.str1.4198453541086758413.1)
                  00007fac    0000001b     functions.o (.rodata.str1.504123949362312185.1)
                  00007fc7    0000001b     functions.o (.rodata.str1.6579945242302544448.1)
                  00007fe2    0000001b     functions.o (.rodata.str1.6954128830300373732.1)
                  00007ffd    0000001b     functions.o (.rodata.str1.771275161403278999.1)
                  00008018    0000001b     functions.o (.rodata.str1.9586352787182320994.1)
                  00008033    0000001a     main.o (.rodata.str1.10313062130652730376.1)
                  0000804d    0000001a     functions.o (.rodata.str1.10394495994740858438.1)
                  00008067    0000001a     functions.o (.rodata.str1.11584461607463951922.1)
                  00008081    0000001a     functions.o (.rodata.str1.11621569494667626893.1)
                  0000809b    0000001a     functions.o (.rodata.str1.12609848238114409581.1)
                  000080b5    0000001a     functions.o (.rodata.str1.13060549876486072544.1)
                  000080cf    0000001a     functions.o (.rodata.str1.15914577833492633752.1)
                  000080e9    0000001a     functions.o (.rodata.str1.2872345601479061820.1)
                  00008103    0000001a     functions.o (.rodata.str1.976629323795015702.1)
                  0000811d    0000001a     functions.o (.rodata.str1.9987864939932165754.1)
                  00008137    00000019     functions.o (.rodata.str1.2006883888705870762.1)
                  00008150    00000019     main.o (.rodata.str1.2763581881760962609.1)
                  00008169    00000019     functions.o (.rodata.str1.9504405780896684869.1)
                  00008182    00000002     ti_msp_dl_config.o (.rodata.gI2C_0ClockConfig)
                  00008184    00000018     ti_msp_dl_config.o (.rodata.gDMA_CH0Config)
                  0000819c    00000018     ti_msp_dl_config.o (.rodata.gDMA_CH1Config)
                  000081b4    00000018     ti_msp_dl_config.o (.rodata.gDMA_CH2Config)
                  000081cc    00000018     ti_msp_dl_config.o (.rodata.gDMA_CH3Config)
                  000081e4    00000018     functions.o (.rodata.str1.14826907694073300720.1)
                  000081fc    00000018     functions.o (.rodata.str1.15647711897633472048.1)
                  00008214    00000018     functions.o (.rodata.str1.3544098629501009633.1)
                  0000822c    00000018     functions.o (.rodata.str1.4307635291288551838.1)
                  00008244    00000018     functions.o (.rodata.str1.5556253844797924259.1)
                  0000825c    00000018     main.o (.rodata.str1.8154729771448623357.1)
                  00008274    00000017     functions.o (.rodata.str1.11087625087312282266.1)
                  0000828b    00000017     functions.o (.rodata.str1.13497160822588500659.1)
                  000082a2    00000017     functions.o (.rodata.str1.15981603964029308583.1)
                  000082b9    00000017     functions.o (.rodata.str1.17162129685140799346.1)
                  000082d0    00000017     functions.o (.rodata.str1.1798579838546719175.1)
                  000082e7    00000017     functions.o (.rodata.str1.2372479248998020874.1)
                  000082fe    00000017     functions.o (.rodata.str1.3107984650851015417.1)
                  00008315    00000017     functions.o (.rodata.str1.4144252613811081812.1)
                  0000832c    00000017     functions.o (.rodata.str1.5896414462293131170.1)
                  00008343    00000017     main.o (.rodata.str1.6976963560179378225.1)
                  0000835a    00000017     functions.o (.rodata.str1.7276749916342729794.1)
                  00008371    00000017     functions.o (.rodata.str1.8683587540435544184.1)
                  00008388    00000016     functions.o (.rodata.str1.13750405472340812261.1)
                  0000839e    00000016     functions.o (.rodata.str1.14296218639596138037.1)
                  000083b4    00000016     functions.o (.rodata.str1.14626576299884526934.1)
                  000083ca    00000016     functions.o (.rodata.str1.1463293767001829125.1)
                  000083e0    00000016     uart.o (.rodata.str1.15503172443992438641.1)
                  000083f6    00000016     functions.o (.rodata.str1.16113805747440866019.1)
                  0000840c    00000016     functions.o (.rodata.str1.17016031596792030868.1)
                  00008422    00000016     functions.o (.rodata.str1.1912318065655334061.1)
                  00008438    00000016     functions.o (.rodata.str1.5117621188084071403.1)
                  0000844e    00000016     main.o (.rodata.str1.6891813955777630061.1)
                  00008464    00000015     functions.o (.rodata.str1.11457859038367029433.1)
                  00008479    00000015     functions.o (.rodata.str1.13291850131445628085.1)
                  0000848e    00000015     functions.o (.rodata.str1.13318008327193210645.1)
                  000084a3    00000015     functions.o (.rodata.str1.14079700471513303319.1)
                  000084b8    00000015     functions.o (.rodata.str1.14779408147115502373.1)
                  000084cd    00000015     functions.o (.rodata.str1.16344480386849582482.1)
                  000084e2    00000015     functions.o (.rodata.str1.17171889877841249491.1)
                  000084f7    00000015     functions.o (.rodata.str1.18285776561876861988.1)
                  0000850c    00000015     functions.o (.rodata.str1.5514502381961403268.1)
                  00008521    00000015     functions.o (.rodata.str1.7987950595137088371.1)
                  00008536    00000015     main.o (.rodata.str1.8076846746581808073.1)
                  0000854b    00000015     uart.o (.rodata.str1.8171864734171609186.1)
                  00008560    00000014     functions.o (.rodata..Lswitch.table.cmd_gauge)
                  00008574    00000014     ti_msp_dl_config.o (.rodata.gTIMER_0TimerConfig)
                  00008588    00000014     main.o (.rodata.str1.14079361385603432444.1)
                  0000859c    00000014     functions.o (.rodata.str1.16059144329163883794.1)
                  000085b0    00000014     functions.o (.rodata.str1.4910338030008278487.1)
                  000085c4    00000014     functions.o (.rodata.str1.5905555877690922764.1)
                  000085d8    00000014     functions.o (.rodata.str1.7324634916810494498.1)
                  000085ec    00000014     functions.o (.rodata.str1.9955790773425000222.1)
                  00008600    00000013     functions.o (.rodata.str1.17622889657162422067.1)
                  00008613    00000012     functions.o (.rodata.str1.11391304066098951517.1)
                  00008625    00000012     main.o (.rodata.str1.11702106008850790973.1)
                  00008637    00000011     libc.a : _printfi.c.obj (.rodata.str1.10348868589481759720.1)
                  00008648    00000011     main.o (.rodata.str1.14466178792657420020.1)
                  00008659    00000011     libc.a : _printfi.c.obj (.rodata.str1.15363888844622738466.1)
                  0000866a    00000011     main.o (.rodata.str1.17045314124001216156.1)
                  0000867b    00000011     main.o (.rodata.str1.39260288392874984.1)
                  0000868c    00000011     main.o (.rodata.str1.7996925722583989644.1)
                  0000869d    00000011     main.o (.rodata.str1.8428454045432808059.1)
                  000086ae    00000011     functions.o (.rodata.str1.8855207564147674068.1)
                  000086bf    00000001     --HOLE-- [fill = 0]
                  000086c0    00000010     functions.o (.rodata..Lswitch.table.cmd_fram)
                  000086d0    00000010     main.o (.rodata..Lswitch.table.main)
                  000086e0    0000000f     functions.o (.rodata.str1.6405428687533244608.1)
                  000086ef    0000000e     main.o (.rodata.str1.18092426736022315238.1)
                  000086fd    0000000e     functions.o (.rodata.str1.3274426514815924028.1)
                  0000870b    0000000e     functions.o (.rodata.str1.6433388484108913441.1)
                  00008719    0000000d     main.o (.rodata.str1.11321157723316767883.1)
                  00008726    0000000d     functions.o (.rodata.str1.14249227603012650231.1)
                  00008733    0000000c     functions.o (.rodata.str1.12082073636076449582.1)
                  0000873f    0000000c     functions.o (.rodata.str1.12649739183381639352.1)
                  0000874b    0000000c     functions.o (.rodata.str1.2128294674425382420.1)
                  00008757    0000000c     main.o (.rodata.str1.8096991282711418442.1)
                  00008763    0000000b     main.o (.rodata.str1.13782249893155712474.1)
                  0000876e    0000000b     functions.o (.rodata.str1.4040450050525152614.1)
                  00008779    0000000b     functions.o (.rodata.str1.6500671132244866452.1)
                  00008784    0000000a     ti_msp_dl_config.o (.rodata.gMCU_UART_1Config)
                  0000878e    0000000a     ti_msp_dl_config.o (.rodata.gSPI_0_config)
                  00008798    0000000a     ti_msp_dl_config.o (.rodata.gSPI_1_config)
                  000087a2    0000000a     ti_msp_dl_config.o (.rodata.gUART_0Config)
                  000087ac    0000000a     main.o (.rodata.str1.10224226614597680209.1)
                  000087b6    0000000a     functions.o (.rodata.str1.1518209179495633459.1)
                  000087c0    0000000a     functions.o (.rodata.str1.9659379646541333203.1)
                  000087ca    0000000a     functions.o (.rodata.str1.9866892624350641238.1)
                  000087d4    00000009     functions.o (.rodata.str1.11364996628600094536.1)
                  000087dd    00000009     functions.o (.rodata.str1.12257129677820421622.1)
                  000087e6    00000009     functions.o (.rodata.str1.13225435875195226696.1)
                  000087ef    00000009     uart.o (.rodata.str1.2747995240747259486.1)
                  000087f8    00000009     functions.o (.rodata.str1.5320122413559821118.1)
                  00008801    00000009     functions.o (.rodata.str1.5699953771227312792.1)
                  0000880a    00000009     functions.o (.rodata.str1.6743441520423956273.1)
                  00008813    00000009     main.o (.rodata.str1.8320541211001259012.1)
                  0000881c    00000009     main.o (.rodata.str1.8828068777338075035.1)
                  00008825    00000008     functions.o (.rodata.str1.11093425900794288272.1)
                  0000882d    00000008     functions.o (.rodata.str1.12716370140545181522.1)
                  00008835    00000008     functions.o (.rodata.str1.15667472894159448674.1)
                  0000883d    00000008     functions.o (.rodata.str1.15927518266867229498.1)
                  00008845    00000008     functions.o (.rodata.str1.16929425599360063401.1)
                  0000884d    00000008     main.o (.rodata.str1.17376258722486336754.1)
                  00008855    00000008     main.o (.rodata.str1.2624144126699937905.1)
                  0000885d    00000008     main.o (.rodata.str1.2846389346932560359.1)
                  00008865    00000008     functions.o (.rodata.str1.3156050197955811031.1)
                  0000886d    00000008     functions.o (.rodata.str1.6886749528440134913.1)
                  00008875    00000007     main.o (.rodata.str1.10865113624938808685.1)
                  0000887c    00000007     functions.o (.rodata.str1.1121117191475404019.1)
                  00008883    00000007     functions.o (.rodata.str1.14125585639945481457.1)
                  0000888a    00000007     functions.o (.rodata.str1.17588442350683572369.1)
                  00008891    00000007     functions.o (.rodata.str1.18157200286260056646.1)
                  00008898    00000007     functions.o (.rodata.str1.2606492479815574346.1)
                  0000889f    00000007     functions.o (.rodata.str1.3123360382440319361.1)
                  000088a6    00000006     functions.o (.rodata.str1.11538060877586311343.1)
                  000088ac    00000006     main.o (.rodata.str1.11822182024223342093.1)
                  000088b2    00000006     functions.o (.rodata.str1.16699442666505370998.1)
                  000088b8    00000006     functions.o (.rodata.str1.17144429639171527548.1)
                  000088be    00000006     main.o (.rodata.str1.2123964117280943167.1)
                  000088c4    00000006     functions.o (.rodata.str1.3019495220097340546.1)
                  000088ca    00000006     functions.o (.rodata.str1.389011575781332116.1)
                  000088d0    00000006     functions.o (.rodata.str1.4959705119256106851.1)
                  000088d6    00000005     main.o (.rodata.str1.10635229749459437609.1)
                  000088db    00000005     functions.o (.rodata.str1.11900037607746946141.1)
                  000088e0    00000005     functions.o (.rodata.str1.13183419841694627606.1)
                  000088e5    00000005     functions.o (.rodata.str1.14496393926573069083.1)
                  000088ea    00000005     main.o (.rodata.str1.15159059442110792349.1)
                  000088ef    00000005     functions.o (.rodata.str1.16757203657686794125.1)
                  000088f4    00000005     main.o (.rodata.str1.288608917962107522.1)
                  000088f9    00000005     functions.o (.rodata.str1.2957129483359387701.1)
                  000088fe    00000005     functions.o (.rodata.str1.3066531604708884151.1)
                  00008903    00000005     functions.o (.rodata.str1.3172367308849033862.1)
                  00008908    00000005     functions.o (.rodata.str1.4214633535407782609.1)
                  0000890d    00000005     functions.o (.rodata.str1.502354497711140047.1)
                  00008912    00000005     main.o (.rodata.str1.8108965883388295311.1)
                  00008917    00000005     functions.o (.rodata.str1.8113497073403762318.1)
                  0000891c    00000004     functions.o (.rodata.str1.11296493460036947760.1)
                  00008920    00000004     functions.o (.rodata.str1.12871985577256932554.1)
                  00008924    00000004     main.o (.rodata.str1.15996357275703397564.1)
                  00008928    00000004     main.o (.rodata.str1.17100691992556644108.1)
                  0000892c    00000004     functions.o (.rodata.str1.1832783851567210609.1)
                  00008930    00000004     main.o (.rodata.str1.3530083166107438000.1)
                  00008934    00000004     functions.o (.rodata.str1.4561657886204501224.1)
                  00008938    00000004     functions.o (.rodata.str1.4930741957133989383.1)
                  0000893c    00000004     functions.o (.rodata.str1.62749256631814321.1)
                  00008940    00000004     functions.o (.rodata.str1.9119127971185803168.1)
                  00008944    00000003     ti_msp_dl_config.o (.rodata.gTIMER_0ClockConfig)
                  00008947    00000003     uart.o (.rodata.str1.12819099410943012003.1)
                  0000894a    00000003     functions.o (.rodata.str1.13554695696533425351.1)
                  0000894d    00000003     functions.o (.rodata.str1.2299744636238869032.1)
                  00008950    00000003     functions.o (.rodata.str1.7108839738911806945.1)
                  00008953    00000003     main.o (.rodata.str1.7702501944640899365.1)
                  00008956    00000002     ti_msp_dl_config.o (.rodata.gI2C_1ClockConfig)
                  00008958    00000002     ti_msp_dl_config.o (.rodata.gMCU_UART_1ClockConfig)
                  0000895a    00000002     ti_msp_dl_config.o (.rodata.gSPI_0_clockConfig)
                  0000895c    00000002     ti_msp_dl_config.o (.rodata.gSPI_1_clockConfig)
                  0000895e    00000002     ti_msp_dl_config.o (.rodata.gUART_0ClockConfig)
                  00008960    00000002     uart.o (.rodata.str1.3510367808670815947.1)
                  00008962    00000002     functions.o (.rodata.str1.5994875290679588583.1)
                  00008964    0000000c     --HOLE-- [fill = 0]

.init_array 
*          0    00000000    00000000     UNINITIALIZED

.binit     0    00000000    00000000     

.bss       0    20200000    000001b1     UNINITIALIZED
                  20200000    00000078     uart.o (.bss.commandList)
                  20200078    00000040     (.common:UART_Buffer)
                  202000b8    00000028     (.common:gSPI_0Backup)
                  202000e0    00000028     (.common:gSPI_1Backup)
                  20200108    00000022     (.common:gRxPacket)
                  2020012a    00000022     (.common:gTxPacket)
                  2020014c    00000020     (.common:framSpi)
                  2020016c    0000001c     (.common:stm32Spi)
                  20200188    00000010     (.common:gSPI_RxPacket)
                  20200198    00000008     (.common:fram)
                  202001a0    00000004     (.common:gRxCount)
                  202001a4    00000004     (.common:gRxLen)
                  202001a8    00000004     (.common:gTxCount)
                  202001ac    00000004     (.common:gTxLen)
                  202001b0    00000001     (.common:gI2cControllerStatus)

.data      0    202001b4    0000004a     UNINITIALIZED
                  202001b4    00000010     spi_master.o (.data.gSPI_TxPacket)
                  202001c4    00000004     libc.a : aeabi_portable.c.obj (.data.__aeabi_errno)
                  202001c8    00000004     uart.o (.data.commandCount)
                  202001cc    00000004     libc.a : strtok.c.obj (.data.last_end)
                  202001d0    00000004     main.o (.data.monitor_rate)
                  202001d4    00000002     BQ25628_functions.o (.data.g_ibat_mA)
                  202001d6    00000002     BQ25628_functions.o (.data.g_ibus_mA)
                  202001d8    00000002     BQ27Z7_functions.o (.data.g_telem.0)
                  202001da    00000002     BQ27Z7_functions.o (.data.g_telem.10)
                  202001dc    00000002     BQ27Z7_functions.o (.data.g_telem.11)
                  202001de    00000002     BQ27Z7_functions.o (.data.g_telem.12)
                  202001e0    00000002     BQ27Z7_functions.o (.data.g_telem.13)
                  202001e2    00000002     BQ27Z7_functions.o (.data.g_telem.1)
                  202001e4    00000002     BQ27Z7_functions.o (.data.g_telem.2)
                  202001e6    00000002     BQ27Z7_functions.o (.data.g_telem.4)
                  202001e8    00000002     BQ27Z7_functions.o (.data.g_telem.5)
                  202001ea    00000002     BQ27Z7_functions.o (.data.g_telem.7)
                  202001ec    00000002     BQ27Z7_functions.o (.data.g_telem.8)
                  202001ee    00000002     BQ27Z7_functions.o (.data.g_telem.9)
                  202001f0    00000002     BQ25628_functions.o (.data.g_vbat_mV)
                  202001f2    00000002     BQ25628_functions.o (.data.g_vbus_mV)
                  202001f4    00000002     BQ25628_functions.o (.data.g_vsys_mV)
                  202001f6    00000001     main.o (.data.bq_monitor_active)
                  202001f7    00000001     uart.o (.data.char_index)
                  202001f8    00000001     uart.o (.data.data_received)
                  202001f9    00000001     gauge.o (.data.g_gaugeAddr)
                  202001fa    00000001     BQ27Z7_functions.o (.data.g_telem.3)
                  202001fb    00000001     main.o (.data.gauge_monitor_active)
                  202001fc    00000001     BQ27Z7_functions.o (.data.g_telem.6)
                  202001fd    00000001     main.o (.data.hall_monitor_active)

.stack     0    20207e00    00000200     UNINITIALIZED
                  20207e00    00000004     libc.a : boot_cortex_m.c.obj (.stack)
                  20207e04    000001fc     --HOLE--

__llvm_prf_cnts 
*          0    20200000    00000000     UNINITIALIZED

__llvm_prf_bits 
*          0    20200000    00000000     UNINITIALIZED

MODULE SUMMARY

       Module                         code    ro data   rw data
       ------                         ----    -------   -------
    .\
       functions.o                    5628    6887      8      
       main.o                         1028    1106      7      
       ti_msp_dl_config.o             1316    171       80     
       startup_mspm0g350x_ticlang.o   6       192       0      
    +--+------------------------------+-------+---------+---------+
       Total:                         7978    8356      95     
                                                               
    .\HAL\
       uart.o                         1484    92        190    
       i2c.o                          1256    0         85     
       spi_mem.o                      528     0         32     
       spi_master.o                   180     0         60     
    +--+------------------------------+-------+---------+---------+
       Total:                         3448    92        367    
                                                               
    .\ics\BQ25628\
       BQ25628_functions.o            692     0         10     
    +--+------------------------------+-------+---------+---------+
       Total:                         692     0         10     
                                                               
    .\ics\BQ27Z7\
       BQ27Z7_functions.o             3436    0         26     
       gauge.o                        176     0         1      
    +--+------------------------------+-------+---------+---------+
       Total:                         3612    0         27     
                                                               
    .\ics\MB85RS\
       mb85rs.o                       758     0         0      
    +--+------------------------------+-------+---------+---------+
       Total:                         758     0         0      
                                                               
    C:/ti/mspm0_sdk_2_09_00_01/source/ti/driverlib/lib/ticlang/m0p/mspm0g1x0x_g3x0x/driverlib.a
       dl_timer.o                     280     0         0      
       dl_i2c.o                       240     0         0      
       dl_uart.o                      138     0         0      
       dl_spi.o                       86      0         0      
       dl_dma.o                       76      0         0      
       dl_common.o                    10      0         0      
    +--+------------------------------+-------+---------+---------+
       Total:                         830     0         0      
                                                               
    C:\ti\ccs2031\ccs\tools\compiler\ti-cgt-armllvm_4.0.4.LTS\lib\armv6m-ti-none-eabi/c/libc.a
       _printfi.c.obj                 4510    34        0      
       strtol.c.obj                   324     0         0      
       aeabi_ctype.S.obj              0       257       0      
       s_scalbn.c.obj                 216     0         0      
       memcpy16.S.obj                 154     0         0      
       s_floorf.c.obj                 140     0         0      
       strcmp-armv6m.S.obj            136     0         0      
       vsnprintf.c.obj                136     0         0      
       copy_decompress_lzss.c.obj     124     0         0      
       s_roundf.c.obj                 114     0         0      
       memset16.S.obj                 98      0         0      
       s_frexp.c.obj                  92      0         0      
       _ltoa.c.obj                    88      0         0      
       strtok.c.obj                   72      0         4      
       atoi.c.obj                     64      0         0      
       autoinit.c.obj                 60      0         0      
       boot_cortex_m.c.obj            40      0         0      
       strspn.c.obj                   38      0         0      
       strcspn.c.obj                  36      0         0      
       memccpy.c.obj                  34      0         0      
       copy_zero_init.c.obj           22      0         0      
       copy_decompress_none.c.obj     18      0         0      
       wcslen.c.obj                   16      0         0      
       aeabi_portable.c.obj           8       0         4      
       exit.c.obj                     6       0         0      
       pre_init.c.obj                 4       0         0      
    +--+------------------------------+-------+---------+---------+
       Total:                         6550    291       8      
                                                               
    C:\ti\ccs2031\ccs\tools\compiler\ti-cgt-armllvm_4.0.4.LTS\lib\armv6m-ti-none-eabi/c/libsysbm.a
       hostexit.c.obj                 4       0         0      
    +--+------------------------------+-------+---------+---------+
       Total:                         4       0         0      
                                                               
    C:\ti\ccs2031\ccs\tools\compiler\ti-cgt-armllvm_4.0.4.LTS\lib\armv6m-ti-none-eabi/libclang_rt.builtins.a
       adddf3.S.obj                   418     0         0      
       divdf3.S.obj                   268     0         0      
       addsf3.S.obj                   232     0         0      
       muldf3.S.obj                   228     0         0      
       comparedf2.c.obj               220     0         0      
       udivmoddi4.S.obj               162     0         0      
       mulsf3.S.obj                   140     0         0      
       comparesf2.S.obj               118     0         0      
       aeabi_dcmp.S.obj               98      0         0      
       aeabi_fcmp.S.obj               98      0         0      
       aeabi_idivmod.S.obj            86      0         0      
       fixdfsi.S.obj                  74      0         0      
       aeabi_uidivmod.S.obj           64      0         0      
       muldsi3.S.obj                  58      0         0      
       fixsfsi.S.obj                  56      0         0      
       floatsidf.S.obj                44      0         0      
       floatunsisf.S.obj              40      0         0      
       muldi3.S.obj                   36      0         0      
       ashldi3.S.obj                  30      0         0      
       aeabi_memset.S.obj             26      0         0      
       aeabi_uldivmod.S.obj           20      0         0      
       aeabi_memcpy.S.obj             8       0         0      
       aeabi_div0.c.obj               4       0         0      
    +--+------------------------------+-------+---------+---------+
       Total:                         2528    0         0      
                                                               
       Stack:                         0       0         512    
       Linker Generated:              0       72        0      
    +--+------------------------------+-------+---------+---------+
       Grand Total:                   26400   8811      1019   


LINKER GENERATED COPY TABLES

__TI_cinit_table @ 000089a8 records: 2, size/record: 8, table size: 16
	.data: load addr=00008970, load size=00000024 bytes, run addr=202001b4, run size=0000004a bytes, compression=lzss
	.bss: load addr=000089a0, load size=00000008 bytes, run addr=20200000, run size=000001b1 bytes, compression=zero_init


LINKER GENERATED HANDLER TABLE

__TI_handler_table @ 00008994 records: 3, size/record: 4, table size: 12
	index: 0, handler: __TI_decompress_lzss
	index: 1, handler: __TI_decompress_none
	index: 2, handler: __TI_zero_init


FAR CALL TRAMPOLINES

callee name               trampoline name
   callee addr  tramp addr   call addr  call info
--------------  -----------  ---------  ----------------
__aeabi_dsub              $Tramp$TT$L$PI$$__aeabi_dsub
   00002a61     000067a8     000067a6   libc.a : _printfi.c.obj (.text.OUTLINED_FUNCTION_0)
__aeabi_fadd              $Tramp$TT$L$PI$$__aeabi_fadd
   0000474b     000067c4     000067c0   libc.a : s_roundf.c.obj (.text.OUTLINED_FUNCTION_0)

[2 trampolines]
[2 trampoline calls]


GLOBAL SYMBOLS: SORTED ALPHABETICALLY BY Name 

address   name                          
-------   ----                          
00002bf3  ADC0_IRQHandler               
00002bf3  ADC1_IRQHandler               
00002bf3  AES_IRQHandler                
00006609  BQ25628E_Get_IBAT_mA          
00006615  BQ25628E_Get_IBUS_mA          
00006621  BQ25628E_Get_VBAT_mV          
0000662d  BQ25628E_Get_VBUS_mV          
00006639  BQ25628E_Get_VSYS_mV          
00003cb1  BQ25628E_Init_Default         
0000625d  BQ25628E_ReadReg16            
00006281  BQ25628E_ReadReg8             
00003ab9  BQ25628E_UpdateTelemetry      
000062a5  BQ25628E_WriteReg16           
00006359  BQ25628E_WriteReg8            
00003e91  BQ27Z746_GetChargingStatus    
00004223  BQ27Z746_GetChemID            
00004145  BQ27Z746_GetDeviceType        
00005a97  BQ27Z746_GetFETOptions        
000044b7  BQ27Z746_GetFirmwareVersion   
000042ff  BQ27Z746_GetOperationStatus   
000043db  BQ27Z746_GetSafetyStatus      
000038b9  BQ27Z746_GetSecurityMode      
00005a01  BQ27Z746_GetTempConfig        
00006645  BQ27Z746_Get_AvgCurrent_mA    
00006651  BQ27Z746_Get_AvgPower_mW      
0000665d  BQ27Z746_Get_BatteryStatus    
00006669  BQ27Z746_Get_Current_mA       
00006675  BQ27Z746_Get_CycleCount       
00006681  BQ27Z746_Get_FullChargeCap_mAh
0000668d  BQ27Z746_Get_InternalTemp_C   
00006699  BQ27Z746_Get_RemainingCap_mAh 
000066a5  BQ27Z746_Get_SOC_pct          
000066b1  BQ27Z746_Get_StateOfHealth_pct
000066bd  BQ27Z746_Get_Temperature_C    
000066c9  BQ27Z746_Get_TimeToEmpty_min  
000066d5  BQ27Z746_Get_TimeToFull_min   
000066e1  BQ27Z746_Get_Voltage_mV       
000060e5  BQ27Z746_Init                 
0000656d  BQ27Z746_IsDischarging        
0000657d  BQ27Z746_IsFullyCharged       
0000658d  BQ27Z746_IsFullyDischarged    
0000458f  BQ27Z746_MAC_Read             
000063d9  BQ27Z746_MAC_Send             
000066ed  BQ27Z746_ReadAvgCurrent_mA    
000066f9  BQ27Z746_ReadAvgPower_mW      
00006705  BQ27Z746_ReadBatteryStatus    
00006711  BQ27Z746_ReadCurrent_mA       
0000671d  BQ27Z746_ReadCycleCount       
00006729  BQ27Z746_ReadFullChargeCap_mAh
00006379  BQ27Z746_ReadInternalTemp_C   
00006735  BQ27Z746_ReadRemainingCap_mAh 
00006741  BQ27Z746_ReadSOC_pct          
0000674d  BQ27Z746_ReadStateOfHealth_pct
00006399  BQ27Z746_ReadTemperature_C    
00006759  BQ27Z746_ReadTimeToEmpty_min  
00006765  BQ27Z746_ReadTimeToFull_min   
00006771  BQ27Z746_ReadVoltage_mV       
00005b71  BQ27Z746_Seal                 
00003595  BQ27Z746_SetTempSensorConfig  
00003485  BQ27Z746_SetUTFET_Direct      
00004ff1  BQ27Z746_Unseal               
000039b9  BQ27Z746_UpdateTelemetry      
00004dec  C$$EXIT                       
00002bf3  CANFD0_IRQHandler             
00001f8d  CLI_ProcessInput              
00005d3d  CLI_RegisterCommand           
000051c9  CLI_Tokenize                  
00002bf3  DAC0_IRQHandler               
00006795  DL_Common_delayCycles         
000059b5  DL_DMA_initChannel            
000056e9  DL_I2C_fillControllerTXFIFO   
00005ff5  DL_I2C_flushControllerRXFIFO  
00005d79  DL_I2C_flushControllerTXFIFO  
00006211  DL_I2C_setClockConfig         
00005bb5  DL_SPI_init                   
00006535  DL_SPI_setClockConfig         
00003bb5  DL_Timer_initTimerMode        
00006419  DL_Timer_setClockConfig       
00005ae1  DL_UART_init                  
00006547  DL_UART_setClockConfig        
00006025  DL_UART_transmitDataBlocking  
00002bf3  DMA_IRQHandler                
00002bf3  Default_Handler               
00002bf3  GROUP0_IRQHandler             
00002bf3  GROUP1_IRQHandler             
00004ded  HOSTexit                      
00002bf3  HardFault_Handler             
0000659d  I2C0_IRQHandler               
000065ad  I2C1_IRQHandler               
000026cd  I2C_ReadDevice                
00003f7d  I2C_TryAddress                
00002fe1  I2C_WriteDevice               
00006111  MB85RS_Init                   
000049a5  MB85RS_Read                   
00004e79  MB85RS_ReadID                 
00005801  MB85RS_ReadStatus             
00003119  MB85RS_Write                  
00002bf3  NMI_Handler                   
00002bf3  PendSV_Handler                
00002bf3  RTC_IRQHandler                
000067f7  Reset_Handler                 
0000613d  SPI0_IRQHandler               
00005fc1  SPI1_IRQHandler               
00005749  SPI_Controller_Arm            
000062c9  SPI_Controller_Init           
00004c45  SPI_Memory_Arm                
0000677d  SPI_Memory_CS_Assert          
000065bd  SPI_Memory_CS_Deassert        
00006169  SPI_Memory_Init               
000036a1  SPI_Memory_Wait               
00002bf3  SVC_Handler                   
00006451  SYSCFG_DL_DMA_CH0_init        
00006469  SYSCFG_DL_DMA_CH1_init        
00006481  SYSCFG_DL_DMA_CH2_init        
00006499  SYSCFG_DL_DMA_CH3_init        
000064f7  SYSCFG_DL_DMA_init            
00003371  SYSCFG_DL_GPIO_init           
00005231  SYSCFG_DL_I2C_0_init          
00005299  SYSCFG_DL_I2C_1_init          
00005629  SYSCFG_DL_MCU_UART_1_init     
00005439  SYSCFG_DL_SPI_0_init          
00005689  SYSCFG_DL_SPI_1_init          
00005c3d  SYSCFG_DL_SYSCTL_init         
00005ee1  SYSCFG_DL_TIMER_0_init        
00005159  SYSCFG_DL_UART_0_init         
00005bf9  SYSCFG_DL_init                
00004ef9  SYSCFG_DL_initPower           
000048e9  Shared_I2C_IRQHandler         
00002bf3  SysTick_Handler               
00002bf3  TIMA0_IRQHandler              
00002bf3  TIMA1_IRQHandler              
00002bf3  TIMG0_IRQHandler              
00002bf3  TIMG12_IRQHandler             
00002bf3  TIMG6_IRQHandler              
00002bf3  TIMG7_IRQHandler              
00002bf3  TIMG8_IRQHandler              
000064b1  UART0_IRQHandler              
00002bf3  UART1_IRQHandler              
00002bf3  UART2_IRQHandler              
00002bf3  UART3_IRQHandler              
00004a5d  UARTReceive                   
20200078  UART_Buffer                   
20208000  __STACK_END                   
00000200  __STACK_SIZE                  
00000000  __TI_ATRegion0_region_sz      
00000000  __TI_ATRegion0_src_addr       
00000000  __TI_ATRegion0_trg_addr       
00000000  __TI_ATRegion1_region_sz      
00000000  __TI_ATRegion1_src_addr       
00000000  __TI_ATRegion1_trg_addr       
00000000  __TI_ATRegion2_region_sz      
00000000  __TI_ATRegion2_src_addr       
00000000  __TI_ATRegion2_trg_addr       
000089a8  __TI_CINIT_Base               
000089b8  __TI_CINIT_Limit              
000089b8  __TI_CINIT_Warm               
00008994  __TI_Handler_Table_Base       
000089a0  __TI_Handler_Table_Limit      
00005e2d  __TI_auto_init_nobinit_nopinit
00004f75  __TI_decompress_lzss          
00006559  __TI_decompress_none          
0000585b  __TI_ltoa                     
ffffffff  __TI_pprof_out_hndl           
000000c1  __TI_printfi                  
ffffffff  __TI_prof_data_size           
ffffffff  __TI_prof_data_start          
00000000  __TI_static_base__            
000064e1  __TI_zero_init_nomemset       
00002a6b  __adddf3                      
0000474b  __addsf3                      
00006e00  __aeabi_ctype_table_          
00006e00  __aeabi_ctype_table_C         
00005a4d  __aeabi_d2iz                  
00002a6b  __aeabi_dadd                  
00005501  __aeabi_dcmpeq                
0000553d  __aeabi_dcmpge                
00005551  __aeabi_dcmpgt                
00005529  __aeabi_dcmple                
00005515  __aeabi_dcmplt                
000037ad  __aeabi_ddiv                  
00004061  __aeabi_dmul                  
00002a61  __aeabi_dsub                  
202001c4  __aeabi_errno                 
000067e1  __aeabi_errno_addr            
00005f19  __aeabi_f2iz                  
0000474b  __aeabi_fadd                  
00005565  __aeabi_fcmpeq                
000055a1  __aeabi_fcmpge                
000055b5  __aeabi_fcmpgt                
0000558d  __aeabi_fcmple                
00005579  __aeabi_fcmplt                
00004cd5  __aeabi_fmul                  
00004741  __aeabi_fsub                  
00006195  __aeabi_i2d                   
0000590d  __aeabi_idiv                  
00004667  __aeabi_idiv0                 
0000590d  __aeabi_idivmod               
0000506b  __aeabi_ldiv0                 
000063f9  __aeabi_llsl                  
000062ed  __aeabi_lmul                  
00006789  __aeabi_memclr                
00006789  __aeabi_memclr4               
00006789  __aeabi_memclr8               
000067e9  __aeabi_memcpy                
000067e9  __aeabi_memcpy4               
000067e9  __aeabi_memcpy8               
000065ed  __aeabi_memset                
000065ed  __aeabi_memset4               
000065ed  __aeabi_memset8               
000061c1  __aeabi_ui2f                  
00005c7d  __aeabi_uidiv                 
00005c7d  __aeabi_uidivmod              
0000650d  __aeabi_uldivmod              
000063f9  __ashldi3                     
ffffffff  __binit__                     
00005301  __cmpdf2                      
00005e69  __cmpsf2                      
000037ad  __divdf3                      
00005301  __eqdf2                       
00005e69  __eqsf2                       
00005a4d  __fixdfsi                     
00005f19  __fixsfsi                     
00006195  __floatsidf                   
000061c1  __floatunsisf                 
000050e5  __gedf2                       
00005db5  __gesf2                       
000050e5  __gtdf2                       
00005db5  __gtsf2                       
00005301  __ledf2                       
00005e69  __lesf2                       
00005301  __ltdf2                       
00005e69  __ltsf2                       
UNDEFED   __mpu_init                    
00004061  __muldf3                      
000062ed  __muldi3                      
00005ea5  __muldsi3                     
00004cd5  __mulsf3                      
00005301  __nedf2                       
00005e69  __nesf2                       
20207e00  __stack                       
20200000  __start___llvm_prf_bits       
20200000  __start___llvm_prf_cnts       
20200000  __stop___llvm_prf_bits        
20200000  __stop___llvm_prf_cnts        
00002a61  __subdf3                      
00004741  __subsf3                      
00004b09  __udivmoddi4                  
000061e9  _c_int00_noargs               
UNDEFED   _system_post_cinit            
000067fb  _system_pre_init              
000067f1  abort                         
00005cbd  atoi                          
ffffffff  binit                         
202001f6  bq_monitor_active             
202001f7  char_index                    
00001ba9  cmd_bq                        
0000123d  cmd_fram                      
00000a91  cmd_gauge                     
00004819  cmd_hall                      
0000549d  cmd_help                      
000028a1  cmd_i2cscan                   
00003da1  cmd_pwr                       
00002bf5  cmd_spi                       
202001f8  data_received                 
00004d61  floorf                        
20200198  fram                          
2020014c  framSpi                       
000057a5  frexp                         
000057a5  frexpl                        
202001b0  gI2cControllerStatus          
202001a0  gRxCount                      
202001a4  gRxLen                        
20200108  gRxPacket                     
202000b8  gSPI_0Backup                  
202000e0  gSPI_1Backup                  
20200188  gSPI_RxPacket                 
202001b4  gSPI_TxPacket                 
202001a8  gTxCount                      
202001ac  gTxLen                        
2020012a  gTxPacket                     
000065cd  gauge_address                 
000060b5  gauge_cmd_read                
202001fb  gauge_monitor_active          
00005f51  gauge_read                    
00005f89  gauge_write                   
00005df1  get_UART_buffer               
202001fd  hall_monitor_active           
00006435  i2c_init                      
00000000  interruptVectors              
00004669  ldexp                         
00004669  ldexpl                        
000017bd  main                          
00006335  memccpy                       
00004bab  memcpy                        
000055c7  memset                        
202001d0  monitor_rate                  
00005369  roundf                        
00004669  scalbn                        
00004669  scalbnl                       
2020016c  stm32Spi                      
00004df1  strcmp                        
00006311  strcspn                       
00006237  strspn                        
00005b29  strtok                        
00002d61  strtol                        
000063b9  uart_init                     
0000506d  uart_printf                   
00005cfd  vsnprintf                     
000065dd  wcslen                        


GLOBAL SYMBOLS: SORTED BY Symbol Address 

address   name                          
-------   ----                          
00000000  __TI_ATRegion0_region_sz      
00000000  __TI_ATRegion0_src_addr       
00000000  __TI_ATRegion0_trg_addr       
00000000  __TI_ATRegion1_region_sz      
00000000  __TI_ATRegion1_src_addr       
00000000  __TI_ATRegion1_trg_addr       
00000000  __TI_ATRegion2_region_sz      
00000000  __TI_ATRegion2_src_addr       
00000000  __TI_ATRegion2_trg_addr       
00000000  __TI_static_base__            
00000000  interruptVectors              
000000c1  __TI_printfi                  
00000200  __STACK_SIZE                  
00000a91  cmd_gauge                     
0000123d  cmd_fram                      
000017bd  main                          
00001ba9  cmd_bq                        
00001f8d  CLI_ProcessInput              
000026cd  I2C_ReadDevice                
000028a1  cmd_i2cscan                   
00002a61  __aeabi_dsub                  
00002a61  __subdf3                      
00002a6b  __adddf3                      
00002a6b  __aeabi_dadd                  
00002bf3  ADC0_IRQHandler               
00002bf3  ADC1_IRQHandler               
00002bf3  AES_IRQHandler                
00002bf3  CANFD0_IRQHandler             
00002bf3  DAC0_IRQHandler               
00002bf3  DMA_IRQHandler                
00002bf3  Default_Handler               
00002bf3  GROUP0_IRQHandler             
00002bf3  GROUP1_IRQHandler             
00002bf3  HardFault_Handler             
00002bf3  NMI_Handler                   
00002bf3  PendSV_Handler                
00002bf3  RTC_IRQHandler                
00002bf3  SVC_Handler                   
00002bf3  SysTick_Handler               
00002bf3  TIMA0_IRQHandler              
00002bf3  TIMA1_IRQHandler              
00002bf3  TIMG0_IRQHandler              
00002bf3  TIMG12_IRQHandler             
00002bf3  TIMG6_IRQHandler              
00002bf3  TIMG7_IRQHandler              
00002bf3  TIMG8_IRQHandler              
00002bf3  UART1_IRQHandler              
00002bf3  UART2_IRQHandler              
00002bf3  UART3_IRQHandler              
00002bf5  cmd_spi                       
00002d61  strtol                        
00002fe1  I2C_WriteDevice               
00003119  MB85RS_Write                  
00003371  SYSCFG_DL_GPIO_init           
00003485  BQ27Z746_SetUTFET_Direct      
00003595  BQ27Z746_SetTempSensorConfig  
000036a1  SPI_Memory_Wait               
000037ad  __aeabi_ddiv                  
000037ad  __divdf3                      
000038b9  BQ27Z746_GetSecurityMode      
000039b9  BQ27Z746_UpdateTelemetry      
00003ab9  BQ25628E_UpdateTelemetry      
00003bb5  DL_Timer_initTimerMode        
00003cb1  BQ25628E_Init_Default         
00003da1  cmd_pwr                       
00003e91  BQ27Z746_GetChargingStatus    
00003f7d  I2C_TryAddress                
00004061  __aeabi_dmul                  
00004061  __muldf3                      
00004145  BQ27Z746_GetDeviceType        
00004223  BQ27Z746_GetChemID            
000042ff  BQ27Z746_GetOperationStatus   
000043db  BQ27Z746_GetSafetyStatus      
000044b7  BQ27Z746_GetFirmwareVersion   
0000458f  BQ27Z746_MAC_Read             
00004667  __aeabi_idiv0                 
00004669  ldexp                         
00004669  ldexpl                        
00004669  scalbn                        
00004669  scalbnl                       
00004741  __aeabi_fsub                  
00004741  __subsf3                      
0000474b  __addsf3                      
0000474b  __aeabi_fadd                  
00004819  cmd_hall                      
000048e9  Shared_I2C_IRQHandler         
000049a5  MB85RS_Read                   
00004a5d  UARTReceive                   
00004b09  __udivmoddi4                  
00004bab  memcpy                        
00004c45  SPI_Memory_Arm                
00004cd5  __aeabi_fmul                  
00004cd5  __mulsf3                      
00004d61  floorf                        
00004dec  C$$EXIT                       
00004ded  HOSTexit                      
00004df1  strcmp                        
00004e79  MB85RS_ReadID                 
00004ef9  SYSCFG_DL_initPower           
00004f75  __TI_decompress_lzss          
00004ff1  BQ27Z746_Unseal               
0000506b  __aeabi_ldiv0                 
0000506d  uart_printf                   
000050e5  __gedf2                       
000050e5  __gtdf2                       
00005159  SYSCFG_DL_UART_0_init         
000051c9  CLI_Tokenize                  
00005231  SYSCFG_DL_I2C_0_init          
00005299  SYSCFG_DL_I2C_1_init          
00005301  __cmpdf2                      
00005301  __eqdf2                       
00005301  __ledf2                       
00005301  __ltdf2                       
00005301  __nedf2                       
00005369  roundf                        
00005439  SYSCFG_DL_SPI_0_init          
0000549d  cmd_help                      
00005501  __aeabi_dcmpeq                
00005515  __aeabi_dcmplt                
00005529  __aeabi_dcmple                
0000553d  __aeabi_dcmpge                
00005551  __aeabi_dcmpgt                
00005565  __aeabi_fcmpeq                
00005579  __aeabi_fcmplt                
0000558d  __aeabi_fcmple                
000055a1  __aeabi_fcmpge                
000055b5  __aeabi_fcmpgt                
000055c7  memset                        
00005629  SYSCFG_DL_MCU_UART_1_init     
00005689  SYSCFG_DL_SPI_1_init          
000056e9  DL_I2C_fillControllerTXFIFO   
00005749  SPI_Controller_Arm            
000057a5  frexp                         
000057a5  frexpl                        
00005801  MB85RS_ReadStatus             
0000585b  __TI_ltoa                     
0000590d  __aeabi_idiv                  
0000590d  __aeabi_idivmod               
000059b5  DL_DMA_initChannel            
00005a01  BQ27Z746_GetTempConfig        
00005a4d  __aeabi_d2iz                  
00005a4d  __fixdfsi                     
00005a97  BQ27Z746_GetFETOptions        
00005ae1  DL_UART_init                  
00005b29  strtok                        
00005b71  BQ27Z746_Seal                 
00005bb5  DL_SPI_init                   
00005bf9  SYSCFG_DL_init                
00005c3d  SYSCFG_DL_SYSCTL_init         
00005c7d  __aeabi_uidiv                 
00005c7d  __aeabi_uidivmod              
00005cbd  atoi                          
00005cfd  vsnprintf                     
00005d3d  CLI_RegisterCommand           
00005d79  DL_I2C_flushControllerTXFIFO  
00005db5  __gesf2                       
00005db5  __gtsf2                       
00005df1  get_UART_buffer               
00005e2d  __TI_auto_init_nobinit_nopinit
00005e69  __cmpsf2                      
00005e69  __eqsf2                       
00005e69  __lesf2                       
00005e69  __ltsf2                       
00005e69  __nesf2                       
00005ea5  __muldsi3                     
00005ee1  SYSCFG_DL_TIMER_0_init        
00005f19  __aeabi_f2iz                  
00005f19  __fixsfsi                     
00005f51  gauge_read                    
00005f89  gauge_write                   
00005fc1  SPI1_IRQHandler               
00005ff5  DL_I2C_flushControllerRXFIFO  
00006025  DL_UART_transmitDataBlocking  
000060b5  gauge_cmd_read                
000060e5  BQ27Z746_Init                 
00006111  MB85RS_Init                   
0000613d  SPI0_IRQHandler               
00006169  SPI_Memory_Init               
00006195  __aeabi_i2d                   
00006195  __floatsidf                   
000061c1  __aeabi_ui2f                  
000061c1  __floatunsisf                 
000061e9  _c_int00_noargs               
00006211  DL_I2C_setClockConfig         
00006237  strspn                        
0000625d  BQ25628E_ReadReg16            
00006281  BQ25628E_ReadReg8             
000062a5  BQ25628E_WriteReg16           
000062c9  SPI_Controller_Init           
000062ed  __aeabi_lmul                  
000062ed  __muldi3                      
00006311  strcspn                       
00006335  memccpy                       
00006359  BQ25628E_WriteReg8            
00006379  BQ27Z746_ReadInternalTemp_C   
00006399  BQ27Z746_ReadTemperature_C    
000063b9  uart_init                     
000063d9  BQ27Z746_MAC_Send             
000063f9  __aeabi_llsl                  
000063f9  __ashldi3                     
00006419  DL_Timer_setClockConfig       
00006435  i2c_init                      
00006451  SYSCFG_DL_DMA_CH0_init        
00006469  SYSCFG_DL_DMA_CH1_init        
00006481  SYSCFG_DL_DMA_CH2_init        
00006499  SYSCFG_DL_DMA_CH3_init        
000064b1  UART0_IRQHandler              
000064e1  __TI_zero_init_nomemset       
000064f7  SYSCFG_DL_DMA_init            
0000650d  __aeabi_uldivmod              
00006535  DL_SPI_setClockConfig         
00006547  DL_UART_setClockConfig        
00006559  __TI_decompress_none          
0000656d  BQ27Z746_IsDischarging        
0000657d  BQ27Z746_IsFullyCharged       
0000658d  BQ27Z746_IsFullyDischarged    
0000659d  I2C0_IRQHandler               
000065ad  I2C1_IRQHandler               
000065bd  SPI_Memory_CS_Deassert        
000065cd  gauge_address                 
000065dd  wcslen                        
000065ed  __aeabi_memset                
000065ed  __aeabi_memset4               
000065ed  __aeabi_memset8               
00006609  BQ25628E_Get_IBAT_mA          
00006615  BQ25628E_Get_IBUS_mA          
00006621  BQ25628E_Get_VBAT_mV          
0000662d  BQ25628E_Get_VBUS_mV          
00006639  BQ25628E_Get_VSYS_mV          
00006645  BQ27Z746_Get_AvgCurrent_mA    
00006651  BQ27Z746_Get_AvgPower_mW      
0000665d  BQ27Z746_Get_BatteryStatus    
00006669  BQ27Z746_Get_Current_mA       
00006675  BQ27Z746_Get_CycleCount       
00006681  BQ27Z746_Get_FullChargeCap_mAh
0000668d  BQ27Z746_Get_InternalTemp_C   
00006699  BQ27Z746_Get_RemainingCap_mAh 
000066a5  BQ27Z746_Get_SOC_pct          
000066b1  BQ27Z746_Get_StateOfHealth_pct
000066bd  BQ27Z746_Get_Temperature_C    
000066c9  BQ27Z746_Get_TimeToEmpty_min  
000066d5  BQ27Z746_Get_TimeToFull_min   
000066e1  BQ27Z746_Get_Voltage_mV       
000066ed  BQ27Z746_ReadAvgCurrent_mA    
000066f9  BQ27Z746_ReadAvgPower_mW      
00006705  BQ27Z746_ReadBatteryStatus    
00006711  BQ27Z746_ReadCurrent_mA       
0000671d  BQ27Z746_ReadCycleCount       
00006729  BQ27Z746_ReadFullChargeCap_mAh
00006735  BQ27Z746_ReadRemainingCap_mAh 
00006741  BQ27Z746_ReadSOC_pct          
0000674d  BQ27Z746_ReadStateOfHealth_pct
00006759  BQ27Z746_ReadTimeToEmpty_min  
00006765  BQ27Z746_ReadTimeToFull_min   
00006771  BQ27Z746_ReadVoltage_mV       
0000677d  SPI_Memory_CS_Assert          
00006789  __aeabi_memclr                
00006789  __aeabi_memclr4               
00006789  __aeabi_memclr8               
00006795  DL_Common_delayCycles         
000067e1  __aeabi_errno_addr            
000067e9  __aeabi_memcpy                
000067e9  __aeabi_memcpy4               
000067e9  __aeabi_memcpy8               
000067f1  abort                         
000067f7  Reset_Handler                 
000067fb  _system_pre_init              
00006e00  __aeabi_ctype_table_          
00006e00  __aeabi_ctype_table_C         
00008994  __TI_Handler_Table_Base       
000089a0  __TI_Handler_Table_Limit      
000089a8  __TI_CINIT_Base               
000089b8  __TI_CINIT_Limit              
000089b8  __TI_CINIT_Warm               
20200000  __start___llvm_prf_bits       
20200000  __start___llvm_prf_cnts       
20200000  __stop___llvm_prf_bits        
20200000  __stop___llvm_prf_cnts        
20200078  UART_Buffer                   
202000b8  gSPI_0Backup                  
202000e0  gSPI_1Backup                  
20200108  gRxPacket                     
2020012a  gTxPacket                     
2020014c  framSpi                       
2020016c  stm32Spi                      
20200188  gSPI_RxPacket                 
20200198  fram                          
202001a0  gRxCount                      
202001a4  gRxLen                        
202001a8  gTxCount                      
202001ac  gTxLen                        
202001b0  gI2cControllerStatus          
202001b4  gSPI_TxPacket                 
202001c4  __aeabi_errno                 
202001d0  monitor_rate                  
202001f6  bq_monitor_active             
202001f7  char_index                    
202001f8  data_received                 
202001fb  gauge_monitor_active          
202001fd  hall_monitor_active           
20207e00  __stack                       
20208000  __STACK_END                   
ffffffff  __TI_pprof_out_hndl           
ffffffff  __TI_prof_data_size           
ffffffff  __TI_prof_data_start          
ffffffff  __binit__                     
ffffffff  binit                         
UNDEFED   __mpu_init                    
UNDEFED   _system_post_cinit            

[309 symbols]
