******************************************************************************
            TI ARM Clang Linker PC v4.0.4                      
******************************************************************************
>> Linked Mon Jun 22 13:30:26 2026

OUTPUT FILE NAME:   <HW_SW_interface_CCS.out>
ENTRY POINT SYMBOL: "_c_int00_noargs"  address: 0000a211


MEMORY CONFIGURATION

         name            origin    length      used     unused   attr    fill
----------------------  --------  ---------  --------  --------  ----  --------
  FLASH                 00000000   00020000  0000f300  00010d00  R  X
  SRAM                  20200000   00008000  00000e2d  000071d3  RW X
  BCR_CONFIG            41c00000   000000ff  00000000  000000ff  R   
  BSL_CONFIG            41c00100   00000080  00000000  00000080  R   


SEGMENT ALLOCATION MAP

run origin  load origin   length   init length attrs members
----------  ----------- ---------- ----------- ----- -------
00000000    00000000    0000f300   0000f300    r-x
  00000000    00000000    000000c0   000000c0    r-- .intvecs
  000000c0    000000c0    0000b320   0000b320    r-x .text
  0000b3e0    0000b3e0    00003d90   00003d90    r-- .rodata
  0000f170    0000f170    00000190   00000190    r-- .cinit
20200000    20200000    00000c2f   00000000    rw-
  20200000    20200000    0000069e   00000000    rw- .bss
  202006a0    202006a0    0000058f   00000000    rw- .data
20207e00    20207e00    00000200   00000000    rw-
  20207e00    20207e00    00000200   00000000    rw- .stack


SECTION ALLOCATION MAP

 output                                  attributes/
section   page    origin      length       input sections
--------  ----  ----------  ----------   ----------------
.intvecs   0    00000000    000000c0     
                  00000000    000000c0     startup_mspm0g350x_ticlang.o (.intvecs)

.text      0    000000c0    0000b320     
                  000000c0    000009d0     libc.a : _printfi.c.obj (.text:__TI_printfi)
                  00000a90    000008a4     functions.o (.text.cmd_gauge)
                  00001334    00000654     main.o (.text.main)
                  00001988    00000514     functions.o (.text.cmd_fram)
                  00001e9c    00000424     functions.o (.text.cmd_bq)
                  000022c0    0000033c     functions.o (.text.cmd_pir)
                  000025fc    00000338     functions.o (.text.cmd_imx)
                  00002934    00000324     RAK3172.o (.text.cmd_rak)
                  00002c58    00000248     functions.o (.text.cmd_lis)
                  00002ea0    0000023c     ti_msp_dl_config.o (.text.SYSCFG_DL_GPIO_init)
                  000030dc    00000234     functions.o (.text.cmd_ltr)
                  00003310    00000220     libc.a : _printfi.c.obj (.text._pconv_a)
                  00003530    00000214     ZDP323B.o (.text.ZDP323B_Init)
                  00003744    00000204     functions.o (.text.cmd_leds)
                  00003948    000001dc     libc.a : _printfi.c.obj (.text._pconv_g)
                  00003b24    000001d0     IMX335.o (.text.I2C_ReadDevice16)
                  00003cf4    000001c8     i2c.o (.text.I2C_ReadDevice)
                  00003ebc    000001c0     functions.o (.text.cmd_spi)
                  0000407c    00000198     functions.o (.text.cmd_lora)
                  00004214    00000192     libclang_rt.builtins.a : adddf3.S.obj (.text.adddf3_subdf3)
                  000043a6    00000002     radio.o (.text.SX126xAntSwOn)
                  000043a8    00000184     functions.o (.text.cmd_pwr)
                  0000452c    00000170     LTR329.o (.text.LTR329_CalculateLux)
                  0000469c    00000164     main.o (.text.setupCLI)
                  00004800    00000150     BQ27Z7_functions.o (.text.BQ27Z746_SetTempSensorConfig)
                  00004950    00000144     IMX335.o (.text.I2C_WriteDevice16)
                  00004a94    00000144     libc.a : strtol.c.obj (.text.strtol)
                  00004bd8    00000140     BQ27Z7_functions.o (.text.BQ27Z746_SetUTFET_Direct)
                  00004d18    0000013c     i2c.o (.text.I2C_WriteDevice)
                  00004e54    0000013c     libc.a : _printfi.c.obj (.text.fcvt)
                  00004f90    00000120     IMX335.o (.text.IMX335_SetExposure)
                  000050b0    00000120     libc.a : _printfi.c.obj (.text._pconv_e)
                  000051d0    00000118     BQ27Z7_functions.o (.text.BQ27Z746_MAC_Read)
                  000052e8    00000110     mb85rs.o (.text.MB85RS_Read)
                  000053f8    0000010c     i2c.o (.text.Shared_I2C_IRQHandler)
                  00005504    0000010c     libclang_rt.builtins.a : divdf3.S.obj (.text.__divdf3)
                  00005610    00000108     BQ25628_functions.o (.text.BQ25628E_UpdateTelemetry)
                  00005718    00000108     functions.o (.text.cmd_hall)
                  00005820    00000104     driverlib.a : dl_timer.o (.text.DL_Timer_initFourCCPWMMode)
                  00005924    00000104     ZDP323B.o (.text.I2C_TryAddress10)
                  00005a28    00000104     ZDP323B.o (.text.ZDP323B_WriteConfig)
                  00005b2c    000000fc     ZDP323B.o (.text.ZDP323B_ReadPeakHold)
                  00005c28    000000f8     i2c.o (.text.I2C_TryAddress)
                  00005d20    000000f8     mb85rs.o (.text.MB85RS_Write)
                  00005e18    000000e8     BoardAPI.o (.text._binary_search_ascending)
                  00005f00    000000e8     functions.o (.text.cmd_i2cscan10)
                  00005fe8    000000e4     libclang_rt.builtins.a : muldf3.S.obj (.text.__muldf3)
                  000060cc    000000e4     functions.o (.text.cmd_i2cscan)
                  000061b0    000000e0     functions.o (.text.print_battery_status)
                  00006290    000000d8     BQ27Z7_functions.o (.text.BQ27Z746_Unseal)
                  00006368    000000d8     uart.o (.text.CLI_ProcessInput)
                  00006440    000000d8     libc.a : s_scalbn.c.obj (.text.scalbn)
                  00006518    000000d8     libclang_rt.builtins.a : addsf3.S.obj (.text)
                  000065f0    000000d0     LIS3DH.o (.text.LIS3DH_ReadMg)
                  000066c0    000000c4     IMX335.o (.text.IMX335_Init)
                  00006784    000000c4     ti_msp_dl_config.o (.text.SYSCFG_DL_initPower)
                  00006848    000000b4     LIS3DH.o (.text.LIS3DH_Init)
                  000068fc    000000b4     uart.o (.text.UARTReceive)
                  000069b0    000000b0     IMX335.o (.text.IMX335_SetGain)
                  00006a60    000000b0     mb85rs.o (.text.MB85RS_ReadID)
                  00006b10    000000b0     RAK3172.o (.text.RAK3172_UART_Handler)
                  00006bc0    000000b0     RAK3172.o (.text.RAK3172_WaitForResponse)
                  00006c70    000000a2     libclang_rt.builtins.a : udivmoddi4.S.obj (.text)
                  00006d12    00000002                            : aeabi_div0.c.obj (.text.__aeabi_idiv0)
                  00006d14    0000009c     BQ27Z7_functions.o (.text.BQ27Z746_UpdateTelemetry)
                  00006db0    0000009c     LTR329.o (.text.LTR329_Init)
                  00006e4c    00000098     functions.o (.text.parse_filter_type)
                  00006ee4    00000090     mb85rs.o (.text.MB85RS_ReadStatus)
                  00006f74    0000008c     LIS3DH.o (.text.LIS3DH_SetRange)
                  00007000    0000008c     spi_master.o (.text.SPI1_IRQHandler)
                  0000708c    0000008c     spi_master.o (.text.SPI_Controller_Arm)
                  00007118    0000008c     ti_msp_dl_config.o (.text.SYSCFG_DL_BOOST_CONTROL_init)
                  000071a4    0000008c     libclang_rt.builtins.a : mulsf3.S.obj (.text.__mulsf3)
                  00007230    0000008c     libc.a : s_floorf.c.obj (.text.floorf)
                  000072bc    00000004     startup_mspm0g350x_ticlang.o (.text.Default_Handler)
                  000072c0    00000088     libc.a : strcmp-armv6m.S.obj (.text:strcmp)
                  00007348    00000082     libclang_rt.builtins.a : divsf3.S.obj (.text.__divsf3)
                  000073ca    00000082     mb85rs.o (.text.check_bounds)
                  0000744c    00000080     functions.o (.text.filter_type_str)
                  000074cc    0000007e     radio.o (.text.SX126xReadRegisters)
                  0000754a    00000002     libclang_rt.builtins.a : aeabi_div0.c.obj (.text.__aeabi_ldiv0)
                  0000754c    0000007c     IMX335.o (.text.IMX335_SetTestPattern)
                  000075c8    0000007c     libc.a : copy_decompress_lzss.c.obj (.text:decompress:lzss)
                  00007644    0000007a     LTR329.o (.text.gain_to_reg)
                  000076be    00000002     --HOLE-- [fill = 0]
                  000076c0    00000078     LIS3DH.o (.text.LIS3DH_ReadRaw)
                  00007738    00000078     ti_msp_dl_config.o (.text.SYSCFG_DL_FLASH_CONTROL_init)
                  000077b0    00000076     radio.o (.text.SX126xWriteRegisters)
                  00007826    00000074     BQ27Z7_functions.o (.text.BQ27Z746_GetTempConfig)
                  0000789a    00000002     --HOLE-- [fill = 0]
                  0000789c    00000074     libclang_rt.builtins.a : comparedf2.c.obj (.text.__gedf2)
                  00007910    00000074     spi_mem.o (.text.arm_full_duplex)
                  00007984    00000072     spi_mem.o (.text.SPI_Memory_Arm)
                  000079f6    00000002     --HOLE-- [fill = 0]
                  000079f8    00000070     uart.o (.text.CLI_Tokenize)
                  00007a68    00000070     BoardAPI.o (.text.LED_set_current)
                  00007ad8    00000070     gauge.o (.text.gauge_read)
                  00007b48    00000070     gauge.o (.text.gauge_write)
                  00007bb8    0000006c     LTR329.o (.text.LTR329_ReadData)
                  00007c24    0000006a     BQ27Z7_functions.o (.text.BQ27Z746_GetFETOptions)
                  00007c8e    00000002     --HOLE-- [fill = 0]
                  00007c90    00000068     IMX335.o (.text.IMX335_WriteTable)
                  00007cf8    00000068     mb85rs.o (.text.MB85RS_Init)
                  00007d60    00000068     libclang_rt.builtins.a : comparedf2.c.obj (.text.__ledf2)
                  00007dc8    00000068     functions.o (.text.pir_print_help)
                  00007e30    00000068     libc.a : s_roundf.c.obj (.text.roundf)
                  00007e98    00000066            : _printfi.c.obj (.text._mcpy)
                  00007efe    00000002     --HOLE-- [fill = 0]
                  00007f00    00000064     BQ25628_functions.o (.text.BQ25628E_Set_VINDPM_mV)
                  00007f64    00000064     BoardAPI.o (.text.LED_set_voltage)
                  00007fc8    00000064     LTR329.o (.text.LTR329_SetGain)
                  0000802c    00000064     main.o (.text.PIR_interrupt)
                  00008090    00000064     ti_msp_dl_config.o (.text.SYSCFG_DL_I2C_0_init)
                  000080f4    00000064     ti_msp_dl_config.o (.text.SYSCFG_DL_I2C_1_init)
                  00008158    00000064     BoardAPI.o (.text.set_pwm_duty_cycle)
                  000081bc    00000064     uart.o (.text.uart_printf)
                  00008220    00000062     BQ27Z7_functions.o (.text.BQ27Z746_EnsureUnsealed)
                  00008282    00000062     BQ27Z7_functions.o (.text.BQ27Z746_GetOperationStatus)
                  000082e4    00000062     BQ27Z7_functions.o (.text.BQ27Z746_GetSafetyStatus)
                  00008346    00000002     --HOLE-- [fill = 0]
                  00008348    00000062     libclang_rt.builtins.a : aeabi_dcmp.S.obj (.text.__aeabi_dcmp)
                  000083aa    00000002     --HOLE-- [fill = 0]
                  000083ac    00000062                            : aeabi_fcmp.S.obj (.text.__aeabi_fcmp)
                  0000840e    00000062     mb85rs.o (.text.send_cmd_only)
                  00008470    00000060     BQ25628_functions.o (.text.BQ25628E_Set_VREG_mV)
                  000084d0    00000060     BQ25628_functions.o (.text.BQ25628E_Set_VSYSMIN_mV)
                  00008530    00000060     spi_mem.o (.text.SPI_Memory_Init)
                  00008590    0000005e     BQ27Z7_functions.o (.text.BQ27Z746_GetChargingStatus)
                  000085ee    0000005e     driverlib.a : dl_i2c.o (.text.DL_I2C_fillControllerTXFIFO)
                  0000864c    0000005c     uart.o (.text.CLI_RegisterCommand)
                  000086a8    0000005c     RAK3172.o (.text.RAK3172_Init)
                  00008704    0000005c     RAK3172.o (.text.RAK3172_SendCommand)
                  00008760    0000005c     spi_master.o (.text.SPI_Controller_Init)
                  000087bc    0000005c     ti_msp_dl_config.o (.text.SYSCFG_DL_init)
                  00008818    0000005c     libc.a : s_frexp.c.obj (.text.frexp)
                  00008874    0000005a     BQ27Z7_functions.o (.text.BQ27Z746_Seal)
                  000088ce    00000002     --HOLE-- [fill = 0]
                  000088d0    00000058     BQ25628_functions.o (.text.BQ25628E_Set_ICHG_mA)
                  00008928    00000058     BQ25628_functions.o (.text.BQ25628E_Set_IINDPM_mA)
                  00008980    00000058     main.o (.text.GROUP1_IRQHandler)
                  000089d8    00000058     spi_mem.o (.text.SPI_Memory_IRQHandler)
                  00008a30    00000058     ti_msp_dl_config.o (.text.SYSCFG_DL_SPI_0_init)
                  00008a88    00000058     ti_msp_dl_config.o (.text.SYSCFG_DL_SPI_1_init)
                  00008ae0    00000058     libc.a : _ltoa.c.obj (.text.__TI_ltoa)
                  00008b38    00000058            : _printfi.c.obj (.text._pconv_f)
                  00008b90    00000056     BQ27Z7_functions.o (.text.BQ27Z746_GetChemID)
                  00008be6    00000056     BQ27Z7_functions.o (.text.BQ27Z746_GetDeviceType)
                  00008c3c    00000056     BQ27Z7_functions.o (.text.BQ27Z746_GetFirmwareVersion)
                  00008c92    00000002     --HOLE-- [fill = 0]
                  00008c94    00000056     libclang_rt.builtins.a : aeabi_idivmod.S.obj (.text.__aeabi_idivmod)
                  00008cea    00000002     --HOLE-- [fill = 0]
                  00008cec    00000054     IMX335.o (.text.IMX335_Scan)
                  00008d40    00000054     uart.o (.text.invokeBSLAsm)
                  00008d94    00000052     ZDP323B.o (.text.ZDP323B_BuildConfigBytes)
                  00008de6    00000052     libc.a : _printfi.c.obj (.text._ecpy)
                  00008e38    00000050     BQ25628_functions.o (.text.BQ25628E_Init_Default)
                  00008e88    00000050     BQ25628_functions.o (.text.BQ25628E_UpdateBits8)
                  00008ed8    00000050     ti_msp_dl_config.o (.text.DL_GPIO_initPeripheralInputFunctionFeatures)
                  00008f28    00000050     IMX335.o (.text.DL_I2C_startControllerTransfer)
                  00008f78    00000050     ZDP323B.o (.text.DL_I2C_startControllerTransfer)
                  00008fc8    00000050     i2c.o (.text.DL_I2C_startControllerTransfer)
                  00009018    00000050     uart.o (.text.cmd_help)
                  00009068    00000050     functions.o (.text.filter_step_str)
                  000090b8    0000004c     BQ27Z7_functions.o (.text.BQ27Z746_GetSecurityMode)
                  00009104    0000004c     BQ27Z7_functions.o (.text.BQ27Z746_Init)
                  00009150    0000004c     driverlib.a : dl_dma.o (.text.DL_DMA_initChannel)
                  0000919c    0000004c     ti_msp_dl_config.o (.text.DL_GPIO_initDigitalInputFeatures)
                  000091e8    0000004c     ti_msp_dl_config.o (.text.DL_UART_setBaudRateDivisor)
                  00009234    0000004c     IMX335.o (.text.IMX335_ReadID)
                  00009280    0000004c     BoardAPI.o (.text.LED_flash_start)
                  000092cc    0000004c     spi_mem.o (.text.SPI_Memory_Wait)
                  00009318    0000004c     ti_msp_dl_config.o (.text.SYSCFG_DL_MCU_UART_1_init)
                  00009364    0000004a     libclang_rt.builtins.a : fixdfsi.S.obj (.text.__fixdfsi)
                  000093ae    00000002     --HOLE-- [fill = 0]
                  000093b0    00000048     driverlib.a : dl_uart.o (.text.DL_UART_init)
                  000093f8    00000048     ti_msp_dl_config.o (.text.SYSCFG_DL_UART_0_init)
                  00009440    00000048     libc.a : strtok.c.obj (.text.strtok)
                  00009488    00000044     driverlib.a : dl_spi.o (.text.DL_SPI_init)
                  000094cc    00000044     main.o (.text.PIR_Interrupt_ResumeAfterI2C)
                  00009510    00000040     SX126x_MSPM0.o (.text.SX126xSpiInOut)
                  00009550    00000040     libclang_rt.builtins.a : aeabi_uidivmod.S.obj (.text.__aeabi_uidivmod)
                  00009590    00000040                            : extendsfdf2.S.obj (.text.__extendsfdf2)
                  000095d0    00000040     libc.a : atoi.c.obj (.text.atoi)
                  00009610    00000040     uart.o (.text.printToUART)
                  00009650    00000040     libc.a : vsnprintf.c.obj (.text.vsnprintf)
                  00009690    0000003e     spi_mem.o (.text.arm_tx_only)
                  000096ce    00000002     --HOLE-- [fill = 0]
                  000096d0    0000003c     driverlib.a : dl_i2c.o (.text.DL_I2C_flushControllerTXFIFO)
                  0000970c    0000003c     ti_msp_dl_config.o (.text.DL_Timer_setCounterControl)
                  00009748    0000003c     libclang_rt.builtins.a : floatsisf.S.obj (.text.__floatsisf)
                  00009784    0000003c                            : comparesf2.S.obj (.text.__gtsf2)
                  000097c0    0000003c     libc.a : autoinit.c.obj (.text:__TI_auto_init_nobinit_nopinit)
                  000097fc    0000003a     libclang_rt.builtins.a : comparesf2.S.obj (.text.__eqsf2)
                  00009836    00000002     --HOLE-- [fill = 0]
                  00009838    0000003a                            : muldsi3.S.obj (.text.__muldsi3)
                  00009872    00000002     --HOLE-- [fill = 0]
                  00009874    00000038     ti_msp_dl_config.o (.text.DL_GPIO_initPeripheralOutputFunctionFeatures)
                  000098ac    00000038     RAK3172.o (.text.RAK3172_Reset)
                  000098e4    00000038     libclang_rt.builtins.a : fixsfsi.S.obj (.text.__fixsfsi)
                  0000991c    00000038     functions.o (.text.print_time)
                  00009954    00000034     BQ25628_functions.o (.text.BQ25628E_ReadReg16)
                  00009988    00000034     main.o (.text.PIR_Interrupt_PauseForI2C)
                  000099bc    00000034     RAK3172.o (.text.RAK3172_SetPower)
                  000099f0    00000034     SX126x_MSPM0.o (.text.SX126xSetNss)
                  00009a24    00000034     RAK3172.o (.text.__NVIC_DisableIRQ)
                  00009a58    00000034     functions.o (.text.parse_filter_step)
                  00009a8c    00000032     libclang_rt.builtins.a : fixunssfsi.S.obj (.text.__fixunssfsi)
                  00009abe    00000032     libc.a : strstr.c.obj (.text.strstr)
                  00009af0    00000030     BQ25628_functions.o (.text.BQ25628E_WriteReg16)
                  00009b20    00000030     spi_master.o (.text.DL_DMA_setTransferSize)
                  00009b50    00000030     spi_mem.o (.text.DL_DMA_setTransferSize)
                  00009b80    00000030     driverlib.a : dl_i2c.o (.text.DL_I2C_flushControllerRXFIFO)
                  00009bb0    00000030     ti_msp_dl_config.o (.text.DL_SPI_setFIFOThreshold)
                  00009be0    00000030     driverlib.a : dl_uart.o (.text.DL_UART_transmitDataBlocking)
                  00009c10    00000030     SX126x_MSPM0.o (.text.SX126xReset)
                  00009c40    00000030     libc.a : _printfi.c.obj (.text._fcpy)
                  00009c70    00000030            : vsnprintf.c.obj (.text._outs)
                  00009ca0    0000002e     radio.o (.text.SX126xWakeup)
                  00009cce    0000002e     ti_msp_dl_config.o (.text.SYSCFG_DL_SYSCTL_init)
                  00009cfc    0000002c     BQ25628_functions.o (.text.BQ25628E_ReadReg8)
                  00009d28    0000002c     RAK3172.o (.text.__NVIC_ClearPendingIRQ)
                  00009d54    0000002c     ZDP323B.o (.text.__NVIC_ClearPendingIRQ)
                  00009d80    0000002c     i2c.o (.text.__NVIC_ClearPendingIRQ)
                  00009dac    0000002c     main.o (.text.__NVIC_ClearPendingIRQ)
                  00009dd8    0000002c     uart.o (.text.__NVIC_ClearPendingIRQ)
                  00009e04    0000002c     RAK3172.o (.text.__NVIC_EnableIRQ)
                  00009e30    0000002c     ZDP323B.o (.text.__NVIC_EnableIRQ)
                  00009e5c    0000002c     i2c.o (.text.__NVIC_EnableIRQ)
                  00009e88    0000002c     main.o (.text.__NVIC_EnableIRQ)
                  00009eb4    0000002c     uart.o (.text.__NVIC_EnableIRQ)
                  00009ee0    0000002c     libclang_rt.builtins.a : floatsidf.S.obj (.text.__floatsidf)
                  00009f0c    0000002c     gauge.o (.text.gauge_cmd_read)
                  00009f38    0000002c     uart.o (.text.get_UART_buffer)
                  00009f64    0000002c     libc.a : strncpy.c.obj (.text.strncpy)
                  00009f90    00000028     BQ25628_functions.o (.text.BQ25628E_Set_TS_Ignore)
                  00009fb8    00000028     BQ27Z7_functions.o (.text.BQ27Z746_MAC_Send)
                  00009fe0    00000028     IMX335.o (.text.DL_Common_updateReg)
                  0000a008    00000028     ZDP323B.o (.text.DL_Common_updateReg)
                  0000a030    00000028     i2c.o (.text.DL_Common_updateReg)
                  0000a058    00000028     ti_msp_dl_config.o (.text.DL_Common_updateReg)
                  0000a080    00000028     spi_master.o (.text.DL_DMA_setDestAddr)
                  0000a0a8    00000028     spi_mem.o (.text.DL_DMA_setDestAddr)
                  0000a0d0    00000028     spi_master.o (.text.DL_DMA_setSrcAddr)
                  0000a0f8    00000028     spi_mem.o (.text.DL_DMA_setSrcAddr)
                  0000a120    00000028     ZDP323B.o (.text.DL_I2C_setControllerAddressingMode)
                  0000a148    00000028     ti_msp_dl_config.o (.text.DL_I2C_setControllerRXFIFOThreshold)
                  0000a170    00000028     ti_msp_dl_config.o (.text.DL_I2C_setControllerTXFIFOThreshold)
                  0000a198    00000028     IMX335.o (.text.IMX335_ReadReg)
                  0000a1c0    00000028     IMX335.o (.text.IMX335_WriteReg)
                  0000a1e8    00000028     libclang_rt.builtins.a : floatunsisf.S.obj (.text.__floatunsisf)
                  0000a210    00000028     libc.a : boot_cortex_m.c.obj (.text:_c_int00_noargs)
                  0000a238    00000026     spi_master.o (.text.DL_DMA_enableChannel)
                  0000a25e    00000026     spi_mem.o (.text.DL_DMA_enableChannel)
                  0000a284    00000026     ti_msp_dl_config.o (.text.DL_I2C_setAnalogGlitchFilterPulseWidth)
                  0000a2aa    00000026     driverlib.a : dl_i2c.o (.text.DL_I2C_setClockConfig)
                  0000a2d0    00000026     sx126x.o (.text.SX126xCheckDeviceReady)
                  0000a2f6    00000026     libc.a : strspn.c.obj (.text.strspn)
                  0000a31c    00000024     BQ25628_functions.o (.text.BQ25628E_WriteReg8)
                  0000a340    00000024     ti_msp_dl_config.o (.text.DL_SPI_setBitRateSerialClockDivider)
                  0000a364    00000024     BoardAPI.o (.text.LED_control_init)
                  0000a388    00000024     SX126x_MSPM0.o (.text.SX126xWaitOnBusy)
                  0000a3ac    00000024     libclang_rt.builtins.a : muldi3.S.obj (.text.__muldi3)
                  0000a3d0    00000024     i2c.o (.text.i2c_init)
                  0000a3f4    00000024     libc.a : strcspn.c.obj (.text.strcspn)
                  0000a418    00000022            : memccpy.c.obj (.text.memccpy)
                  0000a43a    00000002     --HOLE-- [fill = 0]
                  0000a43c    00000020     ti_msp_dl_config.o (.text.DL_GPIO_initPeripheralInputFunction)
                  0000a45c    00000020     SX126x_MSPM0.o (.text.SX126xIoInit)
                  0000a47c    00000020     gauge.o (.text.gauge_address)
                  0000a49c    00000020     BQ27Z7_functions.o (.text.kelvin_to_celsius)
                  0000a4bc    00000020     mb85rs.o (.text.pack_address)
                  0000a4dc    00000020     uart.o (.text.uart_init)
                  0000a4fc    0000001e     ti_msp_dl_config.o (.text.DL_UART_setOversampling)
                  0000a51a    0000001e     radio.o (.text.SX126xReadRegister)
                  0000a538    0000001e     libclang_rt.builtins.a : ashldi3.S.obj (.text.__ashldi3)
                  0000a556    0000001e     BQ27Z7_functions.o (.text.read_reg16)
                  0000a574    0000001c     ZDP323B.o (.text.DL_GPIO_clearInterruptStatus)
                  0000a590    0000001c     main.o (.text.DL_GPIO_clearInterruptStatus)
                  0000a5ac    0000001c     ti_msp_dl_config.o (.text.DL_GPIO_clearInterruptStatus)
                  0000a5c8    0000001c     main.o (.text.DL_GPIO_disableInterrupt)
                  0000a5e4    0000001c     ti_msp_dl_config.o (.text.DL_GPIO_enableHiZ)
                  0000a600    0000001c     main.o (.text.DL_GPIO_enableInterrupt)
                  0000a61c    0000001c     ti_msp_dl_config.o (.text.DL_GPIO_enableInterrupt)
                  0000a638    0000001c     ti_msp_dl_config.o (.text.DL_GPIO_initPeripheralOutputFunction)
                  0000a654    0000001c     ti_msp_dl_config.o (.text.DL_GPIO_setLowerPinsPolarity)
                  0000a670    0000001c     i2c.o (.text.DL_I2C_disableInterrupt)
                  0000a68c    0000001c     IMX335.o (.text.DL_I2C_enableInterrupt)
                  0000a6a8    0000001c     ZDP323B.o (.text.DL_I2C_enableInterrupt)
                  0000a6c4    0000001c     i2c.o (.text.DL_I2C_enableInterrupt)
                  0000a6e0    0000001c     ti_msp_dl_config.o (.text.DL_I2C_enableInterrupt)
                  0000a6fc    0000001c     i2c.o (.text.DL_I2C_isControllerRXFIFOEmpty)
                  0000a718    0000001c     main.o (.text.DL_Interrupt_getPendingGroup)
                  0000a734    0000001c     ti_msp_dl_config.o (.text.DL_SPI_enableInterrupt)
                  0000a750    0000001c     SX126x_MSPM0.o (.text.DL_SPI_isTXFIFOFull)
                  0000a76c    0000001c     ti_msp_dl_config.o (.text.DL_SYSCTL_setMCLKDivider)
                  0000a788    0000001c     ti_msp_dl_config.o (.text.DL_SYSCTL_setSYSOSCFreq)
                  0000a7a4    0000001c     ti_msp_dl_config.o (.text.DL_SYSCTL_setULPCLKDivider)
                  0000a7c0    0000001c     ti_msp_dl_config.o (.text.DL_Timer_enableInterrupt)
                  0000a7dc    0000001c     driverlib.a : dl_timer.o (.text.DL_Timer_setCaptCompUpdateMethod)
                  0000a7f8    0000001c                 : dl_timer.o (.text.DL_Timer_setClockConfig)
                  0000a814    0000001c     RAK3172.o (.text.DL_UART_disableInterrupt)
                  0000a830    0000001c     RAK3172.o (.text.DL_UART_enableInterrupt)
                  0000a84c    0000001c     ti_msp_dl_config.o (.text.DL_UART_enableInterrupt)
                  0000a868    0000001c     radio.o (.text.SX126xWriteRegister)
                  0000a884    0000001c     main.o (.text.UART0_IRQHandler)
                  0000a8a0    00000018     ti_msp_dl_config.o (.text.DL_GPIO_enableOutput)
                  0000a8b8    00000018     ti_msp_dl_config.o (.text.DL_GPIO_enablePower)
                  0000a8d0    00000018     ti_msp_dl_config.o (.text.DL_GPIO_initDigitalOutput)
                  0000a8e8    00000018     ti_msp_dl_config.o (.text.DL_GPIO_reset)
                  0000a900    00000018     BoardAPI.o (.text.DL_GPIO_setPins)
                  0000a918    00000018     RAK3172.o (.text.DL_GPIO_setPins)
                  0000a930    00000018     SX126x_MSPM0.o (.text.DL_GPIO_setPins)
                  0000a948    00000018     functions.o (.text.DL_GPIO_setPins)
                  0000a960    00000018     main.o (.text.DL_GPIO_setPins)
                  0000a978    00000018     spi_mem.o (.text.DL_GPIO_setPins)
                  0000a990    00000018     ti_msp_dl_config.o (.text.DL_GPIO_setPins)
                  0000a9a8    00000018     ti_msp_dl_config.o (.text.DL_GPIO_setUpperPinsPolarity)
                  0000a9c0    00000018     ZDP323B.o (.text.DL_I2C_clearInterruptStatus)
                  0000a9d8    00000018     i2c.o (.text.DL_I2C_clearInterruptStatus)
                  0000a9f0    00000018     ti_msp_dl_config.o (.text.DL_I2C_enableAnalogGlitchFilter)
                  0000aa08    00000018     ti_msp_dl_config.o (.text.DL_I2C_enableController)
                  0000aa20    00000018     ti_msp_dl_config.o (.text.DL_I2C_enableControllerClockStretching)
                  0000aa38    00000018     ti_msp_dl_config.o (.text.DL_I2C_enablePower)
                  0000aa50    00000018     ti_msp_dl_config.o (.text.DL_I2C_reset)
                  0000aa68    00000018     ti_msp_dl_config.o (.text.DL_I2C_setTimerPeriod)
                  0000aa80    00000018     ti_msp_dl_config.o (.text.DL_SPI_enable)
                  0000aa98    00000018     ti_msp_dl_config.o (.text.DL_SPI_enableDMAReceiveEvent)
                  0000aab0    00000018     ti_msp_dl_config.o (.text.DL_SPI_enablePower)
                  0000aac8    00000018     SX126x_MSPM0.o (.text.DL_SPI_isRXFIFOEmpty)
                  0000aae0    00000018     ti_msp_dl_config.o (.text.DL_SPI_reset)
                  0000aaf8    00000018     ti_msp_dl_config.o (.text.DL_SYSCTL_setBORThreshold)
                  0000ab10    00000018     ti_msp_dl_config.o (.text.DL_Timer_enablePower)
                  0000ab28    00000018     ti_msp_dl_config.o (.text.DL_Timer_reset)
                  0000ab40    00000018     driverlib.a : dl_timer.o (.text.DL_Timer_setCaptureCompareOutCtl)
                  0000ab58    00000018     BoardAPI.o (.text.DL_Timer_startCounter)
                  0000ab70    00000018     BoardAPI.o (.text.DL_Timer_stopCounter)
                  0000ab88    00000018     ti_msp_dl_config.o (.text.DL_UART_enablePower)
                  0000aba0    00000018     RAK3172.o (.text.DL_UART_isRXFIFOEmpty)
                  0000abb8    00000018     functions.o (.text.DL_UART_isRXFIFOEmpty)
                  0000abd0    00000018     ti_msp_dl_config.o (.text.DL_UART_reset)
                  0000abe8    00000018     ti_msp_dl_config.o (.text.SYSCFG_DL_DMA_CH0_init)
                  0000ac00    00000018     ti_msp_dl_config.o (.text.SYSCFG_DL_DMA_CH1_init)
                  0000ac18    00000018     ti_msp_dl_config.o (.text.SYSCFG_DL_DMA_CH2_init)
                  0000ac30    00000018     ti_msp_dl_config.o (.text.SYSCFG_DL_DMA_CH3_init)
                  0000ac48    00000018     libc.a : vsnprintf.c.obj (.text._outc)
                  0000ac60    00000016     BQ27Z7_functions.o (.text.BQ27Z746_ReadInternalTemp_C)
                  0000ac76    00000016     BQ27Z7_functions.o (.text.BQ27Z746_ReadTemperature_C)
                  0000ac8c    00000016     SX126x_MSPM0.o (.text.DL_GPIO_readPins)
                  0000aca2    00000016     main.o (.text.DL_GPIO_readPins)
                  0000acb8    00000016     SX126x_MSPM0.o (.text.DL_SPI_transmitData8)
                  0000acce    00000016     ti_msp_dl_config.o (.text.DL_UART_enable)
                  0000ace4    00000016     SX126x_MSPM0.o (.text.SX126xDelayMs)
                  0000acfa    00000014     BQ27Z7_functions.o (.text.BQ27Z746_ReadAvgCurrent_mA)
                  0000ad0e    00000014     BQ27Z7_functions.o (.text.BQ27Z746_ReadAvgPower_mW)
                  0000ad22    00000014     BQ27Z7_functions.o (.text.BQ27Z746_ReadCurrent_mA)
                  0000ad36    00000014     BQ27Z7_functions.o (.text.BQ27Z746_ReadSOC_pct)
                  0000ad4a    00000014     BQ27Z7_functions.o (.text.BQ27Z746_ReadStateOfHealth_pct)
                  0000ad5e    00000014     BQ27Z7_functions.o (.text.BQ27Z746_UseInternalTempOnly)
                  0000ad72    00000014     BoardAPI.o (.text.DL_GPIO_clearPins)
                  0000ad86    00000014     RAK3172.o (.text.DL_GPIO_clearPins)
                  0000ad9a    00000014     SX126x_MSPM0.o (.text.DL_GPIO_clearPins)
                  0000adae    00000014     functions.o (.text.DL_GPIO_clearPins)
                  0000adc2    00000014     spi_mem.o (.text.DL_GPIO_clearPins)
                  0000add6    00000014     ti_msp_dl_config.o (.text.DL_GPIO_clearPins)
                  0000adea    00000002     --HOLE-- [fill = 0]
                  0000adec    00000014     IMX335.o (.text.DL_I2C_getControllerStatus)
                  0000ae00    00000014     ZDP323B.o (.text.DL_I2C_getControllerStatus)
                  0000ae14    00000014     i2c.o (.text.DL_I2C_getControllerStatus)
                  0000ae28    00000014     i2c.o (.text.DL_I2C_receiveControllerData)
                  0000ae3c    00000014     ti_msp_dl_config.o (.text.DL_I2C_resetControllerTransfer)
                  0000ae50    00000014     ti_msp_dl_config.o (.text.DL_SPI_enableDMATransmitEvent)
                  0000ae64    00000014     SX126x_MSPM0.o (.text.DL_SPI_receiveData8)
                  0000ae78    00000014     ti_msp_dl_config.o (.text.DL_SYSCTL_disableSYSPLL)
                  0000ae8c    00000014     ti_msp_dl_config.o (.text.DL_SYSCTL_enableMFCLK)
                  0000aea0    00000014     ti_msp_dl_config.o (.text.DL_Timer_enableClock)
                  0000aeb4    00000014     ti_msp_dl_config.o (.text.DL_Timer_setCCPDirection)
                  0000aec8    00000014     RAK3172.o (.text.DL_UART_receiveData)
                  0000aedc    00000014     functions.o (.text.DL_UART_receiveData)
                  0000aef0    00000014     uart.o (.text.DL_UART_receiveData)
                  0000af04    00000014     spi_mem.o (.text.SPI_Memory_CS_Assert)
                  0000af18    00000014     spi_mem.o (.text.SPI_Memory_CS_Deassert)
                  0000af2c    00000014     radio.o (.text.SX126xSetOperatingMode)
                  0000af40    00000014     ti_msp_dl_config.o (.text.SYSCFG_DL_DMA_init)
                  0000af54    00000014     libclang_rt.builtins.a : aeabi_uldivmod.S.obj (.text.__aeabi_uldivmod)
                  0000af68    00000014     BoardAPI.o (.text.disable_led_boost)
                  0000af7c    00000014     BoardAPI.o (.text.enable_led_boost)
                  0000af90    00000014     libc.a : _printfi.c.obj (.text.strchr)
                  0000afa4    00000014            : strchr.c.obj (.text.strchr)
                  0000afb8    00000012     BQ27Z7_functions.o (.text.BQ27Z746_ReadBatteryStatus)
                  0000afca    00000012     BQ27Z7_functions.o (.text.BQ27Z746_ReadCycleCount)
                  0000afdc    00000012     BQ27Z7_functions.o (.text.BQ27Z746_ReadFullChargeCap_mAh)
                  0000afee    00000012     BQ27Z7_functions.o (.text.BQ27Z746_ReadRemainingCap_mAh)
                  0000b000    00000012     BQ27Z7_functions.o (.text.BQ27Z746_ReadTimeToEmpty_min)
                  0000b012    00000012     BQ27Z7_functions.o (.text.BQ27Z746_ReadTimeToFull_min)
                  0000b024    00000012     BQ27Z7_functions.o (.text.BQ27Z746_ReadVoltage_mV)
                  0000b036    00000012     main.o (.text.DL_GPIO_getPendingInterrupt)
                  0000b048    00000012     i2c.o (.text.DL_I2C_getPendingInterrupt)
                  0000b05a    00000012     spi_master.o (.text.DL_SPI_getPendingInterrupt)
                  0000b06c    00000012     spi_mem.o (.text.DL_SPI_getPendingInterrupt)
                  0000b07e    00000012     driverlib.a : dl_spi.o (.text.DL_SPI_setClockConfig)
                  0000b090    00000012     RAK3172.o (.text.DL_UART_getPendingInterrupt)
                  0000b0a2    00000012     main.o (.text.DL_UART_getPendingInterrupt)
                  0000b0b4    00000012     driverlib.a : dl_uart.o (.text.DL_UART_setClockConfig)
                  0000b0c6    00000012     BQ27Z7_functions.o (.text.security_usleep)
                  0000b0d8    00000012     mb85rs.o (.text.wrdi)
                  0000b0ea    00000012     mb85rs.o (.text.wren)
                  0000b0fc    00000012     libc.a : memcpy16.S.obj (.text:TI_memcpy_small)
                  0000b10e    00000012            : copy_decompress_none.c.obj (.text:decompress:none)
                  0000b120    00000010     BQ27Z7_functions.o (.text.BQ27Z746_IsDischarging)
                  0000b130    00000010     BQ27Z7_functions.o (.text.BQ27Z746_IsFullyCharged)
                  0000b140    00000010     BQ27Z7_functions.o (.text.BQ27Z746_IsFullyDischarged)
                  0000b150    00000010     ti_msp_dl_config.o (.text.DL_SYSCTL_disableHFXT)
                  0000b160    00000010     driverlib.a : dl_timer.o (.text.DL_Timer_setCaptureCompareValue)
                  0000b170    00000010     i2c.o (.text.I2C0_IRQHandler)
                  0000b180    00000010     i2c.o (.text.I2C1_IRQHandler)
                  0000b190    00000010     BoardAPI.o (.text.LED_flash_stop)
                  0000b1a0    00000010     BoardAPI.o (.text.LED_get_current)
                  0000b1b0    00000010     spi_mem.o (.text.SPI0_IRQHandler)
                  0000b1c0    00000010     libc.a : wcslen.c.obj (.text.wcslen)
                  0000b1d0    00000010            : copy_zero_init.c.obj (.text:decompress:ZI)
                  0000b1e0    0000000e     BQ25628_functions.o (.text.BQ25628E_Disable_Watchdog)
                  0000b1ee    0000000e     BQ25628_functions.o (.text.BQ25628E_Set_PeakDischarge_6A)
                  0000b1fc    0000000e     libclang_rt.builtins.a : aeabi_memset.S.obj (.text.__aeabi_memset)
                  0000b20a    0000000e     libc.a : strcpy.c.obj (.text.strcpy)
                  0000b218    0000000e            : _printfi.c.obj (.text.strlen)
                  0000b226    0000000e            : memset16.S.obj (.text:TI_memset_small)
                  0000b234    0000000c     BQ25628_functions.o (.text.BQ25628E_Get_IBAT_mA)
                  0000b240    0000000c     BQ25628_functions.o (.text.BQ25628E_Get_IBUS_mA)
                  0000b24c    0000000c     BQ25628_functions.o (.text.BQ25628E_Get_VBAT_mV)
                  0000b258    0000000c     BQ25628_functions.o (.text.BQ25628E_Get_VBUS_mV)
                  0000b264    0000000c     BQ25628_functions.o (.text.BQ25628E_Get_VSYS_mV)
                  0000b270    0000000c     BQ27Z7_functions.o (.text.BQ27Z746_Get_AvgCurrent_mA)
                  0000b27c    0000000c     BQ27Z7_functions.o (.text.BQ27Z746_Get_AvgPower_mW)
                  0000b288    0000000c     BQ27Z7_functions.o (.text.BQ27Z746_Get_BatteryStatus)
                  0000b294    0000000c     BQ27Z7_functions.o (.text.BQ27Z746_Get_Current_mA)
                  0000b2a0    0000000c     BQ27Z7_functions.o (.text.BQ27Z746_Get_CycleCount)
                  0000b2ac    0000000c     BQ27Z7_functions.o (.text.BQ27Z746_Get_FullChargeCap_mAh)
                  0000b2b8    0000000c     BQ27Z7_functions.o (.text.BQ27Z746_Get_InternalTemp_C)
                  0000b2c4    0000000c     BQ27Z7_functions.o (.text.BQ27Z746_Get_RemainingCap_mAh)
                  0000b2d0    0000000c     BQ27Z7_functions.o (.text.BQ27Z746_Get_SOC_pct)
                  0000b2dc    0000000c     BQ27Z7_functions.o (.text.BQ27Z746_Get_StateOfHealth_pct)
                  0000b2e8    0000000c     BQ27Z7_functions.o (.text.BQ27Z746_Get_Temperature_C)
                  0000b2f4    0000000c     BQ27Z7_functions.o (.text.BQ27Z746_Get_TimeToEmpty_min)
                  0000b300    0000000c     BQ27Z7_functions.o (.text.BQ27Z746_Get_TimeToFull_min)
                  0000b30c    0000000c     BQ27Z7_functions.o (.text.BQ27Z746_Get_Voltage_mV)
                  0000b318    0000000c     BoardAPI.o (.text.LED_get_voltage)
                  0000b324    0000000c     radio.o (.text.SX126xGetOperatingMode)
                  0000b330    0000000c     ZDP323B.o (.text.ZDP323B_MotionISR)
                  0000b33c    0000000c     libclang_rt.builtins.a : aeabi_memset.S.obj (.text.__aeabi_memclr)
                  0000b348    0000000a     driverlib.a : dl_common.o (.text.DL_Common_delayCycles)
                  0000b352    0000000a     libc.a : _printfi.c.obj (.text.OUTLINED_FUNCTION_0)
                  0000b35c    00000010     libclang_rt.builtins.a : adddf3.S.obj (.tramp.__aeabi_dsub.1)
                  0000b36c    0000000a     libc.a : s_roundf.c.obj (.text.OUTLINED_FUNCTION_0)
                  0000b376    00000002     --HOLE-- [fill = 0]
                  0000b378    00000010     libclang_rt.builtins.a : addsf3.S.obj (.tramp.__aeabi_fadd.1)
                  0000b388    0000000a     libc.a : _printfi.c.obj (.text.OUTLINED_FUNCTION_1)
                  0000b392    00000002     --HOLE-- [fill = 0]
                  0000b394    00000008     RAK3172.o (.text.RAK3172_GetLastResponse)
                  0000b39c    00000008     main.o (.text.UART1_IRQHandler)
                  0000b3a4    00000008     libc.a : aeabi_portable.c.obj (.text.__aeabi_errno_addr)
                  0000b3ac    00000008     libclang_rt.builtins.a : aeabi_memcpy.S.obj (.text.__aeabi_memcpy)
                  0000b3b4    00000006     libc.a : exit.c.obj (.text:abort)
                  0000b3ba    00000004     libsysbm.a : hostexit.c.obj (.text.HOSTexit)
                  0000b3be    00000004     startup_mspm0g350x_ticlang.o (.text.Reset_Handler)
                  0000b3c2    00000002     --HOLE-- [fill = 0]
                  0000b3c4    00000010     libc.a : boot_cortex_m.c.obj (.tramp._c_int00_noargs.1)
                  0000b3d4    00000004            : pre_init.c.obj (.text._system_pre_init)
                  0000b3d8    00000008     --HOLE-- [fill = 0]

.cinit     0    0000f170    00000190     
                  0000f170    0000016a     (.cinit..data.load) [load image, compression = lzss]
                  0000f2da    00000002     --HOLE-- [fill = 0]
                  0000f2dc    0000000c     (__TI_handler_table)
                  0000f2e8    00000008     (.cinit..bss.load) [load image, compression = zero_init]
                  0000f2f0    00000010     (__TI_cinit_table)

.rodata    0    0000b3e0    00003d90     
                  0000b3e0    000002ec     functions.o (.rodata.str1.14660004578859228044.1)
                  0000b6cc    0000021a     functions.o (.rodata.str1.391113973767205363.1)
                  0000b8e6    000001da     functions.o (.rodata.str1.17600609178903569978.1)
                  0000bac0    000001b3     functions.o (.rodata.str1.3019495220097340546.1)
                  0000bc73    00000001     --HOLE-- [fill = 0]
                  0000bc74    00000150     IMX335.o (.rodata.res_2592_1944_regs)
                  0000bdc4    00000131     functions.o (.rodata.str1.14424774467072349609.1)
                  0000bef5    00000107     functions.o (.rodata.str1.1174942412544543362.1)
                  0000bffc    00000004     main.o (.rodata.str1.10635229749459437609.1)
                  0000c000    00000101     libc.a : aeabi_ctype.S.obj (.rodata:__aeabi_ctype_table_)
                  0000c101    000000f4     functions.o (.rodata.str1.18059599449896579509.1)
                  0000c1f5    000000af     functions.o (.rodata.str1.10105263805998509149.1)
                  0000c2a4    00000046     functions.o (.rodata.str1.14754684760099289372.1)
                  0000c2ea    00000046     functions.o (.rodata.str1.510390108933456549.1)
                  0000c330    00000041     functions.o (.rodata.str1.2344728598999326712.1)
                  0000c371    00000040     RAK3172.o (.rodata.str1.7051719164982180226.1)
                  0000c3b1    0000003f     functions.o (.rodata.str1.5352344875588335774.1)
                  0000c3f0    0000003d     RAK3172.o (.rodata.str1.371085888180289054.1)
                  0000c42d    0000003c     functions.o (.rodata.str1.6596733414268854495.1)
                  0000c469    0000003b     main.o (.rodata.str1.11822182024223342093.1)
                  0000c4a4    0000003b     functions.o (.rodata.str1.13405053720543497480.1)
                  0000c4df    0000003b     functions.o (.rodata.str1.9863839573043808502.1)
                  0000c51a    0000003a     functions.o (.rodata.str1.13647871663007229205.1)
                  0000c554    0000003a     functions.o (.rodata.str1.2576872358145254110.1)
                  0000c58e    00000038     functions.o (.rodata.str1.12468073117837581880.1)
                  0000c5c6    00000038     functions.o (.rodata.str1.14891510999279312204.1)
                  0000c5fe    00000037     functions.o (.rodata.str1.17500777133379660036.1)
                  0000c635    00000037     functions.o (.rodata.str1.1832783851567210609.1)
                  0000c66c    00000036     functions.o (.rodata.str1.11740181311745255940.1)
                  0000c6a2    00000036     functions.o (.rodata.str1.5685701548624197313.1)
                  0000c6d8    00000035     functions.o (.rodata.str1.2911829737590962714.1)
                  0000c70d    00000034     functions.o (.rodata.str1.11489194655681450928.1)
                  0000c741    00000034     functions.o (.rodata.str1.13869735989619804122.1)
                  0000c775    00000033     functions.o (.rodata.str1.10779513392166034331.1)
                  0000c7a8    00000033     functions.o (.rodata.str1.13877888024071246384.1)
                  0000c7db    00000033     functions.o (.rodata.str1.14369386618185839487.1)
                  0000c80e    00000033     functions.o (.rodata.str1.14425403555696131028.1)
                  0000c841    00000033     ZDP323B.o (.rodata.str1.6426932092013501745.1)
                  0000c874    00000033     functions.o (.rodata.str1.7270892861331816810.1)
                  0000c8a7    00000032     ZDP323B.o (.rodata.str1.13049244076617931570.1)
                  0000c8d9    00000032     functions.o (.rodata.str1.13529407018213730301.1)
                  0000c90b    00000032     functions.o (.rodata.str1.14131689765475318714.1)
                  0000c93d    00000032     functions.o (.rodata.str1.15231467846776008763.1)
                  0000c96f    00000032     functions.o (.rodata.str1.15500694823524375836.1)
                  0000c9a1    00000032     main.o (.rodata.str1.7784929982665794503.1)
                  0000c9d3    00000031     functions.o (.rodata.str1.11330391477773130853.1)
                  0000ca04    00000031     functions.o (.rodata.str1.11371842499512143921.1)
                  0000ca35    00000031     main.o (.rodata.str1.14402440632258215044.1)
                  0000ca66    00000031     ZDP323B.o (.rodata.str1.15253925937945711900.1)
                  0000ca97    00000031     functions.o (.rodata.str1.15471027144601559353.1)
                  0000cac8    00000031     ZDP323B.o (.rodata.str1.3608069722927596962.1)
                  0000caf9    00000031     functions.o (.rodata.str1.564048024001813562.1)
                  0000cb2a    00000030     main.o (.rodata.str1.10224226614597680209.1)
                  0000cb5a    0000002f     functions.o (.rodata.str1.11510568493784519380.1)
                  0000cb89    0000002f     main.o (.rodata.str1.13510909575694371129.1)
                  0000cbb8    0000002f     RAK3172.o (.rodata.str1.1431870457548161368.1)
                  0000cbe7    0000002f     main.o (.rodata.str1.18227636981041470289.1)
                  0000cc16    0000002f     functions.o (.rodata.str1.2513305095131001627.1)
                  0000cc45    0000002f     functions.o (.rodata.str1.5574861860302912700.1)
                  0000cc74    0000002e     functions.o (.rodata.str1.10121604327849672915.1)
                  0000cca2    0000002e     RAK3172.o (.rodata.str1.13521612804400909485.1)
                  0000ccd0    0000002e     functions.o (.rodata.str1.1810987313933839541.1)
                  0000ccfe    0000002e     functions.o (.rodata.str1.8684894204910267454.1)
                  0000cd2c    0000002d     functions.o (.rodata.str1.13361924668150654931.1)
                  0000cd59    0000002d     functions.o (.rodata.str1.13786467237224150958.1)
                  0000cd86    0000002d     functions.o (.rodata.str1.15871961652988661611.1)
                  0000cdb3    0000002d     functions.o (.rodata.str1.17873271132953962449.1)
                  0000cde0    0000002d     functions.o (.rodata.str1.18426002669572504042.1)
                  0000ce0d    0000002d     functions.o (.rodata.str1.303947978237559523.1)
                  0000ce3a    0000002d     ZDP323B.o (.rodata.str1.3439872134578313174.1)
                  0000ce67    0000002c     main.o (.rodata.str1.11121730273200050387.1)
                  0000ce93    0000002b     functions.o (.rodata.str1.6505750907013116089.1)
                  0000cebe    0000002b     functions.o (.rodata.str1.7213520456192855849.1)
                  0000cee9    0000002b     functions.o (.rodata.str1.963556741755692615.1)
                  0000cf14    0000002a     functions.o (.rodata.str1.11852899632267644254.1)
                  0000cf3e    0000002a     functions.o (.rodata.str1.13933329845969146692.1)
                  0000cf68    0000002a     functions.o (.rodata.str1.17242831494859343374.1)
                  0000cf92    0000002a     main.o (.rodata.str1.7996925722583989644.1)
                  0000cfbc    0000002a     functions.o (.rodata.str1.8975528390176846916.1)
                  0000cfe6    0000002a     functions.o (.rodata.str1.947937177233202452.1)
                  0000d010    00000029     main.o (.rodata.str1.11702106008850790973.1)
                  0000d039    00000029     ZDP323B.o (.rodata.str1.11817068701145566633.1)
                  0000d062    00000029     functions.o (.rodata.str1.14212890215622683485.1)
                  0000d08b    00000029     RAK3172.o (.rodata.str1.4186403716999476052.1)
                  0000d0b4    00000028     functions.o (.rodata.str1.13707145581914847747.1)
                  0000d0dc    00000028     functions.o (.rodata.str1.1473925171645503236.1)
                  0000d104    00000028     functions.o (.rodata.str1.3488700366986149454.1)
                  0000d12c    00000028     functions.o (.rodata.str1.635688678628282230.1)
                  0000d154    00000027     main.o (.rodata.str1.11870794119293528247.1)
                  0000d17b    00000027     main.o (.rodata.str1.12462885530404721960.1)
                  0000d1a2    00000027     functions.o (.rodata.str1.15412236193038458078.1)
                  0000d1c9    00000027     main.o (.rodata.str1.16631870348416990953.1)
                  0000d1f0    00000027     functions.o (.rodata.str1.6272307236723974141.1)
                  0000d217    00000027     functions.o (.rodata.str1.7085808795165203043.1)
                  0000d23e    00000026     functions.o (.rodata.str1.11596568296542930794.1)
                  0000d264    00000026     main.o (.rodata.str1.11777244287787065045.1)
                  0000d28a    00000026     functions.o (.rodata.str1.16630137122866254825.1)
                  0000d2b0    00000026     functions.o (.rodata.str1.2412787792798810337.1)
                  0000d2d6    00000026     functions.o (.rodata.str1.312031595841812858.1)
                  0000d2fc    00000026     main.o (.rodata.str1.6689794204546696417.1)
                  0000d322    00000026     ZDP323B.o (.rodata.str1.7320712112201950441.1)
                  0000d348    00000025     main.o (.rodata.str1.10313062130652730376.1)
                  0000d36d    00000025     functions.o (.rodata.str1.124578571608933609.1)
                  0000d392    00000025     main.o (.rodata.str1.13782249893155712474.1)
                  0000d3b7    00000025     main.o (.rodata.str1.14079361385603432444.1)
                  0000d3dc    00000025     functions.o (.rodata.str1.1545240438815278529.1)
                  0000d401    00000025     functions.o (.rodata.str1.17819248719987149311.1)
                  0000d426    00000025     functions.o (.rodata.str1.5196872854305757230.1)
                  0000d44b    00000025     functions.o (.rodata.str1.6551616409717788252.1)
                  0000d470    00000025     RAK3172.o (.rodata.str1.952859593106619019.1)
                  0000d495    00000024     functions.o (.rodata.str1.10146554888887806956.1)
                  0000d4b9    00000024     main.o (.rodata.str1.14112174005742061988.1)
                  0000d4dd    00000024     main.o (.rodata.str1.16709704744796600189.1)
                  0000d501    00000024     functions.o (.rodata.str1.1813704926491365237.1)
                  0000d525    00000024     functions.o (.rodata.str1.2298903785866919411.1)
                  0000d549    00000024     main.o (.rodata.str1.2624144126699937905.1)
                  0000d56d    00000024     functions.o (.rodata.str1.3687520451400334805.1)
                  0000d591    00000024     ZDP323B.o (.rodata.str1.5543880619177829359.1)
                  0000d5b5    00000024     RAK3172.o (.rodata.str1.7659589185677606906.1)
                  0000d5d9    00000024     RAK3172.o (.rodata.str1.8036733024251265150.1)
                  0000d5fd    00000024     functions.o (.rodata.str1.831622212789273363.1)
                  0000d621    00000024     RAK3172.o (.rodata.str1.9418084910429164153.1)
                  0000d645    00000023     uart.o (.rodata.str1.14464947116831474962.1)
                  0000d668    00000023     functions.o (.rodata.str1.3739636256912452571.1)
                  0000d68b    00000023     functions.o (.rodata.str1.4088760258362988122.1)
                  0000d6ae    00000023     functions.o (.rodata.str1.417100376825835908.1)
                  0000d6d1    00000023     functions.o (.rodata.str1.7723146404961276984.1)
                  0000d6f4    00000023     main.o (.rodata.str1.9059077390166914652.1)
                  0000d717    00000022     functions.o (.rodata.str1.10930655922842606279.1)
                  0000d739    00000022     functions.o (.rodata.str1.11373607083750233779.1)
                  0000d75b    00000022     functions.o (.rodata.str1.11403685632016021771.1)
                  0000d77d    00000022     functions.o (.rodata.str1.16429985753972473886.1)
                  0000d79f    00000022     functions.o (.rodata.str1.16614484817706633923.1)
                  0000d7c1    00000022     main.o (.rodata.str1.1928638051441818890.1)
                  0000d7e3    00000022     functions.o (.rodata.str1.2190941444116491765.1)
                  0000d805    00000022     functions.o (.rodata.str1.2305192595417680505.1)
                  0000d827    00000022     main.o (.rodata.str1.6554448696319176064.1)
                  0000d849    00000022     main.o (.rodata.str1.6976963560179378225.1)
                  0000d86b    00000022     functions.o (.rodata.str1.7319270408353279736.1)
                  0000d88d    00000022     functions.o (.rodata.str1.8841248051089024616.1)
                  0000d8af    00000021     functions.o (.rodata.str1.10302267126528799586.1)
                  0000d8d0    00000021     functions.o (.rodata.str1.11345522308171243087.1)
                  0000d8f1    00000021     functions.o (.rodata.str1.11530881739405661196.1)
                  0000d912    00000021     functions.o (.rodata.str1.12250083639950253671.1)
                  0000d933    00000021     functions.o (.rodata.str1.16726128468901222387.1)
                  0000d954    00000021     main.o (.rodata.str1.16856034117330037696.1)
                  0000d975    00000021     functions.o (.rodata.str1.17004305802620412261.1)
                  0000d996    00000021     functions.o (.rodata.str1.17314209706061556526.1)
                  0000d9b7    00000021     functions.o (.rodata.str1.17387986676834450725.1)
                  0000d9d8    00000021     functions.o (.rodata.str1.18169768820860067831.1)
                  0000d9f9    00000021     functions.o (.rodata.str1.2090819679678785128.1)
                  0000da1a    00000021     functions.o (.rodata.str1.2216088936736676215.1)
                  0000da3b    00000021     functions.o (.rodata.str1.2654337880733388962.1)
                  0000da5c    00000021     functions.o (.rodata.str1.3098115528246613681.1)
                  0000da7d    00000021     functions.o (.rodata.str1.3322434249706281543.1)
                  0000da9e    00000021     functions.o (.rodata.str1.4531601087117612729.1)
                  0000dabf    00000021     functions.o (.rodata.str1.455706336395187257.1)
                  0000dae0    00000021     functions.o (.rodata.str1.812177498809953536.1)
                  0000db01    00000021     functions.o (.rodata.str1.8430466031500812981.1)
                  0000db22    00000021     functions.o (.rodata.str1.8989266583668574770.1)
                  0000db43    00000020     functions.o (.rodata.str1.10387253022637546114.1)
                  0000db63    00000020     functions.o (.rodata.str1.10514892771341585404.1)
                  0000db83    00000020     functions.o (.rodata.str1.10868672936327135180.1)
                  0000dba3    00000020     functions.o (.rodata.str1.11488970495173820783.1)
                  0000dbc3    00000020     functions.o (.rodata.str1.14247832736261690914.1)
                  0000dbe3    00000020     functions.o (.rodata.str1.15303011696885085265.1)
                  0000dc03    00000020     functions.o (.rodata.str1.16499007181999684178.1)
                  0000dc23    00000020     functions.o (.rodata.str1.16985884696085998545.1)
                  0000dc43    00000020     functions.o (.rodata.str1.17121790288170408763.1)
                  0000dc63    00000020     functions.o (.rodata.str1.17524032667240931881.1)
                  0000dc83    00000020     functions.o (.rodata.str1.17954340015018547257.1)
                  0000dca3    00000020     functions.o (.rodata.str1.1879081474855052955.1)
                  0000dcc3    00000020     functions.o (.rodata.str1.2347775125427912132.1)
                  0000dce3    00000020     functions.o (.rodata.str1.2989574447005584482.1)
                  0000dd03    00000020     main.o (.rodata.str1.4787932902692149498.1)
                  0000dd23    00000020     functions.o (.rodata.str1.4892436572911226530.1)
                  0000dd43    00000020     functions.o (.rodata.str1.9506313465773766142.1)
                  0000dd63    0000001f     ZDP323B.o (.rodata.str1.13908428614379841002.1)
                  0000dd82    0000001f     functions.o (.rodata.str1.13976999153825061098.1)
                  0000dda1    0000001f     functions.o (.rodata.str1.14046434908848522070.1)
                  0000ddc0    0000001f     main.o (.rodata.str1.16265332423659789559.1)
                  0000dddf    0000001f     functions.o (.rodata.str1.17526886152460330321.1)
                  0000ddfe    0000001f     functions.o (.rodata.str1.2618360898605671341.1)
                  0000de1d    0000001f     functions.o (.rodata.str1.3741468063811768988.1)
                  0000de3c    0000001f     functions.o (.rodata.str1.5121970238091459551.1)
                  0000de5b    0000001f     functions.o (.rodata.str1.5574770029124936609.1)
                  0000de7a    0000001f     functions.o (.rodata.str1.7261598007108977983.1)
                  0000de99    0000001f     functions.o (.rodata.str1.7293844269889091573.1)
                  0000deb8    0000001f     functions.o (.rodata.str1.7667325258934765219.1)
                  0000ded7    0000001f     functions.o (.rodata.str1.8609670694225301183.1)
                  0000def6    0000001e     functions.o (.rodata.str1.11548324711019379123.1)
                  0000df14    0000001e     functions.o (.rodata.str1.13258710136769708401.1)
                  0000df32    0000001e     functions.o (.rodata.str1.14996438602218358956.1)
                  0000df50    0000001e     functions.o (.rodata.str1.15416425971347363818.1)
                  0000df6e    0000001e     functions.o (.rodata.str1.17124744513834159004.1)
                  0000df8c    0000001e     functions.o (.rodata.str1.2132137826339264873.1)
                  0000dfaa    0000001e     functions.o (.rodata.str1.2153166669032916089.1)
                  0000dfc8    0000001e     functions.o (.rodata.str1.8276779995786722914.1)
                  0000dfe6    0000001e     functions.o (.rodata.str1.9393216526452698668.1)
                  0000e004    0000001e     functions.o (.rodata.str1.9629253951102113371.1)
                  0000e022    0000001d     functions.o (.rodata.str1.10029850049327752681.1)
                  0000e03f    0000001d     functions.o (.rodata.str1.12012936333037231797.1)
                  0000e05c    0000001d     functions.o (.rodata.str1.12122565456592184258.1)
                  0000e079    0000001d     functions.o (.rodata.str1.1787322033648190911.1)
                  0000e096    0000001d     functions.o (.rodata.str1.3945811098438947860.1)
                  0000e0b3    0000001d     functions.o (.rodata.str1.67103668184455600.1)
                  0000e0d0    0000001c     functions.o (.rodata.str1.10620974771816488631.1)
                  0000e0ec    0000001c     functions.o (.rodata.str1.11158820112163685190.1)
                  0000e108    0000001c     main.o (.rodata.str1.12180500075719773345.1)
                  0000e124    0000001c     functions.o (.rodata.str1.14504089057119714207.1)
                  0000e140    0000001c     functions.o (.rodata.str1.17112998893623131760.1)
                  0000e15c    0000001c     functions.o (.rodata.str1.17418132220924322792.1)
                  0000e178    0000001c     functions.o (.rodata.str1.2090735207208419621.1)
                  0000e194    0000001c     functions.o (.rodata.str1.638703247069904128.1)
                  0000e1b0    0000001c     functions.o (.rodata.str1.7162303493627050396.1)
                  0000e1cc    0000001c     functions.o (.rodata.str1.823074591787180899.1)
                  0000e1e8    0000001c     IMX335.o (.rodata.test_pattern_disable_regs)
                  0000e204    0000001c     IMX335.o (.rodata.test_pattern_enable_regs)
                  0000e220    0000001b     functions.o (.rodata.str1.12145652551702610167.1)
                  0000e23b    0000001b     functions.o (.rodata.str1.12869987097872302101.1)
                  0000e256    0000001b     functions.o (.rodata.str1.13213250456124221025.1)
                  0000e271    0000001b     functions.o (.rodata.str1.15241132200125037881.1)
                  0000e28c    0000001b     functions.o (.rodata.str1.16937093305108365645.1)
                  0000e2a7    0000001b     functions.o (.rodata.str1.17669684748118727147.1)
                  0000e2c2    0000001b     main.o (.rodata.str1.3530083166107438000.1)
                  0000e2dd    0000001b     functions.o (.rodata.str1.4198453541086758413.1)
                  0000e2f8    0000001b     functions.o (.rodata.str1.504123949362312185.1)
                  0000e313    0000001b     functions.o (.rodata.str1.6579945242302544448.1)
                  0000e32e    0000001b     functions.o (.rodata.str1.6954128830300373732.1)
                  0000e349    0000001b     functions.o (.rodata.str1.771275161403278999.1)
                  0000e364    0000001b     functions.o (.rodata.str1.8976659453420465898.1)
                  0000e37f    0000001b     functions.o (.rodata.str1.9586352787182320994.1)
                  0000e39a    0000001a     functions.o (.rodata.str1.10394495994740858438.1)
                  0000e3b4    0000001a     functions.o (.rodata.str1.10821967500945095815.1)
                  0000e3ce    0000001a     functions.o (.rodata.str1.11584461607463951922.1)
                  0000e3e8    0000001a     functions.o (.rodata.str1.11621569494667626893.1)
                  0000e402    0000001a     functions.o (.rodata.str1.12609848238114409581.1)
                  0000e41c    0000001a     functions.o (.rodata.str1.12716756795433194893.1)
                  0000e436    0000001a     functions.o (.rodata.str1.13060549876486072544.1)
                  0000e450    0000001a     functions.o (.rodata.str1.15914577833492633752.1)
                  0000e46a    0000001a     functions.o (.rodata.str1.2423760133235791839.1)
                  0000e484    0000001a     functions.o (.rodata.str1.2872345601479061820.1)
                  0000e49e    0000001a     functions.o (.rodata.str1.7046748811739278352.1)
                  0000e4b8    0000001a     main.o (.rodata.str1.8320541211001259012.1)
                  0000e4d2    0000001a     functions.o (.rodata.str1.976629323795015702.1)
                  0000e4ec    0000001a     functions.o (.rodata.str1.9987864939932165754.1)
                  0000e506    00000019     main.o (.rodata.str1.14466178792657420020.1)
                  0000e51f    00000019     functions.o (.rodata.str1.15581223450256929385.1)
                  0000e538    00000019     functions.o (.rodata.str1.2006883888705870762.1)
                  0000e551    00000019     functions.o (.rodata.str1.5184056661912950335.1)
                  0000e56a    00000019     functions.o (.rodata.str1.6934290517616500964.1)
                  0000e583    00000019     functions.o (.rodata.str1.9504405780896684869.1)
                  0000e59c    00000018     BoardAPI.o (.rodata._pwm_outputs)
                  0000e5b4    00000018     ti_msp_dl_config.o (.rodata.gDMA_CH0Config)
                  0000e5cc    00000018     ti_msp_dl_config.o (.rodata.gDMA_CH1Config)
                  0000e5e4    00000018     ti_msp_dl_config.o (.rodata.gDMA_CH2Config)
                  0000e5fc    00000018     ti_msp_dl_config.o (.rodata.gDMA_CH3Config)
                  0000e614    00000018     ZDP323B.o (.rodata.str1.13872368284913790327.1)
                  0000e62c    00000018     functions.o (.rodata.str1.14826907694073300720.1)
                  0000e644    00000018     functions.o (.rodata.str1.15647711897633472048.1)
                  0000e65c    00000018     functions.o (.rodata.str1.3293202025561435839.1)
                  0000e674    00000018     functions.o (.rodata.str1.3544098629501009633.1)
                  0000e68c    00000018     functions.o (.rodata.str1.4307635291288551838.1)
                  0000e6a4    00000018     functions.o (.rodata.str1.5339729456890974958.1)
                  0000e6bc    00000018     functions.o (.rodata.str1.5445248913733296825.1)
                  0000e6d4    00000018     functions.o (.rodata.str1.5556253844797924259.1)
                  0000e6ec    00000018     main.o (.rodata.str1.8154729771448623357.1)
                  0000e704    00000017     functions.o (.rodata.str1.11087625087312282266.1)
                  0000e71b    00000017     functions.o (.rodata.str1.1121117191475404019.1)
                  0000e732    00000017     functions.o (.rodata.str1.13497160822588500659.1)
                  0000e749    00000017     main.o (.rodata.str1.13959864503700487862.1)
                  0000e760    00000017     functions.o (.rodata.str1.14724813643312198925.1)
                  0000e777    00000017     main.o (.rodata.str1.1499083853040407199.1)
                  0000e78e    00000017     functions.o (.rodata.str1.15981603964029308583.1)
                  0000e7a5    00000017     main.o (.rodata.str1.16485475968410363649.1)
                  0000e7bc    00000017     functions.o (.rodata.str1.17162129685140799346.1)
                  0000e7d3    00000017     functions.o (.rodata.str1.17961219559534220169.1)
                  0000e7ea    00000017     functions.o (.rodata.str1.1798579838546719175.1)
                  0000e801    00000017     functions.o (.rodata.str1.18192300180148322521.1)
                  0000e818    00000017     functions.o (.rodata.str1.18319551690001788249.1)
                  0000e82f    00000017     functions.o (.rodata.str1.3107984650851015417.1)
                  0000e846    00000017     functions.o (.rodata.str1.4144252613811081812.1)
                  0000e85d    00000017     functions.o (.rodata.str1.5896414462293131170.1)
                  0000e874    00000017     functions.o (.rodata.str1.7005763942079746258.1)
                  0000e88b    00000017     main.o (.rodata.str1.709365579099624991.1)
                  0000e8a2    00000017     functions.o (.rodata.str1.7276749916342729794.1)
                  0000e8b9    00000017     functions.o (.rodata.str1.8683587540435544184.1)
                  0000e8d0    00000016     functions.o (.rodata.str1.13750405472340812261.1)
                  0000e8e6    00000016     functions.o (.rodata.str1.14296218639596138037.1)
                  0000e8fc    00000016     functions.o (.rodata.str1.14626576299884526934.1)
                  0000e912    00000016     functions.o (.rodata.str1.1463293767001829125.1)
                  0000e928    00000016     uart.o (.rodata.str1.15503172443992438641.1)
                  0000e93e    00000016     functions.o (.rodata.str1.16113805747440866019.1)
                  0000e954    00000016     functions.o (.rodata.str1.17016031596792030868.1)
                  0000e96a    00000016     functions.o (.rodata.str1.1912318065655334061.1)
                  0000e980    00000016     main.o (.rodata.str1.5043408953494467246.1)
                  0000e996    00000016     functions.o (.rodata.str1.5117621188084071403.1)
                  0000e9ac    00000016     RAK3172.o (.rodata.str1.6449940769916495429.1)
                  0000e9c2    00000015     functions.o (.rodata.str1.11457859038367029433.1)
                  0000e9d7    00000015     functions.o (.rodata.str1.13291850131445628085.1)
                  0000e9ec    00000015     functions.o (.rodata.str1.13318008327193210645.1)
                  0000ea01    00000015     functions.o (.rodata.str1.14079700471513303319.1)
                  0000ea16    00000015     RAK3172.o (.rodata.str1.14479525610857906957.1)
                  0000ea2b    00000015     functions.o (.rodata.str1.14779408147115502373.1)
                  0000ea40    00000015     functions.o (.rodata.str1.16344480386849582482.1)
                  0000ea55    00000015     functions.o (.rodata.str1.17171889877841249491.1)
                  0000ea6a    00000015     functions.o (.rodata.str1.18285776561876861988.1)
                  0000ea7f    00000015     functions.o (.rodata.str1.5514502381961403268.1)
                  0000ea94    00000015     functions.o (.rodata.str1.6275033222440079959.1)
                  0000eaa9    00000015     functions.o (.rodata.str1.7987950595137088371.1)
                  0000eabe    00000015     functions.o (.rodata.str1.8058481654977393815.1)
                  0000ead3    00000015     main.o (.rodata.str1.8096991282711418442.1)
                  0000eae8    00000015     uart.o (.rodata.str1.8171864734171609186.1)
                  0000eafd    00000001     --HOLE-- [fill = 0]
                  0000eafe    00000014     IMX335.o (.rodata.mode_2l_10b_regs)
                  0000eb12    00000014     functions.o (.rodata.str1.13052596014025790475.1)
                  0000eb26    00000014     functions.o (.rodata.str1.16059144329163883794.1)
                  0000eb3a    00000014     main.o (.rodata.str1.18092426736022315238.1)
                  0000eb4e    00000014     functions.o (.rodata.str1.4910338030008278487.1)
                  0000eb62    00000014     functions.o (.rodata.str1.5905555877690922764.1)
                  0000eb76    00000014     functions.o (.rodata.str1.7324634916810494498.1)
                  0000eb8a    00000014     functions.o (.rodata.str1.9182000268108421340.1)
                  0000eb9e    00000014     functions.o (.rodata.str1.9955790773425000222.1)
                  0000ebb2    00000013     RAK3172.o (.rodata.str1.1487736462859196529.1)
                  0000ebc5    00000013     functions.o (.rodata.str1.17622889657162422067.1)
                  0000ebd8    00000013     functions.o (.rodata.str1.204082772225115829.1)
                  0000ebeb    00000013     RAK3172.o (.rodata.str1.24814282407215182.1)
                  0000ebfe    00000013     functions.o (.rodata.str1.3818782532712895722.1)
                  0000ec11    00000013     functions.o (.rodata.str1.5293785561432609074.1)
                  0000ec24    00000013     functions.o (.rodata.str1.5672502669058196221.1)
                  0000ec37    00000012     main.o (.rodata.str1.10003710380724733530.1)
                  0000ec49    00000012     functions.o (.rodata.str1.11391304066098951517.1)
                  0000ec5b    00000012     RAK3172.o (.rodata.str1.14262890786185017876.1)
                  0000ec6d    00000012     main.o (.rodata.str1.16285091658156303515.1)
                  0000ec7f    00000012     main.o (.rodata.str1.39260288392874984.1)
                  0000ec91    00000011     libc.a : _printfi.c.obj (.rodata.str1.10348868589481759720.1)
                  0000eca2    00000011     main.o (.rodata.str1.10720410773482754683.1)
                  0000ecb3    00000011     main.o (.rodata.str1.10753028060609409702.1)
                  0000ecc4    00000011     main.o (.rodata.str1.14712910685067215323.1)
                  0000ecd5    00000011     functions.o (.rodata.str1.15082562741968675383.1)
                  0000ece6    00000011     libc.a : _printfi.c.obj (.rodata.str1.15363888844622738466.1)
                  0000ecf7    00000011     main.o (.rodata.str1.3292798375424520613.1)
                  0000ed08    00000011     main.o (.rodata.str1.8428454045432808059.1)
                  0000ed19    00000011     functions.o (.rodata.str1.8855207564147674068.1)
                  0000ed2a    00000010     functions.o (.rodata.str1.12247701732483370762.1)
                  0000ed3a    0000000f     functions.o (.rodata.str1.10046656996256141283.1)
                  0000ed49    0000000f     functions.o (.rodata.str1.1434866316927325970.1)
                  0000ed58    0000000f     functions.o (.rodata.str1.2372479248998020874.1)
                  0000ed67    0000000f     functions.o (.rodata.str1.6405428687533244608.1)
                  0000ed76    0000000f     functions.o (.rodata.str1.7684438339927393593.1)
                  0000ed85    0000000e     functions.o (.rodata.str1.11090601397262646829.1)
                  0000ed93    0000000e     functions.o (.rodata.str1.3274426514815924028.1)
                  0000eda1    0000000e     RAK3172.o (.rodata.str1.3379378337854271095.1)
                  0000edaf    0000000e     functions.o (.rodata.str1.6433388484108913441.1)
                  0000edbd    0000000e     main.o (.rodata.str1.8828068777338075035.1)
                  0000edcb    0000000d     functions.o (.rodata.str1.14249227603012650231.1)
                  0000edd8    0000000d     RAK3172.o (.rodata.str1.1968888313200872450.1)
                  0000ede5    0000000d     main.o (.rodata.str1.2597068879322958637.1)
                  0000edf2    0000000d     functions.o (.rodata.str1.7739059892449448606.1)
                  0000edff    0000000c     main.o (.rodata.str1.10865113624938808685.1)
                  0000ee0b    0000000c     functions.o (.rodata.str1.12082073636076449582.1)
                  0000ee17    0000000c     functions.o (.rodata.str1.12649739183381639352.1)
                  0000ee23    0000000c     functions.o (.rodata.str1.2128294674425382420.1)
                  0000ee2f    0000000b     main.o (.rodata.str1.11321157723316767883.1)
                  0000ee3a    0000000b     functions.o (.rodata.str1.4040450050525152614.1)
                  0000ee45    0000000b     functions.o (.rodata.str1.6500671132244866452.1)
                  0000ee50    0000000b     RAK3172.o (.rodata.str1.7199972899484323784.1)
                  0000ee5b    00000001     --HOLE-- [fill = 0]
                  0000ee5c    0000000a     ti_msp_dl_config.o (.rodata.gMCU_UART_1Config)
                  0000ee66    0000000a     ti_msp_dl_config.o (.rodata.gSPI_0_config)
                  0000ee70    0000000a     ti_msp_dl_config.o (.rodata.gSPI_1_config)
                  0000ee7a    0000000a     ti_msp_dl_config.o (.rodata.gUART_0Config)
                  0000ee84    0000000a     functions.o (.rodata.str1.12114497968925858118.1)
                  0000ee8e    0000000a     functions.o (.rodata.str1.1518209179495633459.1)
                  0000ee98    0000000a     main.o (.rodata.str1.288608917962107522.1)
                  0000eea2    0000000a     main.o (.rodata.str1.5630281060179367396.1)
                  0000eeac    0000000a     functions.o (.rodata.str1.6736404338818286726.1)
                  0000eeb6    0000000a     functions.o (.rodata.str1.6783150972682750781.1)
                  0000eec0    0000000a     functions.o (.rodata.str1.9659379646541333203.1)
                  0000eeca    0000000a     functions.o (.rodata.str1.9866892624350641238.1)
                  0000eed4    00000009     functions.o (.rodata.str1.11364996628600094536.1)
                  0000eedd    00000009     functions.o (.rodata.str1.12257129677820421622.1)
                  0000eee6    00000009     functions.o (.rodata.str1.13225435875195226696.1)
                  0000eeef    00000009     functions.o (.rodata.str1.14965259810863381478.1)
                  0000eef8    00000009     main.o (.rodata.str1.17770841602246103764.1)
                  0000ef01    00000009     main.o (.rodata.str1.2256192789054937243.1)
                  0000ef0a    00000009     uart.o (.rodata.str1.2747995240747259486.1)
                  0000ef13    00000009     main.o (.rodata.str1.4829115146054326934.1)
                  0000ef1c    00000009     functions.o (.rodata.str1.5320122413559821118.1)
                  0000ef25    00000009     functions.o (.rodata.str1.5699953771227312792.1)
                  0000ef2e    00000009     main.o (.rodata.str1.6365796992934770792.1)
                  0000ef37    00000009     functions.o (.rodata.str1.6743441520423956273.1)
                  0000ef40    00000008     ti_msp_dl_config.o (.rodata.gBOOST_CONTROLConfig)
                  0000ef48    00000008     ti_msp_dl_config.o (.rodata.gFLASH_CONTROLConfig)
                  0000ef50    00000008     functions.o (.rodata.str1.11093425900794288272.1)
                  0000ef58    00000008     functions.o (.rodata.str1.11517924573668616356.1)
                  0000ef60    00000008     functions.o (.rodata.str1.12716370140545181522.1)
                  0000ef68    00000008     functions.o (.rodata.str1.14464870060864390341.1)
                  0000ef70    00000008     functions.o (.rodata.str1.15667472894159448674.1)
                  0000ef78    00000008     functions.o (.rodata.str1.15927518266867229498.1)
                  0000ef80    00000008     functions.o (.rodata.str1.16386345573460399209.1)
                  0000ef88    00000008     functions.o (.rodata.str1.16929425599360063401.1)
                  0000ef90    00000008     main.o (.rodata.str1.17045314124001216156.1)
                  0000ef98    00000008     functions.o (.rodata.str1.2299744636238869032.1)
                  0000efa0    00000008     main.o (.rodata.str1.2563708670032483588.1)
                  0000efa8    00000008     main.o (.rodata.str1.2846389346932560359.1)
                  0000efb0    00000008     functions.o (.rodata.str1.3156050197955811031.1)
                  0000efb8    00000008     main.o (.rodata.str1.625103348304617710.1)
                  0000efc0    00000008     functions.o (.rodata.str1.6886749528440134913.1)
[...]
2020061a  gTxPacket                       
20200c27  g_pir_interrupt_enabled         
0000a47d  gauge_address                   
00009f0d  gauge_cmd_read                  
20200c28  gauge_monitor_active            
00007ad9  gauge_read                      
00007b49  gauge_write                     
00009f39  get_UART_buffer                 
20200c20  global_led_voltage              
20200c29  hall_monitor_active             
0000a3d1  i2c_init                        
00000000  interruptVectors                
00006441  ldexp                           
00006441  ldexpl                          
20200c10  led_channel                     
20200c2a  lis_monitor_active              
20200c2b  ltr_monitor_active              
00001335  main                            
0000a419  memccpy                         
20200c14  monitor_rate                    
20200aa0  output_currents_led_mA          
20200c2c  pir_monitor_active              
00009611  printToUART                     
00007e31  roundf                          
00006441  scalbn                          
00006441  scalbnl                         
00008159  set_pwm_duty_cycle              
0000469d  setupCLI                        
2020065c  stm32Spi                        
0000afa5  strchr                          
000072c1  strcmp                          
0000b20b  strcpy                          
0000a3f5  strcspn                         
00009f65  strncpy                         
0000a2f7  strspn                          
00009abf  strstr                          
00009441  strtok                          
00004a95  strtol                          
0000a4dd  uart_init                       
000081bd  uart_printf                     
00009651  vsnprintf                       
0000b1c1  wcslen                          


GLOBAL SYMBOLS: SORTED BY Symbol Address 

address   name                            
-------   ----                            
00000000  __TI_ATRegion0_region_sz        
00000000  __TI_ATRegion0_src_addr         
00000000  __TI_ATRegion0_trg_addr         
00000000  __TI_ATRegion1_region_sz        
00000000  __TI_ATRegion1_src_addr         
00000000  __TI_ATRegion1_trg_addr         
00000000  __TI_ATRegion2_region_sz        
00000000  __TI_ATRegion2_src_addr         
00000000  __TI_ATRegion2_trg_addr         
00000000  __TI_static_base__              
00000000  interruptVectors                
000000c1  __TI_printfi                    
00000200  __STACK_SIZE                    
00000a91  cmd_gauge                       
00001335  main                            
00001989  cmd_fram                        
00001e9d  cmd_bq                          
000022c1  cmd_pir                         
000025fd  cmd_imx                         
00002935  cmd_rak                         
00002c59  cmd_lis                         
00002ea1  SYSCFG_DL_GPIO_init             
000030dd  cmd_ltr                         
00003531  ZDP323B_Init                    
00003745  cmd_leds                        
00003cf5  I2C_ReadDevice                  
00003ebd  cmd_spi                         
0000407d  cmd_lora                        
00004215  __aeabi_dsub                    
00004215  __subdf3                        
0000421f  __adddf3                        
0000421f  __aeabi_dadd                    
000043a7  SX126xAntSwOn                   
000043a9  cmd_pwr                         
0000452d  LTR329_CalculateLux             
0000469d  setupCLI                        
00004801  BQ27Z746_SetTempSensorConfig    
00004a95  strtol                          
00004bd9  BQ27Z746_SetUTFET_Direct        
00004d19  I2C_WriteDevice                 
00004f91  IMX335_SetExposure              
000051d1  BQ27Z746_MAC_Read               
000052e9  MB85RS_Read                     
000053f9  Shared_I2C_IRQHandler           
00005505  __aeabi_ddiv                    
00005505  __divdf3                        
00005611  BQ25628E_UpdateTelemetry        
00005719  cmd_hall                        
00005821  DL_Timer_initFourCCPWMMode      
00005925  I2C_TryAddress10                
00005a29  ZDP323B_WriteConfig             
00005b2d  ZDP323B_ReadPeakHold            
00005c29  I2C_TryAddress                  
00005d21  MB85RS_Write                    
00005f01  cmd_i2cscan10                   
00005fe9  __aeabi_dmul                    
00005fe9  __muldf3                        
000060cd  cmd_i2cscan                     
00006291  BQ27Z746_Unseal                 
00006369  CLI_ProcessInput                
00006441  ldexp                           
00006441  ldexpl                          
00006441  scalbn                          
00006441  scalbnl                         
00006519  __aeabi_fsub                    
00006519  __subsf3                        
00006523  __addsf3                        
00006523  __aeabi_fadd                    
000065f1  LIS3DH_ReadMg                   
000066c1  IMX335_Init                     
00006785  SYSCFG_DL_initPower             
00006849  LIS3DH_Init                     
000068fd  UARTReceive                     
000069b1  IMX335_SetGain                  
00006a61  MB85RS_ReadID                   
00006b11  RAK3172_UART_Handler            
00006bc1  RAK3172_WaitForResponse         
00006c71  __udivmoddi4                    
00006d13  __aeabi_idiv0                   
00006d15  BQ27Z746_UpdateTelemetry        
00006db1  LTR329_Init                     
00006ee5  MB85RS_ReadStatus               
00006f75  LIS3DH_SetRange                 
00007001  SPI1_IRQHandler                 
0000708d  SPI_Controller_Arm              
00007119  SYSCFG_DL_BOOST_CONTROL_init    
000071a5  __aeabi_fmul                    
000071a5  __mulsf3                        
00007231  floorf                          
000072bd  ADC0_IRQHandler                 
000072bd  ADC1_IRQHandler                 
000072bd  AES_IRQHandler                  
000072bd  CANFD0_IRQHandler               
000072bd  DAC0_IRQHandler                 
000072bd  DMA_IRQHandler                  
000072bd  Default_Handler                 
000072bd  GROUP0_IRQHandler               
000072bd  HardFault_Handler               
000072bd  NMI_Handler                     
000072bd  PendSV_Handler                  
000072bd  RTC_IRQHandler                  
000072bd  SVC_Handler                     
000072bd  SysTick_Handler                 
000072bd  TIMA0_IRQHandler                
000072bd  TIMA1_IRQHandler                
000072bd  TIMG0_IRQHandler                
000072bd  TIMG12_IRQHandler               
000072bd  TIMG6_IRQHandler                
000072bd  TIMG7_IRQHandler                
000072bd  TIMG8_IRQHandler                
000072bd  UART2_IRQHandler                
000072bd  UART3_IRQHandler                
000072c1  strcmp                          
00007349  __aeabi_fdiv                    
00007349  __divsf3                        
000074cd  SX126xReadRegisters             
0000754b  __aeabi_ldiv0                   
0000754d  IMX335_SetTestPattern           
000075c9  __TI_decompress_lzss            
000076c1  LIS3DH_ReadRaw                  
00007739  SYSCFG_DL_FLASH_CONTROL_init    
000077b1  SX126xWriteRegisters            
00007827  BQ27Z746_GetTempConfig          
0000789d  __gedf2                         
0000789d  __gtdf2                         
00007985  SPI_Memory_Arm                  
000079f9  CLI_Tokenize                    
00007a69  LED_set_current                 
00007ad9  gauge_read                      
00007b49  gauge_write                     
00007bb9  LTR329_ReadData                 
00007c25  BQ27Z746_GetFETOptions          
00007cf9  MB85RS_Init                     
00007d61  __cmpdf2                        
00007d61  __eqdf2                         
00007d61  __ledf2                         
00007d61  __ltdf2                         
00007d61  __nedf2                         
00007e31  roundf                          
00007f01  BQ25628E_Set_VINDPM_mV          
00007f65  LED_set_voltage                 
00007fc9  LTR329_SetGain                  
0000802d  PIR_interrupt                   
00008091  SYSCFG_DL_I2C_0_init            
000080f5  SYSCFG_DL_I2C_1_init            
00008159  set_pwm_duty_cycle              
000081bd  uart_printf                     
00008221  BQ27Z746_EnsureUnsealed         
00008283  BQ27Z746_GetOperationStatus     
000082e5  BQ27Z746_GetSafetyStatus        
00008349  __aeabi_dcmpeq                  
0000835d  __aeabi_dcmplt                  
00008371  __aeabi_dcmple                  
00008385  __aeabi_dcmpge                  
00008399  __aeabi_dcmpgt                  
000083ad  __aeabi_fcmpeq                  
000083c1  __aeabi_fcmplt                  
000083d5  __aeabi_fcmple                  
000083e9  __aeabi_fcmpge                  
000083fd  __aeabi_fcmpgt                  
00008471  BQ25628E_Set_VREG_mV            
000084d1  BQ25628E_Set_VSYSMIN_mV         
00008531  SPI_Memory_Init                 
00008591  BQ27Z746_GetChargingStatus      
000085ef  DL_I2C_fillControllerTXFIFO     
0000864d  CLI_RegisterCommand             
000086a9  RAK3172_Init                    
00008705  RAK3172_SendCommand             
00008761  SPI_Controller_Init             
000087bd  SYSCFG_DL_init                  
00008819  frexp                           
00008819  frexpl                          
00008875  BQ27Z746_Seal                   
000088d1  BQ25628E_Set_ICHG_mA            
00008929  BQ25628E_Set_IINDPM_mA          
00008981  GROUP1_IRQHandler               
000089d9  SPI_Memory_IRQHandler           
00008a31  SYSCFG_DL_SPI_0_init            
00008a89  SYSCFG_DL_SPI_1_init            
00008ae1  __TI_ltoa                       
00008b91  BQ27Z746_GetChemID              
00008be7  BQ27Z746_GetDeviceType          
00008c3d  BQ27Z746_GetFirmwareVersion     
00008c95  __aeabi_idiv                    
00008c95  __aeabi_idivmod                 
00008ced  IMX335_Scan                     
00008d95  ZDP323B_BuildConfigBytes        
00008e39  BQ25628E_Init_Default           
00008e89  BQ25628E_UpdateBits8            
00009019  cmd_help                        
000090b9  BQ27Z746_GetSecurityMode        
00009105  BQ27Z746_Init                   
00009151  DL_DMA_initChannel              
00009235  IMX335_ReadID                   
00009281  LED_flash_start                 
000092cd  SPI_Memory_Wait                 
00009319  SYSCFG_DL_MCU_UART_1_init       
00009365  __aeabi_d2iz                    
00009365  __fixdfsi                       
000093b1  DL_UART_init                    
000093f9  SYSCFG_DL_UART_0_init           
00009441  strtok                          
00009489  DL_SPI_init                     
000094cd  PIR_Interrupt_ResumeAfterI2C    
00009511  SX126xSpiInOut                  
00009551  __aeabi_uidiv                   
00009551  __aeabi_uidivmod                
00009591  __aeabi_f2d                     
00009591  __extendsfdf2                   
000095d1  atoi                            
00009611  printToUART                     
00009651  vsnprintf                       
000096d1  DL_I2C_flushControllerTXFIFO    
00009749  __aeabi_i2f                     
00009749  __floatsisf                     
00009785  __gesf2                         
00009785  __gtsf2                         
000097c1  __TI_auto_init_nobinit_nopinit  
000097fd  __cmpsf2                        
000097fd  __eqsf2                         
000097fd  __lesf2                         
000097fd  __ltsf2                         
000097fd  __nesf2                         
00009839  __muldsi3                       
000098ad  RAK3172_Reset                   
000098e5  __aeabi_f2iz                    
000098e5  __fixsfsi                       
00009955  BQ25628E_ReadReg16              
00009989  PIR_Interrupt_PauseForI2C       
000099bd  RAK3172_SetPower                
000099f1  SX126xSetNss                    
00009a8d  __aeabi_f2uiz                   
00009a8d  __fixunssfsi                    
00009abf  strstr                          
00009af1  BQ25628E_WriteReg16             
00009b81  DL_I2C_flushControllerRXFIFO    
00009be1  DL_UART_transmitDataBlocking    
00009c11  SX126xReset                     
00009ca1  SX126xWakeup                    
00009ccf  SYSCFG_DL_SYSCTL_init           
00009cfd  BQ25628E_ReadReg8               
00009ee1  __aeabi_i2d                     
00009ee1  __floatsidf                     
00009f0d  gauge_cmd_read                  
00009f39  get_UART_buffer                 
00009f65  strncpy                         
00009f91  BQ25628E_Set_TS_Ignore          
00009fb9  BQ27Z746_MAC_Send               
0000a199  IMX335_ReadReg                  
0000a1c1  IMX335_WriteReg                 
0000a1e9  __aeabi_ui2f                    
0000a1e9  __floatunsisf                   
0000a211  _c_int00_noargs                 
0000a2ab  DL_I2C_setClockConfig           
0000a2d1  SX126xCheckDeviceReady          
0000a2f7  strspn                          
0000a31d  BQ25628E_WriteReg8              
0000a365  LED_control_init                
0000a389  SX126xWaitOnBusy                
0000a3ad  __aeabi_lmul                    
0000a3ad  __muldi3                        
0000a3d1  i2c_init                        
0000a3f5  strcspn                         
0000a419  memccpy                         
0000a45d  SX126xIoInit                    
0000a47d  gauge_address                   
0000a4dd  uart_init                       
0000a51b  SX126xReadRegister              
0000a539  __aeabi_llsl                    
0000a539  __ashldi3                       
0000a7dd  DL_Timer_setCaptCompUpdateMethod
0000a7f9  DL_Timer_setClockConfig         
0000a869  SX126xWriteRegister             
0000a885  UART0_IRQHandler                
0000ab41  DL_Timer_setCaptureCompareOutCtl
0000abe9  SYSCFG_DL_DMA_CH0_init          
0000ac01  SYSCFG_DL_DMA_CH1_init          
0000ac19  SYSCFG_DL_DMA_CH2_init          
0000ac31  SYSCFG_DL_DMA_CH3_init          
0000ac61  BQ27Z746_ReadInternalTemp_C     
0000ac77  BQ27Z746_ReadTemperature_C      
0000ace5  SX126xDelayMs                   
0000acfb  BQ27Z746_ReadAvgCurrent_mA      
0000ad0f  BQ27Z746_ReadAvgPower_mW        
0000ad23  BQ27Z746_ReadCurrent_mA         
0000ad37  BQ27Z746_ReadSOC_pct            
0000ad4b  BQ27Z746_ReadStateOfHealth_pct  
0000ad5f  BQ27Z746_UseInternalTempOnly    
0000af05  SPI_Memory_CS_Assert            
0000af19  SPI_Memory_CS_Deassert          
0000af2d  SX126xSetOperatingMode          
0000af41  SYSCFG_DL_DMA_init              
0000af55  __aeabi_uldivmod                
0000af69  disable_led_boost               
0000af7d  enable_led_boost                
0000afa5  strchr                          
0000afb9  BQ27Z746_ReadBatteryStatus      
0000afcb  BQ27Z746_ReadCycleCount         
0000afdd  BQ27Z746_ReadFullChargeCap_mAh  
0000afef  BQ27Z746_ReadRemainingCap_mAh   
0000b001  BQ27Z746_ReadTimeToEmpty_min    
0000b013  BQ27Z746_ReadTimeToFull_min     
0000b025  BQ27Z746_ReadVoltage_mV         
0000b07f  DL_SPI_setClockConfig           
0000b0b5  DL_UART_setClockConfig          
0000b0fd  TI_memcpy_small                 
0000b10f  __TI_decompress_none            
0000b121  BQ27Z746_IsDischarging          
0000b131  BQ27Z746_IsFullyCharged         
0000b141  BQ27Z746_IsFullyDischarged      
0000b161  DL_Timer_setCaptureCompareValue 
0000b171  I2C0_IRQHandler                 
0000b181  I2C1_IRQHandler                 
0000b191  LED_flash_stop                  
0000b1a1  LED_get_current                 
0000b1b1  SPI0_IRQHandler                 
0000b1c1  wcslen                          
0000b1d1  __TI_zero_init                  
0000b1e1  BQ25628E_Disable_Watchdog       
0000b1ef  BQ25628E_Set_PeakDischarge_6A   
0000b1fd  __aeabi_memset                  
0000b1fd  __aeabi_memset4                 
0000b1fd  __aeabi_memset8                 
0000b20b  strcpy                          
0000b227  TI_memset_small                 
0000b235  BQ25628E_Get_IBAT_mA            
0000b241  BQ25628E_Get_IBUS_mA            
0000b24d  BQ25628E_Get_VBAT_mV            
0000b259  BQ25628E_Get_VBUS_mV            
0000b265  BQ25628E_Get_VSYS_mV            
0000b271  BQ27Z746_Get_AvgCurrent_mA      
0000b27d  BQ27Z746_Get_AvgPower_mW        
0000b289  BQ27Z746_Get_BatteryStatus      
0000b295  BQ27Z746_Get_Current_mA         
0000b2a1  BQ27Z746_Get_CycleCount         
0000b2ad  BQ27Z746_Get_FullChargeCap_mAh  
0000b2b9  BQ27Z746_Get_InternalTemp_C     
0000b2c5  BQ27Z746_Get_RemainingCap_mAh   
0000b2d1  BQ27Z746_Get_SOC_pct            
0000b2dd  BQ27Z746_Get_StateOfHealth_pct  
0000b2e9  BQ27Z746_Get_Temperature_C      
0000b2f5  BQ27Z746_Get_TimeToEmpty_min    
0000b301  BQ27Z746_Get_TimeToFull_min     
0000b30d  BQ27Z746_Get_Voltage_mV         
0000b319  LED_get_voltage                 
0000b325  SX126xGetOperatingMode          
0000b331  ZDP323B_MotionISR               
0000b33d  __aeabi_memclr                  
0000b33d  __aeabi_memclr4                 
0000b33d  __aeabi_memclr8                 
0000b349  DL_Common_delayCycles           
0000b395  RAK3172_GetLastResponse         
0000b39d  UART1_IRQHandler                
0000b3a5  __aeabi_errno_addr              
0000b3ad  __aeabi_memcpy                  
0000b3ad  __aeabi_memcpy4                 
0000b3ad  __aeabi_memcpy8                 
0000b3b5  abort                           
0000b3ba  C$$EXIT                         
0000b3bb  HOSTexit                        
0000b3bf  Reset_Handler                   
0000b3d5  _system_pre_init                
0000c000  __aeabi_ctype_table_            
0000c000  __aeabi_ctype_table_C           
0000f2dc  __TI_Handler_Table_Base         
0000f2e8  __TI_Handler_Table_Limit        
0000f2f0  __TI_CINIT_Base                 
0000f300  __TI_CINIT_Limit                
0000f300  __TI_CINIT_Warm                 
20200000  __start___llvm_prf_bits         
20200000  __start___llvm_prf_cnts         
20200000  __stop___llvm_prf_bits          
20200000  __stop___llvm_prf_cnts          
20200000  gSPI_RxPacket                   
202003f0  gBOOST_CONTROLBackup            
202004ac  gFLASH_CONTROLBackup            
20200568  UART_Buffer                     
202005a8  gSPI_0Backup                    
202005d0  gSPI_1Backup                    
202005f8  gRxPacket                       
2020061a  gTxPacket                       
2020063c  framSpi                         
2020065c  stm32Spi                        
20200678  gPIR                            
20200684  fram                            
2020068c  gRxCount                        
20200690  gRxLen                          
20200694  gTxCount                        
20200698  gTxLen                          
2020069d  gI2cControllerStatus            
202006a0  expectedRxMessage               
202008a0  gSPI_TxPacket                   
20200aa0  output_currents_led_mA          
20200b66  duty_cycles_led                 
20200bc9  bq_monitor_active               
20200be8  gLTR329                         
20200bf4  gIMX335                         
20200bfc  gLIS3DH                         
20200c04  __aeabi_errno                   
20200c10  led_channel                     
20200c14  monitor_rate                    
20200c20  global_led_voltage              
20200c24  char_index                      
20200c25  data_received                   
20200c27  g_pir_interrupt_enabled         
20200c28  gauge_monitor_active            
20200c29  hall_monitor_active             
20200c2a  lis_monitor_active              
20200c2b  ltr_monitor_active              
20200c2c  pir_monitor_active              
20207e00  __stack                         
20208000  __STACK_END                     
ffffffff  __TI_pprof_out_hndl             
ffffffff  __TI_prof_data_size             
ffffffff  __TI_prof_data_start            
ffffffff  __binit__                       
ffffffff  binit                           
UNDEFED   __mpu_init                      
UNDEFED   _system_post_cinit              

[419 symbols]
