******************************************************************************
            TI ARM Clang Linker PC v4.0.4                      
******************************************************************************
>> Linked Tue May 26 17:56:05 2026

OUTPUT FILE NAME:   <HW_SW_interface_CCS.out>
ENTRY POINT SYMBOL: "_c_int00_noargs"  address: 00007285


MEMORY CONFIGURATION

         name            origin    length      used     unused   attr    fill
----------------------  --------  ---------  --------  --------  ----  --------
  FLASH                 00000000   00020000  0000a690  00015970  R  X
  SRAM                  20200000   00008000  0000041b  00007be5  RW X
  BCR_CONFIG            41c00000   000000ff  00000000  000000ff  R   
  BSL_CONFIG            41c00100   00000080  00000000  00000080  R   


SEGMENT ALLOCATION MAP

run origin  load origin   length   init length attrs members
----------  ----------- ---------- ----------- ----- -------
00000000    00000000    0000a690   0000a690    r-x
  00000000    00000000    000000c0   000000c0    r-- .intvecs
  000000c0    000000c0    00007fd0   00007fd0    r-x .text
  00008090    00008090    000025b0   000025b0    r-- .rodata
  0000a640    0000a640    00000050   00000050    r-- .cinit
20200000    20200000    0000021e   00000000    rw-
  20200000    20200000    000001b1   00000000    rw- .bss
  202001b4    202001b4    0000006a   00000000    rw- .data
20207e00    20207e00    00000200   00000000    rw-
  20207e00    20207e00    00000200   00000000    rw- .stack


SECTION ALLOCATION MAP

 output                                  attributes/
section   page    origin      length       input sections
--------  ----  ----------  ----------   ----------------
.intvecs   0    00000000    000000c0     
                  00000000    000000c0     startup_mspm0g350x_ticlang.o (.intvecs)

.text      0    000000c0    00007fd0     
                  000000c0    000009d0     libc.a : _printfi.c.obj (.text:__TI_printfi)
                  00000a90    000008a4     functions.o (.text.cmd_gauge)
                  00001334    00000514     functions.o (.text.cmd_fram)
                  00001848    000004f4     main.o (.text.main)
                  00001d3c    0000041c     functions.o (.text.cmd_bq)
                  00002158    000002d4     functions.o (.text.cmd_pir_2)
                  0000242c    00000224     pyd1588.o (.text.PIR_readData)
                  00002650    00000220     libc.a : _printfi.c.obj (.text._pconv_a)
                  00002870    00000200     ti_msp_dl_config.o (.text.SYSCFG_DL_GPIO_init)
                  00002a70    000001dc     libc.a : _printfi.c.obj (.text._pconv_g)
                  00002c4c    000001c0     functions.o (.text.cmd_spi)
                  00002e0c    00000192     libclang_rt.builtins.a : adddf3.S.obj (.text.adddf3_subdf3)
                  00002f9e    00000002                            : aeabi_div0.c.obj (.text.__aeabi_idiv0)
                  00002fa0    00000188     i2c.o (.text.I2C_ReadDevice)
                  00003128    00000184     functions.o (.text.cmd_pwr)
                  000032ac    00000150     BQ27Z7_functions.o (.text.BQ27Z746_SetTempSensorConfig)
                  000033fc    00000144     libc.a : strtol.c.obj (.text.strtol)
                  00003540    00000140     BQ27Z7_functions.o (.text.BQ27Z746_SetUTFET_Direct)
                  00003680    0000013c     libc.a : _printfi.c.obj (.text.fcvt)
                  000037bc    00000120            : _printfi.c.obj (.text._pconv_e)
                  000038dc    00000118     BQ27Z7_functions.o (.text.BQ27Z746_MAC_Read)
                  000039f4    00000110     mb85rs.o (.text.MB85RS_Read)
                  00003b04    0000010c     i2c.o (.text.Shared_I2C_IRQHandler)
                  00003c10    0000010c     libclang_rt.builtins.a : divdf3.S.obj (.text.__divdf3)
                  00003d1c    00000108     i2c.o (.text.I2C_WriteDevice)
                  00003e24    00000108     functions.o (.text.cmd_hall)
                  00003f2c    00000104     BQ25628_functions.o (.text.BQ25628E_UpdateTelemetry)
                  00004030    000000fc     driverlib.a : dl_timer.o (.text.DL_Timer_initTimerMode)
                  0000412c    000000f8     mb85rs.o (.text.MB85RS_Write)
                  00004224    000000e4     pyd1588.o (.text.PIR_writeConfig)
                  00004308    000000e4     libclang_rt.builtins.a : muldf3.S.obj (.text.__muldf3)
                  000043ec    000000e4     functions.o (.text.cmd_i2cscan)
                  000044d0    000000e0     functions.o (.text.print_battery_status)
                  000045b0    000000d8     BQ27Z7_functions.o (.text.BQ27Z746_Unseal)
                  00004688    000000d8     uart.o (.text.CLI_ProcessInput)
                  00004760    000000d8     libc.a : s_scalbn.c.obj (.text.scalbn)
                  00004838    000000d8     libclang_rt.builtins.a : addsf3.S.obj (.text)
                  00004910    000000d4     i2c.o (.text.I2C_TryAddress)
                  000049e4    000000cc     main.o (.text.setupCLI)
                  00004ab0    000000b4     uart.o (.text.UARTReceive)
                  00004b64    000000b0     mb85rs.o (.text.MB85RS_ReadID)
                  00004c14    000000b0     ti_msp_dl_config.o (.text.SYSCFG_DL_initPower)
                  00004cc4    000000a2     libclang_rt.builtins.a : udivmoddi4.S.obj (.text)
                  00004d66    00000002                            : aeabi_div0.c.obj (.text.__aeabi_ldiv0)
                  00004d68    0000009c     BQ27Z7_functions.o (.text.BQ27Z746_UpdateTelemetry)
                  00004e04    00000090     mb85rs.o (.text.MB85RS_ReadStatus)
                  00004e94    00000090     pyd1588.o (.text.PIR_configureAndVerify)
                  00004f24    0000008c     spi_master.o (.text.SPI_Controller_Arm)
                  00004fb0    0000008c     libclang_rt.builtins.a : mulsf3.S.obj (.text.__mulsf3)
                  0000503c    0000008c     libc.a : s_floorf.c.obj (.text.floorf)
                  000050c8    00000088     spi_master.o (.text.SPI1_IRQHandler)
                  00005150    00000088     libc.a : strcmp-armv6m.S.obj (.text:strcmp)
                  000051d8    00000082     mb85rs.o (.text.check_bounds)
                  0000525a    00000002     --HOLE-- [fill = 0]
                  0000525c    0000007c     libc.a : copy_decompress_lzss.c.obj (.text:decompress:lzss)
                  000052d8    00000074     BQ27Z7_functions.o (.text.BQ27Z746_GetTempConfig)
                  0000534c    00000074     libclang_rt.builtins.a : comparedf2.c.obj (.text.__gedf2)
                  000053c0    00000074     spi_mem.o (.text.arm_full_duplex)
                  00005434    00000072     spi_mem.o (.text.SPI_Memory_Arm)
                  000054a6    00000002     --HOLE-- [fill = 0]
                  000054a8    00000070     uart.o (.text.CLI_Tokenize)
                  00005518    00000070     gauge.o (.text.gauge_read)
                  00005588    00000070     gauge.o (.text.gauge_write)
                  000055f8    0000006a     BQ27Z7_functions.o (.text.BQ27Z746_GetFETOptions)
                  00005662    00000068     mb85rs.o (.text.MB85RS_Init)
                  000056ca    00000002     --HOLE-- [fill = 0]
                  000056cc    00000068     libclang_rt.builtins.a : comparedf2.c.obj (.text.__ledf2)
                  00005734    00000068     functions.o (.text.pir2_print_help)
                  0000579c    00000068     libc.a : s_roundf.c.obj (.text.roundf)
                  00005804    00000066            : _printfi.c.obj (.text._mcpy)
                  0000586a    00000002     --HOLE-- [fill = 0]
                  0000586c    00000064     BQ25628_functions.o (.text.BQ25628E_Set_VINDPM_mV)
                  000058d0    00000064     ti_msp_dl_config.o (.text.SYSCFG_DL_I2C_0_init)
                  00005934    00000064     ti_msp_dl_config.o (.text.SYSCFG_DL_I2C_1_init)
                  00005998    00000064     uart.o (.text.uart_printf)
                  000059fc    00000062     BQ27Z7_functions.o (.text.BQ27Z746_EnsureUnsealed)
                  00005a5e    00000062     BQ27Z7_functions.o (.text.BQ27Z746_GetOperationStatus)
                  00005ac0    00000062     BQ27Z7_functions.o (.text.BQ27Z746_GetSafetyStatus)
                  00005b22    00000002     --HOLE-- [fill = 0]
                  00005b24    00000062     libclang_rt.builtins.a : aeabi_dcmp.S.obj (.text.__aeabi_dcmp)
                  00005b86    00000002     --HOLE-- [fill = 0]
                  00005b88    00000062                            : aeabi_fcmp.S.obj (.text.__aeabi_fcmp)
                  00005bea    00000062     mb85rs.o (.text.send_cmd_only)
                  00005c4c    00000060     BQ25628_functions.o (.text.BQ25628E_Set_VREG_mV)
                  00005cac    00000060     BQ25628_functions.o (.text.BQ25628E_Set_VSYSMIN_mV)
                  00005d0c    00000060     spi_mem.o (.text.SPI_Memory_Init)
                  00005d6c    0000005e     BQ27Z7_functions.o (.text.BQ27Z746_GetChargingStatus)
                  00005dca    0000005e     driverlib.a : dl_i2c.o (.text.DL_I2C_fillControllerTXFIFO)
                  00005e28    0000005c     uart.o (.text.CLI_RegisterCommand)
                  00005e84    0000005c     spi_master.o (.text.SPI_Controller_Init)
                  00005ee0    0000005c     libc.a : s_frexp.c.obj (.text.frexp)
                  00005f3c    0000005a     BQ27Z7_functions.o (.text.BQ27Z746_Seal)
                  00005f96    00000002     --HOLE-- [fill = 0]
                  00005f98    00000058     BQ25628_functions.o (.text.BQ25628E_Set_ICHG_mA)
                  00005ff0    00000058     BQ25628_functions.o (.text.BQ25628E_Set_IINDPM_mA)
                  00006048    00000058     spi_mem.o (.text.SPI_Memory_IRQHandler)
                  000060a0    00000058     ti_msp_dl_config.o (.text.SYSCFG_DL_SPI_0_init)
                  000060f8    00000058     ti_msp_dl_config.o (.text.SYSCFG_DL_SPI_1_init)
                  00006150    00000058     libc.a : _ltoa.c.obj (.text.__TI_ltoa)
                  000061a8    00000058            : _printfi.c.obj (.text._pconv_f)
                  00006200    00000056     BQ27Z7_functions.o (.text.BQ27Z746_GetChemID)
                  00006256    00000056     BQ27Z7_functions.o (.text.BQ27Z746_GetDeviceType)
                  000062ac    00000056     BQ27Z7_functions.o (.text.BQ27Z746_GetFirmwareVersion)
                  00006302    00000002     --HOLE-- [fill = 0]
                  00006304    00000056     libclang_rt.builtins.a : aeabi_idivmod.S.obj (.text.__aeabi_idivmod)
                  0000635a    00000002     --HOLE-- [fill = 0]
                  0000635c    00000054     uart.o (.text.invokeBSLAsm)
                  000063b0    00000052     libc.a : _printfi.c.obj (.text._ecpy)
                  00006402    00000050     BQ25628_functions.o (.text.BQ25628E_UpdateBits8)
                  00006452    00000002     --HOLE-- [fill = 0]
                  00006454    00000050     ti_msp_dl_config.o (.text.DL_GPIO_initPeripheralInputFunctionFeatures)
                  000064a4    00000050     i2c.o (.text.DL_I2C_startControllerTransfer)
                  000064f4    00000050     uart.o (.text.cmd_help)
                  00006544    0000004c     BQ25628_functions.o (.text.BQ25628E_Init_Default)
                  00006590    0000004c     BQ27Z7_functions.o (.text.BQ27Z746_GetSecurityMode)
                  000065dc    0000004c     BQ27Z7_functions.o (.text.BQ27Z746_Init)
                  00006628    0000004c     driverlib.a : dl_dma.o (.text.DL_DMA_initChannel)
                  00006674    0000004c     ti_msp_dl_config.o (.text.DL_GPIO_initDigitalInputFeatures)
                  000066c0    0000004c     ti_msp_dl_config.o (.text.DL_UART_setBaudRateDivisor)
                  0000670c    0000004c     spi_mem.o (.text.SPI_Memory_Wait)
                  00006758    0000004a     libclang_rt.builtins.a : fixdfsi.S.obj (.text.__fixdfsi)
                  000067a2    00000002     --HOLE-- [fill = 0]
                  000067a4    00000048     driverlib.a : dl_uart.o (.text.DL_UART_init)
                  000067ec    00000048     ti_msp_dl_config.o (.text.SYSCFG_DL_UART_0_init)
                  00006834    00000048     libc.a : strtok.c.obj (.text.strtok)
                  0000687c    00000044     driverlib.a : dl_spi.o (.text.DL_SPI_init)
                  000068c0    00000044     ti_msp_dl_config.o (.text.SYSCFG_DL_init)
                  00006904    00000040     ti_msp_dl_config.o (.text.SYSCFG_DL_MCU_UART_1_init)
                  00006944    00000040     libclang_rt.builtins.a : aeabi_uidivmod.S.obj (.text.__aeabi_uidivmod)
                  00006984    00000040     libc.a : atoi.c.obj (.text.atoi)
                  000069c4    00000040     uart.o (.text.printToUART)
                  00006a04    00000040     libc.a : vsnprintf.c.obj (.text.vsnprintf)
                  00006a44    0000003e     spi_mem.o (.text.arm_tx_only)
                  00006a82    00000002     --HOLE-- [fill = 0]
                  00006a84    0000003c     driverlib.a : dl_i2c.o (.text.DL_I2C_flushControllerTXFIFO)
                  00006ac0    0000003c     libclang_rt.builtins.a : floatsisf.S.obj (.text.__floatsisf)
                  00006afc    0000003c                            : comparesf2.S.obj (.text.__gtsf2)
                  00006b38    0000003c     libc.a : autoinit.c.obj (.text:__TI_auto_init_nobinit_nopinit)
                  00006b74    0000003a     libclang_rt.builtins.a : comparesf2.S.obj (.text.__eqsf2)
                  00006bae    00000002     --HOLE-- [fill = 0]
                  00006bb0    0000003a                            : muldsi3.S.obj (.text.__muldsi3)
                  00006bea    00000002     --HOLE-- [fill = 0]
                  00006bec    00000038     main.o (.text.GROUP1_IRQHandler)
                  00006c24    00000038     libclang_rt.builtins.a : fixsfsi.S.obj (.text.__fixsfsi)
                  00006c5c    00000038     functions.o (.text.print_time)
                  00006c94    00000034     BQ25628_functions.o (.text.BQ25628E_ReadReg16)
                  00006cc8    00000034     pyd1588.o (.text.PIR_clearInterrupt)
                  00006cfc    00000034     ti_msp_dl_config.o (.text.SYSCFG_DL_TIMER_0_init)
                  00006d30    00000034     main.o (.text.__NVIC_DisableIRQ)
                  00006d64    00000030     BQ25628_functions.o (.text.BQ25628E_WriteReg16)
                  00006d94    00000030     spi_master.o (.text.DL_DMA_setTransferSize)
                  00006dc4    00000030     spi_mem.o (.text.DL_DMA_setTransferSize)
                  00006df4    00000030     driverlib.a : dl_i2c.o (.text.DL_I2C_flushControllerRXFIFO)
                  00006e24    00000030     ti_msp_dl_config.o (.text.DL_SPI_setFIFOThreshold)
                  00006e54    00000030     driverlib.a : dl_uart.o (.text.DL_UART_transmitDataBlocking)
                  00006e84    00000030     libc.a : _printfi.c.obj (.text._fcpy)
                  00006eb4    00000030            : vsnprintf.c.obj (.text._outs)
                  00006ee4    0000002c     BQ25628_functions.o (.text.BQ25628E_ReadReg8)
                  00006f10    0000002c     i2c.o (.text.__NVIC_ClearPendingIRQ)
                  00006f3c    0000002c     uart.o (.text.__NVIC_ClearPendingIRQ)
                  00006f68    0000002c     functions.o (.text.__NVIC_EnableIRQ)
                  00006f94    0000002c     i2c.o (.text.__NVIC_EnableIRQ)
                  00006fc0    0000002c     main.o (.text.__NVIC_EnableIRQ)
                  00006fec    0000002c     uart.o (.text.__NVIC_EnableIRQ)
                  00007018    0000002c     libclang_rt.builtins.a : floatsidf.S.obj (.text.__floatsidf)
                  00007044    0000002c     gauge.o (.text.gauge_cmd_read)
                  00007070    0000002c     uart.o (.text.get_UART_buffer)
                  0000709c    0000002c     libc.a : strncpy.c.obj (.text.strncpy)
                  000070c8    0000002a     ti_msp_dl_config.o (.text.SYSCFG_DL_SYSCTL_init)
                  000070f2    00000028     BQ25628_functions.o (.text.BQ25628E_Set_TS_Ignore)
                  0000711a    00000028     BQ27Z7_functions.o (.text.BQ27Z746_MAC_Send)
                  00007142    00000028     i2c.o (.text.DL_Common_updateReg)
                  0000716a    00000028     ti_msp_dl_config.o (.text.DL_Common_updateReg)
                  00007192    00000002     --HOLE-- [fill = 0]
                  00007194    00000028     spi_master.o (.text.DL_DMA_setDestAddr)
                  000071bc    00000028     spi_mem.o (.text.DL_DMA_setDestAddr)
                  000071e4    00000028     spi_master.o (.text.DL_DMA_setSrcAddr)
                  0000720c    00000028     spi_mem.o (.text.DL_DMA_setSrcAddr)
                  00007234    00000028     ti_msp_dl_config.o (.text.DL_I2C_setControllerRXFIFOThreshold)
                  0000725c    00000028     ti_msp_dl_config.o (.text.DL_I2C_setControllerTXFIFOThreshold)
                  00007284    00000028     libc.a : boot_cortex_m.c.obj (.text:_c_int00_noargs)
                  000072ac    00000026     spi_master.o (.text.DL_DMA_enableChannel)
                  000072d2    00000026     spi_mem.o (.text.DL_DMA_enableChannel)
                  000072f8    00000026     ti_msp_dl_config.o (.text.DL_I2C_setAnalogGlitchFilterPulseWidth)
                  0000731e    00000026     driverlib.a : dl_i2c.o (.text.DL_I2C_setClockConfig)
                  00007344    00000026     libc.a : strspn.c.obj (.text.strspn)
                  0000736a    00000002     --HOLE-- [fill = 0]
                  0000736c    00000024     BQ25628_functions.o (.text.BQ25628E_WriteReg8)
                  00007390    00000024     ti_msp_dl_config.o (.text.DL_SPI_setBitRateSerialClockDivider)
                  000073b4    00000024     libclang_rt.builtins.a : muldi3.S.obj (.text.__muldi3)
                  000073d8    00000024     i2c.o (.text.i2c_init)
                  000073fc    00000024     libc.a : strcspn.c.obj (.text.strcspn)
                  00007420    00000022            : memccpy.c.obj (.text.memccpy)
                  00007442    00000002     --HOLE-- [fill = 0]
                  00007444    00000020     ti_msp_dl_config.o (.text.DL_GPIO_initPeripheralInputFunction)
                  00007464    00000020     gauge.o (.text.gauge_address)
                  00007484    00000020     BQ27Z7_functions.o (.text.kelvin_to_celsius)
                  000074a4    00000020     mb85rs.o (.text.pack_address)
                  000074c4    00000020     uart.o (.text.uart_init)
                  000074e4    0000001e     ti_msp_dl_config.o (.text.DL_UART_setOversampling)
                  00007502    00000002     --HOLE-- [fill = 0]
                  00007504    0000001e     libclang_rt.builtins.a : ashldi3.S.obj (.text.__ashldi3)
                  00007522    0000001e     BQ27Z7_functions.o (.text.read_reg16)
                  00007540    0000001c     functions.o (.text.DL_GPIO_clearInterruptStatus)
                  0000755c    0000001c     main.o (.text.DL_GPIO_clearInterruptStatus)
                  00007578    0000001c     ti_msp_dl_config.o (.text.DL_GPIO_clearInterruptStatus)
                  00007594    0000001c     ti_msp_dl_config.o (.text.DL_GPIO_enableHiZ)
                  000075b0    0000001c     ti_msp_dl_config.o (.text.DL_GPIO_enableInterrupt)
                  000075cc    0000001c     ti_msp_dl_config.o (.text.DL_GPIO_initPeripheralOutputFunction)
                  000075e8    0000001c     ti_msp_dl_config.o (.text.DL_GPIO_setLowerPinsPolarity)
                  00007604    0000001c     i2c.o (.text.DL_I2C_disableInterrupt)
                  00007620    0000001c     i2c.o (.text.DL_I2C_enableInterrupt)
                  0000763c    0000001c     ti_msp_dl_config.o (.text.DL_I2C_enableInterrupt)
                  00007658    0000001c     i2c.o (.text.DL_I2C_isControllerRXFIFOEmpty)
                  00007674    0000001c     ti_msp_dl_config.o (.text.DL_SPI_enableInterrupt)
                  00007690    0000001c     ti_msp_dl_config.o (.text.DL_SYSCTL_setMCLKDivider)
                  000076ac    0000001c     ti_msp_dl_config.o (.text.DL_SYSCTL_setSYSOSCFreq)
                  000076c8    0000001c     ti_msp_dl_config.o (.text.DL_SYSCTL_setULPCLKDivider)
                  000076e4    0000001c     ti_msp_dl_config.o (.text.DL_Timer_enableInterrupt)
                  00007700    0000001c     driverlib.a : dl_timer.o (.text.DL_Timer_setClockConfig)
                  0000771c    0000001c     ti_msp_dl_config.o (.text.DL_UART_enableInterrupt)
                  00007738    0000001c     main.o (.text.UART0_IRQHandler)
                  00007754    00000018     pyd1588.o (.text.DL_GPIO_enableOutput)
                  0000776c    00000018     ti_msp_dl_config.o (.text.DL_GPIO_enableOutput)
                  00007784    00000018     ti_msp_dl_config.o (.text.DL_GPIO_enablePower)
                  0000779c    00000018     main.o (.text.DL_GPIO_getEnabledInterruptStatus)
                  000077b4    00000018     ti_msp_dl_config.o (.text.DL_GPIO_initDigitalOutput)
                  000077cc    00000018     ti_msp_dl_config.o (.text.DL_GPIO_reset)
                  000077e4    00000018     functions.o (.text.DL_GPIO_setPins)
                  000077fc    00000018     main.o (.text.DL_GPIO_setPins)
                  00007814    00000018     pyd1588.o (.text.DL_GPIO_setPins)
                  0000782c    00000018     spi_mem.o (.text.DL_GPIO_setPins)
                  00007844    00000018     ti_msp_dl_config.o (.text.DL_GPIO_setPins)
                  0000785c    00000018     ti_msp_dl_config.o (.text.DL_GPIO_setUpperPinsPolarity)
                  00007874    00000018     i2c.o (.text.DL_I2C_clearInterruptStatus)
                  0000788c    00000018     ti_msp_dl_config.o (.text.DL_I2C_enableAnalogGlitchFilter)
                  000078a4    00000018     ti_msp_dl_config.o (.text.DL_I2C_enableController)
                  000078bc    00000018     ti_msp_dl_config.o (.text.DL_I2C_enableControllerClockStretching)
                  000078d4    00000018     ti_msp_dl_config.o (.text.DL_I2C_enablePower)
                  000078ec    00000018     ti_msp_dl_config.o (.text.DL_I2C_reset)
                  00007904    00000018     ti_msp_dl_config.o (.text.DL_I2C_setTimerPeriod)
                  0000791c    00000018     ti_msp_dl_config.o (.text.DL_SPI_enable)
                  00007934    00000018     ti_msp_dl_config.o (.text.DL_SPI_enableDMAReceiveEvent)
                  0000794c    00000018     ti_msp_dl_config.o (.text.DL_SPI_enablePower)
                  00007964    00000018     ti_msp_dl_config.o (.text.DL_SPI_reset)
                  0000797c    00000018     ti_msp_dl_config.o (.text.DL_SYSCTL_setBORThreshold)
                  00007994    00000018     ti_msp_dl_config.o (.text.DL_Timer_enablePower)
                  000079ac    00000018     ti_msp_dl_config.o (.text.DL_Timer_reset)
                  000079c4    00000018     ti_msp_dl_config.o (.text.DL_UART_enablePower)
                  000079dc    00000018     functions.o (.text.DL_UART_isRXFIFOEmpty)
                  000079f4    00000018     ti_msp_dl_config.o (.text.DL_UART_reset)
                  00007a0c    00000018     ti_msp_dl_config.o (.text.SYSCFG_DL_DMA_CH0_init)
                  00007a24    00000018     ti_msp_dl_config.o (.text.SYSCFG_DL_DMA_CH1_init)
                  00007a3c    00000018     ti_msp_dl_config.o (.text.SYSCFG_DL_DMA_CH2_init)
                  00007a54    00000018     ti_msp_dl_config.o (.text.SYSCFG_DL_DMA_CH3_init)
                  00007a6c    00000018     libc.a : vsnprintf.c.obj (.text._outc)
                  00007a84    00000016     BQ27Z7_functions.o (.text.BQ27Z746_ReadInternalTemp_C)
                  00007a9a    00000016     BQ27Z7_functions.o (.text.BQ27Z746_ReadTemperature_C)
                  00007ab0    00000016     main.o (.text.DL_GPIO_readPins)
                  00007ac6    00000016     pyd1588.o (.text.DL_GPIO_readPins)
                  00007adc    00000016     ti_msp_dl_config.o (.text.DL_UART_enable)
                  00007af2    00000016     libc.a : copy_zero_init.c.obj (.text:decompress:ZI:__TI_zero_init_nomemset)
                  00007b08    00000014     BQ27Z7_functions.o (.text.BQ27Z746_ReadAvgCurrent_mA)
                  00007b1c    00000014     BQ27Z7_functions.o (.text.BQ27Z746_ReadAvgPower_mW)
                  00007b30    00000014     BQ27Z7_functions.o (.text.BQ27Z746_ReadCurrent_mA)
                  00007b44    00000014     BQ27Z7_functions.o (.text.BQ27Z746_ReadSOC_pct)
                  00007b58    00000014     BQ27Z7_functions.o (.text.BQ27Z746_ReadStateOfHealth_pct)
                  00007b6c    00000014     BQ27Z7_functions.o (.text.BQ27Z746_UseInternalTempOnly)
                  00007b80    00000014     functions.o (.text.DL_GPIO_clearPins)
                  00007b94    00000014     pyd1588.o (.text.DL_GPIO_clearPins)
                  00007ba8    00000014     spi_mem.o (.text.DL_GPIO_clearPins)
                  00007bbc    00000014     ti_msp_dl_config.o (.text.DL_GPIO_clearPins)
                  00007bd0    00000014     pyd1588.o (.text.DL_GPIO_disableOutput)
                  00007be4    00000014     i2c.o (.text.DL_I2C_getControllerStatus)
                  00007bf8    00000014     i2c.o (.text.DL_I2C_receiveControllerData)
                  00007c0c    00000014     ti_msp_dl_config.o (.text.DL_I2C_resetControllerTransfer)
                  00007c20    00000014     ti_msp_dl_config.o (.text.DL_SPI_enableDMATransmitEvent)
                  00007c34    00000014     ti_msp_dl_config.o (.text.DL_SYSCTL_disableSYSPLL)
                  00007c48    00000014     ti_msp_dl_config.o (.text.DL_Timer_enableClock)
                  00007c5c    00000014     functions.o (.text.DL_UART_receiveData)
                  00007c70    00000014     uart.o (.text.DL_UART_receiveData)
                  00007c84    00000014     spi_mem.o (.text.SPI_Memory_CS_Assert)
                  00007c98    00000014     spi_mem.o (.text.SPI_Memory_CS_Deassert)
                  00007cac    00000014     ti_msp_dl_config.o (.text.SYSCFG_DL_DMA_init)
                  00007cc0    00000014     libclang_rt.builtins.a : aeabi_uldivmod.S.obj (.text.__aeabi_uldivmod)
                  00007cd4    00000014     libc.a : _printfi.c.obj (.text.strchr)
                  00007ce8    00000014            : strchr.c.obj (.text.strchr)
                  00007cfc    00000012     BQ27Z7_functions.o (.text.BQ27Z746_ReadBatteryStatus)
                  00007d0e    00000012     BQ27Z7_functions.o (.text.BQ27Z746_ReadCycleCount)
                  00007d20    00000012     BQ27Z7_functions.o (.text.BQ27Z746_ReadFullChargeCap_mAh)
                  00007d32    00000012     BQ27Z7_functions.o (.text.BQ27Z746_ReadRemainingCap_mAh)
                  00007d44    00000012     BQ27Z7_functions.o (.text.BQ27Z746_ReadTimeToEmpty_min)
                  00007d56    00000012     BQ27Z7_functions.o (.text.BQ27Z746_ReadTimeToFull_min)
                  00007d68    00000012     BQ27Z7_functions.o (.text.BQ27Z746_ReadVoltage_mV)
                  00007d7a    00000012     i2c.o (.text.DL_I2C_getPendingInterrupt)
                  00007d8c    00000012     spi_master.o (.text.DL_SPI_getPendingInterrupt)
                  00007d9e    00000012     spi_mem.o (.text.DL_SPI_getPendingInterrupt)
                  00007db0    00000012     driverlib.a : dl_spi.o (.text.DL_SPI_setClockConfig)
                  00007dc2    00000012     main.o (.text.DL_UART_getPendingInterrupt)
                  00007dd4    00000012     driverlib.a : dl_uart.o (.text.DL_UART_setClockConfig)
                  00007de6    00000012     BQ27Z7_functions.o (.text.security_usleep)
                  00007df8    00000012     mb85rs.o (.text.wrdi)
                  00007e0a    00000012     mb85rs.o (.text.wren)
                  00007e1c    00000012     libc.a : memcpy16.S.obj (.text:TI_memcpy_small)
                  00007e2e    00000012            : copy_decompress_none.c.obj (.text:decompress:none)
                  00007e40    00000010     BQ27Z7_functions.o (.text.BQ27Z746_IsDischarging)
                  00007e50    00000010     BQ27Z7_functions.o (.text.BQ27Z746_IsFullyCharged)
                  00007e60    00000010     BQ27Z7_functions.o (.text.BQ27Z746_IsFullyDischarged)
                  00007e70    00000010     ti_msp_dl_config.o (.text.DL_SYSCTL_disableHFXT)
                  00007e80    00000010     i2c.o (.text.I2C0_IRQHandler)
                  00007e90    00000010     i2c.o (.text.I2C1_IRQHandler)
                  00007ea0    00000010     pyd1588.o (.text.PIR_init)
                  00007eb0    00000010     spi_mem.o (.text.SPI0_IRQHandler)
                  00007ec0    00000010     libc.a : wcslen.c.obj (.text.wcslen)
                  00007ed0    0000000e     BQ25628_functions.o (.text.BQ25628E_Set_PeakDischarge_6A)
                  00007ede    00000002     --HOLE-- [fill = 0]
                  00007ee0    0000000e     libclang_rt.builtins.a : aeabi_memset.S.obj (.text.__aeabi_memset)
                  00007eee    0000000e     libc.a : strcpy.c.obj (.text.strcpy)
                  00007efc    0000000e            : _printfi.c.obj (.text.strlen)
                  00007f0a    0000000e            : memset16.S.obj (.text:TI_memset_small)
                  00007f18    0000000c     BQ25628_functions.o (.text.BQ25628E_Get_IBAT_mA)
                  00007f24    0000000c     BQ25628_functions.o (.text.BQ25628E_Get_IBUS_mA)
                  00007f30    0000000c     BQ25628_functions.o (.text.BQ25628E_Get_VBAT_mV)
                  00007f3c    0000000c     BQ25628_functions.o (.text.BQ25628E_Get_VBUS_mV)
                  00007f48    0000000c     BQ25628_functions.o (.text.BQ25628E_Get_VSYS_mV)
                  00007f54    0000000c     BQ27Z7_functions.o (.text.BQ27Z746_Get_AvgCurrent_mA)
                  00007f60    0000000c     BQ27Z7_functions.o (.text.BQ27Z746_Get_AvgPower_mW)
                  00007f6c    0000000c     BQ27Z7_functions.o (.text.BQ27Z746_Get_BatteryStatus)
                  00007f78    0000000c     BQ27Z7_functions.o (.text.BQ27Z746_Get_Current_mA)
                  00007f84    0000000c     BQ27Z7_functions.o (.text.BQ27Z746_Get_CycleCount)
                  00007f90    0000000c     BQ27Z7_functions.o (.text.BQ27Z746_Get_FullChargeCap_mAh)
                  00007f9c    0000000c     BQ27Z7_functions.o (.text.BQ27Z746_Get_InternalTemp_C)
                  00007fa8    0000000c     BQ27Z7_functions.o (.text.BQ27Z746_Get_RemainingCap_mAh)
                  00007fb4    0000000c     BQ27Z7_functions.o (.text.BQ27Z746_Get_SOC_pct)
                  00007fc0    0000000c     BQ27Z7_functions.o (.text.BQ27Z746_Get_StateOfHealth_pct)
                  00007fcc    0000000c     BQ27Z7_functions.o (.text.BQ27Z746_Get_Temperature_C)
                  00007fd8    0000000c     BQ27Z7_functions.o (.text.BQ27Z746_Get_TimeToEmpty_min)
                  00007fe4    0000000c     BQ27Z7_functions.o (.text.BQ27Z746_Get_TimeToFull_min)
                  00007ff0    0000000c     BQ27Z7_functions.o (.text.BQ27Z746_Get_Voltage_mV)
                  00007ffc    0000000c     libclang_rt.builtins.a : aeabi_memset.S.obj (.text.__aeabi_memclr)
                  00008008    0000000a     driverlib.a : dl_common.o (.text.DL_Common_delayCycles)
                  00008012    0000000a     libc.a : _printfi.c.obj (.text.OUTLINED_FUNCTION_0)
                  0000801c    00000010     libclang_rt.builtins.a : adddf3.S.obj (.tramp.__aeabi_dsub.1)
                  0000802c    0000000a     libc.a : s_roundf.c.obj (.text.OUTLINED_FUNCTION_0)
                  00008036    00000002     --HOLE-- [fill = 0]
                  00008038    00000010     libclang_rt.builtins.a : addsf3.S.obj (.tramp.__aeabi_fadd.1)
                  00008048    0000000a     libc.a : _printfi.c.obj (.text.OUTLINED_FUNCTION_1)
                  00008052    00000002     --HOLE-- [fill = 0]
                  00008054    00000008            : aeabi_portable.c.obj (.text.__aeabi_errno_addr)
                  0000805c    00000008     libclang_rt.builtins.a : aeabi_memcpy.S.obj (.text.__aeabi_memcpy)
                  00008064    00000006     libc.a : exit.c.obj (.text:abort)
                  0000806a    00000004     startup_mspm0g350x_ticlang.o (.text.Default_Handler)
                  0000806e    00000004     libsysbm.a : hostexit.c.obj (.text.HOSTexit)
                  00008072    00000004     startup_mspm0g350x_ticlang.o (.text.Reset_Handler)
                  00008076    00000002     --HOLE-- [fill = 0]
                  00008078    00000010     libc.a : boot_cortex_m.c.obj (.tramp._c_int00_noargs.1)
                  00008088    00000004            : pre_init.c.obj (.text._system_pre_init)
                  0000808c    00000004     --HOLE-- [fill = 0]

.cinit     0    0000a640    00000050     
                  0000a640    0000002c     (.cinit..data.load) [load image, compression = lzss]
                  0000a66c    0000000c     (__TI_handler_table)
                  0000a678    00000008     (.cinit..bss.load) [load image, compression = zero_init]
                  0000a680    00000010     (__TI_cinit_table)

.rodata    0    00008090    000025b0     
                  00008090    000002ec     functions.o (.rodata.str1.14660004578859228044.1)
                  0000837c    000001da     functions.o (.rodata.str1.17600609178903569978.1)
                  00008556    00000131     functions.o (.rodata.str1.14424774467072349609.1)
                  00008687    00000009     main.o (.rodata.str1.11321157723316767883.1)
                  00008690    00000101     libc.a : aeabi_ctype.S.obj (.rodata:__aeabi_ctype_table_)
                  00008791    000000af     functions.o (.rodata.str1.10105263805998509149.1)
                  00008840    0000004d     functions.o (.rodata.str1.5685701548624197313.1)
                  0000888d    00000047     functions.o (.rodata.str1.5574861860302912700.1)
                  000088d4    00000046     functions.o (.rodata.str1.14754684760099289372.1)
                  0000891a    00000041     functions.o (.rodata.str1.2344728598999326712.1)
                  0000895b    0000003c     functions.o (.rodata.str1.6596733414268854495.1)
                  00008997    0000003b     functions.o (.rodata.str1.13405053720543497480.1)
                  000089d2    0000003b     main.o (.rodata.str1.7996925722583989644.1)
                  00008a0d    0000003a     functions.o (.rodata.str1.13647871663007229205.1)
                  00008a47    00000036     functions.o (.rodata.str1.11740181311745255940.1)
                  00008a7d    00000035     functions.o (.rodata.str1.2299744636238869032.1)
                  00008ab2    00000034     functions.o (.rodata.str1.11489194655681450928.1)
                  00008ae6    00000034     functions.o (.rodata.str1.13869735989619804122.1)
                  00008b1a    00000033     functions.o (.rodata.str1.12247701732483370762.1)
                  00008b4d    00000033     functions.o (.rodata.str1.14425403555696131028.1)
                  00008b80    00000031     functions.o (.rodata.str1.11371842499512143921.1)
                  00008bb1    00000031     main.o (.rodata.str1.16265332423659789559.1)
                  00008be2    00000030     main.o (.rodata.str1.16302215771116645891.1)
                  00008c12    00000030     functions.o (.rodata.str1.6736404338818286726.1)
                  00008c42    0000002f     functions.o (.rodata.str1.11510568493784519380.1)
                  00008c71    0000002f     main.o (.rodata.str1.18227636981041470289.1)
                  00008ca0    0000002d     functions.o (.rodata.str1.13361924668150654931.1)
                  00008ccd    0000002d     functions.o (.rodata.str1.13786467237224150958.1)
                  00008cfa    0000002d     functions.o (.rodata.str1.15871961652988661611.1)
                  00008d27    0000002d     functions.o (.rodata.str1.17873271132953962449.1)
                  00008d54    0000002d     functions.o (.rodata.str1.303947978237559523.1)
                  00008d81    0000002c     functions.o (.rodata.str1.3019495220097340546.1)
                  00008dad    0000002c     main.o (.rodata.str1.6554448696319176064.1)
                  00008dd9    0000002a     functions.o (.rodata.str1.11852899632267644254.1)
                  00008e03    0000002a     functions.o (.rodata.str1.13933329845969146692.1)
                  00008e2d    0000002a     functions.o (.rodata.str1.17242831494859343374.1)
                  00008e57    00000029     functions.o (.rodata.str1.14212890215622683485.1)
                  00008e80    00000029     functions.o (.rodata.str1.6783150972682750781.1)
                  00008ea9    00000028     functions.o (.rodata.str1.13707145581914847747.1)
                  00008ed1    00000027     functions.o (.rodata.str1.15074034281527865494.1)
                  00008ef8    00000027     pyd1588.o (.rodata.str1.18409487200034540721.1)
                  00008f1f    00000027     functions.o (.rodata.str1.7085808795165203043.1)
                  00008f46    00000027     pyd1588.o (.rodata.str1.8395541327817187420.1)
                  00008f6d    00000027     main.o (.rodata.str1.9059077390166914652.1)
                  00008f94    00000026     functions.o (.rodata.str1.11596568296542930794.1)
                  00008fba    00000026     main.o (.rodata.str1.11822182024223342093.1)
                  00008fe0    00000026     functions.o (.rodata.str1.312031595841812858.1)
                  00009006    00000025     main.o (.rodata.str1.11870794119293528247.1)
                  0000902b    00000025     main.o (.rodata.str1.14079361385603432444.1)
                  00009050    00000025     functions.o (.rodata.str1.5196872854305757230.1)
                  00009075    00000024     main.o (.rodata.str1.10224226614597680209.1)
                  00009099    00000024     functions.o (.rodata.str1.2298903785866919411.1)
                  000090bd    00000024     pyd1588.o (.rodata.str1.7892041790112914011.1)
                  000090e1    00000024     main.o (.rodata.str1.8096991282711418442.1)
                  00009105    00000024     functions.o (.rodata.str1.831622212789273363.1)
                  00009129    00000023     main.o (.rodata.str1.14402440632258215044.1)
                  0000914c    00000023     uart.o (.rodata.str1.14464947116831474962.1)
                  0000916f    00000023     functions.o (.rodata.str1.3739636256912452571.1)
                  00009192    00000023     functions.o (.rodata.str1.4088760258362988122.1)
                  000091b5    00000023     functions.o (.rodata.str1.7723146404961276984.1)
                  000091d8    00000022     main.o (.rodata.str1.10635229749459437609.1)
                  000091fa    00000022     functions.o (.rodata.str1.10930655922842606279.1)
                  0000921c    00000022     functions.o (.rodata.str1.11373607083750233779.1)
                  0000923e    00000022     functions.o (.rodata.str1.11403685632016021771.1)
                  00009260    00000022     functions.o (.rodata.str1.16614484817706633923.1)
                  00009282    00000022     functions.o (.rodata.str1.2190941444116491765.1)
                  000092a4    00000022     functions.o (.rodata.str1.2305192595417680505.1)
                  000092c6    00000022     main.o (.rodata.str1.2563708670032483588.1)
                  000092e8    00000022     main.o (.rodata.str1.2597068879322958637.1)
                  0000930a    00000022     functions.o (.rodata.str1.8841248051089024616.1)
                  0000932c    00000021     functions.o (.rodata.str1.10302267126528799586.1)
                  0000934d    00000021     functions.o (.rodata.str1.11345522308171243087.1)
                  0000936e    00000021     functions.o (.rodata.str1.12250083639950253671.1)
                  0000938f    00000021     functions.o (.rodata.str1.16726128468901222387.1)
                  000093b0    00000021     functions.o (.rodata.str1.17004305802620412261.1)
                  000093d1    00000021     functions.o (.rodata.str1.17524032667240931881.1)
                  000093f2    00000021     functions.o (.rodata.str1.18169768820860067831.1)
                  00009413    00000021     functions.o (.rodata.str1.2216088936736676215.1)
                  00009434    00000021     functions.o (.rodata.str1.2654337880733388962.1)
                  00009455    00000021     functions.o (.rodata.str1.3098115528246613681.1)
                  00009476    00000021     functions.o (.rodata.str1.3322434249706281543.1)
                  00009497    00000021     functions.o (.rodata.str1.4531601087117612729.1)
                  000094b8    00000021     functions.o (.rodata.str1.455706336395187257.1)
                  000094d9    00000021     functions.o (.rodata.str1.8430466031500812981.1)
                  000094fa    00000020     functions.o (.rodata.str1.10387253022637546114.1)
                  0000951a    00000020     functions.o (.rodata.str1.10868672936327135180.1)
                  0000953a    00000020     functions.o (.rodata.str1.11488970495173820783.1)
                  0000955a    00000020     main.o (.rodata.str1.13030671760666898970.1)
                  0000957a    00000020     functions.o (.rodata.str1.14247832736261690914.1)
                  0000959a    00000020     functions.o (.rodata.str1.16499007181999684178.1)
                  000095ba    00000020     functions.o (.rodata.str1.16985884696085998545.1)
                  000095da    00000020     functions.o (.rodata.str1.17954340015018547257.1)
                  000095fa    00000020     functions.o (.rodata.str1.1879081474855052955.1)
                  0000961a    00000020     functions.o (.rodata.str1.2347775125427912132.1)
                  0000963a    00000020     functions.o (.rodata.str1.2989574447005584482.1)
                  0000965a    00000020     functions.o (.rodata.str1.9506313465773766142.1)
                  0000967a    0000001f     functions.o (.rodata.str1.12410864860910897959.1)
                  00009699    0000001f     main.o (.rodata.str1.14112174005742061988.1)
                  000096b8    0000001f     functions.o (.rodata.str1.14464870060864390341.1)
                  000096d7    0000001f     functions.o (.rodata.str1.16977936627528246064.1)
                  000096f6    0000001f     functions.o (.rodata.str1.204082772225115829.1)
                  00009715    0000001f     functions.o (.rodata.str1.2618360898605671341.1)
                  00009734    0000001f     functions.o (.rodata.str1.3741468063811768988.1)
                  00009753    0000001f     functions.o (.rodata.str1.417100376825835908.1)
                  00009772    0000001f     functions.o (.rodata.str1.7162077660410253316.1)
                  00009791    0000001f     functions.o (.rodata.str1.7213520456192855849.1)
                  000097b0    0000001f     functions.o (.rodata.str1.7261598007108977983.1)
                  000097cf    0000001f     functions.o (.rodata.str1.7667325258934765219.1)
                  000097ee    0000001e     functions.o (.rodata.str1.11548324711019379123.1)
                  0000980c    0000001e     functions.o (.rodata.str1.13258710136769708401.1)
                  0000982a    0000001e     functions.o (.rodata.str1.15416425971347363818.1)
                  00009848    0000001e     functions.o (.rodata.str1.17124744513834159004.1)
                  00009866    0000001e     functions.o (.rodata.str1.2132137826339264873.1)
                  00009884    0000001e     functions.o (.rodata.str1.2153166669032916089.1)
                  000098a2    0000001e     functions.o (.rodata.str1.8276779995786722914.1)
                  000098c0    0000001e     functions.o (.rodata.str1.9393216526452698668.1)
                  000098de    0000001e     functions.o (.rodata.str1.9629253951102113371.1)
                  000098fc    0000001d     functions.o (.rodata.str1.10029850049327752681.1)
                  00009919    0000001d     functions.o (.rodata.str1.12122565456592184258.1)
                  00009936    0000001d     functions.o (.rodata.str1.1787322033648190911.1)
                  00009953    0000001d     functions.o (.rodata.str1.67103668184455600.1)
                  00009970    0000001c     functions.o (.rodata.str1.11158820112163685190.1)
                  0000998c    0000001c     main.o (.rodata.str1.12180500075719773345.1)
                  000099a8    0000001c     functions.o (.rodata.str1.14504089057119714207.1)
                  000099c4    0000001c     functions.o (.rodata.str1.17112998893623131760.1)
                  000099e0    0000001c     functions.o (.rodata.str1.17418132220924322792.1)
                  000099fc    0000001c     functions.o (.rodata.str1.1832783851567210609.1)
                  00009a18    0000001c     functions.o (.rodata.str1.2090735207208419621.1)
                  00009a34    0000001c     functions.o (.rodata.str1.823074591787180899.1)
                  00009a50    0000001b     functions.o (.rodata.str1.12869987097872302101.1)
                  00009a6b    0000001b     functions.o (.rodata.str1.13213250456124221025.1)
                  00009a86    0000001b     functions.o (.rodata.str1.15241132200125037881.1)
                  00009aa1    0000001b     functions.o (.rodata.str1.17669684748118727147.1)
                  00009abc    0000001b     functions.o (.rodata.str1.4198453541086758413.1)
                  00009ad7    0000001b     functions.o (.rodata.str1.504123949362312185.1)
                  00009af2    0000001b     functions.o (.rodata.str1.6579945242302544448.1)
                  00009b0d    0000001b     functions.o (.rodata.str1.6954128830300373732.1)
                  00009b28    0000001b     functions.o (.rodata.str1.771275161403278999.1)
                  00009b43    0000001b     functions.o (.rodata.str1.9586352787182320994.1)
                  00009b5e    0000001a     functions.o (.rodata.str1.10394495994740858438.1)
                  00009b78    0000001a     functions.o (.rodata.str1.11584461607463951922.1)
                  00009b92    0000001a     functions.o (.rodata.str1.11621569494667626893.1)
                  00009bac    0000001a     functions.o (.rodata.str1.12609848238114409581.1)
                  00009bc6    0000001a     functions.o (.rodata.str1.13060549876486072544.1)
                  00009be0    0000001a     main.o (.rodata.str1.13782249893155712474.1)
                  00009bfa    0000001a     functions.o (.rodata.str1.15914577833492633752.1)
                  00009c14    0000001a     functions.o (.rodata.str1.2872345601479061820.1)
                  00009c2e    0000001a     functions.o (.rodata.str1.976629323795015702.1)
                  00009c48    0000001a     functions.o (.rodata.str1.9987864939932165754.1)
                  00009c62    00000019     functions.o (.rodata.str1.2006883888705870762.1)
                  00009c7b    00000019     main.o (.rodata.str1.6891813955777630061.1)
                  00009c94    00000019     functions.o (.rodata.str1.7684438339927393593.1)
                  00009cad    00000019     functions.o (.rodata.str1.9504405780896684869.1)
                  00009cc6    00000019     functions.o (.rodata.str1.963556741755692615.1)
                  00009cdf    00000001     --HOLE-- [fill = 0]
                  00009ce0    00000018     ti_msp_dl_config.o (.rodata.gDMA_CH0Config)
                  00009cf8    00000018     ti_msp_dl_config.o (.rodata.gDMA_CH1Config)
                  00009d10    00000018     ti_msp_dl_config.o (.rodata.gDMA_CH2Config)
                  00009d28    00000018     ti_msp_dl_config.o (.rodata.gDMA_CH3Config)
                  00009d40    00000018     main.o (.rodata.str1.11777244287787065045.1)
                  00009d58    00000018     functions.o (.rodata.str1.14826907694073300720.1)
                  00009d70    00000018     functions.o (.rodata.str1.15647711897633472048.1)
                  00009d88    00000018     functions.o (.rodata.str1.3544098629501009633.1)
                  00009da0    00000018     functions.o (.rodata.str1.4307635291288551838.1)
                  00009db8    00000018     functions.o (.rodata.str1.5556253844797924259.1)
                  00009dd0    00000018     main.o (.rodata.str1.8154729771448623357.1)
                  00009de8    00000018     functions.o (.rodata.str1.8531227236847774710.1)
                  00009e00    00000018     functions.o (.rodata.str1.8684894204910267454.1)
                  00009e18    00000017     functions.o (.rodata.str1.11087625087312282266.1)
                  00009e2f    00000017     main.o (.rodata.str1.11121730273200050387.1)
                  00009e46    00000017     functions.o (.rodata.str1.13497160822588500659.1)
                  00009e5d    00000017     functions.o (.rodata.str1.15981603964029308583.1)
                  00009e74    00000017     functions.o (.rodata.str1.17162129685140799346.1)
                  00009e8b    00000017     functions.o (.rodata.str1.1798579838546719175.1)
                  00009ea2    00000017     functions.o (.rodata.str1.2090819679678785128.1)
                  00009eb9    00000017     functions.o (.rodata.str1.3107984650851015417.1)
                  00009ed0    00000017     functions.o (.rodata.str1.4144252613811081812.1)
                  00009ee7    00000017     functions.o (.rodata.str1.5896414462293131170.1)
                  00009efe    00000017     functions.o (.rodata.str1.7276749916342729794.1)
                  00009f15    00000017     functions.o (.rodata.str1.8683587540435544184.1)
                  00009f2c    00000016     functions.o (.rodata.str1.12114497968925858118.1)
                  00009f42    00000016     functions.o (.rodata.str1.13750405472340812261.1)
                  00009f58    00000016     functions.o (.rodata.str1.14296218639596138037.1)
                  00009f6e    00000016     functions.o (.rodata.str1.14626576299884526934.1)
                  00009f84    00000016     functions.o (.rodata.str1.1463293767001829125.1)
                  00009f9a    00000016     uart.o (.rodata.str1.15503172443992438641.1)
                  00009fb0    00000016     functions.o (.rodata.str1.16113805747440866019.1)
                  00009fc6    00000016     functions.o (.rodata.str1.17016031596792030868.1)
                  00009fdc    00000016     main.o (.rodata.str1.17376258722486336754.1)
                  00009ff2    00000016     functions.o (.rodata.str1.1912318065655334061.1)
                  0000a008    00000016     functions.o (.rodata.str1.5117621188084071403.1)
                  0000a01e    00000015     functions.o (.rodata.str1.11457859038367029433.1)
                  0000a033    00000015     functions.o (.rodata.str1.13291850131445628085.1)
                  0000a048    00000015     functions.o (.rodata.str1.13318008327193210645.1)
                  0000a05d    00000015     functions.o (.rodata.str1.13529407018213730301.1)
                  0000a072    00000015     functions.o (.rodata.str1.14079700471513303319.1)
                  0000a087    00000015     main.o (.rodata.str1.14712910685067215323.1)
                  0000a09c    00000015     functions.o (.rodata.str1.14779408147115502373.1)
                  0000a0b1    00000015     functions.o (.rodata.str1.16344480386849582482.1)
                  0000a0c6    00000015     functions.o (.rodata.str1.17171889877841249491.1)
                  0000a0db    00000015     functions.o (.rodata.str1.18285776561876861988.1)
                  0000a0f0    00000015     main.o (.rodata.str1.2763581881760962609.1)
                  0000a105    00000015     functions.o (.rodata.str1.3121139948745544124.1)
                  0000a11a    00000015     functions.o (.rodata.str1.5514502381961403268.1)
                  0000a12f    00000015     functions.o (.rodata.str1.7987950595137088371.1)
                  0000a144    00000015     uart.o (.rodata.str1.8171864734171609186.1)
                  0000a159    00000015     functions.o (.rodata.str1.9863839573043808502.1)
                  0000a16e    00000002     ti_msp_dl_config.o (.rodata.gI2C_0ClockConfig)
                  0000a170    00000014     ti_msp_dl_config.o (.rodata.gTIMER_0TimerConfig)
                  0000a184    00000014     main.o (.rodata.str1.10313062130652730376.1)
                  0000a198    00000014     functions.o (.rodata.str1.1121117191475404019.1)
                  0000a1ac    00000014     functions.o (.rodata.str1.16059144329163883794.1)
                  0000a1c0    00000014     functions.o (.rodata.str1.4910338030008278487.1)
                  0000a1d4    00000014     functions.o (.rodata.str1.5905555877690922764.1)
                  0000a1e8    00000014     functions.o (.rodata.str1.7324634916810494498.1)
                  0000a1fc    00000014     functions.o (.rodata.str1.9955790773425000222.1)
                  0000a210    00000013     functions.o (.rodata.str1.17622889657162422067.1)
                  0000a223    00000012     functions.o (.rodata.str1.11391304066098951517.1)
                  0000a235    00000012     main.o (.rodata.str1.3530083166107438000.1)
                  0000a247    00000011     libc.a : _printfi.c.obj (.rodata.str1.10348868589481759720.1)
                  0000a258    00000011            : _printfi.c.obj (.rodata.str1.15363888844622738466.1)
                  0000a269    00000011     functions.o (.rodata.str1.17819248719987149311.1)
                  0000a27a    00000011     main.o (.rodata.str1.18092426736022315238.1)
                  0000a28b    00000011     main.o (.rodata.str1.39260288392874984.1)
                  0000a29c    00000011     main.o (.rodata.str1.403738606202455663.1)
                  0000a2ad    00000011     main.o (.rodata.str1.4787932902692149498.1)
                  0000a2be    00000011     main.o (.rodata.str1.5043408953494467246.1)
                  0000a2cf    00000011     main.o (.rodata.str1.6976963560179378225.1)
                  0000a2e0    00000011     functions.o (.rodata.str1.8855207564147674068.1)
                  0000a2f1    00000010     functions.o (.rodata.str1.10121604327849672915.1)
                  0000a301    00000010     functions.o (.rodata.str1.11517924573668616356.1)
                  0000a311    0000000f     functions.o (.rodata.str1.10821967500945095815.1)
                  0000a320    0000000f     functions.o (.rodata.str1.6405428687533244608.1)
                  0000a32f    0000000e     functions.o (.rodata.str1.3274426514815924028.1)
                  0000a33d    0000000e     functions.o (.rodata.str1.3293202025561435839.1)
                  0000a34b    0000000e     functions.o (.rodata.str1.6433388484108913441.1)
                  0000a359    0000000e     main.o (.rodata.str1.8320541211001259012.1)
                  0000a367    0000000d     functions.o (.rodata.str1.11330391477773130853.1)
                  0000a374    0000000d     functions.o (.rodata.str1.13877888024071246384.1)
                  0000a381    0000000d     functions.o (.rodata.str1.14249227603012650231.1)
                  0000a38e    0000000d     main.o (.rodata.str1.17045314124001216156.1)
                  0000a39b    0000000c     functions.o (.rodata.str1.12082073636076449582.1)
                  0000a3a7    0000000c     functions.o (.rodata.str1.12649739183381639352.1)
                  0000a3b3    0000000c     main.o (.rodata.str1.14466178792657420020.1)
                  0000a3bf    0000000c     functions.o (.rodata.str1.2128294674425382420.1)
                  0000a3cb    0000000c     functions.o (.rodata.str1.5672502669058196221.1)
                  0000a3d7    0000000c     functions.o (.rodata.str1.7319270408353279736.1)
                  0000a3e3    0000000c     functions.o (.rodata.str1.8975528390176846916.1)
                  0000a3ef    0000000b     main.o (.rodata.str1.16631870348416990953.1)
                  0000a3fa    0000000b     functions.o (.rodata.str1.4040450050525152614.1)
                  0000a405    0000000b     functions.o (.rodata.str1.4892436572911226530.1)
                  0000a410    0000000b     functions.o (.rodata.str1.5352344875588335774.1)
                  0000a41b    0000000b     functions.o (.rodata.str1.6500671132244866452.1)
                  0000a426    0000000a     ti_msp_dl_config.o (.rodata.gMCU_UART_1Config)
                  0000a430    0000000a     ti_msp_dl_config.o (.rodata.gSPI_0_config)
                  0000a43a    0000000a     ti_msp_dl_config.o (.rodata.gSPI_1_config)
                  0000a444    0000000a     ti_msp_dl_config.o (.rodata.gUART_0Config)
                  0000a44e    0000000a     functions.o (.rodata.str1.1518209179495633459.1)
                  0000a458    0000000a     main.o (.rodata.str1.2624144126699937905.1)
                  0000a462    0000000a     functions.o (.rodata.str1.9659379646541333203.1)
                  0000a46c    0000000a     functions.o (.rodata.str1.9866892624350641238.1)
                  0000a476    00000009     functions.o (.rodata.str1.11364996628600094536.1)
                  0000a47f    00000009     functions.o (.rodata.str1.11655743873260979083.1)
                  0000a488    00000009     functions.o (.rodata.str1.12257129677820421622.1)
                  0000a491    00000009     functions.o (.rodata.str1.13225435875195226696.1)
                  0000a49a    00000009     main.o (.rodata.str1.17770841602246103764.1)
                  0000a4a3    00000009     uart.o (.rodata.str1.2747995240747259486.1)
                  0000a4ac    00000009     functions.o (.rodata.str1.5320122413559821118.1)
                  0000a4b5    00000009     functions.o (.rodata.str1.5699953771227312792.1)
                  0000a4be    00000009     functions.o (.rodata.str1.6743441520423956273.1)
                  0000a4c7    00000009     main.o (.rodata.str1.8828068777338075035.1)
                  0000a4d0    00000008     main.o (.rodata.str1.10865113624938808685.1)
                  0000a4d8    00000008     functions.o (.rodata.str1.11093425900794288272.1)
                  0000a4e0    00000008     main.o (.rodata.str1.11702106008850790973.1)
                  0000a4e8    00000008     functions.o (.rodata.str1.12716370140545181522.1)
                  0000a4f0    00000008     main.o (.rodata.str1.13288086030101331538.1)
                  0000a4f8    00000008     functions.o (.rodata.str1.15667472894159448674.1)
                  0000a500    00000008     functions.o (.rodata.str1.15927518266867229498.1)
                  0000a508    00000008     functions.o (.rodata.str1.16386345573460399209.1)
                  0000a510    00000008     functions.o (.rodata.str1.16929425599360063401.1)
                  0000a518    00000008     main.o (.rodata.str1.2846389346932560359.1)
                  0000a520    00000008     functions.o (.rodata.str1.3156050197955811031.1)
                  0000a528    00000008     functions.o (.rodata.str1.6886749528440134913.1)
                  0000a530    00000007     functions.o (.rodata.str1.14125585639945481457.1)
                  0000a537    00000007     functions.o (.rodata.str1.17588442350683572369.1)
                  0000a53e    00000007     functions.o (.rodata.str1.18157200286260056646.1)
                  0000a545    00000007     functions.o (.rodata.str1.18319551690001788249.1)
                  0000a54c    00000007     functions.o (.rodata.str1.2606492479815574346.1)
                  0000a553    00000007     functions.o (.rodata.str1.3123360382440319361.1)
                  0000a55a    00000007     main.o (.rodata.str1.8428454045432808059.1)
                  0000a561    00000006     main.o (.rodata.str1.10720410773482754683.1)
                  0000a567    00000006     functions.o (.rodata.str1.11538060877586311343.1)
                  0000a56d    00000006     functions.o (.rodata.str1.1434866316927325970.1)
                  0000a573    00000006     functions.o (.rodata.str1.16699442666505370998.1)
                  0000a579    00000006     functions.o (.rodata.str1.17144429639171527548.1)
                  0000a57f    00000006     main.o (.rodata.str1.2123964117280943167.1)
                  0000a585    00000006     functions.o (.rodata.str1.389011575781332116.1)
                  0000a58b    00000006     functions.o (.rodata.str1.4959705119256106851.1)
                  0000a591    00000005     functions.o (.rodata.str1.11900037607746946141.1)
                  0000a596    00000005     main.o (.rodata.str1.1311392489248731986.1)
                  0000a59b    00000005     functions.o (.rodata.str1.13183419841694627606.1)
                  0000a5a0    00000005     functions.o (.rodata.str1.14496393926573069083.1)
                  0000a5a5    00000005     main.o (.rodata.str1.15159059442110792349.1)
                  0000a5aa    00000005     functions.o (.rodata.str1.16757203657686794125.1)
                  0000a5af    00000005     functions.o (.rodata.str1.2372479248998020874.1)
                  0000a5b4    00000005     main.o (.rodata.str1.288608917962107522.1)
                  0000a5b9    00000005     functions.o (.rodata.str1.2957129483359387701.1)
                  0000a5be    00000005     functions.o (.rodata.str1.3066531604708884151.1)
                  0000a5c3    00000005     functions.o (.rodata.str1.3172367308849033862.1)
                  0000a5c8    00000005     functions.o (.rodata.str1.4214633535407782609.1)
                  0000a5cd    00000005     functions.o (.rodata.str1.502354497711140047.1)
                  0000a5d2    00000005     main.o (.rodata.str1.8108965883388295311.1)
                  0000a5d7    00000005     functions.o (.rodata.str1.8113497073403762318.1)
                  0000a5dc    00000004     functions.o (.rodata.str1.11296493460036947760.1)
                  0000a5e0    00000004     functions.o (.rodata.str1.12871985577256932554.1)
                  0000a5e4    00000004     main.o (.rodata.str1.15996357275703397564.1)
                  0000a5e8    00000004     main.o (.rodata.str1.17100691992556644108.1)
                  0000a5ec    00000004     main.o (.rodata.str1.3292798375424520613.1)
                  0000a5f0    00000004     functions.o (.rodata.str1.3818782532712895722.1)
                  0000a5f4    00000004     functions.o (.rodata.str1.4561657886204501224.1)
                  0000a5f8    00000004     functions.o (.rodata.str1.4930741957133989383.1)
                  0000a5fc    00000004     functions.o (.rodata.str1.62749256631814321.1)
                  0000a600    00000004     main.o (.rodata.str1.7784929982665794503.1)
                  0000a604    00000004     main.o (.rodata.str1.8076846746581808073.1)
                  0000a608    00000004     functions.o (.rodata.str1.9119127971185803168.1)
                  0000a60c    00000003     ti_msp_dl_config.o (.rodata.gTIMER_0ClockConfig)
                  0000a60f    00000003     uart.o (.rodata.str1.12819099410943012003.1)
                  0000a612    00000003     functions.o (.rodata.str1.13554695696533425351.1)
                  0000a615    00000003     main.o (.rodata.str1.16709704744796600189.1)
                  0000a618    00000003     functions.o (.rodata.str1.1810987313933839541.1)
                  0000a61b    00000003     functions.o (.rodata.str1.5293785561432609074.1)
                  0000a61e    00000003     functions.o (.rodata.str1.7108839738911806945.1)
                  0000a621    00000003     main.o (.rodata.str1.7702501944640899365.1)
                  0000a624    00000002     ti_msp_dl_config.o (.rodata.gI2C_1ClockConfig)
                  0000a626    00000002     ti_msp_dl_config.o (.rodata.gMCU_UART_1ClockConfig)
                  0000a628    00000002     ti_msp_dl_config.o (.rodata.gSPI_0_clockConfig)
                  0000a62a    00000002     ti_msp_dl_config.o (.rodata.gSPI_1_clockConfig)
                  0000a62c    00000002     ti_msp_dl_config.o (.rodata.gUART_0ClockConfig)
                  0000a62e    00000002     uart.o (.rodata.str1.3510367808670815947.1)
                  0000a630    00000002     functions.o (.rodata.str1.5994875290679588583.1)
                  0000a632    0000000e     --HOLE-- [fill = 0]

.init_array 
*          0    00000000    00000000     UNINITIALIZED

.binit     0    00000000    00000000     

.bss       0    20200000    000001b1     UNINITIALIZED
                  20200000    00000078     uart.o (.bss.commandList)
                  20200078    00000040     (.common:UART_Buffer)
                  202000b8    00000028     (.common:gSPI_0Backup)
                  202000e0    00000028     (.common:gSPI_1Backup)
                  20200108    00000022     (.common:gRxPacket)
                  2020012a    00000022     (.common:gTxPacket)
                  2020014c    00000020     (.common:framSpi)
                  2020016c    0000001c     (.common:stm32Spi)
                  20200188    00000010     (.common:gSPI_RxPacket)
                  20200198    00000008     (.common:fram)
                  202001a0    00000004     (.common:gRxCount)
                  202001a4    00000004     (.common:gRxLen)
                  202001a8    00000004     (.common:gTxCount)
                  202001ac    00000004     (.common:gTxLen)
                  202001b0    00000001     (.common:gI2cControllerStatus)

.data      0    202001b4    0000006a     UNINITIALIZED
                  202001b4    0000001c     BQ27Z7_functions.o (.data.g_telem)
                  202001d0    00000010     spi_master.o (.data.expectedRxMessage)
                  202001e0    00000010     spi_master.o (.data.gSPI_TxPacket)
                  202001f0    00000008     functions.o (.data.gPYD2)
                  202001f8    00000004     libc.a : aeabi_portable.c.obj (.data.__aeabi_errno)
                  202001fc    00000004     uart.o (.data.commandCount)
                  20200200    00000004     libc.a : strtok.c.obj (.data.last_end)
                  20200204    00000004     main.o (.data.monitor_rate)
                  20200208    00000004     pyd1588.o (.data.s_last_config)
                  2020020c    00000002     BQ25628_functions.o (.data.g_ibat_mA)
                  2020020e    00000002     BQ25628_functions.o (.data.g_ibus_mA)
                  20200210    00000002     BQ25628_functions.o (.data.g_vbat_mV)
                  20200212    00000002     BQ25628_functions.o (.data.g_vbus_mV)
                  20200214    00000002     BQ25628_functions.o (.data.g_vsys_mV)
                  20200216    00000001     main.o (.data.bq_monitor_active)
                  20200217    00000001     uart.o (.data.char_index)
                  20200218    00000001     uart.o (.data.data_received)
                  20200219    00000001     gauge.o (.data.g_gaugeAddr)
                  2020021a    00000001     main.o (.data.gauge_monitor_active)
                  2020021b    00000001     main.o (.data.hall_monitor_active)
                  2020021c    00000001     main.o (.data.pir2_monitor_active)
                  2020021d    00000001     main.o (.data.pir2_motion_detected)

.stack     0    20207e00    00000200     UNINITIALIZED
                  20207e00    00000004     libc.a : boot_cortex_m.c.obj (.stack)
                  20207e04    000001fc     --HOLE--

__llvm_prf_cnts 
*          0    20200000    00000000     UNINITIALIZED

__llvm_prf_bits 
*          0    20200000    00000000     UNINITIALIZED

MODULE SUMMARY

       Module                         code    ro data   rw data
       ------                         ----    -------   -------
    .\
       functions.o                    7160    7757      16     
       ti_msp_dl_config.o             2992    171       80     
       main.o                         1768    1208      9      
       startup_mspm0g350x_ticlang.o   8       192       0      
    +--+------------------------------+-------+---------+---------+
       Total:                         11928   9328      105    
                                                               
    .\HAL\
       i2c.o                          1578    0         85     
       uart.o                         1112    92        190    
       spi_mem.o                      836     0         32     
       spi_master.o                   552     0         76     
    +--+------------------------------+-------+---------+---------+
       Total:                         4078    92        383    
                                                               
    .\ics\BQ25628\
       BQ25628_functions.o            1178    0         10     
    +--+------------------------------+-------+---------+---------+
       Total:                         1178    0         10     
                                                               
    .\ics\BQ27Z7\
       BQ27Z7_functions.o             3044    0         28     
       gauge.o                        300     0         1      
    +--+------------------------------+-------+---------+---------+
       Total:                         3344    0         29     
                                                               
    .\ics\EXCELITAS\
       pyd1588.o                      1098    114       4      
    +--+------------------------------+-------+---------+---------+
       Total:                         1098    114       4      
                                                               
    .\ics\MB85RS\
       mb85rs.o                       1240    0         0      
    +--+------------------------------+-------+---------+---------+
       Total:                         1240    0         0      
                                                               
    C:/ti/mspm0_sdk_2_09_00_01/source/ti/driverlib/lib/ticlang/m0p/mspm0g1x0x_g3x0x/driverlib.a
       dl_timer.o                     280     0         0      
       dl_i2c.o                       240     0         0      
       dl_uart.o                      138     0         0      
       dl_spi.o                       86      0         0      
       dl_dma.o                       76      0         0      
       dl_common.o                    10      0         0      
    +--+------------------------------+-------+---------+---------+
       Total:                         830     0         0      
                                                               
    C:\ti\ccs2031\ccs\tools\compiler\ti-cgt-armllvm_4.0.4.LTS\lib\armv6m-ti-none-eabi/c/libc.a
       _printfi.c.obj                 4510    34        0      
       strtol.c.obj                   324     0         0      
       aeabi_ctype.S.obj              0       257       0      
       s_scalbn.c.obj                 216     0         0      
       s_floorf.c.obj                 140     0         0      
       strcmp-armv6m.S.obj            136     0         0      
       vsnprintf.c.obj                136     0         0      
       copy_decompress_lzss.c.obj     124     0         0      
       s_roundf.c.obj                 114     0         0      
       s_frexp.c.obj                  92      0         0      
       _ltoa.c.obj                    88      0         0      
       strtok.c.obj                   72      0         4      
       atoi.c.obj                     64      0         0      
       autoinit.c.obj                 60      0         0      
       boot_cortex_m.c.obj            56      0         0      
       strncpy.c.obj                  44      0         0      
       strspn.c.obj                   38      0         0      
       strcspn.c.obj                  36      0         0      
       memccpy.c.obj                  34      0         0      
       copy_zero_init.c.obj           22      0         0      
       strchr.c.obj                   20      0         0      
       copy_decompress_none.c.obj     18      0         0      
       memcpy16.S.obj                 18      0         0      
       wcslen.c.obj                   16      0         0      
       memset16.S.obj                 14      0         0      
       strcpy.c.obj                   14      0         0      
       aeabi_portable.c.obj           8       0         4      
       exit.c.obj                     6       0         0      
       pre_init.c.obj                 4       0         0      
    +--+------------------------------+-------+---------+---------+
       Total:                         6424    291       8      
                                                               
    C:\ti\ccs2031\ccs\tools\compiler\ti-cgt-armllvm_4.0.4.LTS\lib\armv6m-ti-none-eabi/c/libsysbm.a
       hostexit.c.obj                 4       0         0      
    +--+------------------------------+-------+---------+---------+
       Total:                         4       0         0      
                                                               
    C:\ti\ccs2031\ccs\tools\compiler\ti-cgt-armllvm_4.0.4.LTS\lib\armv6m-ti-none-eabi/libclang_rt.builtins.a
       adddf3.S.obj                   418     0         0      
       divdf3.S.obj                   268     0         0      
       addsf3.S.obj                   232     0         0      
       muldf3.S.obj                   228     0         0      
       comparedf2.c.obj               220     0         0      
       udivmoddi4.S.obj               162     0         0      
       mulsf3.S.obj                   140     0         0      
       comparesf2.S.obj               118     0         0      
       aeabi_dcmp.S.obj               98      0         0      
       aeabi_fcmp.S.obj               98      0         0      
       aeabi_idivmod.S.obj            86      0         0      
       fixdfsi.S.obj                  74      0         0      
       aeabi_uidivmod.S.obj           64      0         0      
       floatsisf.S.obj                60      0         0      
       muldsi3.S.obj                  58      0         0      
       fixsfsi.S.obj                  56      0         0      
       floatsidf.S.obj                44      0         0      
       muldi3.S.obj                   36      0         0      
       ashldi3.S.obj                  30      0         0      
       aeabi_memset.S.obj             26      0         0      
       aeabi_uldivmod.S.obj           20      0         0      
       aeabi_memcpy.S.obj             8       0         0      
       aeabi_div0.c.obj               4       0         0      
    +--+------------------------------+-------+---------+---------+
       Total:                         2548    0         0      
                                                               
       Stack:                         0       0         512    
       Linker Generated:              0       80        0      
    +--+------------------------------+-------+---------+---------+
       Grand Total:                   32672   9905      1051   


LINKER GENERATED COPY TABLES

__TI_cinit_table @ 0000a680 records: 2, size/record: 8, table size: 16
	.data: load addr=0000a640, load size=0000002c bytes, run addr=202001b4, run size=0000006a bytes, compression=lzss
	.bss: load addr=0000a678, load size=00000008 bytes, run addr=20200000, run size=000001b1 bytes, compression=zero_init


LINKER GENERATED HANDLER TABLE

__TI_handler_table @ 0000a66c records: 3, size/record: 4, table size: 12
	index: 0, handler: __TI_decompress_lzss
	index: 1, handler: __TI_decompress_none
	index: 2, handler: __TI_zero_init


FAR CALL TRAMPOLINES

callee name               trampoline name
   callee addr  tramp addr   call addr  call info
--------------  -----------  ---------  ----------------
__aeabi_dsub              $Tramp$TT$L$PI$$__aeabi_dsub
   00002e0d     0000801c     0000801a   libc.a : _printfi.c.obj (.text.OUTLINED_FUNCTION_0)
__aeabi_fadd              $Tramp$TT$L$PI$$__aeabi_fadd
   00004843     00008038     00008034   libc.a : s_roundf.c.obj (.text.OUTLINED_FUNCTION_0)
_c_int00_noargs           $Tramp$TT$L$PI$$_c_int00_noargs
   00007285     00008078     00008072   startup_mspm0g350x_ticlang.o (.text.Reset_Handler)

[3 trampolines]
[3 trampoline calls]


GLOBAL SYMBOLS: SORTED ALPHABETICALLY BY Name 

address   name                          
-------   ----                          
0000806b  ADC0_IRQHandler               
0000806b  ADC1_IRQHandler               
0000806b  AES_IRQHandler                
00007f19  BQ25628E_Get_IBAT_mA          
00007f25  BQ25628E_Get_IBUS_mA          
00007f31  BQ25628E_Get_VBAT_mV          
00007f3d  BQ25628E_Get_VBUS_mV          
00007f49  BQ25628E_Get_VSYS_mV          
00006545  BQ25628E_Init_Default         
00006c95  BQ25628E_ReadReg16            
00006ee5  BQ25628E_ReadReg8             
00005f99  BQ25628E_Set_ICHG_mA          
00005ff1  BQ25628E_Set_IINDPM_mA        
00007ed1  BQ25628E_Set_PeakDischarge_6A 
000070f3  BQ25628E_Set_TS_Ignore        
0000586d  BQ25628E_Set_VINDPM_mV        
00005c4d  BQ25628E_Set_VREG_mV          
00005cad  BQ25628E_Set_VSYSMIN_mV       
00006403  BQ25628E_UpdateBits8          
00003f2d  BQ25628E_UpdateTelemetry      
00006d65  BQ25628E_WriteReg16           
0000736d  BQ25628E_WriteReg8            
000059fd  BQ27Z746_EnsureUnsealed       
00005d6d  BQ27Z746_GetChargingStatus    
00006201  BQ27Z746_GetChemID            
00006257  BQ27Z746_GetDeviceType        
000055f9  BQ27Z746_GetFETOptions        
000062ad  BQ27Z746_GetFirmwareVersion   
00005a5f  BQ27Z746_GetOperationStatus   
00005ac1  BQ27Z746_GetSafetyStatus      
00006591  BQ27Z746_GetSecurityMode      
000052d9  BQ27Z746_GetTempConfig        
00007f55  BQ27Z746_Get_AvgCurrent_mA    
00007f61  BQ27Z746_Get_AvgPower_mW      
00007f6d  BQ27Z746_Get_BatteryStatus    
00007f79  BQ27Z746_Get_Current_mA       
00007f85  BQ27Z746_Get_CycleCount       
00007f91  BQ27Z746_Get_FullChargeCap_mAh
00007f9d  BQ27Z746_Get_InternalTemp_C   
00007fa9  BQ27Z746_Get_RemainingCap_mAh 
00007fb5  BQ27Z746_Get_SOC_pct          
00007fc1  BQ27Z746_Get_StateOfHealth_pct
00007fcd  BQ27Z746_Get_Temperature_C    
00007fd9  BQ27Z746_Get_TimeToEmpty_min  
00007fe5  BQ27Z746_Get_TimeToFull_min   
00007ff1  BQ27Z746_Get_Voltage_mV       
000065dd  BQ27Z746_Init                 
00007e41  BQ27Z746_IsDischarging        
00007e51  BQ27Z746_IsFullyCharged       
00007e61  BQ27Z746_IsFullyDischarged    
000038dd  BQ27Z746_MAC_Read             
0000711b  BQ27Z746_MAC_Send             
00007b09  BQ27Z746_ReadAvgCurrent_mA    
00007b1d  BQ27Z746_ReadAvgPower_mW      
00007cfd  BQ27Z746_ReadBatteryStatus    
00007b31  BQ27Z746_ReadCurrent_mA       
00007d0f  BQ27Z746_ReadCycleCount       
00007d21  BQ27Z746_ReadFullChargeCap_mAh
00007a85  BQ27Z746_ReadInternalTemp_C   
00007d33  BQ27Z746_ReadRemainingCap_mAh 
00007b45  BQ27Z746_ReadSOC_pct          
00007b59  BQ27Z746_ReadStateOfHealth_pct
00007a9b  BQ27Z746_ReadTemperature_C    
00007d45  BQ27Z746_ReadTimeToEmpty_min  
00007d57  BQ27Z746_ReadTimeToFull_min   
00007d69  BQ27Z746_ReadVoltage_mV       
00005f3d  BQ27Z746_Seal                 
000032ad  BQ27Z746_SetTempSensorConfig  
00003541  BQ27Z746_SetUTFET_Direct      
000045b1  BQ27Z746_Unseal               
00004d69  BQ27Z746_UpdateTelemetry      
00007b6d  BQ27Z746_UseInternalTempOnly  
0000806e  C$$EXIT                       
0000806b  CANFD0_IRQHandler             
00004689  CLI_ProcessInput              
00005e29  CLI_RegisterCommand           
000054a9  CLI_Tokenize                  
0000806b  DAC0_IRQHandler               
00008009  DL_Common_delayCycles         
00006629  DL_DMA_initChannel            
00005dcb  DL_I2C_fillControllerTXFIFO   
00006df5  DL_I2C_flushControllerRXFIFO  
[...]
00000000  __TI_static_base__            
00007af3  __TI_zero_init_nomemset       
00002e17  __adddf3                      
00004843  __addsf3                      
00008690  __aeabi_ctype_table_          
00008690  __aeabi_ctype_table_C         
00006759  __aeabi_d2iz                  
00002e17  __aeabi_dadd                  
00005b25  __aeabi_dcmpeq                
00005b61  __aeabi_dcmpge                
00005b75  __aeabi_dcmpgt                
00005b4d  __aeabi_dcmple                
00005b39  __aeabi_dcmplt                
00003c11  __aeabi_ddiv                  
00004309  __aeabi_dmul                  
00002e0d  __aeabi_dsub                  
202001f8  __aeabi_errno                 
00008055  __aeabi_errno_addr            
00006c25  __aeabi_f2iz                  
00004843  __aeabi_fadd                  
00005b89  __aeabi_fcmpeq                
00005bc5  __aeabi_fcmpge                
00005bd9  __aeabi_fcmpgt                
00005bb1  __aeabi_fcmple                
00005b9d  __aeabi_fcmplt                
00004fb1  __aeabi_fmul                  
00004839  __aeabi_fsub                  
00007019  __aeabi_i2d                   
00006ac1  __aeabi_i2f                   
00006305  __aeabi_idiv                  
00002f9f  __aeabi_idiv0                 
00006305  __aeabi_idivmod               
00004d67  __aeabi_ldiv0                 
00007505  __aeabi_llsl                  
000073b5  __aeabi_lmul                  
00007ffd  __aeabi_memclr                
00007ffd  __aeabi_memclr4               
00007ffd  __aeabi_memclr8               
0000805d  __aeabi_memcpy                
0000805d  __aeabi_memcpy4               
0000805d  __aeabi_memcpy8               
00007ee1  __aeabi_memset                
00007ee1  __aeabi_memset4               
00007ee1  __aeabi_memset8               
00006945  __aeabi_uidiv                 
00006945  __aeabi_uidivmod              
00007cc1  __aeabi_uldivmod              
00007505  __ashldi3                     
ffffffff  __binit__                     
000056cd  __cmpdf2                      
00006b75  __cmpsf2                      
00003c11  __divdf3                      
000056cd  __eqdf2                       
00006b75  __eqsf2                       
00006759  __fixdfsi                     
00006c25  __fixsfsi                     
00007019  __floatsidf                   
00006ac1  __floatsisf                   
0000534d  __gedf2                       
00006afd  __gesf2                       
0000534d  __gtdf2                       
00006afd  __gtsf2                       
000056cd  __ledf2                       
00006b75  __lesf2                       
000056cd  __ltdf2                       
00006b75  __ltsf2                       
UNDEFED   __mpu_init                    
00004309  __muldf3                      
000073b5  __muldi3                      
00006bb1  __muldsi3                     
00004fb1  __mulsf3                      
000056cd  __nedf2                       
00006b75  __nesf2                       
20207e00  __stack                       
20200000  __start___llvm_prf_bits       
20200000  __start___llvm_prf_cnts       
20200000  __stop___llvm_prf_bits        
20200000  __stop___llvm_prf_cnts        
00002e0d  __subdf3                      
00004839  __subsf3                      
00004cc5  __udivmoddi4                  
00007285  _c_int00_noargs               
UNDEFED   _system_post_cinit            
00008089  _system_pre_init              
00008065  abort                         
00006985  atoi                          
ffffffff  binit                         
20200216  bq_monitor_active             
20200217  char_index                    
00001d3d  cmd_bq                        
00001335  cmd_fram                      
00000a91  cmd_gauge                     
00003e25  cmd_hall                      
000064f5  cmd_help                      
000043ed  cmd_i2cscan                   
00002159  cmd_pir_2                     
00003129  cmd_pwr                       
00002c4d  cmd_spi                       
20200218  data_received                 
202001d0  expectedRxMessage             
0000503d  floorf                        
20200198  fram                          
2020014c  framSpi                       
00005ee1  frexp                         
00005ee1  frexpl                        
202001b0  gI2cControllerStatus          
202001a0  gRxCount                      
202001a4  gRxLen                        
20200108  gRxPacket                     
202000b8  gSPI_0Backup                  
202000e0  gSPI_1Backup                  
20200188  gSPI_RxPacket                 
202001e0  gSPI_TxPacket                 
202001a8  gTxCount                      
202001ac  gTxLen                        
2020012a  gTxPacket                     
00007465  gauge_address                 
00007045  gauge_cmd_read                
2020021a  gauge_monitor_active          
00005519  gauge_read                    
00005589  gauge_write                   
00007071  get_UART_buffer               
2020021b  hall_monitor_active           
000073d9  i2c_init                      
00000000  interruptVectors              
00004761  ldexp                         
00004761  ldexpl                        
00001849  main                          
00007421  memccpy                       
20200204  monitor_rate                  
2020021c  pir2_monitor_active           
2020021d  pir2_motion_detected          
000069c5  printToUART                   
0000579d  roundf                        
00004761  scalbn                        
00004761  scalbnl                       
000049e5  setupCLI                      
2020016c  stm32Spi                      
00007ce9  strchr                        
00005151  strcmp                        
00007eef  strcpy                        
000073fd  strcspn                       
0000709d  strncpy                       
00007345  strspn                        
00006835  strtok                        
000033fd  strtol                        
000074c5  uart_init                     
00005999  uart_printf                   
00006a05  vsnprintf                     
00007ec1  wcslen                        


GLOBAL SYMBOLS: SORTED BY Symbol Address 

address   name                          
-------   ----                          
00000000  __TI_ATRegion0_region_sz      
00000000  __TI_ATRegion0_src_addr       
00000000  __TI_ATRegion0_trg_addr       
00000000  __TI_ATRegion1_region_sz      
00000000  __TI_ATRegion1_src_addr       
00000000  __TI_ATRegion1_trg_addr       
00000000  __TI_ATRegion2_region_sz      
00000000  __TI_ATRegion2_src_addr       
00000000  __TI_ATRegion2_trg_addr       
00000000  __TI_static_base__            
00000000  interruptVectors              
000000c1  __TI_printfi                  
00000200  __STACK_SIZE                  
00000a91  cmd_gauge                     
00001335  cmd_fram                      
00001849  main                          
00001d3d  cmd_bq                        
00002159  cmd_pir_2                     
0000242d  PIR_readData                  
00002871  SYSCFG_DL_GPIO_init           
00002c4d  cmd_spi                       
00002e0d  __aeabi_dsub                  
00002e0d  __subdf3                      
00002e17  __adddf3                      
00002e17  __aeabi_dadd                  
00002f9f  __aeabi_idiv0                 
00002fa1  I2C_ReadDevice                
00003129  cmd_pwr                       
000032ad  BQ27Z746_SetTempSensorConfig  
000033fd  strtol                        
00003541  BQ27Z746_SetUTFET_Direct      
000038dd  BQ27Z746_MAC_Read             
000039f5  MB85RS_Read                   
00003b05  Shared_I2C_IRQHandler         
00003c11  __aeabi_ddiv                  
00003c11  __divdf3                      
00003d1d  I2C_WriteDevice               
00003e25  cmd_hall                      
00003f2d  BQ25628E_UpdateTelemetry      
00004031  DL_Timer_initTimerMode        
0000412d  MB85RS_Write                  
00004225  PIR_writeConfig               
00004309  __aeabi_dmul                  
00004309  __muldf3                      
000043ed  cmd_i2cscan                   
000045b1  BQ27Z746_Unseal               
00004689  CLI_ProcessInput              
00004761  ldexp                         
00004761  ldexpl                        
00004761  scalbn                        
00004761  scalbnl                       
00004839  __aeabi_fsub                  
00004839  __subsf3                      
00004843  __addsf3                      
00004843  __aeabi_fadd                  
00004911  I2C_TryAddress                
000049e5  setupCLI                      
00004ab1  UARTReceive                   
00004b65  MB85RS_ReadID                 
00004c15  SYSCFG_DL_initPower           
00004cc5  __udivmoddi4                  
00004d67  __aeabi_ldiv0                 
00004d69  BQ27Z746_UpdateTelemetry      
00004e05  MB85RS_ReadStatus             
00004e95  PIR_configureAndVerify        
00004f25  SPI_Controller_Arm            
00004fb1  __aeabi_fmul                  
00004fb1  __mulsf3                      
0000503d  floorf                        
000050c9  SPI1_IRQHandler               
00005151  strcmp                        
0000525d  __TI_decompress_lzss          
000052d9  BQ27Z746_GetTempConfig        
0000534d  __gedf2                       
0000534d  __gtdf2                       
00005435  SPI_Memory_Arm                
000054a9  CLI_Tokenize                  
00005519  gauge_read                    
00005589  gauge_write                   
000055f9  BQ27Z746_GetFETOptions        
00005663  MB85RS_Init                   
000056cd  __cmpdf2                      
000056cd  __eqdf2                       
000056cd  __ledf2                       
000056cd  __ltdf2                       
000056cd  __nedf2                       
0000579d  roundf                        
0000586d  BQ25628E_Set_VINDPM_mV        
000058d1  SYSCFG_DL_I2C_0_init          
00005935  SYSCFG_DL_I2C_1_init          
00005999  uart_printf                   
000059fd  BQ27Z746_EnsureUnsealed       
00005a5f  BQ27Z746_GetOperationStatus   
00005ac1  BQ27Z746_GetSafetyStatus      
00005b25  __aeabi_dcmpeq                
00005b39  __aeabi_dcmplt                
00005b4d  __aeabi_dcmple                
00005b61  __aeabi_dcmpge                
00005b75  __aeabi_dcmpgt                
00005b89  __aeabi_fcmpeq                
00005b9d  __aeabi_fcmplt                
00005bb1  __aeabi_fcmple                
00005bc5  __aeabi_fcmpge                
00005bd9  __aeabi_fcmpgt                
00005c4d  BQ25628E_Set_VREG_mV          
00005cad  BQ25628E_Set_VSYSMIN_mV       
00005d0d  SPI_Memory_Init               
00005d6d  BQ27Z746_GetChargingStatus    
00005dcb  DL_I2C_fillControllerTXFIFO   
00005e29  CLI_RegisterCommand           
00005e85  SPI_Controller_Init           
00005ee1  frexp                         
00005ee1  frexpl                        
00005f3d  BQ27Z746_Seal                 
00005f99  BQ25628E_Set_ICHG_mA          
00005ff1  BQ25628E_Set_IINDPM_mA        
00006049  SPI_Memory_IRQHandler         
000060a1  SYSCFG_DL_SPI_0_init          
000060f9  SYSCFG_DL_SPI_1_init          
00006151  __TI_ltoa                     
00006201  BQ27Z746_GetChemID            
00006257  BQ27Z746_GetDeviceType        
000062ad  BQ27Z746_GetFirmwareVersion   
00006305  __aeabi_idiv                  
00006305  __aeabi_idivmod               
00006403  BQ25628E_UpdateBits8          
000064f5  cmd_help                      
00006545  BQ25628E_Init_Default         
00006591  BQ27Z746_GetSecurityMode      
000065dd  BQ27Z746_Init                 
00006629  DL_DMA_initChannel            
0000670d  SPI_Memory_Wait               
00006759  __aeabi_d2iz                  
00006759  __fixdfsi                     
000067a5  DL_UART_init                  
000067ed  SYSCFG_DL_UART_0_init         
00006835  strtok                        
0000687d  DL_SPI_init                   
000068c1  SYSCFG_DL_init                
00006905  SYSCFG_DL_MCU_UART_1_init     
00006945  __aeabi_uidiv                 
00006945  __aeabi_uidivmod              
00006985  atoi                          
000069c5  printToUART                   
00006a05  vsnprintf                     
00006a85  DL_I2C_flushControllerTXFIFO  
00006ac1  __aeabi_i2f                   
00006ac1  __floatsisf                   
00006afd  __gesf2                       
00006afd  __gtsf2                       
00006b39  __TI_auto_init_nobinit_nopinit
00006b75  __cmpsf2                      
00006b75  __eqsf2                       
00006b75  __lesf2                       
00006b75  __ltsf2                       
00006b75  __nesf2                       
00006bb1  __muldsi3                     
00006bed  GROUP1_IRQHandler             
00006c25  __aeabi_f2iz                  
00006c25  __fixsfsi                     
00006c95  BQ25628E_ReadReg16            
00006cc9  PIR_clearInterrupt            
00006cfd  SYSCFG_DL_TIMER_0_init        
00006d65  BQ25628E_WriteReg16           
00006df5  DL_I2C_flushControllerRXFIFO  
00006e55  DL_UART_transmitDataBlocking  
00006ee5  BQ25628E_ReadReg8             
00007019  __aeabi_i2d                   
00007019  __floatsidf                   
00007045  gauge_cmd_read                
00007071  get_UART_buffer               
0000709d  strncpy                       
000070c9  SYSCFG_DL_SYSCTL_init         
000070f3  BQ25628E_Set_TS_Ignore        
0000711b  BQ27Z746_MAC_Send             
00007285  _c_int00_noargs               
0000731f  DL_I2C_setClockConfig         
00007345  strspn                        
0000736d  BQ25628E_WriteReg8            
000073b5  __aeabi_lmul                  
000073b5  __muldi3                      
000073d9  i2c_init                      
000073fd  strcspn                       
00007421  memccpy                       
00007465  gauge_address                 
000074c5  uart_init                     
00007505  __aeabi_llsl                  
00007505  __ashldi3                     
00007701  DL_Timer_setClockConfig       
00007739  UART0_IRQHandler              
00007a0d  SYSCFG_DL_DMA_CH0_init        
00007a25  SYSCFG_DL_DMA_CH1_init        
00007a3d  SYSCFG_DL_DMA_CH2_init        
00007a55  SYSCFG_DL_DMA_CH3_init        
00007a85  BQ27Z746_ReadInternalTemp_C   
00007a9b  BQ27Z746_ReadTemperature_C    
00007af3  __TI_zero_init_nomemset       
00007b09  BQ27Z746_ReadAvgCurrent_mA    
00007b1d  BQ27Z746_ReadAvgPower_mW      
00007b31  BQ27Z746_ReadCurrent_mA       
00007b45  BQ27Z746_ReadSOC_pct          
00007b59  BQ27Z746_ReadStateOfHealth_pct
00007b6d  BQ27Z746_UseInternalTempOnly  
00007c85  SPI_Memory_CS_Assert          
00007c99  SPI_Memory_CS_Deassert        
00007cad  SYSCFG_DL_DMA_init            
00007cc1  __aeabi_uldivmod              
00007ce9  strchr                        
00007cfd  BQ27Z746_ReadBatteryStatus    
00007d0f  BQ27Z746_ReadCycleCount       
00007d21  BQ27Z746_ReadFullChargeCap_mAh
00007d33  BQ27Z746_ReadRemainingCap_mAh 
00007d45  BQ27Z746_ReadTimeToEmpty_min  
00007d57  BQ27Z746_ReadTimeToFull_min   
00007d69  BQ27Z746_ReadVoltage_mV       
00007db1  DL_SPI_setClockConfig         
00007dd5  DL_UART_setClockConfig        
00007e1d  TI_memcpy_small               
00007e2f  __TI_decompress_none          
00007e41  BQ27Z746_IsDischarging        
00007e51  BQ27Z746_IsFullyCharged       
00007e61  BQ27Z746_IsFullyDischarged    
00007e81  I2C0_IRQHandler               
00007e91  I2C1_IRQHandler               
00007ea1  PIR_init                      
00007eb1  SPI0_IRQHandler               
00007ec1  wcslen                        
00007ed1  BQ25628E_Set_PeakDischarge_6A 
00007ee1  __aeabi_memset                
00007ee1  __aeabi_memset4               
00007ee1  __aeabi_memset8               
00007eef  strcpy                        
00007f0b  TI_memset_small               
00007f19  BQ25628E_Get_IBAT_mA          
00007f25  BQ25628E_Get_IBUS_mA          
00007f31  BQ25628E_Get_VBAT_mV          
00007f3d  BQ25628E_Get_VBUS_mV          
00007f49  BQ25628E_Get_VSYS_mV          
00007f55  BQ27Z746_Get_AvgCurrent_mA    
00007f61  BQ27Z746_Get_AvgPower_mW      
00007f6d  BQ27Z746_Get_BatteryStatus    
00007f79  BQ27Z746_Get_Current_mA       
00007f85  BQ27Z746_Get_CycleCount       
00007f91  BQ27Z746_Get_FullChargeCap_mAh
00007f9d  BQ27Z746_Get_InternalTemp_C   
00007fa9  BQ27Z746_Get_RemainingCap_mAh 
00007fb5  BQ27Z746_Get_SOC_pct          
00007fc1  BQ27Z746_Get_StateOfHealth_pct
00007fcd  BQ27Z746_Get_Temperature_C    
00007fd9  BQ27Z746_Get_TimeToEmpty_min  
00007fe5  BQ27Z746_Get_TimeToFull_min   
00007ff1  BQ27Z746_Get_Voltage_mV       
00007ffd  __aeabi_memclr                
00007ffd  __aeabi_memclr4               
00007ffd  __aeabi_memclr8               
00008009  DL_Common_delayCycles         
00008055  __aeabi_errno_addr            
0000805d  __aeabi_memcpy                
0000805d  __aeabi_memcpy4               
0000805d  __aeabi_memcpy8               
00008065  abort                         
0000806b  ADC0_IRQHandler               
0000806b  ADC1_IRQHandler               
0000806b  AES_IRQHandler                
0000806b  CANFD0_IRQHandler             
0000806b  DAC0_IRQHandler               
0000806b  DMA_IRQHandler                
0000806b  Default_Handler               
0000806b  GROUP0_IRQHandler             
0000806b  HardFault_Handler             
0000806b  NMI_Handler                   
0000806b  PendSV_Handler                
0000806b  RTC_IRQHandler                
0000806b  SVC_Handler                   
0000806b  SysTick_Handler               
0000806b  TIMA0_IRQHandler              
0000806b  TIMA1_IRQHandler              
0000806b  TIMG0_IRQHandler              
0000806b  TIMG12_IRQHandler             
0000806b  TIMG6_IRQHandler              
0000806b  TIMG7_IRQHandler              
0000806b  TIMG8_IRQHandler              
0000806b  UART1_IRQHandler              
0000806b  UART2_IRQHandler              
0000806b  UART3_IRQHandler              
0000806e  C$$EXIT                       
0000806f  HOSTexit                      
00008073  Reset_Handler                 
00008089  _system_pre_init              
00008690  __aeabi_ctype_table_          
00008690  __aeabi_ctype_table_C         
0000a66c  __TI_Handler_Table_Base       
0000a678  __TI_Handler_Table_Limit      
0000a680  __TI_CINIT_Base               
0000a690  __TI_CINIT_Limit              
0000a690  __TI_CINIT_Warm               
20200000  __start___llvm_prf_bits       
20200000  __start___llvm_prf_cnts       
20200000  __stop___llvm_prf_bits        
20200000  __stop___llvm_prf_cnts        
20200078  UART_Buffer                   
202000b8  gSPI_0Backup                  
202000e0  gSPI_1Backup                  
20200108  gRxPacket                     
2020012a  gTxPacket                     
2020014c  framSpi                       
2020016c  stm32Spi                      
20200188  gSPI_RxPacket                 
20200198  fram                          
202001a0  gRxCount                      
202001a4  gRxLen                        
202001a8  gTxCount                      
202001ac  gTxLen                        
202001b0  gI2cControllerStatus          
202001d0  expectedRxMessage             
202001e0  gSPI_TxPacket                 
202001f8  __aeabi_errno                 
20200204  monitor_rate                  
20200216  bq_monitor_active             
20200217  char_index                    
20200218  data_received                 
2020021a  gauge_monitor_active          
2020021b  hall_monitor_active           
2020021c  pir2_monitor_active           
2020021d  pir2_motion_detected          
20207e00  __stack                       
20208000  __STACK_END                   
ffffffff  __TI_pprof_out_hndl           
ffffffff  __TI_prof_data_size           
ffffffff  __TI_prof_data_start          
ffffffff  __binit__                     
ffffffff  binit                         
UNDEFED   __mpu_init                    
UNDEFED   _system_post_cinit            

[334 symbols]
