******************************************************************************
            TI ARM Clang Linker PC v4.0.4                      
******************************************************************************
>> Linked Thu May  7 16:54:21 2026

OUTPUT FILE NAME:   <HW_SW_interface_CCS.out>
ENTRY POINT SYMBOL: "_c_int00_noargs"  address: 00009211


MEMORY CONFIGURATION

         name            origin    length      used     unused   attr    fill
----------------------  --------  ---------  --------  --------  ----  --------
  FLASH                 00000000   00020000  0000d7a0  00012860  R  X
  SRAM                  20200000   00008000  00000e22  000071de  RW X
  BCR_CONFIG            41c00000   000000ff  00000000  000000ff  R   
  BSL_CONFIG            41c00100   00000080  00000000  00000080  R   


SEGMENT ALLOCATION MAP

run origin  load origin   length   init length attrs members
----------  ----------- ---------- ----------- ----- -------
00000000    00000000    0000d7a0   0000d7a0    r-x
  00000000    00000000    000000c0   000000c0    r-- .intvecs
  000000c0    000000c0    0000a140   0000a140    r-x .text
  0000a200    0000a200    00003410   00003410    r-- .rodata
  0000d610    0000d610    00000190   00000190    r-- .cinit
20200000    20200000    00000c25   00000000    rw-
  20200000    20200000    0000069d   00000000    rw- .bss
  202006a0    202006a0    00000585   00000000    rw- .data
20207e00    20207e00    00000200   00000000    rw-
  20207e00    20207e00    00000200   00000000    rw- .stack


SECTION ALLOCATION MAP

 output                                  attributes/
section   page    origin      length       input sections
--------  ----  ----------  ----------   ----------------
.intvecs   0    00000000    000000c0     
                  00000000    000000c0     startup_mspm0g350x_ticlang.o (.intvecs)

.text      0    000000c0    0000a140     
                  000000c0    000009d0     libc.a : _printfi.c.obj (.text:__TI_printfi)
                  00000a90    000008a4     functions.o (.text.cmd_gauge)
                  00001334    00000654     main.o (.text.main)
                  00001988    00000514     functions.o (.text.cmd_fram)
                  00001e9c    00000424     functions.o (.text.cmd_bq)
                  000022c0    0000033c     functions.o (.text.cmd_pir)
                  000025fc    0000033c     RAK3172.o (.text.cmd_rak)
                  00002938    00000248     functions.o (.text.cmd_lis)
                  00002b80    0000023c     ti_msp_dl_config.o (.text.SYSCFG_DL_GPIO_init)
                  00002dbc    00000234     functions.o (.text.cmd_ltr)
                  00002ff0    00000220     libc.a : _printfi.c.obj (.text._pconv_a)
                  00003210    00000214     ZDP323B.o (.text.ZDP323B_Init)
                  00003424    00000204     functions.o (.text.cmd_leds)
                  00003628    000001dc     libc.a : _printfi.c.obj (.text._pconv_g)
                  00003804    000001c0     functions.o (.text.cmd_spi)
                  000039c4    00000192     libclang_rt.builtins.a : adddf3.S.obj (.text.adddf3_subdf3)
                  00003b56    00000002                            : aeabi_div0.c.obj (.text.__aeabi_idiv0)
                  00003b58    00000188     i2c.o (.text.I2C_ReadDevice)
                  00003ce0    00000184     functions.o (.text.cmd_pwr)
                  00003e64    00000170     LTR329.o (.text.LTR329_CalculateLux)
                  00003fd4    00000150     BQ27Z7_functions.o (.text.BQ27Z746_SetTempSensorConfig)
                  00004124    00000144     libc.a : strtol.c.obj (.text.strtol)
                  00004268    00000140     BQ27Z7_functions.o (.text.BQ27Z746_SetUTFET_Direct)
                  000043a8    0000013c     libc.a : _printfi.c.obj (.text.fcvt)
                  000044e4    00000138     main.o (.text.setupCLI)
                  0000461c    00000120     libc.a : _printfi.c.obj (.text._pconv_e)
                  0000473c    00000118     BQ27Z7_functions.o (.text.BQ27Z746_MAC_Read)
                  00004854    00000110     mb85rs.o (.text.MB85RS_Read)
                  00004964    0000010c     i2c.o (.text.Shared_I2C_IRQHandler)
                  00004a70    0000010c     libclang_rt.builtins.a : divdf3.S.obj (.text.__divdf3)
                  00004b7c    00000108     BQ25628_functions.o (.text.BQ25628E_UpdateTelemetry)
                  00004c84    00000108     i2c.o (.text.I2C_WriteDevice)
                  00004d8c    00000108     functions.o (.text.cmd_hall)
                  00004e94    00000104     driverlib.a : dl_timer.o (.text.DL_Timer_initFourCCPWMMode)
                  00004f98    00000104     ZDP323B.o (.text.I2C_TryAddress10)
                  0000509c    00000104     ZDP323B.o (.text.ZDP323B_WriteConfig)
                  000051a0    000000fc     ZDP323B.o (.text.ZDP323B_ReadPeakHold)
                  0000529c    000000f8     mb85rs.o (.text.MB85RS_Write)
                  00005394    000000e8     BoardAPI.o (.text._binary_search_ascending)
                  0000547c    000000e8     functions.o (.text.cmd_i2cscan10)
                  00005564    000000e4     libclang_rt.builtins.a : muldf3.S.obj (.text.__muldf3)
                  00005648    000000e4     functions.o (.text.cmd_i2cscan)
                  0000572c    000000e0     functions.o (.text.print_battery_status)
                  0000580c    000000d8     BQ27Z7_functions.o (.text.BQ27Z746_Unseal)
                  000058e4    000000d8     uart.o (.text.CLI_ProcessInput)
                  000059bc    000000d8     libc.a : s_scalbn.c.obj (.text.scalbn)
                  00005a94    000000d8     libclang_rt.builtins.a : addsf3.S.obj (.text)
                  00005b6c    000000d4     i2c.o (.text.I2C_TryAddress)
                  00005c40    000000d0     LIS3DH.o (.text.LIS3DH_ReadMg)
                  00005d10    000000c4     ti_msp_dl_config.o (.text.SYSCFG_DL_initPower)
                  00005dd4    000000b4     LIS3DH.o (.text.LIS3DH_Init)
                  00005e88    000000b4     uart.o (.text.UARTReceive)
                  00005f3c    000000b0     mb85rs.o (.text.MB85RS_ReadID)
                  00005fec    000000b0     RAK3172.o (.text.RAK3172_UART_Handler)
                  0000609c    000000a2     libclang_rt.builtins.a : udivmoddi4.S.obj (.text)
                  0000613e    00000002                            : aeabi_div0.c.obj (.text.__aeabi_ldiv0)
                  00006140    0000009c     BQ27Z7_functions.o (.text.BQ27Z746_UpdateTelemetry)
                  000061dc    0000009c     LTR329.o (.text.LTR329_Init)
                  00006278    00000098     functions.o (.text.parse_filter_type)
                  00006310    00000090     mb85rs.o (.text.MB85RS_ReadStatus)
                  000063a0    0000008c     LIS3DH.o (.text.LIS3DH_SetRange)
                  0000642c    0000008c     spi_master.o (.text.SPI1_IRQHandler)
                  000064b8    0000008c     spi_master.o (.text.SPI_Controller_Arm)
                  00006544    0000008c     ti_msp_dl_config.o (.text.SYSCFG_DL_BOOST_CONTROL_init)
                  000065d0    0000008c     libclang_rt.builtins.a : mulsf3.S.obj (.text.__mulsf3)
                  0000665c    0000008c     libc.a : s_floorf.c.obj (.text.floorf)
                  000066e8    00000008     RAK3172.o (.text.RAK3172_GetLastResponse)
                  000066f0    00000088     libc.a : strcmp-armv6m.S.obj (.text:strcmp)
                  00006778    00000082     libclang_rt.builtins.a : divsf3.S.obj (.text.__divsf3)
                  000067fa    00000082     mb85rs.o (.text.check_bounds)
                  0000687c    00000080     functions.o (.text.filter_type_str)
                  000068fc    0000007c     RAK3172.o (.text.RAK3172_WaitForResponse)
                  00006978    0000007c     libc.a : copy_decompress_lzss.c.obj (.text:decompress:lzss)
                  000069f4    0000007a     LTR329.o (.text.gain_to_reg)
                  00006a6e    00000002     --HOLE-- [fill = 0]
                  00006a70    00000078     LIS3DH.o (.text.LIS3DH_ReadRaw)
                  00006ae8    00000078     ti_msp_dl_config.o (.text.SYSCFG_DL_FLASH_CONTROL_init)
                  00006b60    00000074     BQ27Z7_functions.o (.text.BQ27Z746_GetTempConfig)
                  00006bd4    00000074     libclang_rt.builtins.a : comparedf2.c.obj (.text.__gedf2)
                  00006c48    00000074     spi_mem.o (.text.arm_full_duplex)
                  00006cbc    00000072     spi_mem.o (.text.SPI_Memory_Arm)
                  00006d2e    00000002     --HOLE-- [fill = 0]
                  00006d30    00000070     uart.o (.text.CLI_Tokenize)
                  00006da0    00000070     BoardAPI.o (.text.LED_set_current)
                  00006e10    00000070     gauge.o (.text.gauge_read)
                  00006e80    00000070     gauge.o (.text.gauge_write)
                  00006ef0    0000006c     LTR329.o (.text.LTR329_ReadData)
                  00006f5c    0000006a     BQ27Z7_functions.o (.text.BQ27Z746_GetFETOptions)
                  00006fc6    00000068     mb85rs.o (.text.MB85RS_Init)
                  0000702e    00000002     --HOLE-- [fill = 0]
                  00007030    00000068     libclang_rt.builtins.a : comparedf2.c.obj (.text.__ledf2)
                  00007098    00000068     functions.o (.text.pir_print_help)
                  00007100    00000068     libc.a : s_roundf.c.obj (.text.roundf)
                  00007168    00000066            : _printfi.c.obj (.text._mcpy)
                  000071ce    00000002     --HOLE-- [fill = 0]
                  000071d0    00000064     BQ25628_functions.o (.text.BQ25628E_Set_VINDPM_mV)
                  00007234    00000064     BoardAPI.o (.text.LED_set_voltage)
                  00007298    00000064     LTR329.o (.text.LTR329_SetGain)
                  000072fc    00000064     ti_msp_dl_config.o (.text.SYSCFG_DL_I2C_0_init)
                  00007360    00000064     ti_msp_dl_config.o (.text.SYSCFG_DL_I2C_1_init)
                  000073c4    00000064     BoardAPI.o (.text.set_pwm_duty_cycle)
                  00007428    00000064     uart.o (.text.uart_printf)
                  0000748c    00000062     BQ27Z7_functions.o (.text.BQ27Z746_EnsureUnsealed)
                  000074ee    00000062     BQ27Z7_functions.o (.text.BQ27Z746_GetOperationStatus)
                  00007550    00000062     BQ27Z7_functions.o (.text.BQ27Z746_GetSafetyStatus)
                  000075b2    00000002     --HOLE-- [fill = 0]
                  000075b4    00000062     libclang_rt.builtins.a : aeabi_dcmp.S.obj (.text.__aeabi_dcmp)
                  00007616    00000002     --HOLE-- [fill = 0]
                  00007618    00000062                            : aeabi_fcmp.S.obj (.text.__aeabi_fcmp)
                  0000767a    00000062     mb85rs.o (.text.send_cmd_only)
                  000076dc    00000060     BQ25628_functions.o (.text.BQ25628E_Set_VREG_mV)
                  0000773c    00000060     BQ25628_functions.o (.text.BQ25628E_Set_VSYSMIN_mV)
                  0000779c    00000060     spi_mem.o (.text.SPI_Memory_Init)
                  000077fc    0000005e     BQ27Z7_functions.o (.text.BQ27Z746_GetChargingStatus)
                  0000785a    0000005e     driverlib.a : dl_i2c.o (.text.DL_I2C_fillControllerTXFIFO)
                  000078b8    0000005c     uart.o (.text.CLI_RegisterCommand)
                  00007914    0000005c     RAK3172.o (.text.RAK3172_SendCommand)
                  00007970    0000005c     spi_master.o (.text.SPI_Controller_Init)
                  000079cc    0000005c     ti_msp_dl_config.o (.text.SYSCFG_DL_init)
                  00007a28    0000005c     libc.a : s_frexp.c.obj (.text.frexp)
                  00007a84    0000005a     BQ27Z7_functions.o (.text.BQ27Z746_Seal)
                  00007ade    00000002     --HOLE-- [fill = 0]
                  00007ae0    00000058     BQ25628_functions.o (.text.BQ25628E_Set_ICHG_mA)
                  00007b38    00000058     BQ25628_functions.o (.text.BQ25628E_Set_IINDPM_mA)
                  00007b90    00000058     main.o (.text.GROUP1_IRQHandler)
                  00007be8    00000058     spi_mem.o (.text.SPI_Memory_IRQHandler)
                  00007c40    00000058     ti_msp_dl_config.o (.text.SYSCFG_DL_SPI_0_init)
                  00007c98    00000058     ti_msp_dl_config.o (.text.SYSCFG_DL_SPI_1_init)
                  00007cf0    00000058     libc.a : _ltoa.c.obj (.text.__TI_ltoa)
                  00007d48    00000058            : _printfi.c.obj (.text._pconv_f)
                  00007da0    00000056     BQ27Z7_functions.o (.text.BQ27Z746_GetChemID)
                  00007df6    00000056     BQ27Z7_functions.o (.text.BQ27Z746_GetDeviceType)
                  00007e4c    00000056     BQ27Z7_functions.o (.text.BQ27Z746_GetFirmwareVersion)
                  00007ea2    00000002     --HOLE-- [fill = 0]
                  00007ea4    00000056     libclang_rt.builtins.a : aeabi_idivmod.S.obj (.text.__aeabi_idivmod)
                  00007efa    00000002     --HOLE-- [fill = 0]
                  00007efc    00000054     RAK3172.o (.text.RAK3172_Init)
                  00007f50    00000054     uart.o (.text.invokeBSLAsm)
                  00007fa4    00000052     ZDP323B.o (.text.ZDP323B_BuildConfigBytes)
                  00007ff6    00000052     libc.a : _printfi.c.obj (.text._ecpy)
                  00008048    00000050     BQ25628_functions.o (.text.BQ25628E_Init_Default)
                  00008098    00000050     BQ25628_functions.o (.text.BQ25628E_UpdateBits8)
                  000080e8    00000050     ti_msp_dl_config.o (.text.DL_GPIO_initPeripheralInputFunctionFeatures)
                  00008138    00000050     ZDP323B.o (.text.DL_I2C_startControllerTransfer)
                  00008188    00000050     i2c.o (.text.DL_I2C_startControllerTransfer)
                  000081d8    00000050     uart.o (.text.cmd_help)
                  00008228    00000050     functions.o (.text.filter_step_str)
                  00008278    0000004c     BQ27Z7_functions.o (.text.BQ27Z746_GetSecurityMode)
                  000082c4    0000004c     BQ27Z7_functions.o (.text.BQ27Z746_Init)
                  00008310    0000004c     driverlib.a : dl_dma.o (.text.DL_DMA_initChannel)
                  0000835c    0000004c     ti_msp_dl_config.o (.text.DL_GPIO_initDigitalInputFeatures)
                  000083a8    0000004c     ti_msp_dl_config.o (.text.DL_UART_setBaudRateDivisor)
                  000083f4    0000004c     BoardAPI.o (.text.LED_flash_start)
                  00008440    0000004c     spi_mem.o (.text.SPI_Memory_Wait)
                  0000848c    0000004c     ti_msp_dl_config.o (.text.SYSCFG_DL_MCU_UART_1_init)
                  000084d8    0000004a     libclang_rt.builtins.a : fixdfsi.S.obj (.text.__fixdfsi)
                  00008522    00000002     --HOLE-- [fill = 0]
                  00008524    00000048     driverlib.a : dl_uart.o (.text.DL_UART_init)
                  0000856c    00000048     main.o (.text.PIR_interrupt)
                  000085b4    00000048     ti_msp_dl_config.o (.text.SYSCFG_DL_UART_0_init)
                  000085fc    00000048     libc.a : strtok.c.obj (.text.strtok)
                  00008644    00000044     driverlib.a : dl_spi.o (.text.DL_SPI_init)
                  00008688    00000040     libclang_rt.builtins.a : aeabi_uidivmod.S.obj (.text.__aeabi_uidivmod)
                  000086c8    00000040                            : extendsfdf2.S.obj (.text.__extendsfdf2)
                  00008708    00000040     libc.a : atoi.c.obj (.text.atoi)
                  00008748    00000040     uart.o (.text.printToUART)
                  00008788    00000040     libc.a : vsnprintf.c.obj (.text.vsnprintf)
                  000087c8    0000003e     spi_mem.o (.text.arm_tx_only)
                  00008806    00000002     --HOLE-- [fill = 0]
                  00008808    0000003c     driverlib.a : dl_i2c.o (.text.DL_I2C_flushControllerTXFIFO)
                  00008844    0000003c     ti_msp_dl_config.o (.text.DL_Timer_setCounterControl)
                  00008880    0000003c     libclang_rt.builtins.a : floatsisf.S.obj (.text.__floatsisf)
                  000088bc    0000003c                            : comparesf2.S.obj (.text.__gtsf2)
                  000088f8    0000003c     libc.a : autoinit.c.obj (.text:__TI_auto_init_nobinit_nopinit)
                  00008934    0000003a     libclang_rt.builtins.a : comparesf2.S.obj (.text.__eqsf2)
                  0000896e    00000002     --HOLE-- [fill = 0]
                  00008970    0000003a                            : muldsi3.S.obj (.text.__muldsi3)
                  000089aa    00000002     --HOLE-- [fill = 0]
                  000089ac    00000038     ti_msp_dl_config.o (.text.DL_GPIO_initPeripheralOutputFunctionFeatures)
                  000089e4    00000038     RAK3172.o (.text.RAK3172_Reset)
                  00008a1c    00000038     libclang_rt.builtins.a : fixsfsi.S.obj (.text.__fixsfsi)
                  00008a54    00000038     functions.o (.text.print_time)
                  00008a8c    00000034     BQ25628_functions.o (.text.BQ25628E_ReadReg16)
                  00008ac0    00000034     RAK3172.o (.text.RAK3172_SetPower)
                  00008af4    00000034     RAK3172.o (.text.__NVIC_DisableIRQ)
                  00008b28    00000034     main.o (.text.__NVIC_DisableIRQ)
                  00008b5c    00000034     functions.o (.text.parse_filter_step)
                  00008b90    00000032     libc.a : strstr.c.obj (.text.strstr)
                  00008bc2    00000002     --HOLE-- [fill = 0]
                  00008bc4    00000030     BQ25628_functions.o (.text.BQ25628E_WriteReg16)
                  00008bf4    00000030     spi_master.o (.text.DL_DMA_setTransferSize)
                  00008c24    00000030     spi_mem.o (.text.DL_DMA_setTransferSize)
                  00008c54    00000030     driverlib.a : dl_i2c.o (.text.DL_I2C_flushControllerRXFIFO)
                  00008c84    00000030     ti_msp_dl_config.o (.text.DL_SPI_setFIFOThreshold)
                  00008cb4    00000030     driverlib.a : dl_uart.o (.text.DL_UART_transmitDataBlocking)
                  00008ce4    00000030     libc.a : _printfi.c.obj (.text._fcpy)
                  00008d14    00000030            : vsnprintf.c.obj (.text._outs)
                  00008d44    0000002e     ti_msp_dl_config.o (.text.SYSCFG_DL_SYSCTL_init)
                  00008d72    00000002     --HOLE-- [fill = 0]
                  00008d74    0000002c     BQ25628_functions.o (.text.BQ25628E_ReadReg8)
                  00008da0    0000002c     RAK3172.o (.text.__NVIC_ClearPendingIRQ)
                  00008dcc    0000002c     ZDP323B.o (.text.__NVIC_ClearPendingIRQ)
                  00008df8    0000002c     i2c.o (.text.__NVIC_ClearPendingIRQ)
                  00008e24    0000002c     main.o (.text.__NVIC_ClearPendingIRQ)
                  00008e50    0000002c     uart.o (.text.__NVIC_ClearPendingIRQ)
                  00008e7c    0000002c     RAK3172.o (.text.__NVIC_EnableIRQ)
                  00008ea8    0000002c     ZDP323B.o (.text.__NVIC_EnableIRQ)
                  00008ed4    0000002c     i2c.o (.text.__NVIC_EnableIRQ)
                  00008f00    0000002c     main.o (.text.__NVIC_EnableIRQ)
                  00008f2c    0000002c     uart.o (.text.__NVIC_EnableIRQ)
                  00008f58    0000002c     libclang_rt.builtins.a : floatsidf.S.obj (.text.__floatsidf)
                  00008f84    0000002c     gauge.o (.text.gauge_cmd_read)
                  00008fb0    0000002c     uart.o (.text.get_UART_buffer)
                  00008fdc    0000002c     libc.a : strncpy.c.obj (.text.strncpy)
                  00009008    00000028     BQ25628_functions.o (.text.BQ25628E_Set_TS_Ignore)
                  00009030    00000028     BQ27Z7_functions.o (.text.BQ27Z746_MAC_Send)
                  00009058    00000028     ZDP323B.o (.text.DL_Common_updateReg)
                  00009080    00000028     i2c.o (.text.DL_Common_updateReg)
                  000090a8    00000028     ti_msp_dl_config.o (.text.DL_Common_updateReg)
                  000090d0    00000028     spi_master.o (.text.DL_DMA_setDestAddr)
                  000090f8    00000028     spi_mem.o (.text.DL_DMA_setDestAddr)
                  00009120    00000028     spi_master.o (.text.DL_DMA_setSrcAddr)
                  00009148    00000028     spi_mem.o (.text.DL_DMA_setSrcAddr)
                  00009170    00000028     ZDP323B.o (.text.DL_I2C_setControllerAddressingMode)
                  00009198    00000028     ti_msp_dl_config.o (.text.DL_I2C_setControllerRXFIFOThreshold)
                  000091c0    00000028     ti_msp_dl_config.o (.text.DL_I2C_setControllerTXFIFOThreshold)
                  000091e8    00000028     libclang_rt.builtins.a : floatunsisf.S.obj (.text.__floatunsisf)
                  00009210    00000028     libc.a : boot_cortex_m.c.obj (.text:_c_int00_noargs)
                  00009238    00000026     spi_master.o (.text.DL_DMA_enableChannel)
                  0000925e    00000026     spi_mem.o (.text.DL_DMA_enableChannel)
                  00009284    00000026     ti_msp_dl_config.o (.text.DL_I2C_setAnalogGlitchFilterPulseWidth)
                  000092aa    00000026     driverlib.a : dl_i2c.o (.text.DL_I2C_setClockConfig)
                  000092d0    00000026     libc.a : strspn.c.obj (.text.strspn)
                  000092f6    00000002     --HOLE-- [fill = 0]
                  000092f8    00000024     BQ25628_functions.o (.text.BQ25628E_WriteReg8)
                  0000931c    00000024     ti_msp_dl_config.o (.text.DL_SPI_setBitRateSerialClockDivider)
                  00009340    00000024     BoardAPI.o (.text.LED_control_init)
                  00009364    00000024     libclang_rt.builtins.a : muldi3.S.obj (.text.__muldi3)
                  00009388    00000024     i2c.o (.text.i2c_init)
                  000093ac    00000024     libc.a : strcspn.c.obj (.text.strcspn)
                  000093d0    00000022            : memccpy.c.obj (.text.memccpy)
                  000093f2    00000002     --HOLE-- [fill = 0]
                  000093f4    00000020     ti_msp_dl_config.o (.text.DL_GPIO_initPeripheralInputFunction)
                  00009414    00000020     gauge.o (.text.gauge_address)
                  00009434    00000020     BQ27Z7_functions.o (.text.kelvin_to_celsius)
                  00009454    00000020     mb85rs.o (.text.pack_address)
                  00009474    00000020     uart.o (.text.uart_init)
                  00009494    0000001e     ti_msp_dl_config.o (.text.DL_UART_setOversampling)
                  000094b2    00000002     --HOLE-- [fill = 0]
                  000094b4    0000001e     libclang_rt.builtins.a : ashldi3.S.obj (.text.__ashldi3)
                  000094d2    0000001e     BQ27Z7_functions.o (.text.read_reg16)
                  000094f0    0000001c     ZDP323B.o (.text.DL_GPIO_clearInterruptStatus)
                  0000950c    0000001c     main.o (.text.DL_GPIO_clearInterruptStatus)
                  00009528    0000001c     ti_msp_dl_config.o (.text.DL_GPIO_clearInterruptStatus)
                  00009544    0000001c     ti_msp_dl_config.o (.text.DL_GPIO_enableHiZ)
                  00009560    0000001c     ti_msp_dl_config.o (.text.DL_GPIO_enableInterrupt)
                  0000957c    0000001c     ti_msp_dl_config.o (.text.DL_GPIO_initPeripheralOutputFunction)
                  00009598    0000001c     ti_msp_dl_config.o (.text.DL_GPIO_setLowerPinsPolarity)
                  000095b4    0000001c     i2c.o (.text.DL_I2C_disableInterrupt)
                  000095d0    0000001c     ZDP323B.o (.text.DL_I2C_enableInterrupt)
                  000095ec    0000001c     i2c.o (.text.DL_I2C_enableInterrupt)
                  00009608    0000001c     ti_msp_dl_config.o (.text.DL_I2C_enableInterrupt)
                  00009624    0000001c     i2c.o (.text.DL_I2C_isControllerRXFIFOEmpty)
                  00009640    0000001c     main.o (.text.DL_Interrupt_getPendingGroup)
                  0000965c    0000001c     ti_msp_dl_config.o (.text.DL_SPI_enableInterrupt)
                  00009678    0000001c     ti_msp_dl_config.o (.text.DL_SYSCTL_setMCLKDivider)
                  00009694    0000001c     ti_msp_dl_config.o (.text.DL_SYSCTL_setSYSOSCFreq)
                  000096b0    0000001c     ti_msp_dl_config.o (.text.DL_SYSCTL_setULPCLKDivider)
                  000096cc    0000001c     ti_msp_dl_config.o (.text.DL_Timer_enableInterrupt)
                  000096e8    0000001c     driverlib.a : dl_timer.o (.text.DL_Timer_setCaptCompUpdateMethod)
                  00009704    0000001c                 : dl_timer.o (.text.DL_Timer_setClockConfig)
                  00009720    0000001c     RAK3172.o (.text.DL_UART_disableInterrupt)
                  0000973c    0000001c     RAK3172.o (.text.DL_UART_enableInterrupt)
                  00009758    0000001c     ti_msp_dl_config.o (.text.DL_UART_enableInterrupt)
                  00009774    0000001c     main.o (.text.UART0_IRQHandler)
                  00009790    00000018     ti_msp_dl_config.o (.text.DL_GPIO_enableOutput)
                  000097a8    00000018     ti_msp_dl_config.o (.text.DL_GPIO_enablePower)
                  000097c0    00000018     ti_msp_dl_config.o (.text.DL_GPIO_initDigitalOutput)
                  000097d8    00000018     ti_msp_dl_config.o (.text.DL_GPIO_reset)
                  000097f0    00000018     BoardAPI.o (.text.DL_GPIO_setPins)
                  00009808    00000018     RAK3172.o (.text.DL_GPIO_setPins)
                  00009820    00000018     functions.o (.text.DL_GPIO_setPins)
                  00009838    00000018     main.o (.text.DL_GPIO_setPins)
                  00009850    00000018     spi_mem.o (.text.DL_GPIO_setPins)
                  00009868    00000018     ti_msp_dl_config.o (.text.DL_GPIO_setPins)
                  00009880    00000018     ti_msp_dl_config.o (.text.DL_GPIO_setUpperPinsPolarity)
                  00009898    00000018     ZDP323B.o (.text.DL_I2C_clearInterruptStatus)
                  000098b0    00000018     i2c.o (.text.DL_I2C_clearInterruptStatus)
                  000098c8    00000018     ti_msp_dl_config.o (.text.DL_I2C_enableAnalogGlitchFilter)
                  000098e0    00000018     ti_msp_dl_config.o (.text.DL_I2C_enableController)
                  000098f8    00000018     ti_msp_dl_config.o (.text.DL_I2C_enableControllerClockStretching)
                  00009910    00000018     ti_msp_dl_config.o (.text.DL_I2C_enablePower)
                  00009928    00000018     ti_msp_dl_config.o (.text.DL_I2C_reset)
                  00009940    00000018     ti_msp_dl_config.o (.text.DL_I2C_setTimerPeriod)
                  00009958    00000018     ti_msp_dl_config.o (.text.DL_SPI_enable)
                  00009970    00000018     ti_msp_dl_config.o (.text.DL_SPI_enableDMAReceiveEvent)
                  00009988    00000018     ti_msp_dl_config.o (.text.DL_SPI_enablePower)
                  000099a0    00000018     ti_msp_dl_config.o (.text.DL_SPI_reset)
                  000099b8    00000018     ti_msp_dl_config.o (.text.DL_SYSCTL_setBORThreshold)
                  000099d0    00000018     ti_msp_dl_config.o (.text.DL_Timer_enablePower)
                  000099e8    00000018     ti_msp_dl_config.o (.text.DL_Timer_reset)
                  00009a00    00000018     driverlib.a : dl_timer.o (.text.DL_Timer_setCaptureCompareOutCtl)
                  00009a18    00000018     BoardAPI.o (.text.DL_Timer_startCounter)
                  00009a30    00000018     BoardAPI.o (.text.DL_Timer_stopCounter)
                  00009a48    00000018     ti_msp_dl_config.o (.text.DL_UART_enablePower)
                  00009a60    00000018     RAK3172.o (.text.DL_UART_isRXFIFOEmpty)
                  00009a78    00000018     functions.o (.text.DL_UART_isRXFIFOEmpty)
                  00009a90    00000018     ti_msp_dl_config.o (.text.DL_UART_reset)
                  00009aa8    00000018     ti_msp_dl_config.o (.text.SYSCFG_DL_DMA_CH0_init)
                  00009ac0    00000018     ti_msp_dl_config.o (.text.SYSCFG_DL_DMA_CH1_init)
                  00009ad8    00000018     ti_msp_dl_config.o (.text.SYSCFG_DL_DMA_CH2_init)
                  00009af0    00000018     ti_msp_dl_config.o (.text.SYSCFG_DL_DMA_CH3_init)
                  00009b08    00000018     libc.a : vsnprintf.c.obj (.text._outc)
                  00009b20    00000016     BQ27Z7_functions.o (.text.BQ27Z746_ReadInternalTemp_C)
                  00009b36    00000016     BQ27Z7_functions.o (.text.BQ27Z746_ReadTemperature_C)
                  00009b4c    00000016     main.o (.text.DL_GPIO_readPins)
                  00009b62    00000016     ti_msp_dl_config.o (.text.DL_UART_enable)
                  00009b78    00000014     BQ27Z7_functions.o (.text.BQ27Z746_ReadAvgCurrent_mA)
                  00009b8c    00000014     BQ27Z7_functions.o (.text.BQ27Z746_ReadAvgPower_mW)
                  00009ba0    00000014     BQ27Z7_functions.o (.text.BQ27Z746_ReadCurrent_mA)
                  00009bb4    00000014     BQ27Z7_functions.o (.text.BQ27Z746_ReadSOC_pct)
                  00009bc8    00000014     BQ27Z7_functions.o (.text.BQ27Z746_ReadStateOfHealth_pct)
                  00009bdc    00000014     BQ27Z7_functions.o (.text.BQ27Z746_UseInternalTempOnly)
                  00009bf0    00000014     BoardAPI.o (.text.DL_GPIO_clearPins)
                  00009c04    00000014     RAK3172.o (.text.DL_GPIO_clearPins)
                  00009c18    00000014     functions.o (.text.DL_GPIO_clearPins)
                  00009c2c    00000014     spi_mem.o (.text.DL_GPIO_clearPins)
                  00009c40    00000014     ti_msp_dl_config.o (.text.DL_GPIO_clearPins)
                  00009c54    00000014     ZDP323B.o (.text.DL_I2C_getControllerStatus)
                  00009c68    00000014     i2c.o (.text.DL_I2C_getControllerStatus)
                  00009c7c    00000014     i2c.o (.text.DL_I2C_receiveControllerData)
                  00009c90    00000014     ti_msp_dl_config.o (.text.DL_I2C_resetControllerTransfer)
                  00009ca4    00000014     ti_msp_dl_config.o (.text.DL_SPI_enableDMATransmitEvent)
                  00009cb8    00000014     ti_msp_dl_config.o (.text.DL_SYSCTL_disableSYSPLL)
                  00009ccc    00000014     ti_msp_dl_config.o (.text.DL_SYSCTL_enableMFCLK)
                  00009ce0    00000014     ti_msp_dl_config.o (.text.DL_Timer_enableClock)
                  00009cf4    00000014     ti_msp_dl_config.o (.text.DL_Timer_setCCPDirection)
                  00009d08    00000014     RAK3172.o (.text.DL_UART_receiveData)
                  00009d1c    00000014     functions.o (.text.DL_UART_receiveData)
                  00009d30    00000014     uart.o (.text.DL_UART_receiveData)
                  00009d44    00000014     spi_mem.o (.text.SPI_Memory_CS_Assert)
                  00009d58    00000014     spi_mem.o (.text.SPI_Memory_CS_Deassert)
                  00009d6c    00000014     ti_msp_dl_config.o (.text.SYSCFG_DL_DMA_init)
                  00009d80    00000014     libclang_rt.builtins.a : aeabi_uldivmod.S.obj (.text.__aeabi_uldivmod)
                  00009d94    00000014     BoardAPI.o (.text.disable_led_boost)
                  00009da8    00000014     BoardAPI.o (.text.enable_led_boost)
                  00009dbc    00000014     libc.a : _printfi.c.obj (.text.strchr)
                  00009dd0    00000014            : strchr.c.obj (.text.strchr)
                  00009de4    00000012     BQ27Z7_functions.o (.text.BQ27Z746_ReadBatteryStatus)
                  00009df6    00000012     BQ27Z7_functions.o (.text.BQ27Z746_ReadCycleCount)
                  00009e08    00000012     BQ27Z7_functions.o (.text.BQ27Z746_ReadFullChargeCap_mAh)
                  00009e1a    00000012     BQ27Z7_functions.o (.text.BQ27Z746_ReadRemainingCap_mAh)
                  00009e2c    00000012     BQ27Z7_functions.o (.text.BQ27Z746_ReadTimeToEmpty_min)
                  00009e3e    00000012     BQ27Z7_functions.o (.text.BQ27Z746_ReadTimeToFull_min)
                  00009e50    00000012     BQ27Z7_functions.o (.text.BQ27Z746_ReadVoltage_mV)
                  00009e62    00000012     main.o (.text.DL_GPIO_getPendingInterrupt)
                  00009e74    00000012     i2c.o (.text.DL_I2C_getPendingInterrupt)
                  00009e86    00000012     spi_master.o (.text.DL_SPI_getPendingInterrupt)
                  00009e98    00000012     spi_mem.o (.text.DL_SPI_getPendingInterrupt)
                  00009eaa    00000012     driverlib.a : dl_spi.o (.text.DL_SPI_setClockConfig)
                  00009ebc    00000012     RAK3172.o (.text.DL_UART_getPendingInterrupt)
                  00009ece    00000012     main.o (.text.DL_UART_getPendingInterrupt)
                  00009ee0    00000012     driverlib.a : dl_uart.o (.text.DL_UART_setClockConfig)
                  00009ef2    00000012     BQ27Z7_functions.o (.text.security_usleep)
                  00009f04    00000012     mb85rs.o (.text.wrdi)
                  00009f16    00000012     mb85rs.o (.text.wren)
                  00009f28    00000012     libc.a : memcpy16.S.obj (.text:TI_memcpy_small)
                  00009f3a    00000012            : copy_decompress_none.c.obj (.text:decompress:none)
                  00009f4c    00000010     BQ27Z7_functions.o (.text.BQ27Z746_IsDischarging)
                  00009f5c    00000010     BQ27Z7_functions.o (.text.BQ27Z746_IsFullyCharged)
                  00009f6c    00000010     BQ27Z7_functions.o (.text.BQ27Z746_IsFullyDischarged)
                  00009f7c    00000010     ti_msp_dl_config.o (.text.DL_SYSCTL_disableHFXT)
                  00009f8c    00000010     driverlib.a : dl_timer.o (.text.DL_Timer_setCaptureCompareValue)
                  00009f9c    00000010     i2c.o (.text.I2C0_IRQHandler)
                  00009fac    00000010     i2c.o (.text.I2C1_IRQHandler)
                  00009fbc    00000010     BoardAPI.o (.text.LED_flash_stop)
                  00009fcc    00000010     BoardAPI.o (.text.LED_get_current)
                  00009fdc    00000010     spi_mem.o (.text.SPI0_IRQHandler)
                  00009fec    00000010     libc.a : wcslen.c.obj (.text.wcslen)
                  00009ffc    00000010            : copy_zero_init.c.obj (.text:decompress:ZI)
                  0000a00c    0000000e     BQ25628_functions.o (.text.BQ25628E_Disable_Watchdog)
                  0000a01a    0000000e     BQ25628_functions.o (.text.BQ25628E_Set_PeakDischarge_6A)
                  0000a028    0000000e     libclang_rt.builtins.a : aeabi_memset.S.obj (.text.__aeabi_memset)
                  0000a036    0000000e     libc.a : strcpy.c.obj (.text.strcpy)
                  0000a044    0000000e            : _printfi.c.obj (.text.strlen)
                  0000a052    0000000e            : memset16.S.obj (.text:TI_memset_small)
                  0000a060    0000000c     BQ25628_functions.o (.text.BQ25628E_Get_IBAT_mA)
                  0000a06c    0000000c     BQ25628_functions.o (.text.BQ25628E_Get_IBUS_mA)
                  0000a078    0000000c     BQ25628_functions.o (.text.BQ25628E_Get_VBAT_mV)
                  0000a084    0000000c     BQ25628_functions.o (.text.BQ25628E_Get_VBUS_mV)
                  0000a090    0000000c     BQ25628_functions.o (.text.BQ25628E_Get_VSYS_mV)
                  0000a09c    0000000c     BQ27Z7_functions.o (.text.BQ27Z746_Get_AvgCurrent_mA)
                  0000a0a8    0000000c     BQ27Z7_functions.o (.text.BQ27Z746_Get_AvgPower_mW)
                  0000a0b4    0000000c     BQ27Z7_functions.o (.text.BQ27Z746_Get_BatteryStatus)
                  0000a0c0    0000000c     BQ27Z7_functions.o (.text.BQ27Z746_Get_Current_mA)
                  0000a0cc    0000000c     BQ27Z7_functions.o (.text.BQ27Z746_Get_CycleCount)
                  0000a0d8    0000000c     BQ27Z7_functions.o (.text.BQ27Z746_Get_FullChargeCap_mAh)
                  0000a0e4    0000000c     BQ27Z7_functions.o (.text.BQ27Z746_Get_InternalTemp_C)
                  0000a0f0    0000000c     BQ27Z7_functions.o (.text.BQ27Z746_Get_RemainingCap_mAh)
                  0000a0fc    0000000c     BQ27Z7_functions.o (.text.BQ27Z746_Get_SOC_pct)
                  0000a108    0000000c     BQ27Z7_functions.o (.text.BQ27Z746_Get_StateOfHealth_pct)
                  0000a114    0000000c     BQ27Z7_functions.o (.text.BQ27Z746_Get_Temperature_C)
                  0000a120    0000000c     BQ27Z7_functions.o (.text.BQ27Z746_Get_TimeToEmpty_min)
                  0000a12c    0000000c     BQ27Z7_functions.o (.text.BQ27Z746_Get_TimeToFull_min)
                  0000a138    0000000c     BQ27Z7_functions.o (.text.BQ27Z746_Get_Voltage_mV)
                  0000a144    0000000c     BoardAPI.o (.text.LED_get_voltage)
                  0000a150    0000000c     ZDP323B.o (.text.ZDP323B_MotionISR)
                  0000a15c    0000000c     libclang_rt.builtins.a : aeabi_memset.S.obj (.text.__aeabi_memclr)
                  0000a168    0000000a     driverlib.a : dl_common.o (.text.DL_Common_delayCycles)
                  0000a172    0000000a     libc.a : _printfi.c.obj (.text.OUTLINED_FUNCTION_0)
                  0000a17c    00000010     libclang_rt.builtins.a : adddf3.S.obj (.tramp.__aeabi_dsub.1)
                  0000a18c    0000000a     libc.a : s_roundf.c.obj (.text.OUTLINED_FUNCTION_0)
                  0000a196    00000002     --HOLE-- [fill = 0]
                  0000a198    00000010     libclang_rt.builtins.a : addsf3.S.obj (.tramp.__aeabi_fadd.1)
                  0000a1a8    0000000a     libc.a : _printfi.c.obj (.text.OUTLINED_FUNCTION_1)
                  0000a1b2    00000008     main.o (.text.UART1_IRQHandler)
                  0000a1ba    00000002     --HOLE-- [fill = 0]
                  0000a1bc    00000008     libc.a : aeabi_portable.c.obj (.text.__aeabi_errno_addr)
                  0000a1c4    00000008     libclang_rt.builtins.a : aeabi_memcpy.S.obj (.text.__aeabi_memcpy)
                  0000a1cc    00000006     libc.a : exit.c.obj (.text:abort)
                  0000a1d2    00000004     startup_mspm0g350x_ticlang.o (.text.Default_Handler)
                  0000a1d6    00000004     libsysbm.a : hostexit.c.obj (.text.HOSTexit)
                  0000a1da    00000004     startup_mspm0g350x_ticlang.o (.text.Reset_Handler)
                  0000a1de    00000002     --HOLE-- [fill = 0]
                  0000a1e0    00000010     libc.a : boot_cortex_m.c.obj (.tramp._c_int00_noargs.1)
                  0000a1f0    00000004            : pre_init.c.obj (.text._system_pre_init)
                  0000a1f4    0000000c     --HOLE-- [fill = 0]

.cinit     0    0000d610    00000190     
                  0000d610    00000169     (.cinit..data.load) [load image, compression = lzss]
                  0000d779    00000003     --HOLE-- [fill = 0]
                  0000d77c    0000000c     (__TI_handler_table)
                  0000d788    00000008     (.cinit..bss.load) [load image, compression = zero_init]
                  0000d790    00000010     (__TI_cinit_table)

.rodata    0    0000a200    00003410     
                  0000a200    000002ec     functions.o (.rodata.str1.14660004578859228044.1)
                  0000a4ec    000001da     functions.o (.rodata.str1.17600609178903569978.1)
                  0000a6c6    000001b3     functions.o (.rodata.str1.3019495220097340546.1)
                  0000a879    00000131     functions.o (.rodata.str1.14424774467072349609.1)
                  0000a9aa    00000107     functions.o (.rodata.str1.1174942412544543362.1)
                  0000aab1    0000000f     functions.o (.rodata.str1.1434866316927325970.1)
                  0000aac0    00000101     libc.a : aeabi_ctype.S.obj (.rodata:__aeabi_ctype_table_)
                  0000abc1    000000f4     functions.o (.rodata.str1.18059599449896579509.1)
                  0000acb5    000000af     functions.o (.rodata.str1.10105263805998509149.1)
                  0000ad64    00000046     functions.o (.rodata.str1.14754684760099289372.1)
                  0000adaa    00000041     functions.o (.rodata.str1.2344728598999326712.1)
                  0000adeb    00000040     RAK3172.o (.rodata.str1.8036733024251265150.1)
                  0000ae2b    0000003f     functions.o (.rodata.str1.5352344875588335774.1)
                  0000ae6a    0000003d     RAK3172.o (.rodata.str1.6449940769916495429.1)
                  0000aea7    0000003c     functions.o (.rodata.str1.6596733414268854495.1)
                  0000aee3    0000003b     functions.o (.rodata.str1.13405053720543497480.1)
                  0000af1e    0000003b     main.o (.rodata.str1.39260288392874984.1)
                  0000af59    0000003b     functions.o (.rodata.str1.9863839573043808502.1)
                  0000af94    0000003a     functions.o (.rodata.str1.13647871663007229205.1)
                  0000afce    00000038     functions.o (.rodata.str1.14891510999279312204.1)
                  0000b006    00000038     functions.o (.rodata.str1.2911829737590962714.1)
                  0000b03e    00000037     functions.o (.rodata.str1.1832783851567210609.1)
                  0000b075    00000036     functions.o (.rodata.str1.11740181311745255940.1)
                  0000b0ab    00000036     functions.o (.rodata.str1.5685701548624197313.1)
                  0000b0e1    00000034     functions.o (.rodata.str1.11489194655681450928.1)
                  0000b115    00000034     functions.o (.rodata.str1.13869735989619804122.1)
                  0000b149    00000033     functions.o (.rodata.str1.13877888024071246384.1)
                  0000b17c    00000033     functions.o (.rodata.str1.14425403555696131028.1)
                  0000b1af    00000033     functions.o (.rodata.str1.15303011696885085265.1)
                  0000b1e2    00000033     ZDP323B.o (.rodata.str1.6426932092013501745.1)
                  0000b215    00000032     ZDP323B.o (.rodata.str1.13049244076617931570.1)
                  0000b247    00000032     functions.o (.rodata.str1.13529407018213730301.1)
                  0000b279    00000032     functions.o (.rodata.str1.15231467846776008763.1)
                  0000b2ab    00000032     functions.o (.rodata.str1.15500694823524375836.1)
                  0000b2dd    00000032     functions.o (.rodata.str1.564048024001813562.1)
                  0000b30f    00000031     functions.o (.rodata.str1.11330391477773130853.1)
                  0000b340    00000031     functions.o (.rodata.str1.11371842499512143921.1)
                  0000b371    00000031     main.o (.rodata.str1.14402440632258215044.1)
                  0000b3a2    00000031     ZDP323B.o (.rodata.str1.15253925937945711900.1)
                  0000b3d3    00000031     ZDP323B.o (.rodata.str1.3608069722927596962.1)
                  0000b404    00000030     main.o (.rodata.str1.6554448696319176064.1)
                  0000b434    0000002f     RAK3172.o (.rodata.str1.10028879068347983061.1)
                  0000b463    0000002f     main.o (.rodata.str1.10753028060609409702.1)
                  0000b492    0000002f     functions.o (.rodata.str1.11510568493784519380.1)
                  0000b4c1    0000002f     main.o (.rodata.str1.18227636981041470289.1)
                  0000b4f0    0000002f     functions.o (.rodata.str1.5574861860302912700.1)
                  0000b51f    0000002e     functions.o (.rodata.str1.10121604327849672915.1)
                  0000b54d    0000002e     functions.o (.rodata.str1.1810987313933839541.1)
                  0000b57b    0000002e     RAK3172.o (.rodata.str1.7199972899484323784.1)
                  0000b5a9    0000002e     functions.o (.rodata.str1.8684894204910267454.1)
                  0000b5d7    0000002d     functions.o (.rodata.str1.13361924668150654931.1)
                  0000b604    0000002d     functions.o (.rodata.str1.13786467237224150958.1)
                  0000b631    0000002d     functions.o (.rodata.str1.15871961652988661611.1)
                  0000b65e    0000002d     functions.o (.rodata.str1.17873271132953962449.1)
                  0000b68b    0000002d     functions.o (.rodata.str1.303947978237559523.1)
                  0000b6b8    0000002d     ZDP323B.o (.rodata.str1.3439872134578313174.1)
                  0000b6e5    0000002c     main.o (.rodata.str1.8428454045432808059.1)
                  0000b711    0000002b     functions.o (.rodata.str1.6505750907013116089.1)
                  0000b73c    0000002b     functions.o (.rodata.str1.7213520456192855849.1)
                  0000b767    0000002b     functions.o (.rodata.str1.963556741755692615.1)
                  0000b792    0000002a     functions.o (.rodata.str1.11852899632267644254.1)
                  0000b7bc    0000002a     functions.o (.rodata.str1.13933329845969146692.1)
                  0000b7e6    0000002a     functions.o (.rodata.str1.17242831494859343374.1)
                  0000b810    0000002a     functions.o (.rodata.str1.8975528390176846916.1)
                  0000b83a    00000029     main.o (.rodata.str1.11702106008850790973.1)
                  0000b863    00000029     ZDP323B.o (.rodata.str1.11817068701145566633.1)
                  0000b88c    00000029     functions.o (.rodata.str1.14212890215622683485.1)
                  0000b8b5    00000029     RAK3172.o (.rodata.str1.952859593106619019.1)
                  0000b8de    00000028     functions.o (.rodata.str1.13707145581914847747.1)
                  0000b906    00000027     main.o (.rodata.str1.11870794119293528247.1)
                  0000b92d    00000027     main.o (.rodata.str1.13959864503700487862.1)
                  0000b954    00000027     main.o (.rodata.str1.16631870348416990953.1)
                  0000b97b    00000027     functions.o (.rodata.str1.7085808795165203043.1)
                  0000b9a2    00000026     functions.o (.rodata.str1.11596568296542930794.1)
                  0000b9c8    00000026     main.o (.rodata.str1.13510909575694371129.1)
                  0000b9ee    00000026     main.o (.rodata.str1.14712910685067215323.1)
                  0000ba14    00000026     functions.o (.rodata.str1.2412787792798810337.1)
                  0000ba3a    00000026     functions.o (.rodata.str1.312031595841812858.1)
                  0000ba60    00000026     ZDP323B.o (.rodata.str1.7320712112201950441.1)
                  0000ba86    00000025     main.o (.rodata.str1.10313062130652730376.1)
                  0000baab    00000025     main.o (.rodata.str1.13782249893155712474.1)
                  0000bad0    00000025     main.o (.rodata.str1.14079361385603432444.1)
                  0000baf5    00000025     RAK3172.o (.rodata.str1.1431870457548161368.1)
                  0000bb1a    00000025     functions.o (.rodata.str1.1545240438815278529.1)
                  0000bb3f    00000025     functions.o (.rodata.str1.17819248719987149311.1)
                  0000bb64    00000025     functions.o (.rodata.str1.5196872854305757230.1)
                  0000bb89    00000024     main.o (.rodata.str1.11121730273200050387.1)
                  0000bbad    00000024     main.o (.rodata.str1.13030671760666898970.1)
                  0000bbd1    00000024     main.o (.rodata.str1.14112174005742061988.1)
                  0000bbf5    00000024     RAK3172.o (.rodata.str1.1487736462859196529.1)
                  0000bc19    00000024     functions.o (.rodata.str1.1813704926491365237.1)
                  0000bc3d    00000024     functions.o (.rodata.str1.2298903785866919411.1)
                  0000bc61    00000024     RAK3172.o (.rodata.str1.2864539900761302690.1)
                  0000bc85    00000024     RAK3172.o (.rodata.str1.4186403716999476052.1)
                  0000bca9    00000024     ZDP323B.o (.rodata.str1.5543880619177829359.1)
                  0000bccd    00000024     functions.o (.rodata.str1.831622212789273363.1)
                  0000bcf1    00000023     uart.o (.rodata.str1.14464947116831474962.1)
                  0000bd14    00000023     functions.o (.rodata.str1.3739636256912452571.1)
                  0000bd37    00000023     functions.o (.rodata.str1.4088760258362988122.1)
                  0000bd5a    00000023     functions.o (.rodata.str1.417100376825835908.1)
                  0000bd7d    00000023     functions.o (.rodata.str1.7723146404961276984.1)
                  0000bda0    00000023     main.o (.rodata.str1.9059077390166914652.1)
                  0000bdc3    00000022     main.o (.rodata.str1.10865113624938808685.1)
                  0000bde5    00000022     functions.o (.rodata.str1.10930655922842606279.1)
                  0000be07    00000022     functions.o (.rodata.str1.11373607083750233779.1)
                  0000be29    00000022     functions.o (.rodata.str1.11403685632016021771.1)
                  0000be4b    00000022     functions.o (.rodata.str1.16614484817706633923.1)
                  0000be6d    00000022     functions.o (.rodata.str1.2190941444116491765.1)
                  0000be8f    00000022     functions.o (.rodata.str1.2305192595417680505.1)
                  0000beb1    00000022     main.o (.rodata.str1.5043408953494467246.1)
                  0000bed3    00000022     main.o (.rodata.str1.6365796992934770792.1)
                  0000bef5    00000022     functions.o (.rodata.str1.7319270408353279736.1)
                  0000bf17    00000022     functions.o (.rodata.str1.8841248051089024616.1)
                  0000bf39    00000021     functions.o (.rodata.str1.10302267126528799586.1)
                  0000bf5a    00000021     functions.o (.rodata.str1.11345522308171243087.1)
                  0000bf7b    00000021     functions.o (.rodata.str1.12250083639950253671.1)
                  0000bf9c    00000021     functions.o (.rodata.str1.16726128468901222387.1)
                  0000bfbd    00000021     functions.o (.rodata.str1.17004305802620412261.1)
                  0000bfde    00000021     functions.o (.rodata.str1.17121790288170408763.1)
                  0000bfff    00000021     functions.o (.rodata.str1.17387986676834450725.1)
                  0000c020    00000021     functions.o (.rodata.str1.18169768820860067831.1)
                  0000c041    00000021     functions.o (.rodata.str1.2090819679678785128.1)
                  0000c062    00000021     functions.o (.rodata.str1.2216088936736676215.1)
                  0000c083    00000021     main.o (.rodata.str1.2256192789054937243.1)
                  0000c0a4    00000021     functions.o (.rodata.str1.2654337880733388962.1)
                  0000c0c5    00000021     functions.o (.rodata.str1.3098115528246613681.1)
                  0000c0e6    00000021     functions.o (.rodata.str1.3322434249706281543.1)
                  0000c107    00000021     functions.o (.rodata.str1.4531601087117612729.1)
                  0000c128    00000021     functions.o (.rodata.str1.455706336395187257.1)
                  0000c149    00000021     functions.o (.rodata.str1.812177498809953536.1)
                  0000c16a    00000021     functions.o (.rodata.str1.8430466031500812981.1)
                  0000c18b    00000021     functions.o (.rodata.str1.8989266583668574770.1)
                  0000c1ac    00000020     functions.o (.rodata.str1.10387253022637546114.1)
                  0000c1cc    00000020     functions.o (.rodata.str1.10514892771341585404.1)
                  0000c1ec    00000020     functions.o (.rodata.str1.10868672936327135180.1)
                  0000c20c    00000020     functions.o (.rodata.str1.11488970495173820783.1)
                  0000c22c    00000020     functions.o (.rodata.str1.14247832736261690914.1)
                  0000c24c    00000020     functions.o (.rodata.str1.16499007181999684178.1)
                  0000c26c    00000020     functions.o (.rodata.str1.16985884696085998545.1)
                  0000c28c    00000020     functions.o (.rodata.str1.17524032667240931881.1)
                  0000c2ac    00000020     functions.o (.rodata.str1.17954340015018547257.1)
                  0000c2cc    00000020     functions.o (.rodata.str1.1879081474855052955.1)
                  0000c2ec    00000020     functions.o (.rodata.str1.2347775125427912132.1)
                  0000c30c    00000020     functions.o (.rodata.str1.2989574447005584482.1)
                  0000c32c    00000020     functions.o (.rodata.str1.4892436572911226530.1)
                  0000c34c    00000020     main.o (.rodata.str1.6976963560179378225.1)
                  0000c36c    00000020     functions.o (.rodata.str1.9506313465773766142.1)
                  0000c38c    0000001f     functions.o (.rodata.str1.10620974771816488631.1)
                  0000c3ab    0000001f     functions.o (.rodata.str1.10779513392166034331.1)
                  0000c3ca    0000001f     functions.o (.rodata.str1.12716756795433194893.1)
                  0000c3e9    0000001f     ZDP323B.o (.rodata.str1.13908428614379841002.1)
                  0000c408    0000001f     main.o (.rodata.str1.16265332423659789559.1)
                  0000c427    0000001f     functions.o (.rodata.str1.2618360898605671341.1)
                  0000c446    0000001f     functions.o (.rodata.str1.3741468063811768988.1)
                  0000c465    0000001f     functions.o (.rodata.str1.391113973767205363.1)
                  0000c484    0000001f     functions.o (.rodata.str1.5445248913733296825.1)
                  0000c4a3    0000001f     functions.o (.rodata.str1.7261598007108977983.1)
                  0000c4c2    0000001f     functions.o (.rodata.str1.7667325258934765219.1)
                  0000c4e1    0000001f     functions.o (.rodata.str1.947937177233202452.1)
                  0000c500    0000001e     functions.o (.rodata.str1.11548324711019379123.1)
                  0000c51e    0000001e     functions.o (.rodata.str1.13258710136769708401.1)
                  0000c53c    0000001e     functions.o (.rodata.str1.15416425971347363818.1)
                  0000c55a    0000001e     functions.o (.rodata.str1.17124744513834159004.1)
                  0000c578    0000001e     functions.o (.rodata.str1.2132137826339264873.1)
                  0000c596    0000001e     functions.o (.rodata.str1.2153166669032916089.1)
                  0000c5b4    0000001e     functions.o (.rodata.str1.8276779995786722914.1)
                  0000c5d2    0000001e     functions.o (.rodata.str1.9393216526452698668.1)
                  0000c5f0    0000001e     functions.o (.rodata.str1.9629253951102113371.1)
                  0000c60e    0000001d     functions.o (.rodata.str1.10029850049327752681.1)
                  0000c62b    0000001d     functions.o (.rodata.str1.12012936333037231797.1)
                  0000c648    0000001d     functions.o (.rodata.str1.12122565456592184258.1)
                  0000c665    0000001d     functions.o (.rodata.str1.1787322033648190911.1)
                  0000c682    0000001d     functions.o (.rodata.str1.3945811098438947860.1)
                  0000c69f    0000001d     functions.o (.rodata.str1.67103668184455600.1)
                  0000c6bc    0000001c     functions.o (.rodata.str1.11158820112163685190.1)
                  0000c6d8    0000001c     main.o (.rodata.str1.12180500075719773345.1)
                  0000c6f4    0000001c     functions.o (.rodata.str1.14504089057119714207.1)
                  0000c710    0000001c     functions.o (.rodata.str1.17112998893623131760.1)
                  0000c72c    0000001c     functions.o (.rodata.str1.17418132220924322792.1)
                  0000c748    0000001c     functions.o (.rodata.str1.2090735207208419621.1)
                  0000c764    0000001c     functions.o (.rodata.str1.638703247069904128.1)
                  0000c780    0000001c     functions.o (.rodata.str1.7162303493627050396.1)
                  0000c79c    0000001c     functions.o (.rodata.str1.823074591787180899.1)
                  0000c7b8    0000001b     functions.o (.rodata.str1.12869987097872302101.1)
                  0000c7d3    0000001b     functions.o (.rodata.str1.13213250456124221025.1)
                  0000c7ee    0000001b     functions.o (.rodata.str1.15241132200125037881.1)
                  0000c809    0000001b     functions.o (.rodata.str1.16937093305108365645.1)
                  0000c824    0000001b     functions.o (.rodata.str1.17669684748118727147.1)
                  0000c83f    0000001b     main.o (.rodata.str1.3530083166107438000.1)
                  0000c85a    0000001b     functions.o (.rodata.str1.4198453541086758413.1)
                  0000c875    0000001b     functions.o (.rodata.str1.504123949362312185.1)
                  0000c890    0000001b     functions.o (.rodata.str1.6579945242302544448.1)
                  0000c8ab    0000001b     functions.o (.rodata.str1.6954128830300373732.1)
                  0000c8c6    0000001b     functions.o (.rodata.str1.771275161403278999.1)
                  0000c8e1    0000001b     functions.o (.rodata.str1.9586352787182320994.1)
                  0000c8fc    0000001a     functions.o (.rodata.str1.10394495994740858438.1)
                  0000c916    0000001a     functions.o (.rodata.str1.10821967500945095815.1)
                  0000c930    0000001a     functions.o (.rodata.str1.11584461607463951922.1)
                  0000c94a    0000001a     functions.o (.rodata.str1.11621569494667626893.1)
                  0000c964    0000001a     functions.o (.rodata.str1.12609848238114409581.1)
                  0000c97e    0000001a     functions.o (.rodata.str1.13060549876486072544.1)
                  0000c998    0000001a     functions.o (.rodata.str1.15914577833492633752.1)
                  0000c9b2    0000001a     functions.o (.rodata.str1.2423760133235791839.1)
                  0000c9cc    0000001a     functions.o (.rodata.str1.2872345601479061820.1)
                  0000c9e6    0000001a     main.o (.rodata.str1.7996925722583989644.1)
                  0000ca00    0000001a     functions.o (.rodata.str1.976629323795015702.1)
                  0000ca1a    0000001a     functions.o (.rodata.str1.9987864939932165754.1)
                  0000ca34    00000019     functions.o (.rodata.str1.15581223450256929385.1)
                  0000ca4d    00000019     main.o (.rodata.str1.16302215771116645891.1)
                  0000ca66    00000019     functions.o (.rodata.str1.2006883888705870762.1)
                  0000ca7f    00000019     functions.o (.rodata.str1.6934290517616500964.1)
                  0000ca98    00000019     functions.o (.rodata.str1.7293844269889091573.1)
                  0000cab1    00000019     functions.o (.rodata.str1.9504405780896684869.1)
                  0000caca    00000002     ti_msp_dl_config.o (.rodata.gI2C_0ClockConfig)
                  0000cacc    00000018     BoardAPI.o (.rodata._pwm_outputs)
                  0000cae4    00000018     ti_msp_dl_config.o (.rodata.gDMA_CH0Config)
                  0000cafc    00000018     ti_msp_dl_config.o (.rodata.gDMA_CH1Config)
                  0000cb14    00000018     ti_msp_dl_config.o (.rodata.gDMA_CH2Config)
                  0000cb2c    00000018     ti_msp_dl_config.o (.rodata.gDMA_CH3Config)
                  0000cb44    00000018     ZDP323B.o (.rodata.str1.13872368284913790327.1)
                  0000cb5c    00000018     functions.o (.rodata.str1.14826907694073300720.1)
                  0000cb74    00000018     functions.o (.rodata.str1.15647711897633472048.1)
                  0000cb8c    00000018     functions.o (.rodata.str1.3293202025561435839.1)
                  0000cba4    00000018     functions.o (.rodata.str1.3544098629501009633.1)
                  0000cbbc    00000018     functions.o (.rodata.str1.3687520451400334805.1)
                  0000cbd4    00000018     functions.o (.rodata.str1.4307635291288551838.1)
                  0000cbec    00000018     functions.o (.rodata.str1.5556253844797924259.1)
                  0000cc04    00000018     main.o (.rodata.str1.8154729771448623357.1)
                  0000cc1c    00000017     main.o (.rodata.str1.10003710380724733530.1)
                  0000cc33    00000017     functions.o (.rodata.str1.11087625087312282266.1)
                  0000cc4a    00000017     functions.o (.rodata.str1.1121117191475404019.1)
                  0000cc61    00000017     functions.o (.rodata.str1.13497160822588500659.1)
                  0000cc78    00000017     functions.o (.rodata.str1.15981603964029308583.1)
                  0000cc8f    00000017     main.o (.rodata.str1.16856034117330037696.1)
                  0000cca6    00000017     functions.o (.rodata.str1.17162129685140799346.1)
                  0000ccbd    00000017     functions.o (.rodata.str1.17500777133379660036.1)
                  0000ccd4    00000017     functions.o (.rodata.str1.1798579838546719175.1)
                  0000cceb    00000017     functions.o (.rodata.str1.18319551690001788249.1)
                  0000cd02    00000017     main.o (.rodata.str1.2255554096259913709.1)
                  0000cd19    00000017     functions.o (.rodata.str1.3107984650851015417.1)
                  0000cd30    00000017     functions.o (.rodata.str1.4144252613811081812.1)
                  0000cd47    00000017     main.o (.rodata.str1.489408286258209761.1)
                  0000cd5e    00000017     functions.o (.rodata.str1.5896414462293131170.1)
                  0000cd75    00000017     functions.o (.rodata.str1.7276749916342729794.1)
                  0000cd8c    00000017     functions.o (.rodata.str1.8683587540435544184.1)
                  0000cda3    00000016     functions.o (.rodata.str1.13750405472340812261.1)
                  0000cdb9    00000016     functions.o (.rodata.str1.14296218639596138037.1)
                  0000cdcf    00000016     functions.o (.rodata.str1.14626576299884526934.1)
                  0000cde5    00000016     functions.o (.rodata.str1.1463293767001829125.1)
                  0000cdfb    00000016     uart.o (.rodata.str1.15503172443992438641.1)
                  0000ce11    00000016     functions.o (.rodata.str1.16113805747440866019.1)
                  0000ce27    00000016     functions.o (.rodata.str1.17016031596792030868.1)
                  0000ce3d    00000016     functions.o (.rodata.str1.1912318065655334061.1)
                  0000ce53    00000016     functions.o (.rodata.str1.5117621188084071403.1)
                  0000ce69    00000016     RAK3172.o (.rodata.str1.7051730511231219024.1)
                  0000ce7f    00000016     main.o (.rodata.str1.8096991282711418442.1)
                  0000ce95    00000015     functions.o (.rodata.str1.11457859038367029433.1)
                  0000ceaa    00000015     main.o (.rodata.str1.1311392489248731986.1)
                  0000cebf    00000015     functions.o (.rodata.str1.13291850131445628085.1)
                  0000ced4    00000015     functions.o (.rodata.str1.13318008327193210645.1)
                  0000cee9    00000015     RAK3172.o (.rodata.str1.13521612804400909485.1)
                  0000cefe    00000015     functions.o (.rodata.str1.14079700471513303319.1)
                  0000cf13    00000015     functions.o (.rodata.str1.14779408147115502373.1)
                  0000cf28    00000015     functions.o (.rodata.str1.16344480386849582482.1)
                  0000cf3d    00000015     functions.o (.rodata.str1.17171889877841249491.1)
                  0000cf52    00000015     functions.o (.rodata.str1.18285776561876861988.1)
                  0000cf67    00000015     functions.o (.rodata.str1.5514502381961403268.1)
                  0000cf7c    00000015     functions.o (.rodata.str1.6275033222440079959.1)
                  0000cf91    00000015     functions.o (.rodata.str1.7987950595137088371.1)
                  0000cfa6    00000015     functions.o (.rodata.str1.8058481654977393815.1)
                  0000cfbb    00000015     uart.o (.rodata.str1.8171864734171609186.1)
                  0000cfd0    00000014     functions.o (.rodata.str1.13052596014025790475.1)
                  0000cfe4    00000014     functions.o (.rodata.str1.16059144329163883794.1)
                  0000cff8    00000014     functions.o (.rodata.str1.4910338030008278487.1)
                  0000d00c    00000014     functions.o (.rodata.str1.5905555877690922764.1)
                  0000d020    00000014     functions.o (.rodata.str1.7324634916810494498.1)
                  0000d034    00000014     main.o (.rodata.str1.7784929982665794503.1)
                  0000d048    00000014     functions.o (.rodata.str1.9182000268108421340.1)
                  0000d05c    00000014     functions.o (.rodata.str1.9955790773425000222.1)
                  0000d070    00000013     functions.o (.rodata.str1.17622889657162422067.1)
                  0000d083    00000013     functions.o (.rodata.str1.204082772225115829.1)
                  0000d096    00000013     functions.o (.rodata.str1.3818782532712895722.1)
                  0000d0a9    00000013     RAK3172.o (.rodata.str1.4152852479021548292.1)
                  0000d0bc    00000013     functions.o (.rodata.str1.5293785561432609074.1)
                  0000d0cf    00000013     functions.o (.rodata.str1.5672502669058196221.1)
                  0000d0e2    00000013     RAK3172.o (.rodata.str1.9418084910429164153.1)
                  0000d0f5    00000012     main.o (.rodata.str1.11321157723316767883.1)
                  0000d107    00000012     functions.o (.rodata.str1.11391304066098951517.1)
                  0000d119    00000012     RAK3172.o (.rodata.str1.11543366406793681780.1)
                  0000d12b    00000012     main.o (.rodata.str1.4829115146054326934.1)
                  0000d13d    00000012     main.o (.rodata.str1.6689794204546696417.1)
                  0000d14f    00000011     libc.a : _printfi.c.obj (.rodata.str1.10348868589481759720.1)
                  0000d160    00000011     functions.o (.rodata.str1.15082562741968675383.1)
                  0000d171    00000011     libc.a : _printfi.c.obj (.rodata.str1.15363888844622738466.1)
                  0000d182    00000011     main.o (.rodata.str1.17770841602246103764.1)
                  0000d193    00000011     main.o (.rodata.str1.2597068879322958637.1)
                  0000d1a4    00000011     main.o (.rodata.str1.2624144126699937905.1)
                  0000d1b5    00000011     main.o (.rodata.str1.403738606202455663.1)
                  0000d1c6    00000011     main.o (.rodata.str1.625103348304617710.1)
                  0000d1d7    00000011     functions.o (.rodata.str1.8855207564147674068.1)
                  0000d1e8    00000010     functions.o (.rodata.str1.12247701732483370762.1)
                  0000d1f8    0000000f     functions.o (.rodata.str1.18426002669572504042.1)
                  0000d207    0000000f     functions.o (.rodata.str1.2372479248998020874.1)
                  0000d216    0000000f     functions.o (.rodata.str1.6405428687533244608.1)
                  0000d225    0000000f     functions.o (.rodata.str1.7684438339927393593.1)
                  0000d234    0000000e     main.o (.rodata.str1.11822182024223342093.1)
                  0000d242    0000000e     RAK3172.o (.rodata.str1.1968888313200872450.1)
                  0000d250    0000000e     functions.o (.rodata.str1.3274426514815924028.1)
                  0000d25e    0000000e     functions.o (.rodata.str1.6433388484108913441.1)
                  0000d26c    0000000e     functions.o (.rodata.str1.6551616409717788252.1)
                  0000d27a    0000000d     functions.o (.rodata.str1.14249227603012650231.1)
                  0000d287    0000000d     RAK3172.o (.rodata.str1.16764240914860288288.1)
                  0000d294    0000000d     functions.o (.rodata.str1.17314209706061556526.1)
                  0000d2a1    0000000d     main.o (.rodata.str1.8828068777338075035.1)
                  0000d2ae    0000000c     main.o (.rodata.str1.10224226614597680209.1)
                  0000d2ba    0000000c     functions.o (.rodata.str1.12082073636076449582.1)
                  0000d2c6    0000000c     functions.o (.rodata.str1.12649739183381639352.1)
                  0000d2d2    0000000c     functions.o (.rodata.str1.2128294674425382420.1)
                  0000d2de    0000000b     main.o (.rodata.str1.18092426736022315238.1)
                  0000d2e9    0000000b     RAK3172.o (.rodata.str1.3379378337854271095.1)
                  0000d2f4    0000000b     functions.o (.rodata.str1.4040450050525152614.1)
                  0000d2ff    0000000b     functions.o (.rodata.str1.6500671132244866452.1)
                  0000d30a    0000000a     ti_msp_dl_config.o (.rodata.gMCU_UART_1Config)
                  0000d314    0000000a     ti_msp_dl_config.o (.rodata.gSPI_0_config)
                  0000d31e    0000000a     ti_msp_dl_config.o (.rodata.gSPI_1_config)
                  0000d328    0000000a     ti_msp_dl_config.o (.rodata.gUART_0Config)
                  0000d332    0000000a     functions.o (.rodata.str1.12114497968925858118.1)
                  0000d33c    0000000a     functions.o (.rodata.str1.1518209179495633459.1)
                  0000d346    0000000a     main.o (.rodata.str1.288608917962107522.1)
                  0000d350    0000000a     main.o (.rodata.str1.4787932902692149498.1)
                  0000d35a    0000000a     functions.o (.rodata.str1.6736404338818286726.1)
                  0000d364    0000000a     functions.o (.rodata.str1.6783150972682750781.1)
                  0000d36e    0000000a     functions.o (.rodata.str1.9659379646541333203.1)
                  0000d378    0000000a     functions.o (.rodata.str1.9866892624350641238.1)
                  0000d382    00000009     main.o (.rodata.str1.10720410773482754683.1)
                  0000d38b    00000009     functions.o (.rodata.str1.11364996628600094536.1)
                  0000d394    00000009     main.o (.rodata.str1.11777244287787065045.1)
                  0000d39d    00000009     functions.o (.rodata.str1.12257129677820421622.1)
                  0000d3a6    00000009     functions.o (.rodata.str1.13225435875195226696.1)
                  0000d3af    00000009     main.o (.rodata.str1.14032527501195285070.1)
                  0000d3b8    00000009     main.o (.rodata.str1.1928638051441818890.1)
                  0000d3c1    00000009     uart.o (.rodata.str1.2747995240747259486.1)
                  0000d3ca    00000009     functions.o (.rodata.str1.5320122413559821118.1)
                  0000d3d3    00000009     functions.o (.rodata.str1.5699953771227312792.1)
                  0000d3dc    00000009     functions.o (.rodata.str1.6743441520423956273.1)
                  0000d3e5    00000003     ti_msp_dl_config.o (.rodata.gBOOST_CONTROLClockConfig)
                  0000d3e8    00000008     ti_msp_dl_config.o (.rodata.gBOOST_CONTROLConfig)
                  0000d3f0    00000008     ti_msp_dl_config.o (.rodata.gFLASH_CONTROLConfig)
                  0000d3f8    00000008     functions.o (.rodata.str1.11093425900794288272.1)
                  0000d400    00000008     functions.o (.rodata.str1.11517924573668616356.1)
                  0000d408    00000008     functions.o (.rodata.str1.12716370140545181522.1)
                  0000d410    00000008     functions.o (.rodata.str1.14464870060864390341.1)
                  0000d418    00000008     main.o (.rodata.str1.14466178792657420020.1)
                  0000d420    00000008     functions.o (.rodata.str1.15633490976573669152.1)
                  0000d428    00000008     functions.o (.rodata.str1.15667472894159448674.1)
                  0000d430    00000008     functions.o (.rodata.str1.15927518266867229498.1)
                  0000d438    00000008     functions.o (.rodata.str1.16386345573460399209.1)
                  0000d440    00000008     main.o (.rodata.str1.16709704744796600189.1)
                  0000d448    00000008     functions.o (.rodata.str1.16929425599360063401.1)
                  0000d450    00000008     functions.o (.rodata.str1.2299744636238869032.1)
                  0000d458    00000008     main.o (.rodata.str1.2846389346932560359.1)
                  0000d460    00000008     functions.o (.rodata.str1.3156050197955811031.1)
                  0000d468    00000008     functions.o (.rodata.str1.6886749528440134913.1)
                  0000d470    00000008     functions.o (.rodata.str1.7162077660410253316.1)
                  0000d478    00000008     main.o (.rodata.str1.8320541211001259012.1)
                  0000d480    00000007     functions.o (.rodata.str1.14125585639945481457.1)
                  0000d487    00000007     functions.o (.rodata.str1.15074034281527865494.1)
                  0000d48e    00000007     RAK3172.o (.rodata.str1.15911937215791851105.1)
                  0000d495    00000007     functions.o (.rodata.str1.16429985753972473886.1)
                  0000d49c    00000007     functions.o (.rodata.str1.17588442350683572369.1)
                  0000d4a3    00000007     functions.o (.rodata.str1.18157200286260056646.1)
                  0000d4aa    00000007     functions.o (.rodata.str1.2576872358145254110.1)
                  0000d4b1    00000007     functions.o (.rodata.str1.2606492479815574346.1)
                  0000d4b8    00000007     functions.o (.rodata.str1.3123360382440319361.1)
                  0000d4bf    00000007     main.o (.rodata.str1.5630281060179367396.1)
                  0000d4c6    00000007     RAK3172.o (.rodata.str1.7659589185677606906.1)
                  0000d4cd    00000007     functions.o (.rodata.str1.8531227236847774710.1)
                  0000d4d4    00000006     functions.o (.rodata.str1.10146554888887806956.1)
                  0000d4da    00000006     RAK3172.o (.rodata.str1.11377292495379983061.1)
                  0000d4e0    00000006     functions.o (.rodata.str1.11538060877586311343.1)
                  0000d4e6    00000006     functions.o (.rodata.str1.11655743873260979083.1)
                  0000d4ec    00000006     functions.o (.rodata.str1.12410864860910897959.1)
                  0000d4f2    00000006     functions.o (.rodata.str1.16699442666505370998.1)
                  0000d4f8    00000006     functions.o (.rodata.str1.17144429639171527548.1)
                  0000d4fe    00000006     main.o (.rodata.str1.3292798375424520613.1)
                  0000d504    00000006     functions.o (.rodata.str1.389011575781332116.1)
                  0000d50a    00000006     functions.o (.rodata.str1.4959705119256106851.1)
                  0000d510    00000006     RAK3172.o (.rodata.str1.5699556646570721219.1)
                  0000d516    00000006     functions.o (.rodata.str1.5942940260138002656.1)
                  0000d51c    00000006     main.o (.rodata.str1.8108965883388295311.1)
                  0000d522    00000005     functions.o (.rodata.str1.11900037607746946141.1)
                  0000d527    00000005     functions.o (.rodata.str1.13183419841694627606.1)
                  0000d52c    00000005     RAK3172.o (.rodata.str1.14262890786185017876.1)
                  0000d531    00000005     functions.o (.rodata.str1.14496393926573069083.1)
                  0000d536    00000005     main.o (.rodata.str1.15159059442110792349.1)
                  0000d53b    00000005     functions.o (.rodata.str1.16757203657686794125.1)
                  0000d540    00000005     main.o (.rodata.str1.2563708670032483588.1)
                  0000d545    00000005     functions.o (.rodata.str1.2957129483359387701.1)
                  0000d54a    00000005     functions.o (.rodata.str1.3066531604708884151.1)
                  0000d54f    00000005     functions.o (.rodata.str1.3172367308849033862.1)
                  0000d554    00000005     functions.o (.rodata.str1.4214633535407782609.1)
                  0000d559    00000005     functions.o (.rodata.str1.502354497711140047.1)
                  0000d55e    00000005     RAK3172.o (.rodata.str1.7051719164982180226.1)
                  0000d563    00000005     main.o (.rodata.str1.7702501944640899365.1)
                  0000d568    00000005     functions.o (.rodata.str1.8025679848303759470.1)
                  0000d56d    00000005     main.o (.rodata.str1.8076846746581808073.1)
                  0000d572    00000005     functions.o (.rodata.str1.8113497073403762318.1)
                  0000d577    00000004     main.o (.rodata.str1.10635229749459437609.1)
                  0000d57b    00000004     functions.o (.rodata.str1.11296493460036947760.1)
                  0000d57f    00000004     RAK3172.o (.rodata.str1.12259908581070838403.1)
                  0000d583    00000004     functions.o (.rodata.str1.12871985577256932554.1)
                  0000d587    00000004     main.o (.rodata.str1.13288086030101331538.1)
                  0000d58b    00000004     functions.o (.rodata.str1.16977936627528246064.1)
                  0000d58f    00000004     main.o (.rodata.str1.17045314124001216156.1)
                  0000d593    00000004     main.o (.rodata.str1.17100691992556644108.1)
                  0000d597    00000004     main.o (.rodata.str1.17376258722486336754.1)
                  0000d59b    00000004     main.o (.rodata.str1.2123964117280943167.1)
                  0000d59f    00000004     RAK3172.o (.rodata.str1.24814282407215182.1)
                  0000d5a3    00000004     main.o (.rodata.str1.2763581881760962609.1)
                  0000d5a7    00000004     functions.o (.rodata.str1.3121139948745544124.1)
                  0000d5ab    00000004     functions.o (.rodata.str1.4561657886204501224.1)
                  0000d5af    00000004     RAK3172.o (.rodata.str1.4679612622393292609.1)
                  0000d5b3    00000004     functions.o (.rodata.str1.4930741957133989383.1)
                  0000d5b7    00000004     functions.o (.rodata.str1.510390108933456549.1)
                  0000d5bb    00000004     functions.o (.rodata.str1.62749256631814321.1)
                  0000d5bf    00000004     main.o (.rodata.str1.6891813955777630061.1)
                  0000d5c3    00000004     functions.o (.rodata.str1.9119127971185803168.1)
                  0000d5c7    00000003     ti_msp_dl_config.o (.rodata.gFLASH_CONTROLClockConfig)
                  0000d5ca    00000003     uart.o (.rodata.str1.12819099410943012003.1)
                  0000d5cd    00000003     functions.o (.rodata.str1.13554695696533425351.1)
                  0000d5d0    00000003     functions.o (.rodata.str1.15412236193038458078.1)
                  0000d5d3    00000003     main.o (.rodata.str1.15996357275703397564.1)
                  0000d5d6    00000003     RAK3172.o (.rodata.str1.3162346611571411104.1)
                  0000d5d9    00000003     RAK3172.o (.rodata.str1.340538713084712685.1)
                  0000d5dc    00000003     RAK3172.o (.rodata.str1.371085888180289054.1)
                  0000d5df    00000003     functions.o (.rodata.str1.7108839738911806945.1)
                  0000d5e2    00000002     ti_msp_dl_config.o (.rodata.gI2C_1ClockConfig)
                  0000d5e4    00000002     ti_msp_dl_config.o (.rodata.gMCU_UART_1ClockConfig)
                  0000d5e6    00000002     ti_msp_dl_config.o (.rodata.gSPI_0_clockConfig)
                  0000d5e8    00000002     ti_msp_dl_config.o (.rodata.gSPI_1_clockConfig)
                  0000d5ea    00000002     ti_msp_dl_config.o (.rodata.gUART_0ClockConfig)
                  0000d5ec    00000002     functions.o (.rodata.str1.12145652551702610167.1)
                  0000d5ee    00000002     functions.o (.rodata.str1.124578571608933609.1)
                  0000d5f0    00000002     functions.o (.rodata.str1.14724813643312198925.1)
                  0000d5f2    00000002     main.o (.rodata.str1.1499083853040407199.1)
[...]
0000547d  cmd_i2cscan10                   
00003425  cmd_leds                        
00002939  cmd_lis                         
00002dbd  cmd_ltr                         
000022c1  cmd_pir                         
00003ce1  cmd_pwr                         
000025fd  cmd_rak                         
00003805  cmd_spi                         
20200c1d  data_received                   
00009d95  disable_led_boost               
20200b66  duty_cycles_led                 
00009da9  enable_led_boost                
202006a0  expectedRxMessage               
0000665d  floorf                          
20200684  fram                            
2020063c  framSpi                         
00007a29  frexp                           
00007a29  frexpl                          
202003f0  gBOOST_CONTROLBackup            
202004ac  gFLASH_CONTROLBackup            
2020069c  gI2cControllerStatus            
20200bf4  gLIS3DH                         
20200be8  gLTR329                         
20200678  gPIR                            
2020068c  gRxCount                        
20200690  gRxLen                          
202005f8  gRxPacket                       
202005a8  gSPI_0Backup                    
202005d0  gSPI_1Backup                    
20200000  gSPI_RxPacket                   
202008a0  gSPI_TxPacket                   
20200694  gTxCount                        
20200698  gTxLen                          
2020061a  gTxPacket                       
00009415  gauge_address                   
00008f85  gauge_cmd_read                  
20200c1f  gauge_monitor_active            
00006e11  gauge_read                      
00006e81  gauge_write                     
00008fb1  get_UART_buffer                 
20200c18  global_led_voltage              
20200c20  hall_monitor_active             
00009389  i2c_init                        
00000000  interruptVectors                
000059bd  ldexp                           
000059bd  ldexpl                          
20200c08  led_channel                     
20200c21  lis_monitor_active              
20200c22  ltr_monitor_active              
00001335  main                            
000093d1  memccpy                         
20200c0c  monitor_rate                    
20200aa0  output_currents_led_mA          
20200c23  pir_monitor_active              
00008749  printToUART                     
00007101  roundf                          
000059bd  scalbn                          
000059bd  scalbnl                         
000073c5  set_pwm_duty_cycle              
000044e5  setupCLI                        
2020065c  stm32Spi                        
00009dd1  strchr                          
000066f1  strcmp                          
0000a037  strcpy                          
000093ad  strcspn                         
00008fdd  strncpy                         
000092d1  strspn                          
00008b91  strstr                          
000085fd  strtok                          
00004125  strtol                          
00009475  uart_init                       
00007429  uart_printf                     
00008789  vsnprintf                       
00009fed  wcslen                          


GLOBAL SYMBOLS: SORTED BY Symbol Address 

address   name                            
-------   ----                            
00000000  __TI_ATRegion0_region_sz        
00000000  __TI_ATRegion0_src_addr         
00000000  __TI_ATRegion0_trg_addr         
00000000  __TI_ATRegion1_region_sz        
00000000  __TI_ATRegion1_src_addr         
00000000  __TI_ATRegion1_trg_addr         
00000000  __TI_ATRegion2_region_sz        
00000000  __TI_ATRegion2_src_addr         
00000000  __TI_ATRegion2_trg_addr         
00000000  __TI_static_base__              
00000000  interruptVectors                
000000c1  __TI_printfi                    
00000200  __STACK_SIZE                    
00000a91  cmd_gauge                       
00001335  main                            
00001989  cmd_fram                        
00001e9d  cmd_bq                          
000022c1  cmd_pir                         
000025fd  cmd_rak                         
00002939  cmd_lis                         
00002b81  SYSCFG_DL_GPIO_init             
00002dbd  cmd_ltr                         
00003211  ZDP323B_Init                    
00003425  cmd_leds                        
00003805  cmd_spi                         
000039c5  __aeabi_dsub                    
000039c5  __subdf3                        
000039cf  __adddf3                        
000039cf  __aeabi_dadd                    
00003b57  __aeabi_idiv0                   
00003b59  I2C_ReadDevice                  
00003ce1  cmd_pwr                         
00003e65  LTR329_CalculateLux             
00003fd5  BQ27Z746_SetTempSensorConfig    
00004125  strtol                          
00004269  BQ27Z746_SetUTFET_Direct        
000044e5  setupCLI                        
0000473d  BQ27Z746_MAC_Read               
00004855  MB85RS_Read                     
00004965  Shared_I2C_IRQHandler           
00004a71  __aeabi_ddiv                    
00004a71  __divdf3                        
00004b7d  BQ25628E_UpdateTelemetry        
00004c85  I2C_WriteDevice                 
00004d8d  cmd_hall                        
00004e95  DL_Timer_initFourCCPWMMode      
00004f99  I2C_TryAddress10                
0000509d  ZDP323B_WriteConfig             
000051a1  ZDP323B_ReadPeakHold            
0000529d  MB85RS_Write                    
0000547d  cmd_i2cscan10                   
00005565  __aeabi_dmul                    
00005565  __muldf3                        
00005649  cmd_i2cscan                     
0000580d  BQ27Z746_Unseal                 
000058e5  CLI_ProcessInput                
000059bd  ldexp                           
000059bd  ldexpl                          
000059bd  scalbn                          
000059bd  scalbnl                         
00005a95  __aeabi_fsub                    
00005a95  __subsf3                        
00005a9f  __addsf3                        
00005a9f  __aeabi_fadd                    
00005b6d  I2C_TryAddress                  
00005c41  LIS3DH_ReadMg                   
00005d11  SYSCFG_DL_initPower             
00005dd5  LIS3DH_Init                     
00005e89  UARTReceive                     
00005f3d  MB85RS_ReadID                   
00005fed  RAK3172_UART_Handler            
0000609d  __udivmoddi4                    
0000613f  __aeabi_ldiv0                   
00006141  BQ27Z746_UpdateTelemetry        
000061dd  LTR329_Init                     
00006311  MB85RS_ReadStatus               
000063a1  LIS3DH_SetRange                 
0000642d  SPI1_IRQHandler                 
000064b9  SPI_Controller_Arm              
00006545  SYSCFG_DL_BOOST_CONTROL_init    
000065d1  __aeabi_fmul                    
000065d1  __mulsf3                        
0000665d  floorf                          
000066e9  RAK3172_GetLastResponse         
000066f1  strcmp                          
00006779  __aeabi_fdiv                    
00006779  __divsf3                        
000068fd  RAK3172_WaitForResponse         
00006979  __TI_decompress_lzss            
00006a71  LIS3DH_ReadRaw                  
00006ae9  SYSCFG_DL_FLASH_CONTROL_init    
00006b61  BQ27Z746_GetTempConfig          
00006bd5  __gedf2                         
00006bd5  __gtdf2                         
00006cbd  SPI_Memory_Arm                  
00006d31  CLI_Tokenize                    
00006da1  LED_set_current                 
00006e11  gauge_read                      
00006e81  gauge_write                     
00006ef1  LTR329_ReadData                 
00006f5d  BQ27Z746_GetFETOptions          
00006fc7  MB85RS_Init                     
00007031  __cmpdf2                        
00007031  __eqdf2                         
00007031  __ledf2                         
00007031  __ltdf2                         
00007031  __nedf2                         
00007101  roundf                          
000071d1  BQ25628E_Set_VINDPM_mV          
00007235  LED_set_voltage                 
00007299  LTR329_SetGain                  
000072fd  SYSCFG_DL_I2C_0_init            
00007361  SYSCFG_DL_I2C_1_init            
000073c5  set_pwm_duty_cycle              
00007429  uart_printf                     
0000748d  BQ27Z746_EnsureUnsealed         
000074ef  BQ27Z746_GetOperationStatus     
00007551  BQ27Z746_GetSafetyStatus        
000075b5  __aeabi_dcmpeq                  
000075c9  __aeabi_dcmplt                  
000075dd  __aeabi_dcmple                  
000075f1  __aeabi_dcmpge                  
00007605  __aeabi_dcmpgt                  
00007619  __aeabi_fcmpeq                  
0000762d  __aeabi_fcmplt                  
00007641  __aeabi_fcmple                  
00007655  __aeabi_fcmpge                  
00007669  __aeabi_fcmpgt                  
000076dd  BQ25628E_Set_VREG_mV            
0000773d  BQ25628E_Set_VSYSMIN_mV         
0000779d  SPI_Memory_Init                 
000077fd  BQ27Z746_GetChargingStatus      
0000785b  DL_I2C_fillControllerTXFIFO     
000078b9  CLI_RegisterCommand             
00007915  RAK3172_SendCommand             
00007971  SPI_Controller_Init             
000079cd  SYSCFG_DL_init                  
00007a29  frexp                           
00007a29  frexpl                          
00007a85  BQ27Z746_Seal                   
00007ae1  BQ25628E_Set_ICHG_mA            
00007b39  BQ25628E_Set_IINDPM_mA          
00007b91  GROUP1_IRQHandler               
00007be9  SPI_Memory_IRQHandler           
00007c41  SYSCFG_DL_SPI_0_init            
00007c99  SYSCFG_DL_SPI_1_init            
00007cf1  __TI_ltoa                       
00007da1  BQ27Z746_GetChemID              
00007df7  BQ27Z746_GetDeviceType          
00007e4d  BQ27Z746_GetFirmwareVersion     
00007ea5  __aeabi_idiv                    
00007ea5  __aeabi_idivmod                 
00007efd  RAK3172_Init                    
00007fa5  ZDP323B_BuildConfigBytes        
00008049  BQ25628E_Init_Default           
00008099  BQ25628E_UpdateBits8            
000081d9  cmd_help                        
00008279  BQ27Z746_GetSecurityMode        
000082c5  BQ27Z746_Init                   
00008311  DL_DMA_initChannel              
000083f5  LED_flash_start                 
00008441  SPI_Memory_Wait                 
0000848d  SYSCFG_DL_MCU_UART_1_init       
000084d9  __aeabi_d2iz                    
000084d9  __fixdfsi                       
00008525  DL_UART_init                    
000085b5  SYSCFG_DL_UART_0_init           
000085fd  strtok                          
00008645  DL_SPI_init                     
00008689  __aeabi_uidiv                   
00008689  __aeabi_uidivmod                
000086c9  __aeabi_f2d                     
000086c9  __extendsfdf2                   
00008709  atoi                            
00008749  printToUART                     
00008789  vsnprintf                       
00008809  DL_I2C_flushControllerTXFIFO    
00008881  __aeabi_i2f                     
00008881  __floatsisf                     
000088bd  __gesf2                         
000088bd  __gtsf2                         
000088f9  __TI_auto_init_nobinit_nopinit  
00008935  __cmpsf2                        
00008935  __eqsf2                         
00008935  __lesf2                         
00008935  __ltsf2                         
00008935  __nesf2                         
00008971  __muldsi3                       
000089e5  RAK3172_Reset                   
00008a1d  __aeabi_f2iz                    
00008a1d  __fixsfsi                       
00008a8d  BQ25628E_ReadReg16              
00008ac1  RAK3172_SetPower                
00008b91  strstr                          
00008bc5  BQ25628E_WriteReg16             
00008c55  DL_I2C_flushControllerRXFIFO    
00008cb5  DL_UART_transmitDataBlocking    
00008d45  SYSCFG_DL_SYSCTL_init           
00008d75  BQ25628E_ReadReg8               
00008f59  __aeabi_i2d                     
00008f59  __floatsidf                     
00008f85  gauge_cmd_read                  
00008fb1  get_UART_buffer                 
00008fdd  strncpy                         
00009009  BQ25628E_Set_TS_Ignore          
00009031  BQ27Z746_MAC_Send               
000091e9  __aeabi_ui2f                    
000091e9  __floatunsisf                   
00009211  _c_int00_noargs                 
000092ab  DL_I2C_setClockConfig           
000092d1  strspn                          
000092f9  BQ25628E_WriteReg8              
00009341  LED_control_init                
00009365  __aeabi_lmul                    
00009365  __muldi3                        
00009389  i2c_init                        
000093ad  strcspn                         
000093d1  memccpy                         
00009415  gauge_address                   
00009475  uart_init                       
000094b5  __aeabi_llsl                    
000094b5  __ashldi3                       
000096e9  DL_Timer_setCaptCompUpdateMethod
00009705  DL_Timer_setClockConfig         
00009775  UART0_IRQHandler                
00009a01  DL_Timer_setCaptureCompareOutCtl
00009aa9  SYSCFG_DL_DMA_CH0_init          
00009ac1  SYSCFG_DL_DMA_CH1_init          
00009ad9  SYSCFG_DL_DMA_CH2_init          
00009af1  SYSCFG_DL_DMA_CH3_init          
00009b21  BQ27Z746_ReadInternalTemp_C     
00009b37  BQ27Z746_ReadTemperature_C      
00009b79  BQ27Z746_ReadAvgCurrent_mA      
00009b8d  BQ27Z746_ReadAvgPower_mW        
00009ba1  BQ27Z746_ReadCurrent_mA         
00009bb5  BQ27Z746_ReadSOC_pct            
00009bc9  BQ27Z746_ReadStateOfHealth_pct  
00009bdd  BQ27Z746_UseInternalTempOnly    
00009d45  SPI_Memory_CS_Assert            
00009d59  SPI_Memory_CS_Deassert          
00009d6d  SYSCFG_DL_DMA_init              
00009d81  __aeabi_uldivmod                
00009d95  disable_led_boost               
00009da9  enable_led_boost                
00009dd1  strchr                          
00009de5  BQ27Z746_ReadBatteryStatus      
00009df7  BQ27Z746_ReadCycleCount         
00009e09  BQ27Z746_ReadFullChargeCap_mAh  
00009e1b  BQ27Z746_ReadRemainingCap_mAh   
00009e2d  BQ27Z746_ReadTimeToEmpty_min    
00009e3f  BQ27Z746_ReadTimeToFull_min     
00009e51  BQ27Z746_ReadVoltage_mV         
00009eab  DL_SPI_setClockConfig           
00009ee1  DL_UART_setClockConfig          
00009f29  TI_memcpy_small                 
00009f3b  __TI_decompress_none            
00009f4d  BQ27Z746_IsDischarging          
00009f5d  BQ27Z746_IsFullyCharged         
00009f6d  BQ27Z746_IsFullyDischarged      
00009f8d  DL_Timer_setCaptureCompareValue 
00009f9d  I2C0_IRQHandler                 
00009fad  I2C1_IRQHandler                 
00009fbd  LED_flash_stop                  
00009fcd  LED_get_current                 
00009fdd  SPI0_IRQHandler                 
00009fed  wcslen                          
00009ffd  __TI_zero_init                  
0000a00d  BQ25628E_Disable_Watchdog       
0000a01b  BQ25628E_Set_PeakDischarge_6A   
0000a029  __aeabi_memset                  
0000a029  __aeabi_memset4                 
0000a029  __aeabi_memset8                 
0000a037  strcpy                          
0000a053  TI_memset_small                 
0000a061  BQ25628E_Get_IBAT_mA            
0000a06d  BQ25628E_Get_IBUS_mA            
0000a079  BQ25628E_Get_VBAT_mV            
0000a085  BQ25628E_Get_VBUS_mV            
0000a091  BQ25628E_Get_VSYS_mV            
0000a09d  BQ27Z746_Get_AvgCurrent_mA      
0000a0a9  BQ27Z746_Get_AvgPower_mW        
0000a0b5  BQ27Z746_Get_BatteryStatus      
0000a0c1  BQ27Z746_Get_Current_mA         
0000a0cd  BQ27Z746_Get_CycleCount         
0000a0d9  BQ27Z746_Get_FullChargeCap_mAh  
0000a0e5  BQ27Z746_Get_InternalTemp_C     
0000a0f1  BQ27Z746_Get_RemainingCap_mAh   
0000a0fd  BQ27Z746_Get_SOC_pct            
0000a109  BQ27Z746_Get_StateOfHealth_pct  
0000a115  BQ27Z746_Get_Temperature_C      
0000a121  BQ27Z746_Get_TimeToEmpty_min    
0000a12d  BQ27Z746_Get_TimeToFull_min     
0000a139  BQ27Z746_Get_Voltage_mV         
0000a145  LED_get_voltage                 
0000a151  ZDP323B_MotionISR               
0000a15d  __aeabi_memclr                  
0000a15d  __aeabi_memclr4                 
0000a15d  __aeabi_memclr8                 
0000a169  DL_Common_delayCycles           
0000a1b3  UART1_IRQHandler                
0000a1bd  __aeabi_errno_addr              
0000a1c5  __aeabi_memcpy                  
0000a1c5  __aeabi_memcpy4                 
0000a1c5  __aeabi_memcpy8                 
0000a1cd  abort                           
0000a1d3  ADC0_IRQHandler                 
0000a1d3  ADC1_IRQHandler                 
0000a1d3  AES_IRQHandler                  
0000a1d3  CANFD0_IRQHandler               
0000a1d3  DAC0_IRQHandler                 
0000a1d3  DMA_IRQHandler                  
0000a1d3  Default_Handler                 
0000a1d3  GROUP0_IRQHandler               
0000a1d3  HardFault_Handler               
0000a1d3  NMI_Handler                     
0000a1d3  PendSV_Handler                  
0000a1d3  RTC_IRQHandler                  
0000a1d3  SVC_Handler                     
0000a1d3  SysTick_Handler                 
0000a1d3  TIMA0_IRQHandler                
0000a1d3  TIMA1_IRQHandler                
0000a1d3  TIMG0_IRQHandler                
0000a1d3  TIMG12_IRQHandler               
0000a1d3  TIMG6_IRQHandler                
0000a1d3  TIMG7_IRQHandler                
0000a1d3  TIMG8_IRQHandler                
0000a1d3  UART2_IRQHandler                
0000a1d3  UART3_IRQHandler                
0000a1d6  C$$EXIT                         
0000a1d7  HOSTexit                        
0000a1db  Reset_Handler                   
0000a1f1  _system_pre_init                
0000aac0  __aeabi_ctype_table_            
0000aac0  __aeabi_ctype_table_C           
0000d77c  __TI_Handler_Table_Base         
0000d788  __TI_Handler_Table_Limit        
0000d790  __TI_CINIT_Base                 
0000d7a0  __TI_CINIT_Limit                
0000d7a0  __TI_CINIT_Warm                 
20200000  __start___llvm_prf_bits         
20200000  __start___llvm_prf_cnts         
20200000  __stop___llvm_prf_bits          
20200000  __stop___llvm_prf_cnts          
20200000  gSPI_RxPacket                   
202003f0  gBOOST_CONTROLBackup            
202004ac  gFLASH_CONTROLBackup            
20200568  UART_Buffer                     
202005a8  gSPI_0Backup                    
202005d0  gSPI_1Backup                    
202005f8  gRxPacket                       
2020061a  gTxPacket                       
2020063c  framSpi                         
2020065c  stm32Spi                        
20200678  gPIR                            
20200684  fram                            
2020068c  gRxCount                        
20200690  gRxLen                          
20200694  gTxCount                        
20200698  gTxLen                          
2020069c  gI2cControllerStatus            
202006a0  expectedRxMessage               
202008a0  gSPI_TxPacket                   
20200aa0  output_currents_led_mA          
20200b66  duty_cycles_led                 
20200bc9  bq_monitor_active               
20200be8  gLTR329                         
20200bf4  gLIS3DH                         
20200bfc  __aeabi_errno                   
20200c08  led_channel                     
20200c0c  monitor_rate                    
20200c18  global_led_voltage              
20200c1c  char_index                      
20200c1d  data_received                   
20200c1f  gauge_monitor_active            
20200c20  hall_monitor_active             
20200c21  lis_monitor_active              
20200c22  ltr_monitor_active              
20200c23  pir_monitor_active              
20207e00  __stack                         
20208000  __STACK_END                     
ffffffff  __TI_pprof_out_hndl             
ffffffff  __TI_prof_data_size             
ffffffff  __TI_prof_data_start            
ffffffff  __binit__                       
ffffffff  binit                           
UNDEFED   __mpu_init                      
UNDEFED   _system_post_cinit              

[387 symbols]
