******************************************************************************
            TI ARM Clang Linker PC v4.0.4                      
******************************************************************************
>> Linked Tue Mar 10 09:36:05 2026

OUTPUT FILE NAME:   <HW_SW_interface_CCS.out>
ENTRY POINT SYMBOL: "_c_int00_noargs"  address: 00005409


MEMORY CONFIGURATION

         name            origin    length      used     unused   attr    fill
----------------------  --------  ---------  --------  --------  ----  --------
  FLASH                 00000000   00020000  000074f8  00018b08  R  X
  SRAM                  20200000   00008000  000003d3  00007c2d  RW X
  BCR_CONFIG            41c00000   000000ff  00000000  000000ff  R   
  BSL_CONFIG            41c00100   00000080  00000000  00000080  R   


SEGMENT ALLOCATION MAP

run origin  load origin   length   init length attrs members
----------  ----------- ---------- ----------- ----- -------
00000000    00000000    000074f8   000074f8    r-x
  00000000    00000000    000000c0   000000c0    r-- .intvecs
  000000c0    000000c0    00005940   00005940    r-x .text
  00005a00    00005a00    00001ab0   00001ab0    r-- .rodata
  000074b0    000074b0    00000048   00000048    r-- .cinit
20200000    20200000    000001d6   00000000    rw-
  20200000    20200000    00000189   00000000    rw- .bss
  2020018c    2020018c    0000004a   00000000    rw- .data
20207e00    20207e00    00000200   00000000    rw-
  20207e00    20207e00    00000200   00000000    rw- .stack


SECTION ALLOCATION MAP

 output                                  attributes/
section   page    origin      length       input sections
--------  ----  ----------  ----------   ----------------
.intvecs   0    00000000    000000c0     
                  00000000    000000c0     startup_mspm0g350x_ticlang.o (.intvecs)

.text      0    000000c0    00005940     
                  000000c0    000009d0     libc.a : _printfi.c.obj (.text:__TI_printfi)
                  00000a90    000006fc     functions.o (.text.cmd_gauge)
                  0000118c    000003e4     functions.o (.text.cmd_bq)
                  00001570    000003b0     main.o (.text.main)
                  00001920    00000344     uart.o (.text.CLI_ProcessInput)
                  00001c64    00000220     libc.a : _printfi.c.obj (.text._pconv_a)
                  00001e84    000001dc            : _printfi.c.obj (.text._pconv_g)
                  00002060    000001d4     i2c.o (.text.I2C_ReadDevice)
                  00002234    000001c0     functions.o (.text.cmd_i2cscan)
                  000023f4    00000192     libclang_rt.builtins.a : adddf3.S.obj (.text.adddf3_subdf3)
                  00002586    00000002     startup_mspm0g350x_ticlang.o (.text.Default_Handler)
                  00002588    0000016c     functions.o (.text.cmd_spi)
                  000026f4    00000144     libc.a : strtol.c.obj (.text.strtol)
                  00002838    0000013c            : _printfi.c.obj (.text.fcvt)
                  00002974    00000138     i2c.o (.text.I2C_WriteDevice)
                  00002aac    00000120     libc.a : _printfi.c.obj (.text._pconv_e)
                  00002bcc    0000010c     libclang_rt.builtins.a : divdf3.S.obj (.text.__divdf3)
                  00002cd8    00000100     BQ27Z7_functions.o (.text.BQ27Z746_UpdateTelemetry)
                  00002dd8    00000100     ti_msp_dl_config.o (.text.SYSCFG_DL_GPIO_init)
                  00002ed8    000000fc     BQ25628_functions.o (.text.BQ25628E_UpdateTelemetry)
                  00002fd4    000000fc     driverlib.a : dl_timer.o (.text.DL_Timer_initTimerMode)
                  000030d0    000000f0     BQ25628_functions.o (.text.BQ25628E_Init_Default)
                  000031c0    000000f0     functions.o (.text.cmd_pwr)
                  000032b0    000000ec     BQ27Z7_functions.o (.text.BQ27Z746_GetChargingStatus)
                  0000339c    000000e4     i2c.o (.text.I2C_TryAddress)
                  00003480    000000e4     libclang_rt.builtins.a : muldf3.S.obj (.text.__muldf3)
                  00003564    000000de     BQ27Z7_functions.o (.text.BQ27Z746_GetDeviceType)
                  00003642    000000dc     BQ27Z7_functions.o (.text.BQ27Z746_GetChemID)
                  0000371e    000000dc     BQ27Z7_functions.o (.text.BQ27Z746_GetOperationStatus)
                  000037fa    000000dc     BQ27Z7_functions.o (.text.BQ27Z746_GetSafetyStatus)
                  000038d6    000000d8     BQ27Z7_functions.o (.text.BQ27Z746_GetFirmwareVersion)
                  000039ae    000000d8     BQ27Z7_functions.o (.text.BQ27Z746_MAC_Read)
                  00003a86    00000002     libclang_rt.builtins.a : aeabi_div0.c.obj (.text.__aeabi_idiv0)
                  00003a88    000000d8     libc.a : s_scalbn.c.obj (.text.scalbn)
                  00003b60    000000d8     libclang_rt.builtins.a : addsf3.S.obj (.text)
                  00003c38    000000d0     functions.o (.text.cmd_hall)
                  00003d08    000000bc     i2c.o (.text.Shared_I2C_IRQHandler)
                  00003dc4    000000b4     BQ27Z7_functions.o (.text.BQ27Z746_SetUTFET_Direct)
                  00003e78    000000b0     BQ27Z7_functions.o (.text.BQ27Z746_SetTempSensorConfig)
                  00003f28    000000ac     uart.o (.text.UARTReceive)
                  00003fd4    000000a2     libclang_rt.builtins.a : udivmoddi4.S.obj (.text)
                  00004076    0000009a     libc.a : memcpy16.S.obj (.text:memcpy)
                  00004110    0000008c     libclang_rt.builtins.a : mulsf3.S.obj (.text.__mulsf3)
                  0000419c    0000008c     libc.a : s_floorf.c.obj (.text.floorf)
                  00004228    00000008            : aeabi_portable.c.obj (.text.__aeabi_errno_addr)
                  00004230    00000088            : strcmp-armv6m.S.obj (.text:strcmp)
                  000042b8    0000007c     ti_msp_dl_config.o (.text.SYSCFG_DL_initPower)
                  00004334    0000007c     libc.a : copy_decompress_lzss.c.obj (.text:decompress:lzss)
                  000043b0    00000078     uart.o (.text.uart_printf)
                  00004428    00000074     libclang_rt.builtins.a : comparedf2.c.obj (.text.__gedf2)
                  0000449c    00000070     ti_msp_dl_config.o (.text.SYSCFG_DL_UART_0_init)
                  0000450c    00000068     uart.o (.text.CLI_Tokenize)
                  00004574    00000068     ti_msp_dl_config.o (.text.SYSCFG_DL_I2C_0_init)
                  000045dc    00000068     ti_msp_dl_config.o (.text.SYSCFG_DL_I2C_1_init)
                  00004644    00000068     libclang_rt.builtins.a : comparedf2.c.obj (.text.__ledf2)
                  000046ac    00000068     libc.a : s_roundf.c.obj (.text.roundf)
                  00004714    00000066            : _printfi.c.obj (.text._mcpy)
                  0000477a    00000002     libclang_rt.builtins.a : aeabi_div0.c.obj (.text.__aeabi_ldiv0)
                  0000477c    00000064     ti_msp_dl_config.o (.text.SYSCFG_DL_SPI_0_init)
                  000047e0    00000064     uart.o (.text.cmd_help)
                  00004844    00000062     libclang_rt.builtins.a : aeabi_dcmp.S.obj (.text.__aeabi_dcmp)
                  000048a6    00000002     --HOLE-- [fill = 0]
                  000048a8    00000062                            : aeabi_fcmp.S.obj (.text.__aeabi_fcmp)
                  0000490a    00000062     libc.a : memset16.S.obj (.text:memset)
                  0000496c    00000060     ti_msp_dl_config.o (.text.SYSCFG_DL_MCU_UART_1_init)
                  000049cc    00000060     ti_msp_dl_config.o (.text.SYSCFG_DL_SPI_1_init)
                  00004a2c    0000005e     driverlib.a : dl_i2c.o (.text.DL_I2C_fillControllerTXFIFO)
                  00004a8a    00000002     --HOLE-- [fill = 0]
                  00004a8c    0000005c     spi_master.o (.text.SPI_Controller_Arm)
                  00004ae8    0000005c     libc.a : s_frexp.c.obj (.text.frexp)
                  00004b44    00000058            : _ltoa.c.obj (.text.__TI_ltoa)
                  00004b9c    00000058            : _printfi.c.obj (.text._pconv_f)
                  00004bf4    00000056     libclang_rt.builtins.a : aeabi_idivmod.S.obj (.text.__aeabi_idivmod)
                  00004c4a    00000052     libc.a : _printfi.c.obj (.text._ecpy)
                  00004c9c    0000004c     driverlib.a : dl_dma.o (.text.DL_DMA_initChannel)
                  00004ce8    0000004a     BQ27Z7_functions.o (.text.BQ27Z746_GetTempConfig)
                  00004d32    00000002     --HOLE-- [fill = 0]
                  00004d34    0000004a     libclang_rt.builtins.a : fixdfsi.S.obj (.text.__fixdfsi)
                  00004d7e    00000048     BQ27Z7_functions.o (.text.BQ27Z746_GetFETOptions)
                  00004dc6    00000002     --HOLE-- [fill = 0]
                  00004dc8    00000048     driverlib.a : dl_uart.o (.text.DL_UART_init)
                  00004e10    00000048     libc.a : strtok.c.obj (.text.strtok)
                  00004e58    00000044     driverlib.a : dl_spi.o (.text.DL_SPI_init)
                  00004e9c    00000044     ti_msp_dl_config.o (.text.SYSCFG_DL_init)
                  00004ee0    00000040     ti_msp_dl_config.o (.text.SYSCFG_DL_SYSCTL_init)
                  00004f20    00000040     libclang_rt.builtins.a : aeabi_uidivmod.S.obj (.text.__aeabi_uidivmod)
                  00004f60    00000040     libc.a : atoi.c.obj (.text.atoi)
                  00004fa0    00000040            : vsnprintf.c.obj (.text.vsnprintf)
                  00004fe0    0000003c     uart.o (.text.CLI_RegisterCommand)
                  0000501c    0000003c     driverlib.a : dl_i2c.o (.text.DL_I2C_flushControllerTXFIFO)
                  00005058    0000003c     libclang_rt.builtins.a : comparesf2.S.obj (.text.__gtsf2)
                  00005094    0000003c     uart.o (.text.get_UART_buffer)
                  000050d0    0000003c     libc.a : autoinit.c.obj (.text:__TI_auto_init_nobinit_nopinit)
                  0000510c    0000003a     libclang_rt.builtins.a : comparesf2.S.obj (.text.__eqsf2)
                  00005146    00000002     --HOLE-- [fill = 0]
                  00005148    0000003a                            : muldsi3.S.obj (.text.__muldsi3)
                  00005182    00000002     --HOLE-- [fill = 0]
                  00005184    00000038     ti_msp_dl_config.o (.text.SYSCFG_DL_TIMER_0_init)
                  000051bc    00000038     libclang_rt.builtins.a : fixsfsi.S.obj (.text.__fixsfsi)
                  000051f4    00000038     gauge.o (.text.gauge_read)
                  0000522c    00000038     gauge.o (.text.gauge_write)
                  00005264    00000034     spi_master.o (.text.SPI1_IRQHandler)
                  00005298    00000030     driverlib.a : dl_i2c.o (.text.DL_I2C_flushControllerRXFIFO)
                  000052c8    00000030                 : dl_uart.o (.text.DL_UART_transmitDataBlocking)
                  000052f8    00000030     libc.a : _printfi.c.obj (.text._fcpy)
                  00005328    00000030            : vsnprintf.c.obj (.text._outs)
                  00005358    00000030     gauge.o (.text.gauge_cmd_read)
                  00005388    0000002c     BQ27Z7_functions.o (.text.BQ27Z746_Init)
                  000053b4    0000002c     libclang_rt.builtins.a : floatsidf.S.obj (.text.__floatsidf)
                  000053e0    00000028                            : floatunsisf.S.obj (.text.__floatunsisf)
                  00005408    00000028     libc.a : boot_cortex_m.c.obj (.text:_c_int00_noargs)
                  00005430    00000026     driverlib.a : dl_i2c.o (.text.DL_I2C_setClockConfig)
                  00005456    00000026     libc.a : strspn.c.obj (.text.strspn)
                  0000547c    00000024     BQ25628_functions.o (.text.BQ25628E_ReadReg16)
                  000054a0    00000024     BQ25628_functions.o (.text.BQ25628E_ReadReg8)
                  000054c4    00000024     BQ25628_functions.o (.text.BQ25628E_WriteReg16)
                  000054e8    00000024     spi_master.o (.text.SPI_Controller_Init)
                  0000550c    00000024     libclang_rt.builtins.a : muldi3.S.obj (.text.__muldi3)
                  00005530    00000024     libc.a : strcspn.c.obj (.text.strcspn)
                  00005554    00000022            : memccpy.c.obj (.text.memccpy)
                  00005576    00000002     --HOLE-- [fill = 0]
                  00005578    00000020     BQ25628_functions.o (.text.BQ25628E_WriteReg8)
                  00005598    00000020     BQ27Z7_functions.o (.text.BQ27Z746_ReadInternalTemp_C)
                  000055b8    00000020     BQ27Z7_functions.o (.text.BQ27Z746_ReadTemperature_C)
                  000055d8    00000020     uart.o (.text.uart_init)
                  000055f8    0000001e     BQ27Z7_functions.o (.text.BQ27Z746_MAC_Send)
                  00005616    00000002     --HOLE-- [fill = 0]
                  00005618    0000001e     libclang_rt.builtins.a : ashldi3.S.obj (.text.__ashldi3)
                  00005636    00000002     --HOLE-- [fill = 0]
                  00005638    0000001c     driverlib.a : dl_timer.o (.text.DL_Timer_setClockConfig)
                  00005654    0000001c     i2c.o (.text.i2c_init)
                  00005670    00000018     ti_msp_dl_config.o (.text.SYSCFG_DL_DMA_CH0_init)
                  00005688    00000018     ti_msp_dl_config.o (.text.SYSCFG_DL_DMA_CH1_init)
                  000056a0    00000018     ti_msp_dl_config.o (.text.SYSCFG_DL_DMA_CH2_init)
                  000056b8    00000018     ti_msp_dl_config.o (.text.SYSCFG_DL_DMA_CH3_init)
                  000056d0    00000018     main.o (.text.UART0_IRQHandler)
                  000056e8    00000018     libc.a : vsnprintf.c.obj (.text._outc)
                  00005700    00000016            : copy_zero_init.c.obj (.text:decompress:ZI:__TI_zero_init_nomemset)
                  00005716    00000014     ti_msp_dl_config.o (.text.SYSCFG_DL_DMA_init)
                  0000572a    00000002     --HOLE-- [fill = 0]
                  0000572c    00000014     libclang_rt.builtins.a : aeabi_uldivmod.S.obj (.text.__aeabi_uldivmod)
                  00005740    00000014     libc.a : _printfi.c.obj (.text.strchr)
                  00005754    00000012     driverlib.a : dl_spi.o (.text.DL_SPI_setClockConfig)
                  00005766    00000012                 : dl_uart.o (.text.DL_UART_setClockConfig)
                  00005778    00000012     libc.a : copy_decompress_none.c.obj (.text:decompress:none)
                  0000578a    00000002     --HOLE-- [fill = 0]
                  0000578c    00000010     BQ27Z7_functions.o (.text.BQ27Z746_IsDischarging)
                  0000579c    00000010     BQ27Z7_functions.o (.text.BQ27Z746_IsFullyCharged)
                  000057ac    00000010     BQ27Z7_functions.o (.text.BQ27Z746_IsFullyDischarged)
                  000057bc    00000010     i2c.o (.text.I2C0_IRQHandler)
                  000057cc    00000010     i2c.o (.text.I2C1_IRQHandler)
                  000057dc    00000010     gauge.o (.text.gauge_address)
                  000057ec    00000010     libc.a : wcslen.c.obj (.text.wcslen)
                  000057fc    0000000e     libclang_rt.builtins.a : aeabi_memset.S.obj (.text.__aeabi_memset)
                  0000580a    0000000e     libc.a : _printfi.c.obj (.text.strlen)
                  00005818    0000000c     BQ25628_functions.o (.text.BQ25628E_Get_IBAT_mA)
                  00005824    0000000c     BQ25628_functions.o (.text.BQ25628E_Get_IBUS_mA)
                  00005830    0000000c     BQ25628_functions.o (.text.BQ25628E_Get_VBAT_mV)
                  0000583c    0000000c     BQ25628_functions.o (.text.BQ25628E_Get_VBUS_mV)
                  00005848    0000000c     BQ25628_functions.o (.text.BQ25628E_Get_VSYS_mV)
                  00005854    0000000c     BQ27Z7_functions.o (.text.BQ27Z746_Get_AvgCurrent_mA)
                  00005860    0000000c     BQ27Z7_functions.o (.text.BQ27Z746_Get_AvgPower_mW)
                  0000586c    0000000c     BQ27Z7_functions.o (.text.BQ27Z746_Get_BatteryStatus)
                  00005878    0000000c     BQ27Z7_functions.o (.text.BQ27Z746_Get_Current_mA)
                  00005884    0000000c     BQ27Z7_functions.o (.text.BQ27Z746_Get_CycleCount)
                  00005890    0000000c     BQ27Z7_functions.o (.text.BQ27Z746_Get_FullChargeCap_mAh)
                  0000589c    0000000c     BQ27Z7_functions.o (.text.BQ27Z746_Get_InternalTemp_C)
                  000058a8    0000000c     BQ27Z7_functions.o (.text.BQ27Z746_Get_RemainingCap_mAh)
                  000058b4    0000000c     BQ27Z7_functions.o (.text.BQ27Z746_Get_SOC_pct)
                  000058c0    0000000c     BQ27Z7_functions.o (.text.BQ27Z746_Get_StateOfHealth_pct)
                  000058cc    0000000c     BQ27Z7_functions.o (.text.BQ27Z746_Get_Temperature_C)
                  000058d8    0000000c     BQ27Z7_functions.o (.text.BQ27Z746_Get_TimeToEmpty_min)
                  000058e4    0000000c     BQ27Z7_functions.o (.text.BQ27Z746_Get_TimeToFull_min)
                  000058f0    0000000c     BQ27Z7_functions.o (.text.BQ27Z746_Get_Voltage_mV)
                  000058fc    0000000c     BQ27Z7_functions.o (.text.BQ27Z746_ReadAvgCurrent_mA)
                  00005908    0000000c     BQ27Z7_functions.o (.text.BQ27Z746_ReadAvgPower_mW)
                  00005914    0000000c     BQ27Z7_functions.o (.text.BQ27Z746_ReadBatteryStatus)
                  00005920    0000000c     BQ27Z7_functions.o (.text.BQ27Z746_ReadCurrent_mA)
                  0000592c    0000000c     BQ27Z7_functions.o (.text.BQ27Z746_ReadCycleCount)
                  00005938    0000000c     BQ27Z7_functions.o (.text.BQ27Z746_ReadFullChargeCap_mAh)
                  00005944    0000000c     BQ27Z7_functions.o (.text.BQ27Z746_ReadRemainingCap_mAh)
                  00005950    0000000c     BQ27Z7_functions.o (.text.BQ27Z746_ReadSOC_pct)
                  0000595c    0000000c     BQ27Z7_functions.o (.text.BQ27Z746_ReadStateOfHealth_pct)
                  00005968    0000000c     BQ27Z7_functions.o (.text.BQ27Z746_ReadTimeToEmpty_min)
                  00005974    0000000c     BQ27Z7_functions.o (.text.BQ27Z746_ReadTimeToFull_min)
                  00005980    0000000c     BQ27Z7_functions.o (.text.BQ27Z746_ReadVoltage_mV)
                  0000598c    0000000c     libclang_rt.builtins.a : aeabi_memset.S.obj (.text.__aeabi_memclr)
                  00005998    0000000a     driverlib.a : dl_common.o (.text.DL_Common_delayCycles)
                  000059a2    0000000a     libc.a : _printfi.c.obj (.text.OUTLINED_FUNCTION_0)
                  000059ac    00000010     libclang_rt.builtins.a : adddf3.S.obj (.tramp.__aeabi_dsub.1)
                  000059bc    0000000a     libc.a : s_roundf.c.obj (.text.OUTLINED_FUNCTION_0)
                  000059c6    00000002     --HOLE-- [fill = 0]
                  000059c8    00000010     libclang_rt.builtins.a : addsf3.S.obj (.tramp.__aeabi_fadd.1)
                  000059d8    0000000a     libc.a : _printfi.c.obj (.text.OUTLINED_FUNCTION_1)
                  000059e2    00000002     --HOLE-- [fill = 0]
                  000059e4    00000008     libclang_rt.builtins.a : aeabi_memcpy.S.obj (.text.__aeabi_memcpy)
                  000059ec    00000006     libc.a : exit.c.obj (.text:abort)
                  000059f2    00000004     libsysbm.a : hostexit.c.obj (.text.HOSTexit)
                  000059f6    00000004     startup_mspm0g350x_ticlang.o (.text.Reset_Handler)
                  000059fa    00000004     libc.a : pre_init.c.obj (.text._system_pre_init)
                  000059fe    00000002     --HOLE-- [fill = 0]

.cinit     0    000074b0    00000048     
                  000074b0    00000024     (.cinit..data.load) [load image, compression = lzss]
                  000074d4    0000000c     (__TI_handler_table)
                  000074e0    00000008     (.cinit..bss.load) [load image, compression = zero_init]
                  000074e8    00000010     (__TI_cinit_table)

.rodata    0    00005a00    00001ab0     
                  00005a00    00000260     functions.o (.rodata.str1.14424774467072349609.1)
                  00005c60    000001da     functions.o (.rodata.str1.17600609178903569978.1)
                  00005e3a    00000006     functions.o (.rodata.str1.10302267126528799586.1)
                  00005e40    00000101     libc.a : aeabi_ctype.S.obj (.rodata:__aeabi_ctype_table_)
                  00005f41    000000af     functions.o (.rodata.str1.10105263805998509149.1)
                  00005ff0    00000046     functions.o (.rodata.str1.14754684760099289372.1)
                  00006036    00000041     functions.o (.rodata.str1.2344728598999326712.1)
                  00006077    0000003c     functions.o (.rodata.str1.6596733414268854495.1)
                  000060b3    0000003b     functions.o (.rodata.str1.11345522308171243087.1)
                  000060ee    0000003b     main.o (.rodata.str1.3530083166107438000.1)
                  00006129    00000035     functions.o (.rodata.str1.455706336395187257.1)
                  0000615e    00000033     functions.o (.rodata.str1.17669684748118727147.1)
                  00006191    00000031     main.o (.rodata.str1.16265332423659789559.1)
                  000061c2    00000030     main.o (.rodata.str1.10635229749459437609.1)
                  000061f2    0000002f     functions.o (.rodata.str1.11510568493784519380.1)
                  00006221    0000002f     main.o (.rodata.str1.18227636981041470289.1)
                  00006250    0000002d     functions.o (.rodata.str1.16113805747440866019.1)
                  0000627d    0000002d     functions.o (.rodata.str1.17873271132953962449.1)
                  000062aa    0000002d     functions.o (.rodata.str1.2654337880733388962.1)
                  000062d7    0000002d     functions.o (.rodata.str1.303947978237559523.1)
                  00006304    0000002c     main.o (.rodata.str1.5043408953494467246.1)
                  00006330    0000002a     functions.o (.rodata.str1.13933329845969146692.1)
                  0000635a    00000029     functions.o (.rodata.str1.14212890215622683485.1)
                  00006383    00000028     functions.o (.rodata.str1.13707145581914847747.1)
                  000063ab    00000027     functions.o (.rodata.str1.4144252613811081812.1)
                  000063d2    00000027     functions.o (.rodata.str1.7085808795165203043.1)
                  000063f9    00000027     main.o (.rodata.str1.9059077390166914652.1)
                  00006420    00000026     functions.o (.rodata.str1.11596568296542930794.1)
                  00006446    00000026     functions.o (.rodata.str1.312031595841812858.1)
                  0000646c    00000026     main.o (.rodata.str1.39260288392874984.1)
                  00006492    00000025     functions.o (.rodata.str1.5196872854305757230.1)
                  000064b7    00000024     main.o (.rodata.str1.1311392489248731986.1)
                  000064db    00000024     functions.o (.rodata.str1.16499007181999684178.1)
                  000064ff    00000024     functions.o (.rodata.str1.2298903785866919411.1)
                  00006523    00000024     main.o (.rodata.str1.6554448696319176064.1)
                  00006547    00000023     functions.o (.rodata.str1.13060549876486072544.1)
                  0000656a    00000023     main.o (.rodata.str1.14402440632258215044.1)
                  0000658d    00000023     uart.o (.rodata.str1.14464947116831474962.1)
                  000065b0    00000023     functions.o (.rodata.str1.3739636256912452571.1)
                  000065d3    00000023     functions.o (.rodata.str1.7723146404961276984.1)
                  000065f6    00000022     functions.o (.rodata.str1.11403685632016021771.1)
                  00006618    00000022     functions.o (.rodata.str1.13554695696533425351.1)
                  0000663a    00000022     main.o (.rodata.str1.14466178792657420020.1)
                  0000665c    00000022     functions.o (.rodata.str1.14626576299884526934.1)
                  0000667e    00000022     functions.o (.rodata.str1.16386345573460399209.1)
                  000066a0    00000022     functions.o (.rodata.str1.16614484817706633923.1)
                  000066c2    00000022     main.o (.rodata.str1.17376258722486336754.1)
                  000066e4    00000022     functions.o (.rodata.str1.2305192595417680505.1)
                  00006706    00000022     functions.o (.rodata.str1.823074591787180899.1)
                  00006728    00000022     main.o (.rodata.str1.8828068777338075035.1)
                  0000674a    00000021     functions.o (.rodata.str1.14504089057119714207.1)
                  0000676b    00000021     functions.o (.rodata.str1.17004305802620412261.1)
                  0000678c    00000021     functions.o (.rodata.str1.17112998893623131760.1)
                  000067ad    00000021     functions.o (.rodata.str1.18169768820860067831.1)
                  000067ce    00000021     functions.o (.rodata.str1.2006883888705870762.1)
                  000067ef    00000021     functions.o (.rodata.str1.2618360898605671341.1)
                  00006810    00000021     functions.o (.rodata.str1.4531601087117612729.1)
                  00006831    00000021     functions.o (.rodata.str1.4910338030008278487.1)
                  00006852    00000021     functions.o (.rodata.str1.831622212789273363.1)
                  00006873    00000020     functions.o (.rodata.str1.10868672936327135180.1)
                  00006893    00000020     functions.o (.rodata.str1.11158820112163685190.1)
                  000068b3    00000020     functions.o (.rodata.str1.11740181311745255940.1)
                  000068d3    00000020     functions.o (.rodata.str1.11852899632267644254.1)
                  000068f3    00000020     functions.o (.rodata.str1.12250083639950253671.1)
                  00006913    00000020     functions.o (.rodata.str1.12257129677820421622.1)
                  00006933    00000020     functions.o (.rodata.str1.16726128468901222387.1)
                  00006953    00000020     main.o (.rodata.str1.2563708670032483588.1)
                  00006973    00000020     functions.o (.rodata.str1.7108839738911806945.1)
                  00006993    0000001f     main.o (.rodata.str1.14112174005742061988.1)
                  000069b2    0000001f     functions.o (.rodata.str1.15241132200125037881.1)
                  000069d1    0000001f     functions.o (.rodata.str1.17954340015018547257.1)
                  000069f0    0000001f     functions.o (.rodata.str1.2989574447005584482.1)
                  00006a0f    0000001f     functions.o (.rodata.str1.3107984650851015417.1)
                  00006a2e    0000001f     functions.o (.rodata.str1.5896414462293131170.1)
                  00006a4d    0000001f     functions.o (.rodata.str1.7261598007108977983.1)
                  00006a6c    0000001f     functions.o (.rodata.str1.8683587540435544184.1)
                  00006a8b    0000001f     functions.o (.rodata.str1.8841248051089024616.1)
                  00006aaa    0000001e     functions.o (.rodata.str1.11548324711019379123.1)
                  00006ac8    0000001e     functions.o (.rodata.str1.11584461607463951922.1)
                  00006ae6    0000001e     functions.o (.rodata.str1.13258710136769708401.1)
                  00006b04    0000001e     functions.o (.rodata.str1.13361924668150654931.1)
                  00006b22    0000001e     functions.o (.rodata.str1.2153166669032916089.1)
                  00006b40    0000001e     functions.o (.rodata.str1.2957129483359387701.1)
                  00006b5e    0000001e     functions.o (.rodata.str1.9393216526452698668.1)
                  00006b7c    0000001e     functions.o (.rodata.str1.9987864939932165754.1)
                  00006b9a    0000001d     functions.o (.rodata.str1.10029850049327752681.1)
                  00006bb7    0000001d     functions.o (.rodata.str1.7324634916810494498.1)
                  00006bd4    0000001d     functions.o (.rodata.str1.771275161403278999.1)
                  00006bf1    0000001c     main.o (.rodata.str1.12180500075719773345.1)
                  00006c0d    0000001b     functions.o (.rodata.str1.15871961652988661611.1)
                  00006c28    0000001b     functions.o (.rodata.str1.1879081474855052955.1)
                  00006c43    0000001b     functions.o (.rodata.str1.3322434249706281543.1)
                  00006c5e    0000001b     functions.o (.rodata.str1.4040450050525152614.1)
                  00006c79    0000001b     functions.o (.rodata.str1.6579945242302544448.1)
                  00006c94    0000001b     functions.o (.rodata.str1.6886749528440134913.1)
                  00006caf    0000001b     functions.o (.rodata.str1.7667325258934765219.1)
                  00006cca    0000001a     functions.o (.rodata.str1.10394495994740858438.1)
                  00006ce4    0000001a     functions.o (.rodata.str1.11621569494667626893.1)
                  00006cfe    0000001a     functions.o (.rodata.str1.12609848238114409581.1)
                  00006d18    0000001a     main.o (.rodata.str1.14079361385603432444.1)
                  00006d32    0000001a     functions.o (.rodata.str1.2190941444116491765.1)
                  00006d4c    0000001a     functions.o (.rodata.str1.2872345601479061820.1)
                  00006d66    0000001a     functions.o (.rodata.str1.5905555877690922764.1)
                  00006d80    0000001a     functions.o (.rodata.str1.8113497073403762318.1)
                  00006d9a    0000001a     functions.o (.rodata.str1.976629323795015702.1)
                  00006db4    0000001a     functions.o (.rodata.str1.9955790773425000222.1)
                  00006dce    00000019     functions.o (.rodata.str1.2347775125427912132.1)
                  00006de7    00000019     main.o (.rodata.str1.8076846746581808073.1)
                  00006e00    00000018     ti_msp_dl_config.o (.rodata.gDMA_CH0Config)
                  00006e18    00000018     ti_msp_dl_config.o (.rodata.gDMA_CH1Config)
                  00006e30    00000018     ti_msp_dl_config.o (.rodata.gDMA_CH2Config)
                  00006e48    00000018     ti_msp_dl_config.o (.rodata.gDMA_CH3Config)
                  00006e60    00000018     functions.o (.rodata.str1.14826907694073300720.1)
                  00006e78    00000018     functions.o (.rodata.str1.15647711897633472048.1)
                  00006e90    00000018     functions.o (.rodata.str1.3544098629501009633.1)
                  00006ea8    00000018     functions.o (.rodata.str1.4307635291288551838.1)
                  00006ec0    00000018     functions.o (.rodata.str1.5556253844797924259.1)
                  00006ed8    00000018     main.o (.rodata.str1.8154729771448623357.1)
                  00006ef0    00000017     functions.o (.rodata.str1.10930655922842606279.1)
                  00006f07    00000017     functions.o (.rodata.str1.14247832736261690914.1)
                  00006f1e    00000017     functions.o (.rodata.str1.15416425971347363818.1)
                  00006f35    00000017     functions.o (.rodata.str1.15981603964029308583.1)
                  00006f4c    00000017     functions.o (.rodata.str1.17162129685140799346.1)
                  00006f63    00000017     functions.o (.rodata.str1.17242831494859343374.1)
                  00006f7a    00000017     functions.o (.rodata.str1.4198453541086758413.1)
                  00006f91    00000017     functions.o (.rodata.str1.6954128830300373732.1)
                  00006fa8    00000017     main.o (.rodata.str1.8428454045432808059.1)
                  00006fbf    00000016     functions.o (.rodata.str1.13647871663007229205.1)
                  00006fd5    00000016     functions.o (.rodata.str1.13750405472340812261.1)
                  00006feb    00000016     uart.o (.rodata.str1.15503172443992438641.1)
                  00007001    00000016     functions.o (.rodata.str1.1912318065655334061.1)
                  00007017    00000016     functions.o (.rodata.str1.2216088936736676215.1)
                  0000702d    00000016     main.o (.rodata.str1.2763581881760962609.1)
                  00007043    00000016     functions.o (.rodata.str1.8430466031500812981.1)
                  00007059    00000015     functions.o (.rodata.str1.11457859038367029433.1)
                  0000706e    00000015     functions.o (.rodata.str1.13291850131445628085.1)
                  00007083    00000015     functions.o (.rodata.str1.13318008327193210645.1)
                  00007098    00000015     functions.o (.rodata.str1.14079700471513303319.1)
                  000070ad    00000015     functions.o (.rodata.str1.14779408147115502373.1)
                  000070c2    00000015     functions.o (.rodata.str1.16344480386849582482.1)
                  000070d7    00000015     functions.o (.rodata.str1.17171889877841249491.1)
                  000070ec    00000015     functions.o (.rodata.str1.18285776561876861988.1)
                  00007101    00000015     functions.o (.rodata.str1.5514502381961403268.1)
                  00007116    00000015     functions.o (.rodata.str1.7987950595137088371.1)
                  0000712b    00000015     main.o (.rodata.str1.8108965883388295311.1)
                  00007140    00000015     uart.o (.rodata.str1.8171864734171609186.1)
                  00007155    00000003     ti_msp_dl_config.o (.rodata.gTIMER_0ClockConfig)
                  00007158    00000014     ti_msp_dl_config.o (.rodata.gTIMER_0TimerConfig)
                  0000716c    00000014     main.o (.rodata.str1.11870794119293528247.1)
                  00007180    00000013     functions.o (.rodata.str1.11087625087312282266.1)
                  00007193    00000013     functions.o (.rodata.str1.17622889657162422067.1)
                  000071a6    00000013     functions.o (.rodata.str1.5117621188084071403.1)
                  000071b9    00000012     functions.o (.rodata.str1.11371842499512143921.1)
                  000071cb    00000012     functions.o (.rodata.str1.11391304066098951517.1)
                  000071dd    00000012     functions.o (.rodata.str1.14660004578859228044.1)
                  000071ef    00000012     main.o (.rodata.str1.16631870348416990953.1)
                  00007201    00000011     libc.a : _printfi.c.obj (.rodata.str1.10348868589481759720.1)
                  00007212    00000011     main.o (.rodata.str1.10865113624938808685.1)
                  00007223    00000011     main.o (.rodata.str1.11321157723316767883.1)
                  00007234    00000011     libc.a : _printfi.c.obj (.rodata.str1.15363888844622738466.1)
                  00007245    00000011     main.o (.rodata.str1.17045314124001216156.1)
                  00007256    00000011     main.o (.rodata.str1.7784929982665794503.1)
                  00007267    00000011     main.o (.rodata.str1.8096991282711418442.1)
                  00007278    00000011     functions.o (.rodata.str1.8855207564147674068.1)
                  00007289    00000003     uart.o (.rodata.str1.12819099410943012003.1)
                  0000728c    00000010     main.o (.rodata..Lswitch.table.main)
                  0000729c    0000000f     functions.o (.rodata.str1.6405428687533244608.1)
                  000072ab    0000000e     functions.o (.rodata.str1.1787322033648190911.1)
                  000072b9    0000000e     main.o (.rodata.str1.7996925722583989644.1)
                  000072c7    0000000d     functions.o (.rodata.str1.14249227603012650231.1)
                  000072d4    0000000d     main.o (.rodata.str1.8320541211001259012.1)
                  000072e1    0000000c     main.o (.rodata.str1.16302215771116645891.1)
                  000072ed    0000000c     functions.o (.rodata.str1.9586352787182320994.1)
                  000072f9    0000000b     main.o (.rodata.str1.10313062130652730376.1)
                  00007304    0000000b     functions.o (.rodata.str1.9866892624350641238.1)
                  0000730f    00000001     --HOLE-- [fill = 0]
                  00007310    0000000a     ti_msp_dl_config.o (.rodata.gMCU_UART_1Config)
                  0000731a    0000000a     ti_msp_dl_config.o (.rodata.gSPI_0_config)
                  00007324    0000000a     ti_msp_dl_config.o (.rodata.gSPI_1_config)
                  0000732e    0000000a     ti_msp_dl_config.o (.rodata.gUART_0Config)
                  00007338    0000000a     main.o (.rodata.str1.13030671760666898970.1)
                  00007342    0000000a     functions.o (.rodata.str1.9629253951102113371.1)
                  0000734c    0000000a     functions.o (.rodata.str1.9659379646541333203.1)
                  00007356    00000009     main.o (.rodata.str1.10720410773482754683.1)
                  0000735f    00000009     main.o (.rodata.str1.11822182024223342093.1)
                  00007368    00000009     functions.o (.rodata.str1.13225435875195226696.1)
                  00007371    00000009     main.o (.rodata.str1.18092426736022315238.1)
                  0000737a    00000009     uart.o (.rodata.str1.2747995240747259486.1)
                  00007383    00000009     functions.o (.rodata.str1.5320122413559821118.1)
                  0000738c    00000009     functions.o (.rodata.str1.8276779995786722914.1)
                  00007395    00000008     main.o (.rodata.str1.10224226614597680209.1)
                  0000739d    00000008     functions.o (.rodata.str1.11093425900794288272.1)
                  000073a5    00000008     functions.o (.rodata.str1.12716370140545181522.1)
                  000073ad    00000008     functions.o (.rodata.str1.15667472894159448674.1)
                  000073b5    00000008     functions.o (.rodata.str1.15927518266867229498.1)
                  000073bd    00000008     functions.o (.rodata.str1.16929425599360063401.1)
                  000073c5    00000008     main.o (.rodata.str1.2846389346932560359.1)
                  000073cd    00000008     functions.o (.rodata.str1.3156050197955811031.1)
                  000073d5    00000008     main.o (.rodata.str1.6891813955777630061.1)
                  000073dd    00000007     functions.o (.rodata.str1.14125585639945481457.1)
                  000073e4    00000007     functions.o (.rodata.str1.17588442350683572369.1)
                  000073eb    00000007     main.o (.rodata.str1.2624144126699937905.1)
                  000073f2    00000007     functions.o (.rodata.str1.3123360382440319361.1)
                  000073f9    00000007     functions.o (.rodata.str1.504123949362312185.1)
                  00007400    00000006     functions.o (.rodata.str1.10387253022637546114.1)
                  00007406    00000006     functions.o (.rodata.str1.11538060877586311343.1)
                  0000740c    00000006     functions.o (.rodata.str1.16985884696085998545.1)
                  00007412    00000006     functions.o (.rodata.str1.17144429639171527548.1)
                  00007418    00000006     main.o (.rodata.str1.2123964117280943167.1)
                  0000741e    00000006     main.o (.rodata.str1.403738606202455663.1)
                  00007424    00000006     functions.o (.rodata.str1.4959705119256106851.1)
                  0000742a    00000005     functions.o (.rodata.str1.11900037607746946141.1)
                  0000742f    00000005     functions.o (.rodata.str1.13183419841694627606.1)
                  00007434    00000005     main.o (.rodata.str1.13288086030101331538.1)
                  00007439    00000005     functions.o (.rodata.str1.13786467237224150958.1)
                  0000743e    00000005     functions.o (.rodata.str1.14496393926573069083.1)
                  00007443    00000005     main.o (.rodata.str1.15159059442110792349.1)
                  00007448    00000005     functions.o (.rodata.str1.16757203657686794125.1)
                  0000744d    00000005     functions.o (.rodata.str1.17418132220924322792.1)
                  00007452    00000005     main.o (.rodata.str1.288608917962107522.1)
                  00007457    00000005     functions.o (.rodata.str1.3066531604708884151.1)
                  0000745c    00000005     functions.o (.rodata.str1.3172367308849033862.1)
                  00007461    00000005     functions.o (.rodata.str1.502354497711140047.1)
                  00007466    00000004     functions.o (.rodata.str1.11488970495173820783.1)
                  0000746a    00000004     main.o (.rodata.str1.11702106008850790973.1)
                  0000746e    00000004     functions.o (.rodata.str1.12869987097872302101.1)
                  00007472    00000004     functions.o (.rodata.str1.12871985577256932554.1)
                  00007476    00000004     main.o (.rodata.str1.15996357275703397564.1)
                  0000747a    00000004     main.o (.rodata.str1.17100691992556644108.1)
                  0000747e    00000004     functions.o (.rodata.str1.3098115528246613681.1)
                  00007482    00000004     functions.o (.rodata.str1.4561657886204501224.1)
                  00007486    00000004     functions.o (.rodata.str1.62749256631814321.1)
                  0000748a    00000004     functions.o (.rodata.str1.9119127971185803168.1)
                  0000748e    00000003     functions.o (.rodata.str1.17016031596792030868.1)
                  00007491    00000003     main.o (.rodata.str1.7702501944640899365.1)
                  00007494    00000003     functions.o (.rodata.str1.9506313465773766142.1)
                  00007497    00000002     ti_msp_dl_config.o (.rodata.gI2C_0ClockConfig)
                  00007499    00000002     ti_msp_dl_config.o (.rodata.gI2C_1ClockConfig)
                  0000749b    00000002     ti_msp_dl_config.o (.rodata.gMCU_UART_1ClockConfig)
                  0000749d    00000002     ti_msp_dl_config.o (.rodata.gSPI_0_clockConfig)
                  0000749f    00000002     ti_msp_dl_config.o (.rodata.gSPI_1_clockConfig)
                  000074a1    00000002     ti_msp_dl_config.o (.rodata.gUART_0ClockConfig)
                  000074a3    00000002     uart.o (.rodata.str1.3510367808670815947.1)
                  000074a5    00000002     functions.o (.rodata.str1.5994875290679588583.1)
                  000074a7    00000009     --HOLE-- [fill = 0]

.init_array 
*          0    00000000    00000000     UNINITIALIZED

.binit     0    00000000    00000000     

.bss       0    20200000    00000189     UNINITIALIZED
                  20200000    00000078     uart.o (.bss.commandList)
                  20200078    00000040     (.common:UART_Buffer)
                  202000b8    00000028     (.common:gSPI_0Backup)
                  202000e0    00000028     (.common:gSPI_1Backup)
                  20200108    00000022     (.common:gRxPacket)
                  2020012a    00000022     (.common:gTxPacket)
                  2020014c    0000001c     (.common:stm32Spi)
                  20200168    00000010     (.common:gSPI_RxPacket)
                  20200178    00000004     (.common:gRxCount)
                  2020017c    00000004     (.common:gRxLen)
                  20200180    00000004     (.common:gTxCount)
                  20200184    00000004     (.common:gTxLen)
                  20200188    00000001     (.common:gI2cControllerStatus)

.data      0    2020018c    0000004a     UNINITIALIZED
                  2020018c    00000010     spi_master.o (.data.gSPI_TxPacket)
                  2020019c    00000004     libc.a : aeabi_portable.c.obj (.data.__aeabi_errno)
                  202001a0    00000004     uart.o (.data.commandCount)
                  202001a4    00000004     libc.a : strtok.c.obj (.data.last_end)
                  202001a8    00000004     main.o (.data.monitor_rate)
                  202001ac    00000002     BQ25628_functions.o (.data.g_ibat_mA)
                  202001ae    00000002     BQ25628_functions.o (.data.g_ibus_mA)
                  202001b0    00000002     BQ27Z7_functions.o (.data.g_telem.0)
                  202001b2    00000002     BQ27Z7_functions.o (.data.g_telem.10)
                  202001b4    00000002     BQ27Z7_functions.o (.data.g_telem.11)
                  202001b6    00000002     BQ27Z7_functions.o (.data.g_telem.12)
                  202001b8    00000002     BQ27Z7_functions.o (.data.g_telem.13)
                  202001ba    00000002     BQ27Z7_functions.o (.data.g_telem.1)
                  202001bc    00000002     BQ27Z7_functions.o (.data.g_telem.2)
                  202001be    00000002     BQ27Z7_functions.o (.data.g_telem.4)
                  202001c0    00000002     BQ27Z7_functions.o (.data.g_telem.5)
                  202001c2    00000002     BQ27Z7_functions.o (.data.g_telem.7)
                  202001c4    00000002     BQ27Z7_functions.o (.data.g_telem.8)
                  202001c6    00000002     BQ27Z7_functions.o (.data.g_telem.9)
                  202001c8    00000002     BQ25628_functions.o (.data.g_vbat_mV)
                  202001ca    00000002     BQ25628_functions.o (.data.g_vbus_mV)
                  202001cc    00000002     BQ25628_functions.o (.data.g_vsys_mV)
                  202001ce    00000001     main.o (.data.bq_monitor_active)
                  202001cf    00000001     uart.o (.data.char_index)
                  202001d0    00000001     uart.o (.data.data_received)
                  202001d1    00000001     gauge.o (.data.g_gaugeAddr)
                  202001d2    00000001     BQ27Z7_functions.o (.data.g_telem.3)
                  202001d3    00000001     main.o (.data.gauge_monitor_active)
                  202001d4    00000001     BQ27Z7_functions.o (.data.g_telem.6)
                  202001d5    00000001     main.o (.data.hall_monitor_active)

.stack     0    20207e00    00000200     UNINITIALIZED
                  20207e00    00000004     libc.a : boot_cortex_m.c.obj (.stack)
                  20207e04    000001fc     --HOLE--

__llvm_prf_cnts 
*          0    20200000    00000000     UNINITIALIZED

__llvm_prf_bits 
*          0    20200000    00000000     UNINITIALIZED

MODULE SUMMARY

       Module                         code    ro data   rw data
       ------                         ----    -------   -------
    .\
       functions.o                    4044    5204      0      
       main.o                         968     1064      7      
       ti_msp_dl_config.o             1296    171       80     
       startup_mspm0g350x_ticlang.o   6       192       0      
    +--+------------------------------+-------+---------+---------+
       Total:                         6314    6631      87     
                                                               
    .\HAL\
       uart.o                         1484    92        190    
       i2c.o                          1256    0         85     
       spi_master.o                   180     0         60     
    +--+------------------------------+-------+---------+---------+
       Total:                         2920    92        335    
                                                               
    .\ics\BQ25628\
       BQ25628_functions.o            692     0         10     
    +--+------------------------------+-------+---------+---------+
       Total:                         692     0         10     
                                                               
    .\ics\BQ27Z7\
       BQ27Z7_functions.o             2806    0         26     
       gauge.o                        176     0         1      
    +--+------------------------------+-------+---------+---------+
       Total:                         2982    0         27     
                                                               
    C:/ti/mspm0_sdk_2_09_00_01/source/ti/driverlib/lib/ticlang/m0p/mspm0g1x0x_g3x0x/driverlib.a
       dl_timer.o                     280     0         0      
       dl_i2c.o                       240     0         0      
       dl_uart.o                      138     0         0      
       dl_spi.o                       86      0         0      
       dl_dma.o                       76      0         0      
       dl_common.o                    10      0         0      
    +--+------------------------------+-------+---------+---------+
       Total:                         830     0         0      
                                                               
    C:\ti\ccs2031\ccs\tools\compiler\ti-cgt-armllvm_4.0.4.LTS\lib\armv6m-ti-none-eabi/c/libc.a
       _printfi.c.obj                 4510    34        0      
       strtol.c.obj                   324     0         0      
       aeabi_ctype.S.obj              0       257       0      
       s_scalbn.c.obj                 216     0         0      
       memcpy16.S.obj                 154     0         0      
       s_floorf.c.obj                 140     0         0      
       strcmp-armv6m.S.obj            136     0         0      
       vsnprintf.c.obj                136     0         0      
       copy_decompress_lzss.c.obj     124     0         0      
       s_roundf.c.obj                 114     0         0      
       memset16.S.obj                 98      0         0      
       s_frexp.c.obj                  92      0         0      
       _ltoa.c.obj                    88      0         0      
       strtok.c.obj                   72      0         4      
       atoi.c.obj                     64      0         0      
       autoinit.c.obj                 60      0         0      
       boot_cortex_m.c.obj            40      0         0      
       strspn.c.obj                   38      0         0      
       strcspn.c.obj                  36      0         0      
       memccpy.c.obj                  34      0         0      
       copy_zero_init.c.obj           22      0         0      
       copy_decompress_none.c.obj     18      0         0      
       wcslen.c.obj                   16      0         0      
       aeabi_portable.c.obj           8       0         4      
       exit.c.obj                     6       0         0      
       pre_init.c.obj                 4       0         0      
    +--+------------------------------+-------+---------+---------+
       Total:                         6550    291       8      
                                                               
    C:\ti\ccs2031\ccs\tools\compiler\ti-cgt-armllvm_4.0.4.LTS\lib\armv6m-ti-none-eabi/c/libsysbm.a
       hostexit.c.obj                 4       0         0      
    +--+------------------------------+-------+---------+---------+
       Total:                         4       0         0      
                                                               
    C:\ti\ccs2031\ccs\tools\compiler\ti-cgt-armllvm_4.0.4.LTS\lib\armv6m-ti-none-eabi/libclang_rt.builtins.a
       adddf3.S.obj                   418     0         0      
       divdf3.S.obj                   268     0         0      
       addsf3.S.obj                   232     0         0      
       muldf3.S.obj                   228     0         0      
       comparedf2.c.obj               220     0         0      
       udivmoddi4.S.obj               162     0         0      
       mulsf3.S.obj                   140     0         0      
       comparesf2.S.obj               118     0         0      
       aeabi_dcmp.S.obj               98      0         0      
       aeabi_fcmp.S.obj               98      0         0      
       aeabi_idivmod.S.obj            86      0         0      
       fixdfsi.S.obj                  74      0         0      
       aeabi_uidivmod.S.obj           64      0         0      
       muldsi3.S.obj                  58      0         0      
       fixsfsi.S.obj                  56      0         0      
       floatsidf.S.obj                44      0         0      
       floatunsisf.S.obj              40      0         0      
       muldi3.S.obj                   36      0         0      
       ashldi3.S.obj                  30      0         0      
       aeabi_memset.S.obj             26      0         0      
       aeabi_uldivmod.S.obj           20      0         0      
       aeabi_memcpy.S.obj             8       0         0      
       aeabi_div0.c.obj               4       0         0      
    +--+------------------------------+-------+---------+---------+
       Total:                         2528    0         0      
                                                               
       Stack:                         0       0         512    
       Linker Generated:              0       72        0      
    +--+------------------------------+-------+---------+---------+
       Grand Total:                   22820   7086      979    


LINKER GENERATED COPY TABLES

__TI_cinit_table @ 000074e8 records: 2, size/record: 8, table size: 16
	.data: load addr=000074b0, load size=00000024 bytes, run addr=2020018c, run size=0000004a bytes, compression=lzss
	.bss: load addr=000074e0, load size=00000008 bytes, run addr=20200000, run size=00000189 bytes, compression=zero_init


LINKER GENERATED HANDLER TABLE

__TI_handler_table @ 000074d4 records: 3, size/record: 4, table size: 12
	index: 0, handler: __TI_decompress_lzss
	index: 1, handler: __TI_decompress_none
	index: 2, handler: __TI_zero_init


FAR CALL TRAMPOLINES

callee name               trampoline name
   callee addr  tramp addr   call addr  call info
--------------  -----------  ---------  ----------------
__aeabi_dsub              $Tramp$TT$L$PI$$__aeabi_dsub
   000023f5     000059ac     000059aa   libc.a : _printfi.c.obj (.text.OUTLINED_FUNCTION_0)
__aeabi_fadd              $Tramp$TT$L$PI$$__aeabi_fadd
   00003b6b     000059c8     000059c4   libc.a : s_roundf.c.obj (.text.OUTLINED_FUNCTION_0)

[2 trampolines]
[2 trampoline calls]


GLOBAL SYMBOLS: SORTED ALPHABETICALLY BY Name 

address   name                          
-------   ----                          
00002587  ADC0_IRQHandler               
00002587  ADC1_IRQHandler               
00002587  AES_IRQHandler                
00005819  BQ25628E_Get_IBAT_mA          
00005825  BQ25628E_Get_IBUS_mA          
00005831  BQ25628E_Get_VBAT_mV          
0000583d  BQ25628E_Get_VBUS_mV          
00005849  BQ25628E_Get_VSYS_mV          
000030d1  BQ25628E_Init_Default         
0000547d  BQ25628E_ReadReg16            
000054a1  BQ25628E_ReadReg8             
00002ed9  BQ25628E_UpdateTelemetry      
000054c5  BQ25628E_WriteReg16           
00005579  BQ25628E_WriteReg8            
000032b1  BQ27Z746_GetChargingStatus    
00003643  BQ27Z746_GetChemID            
00003565  BQ27Z746_GetDeviceType        
00004d7f  BQ27Z746_GetFETOptions        
000038d7  BQ27Z746_GetFirmwareVersion   
0000371f  BQ27Z746_GetOperationStatus   
000037fb  BQ27Z746_GetSafetyStatus      
00004ce9  BQ27Z746_GetTempConfig        
00005855  BQ27Z746_Get_AvgCurrent_mA    
00005861  BQ27Z746_Get_AvgPower_mW      
0000586d  BQ27Z746_Get_BatteryStatus    
00005879  BQ27Z746_Get_Current_mA       
00005885  BQ27Z746_Get_CycleCount       
00005891  BQ27Z746_Get_FullChargeCap_mAh
0000589d  BQ27Z746_Get_InternalTemp_C   
000058a9  BQ27Z746_Get_RemainingCap_mAh 
000058b5  BQ27Z746_Get_SOC_pct          
000058c1  BQ27Z746_Get_StateOfHealth_pct
000058cd  BQ27Z746_Get_Temperature_C    
000058d9  BQ27Z746_Get_TimeToEmpty_min  
000058e5  BQ27Z746_Get_TimeToFull_min   
000058f1  BQ27Z746_Get_Voltage_mV       
00005389  BQ27Z746_Init                 
0000578d  BQ27Z746_IsDischarging        
0000579d  BQ27Z746_IsFullyCharged       
000057ad  BQ27Z746_IsFullyDischarged    
000039af  BQ27Z746_MAC_Read             
000055f9  BQ27Z746_MAC_Send             
000058fd  BQ27Z746_ReadAvgCurrent_mA    
00005909  BQ27Z746_ReadAvgPower_mW      
00005915  BQ27Z746_ReadBatteryStatus    
00005921  BQ27Z746_ReadCurrent_mA       
0000592d  BQ27Z746_ReadCycleCount       
00005939  BQ27Z746_ReadFullChargeCap_mAh
00005599  BQ27Z746_ReadInternalTemp_C   
00005945  BQ27Z746_ReadRemainingCap_mAh 
00005951  BQ27Z746_ReadSOC_pct          
0000595d  BQ27Z746_ReadStateOfHealth_pct
000055b9  BQ27Z746_ReadTemperature_C    
00005969  BQ27Z746_ReadTimeToEmpty_min  
00005975  BQ27Z746_ReadTimeToFull_min   
00005981  BQ27Z746_ReadVoltage_mV       
00003e79  BQ27Z746_SetTempSensorConfig  
00003dc5  BQ27Z746_SetUTFET_Direct      
00002cd9  BQ27Z746_UpdateTelemetry      
000059f2  C$$EXIT                       
00002587  CANFD0_IRQHandler             
00001921  CLI_ProcessInput              
00004fe1  CLI_RegisterCommand           
0000450d  CLI_Tokenize                  
00002587  DAC0_IRQHandler               
00005999  DL_Common_delayCycles         
00004c9d  DL_DMA_initChannel            
00004a2d  DL_I2C_fillControllerTXFIFO   
00005299  DL_I2C_flushControllerRXFIFO  
0000501d  DL_I2C_flushControllerTXFIFO  
00005431  DL_I2C_setClockConfig         
00004e59  DL_SPI_init                   
00005755  DL_SPI_setClockConfig         
00002fd5  DL_Timer_initTimerMode        
00005639  DL_Timer_setClockConfig       
00004dc9  DL_UART_init                  
00005767  DL_UART_setClockConfig        
000052c9  DL_UART_transmitDataBlocking  
00002587  DMA_IRQHandler                
00002587  Default_Handler               
00002587  GROUP0_IRQHandler             
00002587  GROUP1_IRQHandler             
000059f3  HOSTexit                      
00002587  HardFault_Handler             
000057bd  I2C0_IRQHandler               
000057cd  I2C1_IRQHandler               
00002061  I2C_ReadDevice                
0000339d  I2C_TryAddress                
00002975  I2C_WriteDevice               
00002587  NMI_Handler                   
00002587  PendSV_Handler                
00002587  RTC_IRQHandler                
000059f7  Reset_Handler                 
00002587  SPI0_IRQHandler               
00005265  SPI1_IRQHandler               
00004a8d  SPI_Controller_Arm            
000054e9  SPI_Controller_Init           
00002587  SVC_Handler                   
00005671  SYSCFG_DL_DMA_CH0_init        
00005689  SYSCFG_DL_DMA_CH1_init        
000056a1  SYSCFG_DL_DMA_CH2_init        
000056b9  SYSCFG_DL_DMA_CH3_init        
00005717  SYSCFG_DL_DMA_init            
00002dd9  SYSCFG_DL_GPIO_init           
00004575  SYSCFG_DL_I2C_0_init          
000045dd  SYSCFG_DL_I2C_1_init          
0000496d  SYSCFG_DL_MCU_UART_1_init     
0000477d  SYSCFG_DL_SPI_0_init          
000049cd  SYSCFG_DL_SPI_1_init          
00004ee1  SYSCFG_DL_SYSCTL_init         
00005185  SYSCFG_DL_TIMER_0_init        
0000449d  SYSCFG_DL_UART_0_init         
00004e9d  SYSCFG_DL_init                
000042b9  SYSCFG_DL_initPower           
00003d09  Shared_I2C_IRQHandler         
00002587  SysTick_Handler               
00002587  TIMA0_IRQHandler              
00002587  TIMA1_IRQHandler              
00002587  TIMG0_IRQHandler              
00002587  TIMG12_IRQHandler             
00002587  TIMG6_IRQHandler              
00002587  TIMG7_IRQHandler              
00002587  TIMG8_IRQHandler              
000056d1  UART0_IRQHandler              
00002587  UART1_IRQHandler              
00002587  UART2_IRQHandler              
00002587  UART3_IRQHandler              
00003f29  UARTReceive                   
20200078  UART_Buffer                   
20208000  __STACK_END                   
00000200  __STACK_SIZE                  
00000000  __TI_ATRegion0_region_sz      
00000000  __TI_ATRegion0_src_addr       
00000000  __TI_ATRegion0_trg_addr       
00000000  __TI_ATRegion1_region_sz      
00000000  __TI_ATRegion1_src_addr       
00000000  __TI_ATRegion1_trg_addr       
00000000  __TI_ATRegion2_region_sz      
00000000  __TI_ATRegion2_src_addr       
00000000  __TI_ATRegion2_trg_addr       
000074e8  __TI_CINIT_Base               
000074f8  __TI_CINIT_Limit              
000074f8  __TI_CINIT_Warm               
000074d4  __TI_Handler_Table_Base       
000074e0  __TI_Handler_Table_Limit      
000050d1  __TI_auto_init_nobinit_nopinit
00004335  __TI_decompress_lzss          
00005779  __TI_decompress_none          
00004b45  __TI_ltoa                     
ffffffff  __TI_pprof_out_hndl           
000000c1  __TI_printfi                  
ffffffff  __TI_prof_data_size           
ffffffff  __TI_prof_data_start          
00000000  __TI_static_base__            
00005701  __TI_zero_init_nomemset       
000023ff  __adddf3                      
00003b6b  __addsf3                      
00005e40  __aeabi_ctype_table_          
00005e40  __aeabi_ctype_table_C         
00004d35  __aeabi_d2iz                  
000023ff  __aeabi_dadd                  
00004845  __aeabi_dcmpeq                
00004881  __aeabi_dcmpge                
00004895  __aeabi_dcmpgt                
0000486d  __aeabi_dcmple                
00004859  __aeabi_dcmplt                
00002bcd  __aeabi_ddiv                  
00003481  __aeabi_dmul                  
000023f5  __aeabi_dsub                  
2020019c  __aeabi_errno                 
00004229  __aeabi_errno_addr            
000051bd  __aeabi_f2iz                  
00003b6b  __aeabi_fadd                  
000048a9  __aeabi_fcmpeq                
000048e5  __aeabi_fcmpge                
000048f9  __aeabi_fcmpgt                
000048d1  __aeabi_fcmple                
000048bd  __aeabi_fcmplt                
00004111  __aeabi_fmul                  
00003b61  __aeabi_fsub                  
000053b5  __aeabi_i2d                   
00004bf5  __aeabi_idiv                  
00003a87  __aeabi_idiv0                 
00004bf5  __aeabi_idivmod               
0000477b  __aeabi_ldiv0                 
00005619  __aeabi_llsl                  
0000550d  __aeabi_lmul                  
0000598d  __aeabi_memclr                
0000598d  __aeabi_memclr4               
0000598d  __aeabi_memclr8               
000059e5  __aeabi_memcpy                
000059e5  __aeabi_memcpy4               
000059e5  __aeabi_memcpy8               
000057fd  __aeabi_memset                
000057fd  __aeabi_memset4               
000057fd  __aeabi_memset8               
000053e1  __aeabi_ui2f                  
00004f21  __aeabi_uidiv                 
00004f21  __aeabi_uidivmod              
0000572d  __aeabi_uldivmod              
00005619  __ashldi3                     
ffffffff  __binit__                     
00004645  __cmpdf2                      
0000510d  __cmpsf2                      
00002bcd  __divdf3                      
00004645  __eqdf2                       
0000510d  __eqsf2                       
00004d35  __fixdfsi                     
000051bd  __fixsfsi                     
000053b5  __floatsidf                   
000053e1  __floatunsisf                 
00004429  __gedf2                       
00005059  __gesf2                       
00004429  __gtdf2                       
00005059  __gtsf2                       
00004645  __ledf2                       
0000510d  __lesf2                       
00004645  __ltdf2                       
0000510d  __ltsf2                       
UNDEFED   __mpu_init                    
00003481  __muldf3                      
0000550d  __muldi3                      
00005149  __muldsi3                     
00004111  __mulsf3                      
00004645  __nedf2                       
0000510d  __nesf2                       
20207e00  __stack                       
20200000  __start___llvm_prf_bits       
20200000  __start___llvm_prf_cnts       
20200000  __stop___llvm_prf_bits        
20200000  __stop___llvm_prf_cnts        
000023f5  __subdf3                      
00003b61  __subsf3                      
00003fd5  __udivmoddi4                  
00005409  _c_int00_noargs               
UNDEFED   _system_post_cinit            
000059fb  _system_pre_init              
000059ed  abort                         
00004f61  atoi                          
ffffffff  binit                         
202001ce  bq_monitor_active             
202001cf  char_index                    
0000118d  cmd_bq                        
00000a91  cmd_gauge                     
00003c39  cmd_hall                      
000047e1  cmd_help                      
00002235  cmd_i2cscan                   
000031c1  cmd_pwr                       
00002589  cmd_spi                       
202001d0  data_received                 
0000419d  floorf                        
00004ae9  frexp                         
00004ae9  frexpl                        
20200188  gI2cControllerStatus          
20200178  gRxCount                      
2020017c  gRxLen                        
20200108  gRxPacket                     
202000b8  gSPI_0Backup                  
202000e0  gSPI_1Backup                  
20200168  gSPI_RxPacket                 
2020018c  gSPI_TxPacket                 
20200180  gTxCount                      
20200184  gTxLen                        
2020012a  gTxPacket                     
000057dd  gauge_address                 
00005359  gauge_cmd_read                
202001d3  gauge_monitor_active          
000051f5  gauge_read                    
0000522d  gauge_write                   
00005095  get_UART_buffer               
202001d5  hall_monitor_active           
00005655  i2c_init                      
00000000  interruptVectors              
00003a89  ldexp                         
00003a89  ldexpl                        
00001571  main                          
00005555  memccpy                       
00004077  memcpy                        
0000490b  memset                        
202001a8  monitor_rate                  
000046ad  roundf                        
00003a89  scalbn                        
00003a89  scalbnl                       
2020014c  stm32Spi                      
00004231  strcmp                        
00005531  strcspn                       
00005457  strspn                        
00004e11  strtok                        
000026f5  strtol                        
000055d9  uart_init                     
000043b1  uart_printf                   
00004fa1  vsnprintf                     
000057ed  wcslen                        


GLOBAL SYMBOLS: SORTED BY Symbol Address 

address   name                          
-------   ----                          
00000000  __TI_ATRegion0_region_sz      
00000000  __TI_ATRegion0_src_addr       
00000000  __TI_ATRegion0_trg_addr       
00000000  __TI_ATRegion1_region_sz      
00000000  __TI_ATRegion1_src_addr       
00000000  __TI_ATRegion1_trg_addr       
00000000  __TI_ATRegion2_region_sz      
00000000  __TI_ATRegion2_src_addr       
00000000  __TI_ATRegion2_trg_addr       
00000000  __TI_static_base__            
00000000  interruptVectors              
000000c1  __TI_printfi                  
00000200  __STACK_SIZE                  
00000a91  cmd_gauge                     
0000118d  cmd_bq                        
00001571  main                          
00001921  CLI_ProcessInput              
00002061  I2C_ReadDevice                
00002235  cmd_i2cscan                   
000023f5  __aeabi_dsub                  
000023f5  __subdf3                      
000023ff  __adddf3                      
000023ff  __aeabi_dadd                  
00002587  ADC0_IRQHandler               
00002587  ADC1_IRQHandler               
00002587  AES_IRQHandler                
00002587  CANFD0_IRQHandler             
00002587  DAC0_IRQHandler               
00002587  DMA_IRQHandler                
00002587  Default_Handler               
00002587  GROUP0_IRQHandler             
00002587  GROUP1_IRQHandler             
00002587  HardFault_Handler             
00002587  NMI_Handler                   
00002587  PendSV_Handler                
00002587  RTC_IRQHandler                
00002587  SPI0_IRQHandler               
00002587  SVC_Handler                   
00002587  SysTick_Handler               
00002587  TIMA0_IRQHandler              
00002587  TIMA1_IRQHandler              
00002587  TIMG0_IRQHandler              
00002587  TIMG12_IRQHandler             
00002587  TIMG6_IRQHandler              
00002587  TIMG7_IRQHandler              
00002587  TIMG8_IRQHandler              
00002587  UART1_IRQHandler              
00002587  UART2_IRQHandler              
00002587  UART3_IRQHandler              
00002589  cmd_spi                       
000026f5  strtol                        
00002975  I2C_WriteDevice               
00002bcd  __aeabi_ddiv                  
00002bcd  __divdf3                      
00002cd9  BQ27Z746_UpdateTelemetry      
00002dd9  SYSCFG_DL_GPIO_init           
00002ed9  BQ25628E_UpdateTelemetry      
00002fd5  DL_Timer_initTimerMode        
000030d1  BQ25628E_Init_Default         
000031c1  cmd_pwr                       
000032b1  BQ27Z746_GetChargingStatus    
0000339d  I2C_TryAddress                
00003481  __aeabi_dmul                  
00003481  __muldf3                      
00003565  BQ27Z746_GetDeviceType        
00003643  BQ27Z746_GetChemID            
0000371f  BQ27Z746_GetOperationStatus   
000037fb  BQ27Z746_GetSafetyStatus      
000038d7  BQ27Z746_GetFirmwareVersion   
000039af  BQ27Z746_MAC_Read             
00003a87  __aeabi_idiv0                 
00003a89  ldexp                         
00003a89  ldexpl                        
00003a89  scalbn                        
00003a89  scalbnl                       
00003b61  __aeabi_fsub                  
00003b61  __subsf3                      
00003b6b  __addsf3                      
00003b6b  __aeabi_fadd                  
00003c39  cmd_hall                      
00003d09  Shared_I2C_IRQHandler         
00003dc5  BQ27Z746_SetUTFET_Direct      
00003e79  BQ27Z746_SetTempSensorConfig  
00003f29  UARTReceive                   
00003fd5  __udivmoddi4                  
00004077  memcpy                        
00004111  __aeabi_fmul                  
00004111  __mulsf3                      
0000419d  floorf                        
00004229  __aeabi_errno_addr            
00004231  strcmp                        
000042b9  SYSCFG_DL_initPower           
00004335  __TI_decompress_lzss          
000043b1  uart_printf                   
00004429  __gedf2                       
00004429  __gtdf2                       
0000449d  SYSCFG_DL_UART_0_init         
0000450d  CLI_Tokenize                  
00004575  SYSCFG_DL_I2C_0_init          
000045dd  SYSCFG_DL_I2C_1_init          
00004645  __cmpdf2                      
00004645  __eqdf2                       
00004645  __ledf2                       
00004645  __ltdf2                       
00004645  __nedf2                       
000046ad  roundf                        
0000477b  __aeabi_ldiv0                 
0000477d  SYSCFG_DL_SPI_0_init          
000047e1  cmd_help                      
00004845  __aeabi_dcmpeq                
00004859  __aeabi_dcmplt                
0000486d  __aeabi_dcmple                
00004881  __aeabi_dcmpge                
00004895  __aeabi_dcmpgt                
000048a9  __aeabi_fcmpeq                
000048bd  __aeabi_fcmplt                
000048d1  __aeabi_fcmple                
000048e5  __aeabi_fcmpge                
000048f9  __aeabi_fcmpgt                
0000490b  memset                        
0000496d  SYSCFG_DL_MCU_UART_1_init     
000049cd  SYSCFG_DL_SPI_1_init          
00004a2d  DL_I2C_fillControllerTXFIFO   
00004a8d  SPI_Controller_Arm            
00004ae9  frexp                         
00004ae9  frexpl                        
00004b45  __TI_ltoa                     
00004bf5  __aeabi_idiv                  
00004bf5  __aeabi_idivmod               
00004c9d  DL_DMA_initChannel            
00004ce9  BQ27Z746_GetTempConfig        
00004d35  __aeabi_d2iz                  
00004d35  __fixdfsi                     
00004d7f  BQ27Z746_GetFETOptions        
00004dc9  DL_UART_init                  
00004e11  strtok                        
00004e59  DL_SPI_init                   
00004e9d  SYSCFG_DL_init                
00004ee1  SYSCFG_DL_SYSCTL_init         
00004f21  __aeabi_uidiv                 
00004f21  __aeabi_uidivmod              
00004f61  atoi                          
00004fa1  vsnprintf                     
00004fe1  CLI_RegisterCommand           
0000501d  DL_I2C_flushControllerTXFIFO  
00005059  __gesf2                       
00005059  __gtsf2                       
00005095  get_UART_buffer               
000050d1  __TI_auto_init_nobinit_nopinit
0000510d  __cmpsf2                      
0000510d  __eqsf2                       
0000510d  __lesf2                       
0000510d  __ltsf2                       
0000510d  __nesf2                       
00005149  __muldsi3                     
00005185  SYSCFG_DL_TIMER_0_init        
000051bd  __aeabi_f2iz                  
000051bd  __fixsfsi                     
000051f5  gauge_read                    
0000522d  gauge_write                   
00005265  SPI1_IRQHandler               
00005299  DL_I2C_flushControllerRXFIFO  
000052c9  DL_UART_transmitDataBlocking  
00005359  gauge_cmd_read                
00005389  BQ27Z746_Init                 
000053b5  __aeabi_i2d                   
000053b5  __floatsidf                   
000053e1  __aeabi_ui2f                  
000053e1  __floatunsisf                 
00005409  _c_int00_noargs               
00005431  DL_I2C_setClockConfig         
00005457  strspn                        
0000547d  BQ25628E_ReadReg16            
000054a1  BQ25628E_ReadReg8             
000054c5  BQ25628E_WriteReg16           
000054e9  SPI_Controller_Init           
0000550d  __aeabi_lmul                  
0000550d  __muldi3                      
00005531  strcspn                       
00005555  memccpy                       
00005579  BQ25628E_WriteReg8            
00005599  BQ27Z746_ReadInternalTemp_C   
000055b9  BQ27Z746_ReadTemperature_C    
000055d9  uart_init                     
000055f9  BQ27Z746_MAC_Send             
00005619  __aeabi_llsl                  
00005619  __ashldi3                     
00005639  DL_Timer_setClockConfig       
00005655  i2c_init                      
00005671  SYSCFG_DL_DMA_CH0_init        
00005689  SYSCFG_DL_DMA_CH1_init        
000056a1  SYSCFG_DL_DMA_CH2_init        
000056b9  SYSCFG_DL_DMA_CH3_init        
000056d1  UART0_IRQHandler              
00005701  __TI_zero_init_nomemset       
00005717  SYSCFG_DL_DMA_init            
0000572d  __aeabi_uldivmod              
00005755  DL_SPI_setClockConfig         
00005767  DL_UART_setClockConfig        
00005779  __TI_decompress_none          
0000578d  BQ27Z746_IsDischarging        
0000579d  BQ27Z746_IsFullyCharged       
000057ad  BQ27Z746_IsFullyDischarged    
000057bd  I2C0_IRQHandler               
000057cd  I2C1_IRQHandler               
000057dd  gauge_address                 
000057ed  wcslen                        
000057fd  __aeabi_memset                
000057fd  __aeabi_memset4               
000057fd  __aeabi_memset8               
00005819  BQ25628E_Get_IBAT_mA          
00005825  BQ25628E_Get_IBUS_mA          
00005831  BQ25628E_Get_VBAT_mV          
0000583d  BQ25628E_Get_VBUS_mV          
00005849  BQ25628E_Get_VSYS_mV          
00005855  BQ27Z746_Get_AvgCurrent_mA    
00005861  BQ27Z746_Get_AvgPower_mW      
0000586d  BQ27Z746_Get_BatteryStatus    
00005879  BQ27Z746_Get_Current_mA       
00005885  BQ27Z746_Get_CycleCount       
00005891  BQ27Z746_Get_FullChargeCap_mAh
0000589d  BQ27Z746_Get_InternalTemp_C   
000058a9  BQ27Z746_Get_RemainingCap_mAh 
000058b5  BQ27Z746_Get_SOC_pct          
000058c1  BQ27Z746_Get_StateOfHealth_pct
000058cd  BQ27Z746_Get_Temperature_C    
000058d9  BQ27Z746_Get_TimeToEmpty_min  
000058e5  BQ27Z746_Get_TimeToFull_min   
000058f1  BQ27Z746_Get_Voltage_mV       
000058fd  BQ27Z746_ReadAvgCurrent_mA    
00005909  BQ27Z746_ReadAvgPower_mW      
00005915  BQ27Z746_ReadBatteryStatus    
00005921  BQ27Z746_ReadCurrent_mA       
0000592d  BQ27Z746_ReadCycleCount       
00005939  BQ27Z746_ReadFullChargeCap_mAh
00005945  BQ27Z746_ReadRemainingCap_mAh 
00005951  BQ27Z746_ReadSOC_pct          
0000595d  BQ27Z746_ReadStateOfHealth_pct
00005969  BQ27Z746_ReadTimeToEmpty_min  
00005975  BQ27Z746_ReadTimeToFull_min   
00005981  BQ27Z746_ReadVoltage_mV       
0000598d  __aeabi_memclr                
0000598d  __aeabi_memclr4               
0000598d  __aeabi_memclr8               
00005999  DL_Common_delayCycles         
000059e5  __aeabi_memcpy                
000059e5  __aeabi_memcpy4               
000059e5  __aeabi_memcpy8               
000059ed  abort                         
000059f2  C$$EXIT                       
000059f3  HOSTexit                      
000059f7  Reset_Handler                 
000059fb  _system_pre_init              
00005e40  __aeabi_ctype_table_          
00005e40  __aeabi_ctype_table_C         
000074d4  __TI_Handler_Table_Base       
000074e0  __TI_Handler_Table_Limit      
000074e8  __TI_CINIT_Base               
000074f8  __TI_CINIT_Limit              
000074f8  __TI_CINIT_Warm               
20200000  __start___llvm_prf_bits       
20200000  __start___llvm_prf_cnts       
20200000  __stop___llvm_prf_bits        
20200000  __stop___llvm_prf_cnts        
20200078  UART_Buffer                   
202000b8  gSPI_0Backup                  
202000e0  gSPI_1Backup                  
20200108  gRxPacket                     
2020012a  gTxPacket                     
2020014c  stm32Spi                      
20200168  gSPI_RxPacket                 
20200178  gRxCount                      
2020017c  gRxLen                        
20200180  gTxCount                      
20200184  gTxLen                        
20200188  gI2cControllerStatus          
2020018c  gSPI_TxPacket                 
2020019c  __aeabi_errno                 
202001a8  monitor_rate                  
202001ce  bq_monitor_active             
202001cf  char_index                    
202001d0  data_received                 
202001d3  gauge_monitor_active          
202001d5  hall_monitor_active           
20207e00  __stack                       
20208000  __STACK_END                   
ffffffff  __TI_pprof_out_hndl           
ffffffff  __TI_prof_data_size           
ffffffff  __TI_prof_data_start          
ffffffff  __binit__                     
ffffffff  binit                         
UNDEFED   __mpu_init                    
UNDEFED   _system_post_cinit            

[293 symbols]
