******************************************************************************
            TI ARM Clang Linker PC v4.0.4                      
******************************************************************************
>> Linked Sat May  2 18:00:46 2026

OUTPUT FILE NAME:   <HW_SW_interface_CCS.out>
ENTRY POINT SYMBOL: "_c_int00_noargs"  address: 00008471


MEMORY CONFIGURATION

         name            origin    length      used     unused   attr    fill
----------------------  --------  ---------  --------  --------  ----  --------
  FLASH                 00000000   00020000  0000c0f8  00013f08  R  X
  SRAM                  20200000   00008000  00000840  000077c0  RW X
  BCR_CONFIG            41c00000   000000ff  00000000  000000ff  R   
  BSL_CONFIG            41c00100   00000080  00000000  00000080  R   


SEGMENT ALLOCATION MAP

run origin  load origin   length   init length attrs members
----------  ----------- ---------- ----------- ----- -------
00000000    00000000    0000c0f8   0000c0f8    r-x
  00000000    00000000    000000c0   000000c0    r-- .intvecs
  000000c0    000000c0    00008a60   00008a60    r-x .text
  00008b20    00008b20    00003450   00003450    r-- .rodata
  0000bf70    0000bf70    00000188   00000188    r-- .cinit
20200000    20200000    00000643   00000000    rw-
  20200000    20200000    000004ad   00000000    rw- .bss
  202004b0    202004b0    00000193   00000000    rw- .data
20207e00    20207e00    00000200   00000000    rw-
  20207e00    20207e00    00000200   00000000    rw- .stack


SECTION ALLOCATION MAP

 output                                  attributes/
section   page    origin      length       input sections
--------  ----  ----------  ----------   ----------------
.intvecs   0    00000000    000000c0     
                  00000000    000000c0     startup_mspm0g350x_ticlang.o (.intvecs)

.text      0    000000c0    00008a60     
                  000000c0    000009d0     libc.a : _printfi.c.obj (.text:__TI_printfi)
                  00000a90    000007ac     functions.o (.text.cmd_gauge)
                  0000123c    00000580     functions.o (.text.cmd_fram)
                  000017bc    00000580     RAK3172.o (.text.cmd_rak)
                  00001d3c    000004b8     main.o (.text.main)
                  000021f4    000003fc     ZDP323B.o (.text.ZDP323B_Init)
                  000025f0    000003e8     functions.o (.text.cmd_bq)
                  000029d8    00000354     functions.o (.text.cmd_pir)
                  00002d2c    00000344     uart.o (.text.CLI_ProcessInput)
                  00003070    00000220     libc.a : _printfi.c.obj (.text._pconv_a)
                  00003290    00000214     functions.o (.text.cmd_i2cscan10)
                  000034a4    000001dc     libc.a : _printfi.c.obj (.text._pconv_g)
                  00003680    000001d4     i2c.o (.text.I2C_ReadDevice)
                  00003854    000001c0     functions.o (.text.cmd_i2cscan)
                  00003a14    000001a8     functions.o (.text.cmd_ltr)
                  00003bbc    00000192     libclang_rt.builtins.a : adddf3.S.obj (.text.adddf3_subdf3)
                  00003d4e    00000002     startup_mspm0g350x_ticlang.o (.text.Default_Handler)
                  00003d50    00000184     functions.o (.text.cmd_lis)
                  00003ed4    00000174     functions.o (.text.cmd_leds)
                  00004048    0000016c     functions.o (.text.cmd_spi)
                  000041b4    00000164     ti_msp_dl_config.o (.text.SYSCFG_DL_GPIO_init)
                  00004318    00000144     libc.a : strtol.c.obj (.text.strtol)
                  0000445c    0000013c            : _printfi.c.obj (.text.fcvt)
                  00004598    00000138     i2c.o (.text.I2C_WriteDevice)
                  000046d0    00000138     mb85rs.o (.text.MB85RS_Write)
                  00004808    00000138     main.o (.text.setupCLI)
                  00004940    0000012c     BQ25628_functions.o (.text.BQ25628E_Init_Default)
                  00004a6c    00000120     libc.a : _printfi.c.obj (.text._pconv_e)
                  00004b8c    00000110     BQ27Z7_functions.o (.text.BQ27Z746_SetUTFET_Direct)
                  00004c9c    0000010c     BQ27Z7_functions.o (.text.BQ27Z746_SetTempSensorConfig)
                  00004da8    0000010c     spi_mem.o (.text.SPI_Memory_Wait)
                  00004eb4    0000010c     libclang_rt.builtins.a : divdf3.S.obj (.text.__divdf3)
                  00004fc0    00000104     driverlib.a : dl_timer.o (.text.DL_Timer_initFourCCPWMMode)
                  000050c4    00000104     ZDP323B.o (.text.I2C_TryAddress10)
                  000051c8    00000100     BQ27Z7_functions.o (.text.BQ27Z746_GetSecurityMode)
                  000052c8    00000100     BQ27Z7_functions.o (.text.BQ27Z746_UpdateTelemetry)
                  000053c8    000000fc     BQ25628_functions.o (.text.BQ25628E_UpdateTelemetry)
                  000054c4    000000f8     ZDP323B.o (.text.ZDP323B_WriteConfig)
                  000055bc    000000f0     LTR329.o (.text.LTR329_CalculateLux)
                  000056ac    000000f0     functions.o (.text.cmd_pwr)
                  0000579c    000000ec     BQ27Z7_functions.o (.text.BQ27Z746_GetChargingStatus)
                  00005888    000000e8     ZDP323B.o (.text.ZDP323B_ReadPeakHold)
                  00005970    000000e4     i2c.o (.text.I2C_TryAddress)
                  00005a54    000000e4     libclang_rt.builtins.a : muldf3.S.obj (.text.__muldf3)
                  00005b38    000000de     BQ27Z7_functions.o (.text.BQ27Z746_GetDeviceType)
                  00005c16    000000dc     BQ27Z7_functions.o (.text.BQ27Z746_GetChemID)
                  00005cf2    000000dc     BQ27Z7_functions.o (.text.BQ27Z746_GetOperationStatus)
                  00005dce    000000dc     BQ27Z7_functions.o (.text.BQ27Z746_GetSafetyStatus)
                  00005eaa    000000d8     BQ27Z7_functions.o (.text.BQ27Z746_GetFirmwareVersion)
                  00005f82    000000d8     BQ27Z7_functions.o (.text.BQ27Z746_MAC_Read)
                  0000605a    00000002     libclang_rt.builtins.a : aeabi_div0.c.obj (.text.__aeabi_idiv0)
                  0000605c    000000d8     libc.a : s_scalbn.c.obj (.text.scalbn)
                  00006134    000000d8     libclang_rt.builtins.a : addsf3.S.obj (.text)
                  0000620c    000000d0     functions.o (.text.cmd_hall)
                  000062dc    000000bc     BoardAPI.o (.text.LED_set_current)
                  00006398    000000bc     i2c.o (.text.Shared_I2C_IRQHandler)
                  00006454    000000b8     mb85rs.o (.text.MB85RS_Read)
                  0000650c    000000ac     uart.o (.text.UARTReceive)
                  000065b8    000000a2     libclang_rt.builtins.a : udivmoddi4.S.obj (.text)
                  0000665a    00000002                            : aeabi_div0.c.obj (.text.__aeabi_ldiv0)
                  0000665c    000000a0     LIS3DH.o (.text.LIS3DH_ReadMg)
                  000066fc    0000009a     libc.a : memcpy16.S.obj (.text:memcpy)
                  00006796    00000002     --HOLE-- [fill = 0]
                  00006798    00000090     spi_mem.o (.text.SPI_Memory_Arm)
                  00006828    00000090     ti_msp_dl_config.o (.text.SYSCFG_DL_BOOST_CONTROL_init)
                  000068b8    0000008c     libclang_rt.builtins.a : mulsf3.S.obj (.text.__mulsf3)
                  00006944    0000008c     libc.a : s_floorf.c.obj (.text.floorf)
                  000069d0    00000088     ti_msp_dl_config.o (.text.SYSCFG_DL_initPower)
                  00006a58    00000008     main.o (.text.UART1_IRQHandler)
                  00006a60    00000088     libc.a : strcmp-armv6m.S.obj (.text:strcmp)
                  00006ae8    00000084     ti_msp_dl_config.o (.text.SYSCFG_DL_FLASH_CONTROL_init)
                  00006b6c    00000082     libclang_rt.builtins.a : divsf3.S.obj (.text.__divsf3)
                  00006bee    00000080     mb85rs.o (.text.MB85RS_ReadID)
                  00006c6e    00000002     --HOLE-- [fill = 0]
                  00006c70    0000007c     RAK3172.o (.text.RAK3172_UART_Handler)
                  00006cec    0000007c     libc.a : copy_decompress_lzss.c.obj (.text:decompress:lzss)
                  00006d68    0000007a     BQ27Z7_functions.o (.text.BQ27Z746_Unseal)
                  00006de2    00000002     --HOLE-- [fill = 0]
                  00006de4    00000078     LIS3DH.o (.text.LIS3DH_Init)
                  00006e5c    00000078     uart.o (.text.uart_printf)
                  00006ed4    00000074     ti_msp_dl_config.o (.text.SYSCFG_DL_MCU_UART_1_init)
                  00006f48    00000074     libclang_rt.builtins.a : comparedf2.c.obj (.text.__gedf2)
                  00006fbc    00000070     LTR329.o (.text.LTR329_Init)
                  0000702c    00000070     RAK3172.o (.text.RAK3172_SendCommand)
                  0000709c    00000070     ti_msp_dl_config.o (.text.SYSCFG_DL_UART_0_init)
                  0000710c    0000006c     LTR329.o (.text.LTR329_SetGain)
                  00007178    0000006c     RAK3172.o (.text.RAK3172_WaitForResponse)
                  000071e4    00000068     uart.o (.text.CLI_Tokenize)
                  0000724c    00000068     ti_msp_dl_config.o (.text.SYSCFG_DL_I2C_0_init)
                  000072b4    00000068     ti_msp_dl_config.o (.text.SYSCFG_DL_I2C_1_init)
                  0000731c    00000068     libclang_rt.builtins.a : comparedf2.c.obj (.text.__ledf2)
                  00007384    00000068     libc.a : s_roundf.c.obj (.text.roundf)
                  000073ec    00000066            : _printfi.c.obj (.text._mcpy)
                  00007452    00000002     --HOLE-- [fill = 0]
                  00007454    00000064     ti_msp_dl_config.o (.text.SYSCFG_DL_SPI_0_init)
                  000074b8    00000064     uart.o (.text.cmd_help)
                  0000751c    00000062     libclang_rt.builtins.a : aeabi_dcmp.S.obj (.text.__aeabi_dcmp)
                  0000757e    00000002     --HOLE-- [fill = 0]
                  00007580    00000062                            : aeabi_fcmp.S.obj (.text.__aeabi_fcmp)
                  000075e2    00000062     libc.a : memset16.S.obj (.text:memset)
                  00007644    00000060     ti_msp_dl_config.o (.text.SYSCFG_DL_SPI_1_init)
                  000076a4    0000005e     driverlib.a : dl_i2c.o (.text.DL_I2C_fillControllerTXFIFO)
                  00007702    00000002     --HOLE-- [fill = 0]
                  00007704    0000005c     spi_master.o (.text.SPI_Controller_Arm)
                  00007760    0000005c     ti_msp_dl_config.o (.text.SYSCFG_DL_init)
                  000077bc    0000005c     libc.a : s_frexp.c.obj (.text.frexp)
                  00007818    0000005a     mb85rs.o (.text.MB85RS_ReadStatus)
                  00007872    00000002     --HOLE-- [fill = 0]
                  00007874    00000058     BoardAPI.o (.text.LED_set_voltage)
                  000078cc    00000058     LIS3DH.o (.text.LIS3DH_SetRange)
                  00007924    00000058     libc.a : _ltoa.c.obj (.text.__TI_ltoa)
                  0000797c    00000058            : _printfi.c.obj (.text._pconv_f)
                  000079d4    00000056     libclang_rt.builtins.a : aeabi_idivmod.S.obj (.text.__aeabi_idivmod)
                  00007a2a    00000052     libc.a : _printfi.c.obj (.text._ecpy)
                  00007a7c    00000050     RAK3172.o (.text.RAK3172_Init)
                  00007acc    0000004c     driverlib.a : dl_dma.o (.text.DL_DMA_initChannel)
                  00007b18    0000004a     BQ27Z7_functions.o (.text.BQ27Z746_GetTempConfig)
                  00007b62    00000002     --HOLE-- [fill = 0]
                  00007b64    0000004a     libclang_rt.builtins.a : fixdfsi.S.obj (.text.__fixdfsi)
                  00007bae    00000048     BQ27Z7_functions.o (.text.BQ27Z746_GetFETOptions)
                  00007bf6    00000002     --HOLE-- [fill = 0]
                  00007bf8    00000048     driverlib.a : dl_uart.o (.text.DL_UART_init)
                  00007c40    00000048     BoardAPI.o (.text.LED_control_init)
                  00007c88    00000048     LTR329.o (.text.LTR329_ReadData)
                  00007cd0    00000048     ti_msp_dl_config.o (.text.SYSCFG_DL_SYSCTL_init)
                  00007d18    00000048     libc.a : strtok.c.obj (.text.strtok)
                  00007d60    00000044     BQ27Z7_functions.o (.text.BQ27Z746_Seal)
                  00007da4    00000044     driverlib.a : dl_spi.o (.text.DL_SPI_init)
                  00007de8    00000040     libclang_rt.builtins.a : aeabi_uidivmod.S.obj (.text.__aeabi_uidivmod)
                  00007e28    00000040                            : extendsfdf2.S.obj (.text.__extendsfdf2)
                  00007e68    00000040     libc.a : atoi.c.obj (.text.atoi)
                  00007ea8    00000040            : vsnprintf.c.obj (.text.vsnprintf)
                  00007ee8    0000003c     uart.o (.text.CLI_RegisterCommand)
                  00007f24    0000003c     driverlib.a : dl_i2c.o (.text.DL_I2C_flushControllerTXFIFO)
                  00007f60    0000003c     main.o (.text.GROUP1_IRQHandler)
                  00007f9c    0000003c     libclang_rt.builtins.a : floatsisf.S.obj (.text.__floatsisf)
                  00007fd8    0000003c                            : comparesf2.S.obj (.text.__gtsf2)
                  00008014    0000003c     uart.o (.text.get_UART_buffer)
                  00008050    0000003c     libc.a : autoinit.c.obj (.text:__TI_auto_init_nobinit_nopinit)
                  0000808c    0000003a     libclang_rt.builtins.a : comparesf2.S.obj (.text.__eqsf2)
                  000080c6    00000002     --HOLE-- [fill = 0]
                  000080c8    0000003a                            : muldsi3.S.obj (.text.__muldsi3)
                  00008102    00000002     --HOLE-- [fill = 0]
                  00008104    00000038     BoardAPI.o (.text.LED_flash_start)
                  0000813c    00000038     libclang_rt.builtins.a : fixsfsi.S.obj (.text.__fixsfsi)
                  00008174    00000038     gauge.o (.text.gauge_read)
                  000081ac    00000038     gauge.o (.text.gauge_write)
                  000081e4    00000034     spi_master.o (.text.SPI1_IRQHandler)
                  00008218    00000032     ZDP323B.o (.text.ZDP323B_BuildConfigBytes)
                  0000824a    00000032     libc.a : strstr.c.obj (.text.strstr)
                  0000827c    00000030     driverlib.a : dl_i2c.o (.text.DL_I2C_flushControllerRXFIFO)
                  000082ac    00000030                 : dl_uart.o (.text.DL_UART_transmitDataBlocking)
                  000082dc    00000030     libc.a : _printfi.c.obj (.text._fcpy)
                  0000830c    00000030            : vsnprintf.c.obj (.text._outs)
                  0000833c    00000030     gauge.o (.text.gauge_cmd_read)
                  0000836c    0000002c     BQ27Z7_functions.o (.text.BQ27Z746_Init)
                  00008398    0000002c     mb85rs.o (.text.MB85RS_Init)
                  000083c4    0000002c     spi_mem.o (.text.SPI0_IRQHandler)
                  000083f0    0000002c     spi_mem.o (.text.SPI_Memory_Init)
                  0000841c    0000002c     libclang_rt.builtins.a : floatsidf.S.obj (.text.__floatsidf)
                  00008448    00000028                            : floatunsisf.S.obj (.text.__floatunsisf)
                  00008470    00000028     libc.a : boot_cortex_m.c.obj (.text:_c_int00_noargs)
                  00008498    00000026     driverlib.a : dl_i2c.o (.text.DL_I2C_setClockConfig)
                  000084be    00000026     libc.a : strspn.c.obj (.text.strspn)
                  000084e4    00000024     BQ25628_functions.o (.text.BQ25628E_ReadReg16)
                  00008508    00000024     BQ25628_functions.o (.text.BQ25628E_ReadReg8)
                  0000852c    00000024     BQ25628_functions.o (.text.BQ25628E_WriteReg16)
                  00008550    00000024     spi_master.o (.text.SPI_Controller_Init)
                  00008574    00000024     libclang_rt.builtins.a : muldi3.S.obj (.text.__muldi3)
                  00008598    00000024     libc.a : strcspn.c.obj (.text.strcspn)
                  000085bc    00000022            : memccpy.c.obj (.text.memccpy)
                  000085de    00000002     --HOLE-- [fill = 0]
                  000085e0    00000020     BQ25628_functions.o (.text.BQ25628E_WriteReg8)
                  00008600    00000020     BQ27Z7_functions.o (.text.BQ27Z746_ReadInternalTemp_C)
                  00008620    00000020     BQ27Z7_functions.o (.text.BQ27Z746_ReadTemperature_C)
                  00008640    00000020     uart.o (.text.uart_init)
                  00008660    0000001e     BQ27Z7_functions.o (.text.BQ27Z746_MAC_Send)
                  0000867e    00000002     --HOLE-- [fill = 0]
                  00008680    0000001e     libclang_rt.builtins.a : ashldi3.S.obj (.text.__ashldi3)
                  0000869e    00000002     --HOLE-- [fill = 0]
                  000086a0    0000001c     driverlib.a : dl_timer.o (.text.DL_Timer_setCaptCompUpdateMethod)
                  000086bc    0000001c                 : dl_timer.o (.text.DL_Timer_setClockConfig)
                  000086d8    0000001c     i2c.o (.text.i2c_init)
                  000086f4    00000018     driverlib.a : dl_timer.o (.text.DL_Timer_setCaptureCompareOutCtl)
                  0000870c    00000018     ti_msp_dl_config.o (.text.SYSCFG_DL_DMA_CH0_init)
                  00008724    00000018     ti_msp_dl_config.o (.text.SYSCFG_DL_DMA_CH1_init)
                  0000873c    00000018     ti_msp_dl_config.o (.text.SYSCFG_DL_DMA_CH2_init)
                  00008754    00000018     ti_msp_dl_config.o (.text.SYSCFG_DL_DMA_CH3_init)
                  0000876c    00000018     main.o (.text.UART0_IRQHandler)
                  00008784    00000018     libc.a : vsnprintf.c.obj (.text._outc)
                  0000879c    00000014     ti_msp_dl_config.o (.text.SYSCFG_DL_DMA_init)
                  000087b0    00000014     libclang_rt.builtins.a : aeabi_uldivmod.S.obj (.text.__aeabi_uldivmod)
                  000087c4    00000014     libc.a : _printfi.c.obj (.text.strchr)
                  000087d8    00000012     driverlib.a : dl_spi.o (.text.DL_SPI_setClockConfig)
                  000087ea    00000012                 : dl_uart.o (.text.DL_UART_setClockConfig)
                  000087fc    00000012     libc.a : copy_decompress_none.c.obj (.text:decompress:none)
                  0000880e    00000002     --HOLE-- [fill = 0]
                  00008810    00000010     BQ27Z7_functions.o (.text.BQ27Z746_IsDischarging)
                  00008820    00000010     BQ27Z7_functions.o (.text.BQ27Z746_IsFullyCharged)
                  00008830    00000010     BQ27Z7_functions.o (.text.BQ27Z746_IsFullyDischarged)
                  00008840    00000010     driverlib.a : dl_timer.o (.text.DL_Timer_setCaptureCompareValue)
                  00008850    00000010     i2c.o (.text.I2C0_IRQHandler)
                  00008860    00000010     i2c.o (.text.I2C1_IRQHandler)
                  00008870    00000010     BoardAPI.o (.text.LED_flash_stop)
                  00008880    00000010     BoardAPI.o (.text.LED_get_current)
                  00008890    00000010     spi_mem.o (.text.SPI_Memory_CS_Deassert)
                  000088a0    00000010     BoardAPI.o (.text.disable_led_boost)
                  000088b0    00000010     BoardAPI.o (.text.enable_led_boost)
                  000088c0    00000010     gauge.o (.text.gauge_address)
                  000088d0    00000010     libc.a : wcslen.c.obj (.text.wcslen)
                  000088e0    00000010            : copy_zero_init.c.obj (.text:decompress:ZI)
                  000088f0    0000000e     libclang_rt.builtins.a : aeabi_memset.S.obj (.text.__aeabi_memset)
                  000088fe    0000000e     libc.a : _printfi.c.obj (.text.strlen)
                  0000890c    0000000c     BQ25628_functions.o (.text.BQ25628E_Get_IBAT_mA)
                  00008918    0000000c     BQ25628_functions.o (.text.BQ25628E_Get_IBUS_mA)
                  00008924    0000000c     BQ25628_functions.o (.text.BQ25628E_Get_VBAT_mV)
                  00008930    0000000c     BQ25628_functions.o (.text.BQ25628E_Get_VBUS_mV)
                  0000893c    0000000c     BQ25628_functions.o (.text.BQ25628E_Get_VSYS_mV)
                  00008948    0000000c     BQ27Z7_functions.o (.text.BQ27Z746_Get_AvgCurrent_mA)
                  00008954    0000000c     BQ27Z7_functions.o (.text.BQ27Z746_Get_AvgPower_mW)
                  00008960    0000000c     BQ27Z7_functions.o (.text.BQ27Z746_Get_BatteryStatus)
                  0000896c    0000000c     BQ27Z7_functions.o (.text.BQ27Z746_Get_Current_mA)
                  00008978    0000000c     BQ27Z7_functions.o (.text.BQ27Z746_Get_CycleCount)
                  00008984    0000000c     BQ27Z7_functions.o (.text.BQ27Z746_Get_FullChargeCap_mAh)
                  00008990    0000000c     BQ27Z7_functions.o (.text.BQ27Z746_Get_InternalTemp_C)
                  0000899c    0000000c     BQ27Z7_functions.o (.text.BQ27Z746_Get_RemainingCap_mAh)
                  000089a8    0000000c     BQ27Z7_functions.o (.text.BQ27Z746_Get_SOC_pct)
                  000089b4    0000000c     BQ27Z7_functions.o (.text.BQ27Z746_Get_StateOfHealth_pct)
                  000089c0    0000000c     BQ27Z7_functions.o (.text.BQ27Z746_Get_Temperature_C)
                  000089cc    0000000c     BQ27Z7_functions.o (.text.BQ27Z746_Get_TimeToEmpty_min)
                  000089d8    0000000c     BQ27Z7_functions.o (.text.BQ27Z746_Get_TimeToFull_min)
                  000089e4    0000000c     BQ27Z7_functions.o (.text.BQ27Z746_Get_Voltage_mV)
                  000089f0    0000000c     BQ27Z7_functions.o (.text.BQ27Z746_ReadAvgCurrent_mA)
                  000089fc    0000000c     BQ27Z7_functions.o (.text.BQ27Z746_ReadAvgPower_mW)
                  00008a08    0000000c     BQ27Z7_functions.o (.text.BQ27Z746_ReadBatteryStatus)
                  00008a14    0000000c     BQ27Z7_functions.o (.text.BQ27Z746_ReadCurrent_mA)
                  00008a20    0000000c     BQ27Z7_functions.o (.text.BQ27Z746_ReadCycleCount)
                  00008a2c    0000000c     BQ27Z7_functions.o (.text.BQ27Z746_ReadFullChargeCap_mAh)
                  00008a38    0000000c     BQ27Z7_functions.o (.text.BQ27Z746_ReadRemainingCap_mAh)
                  00008a44    0000000c     BQ27Z7_functions.o (.text.BQ27Z746_ReadSOC_pct)
                  00008a50    0000000c     BQ27Z7_functions.o (.text.BQ27Z746_ReadStateOfHealth_pct)
                  00008a5c    0000000c     BQ27Z7_functions.o (.text.BQ27Z746_ReadTimeToEmpty_min)
                  00008a68    0000000c     BQ27Z7_functions.o (.text.BQ27Z746_ReadTimeToFull_min)
                  00008a74    0000000c     BQ27Z7_functions.o (.text.BQ27Z746_ReadVoltage_mV)
                  00008a80    0000000c     BoardAPI.o (.text.LED_get_voltage)
                  00008a8c    0000000c     spi_mem.o (.text.SPI_Memory_CS_Assert)
                  00008a98    0000000c     ZDP323B.o (.text.ZDP323B_MotionISR)
                  00008aa4    0000000c     libclang_rt.builtins.a : aeabi_memset.S.obj (.text.__aeabi_memclr)
                  00008ab0    0000000a     driverlib.a : dl_common.o (.text.DL_Common_delayCycles)
                  00008aba    0000000a     libc.a : _printfi.c.obj (.text.OUTLINED_FUNCTION_0)
                  00008ac4    00000010     libclang_rt.builtins.a : adddf3.S.obj (.tramp.__aeabi_dsub.1)
                  00008ad4    0000000a     libc.a : s_roundf.c.obj (.text.OUTLINED_FUNCTION_0)
                  00008ade    00000002     --HOLE-- [fill = 0]
                  00008ae0    00000010     libclang_rt.builtins.a : addsf3.S.obj (.tramp.__aeabi_fadd.1)
                  00008af0    0000000a     libc.a : _printfi.c.obj (.text.OUTLINED_FUNCTION_1)
                  00008afa    00000002     --HOLE-- [fill = 0]
                  00008afc    00000008            : aeabi_portable.c.obj (.text.__aeabi_errno_addr)
                  00008b04    00000008     libclang_rt.builtins.a : aeabi_memcpy.S.obj (.text.__aeabi_memcpy)
                  00008b0c    00000006     libc.a : exit.c.obj (.text:abort)
                  00008b12    00000004     libsysbm.a : hostexit.c.obj (.text.HOSTexit)
                  00008b16    00000004     startup_mspm0g350x_ticlang.o (.text.Reset_Handler)
                  00008b1a    00000004     libc.a : pre_init.c.obj (.text._system_pre_init)
                  00008b1e    00000002     --HOLE-- [fill = 0]

.cinit     0    0000bf70    00000188     
                  0000bf70    00000163     (.cinit..data.load) [load image, compression = lzss]
                  0000c0d3    00000001     --HOLE-- [fill = 0]
                  0000c0d4    0000000c     (__TI_handler_table)
                  0000c0e0    00000008     (.cinit..bss.load) [load image, compression = zero_init]
                  0000c0e8    00000010     (__TI_cinit_table)

.rodata    0    00008b20    00003450     
                  00008b20    000002ec     functions.o (.rodata.str1.14660004578859228044.1)
                  00008e0c    000001da     functions.o (.rodata.str1.17600609178903569978.1)
                  00008fe6    000001b3     functions.o (.rodata.str1.3019495220097340546.1)
                  00009199    00000131     functions.o (.rodata.str1.14424774467072349609.1)
                  000092ca    00000107     functions.o (.rodata.str1.1174942412544543362.1)
                  000093d1    0000000f     functions.o (.rodata.str1.1434866316927325970.1)
                  000093e0    00000101     libc.a : aeabi_ctype.S.obj (.rodata:__aeabi_ctype_table_)
                  000094e1    000000f4     functions.o (.rodata.str1.18059599449896579509.1)
                  000095d5    000000af     functions.o (.rodata.str1.10105263805998509149.1)
                  00009684    00000046     functions.o (.rodata.str1.14754684760099289372.1)
                  000096ca    00000041     functions.o (.rodata.str1.2344728598999326712.1)
                  0000970b    00000040     RAK3172.o (.rodata.str1.8036733024251265150.1)
                  0000974b    0000003f     functions.o (.rodata.str1.5352344875588335774.1)
                  0000978a    0000003d     RAK3172.o (.rodata.str1.6449940769916495429.1)
                  000097c7    0000003c     functions.o (.rodata.str1.6596733414268854495.1)
                  00009803    0000003b     functions.o (.rodata.str1.13405053720543497480.1)
                  0000983e    0000003b     main.o (.rodata.str1.39260288392874984.1)
                  00009879    0000003b     functions.o (.rodata.str1.9863839573043808502.1)
                  000098b4    0000003a     functions.o (.rodata.str1.13647871663007229205.1)
                  000098ee    00000038     functions.o (.rodata.str1.14891510999279312204.1)
                  00009926    00000038     functions.o (.rodata.str1.2911829737590962714.1)
                  0000995e    00000037     functions.o (.rodata.str1.1832783851567210609.1)
                  00009995    00000036     functions.o (.rodata.str1.11740181311745255940.1)
                  000099cb    00000036     functions.o (.rodata.str1.5685701548624197313.1)
                  00009a01    00000034     functions.o (.rodata.str1.11489194655681450928.1)
                  00009a35    00000034     functions.o (.rodata.str1.13869735989619804122.1)
                  00009a69    00000033     functions.o (.rodata.str1.13877888024071246384.1)
                  00009a9c    00000033     functions.o (.rodata.str1.14425403555696131028.1)
                  00009acf    00000033     functions.o (.rodata.str1.15303011696885085265.1)
                  00009b02    00000033     ZDP323B.o (.rodata.str1.6426932092013501745.1)
                  00009b35    00000032     ZDP323B.o (.rodata.str1.13049244076617931570.1)
                  00009b67    00000032     functions.o (.rodata.str1.15231467846776008763.1)
                  00009b99    00000032     functions.o (.rodata.str1.15500694823524375836.1)
                  00009bcb    00000032     functions.o (.rodata.str1.564048024001813562.1)
                  00009bfd    00000031     functions.o (.rodata.str1.11330391477773130853.1)
                  00009c2e    00000031     functions.o (.rodata.str1.11371842499512143921.1)
                  00009c5f    00000031     functions.o (.rodata.str1.13529407018213730301.1)
                  00009c90    00000031     main.o (.rodata.str1.14402440632258215044.1)
                  00009cc1    00000031     ZDP323B.o (.rodata.str1.15253925937945711900.1)
                  00009cf2    00000031     ZDP323B.o (.rodata.str1.3608069722927596962.1)
                  00009d23    00000030     main.o (.rodata.str1.6554448696319176064.1)
                  00009d53    0000002f     RAK3172.o (.rodata.str1.10028879068347983061.1)
                  00009d82    0000002f     main.o (.rodata.str1.10753028060609409702.1)
                  00009db1    0000002f     functions.o (.rodata.str1.11510568493784519380.1)
                  00009de0    0000002f     main.o (.rodata.str1.18227636981041470289.1)
                  00009e0f    0000002f     functions.o (.rodata.str1.5574861860302912700.1)
                  00009e3e    0000002e     functions.o (.rodata.str1.10121604327849672915.1)
                  00009e6c    0000002e     functions.o (.rodata.str1.1810987313933839541.1)
                  00009e9a    0000002e     RAK3172.o (.rodata.str1.7199972899484323784.1)
                  00009ec8    0000002e     functions.o (.rodata.str1.8684894204910267454.1)
                  00009ef6    0000002d     functions.o (.rodata.str1.13361924668150654931.1)
                  00009f23    0000002d     functions.o (.rodata.str1.13786467237224150958.1)
                  00009f50    0000002d     functions.o (.rodata.str1.15871961652988661611.1)
                  00009f7d    0000002d     functions.o (.rodata.str1.17873271132953962449.1)
                  00009faa    0000002d     functions.o (.rodata.str1.303947978237559523.1)
                  00009fd7    0000002d     ZDP323B.o (.rodata.str1.3439872134578313174.1)
                  0000a004    0000002c     main.o (.rodata.str1.8428454045432808059.1)
                  0000a030    0000002b     functions.o (.rodata.str1.6505750907013116089.1)
                  0000a05b    0000002b     functions.o (.rodata.str1.7213520456192855849.1)
                  0000a086    0000002b     functions.o (.rodata.str1.963556741755692615.1)
                  0000a0b1    0000002a     functions.o (.rodata.str1.11852899632267644254.1)
                  0000a0db    0000002a     functions.o (.rodata.str1.13933329845969146692.1)
                  0000a105    0000002a     functions.o (.rodata.str1.17242831494859343374.1)
                  0000a12f    0000002a     functions.o (.rodata.str1.8975528390176846916.1)
                  0000a159    00000029     main.o (.rodata.str1.11702106008850790973.1)
                  0000a182    00000029     ZDP323B.o (.rodata.str1.11817068701145566633.1)
                  0000a1ab    00000029     functions.o (.rodata.str1.14212890215622683485.1)
                  0000a1d4    00000029     RAK3172.o (.rodata.str1.952859593106619019.1)
                  0000a1fd    00000028     functions.o (.rodata.str1.13707145581914847747.1)
                  0000a225    00000027     main.o (.rodata.str1.11870794119293528247.1)
                  0000a24c    00000027     main.o (.rodata.str1.13959864503700487862.1)
                  0000a273    00000027     main.o (.rodata.str1.16631870348416990953.1)
                  0000a29a    00000027     functions.o (.rodata.str1.7085808795165203043.1)
                  0000a2c1    00000026     functions.o (.rodata.str1.11596568296542930794.1)
                  0000a2e7    00000026     main.o (.rodata.str1.13510909575694371129.1)
                  0000a30d    00000026     main.o (.rodata.str1.14712910685067215323.1)
                  0000a333    00000026     functions.o (.rodata.str1.2412787792798810337.1)
                  0000a359    00000026     functions.o (.rodata.str1.312031595841812858.1)
                  0000a37f    00000026     ZDP323B.o (.rodata.str1.7320712112201950441.1)
                  0000a3a5    00000025     main.o (.rodata.str1.10313062130652730376.1)
                  0000a3ca    00000025     main.o (.rodata.str1.13782249893155712474.1)
                  0000a3ef    00000025     main.o (.rodata.str1.14079361385603432444.1)
                  0000a414    00000025     RAK3172.o (.rodata.str1.1431870457548161368.1)
                  0000a439    00000025     functions.o (.rodata.str1.1545240438815278529.1)
                  0000a45e    00000025     functions.o (.rodata.str1.17819248719987149311.1)
                  0000a483    00000025     functions.o (.rodata.str1.5196872854305757230.1)
                  0000a4a8    00000024     main.o (.rodata.str1.11121730273200050387.1)
                  0000a4cc    00000024     main.o (.rodata.str1.13030671760666898970.1)
                  0000a4f0    00000024     main.o (.rodata.str1.14112174005742061988.1)
                  0000a514    00000024     RAK3172.o (.rodata.str1.1487736462859196529.1)
                  0000a538    00000024     functions.o (.rodata.str1.1813704926491365237.1)
                  0000a55c    00000024     functions.o (.rodata.str1.2298903785866919411.1)
                  0000a580    00000024     RAK3172.o (.rodata.str1.2864539900761302690.1)
                  0000a5a4    00000024     RAK3172.o (.rodata.str1.4186403716999476052.1)
                  0000a5c8    00000024     ZDP323B.o (.rodata.str1.5543880619177829359.1)
                  0000a5ec    00000024     functions.o (.rodata.str1.831622212789273363.1)
                  0000a610    00000023     uart.o (.rodata.str1.14464947116831474962.1)
                  0000a633    00000023     functions.o (.rodata.str1.3739636256912452571.1)
                  0000a656    00000023     functions.o (.rodata.str1.4088760258362988122.1)
                  0000a679    00000023     functions.o (.rodata.str1.417100376825835908.1)
                  0000a69c    00000023     functions.o (.rodata.str1.7723146404961276984.1)
                  0000a6bf    00000023     main.o (.rodata.str1.9059077390166914652.1)
                  0000a6e2    00000022     main.o (.rodata.str1.10865113624938808685.1)
                  0000a704    00000022     functions.o (.rodata.str1.10930655922842606279.1)
                  0000a726    00000022     functions.o (.rodata.str1.11373607083750233779.1)
                  0000a748    00000022     functions.o (.rodata.str1.11403685632016021771.1)
                  0000a76a    00000022     functions.o (.rodata.str1.16614484817706633923.1)
                  0000a78c    00000022     functions.o (.rodata.str1.2190941444116491765.1)
                  0000a7ae    00000022     functions.o (.rodata.str1.2305192595417680505.1)
                  0000a7d0    00000022     main.o (.rodata.str1.5043408953494467246.1)
                  0000a7f2    00000022     main.o (.rodata.str1.6365796992934770792.1)
                  0000a814    00000022     functions.o (.rodata.str1.7319270408353279736.1)
                  0000a836    00000022     functions.o (.rodata.str1.8841248051089024616.1)
                  0000a858    00000021     functions.o (.rodata.str1.10302267126528799586.1)
                  0000a879    00000021     functions.o (.rodata.str1.11345522308171243087.1)
                  0000a89a    00000021     functions.o (.rodata.str1.12250083639950253671.1)
                  0000a8bb    00000021     functions.o (.rodata.str1.16726128468901222387.1)
                  0000a8dc    00000021     functions.o (.rodata.str1.17004305802620412261.1)
                  0000a8fd    00000021     functions.o (.rodata.str1.17121790288170408763.1)
                  0000a91e    00000021     functions.o (.rodata.str1.17387986676834450725.1)
                  0000a93f    00000021     functions.o (.rodata.str1.18169768820860067831.1)
                  0000a960    00000021     functions.o (.rodata.str1.2090819679678785128.1)
                  0000a981    00000021     functions.o (.rodata.str1.2216088936736676215.1)
                  0000a9a2    00000021     main.o (.rodata.str1.2256192789054937243.1)
                  0000a9c3    00000021     functions.o (.rodata.str1.2654337880733388962.1)
                  0000a9e4    00000021     functions.o (.rodata.str1.3098115528246613681.1)
                  0000aa05    00000021     functions.o (.rodata.str1.3322434249706281543.1)
                  0000aa26    00000021     functions.o (.rodata.str1.4531601087117612729.1)
                  0000aa47    00000021     functions.o (.rodata.str1.455706336395187257.1)
                  0000aa68    00000021     functions.o (.rodata.str1.812177498809953536.1)
                  0000aa89    00000021     functions.o (.rodata.str1.8430466031500812981.1)
                  0000aaaa    00000021     functions.o (.rodata.str1.8989266583668574770.1)
                  0000aacb    00000001     --HOLE-- [fill = 0]
                  0000aacc    00000020     functions.o (.rodata..Lswitch.table.cmd_pir.310)
                  0000aaec    00000020     functions.o (.rodata.str1.10387253022637546114.1)
                  0000ab0c    00000020     functions.o (.rodata.str1.10514892771341585404.1)
                  0000ab2c    00000020     functions.o (.rodata.str1.10868672936327135180.1)
                  0000ab4c    00000020     functions.o (.rodata.str1.11488970495173820783.1)
                  0000ab6c    00000020     functions.o (.rodata.str1.14247832736261690914.1)
                  0000ab8c    00000020     functions.o (.rodata.str1.16499007181999684178.1)
                  0000abac    00000020     functions.o (.rodata.str1.16985884696085998545.1)
                  0000abcc    00000020     functions.o (.rodata.str1.17524032667240931881.1)
                  0000abec    00000020     functions.o (.rodata.str1.17954340015018547257.1)
                  0000ac0c    00000020     functions.o (.rodata.str1.1879081474855052955.1)
                  0000ac2c    00000020     functions.o (.rodata.str1.2347775125427912132.1)
                  0000ac4c    00000020     functions.o (.rodata.str1.2989574447005584482.1)
                  0000ac6c    00000020     functions.o (.rodata.str1.4892436572911226530.1)
                  0000ac8c    00000020     main.o (.rodata.str1.6976963560179378225.1)
                  0000acac    00000020     functions.o (.rodata.str1.9506313465773766142.1)
                  0000accc    0000001f     functions.o (.rodata.str1.10620974771816488631.1)
                  0000aceb    0000001f     functions.o (.rodata.str1.10779513392166034331.1)
                  0000ad0a    0000001f     functions.o (.rodata.str1.12716756795433194893.1)
                  0000ad29    0000001f     ZDP323B.o (.rodata.str1.13908428614379841002.1)
                  0000ad48    0000001f     main.o (.rodata.str1.16265332423659789559.1)
                  0000ad67    0000001f     functions.o (.rodata.str1.2618360898605671341.1)
                  0000ad86    0000001f     functions.o (.rodata.str1.3741468063811768988.1)
                  0000ada5    0000001f     functions.o (.rodata.str1.391113973767205363.1)
                  0000adc4    0000001f     functions.o (.rodata.str1.5445248913733296825.1)
                  0000ade3    0000001f     functions.o (.rodata.str1.7261598007108977983.1)
                  0000ae02    0000001f     functions.o (.rodata.str1.7667325258934765219.1)
                  0000ae21    0000001f     functions.o (.rodata.str1.947937177233202452.1)
                  0000ae40    0000001e     functions.o (.rodata.str1.11548324711019379123.1)
                  0000ae5e    0000001e     functions.o (.rodata.str1.13258710136769708401.1)
                  0000ae7c    0000001e     functions.o (.rodata.str1.15416425971347363818.1)
                  0000ae9a    0000001e     functions.o (.rodata.str1.17124744513834159004.1)
                  0000aeb8    0000001e     functions.o (.rodata.str1.2132137826339264873.1)
                  0000aed6    0000001e     functions.o (.rodata.str1.2153166669032916089.1)
                  0000aef4    0000001e     functions.o (.rodata.str1.8276779995786722914.1)
                  0000af12    0000001e     functions.o (.rodata.str1.9393216526452698668.1)
                  0000af30    0000001e     functions.o (.rodata.str1.9629253951102113371.1)
                  0000af4e    0000001d     functions.o (.rodata.str1.10029850049327752681.1)
                  0000af6b    0000001d     functions.o (.rodata.str1.12012936333037231797.1)
                  0000af88    0000001d     functions.o (.rodata.str1.12122565456592184258.1)
                  0000afa5    0000001d     functions.o (.rodata.str1.1787322033648190911.1)
                  0000afc2    0000001d     functions.o (.rodata.str1.3945811098438947860.1)
                  0000afdf    0000001d     functions.o (.rodata.str1.67103668184455600.1)
                  0000affc    0000001c     functions.o (.rodata.str1.11158820112163685190.1)
                  0000b018    0000001c     main.o (.rodata.str1.12180500075719773345.1)
                  0000b034    0000001c     functions.o (.rodata.str1.14504089057119714207.1)
                  0000b050    0000001c     functions.o (.rodata.str1.17112998893623131760.1)
                  0000b06c    0000001c     functions.o (.rodata.str1.17418132220924322792.1)
                  0000b088    0000001c     functions.o (.rodata.str1.2090735207208419621.1)
                  0000b0a4    0000001c     functions.o (.rodata.str1.638703247069904128.1)
                  0000b0c0    0000001c     functions.o (.rodata.str1.7162303493627050396.1)
                  0000b0dc    0000001c     functions.o (.rodata.str1.823074591787180899.1)
                  0000b0f8    0000001b     functions.o (.rodata.str1.12869987097872302101.1)
                  0000b113    0000001b     functions.o (.rodata.str1.13213250456124221025.1)
                  0000b12e    0000001b     functions.o (.rodata.str1.15241132200125037881.1)
                  0000b149    0000001b     functions.o (.rodata.str1.16937093305108365645.1)
                  0000b164    0000001b     functions.o (.rodata.str1.17669684748118727147.1)
                  0000b17f    0000001b     main.o (.rodata.str1.3530083166107438000.1)
                  0000b19a    0000001b     functions.o (.rodata.str1.4198453541086758413.1)
                  0000b1b5    0000001b     functions.o (.rodata.str1.504123949362312185.1)
                  0000b1d0    0000001b     functions.o (.rodata.str1.6579945242302544448.1)
                  0000b1eb    0000001b     functions.o (.rodata.str1.6954128830300373732.1)
                  0000b206    0000001b     functions.o (.rodata.str1.771275161403278999.1)
                  0000b221    0000001b     functions.o (.rodata.str1.9586352787182320994.1)
                  0000b23c    0000001a     functions.o (.rodata.str1.10394495994740858438.1)
                  0000b256    0000001a     functions.o (.rodata.str1.10821967500945095815.1)
                  0000b270    0000001a     functions.o (.rodata.str1.11584461607463951922.1)
                  0000b28a    0000001a     functions.o (.rodata.str1.11621569494667626893.1)
                  0000b2a4    0000001a     functions.o (.rodata.str1.12609848238114409581.1)
                  0000b2be    0000001a     functions.o (.rodata.str1.13060549876486072544.1)
                  0000b2d8    0000001a     functions.o (.rodata.str1.15914577833492633752.1)
                  0000b2f2    0000001a     functions.o (.rodata.str1.2423760133235791839.1)
                  0000b30c    0000001a     functions.o (.rodata.str1.2872345601479061820.1)
                  0000b326    0000001a     main.o (.rodata.str1.7996925722583989644.1)
                  0000b340    0000001a     functions.o (.rodata.str1.976629323795015702.1)
                  0000b35a    0000001a     functions.o (.rodata.str1.9987864939932165754.1)
                  0000b374    00000019     functions.o (.rodata.str1.15581223450256929385.1)
                  0000b38d    00000019     main.o (.rodata.str1.16302215771116645891.1)
                  0000b3a6    00000019     functions.o (.rodata.str1.2006883888705870762.1)
                  0000b3bf    00000019     functions.o (.rodata.str1.6934290517616500964.1)
                  0000b3d8    00000019     functions.o (.rodata.str1.7293844269889091573.1)
                  0000b3f1    00000019     functions.o (.rodata.str1.9504405780896684869.1)
                  0000b40a    00000002     ti_msp_dl_config.o (.rodata.gI2C_0ClockConfig)
                  0000b40c    00000018     ti_msp_dl_config.o (.rodata.gDMA_CH0Config)
                  0000b424    00000018     ti_msp_dl_config.o (.rodata.gDMA_CH1Config)
                  0000b43c    00000018     ti_msp_dl_config.o (.rodata.gDMA_CH2Config)
                  0000b454    00000018     ti_msp_dl_config.o (.rodata.gDMA_CH3Config)
                  0000b46c    00000018     ZDP323B.o (.rodata.str1.13872368284913790327.1)
                  0000b484    00000018     functions.o (.rodata.str1.14826907694073300720.1)
                  0000b49c    00000018     functions.o (.rodata.str1.15647711897633472048.1)
                  0000b4b4    00000018     functions.o (.rodata.str1.3293202025561435839.1)
                  0000b4cc    00000018     functions.o (.rodata.str1.3544098629501009633.1)
                  0000b4e4    00000018     functions.o (.rodata.str1.3687520451400334805.1)
                  0000b4fc    00000018     functions.o (.rodata.str1.4307635291288551838.1)
                  0000b514    00000018     functions.o (.rodata.str1.5556253844797924259.1)
                  0000b52c    00000018     main.o (.rodata.str1.8154729771448623357.1)
                  0000b544    00000017     main.o (.rodata.str1.10003710380724733530.1)
                  0000b55b    00000017     functions.o (.rodata.str1.11087625087312282266.1)
                  0000b572    00000017     functions.o (.rodata.str1.1121117191475404019.1)
                  0000b589    00000017     functions.o (.rodata.str1.13497160822588500659.1)
                  0000b5a0    00000017     functions.o (.rodata.str1.15981603964029308583.1)
                  0000b5b7    00000017     main.o (.rodata.str1.16856034117330037696.1)
                  0000b5ce    00000017     functions.o (.rodata.str1.17162129685140799346.1)
                  0000b5e5    00000017     functions.o (.rodata.str1.17500777133379660036.1)
                  0000b5fc    00000017     functions.o (.rodata.str1.1798579838546719175.1)
                  0000b613    00000017     functions.o (.rodata.str1.18319551690001788249.1)
                  0000b62a    00000017     main.o (.rodata.str1.2255554096259913709.1)
                  0000b641    00000017     functions.o (.rodata.str1.3107984650851015417.1)
                  0000b658    00000017     functions.o (.rodata.str1.4144252613811081812.1)
                  0000b66f    00000017     main.o (.rodata.str1.489408286258209761.1)
                  0000b686    00000017     functions.o (.rodata.str1.5896414462293131170.1)
                  0000b69d    00000017     functions.o (.rodata.str1.7276749916342729794.1)
                  0000b6b4    00000017     functions.o (.rodata.str1.8683587540435544184.1)
                  0000b6cb    00000016     functions.o (.rodata.str1.13750405472340812261.1)
                  0000b6e1    00000016     functions.o (.rodata.str1.14296218639596138037.1)
                  0000b6f7    00000016     functions.o (.rodata.str1.14626576299884526934.1)
                  0000b70d    00000016     functions.o (.rodata.str1.1463293767001829125.1)
                  0000b723    00000016     uart.o (.rodata.str1.15503172443992438641.1)
                  0000b739    00000016     functions.o (.rodata.str1.16113805747440866019.1)
                  0000b74f    00000016     functions.o (.rodata.str1.17016031596792030868.1)
                  0000b765    00000016     functions.o (.rodata.str1.1912318065655334061.1)
                  0000b77b    00000016     functions.o (.rodata.str1.5117621188084071403.1)
                  0000b791    00000016     RAK3172.o (.rodata.str1.7051730511231219024.1)
                  0000b7a7    00000016     main.o (.rodata.str1.8096991282711418442.1)
                  0000b7bd    00000015     functions.o (.rodata.str1.11457859038367029433.1)
                  0000b7d2    00000015     main.o (.rodata.str1.1311392489248731986.1)
                  0000b7e7    00000015     functions.o (.rodata.str1.13291850131445628085.1)
                  0000b7fc    00000015     functions.o (.rodata.str1.13318008327193210645.1)
                  0000b811    00000015     RAK3172.o (.rodata.str1.13521612804400909485.1)
                  0000b826    00000015     functions.o (.rodata.str1.14079700471513303319.1)
                  0000b83b    00000015     functions.o (.rodata.str1.14779408147115502373.1)
                  0000b850    00000015     functions.o (.rodata.str1.16344480386849582482.1)
                  0000b865    00000015     functions.o (.rodata.str1.17171889877841249491.1)
                  0000b87a    00000015     functions.o (.rodata.str1.18285776561876861988.1)
                  0000b88f    00000015     functions.o (.rodata.str1.5514502381961403268.1)
                  0000b8a4    00000015     functions.o (.rodata.str1.6275033222440079959.1)
                  0000b8b9    00000015     functions.o (.rodata.str1.7987950595137088371.1)
                  0000b8ce    00000015     functions.o (.rodata.str1.8058481654977393815.1)
                  0000b8e3    00000015     uart.o (.rodata.str1.8171864734171609186.1)
                  0000b8f8    00000014     functions.o (.rodata..Lswitch.table.cmd_gauge)
                  0000b90c    00000014     functions.o (.rodata.str1.13052596014025790475.1)
                  0000b920    00000014     functions.o (.rodata.str1.16059144329163883794.1)
                  0000b934    00000014     functions.o (.rodata.str1.4910338030008278487.1)
                  0000b948    00000014     functions.o (.rodata.str1.5905555877690922764.1)
                  0000b95c    00000014     functions.o (.rodata.str1.7324634916810494498.1)
                  0000b970    00000014     main.o (.rodata.str1.7784929982665794503.1)
                  0000b984    00000014     functions.o (.rodata.str1.9182000268108421340.1)
                  0000b998    00000014     functions.o (.rodata.str1.9955790773425000222.1)
                  0000b9ac    00000013     functions.o (.rodata.str1.17622889657162422067.1)
                  0000b9bf    00000013     functions.o (.rodata.str1.204082772225115829.1)
                  0000b9d2    00000013     functions.o (.rodata.str1.3818782532712895722.1)
                  0000b9e5    00000013     RAK3172.o (.rodata.str1.4152852479021548292.1)
                  0000b9f8    00000013     functions.o (.rodata.str1.5293785561432609074.1)
                  0000ba0b    00000013     functions.o (.rodata.str1.5672502669058196221.1)
                  0000ba1e    00000013     RAK3172.o (.rodata.str1.9418084910429164153.1)
                  0000ba31    00000012     main.o (.rodata.str1.11321157723316767883.1)
                  0000ba43    00000012     functions.o (.rodata.str1.11391304066098951517.1)
                  0000ba55    00000012     RAK3172.o (.rodata.str1.11543366406793681780.1)
                  0000ba67    00000012     main.o (.rodata.str1.4829115146054326934.1)
                  0000ba79    00000012     main.o (.rodata.str1.6689794204546696417.1)
                  0000ba8b    00000011     libc.a : _printfi.c.obj (.rodata.str1.10348868589481759720.1)
                  0000ba9c    00000011     functions.o (.rodata.str1.15082562741968675383.1)
                  0000baad    00000011     libc.a : _printfi.c.obj (.rodata.str1.15363888844622738466.1)
                  0000babe    00000011     main.o (.rodata.str1.17770841602246103764.1)
                  0000bacf    00000011     main.o (.rodata.str1.2597068879322958637.1)
                  0000bae0    00000011     main.o (.rodata.str1.2624144126699937905.1)
                  0000baf1    00000011     main.o (.rodata.str1.403738606202455663.1)
                  0000bb02    00000011     main.o (.rodata.str1.625103348304617710.1)
                  0000bb13    00000011     functions.o (.rodata.str1.8855207564147674068.1)
                  0000bb24    00000010     functions.o (.rodata..Lswitch.table.cmd_fram)
                  0000bb34    00000010     functions.o (.rodata..Lswitch.table.cmd_pir.311)
                  0000bb44    00000010     main.o (.rodata..Lswitch.table.main)
                  0000bb54    00000010     functions.o (.rodata.str1.12247701732483370762.1)
                  0000bb64    0000000f     functions.o (.rodata.str1.18426002669572504042.1)
                  0000bb73    0000000f     functions.o (.rodata.str1.2372479248998020874.1)
                  0000bb82    0000000f     functions.o (.rodata.str1.6405428687533244608.1)
                  0000bb91    0000000f     functions.o (.rodata.str1.7684438339927393593.1)
                  0000bba0    0000000e     main.o (.rodata.str1.11822182024223342093.1)
                  0000bbae    0000000e     RAK3172.o (.rodata.str1.1968888313200872450.1)
                  0000bbbc    0000000e     functions.o (.rodata.str1.3274426514815924028.1)
                  0000bbca    0000000e     functions.o (.rodata.str1.6433388484108913441.1)
                  0000bbd8    0000000e     functions.o (.rodata.str1.6551616409717788252.1)
                  0000bbe6    0000000d     functions.o (.rodata.str1.14249227603012650231.1)
                  0000bbf3    0000000d     RAK3172.o (.rodata.str1.16764240914860288288.1)
                  0000bc00    0000000d     functions.o (.rodata.str1.17314209706061556526.1)
                  0000bc0d    0000000d     main.o (.rodata.str1.8828068777338075035.1)
                  0000bc1a    0000000c     main.o (.rodata.str1.10224226614597680209.1)
                  0000bc26    0000000c     functions.o (.rodata.str1.12082073636076449582.1)
                  0000bc32    0000000c     functions.o (.rodata.str1.12649739183381639352.1)
                  0000bc3e    0000000c     functions.o (.rodata.str1.2128294674425382420.1)
                  0000bc4a    0000000b     main.o (.rodata.str1.18092426736022315238.1)
                  0000bc55    0000000b     RAK3172.o (.rodata.str1.3379378337854271095.1)
                  0000bc60    0000000b     functions.o (.rodata.str1.4040450050525152614.1)
                  0000bc6b    0000000b     functions.o (.rodata.str1.6500671132244866452.1)
                  0000bc76    0000000a     ti_msp_dl_config.o (.rodata.gMCU_UART_1Config)
                  0000bc80    0000000a     ti_msp_dl_config.o (.rodata.gSPI_0_config)
                  0000bc8a    0000000a     ti_msp_dl_config.o (.rodata.gSPI_1_config)
                  0000bc94    0000000a     ti_msp_dl_config.o (.rodata.gUART_0Config)
                  0000bc9e    0000000a     functions.o (.rodata.str1.12114497968925858118.1)
                  0000bca8    0000000a     functions.o (.rodata.str1.1518209179495633459.1)
                  0000bcb2    0000000a     main.o (.rodata.str1.288608917962107522.1)
                  0000bcbc    0000000a     main.o (.rodata.str1.4787932902692149498.1)
                  0000bcc6    0000000a     functions.o (.rodata.str1.6736404338818286726.1)
                  0000bcd0    0000000a     functions.o (.rodata.str1.6783150972682750781.1)
                  0000bcda    0000000a     functions.o (.rodata.str1.9659379646541333203.1)
                  0000bce4    0000000a     functions.o (.rodata.str1.9866892624350641238.1)
                  0000bcee    00000009     main.o (.rodata.str1.10720410773482754683.1)
                  0000bcf7    00000009     functions.o (.rodata.str1.11364996628600094536.1)
                  0000bd00    00000009     main.o (.rodata.str1.11777244287787065045.1)
                  0000bd09    00000009     functions.o (.rodata.str1.12257129677820421622.1)
                  0000bd12    00000009     functions.o (.rodata.str1.13225435875195226696.1)
                  0000bd1b    00000009     main.o (.rodata.str1.14032527501195285070.1)
                  0000bd24    00000009     main.o (.rodata.str1.1928638051441818890.1)
                  0000bd2d    00000009     uart.o (.rodata.str1.2747995240747259486.1)
                  0000bd36    00000009     functions.o (.rodata.str1.5320122413559821118.1)
                  0000bd3f    00000009     functions.o (.rodata.str1.5699953771227312792.1)
                  0000bd48    00000009     functions.o (.rodata.str1.6743441520423956273.1)
                  0000bd51    00000008     functions.o (.rodata.cst8)
                  0000bd59    00000003     ti_msp_dl_config.o (.rodata.gBOOST_CONTROLClockConfig)
                  0000bd5c    00000008     ti_msp_dl_config.o (.rodata.gBOOST_CONTROLConfig)
                  0000bd64    00000008     ti_msp_dl_config.o (.rodata.gFLASH_CONTROLConfig)
                  0000bd6c    00000008     functions.o (.rodata.str1.11093425900794288272.1)
                  0000bd74    00000008     functions.o (.rodata.str1.11517924573668616356.1)
                  0000bd7c    00000008     functions.o (.rodata.str1.12716370140545181522.1)
                  0000bd84    00000008     functions.o (.rodata.str1.14464870060864390341.1)
                  0000bd8c    00000008     main.o (.rodata.str1.14466178792657420020.1)
                  0000bd94    00000008     functions.o (.rodata.str1.15633490976573669152.1)
                  0000bd9c    00000008     functions.o (.rodata.str1.15667472894159448674.1)
                  0000bda4    00000008     functions.o (.rodata.str1.15927518266867229498.1)
                  0000bdac    00000008     main.o (.rodata.str1.16709704744796600189.1)
                  0000bdb4    00000008     functions.o (.rodata.str1.16929425599360063401.1)
                  0000bdbc    00000008     functions.o (.rodata.str1.2299744636238869032.1)
                  0000bdc4    00000008     main.o (.rodata.str1.2846389346932560359.1)
                  0000bdcc    00000008     functions.o (.rodata.str1.3156050197955811031.1)
                  0000bdd4    00000008     functions.o (.rodata.str1.6886749528440134913.1)
                  0000bddc    00000008     functions.o (.rodata.str1.7162077660410253316.1)
                  0000bde4    00000007     functions.o (.rodata.str1.14125585639945481457.1)
                  0000bdeb    00000007     functions.o (.rodata.str1.15074034281527865494.1)
                  0000bdf2    00000007     RAK3172.o (.rodata.str1.15911937215791851105.1)
                  0000bdf9    00000007     functions.o (.rodata.str1.16429985753972473886.1)
                  0000be00    00000007     functions.o (.rodata.str1.17588442350683572369.1)
                  0000be07    00000007     functions.o (.rodata.str1.18157200286260056646.1)
                  0000be0e    00000007     functions.o (.rodata.str1.2576872358145254110.1)
                  0000be15    00000007     functions.o (.rodata.str1.2606492479815574346.1)
                  0000be1c    00000007     functions.o (.rodata.str1.3123360382440319361.1)
                  0000be23    00000007     main.o (.rodata.str1.5630281060179367396.1)
                  0000be2a    00000007     RAK3172.o (.rodata.str1.7659589185677606906.1)
                  0000be31    00000007     functions.o (.rodata.str1.8531227236847774710.1)
                  0000be38    00000006     functions.o (.rodata.str1.10146554888887806956.1)
                  0000be3e    00000006     RAK3172.o (.rodata.str1.11377292495379983061.1)
                  0000be44    00000006     functions.o (.rodata.str1.11538060877586311343.1)
                  0000be4a    00000006     functions.o (.rodata.str1.11655743873260979083.1)
                  0000be50    00000006     functions.o (.rodata.str1.12410864860910897959.1)
                  0000be56    00000006     functions.o (.rodata.str1.16699442666505370998.1)
                  0000be5c    00000006     functions.o (.rodata.str1.17144429639171527548.1)
                  0000be62    00000006     main.o (.rodata.str1.3292798375424520613.1)
                  0000be68    00000006     functions.o (.rodata.str1.389011575781332116.1)
                  0000be6e    00000006     functions.o (.rodata.str1.4959705119256106851.1)
                  0000be74    00000006     RAK3172.o (.rodata.str1.5699556646570721219.1)
                  0000be7a    00000006     functions.o (.rodata.str1.5942940260138002656.1)
                  0000be80    00000006     main.o (.rodata.str1.8108965883388295311.1)
                  0000be86    00000005     functions.o (.rodata.str1.11900037607746946141.1)
                  0000be8b    00000005     functions.o (.rodata.str1.13183419841694627606.1)
                  0000be90    00000005     RAK3172.o (.rodata.str1.14262890786185017876.1)
                  0000be95    00000005     functions.o (.rodata.str1.14496393926573069083.1)
                  0000be9a    00000005     main.o (.rodata.str1.15159059442110792349.1)
                  0000be9f    00000005     functions.o (.rodata.str1.16757203657686794125.1)
                  0000bea4    00000005     main.o (.rodata.str1.2563708670032483588.1)
                  0000bea9    00000005     functions.o (.rodata.str1.2957129483359387701.1)
                  0000beae    00000005     functions.o (.rodata.str1.3066531604708884151.1)
                  0000beb3    00000005     functions.o (.rodata.str1.3172367308849033862.1)
                  0000beb8    00000005     functions.o (.rodata.str1.4214633535407782609.1)
                  0000bebd    00000005     functions.o (.rodata.str1.502354497711140047.1)
                  0000bec2    00000005     RAK3172.o (.rodata.str1.7051719164982180226.1)
                  0000bec7    00000005     main.o (.rodata.str1.7702501944640899365.1)
                  0000becc    00000005     functions.o (.rodata.str1.8025679848303759470.1)
                  0000bed1    00000005     main.o (.rodata.str1.8076846746581808073.1)
                  0000bed6    00000005     functions.o (.rodata.str1.8113497073403762318.1)
                  0000bedb    00000004     main.o (.rodata.str1.10635229749459437609.1)
                  0000bedf    00000004     functions.o (.rodata.str1.11296493460036947760.1)
                  0000bee3    00000004     RAK3172.o (.rodata.str1.12259908581070838403.1)
                  0000bee7    00000004     functions.o (.rodata.str1.12871985577256932554.1)
                  0000beeb    00000004     main.o (.rodata.str1.13288086030101331538.1)
                  0000beef    00000004     functions.o (.rodata.str1.16977936627528246064.1)
                  0000bef3    00000004     main.o (.rodata.str1.17045314124001216156.1)
                  0000bef7    00000004     main.o (.rodata.str1.17100691992556644108.1)
                  0000befb    00000004     main.o (.rodata.str1.17376258722486336754.1)
                  0000beff    00000004     main.o (.rodata.str1.2123964117280943167.1)
                  0000bf03    00000004     RAK3172.o (.rodata.str1.24814282407215182.1)
                  0000bf07    00000004     main.o (.rodata.str1.2763581881760962609.1)
                  0000bf0b    00000004     functions.o (.rodata.str1.3121139948745544124.1)
                  0000bf0f    00000004     functions.o (.rodata.str1.4561657886204501224.1)
                  0000bf13    00000004     RAK3172.o (.rodata.str1.4679612622393292609.1)
                  0000bf17    00000004     functions.o (.rodata.str1.4930741957133989383.1)
                  0000bf1b    00000004     functions.o (.rodata.str1.510390108933456549.1)
                  0000bf1f    00000004     functions.o (.rodata.str1.62749256631814321.1)
                  0000bf23    00000004     main.o (.rodata.str1.6891813955777630061.1)
                  0000bf27    00000004     functions.o (.rodata.str1.9119127971185803168.1)
                  0000bf2b    00000003     ti_msp_dl_config.o (.rodata.gFLASH_CONTROLClockConfig)
                  0000bf2e    00000003     uart.o (.rodata.str1.12819099410943012003.1)
                  0000bf31    00000003     functions.o (.rodata.str1.13554695696533425351.1)
                  0000bf34    00000003     functions.o (.rodata.str1.15412236193038458078.1)
                  0000bf37    00000003     main.o (.rodata.str1.15996357275703397564.1)
                  0000bf3a    00000003     RAK3172.o (.rodata.str1.3162346611571411104.1)
                  0000bf3d    00000003     RAK3172.o (.rodata.str1.340538713084712685.1)
                  0000bf40    00000003     RAK3172.o (.rodata.str1.371085888180289054.1)
                  0000bf43    00000003     functions.o (.rodata.str1.7108839738911806945.1)
                  0000bf46    00000002     ti_msp_dl_config.o (.rodata.gI2C_1ClockConfig)
                  0000bf48    00000002     ti_msp_dl_config.o (.rodata.gMCU_UART_1ClockConfig)
                  0000bf4a    00000002     ti_msp_dl_config.o (.rodata.gSPI_0_clockConfig)
                  0000bf4c    00000002     ti_msp_dl_config.o (.rodata.gSPI_1_clockConfig)
                  0000bf4e    00000002     ti_msp_dl_config.o (.rodata.gUART_0ClockConfig)
                  0000bf50    00000002     functions.o (.rodata.str1.12145652551702610167.1)
                  0000bf52    00000002     functions.o (.rodata.str1.124578571608933609.1)
                  0000bf54    00000002     functions.o (.rodata.str1.14724813643312198925.1)
                  0000bf56    00000002     main.o (.rodata.str1.1499083853040407199.1)
                  0000bf58    00000002     functions.o (.rodata.str1.16630137122866254825.1)
                  0000bf5a    00000002     functions.o (.rodata.str1.18192300180148322521.1)
                  0000bf5c    00000002     uart.o (.rodata.str1.3510367808670815947.1)
                  0000bf5e    00000002     functions.o (.rodata.str1.5994875290679588583.1)
                  0000bf60    00000002     functions.o (.rodata.str1.6272307236723974141.1)
                  0000bf62    00000002     functions.o (.rodata.str1.635688678628282230.1)
                  0000bf64    00000002     functions.o (.rodata.str1.8976659453420465898.1)
                  0000bf66    0000000a     --HOLE-- [fill = 0]

.init_array 
*          0    00000000    00000000     UNINITIALIZED

.binit     0    00000000    00000000     

.bss       0    20200000    000004ad     UNINITIALIZED
                  20200000    00000100     RAK3172.o (.bss.rak_rx_buffer)
                  20200100    000000f0     uart.o (.bss.commandList)
                  202001f0    000000bc     (.common:gBOOST_CONTROLBackup)
                  202002ac    000000bc     (.common:gFLASH_CONTROLBackup)
                  20200368    00000040     (.common:UART_Buffer)
                  202003a8    00000028     (.common:gSPI_0Backup)
                  202003d0    00000028     (.common:gSPI_1Backup)
                  202003f8    00000022     (.common:gRxPacket)
                  2020041a    00000022     (.common:gTxPacket)
                  2020043c    00000020     (.common:framSpi)
                  2020045c    0000001c     (.common:stm32Spi)
                  20200478    00000010     (.common:gSPI_RxPacket)
                  20200488    0000000c     (.common:gPIR)
                  20200494    00000008     (.common:fram)
                  2020049c    00000004     (.common:gRxCount)
                  202004a0    00000004     (.common:gRxLen)
                  202004a4    00000004     (.common:gTxCount)
                  202004a8    00000004     (.common:gTxLen)
                  202004ac    00000001     (.common:gI2cControllerStatus)

.data      0    202004b0    00000193     UNINITIALIZED
                  202004b0    000000c6     BoardAPI.o (.data.output_currents_led_mA)
                  20200576    00000063     BoardAPI.o (.data.duty_cycles_led)
                  202005d9    00000010     spi_master.o (.data.gSPI_TxPacket)
                  202005e9    00000001     main.o (.data.bq_monitor_active)
                  202005ea    00000002     BQ25628_functions.o (.data.g_ibat_mA)
                  202005ec    0000000c     LTR329.o (.data.gLTR329)
                  202005f8    00000008     LIS3DH.o (.data.gLIS3DH)
                  20200600    00000004     libc.a : aeabi_portable.c.obj (.data.__aeabi_errno)
                  20200604    00000004     uart.o (.data.commandCount)
                  20200608    00000004     libc.a : strtok.c.obj (.data.last_end)
                  2020060c    00000004     BoardAPI.o (.data.led_channel)
                  20200610    00000004     main.o (.data.monitor_rate)
                  20200614    00000002     BQ25628_functions.o (.data.g_ibus_mA)
                  20200616    00000002     BQ27Z7_functions.o (.data.g_telem.0)
                  20200618    00000002     BQ27Z7_functions.o (.data.g_telem.10)
                  2020061a    00000002     BQ27Z7_functions.o (.data.g_telem.11)
                  2020061c    00000002     BQ27Z7_functions.o (.data.g_telem.12)
                  2020061e    00000002     BQ27Z7_functions.o (.data.g_telem.13)
                  20200620    00000002     BQ27Z7_functions.o (.data.g_telem.1)
                  20200622    00000002     BQ27Z7_functions.o (.data.g_telem.2)
                  20200624    00000002     BQ27Z7_functions.o (.data.g_telem.4)
                  20200626    00000002     BQ27Z7_functions.o (.data.g_telem.5)
                  20200628    00000002     BQ27Z7_functions.o (.data.g_telem.7)
                  2020062a    00000002     BQ27Z7_functions.o (.data.g_telem.8)
                  2020062c    00000002     BQ27Z7_functions.o (.data.g_telem.9)
                  2020062e    00000002     BQ25628_functions.o (.data.g_vbat_mV)
                  20200630    00000002     BQ25628_functions.o (.data.g_vbus_mV)
                  20200632    00000002     BQ25628_functions.o (.data.g_vsys_mV)
                  20200634    00000002     BoardAPI.o (.data.global_led_voltage)
                  20200636    00000002     RAK3172.o (.data.rak_rx_index)
                  20200638    00000001     uart.o (.data.char_index)
                  20200639    00000001     uart.o (.data.data_received)
                  2020063a    00000001     gauge.o (.data.g_gaugeAddr)
                  2020063b    00000001     main.o (.data.gauge_monitor_active)
                  2020063c    00000001     BQ27Z7_functions.o (.data.g_telem.3)
                  2020063d    00000001     main.o (.data.hall_monitor_active)
                  2020063e    00000001     BQ27Z7_functions.o (.data.g_telem.6)
                  2020063f    00000001     main.o (.data.lis_monitor_active)
                  20200640    00000001     main.o (.data.ltr_monitor_active)
                  20200641    00000001     main.o (.data.pir_monitor_active)
                  20200642    00000001     RAK3172.o (.data.rak_response_ready)

.stack     0    20207e00    00000200     UNINITIALIZED
                  20207e00    00000004     libc.a : boot_cortex_m.c.obj (.stack)
                  20207e04    000001fc     --HOLE--

__llvm_prf_cnts 
*          0    20200000    00000000     UNINITIALIZED

__llvm_prf_bits 
*          0    20200000    00000000     UNINITIALIZED

MODULE SUMMARY

       Module                         code    ro data   rw data
       ------                         ----    -------   -------
    .\
       functions.o                    8200    10190     105    
       main.o                         1612    1626      10     
       ti_msp_dl_config.o             1680    170       456    
       BoardAPI.o                     480     0         303    
       startup_mspm0g350x_ticlang.o   6       192       0      
    +--+------------------------------+-------+---------+---------+
       Total:                         11978   12178     874    
                                                               
    .\HAL\
       uart.o                         1484    92        310    
       i2c.o                          1256    0         0      
       spi_mem.o                      528     0         32     
       spi_master.o                   180     0         60     
    +--+------------------------------+-------+---------+---------+
       Total:                         3448    92        402    
                                                               
    .\ics\BQ25628\
       BQ25628_functions.o            752     0         10     
    +--+------------------------------+-------+---------+---------+
       Total:                         752     0         10     
                                                               
    .\ics\BQ27Z7\
       BQ27Z7_functions.o             3436    0         26     
       gauge.o                        176     0         1      
    +--+------------------------------+-------+---------+---------+
       Total:                         3612    0         27     
                                                               
    .\ics\LIS3DH\
       LIS3DH.o                       368     0         8      
    +--+------------------------------+-------+---------+---------+
       Total:                         368     0         8      
                                                               
    .\ics\LTR329\
       LTR329.o                       532     0         12     
    +--+------------------------------+-------+---------+---------+
       Total:                         532     0         12     
                                                               
    .\ics\MB85RS\
       mb85rs.o                       758     0         0      
    +--+------------------------------+-------+---------+---------+
       Total:                         758     0         0      
                                                               
    .\ics\RAK\
       RAK3172.o                      1832    598       259    
    +--+------------------------------+-------+---------+---------+
       Total:                         1832    598       259    
                                                               
    .\ics\ZILOG\
       ZDP323B.o                      1822    414       0      
    +--+------------------------------+-------+---------+---------+
       Total:                         1822    414       0      
                                                               
    C:/ti/mspm0_sdk_2_09_00_01/source/ti/driverlib/lib/ticlang/m0p/mspm0g1x0x_g3x0x/driverlib.a
       dl_timer.o                     356     0         0      
       dl_i2c.o                       240     0         0      
       dl_uart.o                      138     0         0      
       dl_spi.o                       86      0         0      
       dl_dma.o                       76      0         0      
       dl_common.o                    10      0         0      
    +--+------------------------------+-------+---------+---------+
       Total:                         906     0         0      
                                                               
    C:\ti\ccs2031\ccs\tools\compiler\ti-cgt-armllvm_4.0.4.LTS\lib\armv6m-ti-none-eabi/c/libc.a
       _printfi.c.obj                 4510    34        0      
       strtol.c.obj                   324     0         0      
       aeabi_ctype.S.obj              0       257       0      
       s_scalbn.c.obj                 216     0         0      
       memcpy16.S.obj                 154     0         0      
       s_floorf.c.obj                 140     0         0      
       strcmp-armv6m.S.obj            136     0         0      
       vsnprintf.c.obj                136     0         0      
       copy_decompress_lzss.c.obj     124     0         0      
       s_roundf.c.obj                 114     0         0      
       memset16.S.obj                 98      0         0      
       s_frexp.c.obj                  92      0         0      
       _ltoa.c.obj                    88      0         0      
       strtok.c.obj                   72      0         4      
       atoi.c.obj                     64      0         0      
       autoinit.c.obj                 60      0         0      
       strstr.c.obj                   50      0         0      
       boot_cortex_m.c.obj            40      0         0      
       strspn.c.obj                   38      0         0      
       strcspn.c.obj                  36      0         0      
       memccpy.c.obj                  34      0         0      
       copy_decompress_none.c.obj     18      0         0      
       copy_zero_init.c.obj           16      0         0      
       wcslen.c.obj                   16      0         0      
       aeabi_portable.c.obj           8       0         4      
       exit.c.obj                     6       0         0      
       pre_init.c.obj                 4       0         0      
    +--+------------------------------+-------+---------+---------+
       Total:                         6594    291       8      
                                                               
    C:\ti\ccs2031\ccs\tools\compiler\ti-cgt-armllvm_4.0.4.LTS\lib\armv6m-ti-none-eabi/c/libsysbm.a
       hostexit.c.obj                 4       0         0      
    +--+------------------------------+-------+---------+---------+
       Total:                         4       0         0      
                                                               
    C:\ti\ccs2031\ccs\tools\compiler\ti-cgt-armllvm_4.0.4.LTS\lib\armv6m-ti-none-eabi/libclang_rt.builtins.a
       adddf3.S.obj                   418     0         0      
       divdf3.S.obj                   268     0         0      
       addsf3.S.obj                   232     0         0      
       muldf3.S.obj                   228     0         0      
       comparedf2.c.obj               220     0         0      
       udivmoddi4.S.obj               162     0         0      
       mulsf3.S.obj                   140     0         0      
       divsf3.S.obj                   130     0         0      
       comparesf2.S.obj               118     0         0      
       aeabi_dcmp.S.obj               98      0         0      
       aeabi_fcmp.S.obj               98      0         0      
       aeabi_idivmod.S.obj            86      0         0      
       fixdfsi.S.obj                  74      0         0      
       aeabi_uidivmod.S.obj           64      0         0      
       extendsfdf2.S.obj              64      0         0      
       floatsisf.S.obj                60      0         0      
       muldsi3.S.obj                  58      0         0      
       fixsfsi.S.obj                  56      0         0      
       floatsidf.S.obj                44      0         0      
       floatunsisf.S.obj              40      0         0      
       muldi3.S.obj                   36      0         0      
       ashldi3.S.obj                  30      0         0      
       aeabi_memset.S.obj             26      0         0      
       aeabi_uldivmod.S.obj           20      0         0      
       aeabi_memcpy.S.obj             8       0         0      
       aeabi_div0.c.obj               4       0         0      
    +--+------------------------------+-------+---------+---------+
       Total:                         2782    0         0      
                                                               
[...]
000080c9  __muldsi3                       
000068b9  __mulsf3                        
0000731d  __nedf2                         
0000808d  __nesf2                         
20207e00  __stack                         
20200000  __start___llvm_prf_bits         
20200000  __start___llvm_prf_cnts         
20200000  __stop___llvm_prf_bits          
20200000  __stop___llvm_prf_cnts          
00003bbd  __subdf3                        
00006135  __subsf3                        
000065b9  __udivmoddi4                    
00008471  _c_int00_noargs                 
UNDEFED   _system_post_cinit              
00008b1b  _system_pre_init                
00008b0d  abort                           
00007e69  atoi                            
ffffffff  binit                           
202005e9  bq_monitor_active               
20200638  char_index                      
000025f1  cmd_bq                          
0000123d  cmd_fram                        
00000a91  cmd_gauge                       
0000620d  cmd_hall                        
000074b9  cmd_help                        
00003855  cmd_i2cscan                     
00003291  cmd_i2cscan10                   
00003ed5  cmd_leds                        
00003d51  cmd_lis                         
00003a15  cmd_ltr                         
000029d9  cmd_pir                         
000056ad  cmd_pwr                         
000017bd  cmd_rak                         
00004049  cmd_spi                         
20200639  data_received                   
000088a1  disable_led_boost               
20200576  duty_cycles_led                 
000088b1  enable_led_boost                
00006945  floorf                          
20200494  fram                            
2020043c  framSpi                         
000077bd  frexp                           
000077bd  frexpl                          
202001f0  gBOOST_CONTROLBackup            
202002ac  gFLASH_CONTROLBackup            
202004ac  gI2cControllerStatus            
202005f8  gLIS3DH                         
202005ec  gLTR329                         
20200488  gPIR                            
2020049c  gRxCount                        
202004a0  gRxLen                          
202003f8  gRxPacket                       
202003a8  gSPI_0Backup                    
202003d0  gSPI_1Backup                    
20200478  gSPI_RxPacket                   
202005d9  gSPI_TxPacket                   
202004a4  gTxCount                        
202004a8  gTxLen                          
2020041a  gTxPacket                       
000088c1  gauge_address                   
0000833d  gauge_cmd_read                  
2020063b  gauge_monitor_active            
00008175  gauge_read                      
000081ad  gauge_write                     
00008015  get_UART_buffer                 
20200634  global_led_voltage              
2020063d  hall_monitor_active             
000086d9  i2c_init                        
00000000  interruptVectors                
0000605d  ldexp                           
0000605d  ldexpl                          
2020060c  led_channel                     
2020063f  lis_monitor_active              
20200640  ltr_monitor_active              
00001d3d  main                            
000085bd  memccpy                         
000066fd  memcpy                          
000075e3  memset                          
20200610  monitor_rate                    
202004b0  output_currents_led_mA          
20200641  pir_monitor_active              
00007385  roundf                          
0000605d  scalbn                          
0000605d  scalbnl                         
00004809  setupCLI                        
2020045c  stm32Spi                        
00006a61  strcmp                          
00008599  strcspn                         
000084bf  strspn                          
0000824b  strstr                          
00007d19  strtok                          
00004319  strtol                          
00008641  uart_init                       
00006e5d  uart_printf                     
00007ea9  vsnprintf                       
000088d1  wcslen                          


GLOBAL SYMBOLS: SORTED BY Symbol Address 

address   name                            
-------   ----                            
00000000  __TI_ATRegion0_region_sz        
00000000  __TI_ATRegion0_src_addr         
00000000  __TI_ATRegion0_trg_addr         
00000000  __TI_ATRegion1_region_sz        
00000000  __TI_ATRegion1_src_addr         
00000000  __TI_ATRegion1_trg_addr         
00000000  __TI_ATRegion2_region_sz        
00000000  __TI_ATRegion2_src_addr         
00000000  __TI_ATRegion2_trg_addr         
00000000  __TI_static_base__              
00000000  interruptVectors                
000000c1  __TI_printfi                    
00000200  __STACK_SIZE                    
00000a91  cmd_gauge                       
0000123d  cmd_fram                        
000017bd  cmd_rak                         
00001d3d  main                            
000021f5  ZDP323B_Init                    
000025f1  cmd_bq                          
000029d9  cmd_pir                         
00002d2d  CLI_ProcessInput                
00003291  cmd_i2cscan10                   
00003681  I2C_ReadDevice                  
00003855  cmd_i2cscan                     
00003a15  cmd_ltr                         
00003bbd  __aeabi_dsub                    
00003bbd  __subdf3                        
00003bc7  __adddf3                        
00003bc7  __aeabi_dadd                    
00003d4f  ADC0_IRQHandler                 
00003d4f  ADC1_IRQHandler                 
00003d4f  AES_IRQHandler                  
00003d4f  CANFD0_IRQHandler               
00003d4f  DAC0_IRQHandler                 
00003d4f  DMA_IRQHandler                  
00003d4f  Default_Handler                 
00003d4f  GROUP0_IRQHandler               
00003d4f  HardFault_Handler               
00003d4f  NMI_Handler                     
00003d4f  PendSV_Handler                  
00003d4f  RTC_IRQHandler                  
00003d4f  SVC_Handler                     
00003d4f  SysTick_Handler                 
00003d4f  TIMA0_IRQHandler                
00003d4f  TIMA1_IRQHandler                
00003d4f  TIMG0_IRQHandler                
00003d4f  TIMG12_IRQHandler               
00003d4f  TIMG6_IRQHandler                
00003d4f  TIMG7_IRQHandler                
00003d4f  TIMG8_IRQHandler                
00003d4f  UART2_IRQHandler                
00003d4f  UART3_IRQHandler                
00003d51  cmd_lis                         
00003ed5  cmd_leds                        
00004049  cmd_spi                         
000041b5  SYSCFG_DL_GPIO_init             
00004319  strtol                          
00004599  I2C_WriteDevice                 
000046d1  MB85RS_Write                    
00004809  setupCLI                        
00004941  BQ25628E_Init_Default           
00004b8d  BQ27Z746_SetUTFET_Direct        
00004c9d  BQ27Z746_SetTempSensorConfig    
00004da9  SPI_Memory_Wait                 
00004eb5  __aeabi_ddiv                    
00004eb5  __divdf3                        
00004fc1  DL_Timer_initFourCCPWMMode      
000050c5  I2C_TryAddress10                
000051c9  BQ27Z746_GetSecurityMode        
000052c9  BQ27Z746_UpdateTelemetry        
000053c9  BQ25628E_UpdateTelemetry        
000054c5  ZDP323B_WriteConfig             
000055bd  LTR329_CalculateLux             
000056ad  cmd_pwr                         
0000579d  BQ27Z746_GetChargingStatus      
00005889  ZDP323B_ReadPeakHold            
00005971  I2C_TryAddress                  
00005a55  __aeabi_dmul                    
00005a55  __muldf3                        
00005b39  BQ27Z746_GetDeviceType          
00005c17  BQ27Z746_GetChemID              
00005cf3  BQ27Z746_GetOperationStatus     
00005dcf  BQ27Z746_GetSafetyStatus        
00005eab  BQ27Z746_GetFirmwareVersion     
00005f83  BQ27Z746_MAC_Read               
0000605b  __aeabi_idiv0                   
0000605d  ldexp                           
0000605d  ldexpl                          
0000605d  scalbn                          
0000605d  scalbnl                         
00006135  __aeabi_fsub                    
00006135  __subsf3                        
0000613f  __addsf3                        
0000613f  __aeabi_fadd                    
0000620d  cmd_hall                        
000062dd  LED_set_current                 
00006399  Shared_I2C_IRQHandler           
00006455  MB85RS_Read                     
0000650d  UARTReceive                     
000065b9  __udivmoddi4                    
0000665b  __aeabi_ldiv0                   
0000665d  LIS3DH_ReadMg                   
000066fd  memcpy                          
00006799  SPI_Memory_Arm                  
00006829  SYSCFG_DL_BOOST_CONTROL_init    
000068b9  __aeabi_fmul                    
000068b9  __mulsf3                        
00006945  floorf                          
000069d1  SYSCFG_DL_initPower             
00006a59  UART1_IRQHandler                
00006a61  strcmp                          
00006ae9  SYSCFG_DL_FLASH_CONTROL_init    
00006b6d  __aeabi_fdiv                    
00006b6d  __divsf3                        
00006bef  MB85RS_ReadID                   
00006c71  RAK3172_UART_Handler            
00006ced  __TI_decompress_lzss            
00006d69  BQ27Z746_Unseal                 
00006de5  LIS3DH_Init                     
00006e5d  uart_printf                     
00006ed5  SYSCFG_DL_MCU_UART_1_init       
00006f49  __gedf2                         
00006f49  __gtdf2                         
00006fbd  LTR329_Init                     
0000702d  RAK3172_SendCommand             
0000709d  SYSCFG_DL_UART_0_init           
0000710d  LTR329_SetGain                  
00007179  RAK3172_WaitForResponse         
000071e5  CLI_Tokenize                    
0000724d  SYSCFG_DL_I2C_0_init            
000072b5  SYSCFG_DL_I2C_1_init            
0000731d  __cmpdf2                        
0000731d  __eqdf2                         
0000731d  __ledf2                         
0000731d  __ltdf2                         
0000731d  __nedf2                         
00007385  roundf                          
00007455  SYSCFG_DL_SPI_0_init            
000074b9  cmd_help                        
0000751d  __aeabi_dcmpeq                  
00007531  __aeabi_dcmplt                  
00007545  __aeabi_dcmple                  
00007559  __aeabi_dcmpge                  
0000756d  __aeabi_dcmpgt                  
00007581  __aeabi_fcmpeq                  
00007595  __aeabi_fcmplt                  
000075a9  __aeabi_fcmple                  
000075bd  __aeabi_fcmpge                  
000075d1  __aeabi_fcmpgt                  
000075e3  memset                          
00007645  SYSCFG_DL_SPI_1_init            
000076a5  DL_I2C_fillControllerTXFIFO     
00007705  SPI_Controller_Arm              
00007761  SYSCFG_DL_init                  
000077bd  frexp                           
000077bd  frexpl                          
00007819  MB85RS_ReadStatus               
00007875  LED_set_voltage                 
000078cd  LIS3DH_SetRange                 
00007925  __TI_ltoa                       
000079d5  __aeabi_idiv                    
000079d5  __aeabi_idivmod                 
00007a7d  RAK3172_Init                    
00007acd  DL_DMA_initChannel              
00007b19  BQ27Z746_GetTempConfig          
00007b65  __aeabi_d2iz                    
00007b65  __fixdfsi                       
00007baf  BQ27Z746_GetFETOptions          
00007bf9  DL_UART_init                    
00007c41  LED_control_init                
00007c89  LTR329_ReadData                 
00007cd1  SYSCFG_DL_SYSCTL_init           
00007d19  strtok                          
00007d61  BQ27Z746_Seal                   
00007da5  DL_SPI_init                     
00007de9  __aeabi_uidiv                   
00007de9  __aeabi_uidivmod                
00007e29  __aeabi_f2d                     
00007e29  __extendsfdf2                   
00007e69  atoi                            
00007ea9  vsnprintf                       
00007ee9  CLI_RegisterCommand             
00007f25  DL_I2C_flushControllerTXFIFO    
00007f61  GROUP1_IRQHandler               
00007f9d  __aeabi_i2f                     
00007f9d  __floatsisf                     
00007fd9  __gesf2                         
00007fd9  __gtsf2                         
00008015  get_UART_buffer                 
00008051  __TI_auto_init_nobinit_nopinit  
0000808d  __cmpsf2                        
0000808d  __eqsf2                         
0000808d  __lesf2                         
0000808d  __ltsf2                         
0000808d  __nesf2                         
000080c9  __muldsi3                       
00008105  LED_flash_start                 
0000813d  __aeabi_f2iz                    
0000813d  __fixsfsi                       
00008175  gauge_read                      
000081ad  gauge_write                     
000081e5  SPI1_IRQHandler                 
00008219  ZDP323B_BuildConfigBytes        
0000824b  strstr                          
0000827d  DL_I2C_flushControllerRXFIFO    
000082ad  DL_UART_transmitDataBlocking    
0000833d  gauge_cmd_read                  
0000836d  BQ27Z746_Init                   
00008399  MB85RS_Init                     
000083c5  SPI0_IRQHandler                 
000083f1  SPI_Memory_Init                 
0000841d  __aeabi_i2d                     
0000841d  __floatsidf                     
00008449  __aeabi_ui2f                    
00008449  __floatunsisf                   
00008471  _c_int00_noargs                 
00008499  DL_I2C_setClockConfig           
000084bf  strspn                          
000084e5  BQ25628E_ReadReg16              
00008509  BQ25628E_ReadReg8               
0000852d  BQ25628E_WriteReg16             
00008551  SPI_Controller_Init             
00008575  __aeabi_lmul                    
00008575  __muldi3                        
00008599  strcspn                         
000085bd  memccpy                         
000085e1  BQ25628E_WriteReg8              
00008601  BQ27Z746_ReadInternalTemp_C     
00008621  BQ27Z746_ReadTemperature_C      
00008641  uart_init                       
00008661  BQ27Z746_MAC_Send               
00008681  __aeabi_llsl                    
00008681  __ashldi3                       
000086a1  DL_Timer_setCaptCompUpdateMethod
000086bd  DL_Timer_setClockConfig         
000086d9  i2c_init                        
000086f5  DL_Timer_setCaptureCompareOutCtl
0000870d  SYSCFG_DL_DMA_CH0_init          
00008725  SYSCFG_DL_DMA_CH1_init          
0000873d  SYSCFG_DL_DMA_CH2_init          
00008755  SYSCFG_DL_DMA_CH3_init          
0000876d  UART0_IRQHandler                
0000879d  SYSCFG_DL_DMA_init              
000087b1  __aeabi_uldivmod                
000087d9  DL_SPI_setClockConfig           
000087eb  DL_UART_setClockConfig          
000087fd  __TI_decompress_none            
00008811  BQ27Z746_IsDischarging          
00008821  BQ27Z746_IsFullyCharged         
00008831  BQ27Z746_IsFullyDischarged      
00008841  DL_Timer_setCaptureCompareValue 
00008851  I2C0_IRQHandler                 
00008861  I2C1_IRQHandler                 
00008871  LED_flash_stop                  
00008881  LED_get_current                 
00008891  SPI_Memory_CS_Deassert          
000088a1  disable_led_boost               
000088b1  enable_led_boost                
000088c1  gauge_address                   
000088d1  wcslen                          
000088e1  __TI_zero_init                  
000088f1  __aeabi_memset                  
000088f1  __aeabi_memset4                 
000088f1  __aeabi_memset8                 
0000890d  BQ25628E_Get_IBAT_mA            
00008919  BQ25628E_Get_IBUS_mA            
00008925  BQ25628E_Get_VBAT_mV            
00008931  BQ25628E_Get_VBUS_mV            
0000893d  BQ25628E_Get_VSYS_mV            
00008949  BQ27Z746_Get_AvgCurrent_mA      
00008955  BQ27Z746_Get_AvgPower_mW        
00008961  BQ27Z746_Get_BatteryStatus      
0000896d  BQ27Z746_Get_Current_mA         
00008979  BQ27Z746_Get_CycleCount         
00008985  BQ27Z746_Get_FullChargeCap_mAh  
00008991  BQ27Z746_Get_InternalTemp_C     
0000899d  BQ27Z746_Get_RemainingCap_mAh   
000089a9  BQ27Z746_Get_SOC_pct            
000089b5  BQ27Z746_Get_StateOfHealth_pct  
000089c1  BQ27Z746_Get_Temperature_C      
000089cd  BQ27Z746_Get_TimeToEmpty_min    
000089d9  BQ27Z746_Get_TimeToFull_min     
000089e5  BQ27Z746_Get_Voltage_mV         
000089f1  BQ27Z746_ReadAvgCurrent_mA      
000089fd  BQ27Z746_ReadAvgPower_mW        
00008a09  BQ27Z746_ReadBatteryStatus      
00008a15  BQ27Z746_ReadCurrent_mA         
00008a21  BQ27Z746_ReadCycleCount         
00008a2d  BQ27Z746_ReadFullChargeCap_mAh  
00008a39  BQ27Z746_ReadRemainingCap_mAh   
00008a45  BQ27Z746_ReadSOC_pct            
00008a51  BQ27Z746_ReadStateOfHealth_pct  
00008a5d  BQ27Z746_ReadTimeToEmpty_min    
00008a69  BQ27Z746_ReadTimeToFull_min     
00008a75  BQ27Z746_ReadVoltage_mV         
00008a81  LED_get_voltage                 
00008a8d  SPI_Memory_CS_Assert            
00008a99  ZDP323B_MotionISR               
00008aa5  __aeabi_memclr                  
00008aa5  __aeabi_memclr4                 
00008aa5  __aeabi_memclr8                 
00008ab1  DL_Common_delayCycles           
00008afd  __aeabi_errno_addr              
00008b05  __aeabi_memcpy                  
00008b05  __aeabi_memcpy4                 
00008b05  __aeabi_memcpy8                 
00008b0d  abort                           
00008b12  C$$EXIT                         
00008b13  HOSTexit                        
00008b17  Reset_Handler                   
00008b1b  _system_pre_init                
000093e0  __aeabi_ctype_table_            
000093e0  __aeabi_ctype_table_C           
0000c0d4  __TI_Handler_Table_Base         
0000c0e0  __TI_Handler_Table_Limit        
0000c0e8  __TI_CINIT_Base                 
0000c0f8  __TI_CINIT_Limit                
0000c0f8  __TI_CINIT_Warm                 
20200000  __start___llvm_prf_bits         
20200000  __start___llvm_prf_cnts         
20200000  __stop___llvm_prf_bits          
20200000  __stop___llvm_prf_cnts          
202001f0  gBOOST_CONTROLBackup            
202002ac  gFLASH_CONTROLBackup            
20200368  UART_Buffer                     
202003a8  gSPI_0Backup                    
202003d0  gSPI_1Backup                    
202003f8  gRxPacket                       
2020041a  gTxPacket                       
2020043c  framSpi                         
2020045c  stm32Spi                        
20200478  gSPI_RxPacket                   
20200488  gPIR                            
20200494  fram                            
2020049c  gRxCount                        
202004a0  gRxLen                          
202004a4  gTxCount                        
202004a8  gTxLen                          
202004ac  gI2cControllerStatus            
202004b0  output_currents_led_mA          
20200576  duty_cycles_led                 
202005d9  gSPI_TxPacket                   
202005e9  bq_monitor_active               
202005ec  gLTR329                         
202005f8  gLIS3DH                         
20200600  __aeabi_errno                   
2020060c  led_channel                     
20200610  monitor_rate                    
20200634  global_led_voltage              
20200638  char_index                      
20200639  data_received                   
2020063b  gauge_monitor_active            
2020063d  hall_monitor_active             
2020063f  lis_monitor_active              
20200640  ltr_monitor_active              
20200641  pir_monitor_active              
20207e00  __stack                         
20208000  __STACK_END                     
ffffffff  __TI_pprof_out_hndl             
ffffffff  __TI_prof_data_size             
ffffffff  __TI_prof_data_start            
ffffffff  __binit__                       
ffffffff  binit                           
UNDEFED   __mpu_init                      
UNDEFED   _system_post_cinit              

[365 symbols]
