******************************************************************************
            TI ARM Clang Linker PC v4.0.4                      
******************************************************************************
>> Linked Thu Feb 26 18:56:54 2026

OUTPUT FILE NAME:   <HW_SW_interface_CCS.out>
ENTRY POINT SYMBOL: "_c_int00_noargs"  address: 00003c71


MEMORY CONFIGURATION

         name            origin    length      used     unused   attr    fill
----------------------  --------  ---------  --------  --------  ----  --------
  FLASH                 00000000   00020000  00004eb0  0001b150  R  X
  SRAM                  20200000   00008000  0000038d  00007c73  RW X
  BCR_CONFIG            41c00000   000000ff  00000000  000000ff  R   
  BSL_CONFIG            41c00100   00000080  00000000  00000080  R   


SEGMENT ALLOCATION MAP

run origin  load origin   length   init length attrs members
----------  ----------- ---------- ----------- ----- -------
00000000    00000000    00004eb0   00004eb0    r-x
  00000000    00000000    000000c0   000000c0    r-- .intvecs
  000000c0    000000c0    00003fc0   00003fc0    r-x .text
  00004080    00004080    00000df0   00000df0    r-- .rodata
  00004e70    00004e70    00000040   00000040    r-- .cinit
20200000    20200000    00000190   00000000    rw-
  20200000    20200000    00000165   00000000    rw- .bss
  20200168    20200168    00000028   00000000    rw- .data
20207e00    20207e00    00000200   00000000    rw-
  20207e00    20207e00    00000200   00000000    rw- .stack


SECTION ALLOCATION MAP

 output                                  attributes/
section   page    origin      length       input sections
--------  ----  ----------  ----------   ----------------
.intvecs   0    00000000    000000c0     
                  00000000    000000c0     startup_mspm0g350x_ticlang.o (.intvecs)

.text      0    000000c0    00003fc0     
                  000000c0    000009d0     libc.a : _printfi.c.obj (.text:__TI_printfi)
                  00000a90    0000039c     functions.o (.text.cmd_bq)
                  00000e2c    00000344     uart.o (.text.CLI_ProcessInput)
                  00001170    00000220     libc.a : _printfi.c.obj (.text._pconv_a)
                  00001390    000001ec     main.o (.text.main)
                  0000157c    000001dc     libc.a : _printfi.c.obj (.text._pconv_g)
                  00001758    000001c0     functions.o (.text.cmd_i2cscan)
                  00001918    00000192     libclang_rt.builtins.a : adddf3.S.obj (.text.adddf3_subdf3)
                  00001aaa    00000002     startup_mspm0g350x_ticlang.o (.text.Default_Handler)
                  00001aac    0000018c     functions.o (.text.cmd_spi)
                  00001c38    00000144     libc.a : strtol.c.obj (.text.strtol)
                  00001d7c    00000140     i2c.o (.text.I2C_ReadDevice)
                  00001ebc    0000013c     libc.a : _printfi.c.obj (.text.fcvt)
                  00001ff8    00000130     i2c.o (.text.I2C_WriteDevice)
                  00002128    00000120     libc.a : _printfi.c.obj (.text._pconv_e)
                  00002248    0000010c     libclang_rt.builtins.a : divdf3.S.obj (.text.__divdf3)
                  00002354    00000100     ti_msp_dl_config.o (.text.SYSCFG_DL_GPIO_init)
                  00002454    000000fc     driverlib.a : dl_timer.o (.text.DL_Timer_initTimerMode)
                  00002550    000000f0     BQ25628_functions.o (.text.BQ25628E_Init_Default)
                  00002640    000000f0     functions.o (.text.cmd_pwr)
                  00002730    000000e4     i2c.o (.text.I2C_TryAddress)
                  00002814    000000e4     libclang_rt.builtins.a : muldf3.S.obj (.text.__muldf3)
                  000028f8    000000d8     libc.a : s_scalbn.c.obj (.text.scalbn)
                  000029d0    000000d0     functions.o (.text.cmd_hall)
                  00002aa0    000000bc     i2c.o (.text.Shared_I2C_IRQHandler)
                  00002b5c    000000ac     uart.o (.text.UARTReceive)
                  00002c08    000000a4     BQ25628_functions.o (.text.BQ25628E_UpdateTelemetry)
                  00002cac    000000a2     libclang_rt.builtins.a : udivmoddi4.S.obj (.text)
                  00002d4e    0000009a     libc.a : memcpy16.S.obj (.text:memcpy)
                  00002de8    00000008            : aeabi_portable.c.obj (.text.__aeabi_errno_addr)
                  00002df0    00000088            : strcmp-armv6m.S.obj (.text:strcmp)
                  00002e78    0000007c     ti_msp_dl_config.o (.text.SYSCFG_DL_initPower)
                  00002ef4    0000007c     libc.a : copy_decompress_lzss.c.obj (.text:decompress:lzss)
                  00002f70    00000078     uart.o (.text.uart_printf)
                  00002fe8    00000074     libclang_rt.builtins.a : comparedf2.c.obj (.text.__gedf2)
                  0000305c    00000070     ti_msp_dl_config.o (.text.SYSCFG_DL_UART_0_init)
                  000030cc    00000068     uart.o (.text.CLI_Tokenize)
                  00003134    00000068     ti_msp_dl_config.o (.text.SYSCFG_DL_I2C_0_init)
                  0000319c    00000068     ti_msp_dl_config.o (.text.SYSCFG_DL_I2C_1_init)
                  00003204    00000068     libclang_rt.builtins.a : comparedf2.c.obj (.text.__ledf2)
                  0000326c    00000066     libc.a : _printfi.c.obj (.text._mcpy)
                  000032d2    00000002     libclang_rt.builtins.a : aeabi_div0.c.obj (.text.__aeabi_idiv0)
                  000032d4    00000064     ti_msp_dl_config.o (.text.SYSCFG_DL_SPI_0_init)
                  00003338    00000064     uart.o (.text.cmd_help)
                  0000339c    00000062     libclang_rt.builtins.a : aeabi_dcmp.S.obj (.text.__aeabi_dcmp)
                  000033fe    00000062     libc.a : memset16.S.obj (.text:memset)
                  00003460    00000060     ti_msp_dl_config.o (.text.SYSCFG_DL_MCU_UART_1_init)
                  000034c0    0000005e     driverlib.a : dl_i2c.o (.text.DL_I2C_fillControllerTXFIFO)
                  0000351e    00000002     libclang_rt.builtins.a : aeabi_div0.c.obj (.text.__aeabi_ldiv0)
                  00003520    0000005c     libc.a : s_frexp.c.obj (.text.frexp)
                  0000357c    00000058            : _ltoa.c.obj (.text.__TI_ltoa)
                  000035d4    00000058            : _printfi.c.obj (.text._pconv_f)
                  0000362c    00000056     libclang_rt.builtins.a : aeabi_idivmod.S.obj (.text.__aeabi_idivmod)
                  00003682    00000052     libc.a : _printfi.c.obj (.text._ecpy)
                  000036d4    00000050     ti_msp_dl_config.o (.text.SYSCFG_DL_SPI_1_init)
                  00003724    0000004c     driverlib.a : dl_dma.o (.text.DL_DMA_initChannel)
                  00003770    0000004c     spi_slave.o (.text.SPI_Peripheral_Arm)
                  000037bc    0000004a     libclang_rt.builtins.a : fixdfsi.S.obj (.text.__fixdfsi)
                  00003806    00000002     --HOLE-- [fill = 0]
                  00003808    00000048     driverlib.a : dl_uart.o (.text.DL_UART_init)
                  00003850    00000048     libc.a : strtok.c.obj (.text.strtok)
                  00003898    00000044     driverlib.a : dl_spi.o (.text.DL_SPI_init)
                  000038dc    00000044     ti_msp_dl_config.o (.text.SYSCFG_DL_init)
                  00003920    00000040     ti_msp_dl_config.o (.text.SYSCFG_DL_SYSCTL_init)
                  00003960    00000040     libclang_rt.builtins.a : aeabi_uidivmod.S.obj (.text.__aeabi_uidivmod)
                  000039a0    00000040     libc.a : atoi.c.obj (.text.atoi)
                  000039e0    00000040            : vsnprintf.c.obj (.text.vsnprintf)
                  00003a20    0000003c     uart.o (.text.CLI_RegisterCommand)
                  00003a5c    0000003c     driverlib.a : dl_i2c.o (.text.DL_I2C_flushControllerTXFIFO)
                  00003a98    0000003c     uart.o (.text.get_UART_buffer)
                  00003ad4    0000003c     libc.a : autoinit.c.obj (.text:__TI_auto_init_nobinit_nopinit)
                  00003b10    0000003a     libclang_rt.builtins.a : muldsi3.S.obj (.text.__muldsi3)
                  00003b4a    00000002     --HOLE-- [fill = 0]
                  00003b4c    00000038     ti_msp_dl_config.o (.text.SYSCFG_DL_TIMER_0_init)
                  00003b84    00000030     driverlib.a : dl_i2c.o (.text.DL_I2C_flushControllerRXFIFO)
                  00003bb4    00000030                 : dl_uart.o (.text.DL_UART_transmitDataBlocking)
                  00003be4    00000030     libc.a : _printfi.c.obj (.text._fcpy)
                  00003c14    00000030            : vsnprintf.c.obj (.text._outs)
                  00003c44    0000002c     libclang_rt.builtins.a : floatsidf.S.obj (.text.__floatsidf)
                  00003c70    00000028     libc.a : boot_cortex_m.c.obj (.text:_c_int00_noargs)
                  00003c98    00000026     driverlib.a : dl_i2c.o (.text.DL_I2C_setClockConfig)
                  00003cbe    00000026     libc.a : strspn.c.obj (.text.strspn)
                  00003ce4    00000024     BQ25628_functions.o (.text.BQ25628E_ReadReg16)
                  00003d08    00000024     BQ25628_functions.o (.text.BQ25628E_ReadReg8)
                  00003d2c    00000024     BQ25628_functions.o (.text.BQ25628E_WriteReg16)
                  00003d50    00000024     libclang_rt.builtins.a : muldi3.S.obj (.text.__muldi3)
                  00003d74    00000024     libc.a : strcspn.c.obj (.text.strcspn)
                  00003d98    00000022            : memccpy.c.obj (.text.memccpy)
                  00003dba    00000002     --HOLE-- [fill = 0]
                  00003dbc    00000020     BQ25628_functions.o (.text.BQ25628E_WriteReg8)
                  00003ddc    00000020     spi_slave.o (.text.SPI_Peripheral_Init)
                  00003dfc    00000020     uart.o (.text.uart_init)
                  00003e1c    0000001e     libclang_rt.builtins.a : ashldi3.S.obj (.text.__ashldi3)
                  00003e3a    00000002     --HOLE-- [fill = 0]
                  00003e3c    0000001c     driverlib.a : dl_timer.o (.text.DL_Timer_setClockConfig)
                  00003e58    0000001c     spi_slave.o (.text.SPI1_IRQHandler)
                  00003e74    0000001c     i2c.o (.text.i2c_init)
                  00003e90    00000018     ti_msp_dl_config.o (.text.SYSCFG_DL_DMA_CH0_init)
                  00003ea8    00000018     ti_msp_dl_config.o (.text.SYSCFG_DL_DMA_CH1_init)
                  00003ec0    00000018     ti_msp_dl_config.o (.text.SYSCFG_DL_DMA_CH2_init)
                  00003ed8    00000018     ti_msp_dl_config.o (.text.SYSCFG_DL_DMA_CH3_init)
                  00003ef0    00000018     main.o (.text.UART0_IRQHandler)
                  00003f08    00000018     libc.a : vsnprintf.c.obj (.text._outc)
                  00003f20    00000016            : copy_zero_init.c.obj (.text:decompress:ZI:__TI_zero_init_nomemset)
                  00003f36    00000014     ti_msp_dl_config.o (.text.SYSCFG_DL_DMA_init)
                  00003f4a    00000002     --HOLE-- [fill = 0]
                  00003f4c    00000014     libclang_rt.builtins.a : aeabi_uldivmod.S.obj (.text.__aeabi_uldivmod)
                  00003f60    00000014     libc.a : _printfi.c.obj (.text.strchr)
                  00003f74    00000012     driverlib.a : dl_spi.o (.text.DL_SPI_setClockConfig)
                  00003f86    00000012                 : dl_uart.o (.text.DL_UART_setClockConfig)
                  00003f98    00000012     libc.a : copy_decompress_none.c.obj (.text:decompress:none)
                  00003faa    00000002     --HOLE-- [fill = 0]
                  00003fac    00000010     i2c.o (.text.I2C0_IRQHandler)
                  00003fbc    00000010     i2c.o (.text.I2C1_IRQHandler)
                  00003fcc    00000010     libc.a : wcslen.c.obj (.text.wcslen)
                  00003fdc    0000000e     libclang_rt.builtins.a : aeabi_memset.S.obj (.text.__aeabi_memset)
                  00003fea    0000000e     libc.a : _printfi.c.obj (.text.strlen)
                  00003ff8    0000000c     BQ25628_functions.o (.text.BQ25628E_Get_IBAT_mA)
                  00004004    0000000c     BQ25628_functions.o (.text.BQ25628E_Get_IBUS_mA)
                  00004010    0000000c     BQ25628_functions.o (.text.BQ25628E_Get_VBAT_mV)
                  0000401c    0000000c     BQ25628_functions.o (.text.BQ25628E_Get_VSYS_mV)
                  00004028    0000000c     libclang_rt.builtins.a : aeabi_memset.S.obj (.text.__aeabi_memclr)
                  00004034    0000000a     driverlib.a : dl_common.o (.text.DL_Common_delayCycles)
                  0000403e    0000000a     libc.a : _printfi.c.obj (.text.OUTLINED_FUNCTION_0)
                  00004048    00000010     libclang_rt.builtins.a : adddf3.S.obj (.tramp.__aeabi_dsub.1)
                  00004058    0000000a     libc.a : _printfi.c.obj (.text.OUTLINED_FUNCTION_1)
                  00004062    00000002     --HOLE-- [fill = 0]
                  00004064    00000008     libclang_rt.builtins.a : aeabi_memcpy.S.obj (.text.__aeabi_memcpy)
                  0000406c    00000006     libc.a : exit.c.obj (.text:abort)
                  00004072    00000004     libsysbm.a : hostexit.c.obj (.text.HOSTexit)
                  00004076    00000004     startup_mspm0g350x_ticlang.o (.text.Reset_Handler)
                  0000407a    00000004     libc.a : pre_init.c.obj (.text._system_pre_init)
                  0000407e    00000002     --HOLE-- [fill = 0]

.cinit     0    00004e70    00000040     
                  00004e70    0000001a     (.cinit..data.load) [load image, compression = lzss]
                  00004e8a    00000002     --HOLE-- [fill = 0]
                  00004e8c    0000000c     (__TI_handler_table)
                  00004e98    00000008     (.cinit..bss.load) [load image, compression = zero_init]
                  00004ea0    00000010     (__TI_cinit_table)

.rodata    0    00004080    00000df0     
                  00004080    000001da     functions.o (.rodata.str1.17600609178903569978.1)
                  0000425a    00000006     functions.o (.rodata.str1.13318008327193210645.1)
                  00004260    00000101     libc.a : aeabi_ctype.S.obj (.rodata:__aeabi_ctype_table_)
                  00004361    000000ef     functions.o (.rodata.str1.11093425900794288272.1)
                  00004450    00000046     functions.o (.rodata.str1.14754684760099289372.1)
                  00004496    0000003c     functions.o (.rodata.str1.6596733414268854495.1)
                  000044d2    0000003a     functions.o (.rodata.str1.12609848238114409581.1)
                  0000450c    00000039     functions.o (.rodata.str1.15667472894159448674.1)
                  00004545    00000036     functions.o (.rodata.str1.3123360382440319361.1)
                  0000457b    00000033     functions.o (.rodata.str1.11510568493784519380.1)
                  000045ae    00000031     main.o (.rodata.str1.16265332423659789559.1)
                  000045df    00000030     main.o (.rodata.str1.11702106008850790973.1)
                  0000460f    00000030     main.o (.rodata.str1.13288086030101331538.1)
                  0000463f    0000002f     main.o (.rodata.str1.18227636981041470289.1)
                  0000466e    0000002d     functions.o (.rodata.str1.18285776561876861988.1)
                  0000469b    0000002d     functions.o (.rodata.str1.7085808795165203043.1)
                  000046c8    0000002c     main.o (.rodata.str1.14402440632258215044.1)
                  000046f4    00000029     functions.o (.rodata.str1.14212890215622683485.1)
                  0000471d    00000028     functions.o (.rodata.str1.13707145581914847747.1)
                  00004745    00000027     functions.o (.rodata.str1.3156050197955811031.1)
                  0000476c    00000026     functions.o (.rodata.str1.17144429639171527548.1)
                  00004792    00000025     functions.o (.rodata.str1.6405428687533244608.1)
                  000047b7    00000024     main.o (.rodata.str1.10635229749459437609.1)
                  000047db    00000024     functions.o (.rodata.str1.2298903785866919411.1)
                  000047ff    00000023     functions.o (.rodata.str1.10029850049327752681.1)
                  00004822    00000023     uart.o (.rodata.str1.14464947116831474962.1)
                  00004845    00000022     functions.o (.rodata.str1.2305192595417680505.1)
                  00004867    00000022     main.o (.rodata.str1.6891813955777630061.1)
                  00004889    00000021     functions.o (.rodata.str1.16929425599360063401.1)
                  000048aa    00000021     functions.o (.rodata.str1.4307635291288551838.1)
                  000048cb    00000020     functions.o (.rodata.str1.13183419841694627606.1)
                  000048eb    0000001f     main.o (.rodata.str1.14112174005742061988.1)
                  0000490a    0000001e     functions.o (.rodata.str1.13258710136769708401.1)
                  00004928    0000001e     functions.o (.rodata.str1.9393216526452698668.1)
                  00004946    0000001d     functions.o (.rodata.str1.8855207564147674068.1)
                  00004963    0000001c     main.o (.rodata.str1.12180500075719773345.1)
                  0000497f    0000001a     functions.o (.rodata.str1.10394495994740858438.1)
                  00004999    0000001a     functions.o (.rodata.str1.11621569494667626893.1)
                  000049b3    0000001a     main.o (.rodata.str1.11870794119293528247.1)
                  000049cd    0000001a     functions.o (.rodata.str1.14079700471513303319.1)
                  000049e7    0000001a     functions.o (.rodata.str1.2344728598999326712.1)
                  00004a01    00000019     main.o (.rodata.str1.8108965883388295311.1)
                  00004a1a    00000002     ti_msp_dl_config.o (.rodata.gI2C_0ClockConfig)
                  00004a1c    00000018     ti_msp_dl_config.o (.rodata.gDMA_CH0Config)
                  00004a34    00000018     ti_msp_dl_config.o (.rodata.gDMA_CH1Config)
                  00004a4c    00000018     ti_msp_dl_config.o (.rodata.gDMA_CH2Config)
                  00004a64    00000018     ti_msp_dl_config.o (.rodata.gDMA_CH3Config)
                  00004a7c    00000018     functions.o (.rodata.str1.15647711897633472048.1)
                  00004a94    00000018     functions.o (.rodata.str1.16344480386849582482.1)
                  00004aac    00000018     functions.o (.rodata.str1.3544098629501009633.1)
                  00004ac4    00000018     functions.o (.rodata.str1.5514502381961403268.1)
                  00004adc    00000018     functions.o (.rodata.str1.5556253844797924259.1)
                  00004af4    00000018     main.o (.rodata.str1.8154729771448623357.1)
                  00004b0c    00000017     functions.o (.rodata.str1.15981603964029308583.1)
                  00004b23    00000017     functions.o (.rodata.str1.17162129685140799346.1)
                  00004b3a    00000016     functions.o (.rodata.str1.13225435875195226696.1)
                  00004b50    00000016     uart.o (.rodata.str1.15503172443992438641.1)
                  00004b66    00000016     functions.o (.rodata.str1.16757203657686794125.1)
                  00004b7c    00000016     main.o (.rodata.str1.8076846746581808073.1)
                  00004b92    00000015     functions.o (.rodata.str1.10868672936327135180.1)
                  00004ba7    00000015     functions.o (.rodata.str1.11457859038367029433.1)
                  00004bbc    00000015     functions.o (.rodata.str1.13291850131445628085.1)
                  00004bd1    00000015     functions.o (.rodata.str1.14779408147115502373.1)
                  00004be6    00000015     functions.o (.rodata.str1.17171889877841249491.1)
                  00004bfb    00000015     functions.o (.rodata.str1.17588442350683572369.1)
                  00004c10    00000015     functions.o (.rodata.str1.3172367308849033862.1)
                  00004c25    00000015     functions.o (.rodata.str1.5196872854305757230.1)
                  00004c3a    00000015     functions.o (.rodata.str1.5994875290679588583.1)
                  00004c4f    00000015     functions.o (.rodata.str1.7987950595137088371.1)
                  00004c64    00000015     uart.o (.rodata.str1.8171864734171609186.1)
                  00004c79    00000003     ti_msp_dl_config.o (.rodata.gTIMER_0ClockConfig)
                  00004c7c    00000014     ti_msp_dl_config.o (.rodata.gTIMER_0TimerConfig)
                  00004c90    00000014     main.o (.rodata.str1.9059077390166914652.1)
                  00004ca4    00000013     functions.o (.rodata.str1.17622889657162422067.1)
                  00004cb7    00000012     functions.o (.rodata.str1.11391304066098951517.1)
                  00004cc9    00000012     main.o (.rodata.str1.13782249893155712474.1)
                  00004cdb    00000011     libc.a : _printfi.c.obj (.rodata.str1.10348868589481759720.1)
                  00004cec    00000011            : _printfi.c.obj (.rodata.str1.15363888844622738466.1)
                  00004cfd    00000011     functions.o (.rodata.str1.15927518266867229498.1)
                  00004d0e    00000011     main.o (.rodata.str1.3530083166107438000.1)
                  00004d1f    00000001     --HOLE-- [fill = 0]
                  00004d20    00000010     main.o (.rodata..Lswitch.table.main)
                  00004d30    0000000f     functions.o (.rodata.str1.7261598007108977983.1)
                  00004d3f    0000000d     functions.o (.rodata.str1.14249227603012650231.1)
                  00004d4c    0000000b     main.o (.rodata.str1.14079361385603432444.1)
                  00004d57    00000001     --HOLE-- [fill = 0]
                  00004d58    0000000a     ti_msp_dl_config.o (.rodata.gMCU_UART_1Config)
                  00004d62    0000000a     ti_msp_dl_config.o (.rodata.gSPI_0_config)
                  00004d6c    0000000a     ti_msp_dl_config.o (.rodata.gSPI_1_config)
                  00004d76    0000000a     ti_msp_dl_config.o (.rodata.gUART_0Config)
                  00004d80    0000000a     functions.o (.rodata.str1.13933329845969146692.1)
                  00004d8a    00000009     functions.o (.rodata.str1.10105263805998509149.1)
                  00004d93    00000009     uart.o (.rodata.str1.2747995240747259486.1)
                  00004d9c    00000009     functions.o (.rodata.str1.5320122413559821118.1)
                  00004da5    00000008     functions.o (.rodata.str1.11900037607746946141.1)
                  00004dad    00000008     functions.o (.rodata.str1.12716370140545181522.1)
                  00004db5    00000008     functions.o (.rodata.str1.14826907694073300720.1)
                  00004dbd    00000008     functions.o (.rodata.str1.17873271132953962449.1)
                  00004dc5    00000008     main.o (.rodata.str1.2763581881760962609.1)
                  00004dcd    00000008     main.o (.rodata.str1.2846389346932560359.1)
                  00004dd5    00000008     functions.o (.rodata.str1.303947978237559523.1)
                  00004ddd    00000008     functions.o (.rodata.str1.4531601087117612729.1)
                  00004de5    00000007     functions.o (.rodata.str1.14125585639945481457.1)
                  00004dec    00000007     functions.o (.rodata.str1.2872345601479061820.1)
                  00004df3    00000007     functions.o (.rodata.str1.312031595841812858.1)
                  00004dfa    00000006     functions.o (.rodata.str1.17004305802620412261.1)
                  00004e00    00000006     functions.o (.rodata.str1.3739636256912452571.1)
                  00004e06    00000005     functions.o (.rodata.str1.11596568296542930794.1)
                  00004e0b    00000005     functions.o (.rodata.str1.14496393926573069083.1)
                  00004e10    00000005     main.o (.rodata.str1.15159059442110792349.1)
                  00004e15    00000005     main.o (.rodata.str1.17376258722486336754.1)
                  00004e1a    00000005     main.o (.rodata.str1.288608917962107522.1)
                  00004e1f    00000005     functions.o (.rodata.str1.3066531604708884151.1)
                  00004e24    00000005     functions.o (.rodata.str1.502354497711140047.1)
                  00004e29    00000005     functions.o (.rodata.str1.7723146404961276984.1)
                  00004e2e    00000005     functions.o (.rodata.str1.9659379646541333203.1)
                  00004e33    00000004     functions.o (.rodata.str1.12871985577256932554.1)
                  00004e37    00000004     main.o (.rodata.str1.15996357275703397564.1)
                  00004e3b    00000004     main.o (.rodata.str1.16631870348416990953.1)
                  00004e3f    00000004     main.o (.rodata.str1.17100691992556644108.1)
                  00004e43    00000004     functions.o (.rodata.str1.4561657886204501224.1)
                  00004e47    00000004     functions.o (.rodata.str1.62749256631814321.1)
                  00004e4b    00000004     functions.o (.rodata.str1.9119127971185803168.1)
                  00004e4f    00000003     uart.o (.rodata.str1.12819099410943012003.1)
                  00004e52    00000003     main.o (.rodata.str1.7702501944640899365.1)
                  00004e55    00000002     ti_msp_dl_config.o (.rodata.gI2C_1ClockConfig)
                  00004e57    00000002     ti_msp_dl_config.o (.rodata.gMCU_UART_1ClockConfig)
                  00004e59    00000002     ti_msp_dl_config.o (.rodata.gSPI_0_clockConfig)
                  00004e5b    00000002     ti_msp_dl_config.o (.rodata.gSPI_1_clockConfig)
                  00004e5d    00000002     ti_msp_dl_config.o (.rodata.gUART_0ClockConfig)
                  00004e5f    00000002     functions.o (.rodata.str1.11403685632016021771.1)
                  00004e61    00000002     uart.o (.rodata.str1.3510367808670815947.1)
                  00004e63    0000000d     --HOLE-- [fill = 0]

.init_array 
*          0    00000000    00000000     UNINITIALIZED

.binit     0    00000000    00000000     

.bss       0    20200000    00000165     UNINITIALIZED
                  20200000    00000078     uart.o (.bss.commandList)
                  20200078    00000040     (.common:UART_Buffer)
                  202000b8    00000028     (.common:gSPI_0Backup)
                  202000e0    00000028     (.common:gSPI_1Backup)
                  20200108    00000020     (.common:gRxPacket)
                  20200128    00000018     (.common:stm32Spi)
                  20200140    00000010     (.common:gSPI_RxPacket)
                  20200150    00000004     (.common:gRxCount)
                  20200154    00000004     (.common:gRxLen)
                  20200158    00000004     (.common:gTxCount)
                  2020015c    00000004     (.common:gTxLen)
                  20200160    00000004     (.common:gTxPacket)
                  20200164    00000001     (.common:gI2cControllerStatus)

.data      0    20200168    00000028     UNINITIALIZED
                  20200168    00000010     spi_slave.o (.data.gSPI_TxPacket)
                  20200178    00000004     libc.a : aeabi_portable.c.obj (.data.__aeabi_errno)
                  2020017c    00000004     uart.o (.data.commandCount)
                  20200180    00000004     libc.a : strtok.c.obj (.data.last_end)
                  20200184    00000002     BQ25628_functions.o (.data.g_ibat_mA)
                  20200186    00000002     BQ25628_functions.o (.data.g_ibus_mA)
                  20200188    00000002     BQ25628_functions.o (.data.g_vbat_mV)
                  2020018a    00000002     BQ25628_functions.o (.data.g_vsys_mV)
                  2020018c    00000001     main.o (.data.bq_monitor_active)
                  2020018d    00000001     uart.o (.data.char_index)
                  2020018e    00000001     uart.o (.data.data_received)
                  2020018f    00000001     main.o (.data.hall_monitor_active)

.stack     0    20207e00    00000200     UNINITIALIZED
                  20207e00    00000004     libc.a : boot_cortex_m.c.obj (.stack)
                  20207e04    000001fc     --HOLE--

__llvm_prf_cnts 
*          0    20200000    00000000     UNINITIALIZED

__llvm_prf_bits 
*          0    20200000    00000000     UNINITIALIZED

MODULE SUMMARY

       Module                         code    ro data   rw data
       ------                         ----    -------   -------
    .\
       functions.o                    2216    2409      0      
       ti_msp_dl_config.o             1280    171       80     
       main.o                         516     590       2      
       startup_mspm0g350x_ticlang.o   6       192       0      
    +--+------------------------------+-------+---------+---------+
       Total:                         4018    3362      82     
                                                               
    .\HAL\
       uart.o                         1484    92        190    
       i2c.o                          1100    0         53     
       spi_slave.o                    136     0         56     
    +--+------------------------------+-------+---------+---------+
       Total:                         2720    92        299    
                                                               
    .\ics\BQ25628\
       BQ25628_functions.o            592     0         8      
    +--+------------------------------+-------+---------+---------+
       Total:                         592     0         8      
                                                               
    C:/ti/mspm0_sdk_2_09_00_01/source/ti/driverlib/lib/ticlang/m0p/mspm0g1x0x_g3x0x/driverlib.a
       dl_timer.o                     280     0         0      
       dl_i2c.o                       240     0         0      
       dl_uart.o                      138     0         0      
       dl_spi.o                       86      0         0      
       dl_dma.o                       76      0         0      
       dl_common.o                    10      0         0      
    +--+------------------------------+-------+---------+---------+
       Total:                         830     0         0      
                                                               
    C:\ti\ccs2031\ccs\tools\compiler\ti-cgt-armllvm_4.0.4.LTS\lib\armv6m-ti-none-eabi/c/libc.a
       _printfi.c.obj                 4510    34        0      
       strtol.c.obj                   324     0         0      
       aeabi_ctype.S.obj              0       257       0      
       s_scalbn.c.obj                 216     0         0      
       memcpy16.S.obj                 154     0         0      
       strcmp-armv6m.S.obj            136     0         0      
       vsnprintf.c.obj                136     0         0      
       copy_decompress_lzss.c.obj     124     0         0      
       memset16.S.obj                 98      0         0      
       s_frexp.c.obj                  92      0         0      
       _ltoa.c.obj                    88      0         0      
       strtok.c.obj                   72      0         4      
       atoi.c.obj                     64      0         0      
       autoinit.c.obj                 60      0         0      
       boot_cortex_m.c.obj            40      0         0      
       strspn.c.obj                   38      0         0      
       strcspn.c.obj                  36      0         0      
       memccpy.c.obj                  34      0         0      
       copy_zero_init.c.obj           22      0         0      
       copy_decompress_none.c.obj     18      0         0      
       wcslen.c.obj                   16      0         0      
       aeabi_portable.c.obj           8       0         4      
       exit.c.obj                     6       0         0      
       pre_init.c.obj                 4       0         0      
    +--+------------------------------+-------+---------+---------+
       Total:                         6296    291       8      
                                                               
    C:\ti\ccs2031\ccs\tools\compiler\ti-cgt-armllvm_4.0.4.LTS\lib\armv6m-ti-none-eabi/c/libsysbm.a
       hostexit.c.obj                 4       0         0      
    +--+------------------------------+-------+---------+---------+
       Total:                         4       0         0      
                                                               
    C:\ti\ccs2031\ccs\tools\compiler\ti-cgt-armllvm_4.0.4.LTS\lib\armv6m-ti-none-eabi/libclang_rt.builtins.a
       adddf3.S.obj                   418     0         0      
       divdf3.S.obj                   268     0         0      
       muldf3.S.obj                   228     0         0      
       comparedf2.c.obj               220     0         0      
       udivmoddi4.S.obj               162     0         0      
       aeabi_dcmp.S.obj               98      0         0      
       aeabi_idivmod.S.obj            86      0         0      
       fixdfsi.S.obj                  74      0         0      
       aeabi_uidivmod.S.obj           64      0         0      
       muldsi3.S.obj                  58      0         0      
       floatsidf.S.obj                44      0         0      
       muldi3.S.obj                   36      0         0      
       ashldi3.S.obj                  30      0         0      
       aeabi_memset.S.obj             26      0         0      
       aeabi_uldivmod.S.obj           20      0         0      
       aeabi_memcpy.S.obj             8       0         0      
       aeabi_div0.c.obj               4       0         0      
    +--+------------------------------+-------+---------+---------+
       Total:                         1844    0         0      
                                                               
       Stack:                         0       0         512    
       Linker Generated:              0       62        0      
    +--+------------------------------+-------+---------+---------+
       Grand Total:                   16304   3807      909    


LINKER GENERATED COPY TABLES

__TI_cinit_table @ 00004ea0 records: 2, size/record: 8, table size: 16
	.data: load addr=00004e70, load size=0000001a bytes, run addr=20200168, run size=00000028 bytes, compression=lzss
	.bss: load addr=00004e98, load size=00000008 bytes, run addr=20200000, run size=00000165 bytes, compression=zero_init


LINKER GENERATED HANDLER TABLE

__TI_handler_table @ 00004e8c records: 3, size/record: 4, table size: 12
	index: 0, handler: __TI_decompress_lzss
	index: 1, handler: __TI_decompress_none
	index: 2, handler: __TI_zero_init


FAR CALL TRAMPOLINES

callee name               trampoline name
   callee addr  tramp addr   call addr  call info
--------------  -----------  ---------  ----------------
__aeabi_dsub              $Tramp$TT$L$PI$$__aeabi_dsub
   00001919     00004048     00004046   libc.a : _printfi.c.obj (.text.OUTLINED_FUNCTION_0)

[1 trampolines]
[1 trampoline calls]


GLOBAL SYMBOLS: SORTED ALPHABETICALLY BY Name 

address   name                          
-------   ----                          
00001aab  ADC0_IRQHandler               
00001aab  ADC1_IRQHandler               
00001aab  AES_IRQHandler                
00003ff9  BQ25628E_Get_IBAT_mA          
00004005  BQ25628E_Get_IBUS_mA          
00004011  BQ25628E_Get_VBAT_mV          
0000401d  BQ25628E_Get_VSYS_mV          
00002551  BQ25628E_Init_Default         
00003ce5  BQ25628E_ReadReg16            
00003d09  BQ25628E_ReadReg8             
00002c09  BQ25628E_UpdateTelemetry      
00003d2d  BQ25628E_WriteReg16           
00003dbd  BQ25628E_WriteReg8            
00004072  C$$EXIT                       
00001aab  CANFD0_IRQHandler             
00000e2d  CLI_ProcessInput              
00003a21  CLI_RegisterCommand           
000030cd  CLI_Tokenize                  
00001aab  DAC0_IRQHandler               
00004035  DL_Common_delayCycles         
00003725  DL_DMA_initChannel            
000034c1  DL_I2C_fillControllerTXFIFO   
00003b85  DL_I2C_flushControllerRXFIFO  
00003a5d  DL_I2C_flushControllerTXFIFO  
00003c99  DL_I2C_setClockConfig         
00003899  DL_SPI_init                   
00003f75  DL_SPI_setClockConfig         
00002455  DL_Timer_initTimerMode        
00003e3d  DL_Timer_setClockConfig       
00003809  DL_UART_init                  
00003f87  DL_UART_setClockConfig        
00003bb5  DL_UART_transmitDataBlocking  
00001aab  DMA_IRQHandler                
00001aab  Default_Handler               
00001aab  GROUP0_IRQHandler             
00001aab  GROUP1_IRQHandler             
00004073  HOSTexit                      
00001aab  HardFault_Handler             
00003fad  I2C0_IRQHandler               
00003fbd  I2C1_IRQHandler               
00001d7d  I2C_ReadDevice                
00002731  I2C_TryAddress                
00001ff9  I2C_WriteDevice               
00001aab  NMI_Handler                   
00001aab  PendSV_Handler                
00001aab  RTC_IRQHandler                
00004077  Reset_Handler                 
00001aab  SPI0_IRQHandler               
00003e59  SPI1_IRQHandler               
00003771  SPI_Peripheral_Arm            
00003ddd  SPI_Peripheral_Init           
00001aab  SVC_Handler                   
00003e91  SYSCFG_DL_DMA_CH0_init        
00003ea9  SYSCFG_DL_DMA_CH1_init        
00003ec1  SYSCFG_DL_DMA_CH2_init        
00003ed9  SYSCFG_DL_DMA_CH3_init        
00003f37  SYSCFG_DL_DMA_init            
00002355  SYSCFG_DL_GPIO_init           
00003135  SYSCFG_DL_I2C_0_init          
0000319d  SYSCFG_DL_I2C_1_init          
00003461  SYSCFG_DL_MCU_UART_1_init     
000032d5  SYSCFG_DL_SPI_0_init          
000036d5  SYSCFG_DL_SPI_1_init          
00003921  SYSCFG_DL_SYSCTL_init         
00003b4d  SYSCFG_DL_TIMER_0_init        
0000305d  SYSCFG_DL_UART_0_init         
000038dd  SYSCFG_DL_init                
00002e79  SYSCFG_DL_initPower           
00002aa1  Shared_I2C_IRQHandler         
00001aab  SysTick_Handler               
00001aab  TIMA0_IRQHandler              
00001aab  TIMA1_IRQHandler              
00001aab  TIMG0_IRQHandler              
00001aab  TIMG12_IRQHandler             
00001aab  TIMG6_IRQHandler              
00001aab  TIMG7_IRQHandler              
00001aab  TIMG8_IRQHandler              
00003ef1  UART0_IRQHandler              
00001aab  UART1_IRQHandler              
00001aab  UART2_IRQHandler              
00001aab  UART3_IRQHandler              
00002b5d  UARTReceive                   
20200078  UART_Buffer                   
20208000  __STACK_END                   
00000200  __STACK_SIZE                  
00000000  __TI_ATRegion0_region_sz      
00000000  __TI_ATRegion0_src_addr       
00000000  __TI_ATRegion0_trg_addr       
00000000  __TI_ATRegion1_region_sz      
00000000  __TI_ATRegion1_src_addr       
00000000  __TI_ATRegion1_trg_addr       
00000000  __TI_ATRegion2_region_sz      
00000000  __TI_ATRegion2_src_addr       
00000000  __TI_ATRegion2_trg_addr       
00004ea0  __TI_CINIT_Base               
00004eb0  __TI_CINIT_Limit              
00004eb0  __TI_CINIT_Warm               
00004e8c  __TI_Handler_Table_Base       
00004e98  __TI_Handler_Table_Limit      
00003ad5  __TI_auto_init_nobinit_nopinit
00002ef5  __TI_decompress_lzss          
00003f99  __TI_decompress_none          
0000357d  __TI_ltoa                     
ffffffff  __TI_pprof_out_hndl           
000000c1  __TI_printfi                  
ffffffff  __TI_prof_data_size           
ffffffff  __TI_prof_data_start          
00000000  __TI_static_base__            
00003f21  __TI_zero_init_nomemset       
00001923  __adddf3                      
00004260  __aeabi_ctype_table_          
00004260  __aeabi_ctype_table_C         
000037bd  __aeabi_d2iz                  
00001923  __aeabi_dadd                  
0000339d  __aeabi_dcmpeq                
000033d9  __aeabi_dcmpge                
000033ed  __aeabi_dcmpgt                
000033c5  __aeabi_dcmple                
000033b1  __aeabi_dcmplt                
00002249  __aeabi_ddiv                  
00002815  __aeabi_dmul                  
00001919  __aeabi_dsub                  
20200178  __aeabi_errno                 
00002de9  __aeabi_errno_addr            
00003c45  __aeabi_i2d                   
0000362d  __aeabi_idiv                  
000032d3  __aeabi_idiv0                 
0000362d  __aeabi_idivmod               
0000351f  __aeabi_ldiv0                 
00003e1d  __aeabi_llsl                  
00003d51  __aeabi_lmul                  
00004029  __aeabi_memclr                
00004029  __aeabi_memclr4               
00004029  __aeabi_memclr8               
00004065  __aeabi_memcpy                
00004065  __aeabi_memcpy4               
00004065  __aeabi_memcpy8               
00003fdd  __aeabi_memset                
00003fdd  __aeabi_memset4               
00003fdd  __aeabi_memset8               
00003961  __aeabi_uidiv                 
00003961  __aeabi_uidivmod              
00003f4d  __aeabi_uldivmod              
00003e1d  __ashldi3                     
ffffffff  __binit__                     
00003205  __cmpdf2                      
00002249  __divdf3                      
00003205  __eqdf2                       
000037bd  __fixdfsi                     
00003c45  __floatsidf                   
00002fe9  __gedf2                       
00002fe9  __gtdf2                       
00003205  __ledf2                       
00003205  __ltdf2                       
UNDEFED   __mpu_init                    
00002815  __muldf3                      
00003d51  __muldi3                      
00003b11  __muldsi3                     
00003205  __nedf2                       
20207e00  __stack                       
20200000  __start___llvm_prf_bits       
20200000  __start___llvm_prf_cnts       
20200000  __stop___llvm_prf_bits        
20200000  __stop___llvm_prf_cnts        
00001919  __subdf3                      
00002cad  __udivmoddi4                  
00003c71  _c_int00_noargs               
UNDEFED   _system_post_cinit            
0000407b  _system_pre_init              
0000406d  abort                         
000039a1  atoi                          
ffffffff  binit                         
2020018c  bq_monitor_active             
2020018d  char_index                    
00000a91  cmd_bq                        
000029d1  cmd_hall                      
00003339  cmd_help                      
00001759  cmd_i2cscan                   
00002641  cmd_pwr                       
00001aad  cmd_spi                       
2020018e  data_received                 
00003521  frexp                         
00003521  frexpl                        
20200164  gI2cControllerStatus          
20200150  gRxCount                      
20200154  gRxLen                        
20200108  gRxPacket                     
202000b8  gSPI_0Backup                  
202000e0  gSPI_1Backup                  
20200140  gSPI_RxPacket                 
20200168  gSPI_TxPacket                 
20200158  gTxCount                      
2020015c  gTxLen                        
20200160  gTxPacket                     
00003a99  get_UART_buffer               
2020018f  hall_monitor_active           
00003e75  i2c_init                      
00000000  interruptVectors              
000028f9  ldexp                         
000028f9  ldexpl                        
00001391  main                          
00003d99  memccpy                       
00002d4f  memcpy                        
000033ff  memset                        
000028f9  scalbn                        
000028f9  scalbnl                       
20200128  stm32Spi                      
00002df1  strcmp                        
00003d75  strcspn                       
00003cbf  strspn                        
00003851  strtok                        
00001c39  strtol                        
00003dfd  uart_init                     
00002f71  uart_printf                   
000039e1  vsnprintf                     
00003fcd  wcslen                        


GLOBAL SYMBOLS: SORTED BY Symbol Address 

address   name                          
-------   ----                          
00000000  __TI_ATRegion0_region_sz      
00000000  __TI_ATRegion0_src_addr       
00000000  __TI_ATRegion0_trg_addr       
00000000  __TI_ATRegion1_region_sz      
00000000  __TI_ATRegion1_src_addr       
00000000  __TI_ATRegion1_trg_addr       
00000000  __TI_ATRegion2_region_sz      
00000000  __TI_ATRegion2_src_addr       
00000000  __TI_ATRegion2_trg_addr       
00000000  __TI_static_base__            
00000000  interruptVectors              
000000c1  __TI_printfi                  
00000200  __STACK_SIZE                  
00000a91  cmd_bq                        
00000e2d  CLI_ProcessInput              
00001391  main                          
00001759  cmd_i2cscan                   
00001919  __aeabi_dsub                  
00001919  __subdf3                      
00001923  __adddf3                      
00001923  __aeabi_dadd                  
00001aab  ADC0_IRQHandler               
00001aab  ADC1_IRQHandler               
00001aab  AES_IRQHandler                
00001aab  CANFD0_IRQHandler             
00001aab  DAC0_IRQHandler               
00001aab  DMA_IRQHandler                
00001aab  Default_Handler               
00001aab  GROUP0_IRQHandler             
00001aab  GROUP1_IRQHandler             
00001aab  HardFault_Handler             
00001aab  NMI_Handler                   
00001aab  PendSV_Handler                
00001aab  RTC_IRQHandler                
00001aab  SPI0_IRQHandler               
00001aab  SVC_Handler                   
00001aab  SysTick_Handler               
00001aab  TIMA0_IRQHandler              
00001aab  TIMA1_IRQHandler              
00001aab  TIMG0_IRQHandler              
00001aab  TIMG12_IRQHandler             
00001aab  TIMG6_IRQHandler              
00001aab  TIMG7_IRQHandler              
00001aab  TIMG8_IRQHandler              
00001aab  UART1_IRQHandler              
00001aab  UART2_IRQHandler              
00001aab  UART3_IRQHandler              
00001aad  cmd_spi                       
00001c39  strtol                        
00001d7d  I2C_ReadDevice                
00001ff9  I2C_WriteDevice               
00002249  __aeabi_ddiv                  
00002249  __divdf3                      
00002355  SYSCFG_DL_GPIO_init           
00002455  DL_Timer_initTimerMode        
00002551  BQ25628E_Init_Default         
00002641  cmd_pwr                       
00002731  I2C_TryAddress                
00002815  __aeabi_dmul                  
00002815  __muldf3                      
000028f9  ldexp                         
000028f9  ldexpl                        
000028f9  scalbn                        
000028f9  scalbnl                       
000029d1  cmd_hall                      
00002aa1  Shared_I2C_IRQHandler         
00002b5d  UARTReceive                   
00002c09  BQ25628E_UpdateTelemetry      
00002cad  __udivmoddi4                  
00002d4f  memcpy                        
00002de9  __aeabi_errno_addr            
00002df1  strcmp                        
00002e79  SYSCFG_DL_initPower           
00002ef5  __TI_decompress_lzss          
00002f71  uart_printf                   
00002fe9  __gedf2                       
00002fe9  __gtdf2                       
0000305d  SYSCFG_DL_UART_0_init         
000030cd  CLI_Tokenize                  
00003135  SYSCFG_DL_I2C_0_init          
0000319d  SYSCFG_DL_I2C_1_init          
00003205  __cmpdf2                      
00003205  __eqdf2                       
00003205  __ledf2                       
00003205  __ltdf2                       
00003205  __nedf2                       
000032d3  __aeabi_idiv0                 
000032d5  SYSCFG_DL_SPI_0_init          
00003339  cmd_help                      
0000339d  __aeabi_dcmpeq                
000033b1  __aeabi_dcmplt                
000033c5  __aeabi_dcmple                
000033d9  __aeabi_dcmpge                
000033ed  __aeabi_dcmpgt                
000033ff  memset                        
00003461  SYSCFG_DL_MCU_UART_1_init     
000034c1  DL_I2C_fillControllerTXFIFO   
0000351f  __aeabi_ldiv0                 
00003521  frexp                         
00003521  frexpl                        
0000357d  __TI_ltoa                     
0000362d  __aeabi_idiv                  
0000362d  __aeabi_idivmod               
000036d5  SYSCFG_DL_SPI_1_init          
00003725  DL_DMA_initChannel            
00003771  SPI_Peripheral_Arm            
000037bd  __aeabi_d2iz                  
000037bd  __fixdfsi                     
00003809  DL_UART_init                  
00003851  strtok                        
00003899  DL_SPI_init                   
000038dd  SYSCFG_DL_init                
00003921  SYSCFG_DL_SYSCTL_init         
00003961  __aeabi_uidiv                 
00003961  __aeabi_uidivmod              
000039a1  atoi                          
000039e1  vsnprintf                     
00003a21  CLI_RegisterCommand           
00003a5d  DL_I2C_flushControllerTXFIFO  
00003a99  get_UART_buffer               
00003ad5  __TI_auto_init_nobinit_nopinit
00003b11  __muldsi3                     
00003b4d  SYSCFG_DL_TIMER_0_init        
00003b85  DL_I2C_flushControllerRXFIFO  
00003bb5  DL_UART_transmitDataBlocking  
00003c45  __aeabi_i2d                   
00003c45  __floatsidf                   
00003c71  _c_int00_noargs               
00003c99  DL_I2C_setClockConfig         
00003cbf  strspn                        
00003ce5  BQ25628E_ReadReg16            
00003d09  BQ25628E_ReadReg8             
00003d2d  BQ25628E_WriteReg16           
00003d51  __aeabi_lmul                  
00003d51  __muldi3                      
00003d75  strcspn                       
00003d99  memccpy                       
00003dbd  BQ25628E_WriteReg8            
00003ddd  SPI_Peripheral_Init           
00003dfd  uart_init                     
00003e1d  __aeabi_llsl                  
00003e1d  __ashldi3                     
00003e3d  DL_Timer_setClockConfig       
00003e59  SPI1_IRQHandler               
00003e75  i2c_init                      
00003e91  SYSCFG_DL_DMA_CH0_init        
00003ea9  SYSCFG_DL_DMA_CH1_init        
00003ec1  SYSCFG_DL_DMA_CH2_init        
00003ed9  SYSCFG_DL_DMA_CH3_init        
00003ef1  UART0_IRQHandler              
00003f21  __TI_zero_init_nomemset       
00003f37  SYSCFG_DL_DMA_init            
00003f4d  __aeabi_uldivmod              
00003f75  DL_SPI_setClockConfig         
00003f87  DL_UART_setClockConfig        
00003f99  __TI_decompress_none          
00003fad  I2C0_IRQHandler               
00003fbd  I2C1_IRQHandler               
00003fcd  wcslen                        
00003fdd  __aeabi_memset                
00003fdd  __aeabi_memset4               
00003fdd  __aeabi_memset8               
00003ff9  BQ25628E_Get_IBAT_mA          
00004005  BQ25628E_Get_IBUS_mA          
00004011  BQ25628E_Get_VBAT_mV          
0000401d  BQ25628E_Get_VSYS_mV          
00004029  __aeabi_memclr                
00004029  __aeabi_memclr4               
00004029  __aeabi_memclr8               
00004035  DL_Common_delayCycles         
00004065  __aeabi_memcpy                
00004065  __aeabi_memcpy4               
00004065  __aeabi_memcpy8               
0000406d  abort                         
00004072  C$$EXIT                       
00004073  HOSTexit                      
00004077  Reset_Handler                 
0000407b  _system_pre_init              
00004260  __aeabi_ctype_table_          
00004260  __aeabi_ctype_table_C         
00004e8c  __TI_Handler_Table_Base       
00004e98  __TI_Handler_Table_Limit      
00004ea0  __TI_CINIT_Base               
00004eb0  __TI_CINIT_Limit              
00004eb0  __TI_CINIT_Warm               
20200000  __start___llvm_prf_bits       
20200000  __start___llvm_prf_cnts       
20200000  __stop___llvm_prf_bits        
20200000  __stop___llvm_prf_cnts        
20200078  UART_Buffer                   
202000b8  gSPI_0Backup                  
202000e0  gSPI_1Backup                  
20200108  gRxPacket                     
20200128  stm32Spi                      
20200140  gSPI_RxPacket                 
20200150  gRxCount                      
20200154  gRxLen                        
20200158  gTxCount                      
2020015c  gTxLen                        
20200160  gTxPacket                     
20200164  gI2cControllerStatus          
20200168  gSPI_TxPacket                 
20200178  __aeabi_errno                 
2020018c  bq_monitor_active             
2020018d  char_index                    
2020018e  data_received                 
2020018f  hall_monitor_active           
20207e00  __stack                       
20208000  __STACK_END                   
ffffffff  __TI_pprof_out_hndl           
ffffffff  __TI_prof_data_size           
ffffffff  __TI_prof_data_start          
ffffffff  __binit__                     
ffffffff  binit                         
UNDEFED   __mpu_init                    
UNDEFED   _system_post_cinit            

[216 symbols]
