******************************************************************************
            TI ARM Clang Linker PC v4.0.4                      
******************************************************************************
>> Linked Mon Mar  9 10:15:01 2026

OUTPUT FILE NAME:   <HW_SW_interface_CCS.out>
ENTRY POINT SYMBOL: "_c_int00_noargs"  address: 00004e21


MEMORY CONFIGURATION

         name            origin    length      used     unused   attr    fill
----------------------  --------  ---------  --------  --------  ----  --------
  FLASH                 00000000   00020000  00006d38  000192c8  R  X
  SRAM                  20200000   00008000  000003d1  00007c2f  RW X
  BCR_CONFIG            41c00000   000000ff  00000000  000000ff  R   
  BSL_CONFIG            41c00100   00000080  00000000  00000080  R   


SEGMENT ALLOCATION MAP

run origin  load origin   length   init length attrs members
----------  ----------- ---------- ----------- ----- -------
00000000    00000000    00006d38   00006d38    r-x
  00000000    00000000    000000c0   000000c0    r-- .intvecs
  000000c0    000000c0    00005330   00005330    r-x .text
  000053f0    000053f0    00001900   00001900    r-- .rodata
  00006cf0    00006cf0    00000048   00000048    r-- .cinit
20200000    20200000    000001d4   00000000    rw-
  20200000    20200000    00000189   00000000    rw- .bss
  2020018c    2020018c    00000048   00000000    rw- .data
20207e00    20207e00    00000200   00000000    rw-
  20207e00    20207e00    00000200   00000000    rw- .stack


SECTION ALLOCATION MAP

 output                                  attributes/
section   page    origin      length       input sections
--------  ----  ----------  ----------   ----------------
.intvecs   0    00000000    000000c0     
                  00000000    000000c0     startup_mspm0g350x_ticlang.o (.intvecs)

.text      0    000000c0    00005330     
                  000000c0    000009d0     libc.a : _printfi.c.obj (.text:__TI_printfi)
                  00000a90    000005b4     functions.o (.text.cmd_gauge)
                  00001044    000003e4     functions.o (.text.cmd_bq)
                  00001428    000003a4     main.o (.text.main)
                  000017cc    00000344     uart.o (.text.CLI_ProcessInput)
                  00001b10    00000220     libc.a : _printfi.c.obj (.text._pconv_a)
                  00001d30    000001dc            : _printfi.c.obj (.text._pconv_g)
                  00001f0c    000001d4     i2c.o (.text.I2C_ReadDevice)
                  000020e0    000001c0     functions.o (.text.cmd_i2cscan)
                  000022a0    00000192     libclang_rt.builtins.a : adddf3.S.obj (.text.adddf3_subdf3)
                  00002432    00000002     startup_mspm0g350x_ticlang.o (.text.Default_Handler)
                  00002434    0000016c     functions.o (.text.cmd_spi)
                  000025a0    00000144     libc.a : strtol.c.obj (.text.strtol)
                  000026e4    0000013c            : _printfi.c.obj (.text.fcvt)
                  00002820    00000138     i2c.o (.text.I2C_WriteDevice)
                  00002958    00000120     libc.a : _printfi.c.obj (.text._pconv_e)
                  00002a78    0000010c     libclang_rt.builtins.a : divdf3.S.obj (.text.__divdf3)
                  00002b84    00000100     BQ27Z7_functions.o (.text.BQ27Z746_UpdateTelemetry)
                  00002c84    00000100     ti_msp_dl_config.o (.text.SYSCFG_DL_GPIO_init)
                  00002d84    000000fc     driverlib.a : dl_timer.o (.text.DL_Timer_initTimerMode)
                  00002e80    000000fa     BQ27Z7_functions.o (.text.BQ27Z746_MAC_Read)
                  00002f7a    000000f6     BQ27Z7_functions.o (.text.BQ27Z746_GetChargingStatus)
                  00003070    000000f6     BQ27Z7_functions.o (.text.BQ27Z746_GetChemID)
                  00003166    000000f6     BQ27Z7_functions.o (.text.BQ27Z746_GetDeviceType)
                  0000325c    000000f6     BQ27Z7_functions.o (.text.BQ27Z746_GetGaugingStatus)
                  00003352    000000f6     BQ27Z7_functions.o (.text.BQ27Z746_GetOperationStatus)
                  00003448    000000f6     BQ27Z7_functions.o (.text.BQ27Z746_GetSafetyStatus)
                  0000353e    000000f2     BQ27Z7_functions.o (.text.BQ27Z746_GetFirmwareVersion)
                  00003630    000000f0     BQ25628_functions.o (.text.BQ25628E_Init_Default)
                  00003720    000000f0     functions.o (.text.cmd_pwr)
                  00003810    000000e4     i2c.o (.text.I2C_TryAddress)
                  000038f4    000000e4     libclang_rt.builtins.a : muldf3.S.obj (.text.__muldf3)
                  000039d8    000000d8     libc.a : s_scalbn.c.obj (.text.scalbn)
                  00003ab0    000000d0     functions.o (.text.cmd_hall)
                  00003b80    000000bc     i2c.o (.text.Shared_I2C_IRQHandler)
                  00003c3c    000000ac     uart.o (.text.UARTReceive)
                  00003ce8    000000a2     libclang_rt.builtins.a : udivmoddi4.S.obj (.text)
                  00003d8a    0000009a     libc.a : memcpy16.S.obj (.text:memcpy)
                  00003e24    0000000c     BQ25628_functions.o (.text.BQ25628E_Get_IBAT_mA)
                  00003e30    00000088     libc.a : strcmp-armv6m.S.obj (.text:strcmp)
                  00003eb8    0000007c     BQ25628_functions.o (.text.BQ25628E_UpdateTelemetry)
                  00003f34    0000007c     ti_msp_dl_config.o (.text.SYSCFG_DL_initPower)
                  00003fb0    0000007c     libc.a : copy_decompress_lzss.c.obj (.text:decompress:lzss)
                  0000402c    00000078     uart.o (.text.uart_printf)
                  000040a4    00000074     libclang_rt.builtins.a : comparedf2.c.obj (.text.__gedf2)
                  00004118    00000070     ti_msp_dl_config.o (.text.SYSCFG_DL_UART_0_init)
                  00004188    00000068     uart.o (.text.CLI_Tokenize)
                  000041f0    00000068     ti_msp_dl_config.o (.text.SYSCFG_DL_I2C_0_init)
                  00004258    00000068     ti_msp_dl_config.o (.text.SYSCFG_DL_I2C_1_init)
                  000042c0    00000068     libclang_rt.builtins.a : comparedf2.c.obj (.text.__ledf2)
                  00004328    00000066     libc.a : _printfi.c.obj (.text._mcpy)
                  0000438e    00000002     libclang_rt.builtins.a : aeabi_div0.c.obj (.text.__aeabi_idiv0)
                  00004390    00000064     ti_msp_dl_config.o (.text.SYSCFG_DL_SPI_0_init)
                  000043f4    00000064     uart.o (.text.cmd_help)
                  00004458    00000062     libclang_rt.builtins.a : aeabi_dcmp.S.obj (.text.__aeabi_dcmp)
                  000044ba    00000062     libc.a : memset16.S.obj (.text:memset)
                  0000451c    00000060     ti_msp_dl_config.o (.text.SYSCFG_DL_MCU_UART_1_init)
                  0000457c    00000060     ti_msp_dl_config.o (.text.SYSCFG_DL_SPI_1_init)
                  000045dc    0000005e     driverlib.a : dl_i2c.o (.text.DL_I2C_fillControllerTXFIFO)
                  0000463a    00000002     libclang_rt.builtins.a : aeabi_div0.c.obj (.text.__aeabi_ldiv0)
                  0000463c    0000005c     spi_master.o (.text.SPI_Controller_Arm)
                  00004698    0000005c     libc.a : s_frexp.c.obj (.text.frexp)
                  000046f4    00000058            : _ltoa.c.obj (.text.__TI_ltoa)
                  0000474c    00000058            : _printfi.c.obj (.text._pconv_f)
                  000047a4    00000056     libclang_rt.builtins.a : aeabi_idivmod.S.obj (.text.__aeabi_idivmod)
                  000047fa    00000052     libc.a : _printfi.c.obj (.text._ecpy)
                  0000484c    0000004c     driverlib.a : dl_dma.o (.text.DL_DMA_initChannel)
                  00004898    0000004a     libclang_rt.builtins.a : fixdfsi.S.obj (.text.__fixdfsi)
                  000048e2    00000002     --HOLE-- [fill = 0]
                  000048e4    00000048     driverlib.a : dl_uart.o (.text.DL_UART_init)
                  0000492c    00000048     libc.a : strtok.c.obj (.text.strtok)
                  00004974    00000044     driverlib.a : dl_spi.o (.text.DL_SPI_init)
                  000049b8    00000044     ti_msp_dl_config.o (.text.SYSCFG_DL_init)
                  000049fc    00000040     ti_msp_dl_config.o (.text.SYSCFG_DL_SYSCTL_init)
                  00004a3c    00000040     libclang_rt.builtins.a : aeabi_uidivmod.S.obj (.text.__aeabi_uidivmod)
                  00004a7c    00000040     libc.a : atoi.c.obj (.text.atoi)
                  00004abc    00000040            : vsnprintf.c.obj (.text.vsnprintf)
                  00004afc    0000003c     uart.o (.text.CLI_RegisterCommand)
                  00004b38    0000003c     driverlib.a : dl_i2c.o (.text.DL_I2C_flushControllerTXFIFO)
                  00004b74    0000003c     uart.o (.text.get_UART_buffer)
                  00004bb0    0000003c     libc.a : autoinit.c.obj (.text:__TI_auto_init_nobinit_nopinit)
                  00004bec    0000003a     libclang_rt.builtins.a : muldsi3.S.obj (.text.__muldsi3)
                  00004c26    00000002     --HOLE-- [fill = 0]
                  00004c28    00000038     ti_msp_dl_config.o (.text.SYSCFG_DL_TIMER_0_init)
                  00004c60    00000038     gauge.o (.text.gauge_read)
                  00004c98    00000038     gauge.o (.text.gauge_write)
                  00004cd0    00000034     spi_master.o (.text.SPI1_IRQHandler)
                  00004d04    00000030     driverlib.a : dl_i2c.o (.text.DL_I2C_flushControllerRXFIFO)
                  00004d34    00000030                 : dl_uart.o (.text.DL_UART_transmitDataBlocking)
                  00004d64    00000030     libc.a : _printfi.c.obj (.text._fcpy)
                  00004d94    00000030            : vsnprintf.c.obj (.text._outs)
                  00004dc4    00000030     gauge.o (.text.gauge_cmd_read)
                  00004df4    0000002c     libclang_rt.builtins.a : floatsidf.S.obj (.text.__floatsidf)
                  00004e20    00000028     libc.a : boot_cortex_m.c.obj (.text:_c_int00_noargs)
                  00004e48    00000026     driverlib.a : dl_i2c.o (.text.DL_I2C_setClockConfig)
                  00004e6e    00000026     libc.a : strspn.c.obj (.text.strspn)
                  00004e94    00000024     BQ25628_functions.o (.text.BQ25628E_ReadReg16)
                  00004eb8    00000024     BQ25628_functions.o (.text.BQ25628E_ReadReg8)
                  00004edc    00000024     BQ25628_functions.o (.text.BQ25628E_WriteReg16)
                  00004f00    00000024     spi_master.o (.text.SPI_Controller_Init)
                  00004f24    00000024     libclang_rt.builtins.a : muldi3.S.obj (.text.__muldi3)
                  00004f48    00000024     libc.a : strcspn.c.obj (.text.strcspn)
                  00004f6c    00000022            : memccpy.c.obj (.text.memccpy)
                  00004f8e    00000002     --HOLE-- [fill = 0]
                  00004f90    00000020     BQ25628_functions.o (.text.BQ25628E_WriteReg8)
                  00004fb0    00000020     BQ27Z7_functions.o (.text.BQ27Z746_ReadInternalTemp_C)
                  00004fd0    00000020     BQ27Z7_functions.o (.text.BQ27Z746_ReadTemperature_C)
                  00004ff0    00000020     uart.o (.text.uart_init)
                  00005010    0000001e     libclang_rt.builtins.a : ashldi3.S.obj (.text.__ashldi3)
                  0000502e    00000002     --HOLE-- [fill = 0]
                  00005030    0000001c     driverlib.a : dl_timer.o (.text.DL_Timer_setClockConfig)
                  0000504c    0000001c     i2c.o (.text.i2c_init)
                  00005068    00000018     BQ27Z7_functions.o (.text.BQ27Z746_Init)
                  00005080    00000018     ti_msp_dl_config.o (.text.SYSCFG_DL_DMA_CH0_init)
                  00005098    00000018     ti_msp_dl_config.o (.text.SYSCFG_DL_DMA_CH1_init)
                  000050b0    00000018     ti_msp_dl_config.o (.text.SYSCFG_DL_DMA_CH2_init)
                  000050c8    00000018     ti_msp_dl_config.o (.text.SYSCFG_DL_DMA_CH3_init)
                  000050e0    00000018     main.o (.text.UART0_IRQHandler)
                  000050f8    00000018     libc.a : vsnprintf.c.obj (.text._outc)
                  00005110    00000016            : copy_zero_init.c.obj (.text:decompress:ZI:__TI_zero_init_nomemset)
                  00005126    00000014     ti_msp_dl_config.o (.text.SYSCFG_DL_DMA_init)
                  0000513a    00000002     --HOLE-- [fill = 0]
                  0000513c    00000014     libclang_rt.builtins.a : aeabi_uldivmod.S.obj (.text.__aeabi_uldivmod)
                  00005150    00000014     libc.a : _printfi.c.obj (.text.strchr)
                  00005164    00000012     driverlib.a : dl_spi.o (.text.DL_SPI_setClockConfig)
                  00005176    00000012                 : dl_uart.o (.text.DL_UART_setClockConfig)
                  00005188    00000012     libc.a : copy_decompress_none.c.obj (.text:decompress:none)
                  0000519a    00000002     --HOLE-- [fill = 0]
                  0000519c    00000010     BQ27Z7_functions.o (.text.BQ27Z746_IsDischarging)
                  000051ac    00000010     BQ27Z7_functions.o (.text.BQ27Z746_IsFullyCharged)
                  000051bc    00000010     BQ27Z7_functions.o (.text.BQ27Z746_IsFullyDischarged)
                  000051cc    00000010     i2c.o (.text.I2C0_IRQHandler)
                  000051dc    00000010     i2c.o (.text.I2C1_IRQHandler)
                  000051ec    00000010     gauge.o (.text.gauge_address)
                  000051fc    00000010     libc.a : wcslen.c.obj (.text.wcslen)
                  0000520c    0000000e     libclang_rt.builtins.a : aeabi_memset.S.obj (.text.__aeabi_memset)
                  0000521a    0000000e     libc.a : _printfi.c.obj (.text.strlen)
                  00005228    0000000c     BQ25628_functions.o (.text.BQ25628E_Get_IBUS_mA)
                  00005234    0000000c     BQ25628_functions.o (.text.BQ25628E_Get_VBAT_mV)
                  00005240    0000000c     BQ25628_functions.o (.text.BQ25628E_Get_VSYS_mV)
                  0000524c    0000000c     BQ27Z7_functions.o (.text.BQ27Z746_Get_AvgCurrent_mA)
                  00005258    0000000c     BQ27Z7_functions.o (.text.BQ27Z746_Get_AvgPower_mW)
                  00005264    0000000c     BQ27Z7_functions.o (.text.BQ27Z746_Get_BatteryStatus)
                  00005270    0000000c     BQ27Z7_functions.o (.text.BQ27Z746_Get_Current_mA)
                  0000527c    0000000c     BQ27Z7_functions.o (.text.BQ27Z746_Get_CycleCount)
                  00005288    0000000c     BQ27Z7_functions.o (.text.BQ27Z746_Get_FullChargeCap_mAh)
                  00005294    0000000c     BQ27Z7_functions.o (.text.BQ27Z746_Get_InternalTemp_C)
                  000052a0    0000000c     BQ27Z7_functions.o (.text.BQ27Z746_Get_RemainingCap_mAh)
                  000052ac    0000000c     BQ27Z7_functions.o (.text.BQ27Z746_Get_SOC_pct)
                  000052b8    0000000c     BQ27Z7_functions.o (.text.BQ27Z746_Get_StateOfHealth_pct)
                  000052c4    0000000c     BQ27Z7_functions.o (.text.BQ27Z746_Get_Temperature_C)
                  000052d0    0000000c     BQ27Z7_functions.o (.text.BQ27Z746_Get_TimeToEmpty_min)
                  000052dc    0000000c     BQ27Z7_functions.o (.text.BQ27Z746_Get_TimeToFull_min)
                  000052e8    0000000c     BQ27Z7_functions.o (.text.BQ27Z746_Get_Voltage_mV)
                  000052f4    0000000c     BQ27Z7_functions.o (.text.BQ27Z746_ReadAvgCurrent_mA)
                  00005300    0000000c     BQ27Z7_functions.o (.text.BQ27Z746_ReadAvgPower_mW)
                  0000530c    0000000c     BQ27Z7_functions.o (.text.BQ27Z746_ReadBatteryStatus)
                  00005318    0000000c     BQ27Z7_functions.o (.text.BQ27Z746_ReadCurrent_mA)
                  00005324    0000000c     BQ27Z7_functions.o (.text.BQ27Z746_ReadCycleCount)
                  00005330    0000000c     BQ27Z7_functions.o (.text.BQ27Z746_ReadFullChargeCap_mAh)
                  0000533c    0000000c     BQ27Z7_functions.o (.text.BQ27Z746_ReadRemainingCap_mAh)
                  00005348    0000000c     BQ27Z7_functions.o (.text.BQ27Z746_ReadSOC_pct)
                  00005354    0000000c     BQ27Z7_functions.o (.text.BQ27Z746_ReadStateOfHealth_pct)
                  00005360    0000000c     BQ27Z7_functions.o (.text.BQ27Z746_ReadTimeToEmpty_min)
                  0000536c    0000000c     BQ27Z7_functions.o (.text.BQ27Z746_ReadTimeToFull_min)
                  00005378    0000000c     BQ27Z7_functions.o (.text.BQ27Z746_ReadVoltage_mV)
                  00005384    0000000c     libclang_rt.builtins.a : aeabi_memset.S.obj (.text.__aeabi_memclr)
                  00005390    0000000a     driverlib.a : dl_common.o (.text.DL_Common_delayCycles)
                  0000539a    0000000a     libc.a : _printfi.c.obj (.text.OUTLINED_FUNCTION_0)
                  000053a4    00000010     libclang_rt.builtins.a : adddf3.S.obj (.tramp.__aeabi_dsub.1)
                  000053b4    0000000a     libc.a : _printfi.c.obj (.text.OUTLINED_FUNCTION_1)
                  000053be    00000002     --HOLE-- [fill = 0]
                  000053c0    00000008            : aeabi_portable.c.obj (.text.__aeabi_errno_addr)
                  000053c8    00000008     libclang_rt.builtins.a : aeabi_memcpy.S.obj (.text.__aeabi_memcpy)
                  000053d0    00000006     libc.a : exit.c.obj (.text:abort)
                  000053d6    00000004     libsysbm.a : hostexit.c.obj (.text.HOSTexit)
                  000053da    00000004     startup_mspm0g350x_ticlang.o (.text.Reset_Handler)
                  000053de    00000004     libc.a : pre_init.c.obj (.text._system_pre_init)
                  000053e2    0000000e     --HOLE-- [fill = 0]

.cinit     0    00006cf0    00000048     
                  00006cf0    00000024     (.cinit..data.load) [load image, compression = lzss]
                  00006d14    0000000c     (__TI_handler_table)
                  00006d20    00000008     (.cinit..bss.load) [load image, compression = zero_init]
                  00006d28    00000010     (__TI_cinit_table)

.rodata    0    000053f0    00001900     
                  000053f0    00000214     functions.o (.rodata.str1.14424774467072349609.1)
                  00005604    000001da     functions.o (.rodata.str1.17600609178903569978.1)
                  000057de    00000002     ti_msp_dl_config.o (.rodata.gI2C_0ClockConfig)
                  000057e0    00000101     libc.a : aeabi_ctype.S.obj (.rodata:__aeabi_ctype_table_)
                  000058e1    000000af     functions.o (.rodata.str1.10105263805998509149.1)
                  00005990    00000046     functions.o (.rodata.str1.14754684760099289372.1)
                  000059d6    00000041     functions.o (.rodata.str1.2344728598999326712.1)
                  00005a17    0000003c     functions.o (.rodata.str1.2654337880733388962.1)
                  00005a53    0000003c     functions.o (.rodata.str1.6596733414268854495.1)
                  00005a8f    0000003b     functions.o (.rodata.str1.1879081474855052955.1)
                  00005aca    00000035     functions.o (.rodata.str1.3322434249706281543.1)
                  00005aff    00000033     functions.o (.rodata.str1.2216088936736676215.1)
                  00005b32    00000031     main.o (.rodata.str1.16265332423659789559.1)
                  00005b63    00000030     main.o (.rodata.str1.10635229749459437609.1)
                  00005b93    00000030     main.o (.rodata.str1.3530083166107438000.1)
                  00005bc3    0000002f     functions.o (.rodata.str1.11510568493784519380.1)
                  00005bf2    0000002f     main.o (.rodata.str1.18227636981041470289.1)
                  00005c21    0000002d     functions.o (.rodata.str1.16113805747440866019.1)
                  00005c4e    0000002d     functions.o (.rodata.str1.17873271132953962449.1)
                  00005c7b    0000002d     functions.o (.rodata.str1.303947978237559523.1)
                  00005ca8    0000002c     main.o (.rodata.str1.5043408953494467246.1)
                  00005cd4    0000002a     functions.o (.rodata.str1.13933329845969146692.1)
                  00005cfe    00000029     functions.o (.rodata.str1.14212890215622683485.1)
                  00005d27    00000028     functions.o (.rodata.str1.13707145581914847747.1)
                  00005d4f    00000027     functions.o (.rodata.str1.7085808795165203043.1)
                  00005d76    00000027     main.o (.rodata.str1.9059077390166914652.1)
                  00005d9d    00000026     functions.o (.rodata.str1.11596568296542930794.1)
                  00005dc3    00000026     functions.o (.rodata.str1.312031595841812858.1)
                  00005de9    00000026     main.o (.rodata.str1.39260288392874984.1)
                  00005e0f    00000025     functions.o (.rodata.str1.5196872854305757230.1)
                  00005e34    00000024     main.o (.rodata.str1.1311392489248731986.1)
                  00005e58    00000024     functions.o (.rodata.str1.2298903785866919411.1)
                  00005e7c    00000024     main.o (.rodata.str1.6554448696319176064.1)
                  00005ea0    00000023     main.o (.rodata.str1.14402440632258215044.1)
                  00005ec3    00000023     uart.o (.rodata.str1.14464947116831474962.1)
                  00005ee6    00000023     functions.o (.rodata.str1.3739636256912452571.1)
                  00005f09    00000023     functions.o (.rodata.str1.7723146404961276984.1)
                  00005f2c    00000022     functions.o (.rodata.str1.11403685632016021771.1)
                  00005f4e    00000022     functions.o (.rodata.str1.13554695696533425351.1)
                  00005f70    00000022     main.o (.rodata.str1.14466178792657420020.1)
                  00005f92    00000022     functions.o (.rodata.str1.14626576299884526934.1)
                  00005fb4    00000022     functions.o (.rodata.str1.16386345573460399209.1)
                  00005fd6    00000022     main.o (.rodata.str1.17376258722486336754.1)
                  00005ff8    00000022     functions.o (.rodata.str1.2305192595417680505.1)
                  0000601a    00000022     functions.o (.rodata.str1.3098115528246613681.1)
                  0000603c    00000022     functions.o (.rodata.str1.823074591787180899.1)
                  0000605e    00000022     main.o (.rodata.str1.8828068777338075035.1)
                  00006080    00000021     functions.o (.rodata.str1.14504089057119714207.1)
                  000060a1    00000021     functions.o (.rodata.str1.17004305802620412261.1)
                  000060c2    00000021     functions.o (.rodata.str1.17112998893623131760.1)
                  000060e3    00000021     functions.o (.rodata.str1.18169768820860067831.1)
                  00006104    00000021     functions.o (.rodata.str1.2006883888705870762.1)
                  00006125    00000021     functions.o (.rodata.str1.2618360898605671341.1)
                  00006146    00000021     functions.o (.rodata.str1.4531601087117612729.1)
                  00006167    00000021     functions.o (.rodata.str1.4910338030008278487.1)
                  00006188    00000021     functions.o (.rodata.str1.831622212789273363.1)
                  000061a9    00000020     functions.o (.rodata.str1.10868672936327135180.1)
                  000061c9    00000020     functions.o (.rodata.str1.11158820112163685190.1)
                  000061e9    00000020     functions.o (.rodata.str1.11740181311745255940.1)
                  00006209    00000020     functions.o (.rodata.str1.11852899632267644254.1)
                  00006229    00000020     functions.o (.rodata.str1.12250083639950253671.1)
                  00006249    00000020     functions.o (.rodata.str1.12257129677820421622.1)
                  00006269    00000020     functions.o (.rodata.str1.16726128468901222387.1)
                  00006289    00000020     functions.o (.rodata.str1.2190941444116491765.1)
                  000062a9    00000020     main.o (.rodata.str1.2563708670032483588.1)
                  000062c9    00000020     functions.o (.rodata.str1.5117621188084071403.1)
                  000062e9    00000020     functions.o (.rodata.str1.7108839738911806945.1)
                  00006309    0000001f     functions.o (.rodata.str1.10302267126528799586.1)
                  00006328    0000001f     functions.o (.rodata.str1.11548324711019379123.1)
                  00006347    0000001f     functions.o (.rodata.str1.11584461607463951922.1)
                  00006366    0000001f     functions.o (.rodata.str1.13361924668150654931.1)
                  00006385    0000001f     main.o (.rodata.str1.14112174005742061988.1)
                  000063a4    0000001f     functions.o (.rodata.str1.14247832736261690914.1)
                  000063c3    0000001f     functions.o (.rodata.str1.1787322033648190911.1)
                  000063e2    0000001f     functions.o (.rodata.str1.7261598007108977983.1)
                  00006401    0000001f     functions.o (.rodata.str1.8113497073403762318.1)
                  00006420    0000001e     functions.o (.rodata.str1.13258710136769708401.1)
                  0000643e    0000001e     functions.o (.rodata.str1.2153166669032916089.1)
                  0000645c    0000001e     functions.o (.rodata.str1.2957129483359387701.1)
                  0000647a    0000001e     functions.o (.rodata.str1.9393216526452698668.1)
                  00006498    0000001e     functions.o (.rodata.str1.9987864939932165754.1)
                  000064b6    0000001d     functions.o (.rodata.str1.10029850049327752681.1)
                  000064d3    0000001d     functions.o (.rodata.str1.7324634916810494498.1)
                  000064f0    0000001c     main.o (.rodata.str1.12180500075719773345.1)
                  0000650c    0000001b     functions.o (.rodata.str1.11087625087312282266.1)
                  00006527    0000001b     functions.o (.rodata.str1.4040450050525152614.1)
                  00006542    0000001b     functions.o (.rodata.str1.4144252613811081812.1)
                  0000655d    0000001b     functions.o (.rodata.str1.6579945242302544448.1)
                  00006578    0000001b     functions.o (.rodata.str1.6886749528440134913.1)
                  00006593    0000001b     functions.o (.rodata.str1.7667325258934765219.1)
                  000065ae    0000001a     functions.o (.rodata.str1.10394495994740858438.1)
                  000065c8    0000001a     functions.o (.rodata.str1.11621569494667626893.1)
                  000065e2    0000001a     functions.o (.rodata.str1.12609848238114409581.1)
                  000065fc    0000001a     main.o (.rodata.str1.14079361385603432444.1)
                  00006616    0000001a     functions.o (.rodata.str1.2872345601479061820.1)
                  00006630    0000001a     functions.o (.rodata.str1.5905555877690922764.1)
                  0000664a    0000001a     functions.o (.rodata.str1.8841248051089024616.1)
                  00006664    0000001a     functions.o (.rodata.str1.976629323795015702.1)
                  0000667e    0000001a     functions.o (.rodata.str1.9955790773425000222.1)
                  00006698    00000019     main.o (.rodata.str1.8076846746581808073.1)
                  000066b1    00000003     ti_msp_dl_config.o (.rodata.gTIMER_0ClockConfig)
                  000066b4    00000018     ti_msp_dl_config.o (.rodata.gDMA_CH0Config)
                  000066cc    00000018     ti_msp_dl_config.o (.rodata.gDMA_CH1Config)
                  000066e4    00000018     ti_msp_dl_config.o (.rodata.gDMA_CH2Config)
                  000066fc    00000018     ti_msp_dl_config.o (.rodata.gDMA_CH3Config)
                  00006714    00000018     functions.o (.rodata.str1.14826907694073300720.1)
                  0000672c    00000018     functions.o (.rodata.str1.15647711897633472048.1)
                  00006744    00000018     functions.o (.rodata.str1.3544098629501009633.1)
                  0000675c    00000018     functions.o (.rodata.str1.4307635291288551838.1)
                  00006774    00000018     functions.o (.rodata.str1.5556253844797924259.1)
                  0000678c    00000018     main.o (.rodata.str1.8154729771448623357.1)
                  000067a4    00000017     functions.o (.rodata.str1.11345522308171243087.1)
                  000067bb    00000017     functions.o (.rodata.str1.15416425971347363818.1)
                  000067d2    00000017     functions.o (.rodata.str1.15981603964029308583.1)
                  000067e9    00000017     functions.o (.rodata.str1.17162129685140799346.1)
                  00006800    00000017     functions.o (.rodata.str1.17242831494859343374.1)
                  00006817    00000017     functions.o (.rodata.str1.455706336395187257.1)
                  0000682e    00000017     main.o (.rodata.str1.8428454045432808059.1)
                  00006845    00000017     functions.o (.rodata.str1.8430466031500812981.1)
                  0000685c    00000016     functions.o (.rodata.str1.13647871663007229205.1)
                  00006872    00000016     functions.o (.rodata.str1.13750405472340812261.1)
                  00006888    00000016     uart.o (.rodata.str1.15503172443992438641.1)
                  0000689e    00000016     functions.o (.rodata.str1.15871961652988661611.1)
                  000068b4    00000016     functions.o (.rodata.str1.16499007181999684178.1)
                  000068ca    00000016     functions.o (.rodata.str1.1912318065655334061.1)
                  000068e0    00000016     main.o (.rodata.str1.2763581881760962609.1)
                  000068f6    00000015     functions.o (.rodata.str1.11457859038367029433.1)
                  0000690b    00000015     functions.o (.rodata.str1.13291850131445628085.1)
                  00006920    00000015     functions.o (.rodata.str1.13318008327193210645.1)
                  00006935    00000015     functions.o (.rodata.str1.14079700471513303319.1)
                  0000694a    00000015     functions.o (.rodata.str1.14779408147115502373.1)
                  0000695f    00000015     functions.o (.rodata.str1.16344480386849582482.1)
                  00006974    00000015     functions.o (.rodata.str1.17171889877841249491.1)
                  00006989    00000015     functions.o (.rodata.str1.18285776561876861988.1)
                  0000699e    00000015     functions.o (.rodata.str1.5514502381961403268.1)
                  000069b3    00000015     functions.o (.rodata.str1.7987950595137088371.1)
                  000069c8    00000015     main.o (.rodata.str1.8108965883388295311.1)
                  000069dd    00000015     uart.o (.rodata.str1.8171864734171609186.1)
                  000069f2    00000002     ti_msp_dl_config.o (.rodata.gI2C_1ClockConfig)
                  000069f4    00000014     ti_msp_dl_config.o (.rodata.gTIMER_0TimerConfig)
                  00006a08    00000014     main.o (.rodata.str1.11870794119293528247.1)
                  00006a1c    00000013     functions.o (.rodata.str1.17622889657162422067.1)
                  00006a2f    00000012     functions.o (.rodata.str1.11371842499512143921.1)
                  00006a41    00000012     functions.o (.rodata.str1.11391304066098951517.1)
                  00006a53    00000012     functions.o (.rodata.str1.14660004578859228044.1)
                  00006a65    00000012     main.o (.rodata.str1.16631870348416990953.1)
                  00006a77    00000011     libc.a : _printfi.c.obj (.rodata.str1.10348868589481759720.1)
                  00006a88    00000011     main.o (.rodata.str1.10865113624938808685.1)
                  00006a99    00000011     main.o (.rodata.str1.11321157723316767883.1)
                  00006aaa    00000011     libc.a : _printfi.c.obj (.rodata.str1.15363888844622738466.1)
                  00006abb    00000011     main.o (.rodata.str1.17045314124001216156.1)
                  00006acc    00000011     main.o (.rodata.str1.7784929982665794503.1)
                  00006add    00000011     main.o (.rodata.str1.8096991282711418442.1)
                  00006aee    00000011     functions.o (.rodata.str1.8855207564147674068.1)
                  00006aff    00000001     --HOLE-- [fill = 0]
                  00006b00    00000010     main.o (.rodata..Lswitch.table.main)
                  00006b10    0000000f     functions.o (.rodata.str1.6405428687533244608.1)
                  00006b1f    0000000e     main.o (.rodata.str1.7996925722583989644.1)
                  00006b2d    0000000d     functions.o (.rodata.str1.14249227603012650231.1)
                  00006b3a    0000000d     main.o (.rodata.str1.8320541211001259012.1)
                  00006b47    0000000c     main.o (.rodata.str1.16302215771116645891.1)
                  00006b53    0000000b     main.o (.rodata.str1.10313062130652730376.1)
                  00006b5e    0000000b     functions.o (.rodata.str1.9866892624350641238.1)
                  00006b69    00000001     --HOLE-- [fill = 0]
                  00006b6a    0000000a     ti_msp_dl_config.o (.rodata.gMCU_UART_1Config)
                  00006b74    0000000a     ti_msp_dl_config.o (.rodata.gSPI_0_config)
                  00006b7e    0000000a     ti_msp_dl_config.o (.rodata.gSPI_1_config)
                  00006b88    0000000a     ti_msp_dl_config.o (.rodata.gUART_0Config)
                  00006b92    0000000a     main.o (.rodata.str1.13030671760666898970.1)
                  00006b9c    0000000a     functions.o (.rodata.str1.9659379646541333203.1)
                  00006ba6    00000009     main.o (.rodata.str1.10720410773482754683.1)
                  00006baf    00000009     main.o (.rodata.str1.11822182024223342093.1)
                  00006bb8    00000009     functions.o (.rodata.str1.13225435875195226696.1)
                  00006bc1    00000009     main.o (.rodata.str1.18092426736022315238.1)
                  00006bca    00000009     uart.o (.rodata.str1.2747995240747259486.1)
                  00006bd3    00000009     functions.o (.rodata.str1.5320122413559821118.1)
                  00006bdc    00000008     main.o (.rodata.str1.10224226614597680209.1)
                  00006be4    00000008     functions.o (.rodata.str1.11093425900794288272.1)
                  00006bec    00000008     functions.o (.rodata.str1.12716370140545181522.1)
                  00006bf4    00000008     functions.o (.rodata.str1.15667472894159448674.1)
                  00006bfc    00000008     functions.o (.rodata.str1.15927518266867229498.1)
                  00006c04    00000008     functions.o (.rodata.str1.16929425599360063401.1)
                  00006c0c    00000008     main.o (.rodata.str1.2846389346932560359.1)
                  00006c14    00000008     functions.o (.rodata.str1.3156050197955811031.1)
                  00006c1c    00000008     main.o (.rodata.str1.6891813955777630061.1)
                  00006c24    00000007     functions.o (.rodata.str1.14125585639945481457.1)
                  00006c2b    00000007     functions.o (.rodata.str1.16614484817706633923.1)
                  00006c32    00000007     functions.o (.rodata.str1.17588442350683572369.1)
                  00006c39    00000007     main.o (.rodata.str1.2624144126699937905.1)
                  00006c40    00000007     functions.o (.rodata.str1.3123360382440319361.1)
                  00006c47    00000006     functions.o (.rodata.str1.10930655922842606279.1)
                  00006c4d    00000006     functions.o (.rodata.str1.11538060877586311343.1)
                  00006c53    00000006     functions.o (.rodata.str1.17144429639171527548.1)
                  00006c59    00000006     main.o (.rodata.str1.2123964117280943167.1)
                  00006c5f    00000006     main.o (.rodata.str1.403738606202455663.1)
                  00006c65    00000006     functions.o (.rodata.str1.4959705119256106851.1)
                  00006c6b    00000005     functions.o (.rodata.str1.11900037607746946141.1)
                  00006c70    00000005     functions.o (.rodata.str1.13183419841694627606.1)
                  00006c75    00000005     main.o (.rodata.str1.13288086030101331538.1)
                  00006c7a    00000005     functions.o (.rodata.str1.13786467237224150958.1)
                  00006c7f    00000005     functions.o (.rodata.str1.14496393926573069083.1)
                  00006c84    00000005     main.o (.rodata.str1.15159059442110792349.1)
                  00006c89    00000005     functions.o (.rodata.str1.16757203657686794125.1)
                  00006c8e    00000005     functions.o (.rodata.str1.17418132220924322792.1)
                  00006c93    00000005     main.o (.rodata.str1.288608917962107522.1)
                  00006c98    00000005     functions.o (.rodata.str1.3066531604708884151.1)
                  00006c9d    00000005     functions.o (.rodata.str1.3172367308849033862.1)
                  00006ca2    00000005     functions.o (.rodata.str1.502354497711140047.1)
                  00006ca7    00000004     functions.o (.rodata.str1.11488970495173820783.1)
                  00006cab    00000004     main.o (.rodata.str1.11702106008850790973.1)
                  00006caf    00000004     functions.o (.rodata.str1.12871985577256932554.1)
                  00006cb3    00000004     main.o (.rodata.str1.15996357275703397564.1)
                  00006cb7    00000004     main.o (.rodata.str1.17100691992556644108.1)
                  00006cbb    00000004     functions.o (.rodata.str1.4561657886204501224.1)
                  00006cbf    00000004     functions.o (.rodata.str1.62749256631814321.1)
                  00006cc3    00000004     functions.o (.rodata.str1.8276779995786722914.1)
                  00006cc7    00000004     functions.o (.rodata.str1.9119127971185803168.1)
                  00006ccb    00000003     uart.o (.rodata.str1.12819099410943012003.1)
                  00006cce    00000003     functions.o (.rodata.str1.13060549876486072544.1)
                  00006cd1    00000003     functions.o (.rodata.str1.17016031596792030868.1)
                  00006cd4    00000003     main.o (.rodata.str1.7702501944640899365.1)
                  00006cd7    00000002     ti_msp_dl_config.o (.rodata.gMCU_UART_1ClockConfig)
                  00006cd9    00000002     ti_msp_dl_config.o (.rodata.gSPI_0_clockConfig)
                  00006cdb    00000002     ti_msp_dl_config.o (.rodata.gSPI_1_clockConfig)
                  00006cdd    00000002     ti_msp_dl_config.o (.rodata.gUART_0ClockConfig)
                  00006cdf    00000002     uart.o (.rodata.str1.3510367808670815947.1)
                  00006ce1    00000002     functions.o (.rodata.str1.5994875290679588583.1)
                  00006ce3    0000000d     --HOLE-- [fill = 0]

.init_array 
*          0    00000000    00000000     UNINITIALIZED

.binit     0    00000000    00000000     

.bss       0    20200000    00000189     UNINITIALIZED
                  20200000    00000078     uart.o (.bss.commandList)
                  20200078    00000040     (.common:UART_Buffer)
                  202000b8    00000028     (.common:gSPI_0Backup)
                  202000e0    00000028     (.common:gSPI_1Backup)
                  20200108    00000022     (.common:gRxPacket)
                  2020012a    00000022     (.common:gTxPacket)
                  2020014c    0000001c     (.common:stm32Spi)
                  20200168    00000010     (.common:gSPI_RxPacket)
                  20200178    00000004     (.common:gRxCount)
                  2020017c    00000004     (.common:gRxLen)
                  20200180    00000004     (.common:gTxCount)
                  20200184    00000004     (.common:gTxLen)
                  20200188    00000001     (.common:gI2cControllerStatus)

.data      0    2020018c    00000048     UNINITIALIZED
                  2020018c    00000010     spi_master.o (.data.gSPI_TxPacket)
                  2020019c    00000004     libc.a : aeabi_portable.c.obj (.data.__aeabi_errno)
                  202001a0    00000004     uart.o (.data.commandCount)
                  202001a4    00000004     libc.a : strtok.c.obj (.data.last_end)
                  202001a8    00000004     main.o (.data.monitor_rate)
                  202001ac    00000002     BQ25628_functions.o (.data.g_ibat_mA)
                  202001ae    00000002     BQ25628_functions.o (.data.g_ibus_mA)
                  202001b0    00000002     BQ27Z7_functions.o (.data.g_telem.0)
                  202001b2    00000002     BQ27Z7_functions.o (.data.g_telem.10)
                  202001b4    00000002     BQ27Z7_functions.o (.data.g_telem.11)
                  202001b6    00000002     BQ27Z7_functions.o (.data.g_telem.12)
                  202001b8    00000002     BQ27Z7_functions.o (.data.g_telem.13)
                  202001ba    00000002     BQ27Z7_functions.o (.data.g_telem.1)
                  202001bc    00000002     BQ27Z7_functions.o (.data.g_telem.2)
                  202001be    00000002     BQ27Z7_functions.o (.data.g_telem.4)
                  202001c0    00000002     BQ27Z7_functions.o (.data.g_telem.5)
                  202001c2    00000002     BQ27Z7_functions.o (.data.g_telem.7)
                  202001c4    00000002     BQ27Z7_functions.o (.data.g_telem.8)
                  202001c6    00000002     BQ27Z7_functions.o (.data.g_telem.9)
                  202001c8    00000002     BQ25628_functions.o (.data.g_vbat_mV)
                  202001ca    00000002     BQ25628_functions.o (.data.g_vsys_mV)
                  202001cc    00000001     main.o (.data.bq_monitor_active)
                  202001cd    00000001     uart.o (.data.char_index)
                  202001ce    00000001     uart.o (.data.data_received)
                  202001cf    00000001     gauge.o (.data.g_gaugeAddr)
                  202001d0    00000001     BQ27Z7_functions.o (.data.g_telem.3)
                  202001d1    00000001     main.o (.data.gauge_monitor_active)
                  202001d2    00000001     BQ27Z7_functions.o (.data.g_telem.6)
                  202001d3    00000001     main.o (.data.hall_monitor_active)

.stack     0    20207e00    00000200     UNINITIALIZED
                  20207e00    00000004     libc.a : boot_cortex_m.c.obj (.stack)
                  20207e04    000001fc     --HOLE--

__llvm_prf_cnts 
*          0    20200000    00000000     UNINITIALIZED

__llvm_prf_bits 
*          0    20200000    00000000     UNINITIALIZED

MODULE SUMMARY

       Module                         code    ro data   rw data
       ------                         ----    -------   -------
    .\
       functions.o                    3716    4778      0      
       main.o                         956     1053      7      
       ti_msp_dl_config.o             1296    171       80     
       startup_mspm0g350x_ticlang.o   6       192       0      
    +--+------------------------------+-------+---------+---------+
       Total:                         5974    6194      87     
                                                               
    .\HAL\
       uart.o                         1484    92        190    
       i2c.o                          1256    0         85     
       spi_master.o                   180     0         60     
    +--+------------------------------+-------+---------+---------+
       Total:                         2920    92        335    
                                                               
    .\ics\BQ25628\
       BQ25628_functions.o            552     0         8      
    +--+------------------------------+-------+---------+---------+
       Total:                         552     0         8      
                                                               
    .\ics\BQ27Z7\
       BQ27Z7_functions.o             2672    0         26     
       gauge.o                        176     0         1      
    +--+------------------------------+-------+---------+---------+
       Total:                         2848    0         27     
                                                               
    C:/ti/mspm0_sdk_2_09_00_01/source/ti/driverlib/lib/ticlang/m0p/mspm0g1x0x_g3x0x/driverlib.a
       dl_timer.o                     280     0         0      
       dl_i2c.o                       240     0         0      
       dl_uart.o                      138     0         0      
       dl_spi.o                       86      0         0      
       dl_dma.o                       76      0         0      
       dl_common.o                    10      0         0      
    +--+------------------------------+-------+---------+---------+
       Total:                         830     0         0      
                                                               
    C:\ti\ccs2031\ccs\tools\compiler\ti-cgt-armllvm_4.0.4.LTS\lib\armv6m-ti-none-eabi/c/libc.a
       _printfi.c.obj                 4510    34        0      
       strtol.c.obj                   324     0         0      
       aeabi_ctype.S.obj              0       257       0      
       s_scalbn.c.obj                 216     0         0      
       memcpy16.S.obj                 154     0         0      
       strcmp-armv6m.S.obj            136     0         0      
       vsnprintf.c.obj                136     0         0      
       copy_decompress_lzss.c.obj     124     0         0      
       memset16.S.obj                 98      0         0      
       s_frexp.c.obj                  92      0         0      
       _ltoa.c.obj                    88      0         0      
       strtok.c.obj                   72      0         4      
       atoi.c.obj                     64      0         0      
       autoinit.c.obj                 60      0         0      
       boot_cortex_m.c.obj            40      0         0      
       strspn.c.obj                   38      0         0      
       strcspn.c.obj                  36      0         0      
       memccpy.c.obj                  34      0         0      
       copy_zero_init.c.obj           22      0         0      
       copy_decompress_none.c.obj     18      0         0      
       wcslen.c.obj                   16      0         0      
       aeabi_portable.c.obj           8       0         4      
       exit.c.obj                     6       0         0      
       pre_init.c.obj                 4       0         0      
    +--+------------------------------+-------+---------+---------+
       Total:                         6296    291       8      
                                                               
    C:\ti\ccs2031\ccs\tools\compiler\ti-cgt-armllvm_4.0.4.LTS\lib\armv6m-ti-none-eabi/c/libsysbm.a
       hostexit.c.obj                 4       0         0      
    +--+------------------------------+-------+---------+---------+
       Total:                         4       0         0      
                                                               
    C:\ti\ccs2031\ccs\tools\compiler\ti-cgt-armllvm_4.0.4.LTS\lib\armv6m-ti-none-eabi/libclang_rt.builtins.a
       adddf3.S.obj                   418     0         0      
       divdf3.S.obj                   268     0         0      
       muldf3.S.obj                   228     0         0      
       comparedf2.c.obj               220     0         0      
       udivmoddi4.S.obj               162     0         0      
       aeabi_dcmp.S.obj               98      0         0      
       aeabi_idivmod.S.obj            86      0         0      
       fixdfsi.S.obj                  74      0         0      
       aeabi_uidivmod.S.obj           64      0         0      
       muldsi3.S.obj                  58      0         0      
       floatsidf.S.obj                44      0         0      
       muldi3.S.obj                   36      0         0      
       ashldi3.S.obj                  30      0         0      
       aeabi_memset.S.obj             26      0         0      
       aeabi_uldivmod.S.obj           20      0         0      
       aeabi_memcpy.S.obj             8       0         0      
       aeabi_div0.c.obj               4       0         0      
    +--+------------------------------+-------+---------+---------+
       Total:                         1844    0         0      
                                                               
       Stack:                         0       0         512    
       Linker Generated:              0       72        0      
    +--+------------------------------+-------+---------+---------+
       Grand Total:                   21268   6649      977    


LINKER GENERATED COPY TABLES

__TI_cinit_table @ 00006d28 records: 2, size/record: 8, table size: 16
	.data: load addr=00006cf0, load size=00000024 bytes, run addr=2020018c, run size=00000048 bytes, compression=lzss
	.bss: load addr=00006d20, load size=00000008 bytes, run addr=20200000, run size=00000189 bytes, compression=zero_init


LINKER GENERATED HANDLER TABLE

__TI_handler_table @ 00006d14 records: 3, size/record: 4, table size: 12
	index: 0, handler: __TI_decompress_lzss
	index: 1, handler: __TI_decompress_none
	index: 2, handler: __TI_zero_init


FAR CALL TRAMPOLINES

callee name               trampoline name
   callee addr  tramp addr   call addr  call info
--------------  -----------  ---------  ----------------
__aeabi_dsub              $Tramp$TT$L$PI$$__aeabi_dsub
   000022a1     000053a4     000053a2   libc.a : _printfi.c.obj (.text.OUTLINED_FUNCTION_0)

[1 trampolines]
[1 trampoline calls]


GLOBAL SYMBOLS: SORTED ALPHABETICALLY BY Name 

address   name                          
-------   ----                          
00002433  ADC0_IRQHandler               
00002433  ADC1_IRQHandler               
00002433  AES_IRQHandler                
00003e25  BQ25628E_Get_IBAT_mA          
00005229  BQ25628E_Get_IBUS_mA          
00005235  BQ25628E_Get_VBAT_mV          
00005241  BQ25628E_Get_VSYS_mV          
00003631  BQ25628E_Init_Default         
00004e95  BQ25628E_ReadReg16            
00004eb9  BQ25628E_ReadReg8             
00003eb9  BQ25628E_UpdateTelemetry      
00004edd  BQ25628E_WriteReg16           
00004f91  BQ25628E_WriteReg8            
00002f7b  BQ27Z746_GetChargingStatus    
00003071  BQ27Z746_GetChemID            
00003167  BQ27Z746_GetDeviceType        
0000353f  BQ27Z746_GetFirmwareVersion   
0000325d  BQ27Z746_GetGaugingStatus     
00003353  BQ27Z746_GetOperationStatus   
00003449  BQ27Z746_GetSafetyStatus      
0000524d  BQ27Z746_Get_AvgCurrent_mA    
00005259  BQ27Z746_Get_AvgPower_mW      
00005265  BQ27Z746_Get_BatteryStatus    
00005271  BQ27Z746_Get_Current_mA       
0000527d  BQ27Z746_Get_CycleCount       
00005289  BQ27Z746_Get_FullChargeCap_mAh
00005295  BQ27Z746_Get_InternalTemp_C   
000052a1  BQ27Z746_Get_RemainingCap_mAh 
000052ad  BQ27Z746_Get_SOC_pct          
000052b9  BQ27Z746_Get_StateOfHealth_pct
000052c5  BQ27Z746_Get_Temperature_C    
000052d1  BQ27Z746_Get_TimeToEmpty_min  
000052dd  BQ27Z746_Get_TimeToFull_min   
000052e9  BQ27Z746_Get_Voltage_mV       
00005069  BQ27Z746_Init                 
0000519d  BQ27Z746_IsDischarging        
000051ad  BQ27Z746_IsFullyCharged       
000051bd  BQ27Z746_IsFullyDischarged    
00002e81  BQ27Z746_MAC_Read             
000052f5  BQ27Z746_ReadAvgCurrent_mA    
00005301  BQ27Z746_ReadAvgPower_mW      
0000530d  BQ27Z746_ReadBatteryStatus    
00005319  BQ27Z746_ReadCurrent_mA       
00005325  BQ27Z746_ReadCycleCount       
00005331  BQ27Z746_ReadFullChargeCap_mAh
00004fb1  BQ27Z746_ReadInternalTemp_C   
0000533d  BQ27Z746_ReadRemainingCap_mAh 
00005349  BQ27Z746_ReadSOC_pct          
00005355  BQ27Z746_ReadStateOfHealth_pct
00004fd1  BQ27Z746_ReadTemperature_C    
00005361  BQ27Z746_ReadTimeToEmpty_min  
0000536d  BQ27Z746_ReadTimeToFull_min   
00005379  BQ27Z746_ReadVoltage_mV       
00002b85  BQ27Z746_UpdateTelemetry      
000053d6  C$$EXIT                       
00002433  CANFD0_IRQHandler             
000017cd  CLI_ProcessInput              
00004afd  CLI_RegisterCommand           
00004189  CLI_Tokenize                  
00002433  DAC0_IRQHandler               
00005391  DL_Common_delayCycles         
0000484d  DL_DMA_initChannel            
000045dd  DL_I2C_fillControllerTXFIFO   
00004d05  DL_I2C_flushControllerRXFIFO  
00004b39  DL_I2C_flushControllerTXFIFO  
00004e49  DL_I2C_setClockConfig         
00004975  DL_SPI_init                   
00005165  DL_SPI_setClockConfig         
00002d85  DL_Timer_initTimerMode        
00005031  DL_Timer_setClockConfig       
000048e5  DL_UART_init                  
00005177  DL_UART_setClockConfig        
00004d35  DL_UART_transmitDataBlocking  
00002433  DMA_IRQHandler                
00002433  Default_Handler               
00002433  GROUP0_IRQHandler             
00002433  GROUP1_IRQHandler             
000053d7  HOSTexit                      
00002433  HardFault_Handler             
000051cd  I2C0_IRQHandler               
000051dd  I2C1_IRQHandler               
00001f0d  I2C_ReadDevice                
00003811  I2C_TryAddress                
00002821  I2C_WriteDevice               
00002433  NMI_Handler                   
00002433  PendSV_Handler                
00002433  RTC_IRQHandler                
000053db  Reset_Handler                 
00002433  SPI0_IRQHandler               
00004cd1  SPI1_IRQHandler               
0000463d  SPI_Controller_Arm            
00004f01  SPI_Controller_Init           
00002433  SVC_Handler                   
00005081  SYSCFG_DL_DMA_CH0_init        
00005099  SYSCFG_DL_DMA_CH1_init        
000050b1  SYSCFG_DL_DMA_CH2_init        
000050c9  SYSCFG_DL_DMA_CH3_init        
00005127  SYSCFG_DL_DMA_init            
00002c85  SYSCFG_DL_GPIO_init           
000041f1  SYSCFG_DL_I2C_0_init          
00004259  SYSCFG_DL_I2C_1_init          
0000451d  SYSCFG_DL_MCU_UART_1_init     
00004391  SYSCFG_DL_SPI_0_init          
0000457d  SYSCFG_DL_SPI_1_init          
000049fd  SYSCFG_DL_SYSCTL_init         
00004c29  SYSCFG_DL_TIMER_0_init        
00004119  SYSCFG_DL_UART_0_init         
000049b9  SYSCFG_DL_init                
00003f35  SYSCFG_DL_initPower           
00003b81  Shared_I2C_IRQHandler         
00002433  SysTick_Handler               
00002433  TIMA0_IRQHandler              
00002433  TIMA1_IRQHandler              
00002433  TIMG0_IRQHandler              
00002433  TIMG12_IRQHandler             
00002433  TIMG6_IRQHandler              
00002433  TIMG7_IRQHandler              
00002433  TIMG8_IRQHandler              
000050e1  UART0_IRQHandler              
00002433  UART1_IRQHandler              
00002433  UART2_IRQHandler              
00002433  UART3_IRQHandler              
00003c3d  UARTReceive                   
20200078  UART_Buffer                   
20208000  __STACK_END                   
00000200  __STACK_SIZE                  
00000000  __TI_ATRegion0_region_sz      
00000000  __TI_ATRegion0_src_addr       
00000000  __TI_ATRegion0_trg_addr       
00000000  __TI_ATRegion1_region_sz      
00000000  __TI_ATRegion1_src_addr       
00000000  __TI_ATRegion1_trg_addr       
00000000  __TI_ATRegion2_region_sz      
00000000  __TI_ATRegion2_src_addr       
00000000  __TI_ATRegion2_trg_addr       
00006d28  __TI_CINIT_Base               
00006d38  __TI_CINIT_Limit              
00006d38  __TI_CINIT_Warm               
00006d14  __TI_Handler_Table_Base       
00006d20  __TI_Handler_Table_Limit      
00004bb1  __TI_auto_init_nobinit_nopinit
00003fb1  __TI_decompress_lzss          
00005189  __TI_decompress_none          
000046f5  __TI_ltoa                     
ffffffff  __TI_pprof_out_hndl           
000000c1  __TI_printfi                  
ffffffff  __TI_prof_data_size           
ffffffff  __TI_prof_data_start          
00000000  __TI_static_base__            
00005111  __TI_zero_init_nomemset       
000022ab  __adddf3                      
000057e0  __aeabi_ctype_table_          
000057e0  __aeabi_ctype_table_C         
00004899  __aeabi_d2iz                  
000022ab  __aeabi_dadd                  
00004459  __aeabi_dcmpeq                
00004495  __aeabi_dcmpge                
000044a9  __aeabi_dcmpgt                
00004481  __aeabi_dcmple                
0000446d  __aeabi_dcmplt                
00002a79  __aeabi_ddiv                  
000038f5  __aeabi_dmul                  
000022a1  __aeabi_dsub                  
2020019c  __aeabi_errno                 
000053c1  __aeabi_errno_addr            
00004df5  __aeabi_i2d                   
000047a5  __aeabi_idiv                  
0000438f  __aeabi_idiv0                 
000047a5  __aeabi_idivmod               
0000463b  __aeabi_ldiv0                 
00005011  __aeabi_llsl                  
00004f25  __aeabi_lmul                  
00005385  __aeabi_memclr                
00005385  __aeabi_memclr4               
00005385  __aeabi_memclr8               
000053c9  __aeabi_memcpy                
000053c9  __aeabi_memcpy4               
000053c9  __aeabi_memcpy8               
0000520d  __aeabi_memset                
0000520d  __aeabi_memset4               
0000520d  __aeabi_memset8               
00004a3d  __aeabi_uidiv                 
00004a3d  __aeabi_uidivmod              
0000513d  __aeabi_uldivmod              
00005011  __ashldi3                     
ffffffff  __binit__                     
000042c1  __cmpdf2                      
00002a79  __divdf3                      
000042c1  __eqdf2                       
00004899  __fixdfsi                     
00004df5  __floatsidf                   
000040a5  __gedf2                       
000040a5  __gtdf2                       
000042c1  __ledf2                       
000042c1  __ltdf2                       
UNDEFED   __mpu_init                    
000038f5  __muldf3                      
00004f25  __muldi3                      
00004bed  __muldsi3                     
000042c1  __nedf2                       
20207e00  __stack                       
20200000  __start___llvm_prf_bits       
20200000  __start___llvm_prf_cnts       
20200000  __stop___llvm_prf_bits        
20200000  __stop___llvm_prf_cnts        
000022a1  __subdf3                      
00003ce9  __udivmoddi4                  
00004e21  _c_int00_noargs               
UNDEFED   _system_post_cinit            
000053df  _system_pre_init              
000053d1  abort                         
00004a7d  atoi                          
ffffffff  binit                         
202001cc  bq_monitor_active             
202001cd  char_index                    
00001045  cmd_bq                        
00000a91  cmd_gauge                     
00003ab1  cmd_hall                      
000043f5  cmd_help                      
000020e1  cmd_i2cscan                   
00003721  cmd_pwr                       
00002435  cmd_spi                       
202001ce  data_received                 
00004699  frexp                         
00004699  frexpl                        
20200188  gI2cControllerStatus          
20200178  gRxCount                      
2020017c  gRxLen                        
20200108  gRxPacket                     
202000b8  gSPI_0Backup                  
202000e0  gSPI_1Backup                  
20200168  gSPI_RxPacket                 
2020018c  gSPI_TxPacket                 
20200180  gTxCount                      
20200184  gTxLen                        
2020012a  gTxPacket                     
000051ed  gauge_address                 
00004dc5  gauge_cmd_read                
202001d1  gauge_monitor_active          
00004c61  gauge_read                    
00004c99  gauge_write                   
00004b75  get_UART_buffer               
202001d3  hall_monitor_active           
0000504d  i2c_init                      
00000000  interruptVectors              
000039d9  ldexp                         
000039d9  ldexpl                        
00001429  main                          
00004f6d  memccpy                       
00003d8b  memcpy                        
000044bb  memset                        
202001a8  monitor_rate                  
000039d9  scalbn                        
000039d9  scalbnl                       
2020014c  stm32Spi                      
00003e31  strcmp                        
00004f49  strcspn                       
00004e6f  strspn                        
0000492d  strtok                        
000025a1  strtol                        
00004ff1  uart_init                     
0000402d  uart_printf                   
00004abd  vsnprintf                     
000051fd  wcslen                        


GLOBAL SYMBOLS: SORTED BY Symbol Address 

address   name                          
-------   ----                          
00000000  __TI_ATRegion0_region_sz      
00000000  __TI_ATRegion0_src_addr       
00000000  __TI_ATRegion0_trg_addr       
00000000  __TI_ATRegion1_region_sz      
00000000  __TI_ATRegion1_src_addr       
00000000  __TI_ATRegion1_trg_addr       
00000000  __TI_ATRegion2_region_sz      
00000000  __TI_ATRegion2_src_addr       
00000000  __TI_ATRegion2_trg_addr       
00000000  __TI_static_base__            
00000000  interruptVectors              
000000c1  __TI_printfi                  
00000200  __STACK_SIZE                  
00000a91  cmd_gauge                     
00001045  cmd_bq                        
00001429  main                          
000017cd  CLI_ProcessInput              
00001f0d  I2C_ReadDevice                
000020e1  cmd_i2cscan                   
000022a1  __aeabi_dsub                  
000022a1  __subdf3                      
000022ab  __adddf3                      
000022ab  __aeabi_dadd                  
00002433  ADC0_IRQHandler               
00002433  ADC1_IRQHandler               
00002433  AES_IRQHandler                
00002433  CANFD0_IRQHandler             
00002433  DAC0_IRQHandler               
00002433  DMA_IRQHandler                
00002433  Default_Handler               
00002433  GROUP0_IRQHandler             
00002433  GROUP1_IRQHandler             
00002433  HardFault_Handler             
00002433  NMI_Handler                   
00002433  PendSV_Handler                
00002433  RTC_IRQHandler                
00002433  SPI0_IRQHandler               
00002433  SVC_Handler                   
00002433  SysTick_Handler               
00002433  TIMA0_IRQHandler              
00002433  TIMA1_IRQHandler              
00002433  TIMG0_IRQHandler              
00002433  TIMG12_IRQHandler             
00002433  TIMG6_IRQHandler              
00002433  TIMG7_IRQHandler              
00002433  TIMG8_IRQHandler              
00002433  UART1_IRQHandler              
00002433  UART2_IRQHandler              
00002433  UART3_IRQHandler              
00002435  cmd_spi                       
000025a1  strtol                        
00002821  I2C_WriteDevice               
00002a79  __aeabi_ddiv                  
00002a79  __divdf3                      
00002b85  BQ27Z746_UpdateTelemetry      
00002c85  SYSCFG_DL_GPIO_init           
00002d85  DL_Timer_initTimerMode        
00002e81  BQ27Z746_MAC_Read             
00002f7b  BQ27Z746_GetChargingStatus    
00003071  BQ27Z746_GetChemID            
00003167  BQ27Z746_GetDeviceType        
0000325d  BQ27Z746_GetGaugingStatus     
00003353  BQ27Z746_GetOperationStatus   
00003449  BQ27Z746_GetSafetyStatus      
0000353f  BQ27Z746_GetFirmwareVersion   
00003631  BQ25628E_Init_Default         
00003721  cmd_pwr                       
00003811  I2C_TryAddress                
000038f5  __aeabi_dmul                  
000038f5  __muldf3                      
000039d9  ldexp                         
000039d9  ldexpl                        
000039d9  scalbn                        
000039d9  scalbnl                       
00003ab1  cmd_hall                      
00003b81  Shared_I2C_IRQHandler         
00003c3d  UARTReceive                   
00003ce9  __udivmoddi4                  
00003d8b  memcpy                        
00003e25  BQ25628E_Get_IBAT_mA          
00003e31  strcmp                        
00003eb9  BQ25628E_UpdateTelemetry      
00003f35  SYSCFG_DL_initPower           
00003fb1  __TI_decompress_lzss          
0000402d  uart_printf                   
000040a5  __gedf2                       
000040a5  __gtdf2                       
00004119  SYSCFG_DL_UART_0_init         
00004189  CLI_Tokenize                  
000041f1  SYSCFG_DL_I2C_0_init          
00004259  SYSCFG_DL_I2C_1_init          
000042c1  __cmpdf2                      
000042c1  __eqdf2                       
000042c1  __ledf2                       
000042c1  __ltdf2                       
000042c1  __nedf2                       
0000438f  __aeabi_idiv0                 
00004391  SYSCFG_DL_SPI_0_init          
000043f5  cmd_help                      
00004459  __aeabi_dcmpeq                
0000446d  __aeabi_dcmplt                
00004481  __aeabi_dcmple                
00004495  __aeabi_dcmpge                
000044a9  __aeabi_dcmpgt                
000044bb  memset                        
0000451d  SYSCFG_DL_MCU_UART_1_init     
0000457d  SYSCFG_DL_SPI_1_init          
000045dd  DL_I2C_fillControllerTXFIFO   
0000463b  __aeabi_ldiv0                 
0000463d  SPI_Controller_Arm            
00004699  frexp                         
00004699  frexpl                        
000046f5  __TI_ltoa                     
000047a5  __aeabi_idiv                  
000047a5  __aeabi_idivmod               
0000484d  DL_DMA_initChannel            
00004899  __aeabi_d2iz                  
00004899  __fixdfsi                     
000048e5  DL_UART_init                  
0000492d  strtok                        
00004975  DL_SPI_init                   
000049b9  SYSCFG_DL_init                
000049fd  SYSCFG_DL_SYSCTL_init         
00004a3d  __aeabi_uidiv                 
00004a3d  __aeabi_uidivmod              
00004a7d  atoi                          
00004abd  vsnprintf                     
00004afd  CLI_RegisterCommand           
00004b39  DL_I2C_flushControllerTXFIFO  
00004b75  get_UART_buffer               
00004bb1  __TI_auto_init_nobinit_nopinit
00004bed  __muldsi3                     
00004c29  SYSCFG_DL_TIMER_0_init        
00004c61  gauge_read                    
00004c99  gauge_write                   
00004cd1  SPI1_IRQHandler               
00004d05  DL_I2C_flushControllerRXFIFO  
00004d35  DL_UART_transmitDataBlocking  
00004dc5  gauge_cmd_read                
00004df5  __aeabi_i2d                   
00004df5  __floatsidf                   
00004e21  _c_int00_noargs               
00004e49  DL_I2C_setClockConfig         
00004e6f  strspn                        
00004e95  BQ25628E_ReadReg16            
00004eb9  BQ25628E_ReadReg8             
00004edd  BQ25628E_WriteReg16           
00004f01  SPI_Controller_Init           
00004f25  __aeabi_lmul                  
00004f25  __muldi3                      
00004f49  strcspn                       
00004f6d  memccpy                       
00004f91  BQ25628E_WriteReg8            
00004fb1  BQ27Z746_ReadInternalTemp_C   
00004fd1  BQ27Z746_ReadTemperature_C    
00004ff1  uart_init                     
00005011  __aeabi_llsl                  
00005011  __ashldi3                     
00005031  DL_Timer_setClockConfig       
0000504d  i2c_init                      
00005069  BQ27Z746_Init                 
00005081  SYSCFG_DL_DMA_CH0_init        
00005099  SYSCFG_DL_DMA_CH1_init        
000050b1  SYSCFG_DL_DMA_CH2_init        
000050c9  SYSCFG_DL_DMA_CH3_init        
000050e1  UART0_IRQHandler              
00005111  __TI_zero_init_nomemset       
00005127  SYSCFG_DL_DMA_init            
0000513d  __aeabi_uldivmod              
00005165  DL_SPI_setClockConfig         
00005177  DL_UART_setClockConfig        
00005189  __TI_decompress_none          
0000519d  BQ27Z746_IsDischarging        
000051ad  BQ27Z746_IsFullyCharged       
000051bd  BQ27Z746_IsFullyDischarged    
000051cd  I2C0_IRQHandler               
000051dd  I2C1_IRQHandler               
000051ed  gauge_address                 
000051fd  wcslen                        
0000520d  __aeabi_memset                
0000520d  __aeabi_memset4               
0000520d  __aeabi_memset8               
00005229  BQ25628E_Get_IBUS_mA          
00005235  BQ25628E_Get_VBAT_mV          
00005241  BQ25628E_Get_VSYS_mV          
0000524d  BQ27Z746_Get_AvgCurrent_mA    
00005259  BQ27Z746_Get_AvgPower_mW      
00005265  BQ27Z746_Get_BatteryStatus    
00005271  BQ27Z746_Get_Current_mA       
0000527d  BQ27Z746_Get_CycleCount       
00005289  BQ27Z746_Get_FullChargeCap_mAh
00005295  BQ27Z746_Get_InternalTemp_C   
000052a1  BQ27Z746_Get_RemainingCap_mAh 
000052ad  BQ27Z746_Get_SOC_pct          
000052b9  BQ27Z746_Get_StateOfHealth_pct
000052c5  BQ27Z746_Get_Temperature_C    
000052d1  BQ27Z746_Get_TimeToEmpty_min  
000052dd  BQ27Z746_Get_TimeToFull_min   
000052e9  BQ27Z746_Get_Voltage_mV       
000052f5  BQ27Z746_ReadAvgCurrent_mA    
00005301  BQ27Z746_ReadAvgPower_mW      
0000530d  BQ27Z746_ReadBatteryStatus    
00005319  BQ27Z746_ReadCurrent_mA       
00005325  BQ27Z746_ReadCycleCount       
00005331  BQ27Z746_ReadFullChargeCap_mAh
0000533d  BQ27Z746_ReadRemainingCap_mAh 
00005349  BQ27Z746_ReadSOC_pct          
00005355  BQ27Z746_ReadStateOfHealth_pct
00005361  BQ27Z746_ReadTimeToEmpty_min  
0000536d  BQ27Z746_ReadTimeToFull_min   
00005379  BQ27Z746_ReadVoltage_mV       
00005385  __aeabi_memclr                
00005385  __aeabi_memclr4               
00005385  __aeabi_memclr8               
00005391  DL_Common_delayCycles         
000053c1  __aeabi_errno_addr            
000053c9  __aeabi_memcpy                
000053c9  __aeabi_memcpy4               
000053c9  __aeabi_memcpy8               
000053d1  abort                         
000053d6  C$$EXIT                       
000053d7  HOSTexit                      
000053db  Reset_Handler                 
000053df  _system_pre_init              
000057e0  __aeabi_ctype_table_          
000057e0  __aeabi_ctype_table_C         
00006d14  __TI_Handler_Table_Base       
00006d20  __TI_Handler_Table_Limit      
00006d28  __TI_CINIT_Base               
00006d38  __TI_CINIT_Limit              
00006d38  __TI_CINIT_Warm               
20200000  __start___llvm_prf_bits       
20200000  __start___llvm_prf_cnts       
20200000  __stop___llvm_prf_bits        
20200000  __stop___llvm_prf_cnts        
20200078  UART_Buffer                   
202000b8  gSPI_0Backup                  
202000e0  gSPI_1Backup                  
20200108  gRxPacket                     
2020012a  gTxPacket                     
2020014c  stm32Spi                      
20200168  gSPI_RxPacket                 
20200178  gRxCount                      
2020017c  gRxLen                        
20200180  gTxCount                      
20200184  gTxLen                        
20200188  gI2cControllerStatus          
2020018c  gSPI_TxPacket                 
2020019c  __aeabi_errno                 
202001a8  monitor_rate                  
202001cc  bq_monitor_active             
202001cd  char_index                    
202001ce  data_received                 
202001d1  gauge_monitor_active          
202001d3  hall_monitor_active           
20207e00  __stack                       
20208000  __STACK_END                   
ffffffff  __TI_pprof_out_hndl           
ffffffff  __TI_prof_data_size           
ffffffff  __TI_prof_data_start          
ffffffff  __binit__                     
ffffffff  binit                         
UNDEFED   __mpu_init                    
UNDEFED   _system_post_cinit            

[264 symbols]
