******************************************************************************
            TI ARM Clang Linker PC v4.0.4                      
******************************************************************************
>> Linked Tue May  5 12:47:09 2026

OUTPUT FILE NAME:   <HW_SW_interface_CCS.out>
ENTRY POINT SYMBOL: "_c_int00_noargs"  address: 000084bd


MEMORY CONFIGURATION

         name            origin    length      used     unused   attr    fill
----------------------  --------  ---------  --------  --------  ----  --------
  FLASH                 00000000   00020000  0000c148  00013eb8  R  X
  SRAM                  20200000   00008000  00000c20  000073e0  RW X
  BCR_CONFIG            41c00000   000000ff  00000000  000000ff  R   
  BSL_CONFIG            41c00100   00000080  00000000  00000080  R   


SEGMENT ALLOCATION MAP

run origin  load origin   length   init length attrs members
----------  ----------- ---------- ----------- ----- -------
00000000    00000000    0000c148   0000c148    r-x
  00000000    00000000    000000c0   000000c0    r-- .intvecs
  000000c0    000000c0    00008ab0   00008ab0    r-x .text
  00008b70    00008b70    00003450   00003450    r-- .rodata
  0000bfc0    0000bfc0    00000188   00000188    r-- .cinit
20200000    20200000    00000a23   00000000    rw-
  20200000    20200000    0000069d   00000000    rw- .bss
  202006a0    202006a0    00000383   00000000    rw- .data
20207e00    20207e00    00000200   00000000    rw-
  20207e00    20207e00    00000200   00000000    rw- .stack


SECTION ALLOCATION MAP

 output                                  attributes/
section   page    origin      length       input sections
--------  ----  ----------  ----------   ----------------
.intvecs   0    00000000    000000c0     
                  00000000    000000c0     startup_mspm0g350x_ticlang.o (.intvecs)

.text      0    000000c0    00008ab0     
                  000000c0    000009d0     libc.a : _printfi.c.obj (.text:__TI_printfi)
                  00000a90    000007ac     functions.o (.text.cmd_gauge)
                  0000123c    00000580     functions.o (.text.cmd_fram)
                  000017bc    00000580     RAK3172.o (.text.cmd_rak)
                  00001d3c    000004e8     main.o (.text.main)
                  00002224    000003fc     ZDP323B.o (.text.ZDP323B_Init)
                  00002620    000003e8     functions.o (.text.cmd_bq)
                  00002a08    00000354     functions.o (.text.cmd_pir)
                  00002d5c    00000344     uart.o (.text.CLI_ProcessInput)
                  000030a0    00000220     libc.a : _printfi.c.obj (.text._pconv_a)
                  000032c0    00000214     functions.o (.text.cmd_i2cscan10)
                  000034d4    000001dc     libc.a : _printfi.c.obj (.text._pconv_g)
                  000036b0    000001d4     i2c.o (.text.I2C_ReadDevice)
                  00003884    000001c0     functions.o (.text.cmd_i2cscan)
                  00003a44    000001a8     functions.o (.text.cmd_ltr)
                  00003bec    00000192     libclang_rt.builtins.a : adddf3.S.obj (.text.adddf3_subdf3)
                  00003d7e    00000002     startup_mspm0g350x_ticlang.o (.text.Default_Handler)
                  00003d80    00000184     functions.o (.text.cmd_lis)
                  00003f04    00000174     functions.o (.text.cmd_leds)
                  00004078    0000016c     functions.o (.text.cmd_spi)
                  000041e4    00000164     ti_msp_dl_config.o (.text.SYSCFG_DL_GPIO_init)
                  00004348    00000144     libc.a : strtol.c.obj (.text.strtol)
                  0000448c    0000013c            : _printfi.c.obj (.text.fcvt)
                  000045c8    00000138     i2c.o (.text.I2C_WriteDevice)
                  00004700    00000138     mb85rs.o (.text.MB85RS_Write)
                  00004838    00000138     main.o (.text.setupCLI)
                  00004970    0000012c     BQ25628_functions.o (.text.BQ25628E_Init_Default)
                  00004a9c    00000120     libc.a : _printfi.c.obj (.text._pconv_e)
                  00004bbc    00000110     BQ27Z7_functions.o (.text.BQ27Z746_SetUTFET_Direct)
                  00004ccc    0000010c     BQ27Z7_functions.o (.text.BQ27Z746_SetTempSensorConfig)
                  00004dd8    0000010c     spi_mem.o (.text.SPI_Memory_Wait)
                  00004ee4    0000010c     libclang_rt.builtins.a : divdf3.S.obj (.text.__divdf3)
                  00004ff0    00000104     driverlib.a : dl_timer.o (.text.DL_Timer_initFourCCPWMMode)
                  000050f4    00000104     ZDP323B.o (.text.I2C_TryAddress10)
                  000051f8    00000100     BQ27Z7_functions.o (.text.BQ27Z746_GetSecurityMode)
                  000052f8    00000100     BQ27Z7_functions.o (.text.BQ27Z746_UpdateTelemetry)
                  000053f8    000000fc     BQ25628_functions.o (.text.BQ25628E_UpdateTelemetry)
                  000054f4    000000f8     ZDP323B.o (.text.ZDP323B_WriteConfig)
                  000055ec    000000f0     LTR329.o (.text.LTR329_CalculateLux)
                  000056dc    000000f0     functions.o (.text.cmd_pwr)
                  000057cc    000000ec     BQ27Z7_functions.o (.text.BQ27Z746_GetChargingStatus)
                  000058b8    000000e8     ZDP323B.o (.text.ZDP323B_ReadPeakHold)
                  000059a0    000000e4     i2c.o (.text.I2C_TryAddress)
                  00005a84    000000e4     libclang_rt.builtins.a : muldf3.S.obj (.text.__muldf3)
                  00005b68    000000de     BQ27Z7_functions.o (.text.BQ27Z746_GetDeviceType)
                  00005c46    000000dc     BQ27Z7_functions.o (.text.BQ27Z746_GetChemID)
                  00005d22    000000dc     BQ27Z7_functions.o (.text.BQ27Z746_GetOperationStatus)
                  00005dfe    000000dc     BQ27Z7_functions.o (.text.BQ27Z746_GetSafetyStatus)
                  00005eda    000000d8     BQ27Z7_functions.o (.text.BQ27Z746_GetFirmwareVersion)
                  00005fb2    000000d8     BQ27Z7_functions.o (.text.BQ27Z746_MAC_Read)
                  0000608a    00000002     libclang_rt.builtins.a : aeabi_div0.c.obj (.text.__aeabi_idiv0)
                  0000608c    000000d8     libc.a : s_scalbn.c.obj (.text.scalbn)
                  00006164    000000d8     libclang_rt.builtins.a : addsf3.S.obj (.text)
                  0000623c    000000d0     functions.o (.text.cmd_hall)
                  0000630c    000000bc     BoardAPI.o (.text.LED_set_current)
                  000063c8    000000bc     i2c.o (.text.Shared_I2C_IRQHandler)
                  00006484    000000b8     mb85rs.o (.text.MB85RS_Read)
                  0000653c    000000ac     uart.o (.text.UARTReceive)
                  000065e8    000000a2     libclang_rt.builtins.a : udivmoddi4.S.obj (.text)
                  0000668a    00000002                            : aeabi_div0.c.obj (.text.__aeabi_ldiv0)
                  0000668c    000000a0     LIS3DH.o (.text.LIS3DH_ReadMg)
                  0000672c    0000009a     libc.a : memcpy16.S.obj (.text:memcpy)
                  000067c6    00000002     --HOLE-- [fill = 0]
                  000067c8    00000090     spi_mem.o (.text.SPI_Memory_Arm)
                  00006858    00000090     ti_msp_dl_config.o (.text.SYSCFG_DL_BOOST_CONTROL_init)
                  000068e8    0000008c     libclang_rt.builtins.a : mulsf3.S.obj (.text.__mulsf3)
                  00006974    0000008c     libc.a : s_floorf.c.obj (.text.floorf)
                  00006a00    00000088     ti_msp_dl_config.o (.text.SYSCFG_DL_initPower)
                  00006a88    00000008     main.o (.text.UART1_IRQHandler)
                  00006a90    00000088     libc.a : strcmp-armv6m.S.obj (.text:strcmp)
                  00006b18    00000084     ti_msp_dl_config.o (.text.SYSCFG_DL_FLASH_CONTROL_init)
                  00006b9c    00000082     libclang_rt.builtins.a : divsf3.S.obj (.text.__divsf3)
                  00006c1e    00000080     mb85rs.o (.text.MB85RS_ReadID)
                  00006c9e    00000002     --HOLE-- [fill = 0]
                  00006ca0    0000007c     RAK3172.o (.text.RAK3172_UART_Handler)
                  00006d1c    0000007c     libc.a : copy_decompress_lzss.c.obj (.text:decompress:lzss)
                  00006d98    0000007a     BQ27Z7_functions.o (.text.BQ27Z746_Unseal)
                  00006e12    00000002     --HOLE-- [fill = 0]
                  00006e14    00000078     LIS3DH.o (.text.LIS3DH_Init)
                  00006e8c    00000078     uart.o (.text.uart_printf)
                  00006f04    00000074     ti_msp_dl_config.o (.text.SYSCFG_DL_MCU_UART_1_init)
                  00006f78    00000074     libclang_rt.builtins.a : comparedf2.c.obj (.text.__gedf2)
                  00006fec    00000070     LTR329.o (.text.LTR329_Init)
                  0000705c    00000070     RAK3172.o (.text.RAK3172_SendCommand)
                  000070cc    00000070     ti_msp_dl_config.o (.text.SYSCFG_DL_UART_0_init)
                  0000713c    0000006c     LTR329.o (.text.LTR329_SetGain)
                  000071a8    0000006c     RAK3172.o (.text.RAK3172_WaitForResponse)
                  00007214    00000068     uart.o (.text.CLI_Tokenize)
                  0000727c    00000068     ti_msp_dl_config.o (.text.SYSCFG_DL_I2C_0_init)
                  000072e4    00000068     ti_msp_dl_config.o (.text.SYSCFG_DL_I2C_1_init)
                  0000734c    00000068     libclang_rt.builtins.a : comparedf2.c.obj (.text.__ledf2)
                  000073b4    00000068     libc.a : s_roundf.c.obj (.text.roundf)
                  0000741c    00000066            : _printfi.c.obj (.text._mcpy)
                  00007482    00000002     --HOLE-- [fill = 0]
                  00007484    00000064     ti_msp_dl_config.o (.text.SYSCFG_DL_SPI_0_init)
                  000074e8    00000064     uart.o (.text.cmd_help)
                  0000754c    00000062     libclang_rt.builtins.a : aeabi_dcmp.S.obj (.text.__aeabi_dcmp)
                  000075ae    00000002     --HOLE-- [fill = 0]
                  000075b0    00000062                            : aeabi_fcmp.S.obj (.text.__aeabi_fcmp)
                  00007612    00000062     libc.a : memset16.S.obj (.text:memset)
                  00007674    00000060     ti_msp_dl_config.o (.text.SYSCFG_DL_SPI_1_init)
                  000076d4    0000005e     driverlib.a : dl_i2c.o (.text.DL_I2C_fillControllerTXFIFO)
                  00007732    00000002     --HOLE-- [fill = 0]
                  00007734    0000005c     spi_master.o (.text.SPI_Controller_Arm)
                  00007790    0000005c     ti_msp_dl_config.o (.text.SYSCFG_DL_init)
                  000077ec    0000005c     libc.a : s_frexp.c.obj (.text.frexp)
                  00007848    0000005a     mb85rs.o (.text.MB85RS_ReadStatus)
                  000078a2    00000002     --HOLE-- [fill = 0]
                  000078a4    00000058     BoardAPI.o (.text.LED_set_voltage)
                  000078fc    00000058     LIS3DH.o (.text.LIS3DH_SetRange)
                  00007954    00000058     libc.a : _ltoa.c.obj (.text.__TI_ltoa)
                  000079ac    00000058            : _printfi.c.obj (.text._pconv_f)
                  00007a04    00000056     libclang_rt.builtins.a : aeabi_idivmod.S.obj (.text.__aeabi_idivmod)
                  00007a5a    00000002     --HOLE-- [fill = 0]
                  00007a5c    00000054     main.o (.text.GROUP1_IRQHandler)
                  00007ab0    00000052     libc.a : _printfi.c.obj (.text._ecpy)
                  00007b02    00000002     --HOLE-- [fill = 0]
                  00007b04    00000050     RAK3172.o (.text.RAK3172_Init)
                  00007b54    0000004c     driverlib.a : dl_dma.o (.text.DL_DMA_initChannel)
                  00007ba0    0000004a     BQ27Z7_functions.o (.text.BQ27Z746_GetTempConfig)
                  00007bea    00000002     --HOLE-- [fill = 0]
                  00007bec    0000004a     libclang_rt.builtins.a : fixdfsi.S.obj (.text.__fixdfsi)
                  00007c36    00000048     BQ27Z7_functions.o (.text.BQ27Z746_GetFETOptions)
                  00007c7e    00000002     --HOLE-- [fill = 0]
                  00007c80    00000048     driverlib.a : dl_uart.o (.text.DL_UART_init)
                  00007cc8    00000048     BoardAPI.o (.text.LED_control_init)
                  00007d10    00000048     LTR329.o (.text.LTR329_ReadData)
                  00007d58    00000048     ti_msp_dl_config.o (.text.SYSCFG_DL_SYSCTL_init)
                  00007da0    00000048     libc.a : strtok.c.obj (.text.strtok)
                  00007de8    00000044     BQ27Z7_functions.o (.text.BQ27Z746_Seal)
                  00007e2c    00000044     driverlib.a : dl_spi.o (.text.DL_SPI_init)
                  00007e70    00000040     libclang_rt.builtins.a : aeabi_uidivmod.S.obj (.text.__aeabi_uidivmod)
                  00007eb0    00000040                            : extendsfdf2.S.obj (.text.__extendsfdf2)
                  00007ef0    00000040     libc.a : atoi.c.obj (.text.atoi)
                  00007f30    00000040            : vsnprintf.c.obj (.text.vsnprintf)
                  00007f70    0000003c     uart.o (.text.CLI_RegisterCommand)
                  00007fac    0000003c     driverlib.a : dl_i2c.o (.text.DL_I2C_flushControllerTXFIFO)
                  00007fe8    0000003c     libclang_rt.builtins.a : floatsisf.S.obj (.text.__floatsisf)
                  00008024    0000003c                            : comparesf2.S.obj (.text.__gtsf2)
                  00008060    0000003c     uart.o (.text.get_UART_buffer)
                  0000809c    0000003c     libc.a : autoinit.c.obj (.text:__TI_auto_init_nobinit_nopinit)
                  000080d8    0000003a     libclang_rt.builtins.a : comparesf2.S.obj (.text.__eqsf2)
                  00008112    00000002     --HOLE-- [fill = 0]
                  00008114    0000003a                            : muldsi3.S.obj (.text.__muldsi3)
                  0000814e    00000002     --HOLE-- [fill = 0]
                  00008150    00000038     BoardAPI.o (.text.LED_flash_start)
                  00008188    00000038     libclang_rt.builtins.a : fixsfsi.S.obj (.text.__fixsfsi)
                  000081c0    00000038     gauge.o (.text.gauge_read)
                  000081f8    00000038     gauge.o (.text.gauge_write)
                  00008230    00000034     spi_master.o (.text.SPI1_IRQHandler)
                  00008264    00000032     ZDP323B.o (.text.ZDP323B_BuildConfigBytes)
                  00008296    00000032     libc.a : strstr.c.obj (.text.strstr)
                  000082c8    00000030     driverlib.a : dl_i2c.o (.text.DL_I2C_flushControllerRXFIFO)
                  000082f8    00000030                 : dl_uart.o (.text.DL_UART_transmitDataBlocking)
                  00008328    00000030     libc.a : _printfi.c.obj (.text._fcpy)
                  00008358    00000030            : vsnprintf.c.obj (.text._outs)
                  00008388    00000030     gauge.o (.text.gauge_cmd_read)
                  000083b8    0000002c     BQ27Z7_functions.o (.text.BQ27Z746_Init)
                  000083e4    0000002c     mb85rs.o (.text.MB85RS_Init)
                  00008410    0000002c     spi_mem.o (.text.SPI0_IRQHandler)
                  0000843c    0000002c     spi_mem.o (.text.SPI_Memory_Init)
                  00008468    0000002c     libclang_rt.builtins.a : floatsidf.S.obj (.text.__floatsidf)
                  00008494    00000028                            : floatunsisf.S.obj (.text.__floatunsisf)
                  000084bc    00000028     libc.a : boot_cortex_m.c.obj (.text:_c_int00_noargs)
                  000084e4    00000026     driverlib.a : dl_i2c.o (.text.DL_I2C_setClockConfig)
                  0000850a    00000026     libc.a : strspn.c.obj (.text.strspn)
                  00008530    00000024     BQ25628_functions.o (.text.BQ25628E_ReadReg16)
                  00008554    00000024     BQ25628_functions.o (.text.BQ25628E_ReadReg8)
                  00008578    00000024     BQ25628_functions.o (.text.BQ25628E_WriteReg16)
                  0000859c    00000024     spi_master.o (.text.SPI_Controller_Init)
                  000085c0    00000024     libclang_rt.builtins.a : muldi3.S.obj (.text.__muldi3)
                  000085e4    00000024     libc.a : strcspn.c.obj (.text.strcspn)
                  00008608    00000022            : memccpy.c.obj (.text.memccpy)
                  0000862a    00000002     --HOLE-- [fill = 0]
                  0000862c    00000020     BQ25628_functions.o (.text.BQ25628E_WriteReg8)
                  0000864c    00000020     BQ27Z7_functions.o (.text.BQ27Z746_ReadInternalTemp_C)
                  0000866c    00000020     BQ27Z7_functions.o (.text.BQ27Z746_ReadTemperature_C)
                  0000868c    00000020     uart.o (.text.uart_init)
                  000086ac    0000001e     BQ27Z7_functions.o (.text.BQ27Z746_MAC_Send)
                  000086ca    00000002     --HOLE-- [fill = 0]
                  000086cc    0000001e     libclang_rt.builtins.a : ashldi3.S.obj (.text.__ashldi3)
                  000086ea    00000002     --HOLE-- [fill = 0]
                  000086ec    0000001c     driverlib.a : dl_timer.o (.text.DL_Timer_setCaptCompUpdateMethod)
                  00008708    0000001c                 : dl_timer.o (.text.DL_Timer_setClockConfig)
                  00008724    0000001c     i2c.o (.text.i2c_init)
                  00008740    00000018     driverlib.a : dl_timer.o (.text.DL_Timer_setCaptureCompareOutCtl)
                  00008758    00000018     ti_msp_dl_config.o (.text.SYSCFG_DL_DMA_CH0_init)
                  00008770    00000018     ti_msp_dl_config.o (.text.SYSCFG_DL_DMA_CH1_init)
                  00008788    00000018     ti_msp_dl_config.o (.text.SYSCFG_DL_DMA_CH2_init)
                  000087a0    00000018     ti_msp_dl_config.o (.text.SYSCFG_DL_DMA_CH3_init)
                  000087b8    00000018     main.o (.text.UART0_IRQHandler)
                  000087d0    00000018     libc.a : vsnprintf.c.obj (.text._outc)
                  000087e8    00000014     ti_msp_dl_config.o (.text.SYSCFG_DL_DMA_init)
                  000087fc    00000014     libclang_rt.builtins.a : aeabi_uldivmod.S.obj (.text.__aeabi_uldivmod)
                  00008810    00000014     libc.a : _printfi.c.obj (.text.strchr)
                  00008824    00000012     driverlib.a : dl_spi.o (.text.DL_SPI_setClockConfig)
                  00008836    00000012                 : dl_uart.o (.text.DL_UART_setClockConfig)
                  00008848    00000012     libc.a : copy_decompress_none.c.obj (.text:decompress:none)
                  0000885a    00000002     --HOLE-- [fill = 0]
                  0000885c    00000010     BQ27Z7_functions.o (.text.BQ27Z746_IsDischarging)
                  0000886c    00000010     BQ27Z7_functions.o (.text.BQ27Z746_IsFullyCharged)
                  0000887c    00000010     BQ27Z7_functions.o (.text.BQ27Z746_IsFullyDischarged)
                  0000888c    00000010     driverlib.a : dl_timer.o (.text.DL_Timer_setCaptureCompareValue)
                  0000889c    00000010     i2c.o (.text.I2C0_IRQHandler)
                  000088ac    00000010     i2c.o (.text.I2C1_IRQHandler)
                  000088bc    00000010     BoardAPI.o (.text.LED_flash_stop)
                  000088cc    00000010     BoardAPI.o (.text.LED_get_current)
                  000088dc    00000010     spi_mem.o (.text.SPI_Memory_CS_Deassert)
                  000088ec    00000010     BoardAPI.o (.text.disable_led_boost)
                  000088fc    00000010     BoardAPI.o (.text.enable_led_boost)
                  0000890c    00000010     gauge.o (.text.gauge_address)
                  0000891c    00000010     libc.a : wcslen.c.obj (.text.wcslen)
                  0000892c    00000010            : copy_zero_init.c.obj (.text:decompress:ZI)
                  0000893c    0000000e     libclang_rt.builtins.a : aeabi_memset.S.obj (.text.__aeabi_memset)
                  0000894a    0000000e     libc.a : _printfi.c.obj (.text.strlen)
                  00008958    0000000c     BQ25628_functions.o (.text.BQ25628E_Get_IBAT_mA)
                  00008964    0000000c     BQ25628_functions.o (.text.BQ25628E_Get_IBUS_mA)
                  00008970    0000000c     BQ25628_functions.o (.text.BQ25628E_Get_VBAT_mV)
                  0000897c    0000000c     BQ25628_functions.o (.text.BQ25628E_Get_VBUS_mV)
                  00008988    0000000c     BQ25628_functions.o (.text.BQ25628E_Get_VSYS_mV)
                  00008994    0000000c     BQ27Z7_functions.o (.text.BQ27Z746_Get_AvgCurrent_mA)
                  000089a0    0000000c     BQ27Z7_functions.o (.text.BQ27Z746_Get_AvgPower_mW)
                  000089ac    0000000c     BQ27Z7_functions.o (.text.BQ27Z746_Get_BatteryStatus)
                  000089b8    0000000c     BQ27Z7_functions.o (.text.BQ27Z746_Get_Current_mA)
                  000089c4    0000000c     BQ27Z7_functions.o (.text.BQ27Z746_Get_CycleCount)
                  000089d0    0000000c     BQ27Z7_functions.o (.text.BQ27Z746_Get_FullChargeCap_mAh)
                  000089dc    0000000c     BQ27Z7_functions.o (.text.BQ27Z746_Get_InternalTemp_C)
                  000089e8    0000000c     BQ27Z7_functions.o (.text.BQ27Z746_Get_RemainingCap_mAh)
                  000089f4    0000000c     BQ27Z7_functions.o (.text.BQ27Z746_Get_SOC_pct)
                  00008a00    0000000c     BQ27Z7_functions.o (.text.BQ27Z746_Get_StateOfHealth_pct)
                  00008a0c    0000000c     BQ27Z7_functions.o (.text.BQ27Z746_Get_Temperature_C)
                  00008a18    0000000c     BQ27Z7_functions.o (.text.BQ27Z746_Get_TimeToEmpty_min)
                  00008a24    0000000c     BQ27Z7_functions.o (.text.BQ27Z746_Get_TimeToFull_min)
                  00008a30    0000000c     BQ27Z7_functions.o (.text.BQ27Z746_Get_Voltage_mV)
                  00008a3c    0000000c     BQ27Z7_functions.o (.text.BQ27Z746_ReadAvgCurrent_mA)
                  00008a48    0000000c     BQ27Z7_functions.o (.text.BQ27Z746_ReadAvgPower_mW)
                  00008a54    0000000c     BQ27Z7_functions.o (.text.BQ27Z746_ReadBatteryStatus)
                  00008a60    0000000c     BQ27Z7_functions.o (.text.BQ27Z746_ReadCurrent_mA)
                  00008a6c    0000000c     BQ27Z7_functions.o (.text.BQ27Z746_ReadCycleCount)
                  00008a78    0000000c     BQ27Z7_functions.o (.text.BQ27Z746_ReadFullChargeCap_mAh)
                  00008a84    0000000c     BQ27Z7_functions.o (.text.BQ27Z746_ReadRemainingCap_mAh)
                  00008a90    0000000c     BQ27Z7_functions.o (.text.BQ27Z746_ReadSOC_pct)
                  00008a9c    0000000c     BQ27Z7_functions.o (.text.BQ27Z746_ReadStateOfHealth_pct)
                  00008aa8    0000000c     BQ27Z7_functions.o (.text.BQ27Z746_ReadTimeToEmpty_min)
                  00008ab4    0000000c     BQ27Z7_functions.o (.text.BQ27Z746_ReadTimeToFull_min)
                  00008ac0    0000000c     BQ27Z7_functions.o (.text.BQ27Z746_ReadVoltage_mV)
                  00008acc    0000000c     BoardAPI.o (.text.LED_get_voltage)
                  00008ad8    0000000c     spi_mem.o (.text.SPI_Memory_CS_Assert)
                  00008ae4    0000000c     ZDP323B.o (.text.ZDP323B_MotionISR)
                  00008af0    0000000c     libclang_rt.builtins.a : aeabi_memset.S.obj (.text.__aeabi_memclr)
                  00008afc    0000000a     driverlib.a : dl_common.o (.text.DL_Common_delayCycles)
                  00008b06    0000000a     libc.a : _printfi.c.obj (.text.OUTLINED_FUNCTION_0)
                  00008b10    00000010     libclang_rt.builtins.a : adddf3.S.obj (.tramp.__aeabi_dsub.1)
                  00008b20    0000000a     libc.a : s_roundf.c.obj (.text.OUTLINED_FUNCTION_0)
                  00008b2a    00000002     --HOLE-- [fill = 0]
                  00008b2c    00000010     libclang_rt.builtins.a : addsf3.S.obj (.tramp.__aeabi_fadd.1)
                  00008b3c    0000000a     libc.a : _printfi.c.obj (.text.OUTLINED_FUNCTION_1)
                  00008b46    00000002     --HOLE-- [fill = 0]
                  00008b48    00000008            : aeabi_portable.c.obj (.text.__aeabi_errno_addr)
                  00008b50    00000008     libclang_rt.builtins.a : aeabi_memcpy.S.obj (.text.__aeabi_memcpy)
                  00008b58    00000006     libc.a : exit.c.obj (.text:abort)
                  00008b5e    00000004     libsysbm.a : hostexit.c.obj (.text.HOSTexit)
                  00008b62    00000004     startup_mspm0g350x_ticlang.o (.text.Reset_Handler)
                  00008b66    00000004     libc.a : pre_init.c.obj (.text._system_pre_init)
                  00008b6a    00000006     --HOLE-- [fill = 0]

.cinit     0    0000bfc0    00000188     
                  0000bfc0    00000164     (.cinit..data.load) [load image, compression = lzss]
                  0000c124    0000000c     (__TI_handler_table)
                  0000c130    00000008     (.cinit..bss.load) [load image, compression = zero_init]
                  0000c138    00000010     (__TI_cinit_table)

.rodata    0    00008b70    00003450     
                  00008b70    000002ec     functions.o (.rodata.str1.14660004578859228044.1)
                  00008e5c    000001da     functions.o (.rodata.str1.17600609178903569978.1)
                  00009036    000001b3     functions.o (.rodata.str1.3019495220097340546.1)
                  000091e9    00000131     functions.o (.rodata.str1.14424774467072349609.1)
                  0000931a    00000107     functions.o (.rodata.str1.1174942412544543362.1)
                  00009421    0000000f     functions.o (.rodata.str1.1434866316927325970.1)
                  00009430    00000101     libc.a : aeabi_ctype.S.obj (.rodata:__aeabi_ctype_table_)
                  00009531    000000f4     functions.o (.rodata.str1.18059599449896579509.1)
                  00009625    000000af     functions.o (.rodata.str1.10105263805998509149.1)
                  000096d4    00000046     functions.o (.rodata.str1.14754684760099289372.1)
                  0000971a    00000041     functions.o (.rodata.str1.2344728598999326712.1)
                  0000975b    00000040     RAK3172.o (.rodata.str1.8036733024251265150.1)
                  0000979b    0000003f     functions.o (.rodata.str1.5352344875588335774.1)
                  000097da    0000003d     RAK3172.o (.rodata.str1.6449940769916495429.1)
                  00009817    0000003c     functions.o (.rodata.str1.6596733414268854495.1)
                  00009853    0000003b     functions.o (.rodata.str1.13405053720543497480.1)
                  0000988e    0000003b     main.o (.rodata.str1.39260288392874984.1)
                  000098c9    0000003b     functions.o (.rodata.str1.9863839573043808502.1)
                  00009904    0000003a     functions.o (.rodata.str1.13647871663007229205.1)
                  0000993e    00000038     functions.o (.rodata.str1.14891510999279312204.1)
                  00009976    00000038     functions.o (.rodata.str1.2911829737590962714.1)
                  000099ae    00000037     functions.o (.rodata.str1.1832783851567210609.1)
                  000099e5    00000036     functions.o (.rodata.str1.11740181311745255940.1)
                  00009a1b    00000036     functions.o (.rodata.str1.5685701548624197313.1)
                  00009a51    00000034     functions.o (.rodata.str1.11489194655681450928.1)
                  00009a85    00000034     functions.o (.rodata.str1.13869735989619804122.1)
                  00009ab9    00000033     functions.o (.rodata.str1.13877888024071246384.1)
                  00009aec    00000033     functions.o (.rodata.str1.14425403555696131028.1)
                  00009b1f    00000033     functions.o (.rodata.str1.15303011696885085265.1)
                  00009b52    00000033     ZDP323B.o (.rodata.str1.6426932092013501745.1)
                  00009b85    00000032     ZDP323B.o (.rodata.str1.13049244076617931570.1)
                  00009bb7    00000032     functions.o (.rodata.str1.15231467846776008763.1)
                  00009be9    00000032     functions.o (.rodata.str1.15500694823524375836.1)
                  00009c1b    00000032     functions.o (.rodata.str1.564048024001813562.1)
                  00009c4d    00000031     functions.o (.rodata.str1.11330391477773130853.1)
                  00009c7e    00000031     functions.o (.rodata.str1.11371842499512143921.1)
                  00009caf    00000031     functions.o (.rodata.str1.13529407018213730301.1)
                  00009ce0    00000031     main.o (.rodata.str1.14402440632258215044.1)
                  00009d11    00000031     ZDP323B.o (.rodata.str1.15253925937945711900.1)
                  00009d42    00000031     ZDP323B.o (.rodata.str1.3608069722927596962.1)
                  00009d73    00000030     main.o (.rodata.str1.6554448696319176064.1)
                  00009da3    0000002f     RAK3172.o (.rodata.str1.10028879068347983061.1)
                  00009dd2    0000002f     main.o (.rodata.str1.10753028060609409702.1)
                  00009e01    0000002f     functions.o (.rodata.str1.11510568493784519380.1)
                  00009e30    0000002f     main.o (.rodata.str1.18227636981041470289.1)
                  00009e5f    0000002f     functions.o (.rodata.str1.5574861860302912700.1)
                  00009e8e    0000002e     functions.o (.rodata.str1.10121604327849672915.1)
                  00009ebc    0000002e     functions.o (.rodata.str1.1810987313933839541.1)
                  00009eea    0000002e     RAK3172.o (.rodata.str1.7199972899484323784.1)
                  00009f18    0000002e     functions.o (.rodata.str1.8684894204910267454.1)
                  00009f46    0000002d     functions.o (.rodata.str1.13361924668150654931.1)
                  00009f73    0000002d     functions.o (.rodata.str1.13786467237224150958.1)
                  00009fa0    0000002d     functions.o (.rodata.str1.15871961652988661611.1)
                  00009fcd    0000002d     functions.o (.rodata.str1.17873271132953962449.1)
                  00009ffa    0000002d     functions.o (.rodata.str1.303947978237559523.1)
                  0000a027    0000002d     ZDP323B.o (.rodata.str1.3439872134578313174.1)
                  0000a054    0000002c     main.o (.rodata.str1.8428454045432808059.1)
                  0000a080    0000002b     functions.o (.rodata.str1.6505750907013116089.1)
                  0000a0ab    0000002b     functions.o (.rodata.str1.7213520456192855849.1)
                  0000a0d6    0000002b     functions.o (.rodata.str1.963556741755692615.1)
                  0000a101    0000002a     functions.o (.rodata.str1.11852899632267644254.1)
                  0000a12b    0000002a     functions.o (.rodata.str1.13933329845969146692.1)
                  0000a155    0000002a     functions.o (.rodata.str1.17242831494859343374.1)
                  0000a17f    0000002a     functions.o (.rodata.str1.8975528390176846916.1)
                  0000a1a9    00000029     main.o (.rodata.str1.11702106008850790973.1)
                  0000a1d2    00000029     ZDP323B.o (.rodata.str1.11817068701145566633.1)
                  0000a1fb    00000029     functions.o (.rodata.str1.14212890215622683485.1)
                  0000a224    00000029     RAK3172.o (.rodata.str1.952859593106619019.1)
                  0000a24d    00000028     functions.o (.rodata.str1.13707145581914847747.1)
                  0000a275    00000027     main.o (.rodata.str1.11870794119293528247.1)
                  0000a29c    00000027     main.o (.rodata.str1.13959864503700487862.1)
                  0000a2c3    00000027     main.o (.rodata.str1.16631870348416990953.1)
                  0000a2ea    00000027     functions.o (.rodata.str1.7085808795165203043.1)
                  0000a311    00000026     functions.o (.rodata.str1.11596568296542930794.1)
                  0000a337    00000026     main.o (.rodata.str1.13510909575694371129.1)
                  0000a35d    00000026     main.o (.rodata.str1.14712910685067215323.1)
                  0000a383    00000026     functions.o (.rodata.str1.2412787792798810337.1)
                  0000a3a9    00000026     functions.o (.rodata.str1.312031595841812858.1)
                  0000a3cf    00000026     ZDP323B.o (.rodata.str1.7320712112201950441.1)
                  0000a3f5    00000025     main.o (.rodata.str1.10313062130652730376.1)
                  0000a41a    00000025     main.o (.rodata.str1.13782249893155712474.1)
                  0000a43f    00000025     main.o (.rodata.str1.14079361385603432444.1)
                  0000a464    00000025     RAK3172.o (.rodata.str1.1431870457548161368.1)
                  0000a489    00000025     functions.o (.rodata.str1.1545240438815278529.1)
                  0000a4ae    00000025     functions.o (.rodata.str1.17819248719987149311.1)
                  0000a4d3    00000025     functions.o (.rodata.str1.5196872854305757230.1)
                  0000a4f8    00000024     main.o (.rodata.str1.11121730273200050387.1)
                  0000a51c    00000024     main.o (.rodata.str1.13030671760666898970.1)
                  0000a540    00000024     main.o (.rodata.str1.14112174005742061988.1)
                  0000a564    00000024     RAK3172.o (.rodata.str1.1487736462859196529.1)
                  0000a588    00000024     functions.o (.rodata.str1.1813704926491365237.1)
                  0000a5ac    00000024     functions.o (.rodata.str1.2298903785866919411.1)
                  0000a5d0    00000024     RAK3172.o (.rodata.str1.2864539900761302690.1)
                  0000a5f4    00000024     RAK3172.o (.rodata.str1.4186403716999476052.1)
                  0000a618    00000024     ZDP323B.o (.rodata.str1.5543880619177829359.1)
                  0000a63c    00000024     functions.o (.rodata.str1.831622212789273363.1)
                  0000a660    00000023     uart.o (.rodata.str1.14464947116831474962.1)
                  0000a683    00000023     functions.o (.rodata.str1.3739636256912452571.1)
                  0000a6a6    00000023     functions.o (.rodata.str1.4088760258362988122.1)
                  0000a6c9    00000023     functions.o (.rodata.str1.417100376825835908.1)
                  0000a6ec    00000023     functions.o (.rodata.str1.7723146404961276984.1)
                  0000a70f    00000023     main.o (.rodata.str1.9059077390166914652.1)
                  0000a732    00000022     main.o (.rodata.str1.10865113624938808685.1)
                  0000a754    00000022     functions.o (.rodata.str1.10930655922842606279.1)
                  0000a776    00000022     functions.o (.rodata.str1.11373607083750233779.1)
                  0000a798    00000022     functions.o (.rodata.str1.11403685632016021771.1)
                  0000a7ba    00000022     functions.o (.rodata.str1.16614484817706633923.1)
                  0000a7dc    00000022     functions.o (.rodata.str1.2190941444116491765.1)
                  0000a7fe    00000022     functions.o (.rodata.str1.2305192595417680505.1)
                  0000a820    00000022     main.o (.rodata.str1.5043408953494467246.1)
                  0000a842    00000022     main.o (.rodata.str1.6365796992934770792.1)
                  0000a864    00000022     functions.o (.rodata.str1.7319270408353279736.1)
                  0000a886    00000022     functions.o (.rodata.str1.8841248051089024616.1)
                  0000a8a8    00000021     functions.o (.rodata.str1.10302267126528799586.1)
                  0000a8c9    00000021     functions.o (.rodata.str1.11345522308171243087.1)
                  0000a8ea    00000021     functions.o (.rodata.str1.12250083639950253671.1)
                  0000a90b    00000021     functions.o (.rodata.str1.16726128468901222387.1)
                  0000a92c    00000021     functions.o (.rodata.str1.17004305802620412261.1)
                  0000a94d    00000021     functions.o (.rodata.str1.17121790288170408763.1)
                  0000a96e    00000021     functions.o (.rodata.str1.17387986676834450725.1)
                  0000a98f    00000021     functions.o (.rodata.str1.18169768820860067831.1)
                  0000a9b0    00000021     functions.o (.rodata.str1.2090819679678785128.1)
                  0000a9d1    00000021     functions.o (.rodata.str1.2216088936736676215.1)
                  0000a9f2    00000021     main.o (.rodata.str1.2256192789054937243.1)
                  0000aa13    00000021     functions.o (.rodata.str1.2654337880733388962.1)
                  0000aa34    00000021     functions.o (.rodata.str1.3098115528246613681.1)
                  0000aa55    00000021     functions.o (.rodata.str1.3322434249706281543.1)
                  0000aa76    00000021     functions.o (.rodata.str1.4531601087117612729.1)
                  0000aa97    00000021     functions.o (.rodata.str1.455706336395187257.1)
                  0000aab8    00000021     functions.o (.rodata.str1.812177498809953536.1)
                  0000aad9    00000021     functions.o (.rodata.str1.8430466031500812981.1)
                  0000aafa    00000021     functions.o (.rodata.str1.8989266583668574770.1)
                  0000ab1b    00000001     --HOLE-- [fill = 0]
                  0000ab1c    00000020     functions.o (.rodata..Lswitch.table.cmd_pir.310)
                  0000ab3c    00000020     functions.o (.rodata.str1.10387253022637546114.1)
                  0000ab5c    00000020     functions.o (.rodata.str1.10514892771341585404.1)
                  0000ab7c    00000020     functions.o (.rodata.str1.10868672936327135180.1)
                  0000ab9c    00000020     functions.o (.rodata.str1.11488970495173820783.1)
                  0000abbc    00000020     functions.o (.rodata.str1.14247832736261690914.1)
                  0000abdc    00000020     functions.o (.rodata.str1.16499007181999684178.1)
                  0000abfc    00000020     functions.o (.rodata.str1.16985884696085998545.1)
                  0000ac1c    00000020     functions.o (.rodata.str1.17524032667240931881.1)
                  0000ac3c    00000020     functions.o (.rodata.str1.17954340015018547257.1)
                  0000ac5c    00000020     functions.o (.rodata.str1.1879081474855052955.1)
                  0000ac7c    00000020     functions.o (.rodata.str1.2347775125427912132.1)
                  0000ac9c    00000020     functions.o (.rodata.str1.2989574447005584482.1)
                  0000acbc    00000020     functions.o (.rodata.str1.4892436572911226530.1)
                  0000acdc    00000020     main.o (.rodata.str1.6976963560179378225.1)
                  0000acfc    00000020     functions.o (.rodata.str1.9506313465773766142.1)
                  0000ad1c    0000001f     functions.o (.rodata.str1.10620974771816488631.1)
                  0000ad3b    0000001f     functions.o (.rodata.str1.10779513392166034331.1)
                  0000ad5a    0000001f     functions.o (.rodata.str1.12716756795433194893.1)
                  0000ad79    0000001f     ZDP323B.o (.rodata.str1.13908428614379841002.1)
                  0000ad98    0000001f     main.o (.rodata.str1.16265332423659789559.1)
                  0000adb7    0000001f     functions.o (.rodata.str1.2618360898605671341.1)
                  0000add6    0000001f     functions.o (.rodata.str1.3741468063811768988.1)
                  0000adf5    0000001f     functions.o (.rodata.str1.391113973767205363.1)
                  0000ae14    0000001f     functions.o (.rodata.str1.5445248913733296825.1)
                  0000ae33    0000001f     functions.o (.rodata.str1.7261598007108977983.1)
                  0000ae52    0000001f     functions.o (.rodata.str1.7667325258934765219.1)
                  0000ae71    0000001f     functions.o (.rodata.str1.947937177233202452.1)
                  0000ae90    0000001e     functions.o (.rodata.str1.11548324711019379123.1)
                  0000aeae    0000001e     functions.o (.rodata.str1.13258710136769708401.1)
                  0000aecc    0000001e     functions.o (.rodata.str1.15416425971347363818.1)
                  0000aeea    0000001e     functions.o (.rodata.str1.17124744513834159004.1)
                  0000af08    0000001e     functions.o (.rodata.str1.2132137826339264873.1)
                  0000af26    0000001e     functions.o (.rodata.str1.2153166669032916089.1)
                  0000af44    0000001e     functions.o (.rodata.str1.8276779995786722914.1)
                  0000af62    0000001e     functions.o (.rodata.str1.9393216526452698668.1)
                  0000af80    0000001e     functions.o (.rodata.str1.9629253951102113371.1)
                  0000af9e    0000001d     functions.o (.rodata.str1.10029850049327752681.1)
                  0000afbb    0000001d     functions.o (.rodata.str1.12012936333037231797.1)
                  0000afd8    0000001d     functions.o (.rodata.str1.12122565456592184258.1)
                  0000aff5    0000001d     functions.o (.rodata.str1.1787322033648190911.1)
                  0000b012    0000001d     functions.o (.rodata.str1.3945811098438947860.1)
                  0000b02f    0000001d     functions.o (.rodata.str1.67103668184455600.1)
                  0000b04c    0000001c     functions.o (.rodata.str1.11158820112163685190.1)
                  0000b068    0000001c     main.o (.rodata.str1.12180500075719773345.1)
                  0000b084    0000001c     functions.o (.rodata.str1.14504089057119714207.1)
                  0000b0a0    0000001c     functions.o (.rodata.str1.17112998893623131760.1)
                  0000b0bc    0000001c     functions.o (.rodata.str1.17418132220924322792.1)
                  0000b0d8    0000001c     functions.o (.rodata.str1.2090735207208419621.1)
                  0000b0f4    0000001c     functions.o (.rodata.str1.638703247069904128.1)
                  0000b110    0000001c     functions.o (.rodata.str1.7162303493627050396.1)
                  0000b12c    0000001c     functions.o (.rodata.str1.823074591787180899.1)
                  0000b148    0000001b     functions.o (.rodata.str1.12869987097872302101.1)
                  0000b163    0000001b     functions.o (.rodata.str1.13213250456124221025.1)
                  0000b17e    0000001b     functions.o (.rodata.str1.15241132200125037881.1)
                  0000b199    0000001b     functions.o (.rodata.str1.16937093305108365645.1)
                  0000b1b4    0000001b     functions.o (.rodata.str1.17669684748118727147.1)
                  0000b1cf    0000001b     main.o (.rodata.str1.3530083166107438000.1)
                  0000b1ea    0000001b     functions.o (.rodata.str1.4198453541086758413.1)
                  0000b205    0000001b     functions.o (.rodata.str1.504123949362312185.1)
                  0000b220    0000001b     functions.o (.rodata.str1.6579945242302544448.1)
                  0000b23b    0000001b     functions.o (.rodata.str1.6954128830300373732.1)
                  0000b256    0000001b     functions.o (.rodata.str1.771275161403278999.1)
                  0000b271    0000001b     functions.o (.rodata.str1.9586352787182320994.1)
                  0000b28c    0000001a     functions.o (.rodata.str1.10394495994740858438.1)
                  0000b2a6    0000001a     functions.o (.rodata.str1.10821967500945095815.1)
                  0000b2c0    0000001a     functions.o (.rodata.str1.11584461607463951922.1)
                  0000b2da    0000001a     functions.o (.rodata.str1.11621569494667626893.1)
                  0000b2f4    0000001a     functions.o (.rodata.str1.12609848238114409581.1)
                  0000b30e    0000001a     functions.o (.rodata.str1.13060549876486072544.1)
                  0000b328    0000001a     functions.o (.rodata.str1.15914577833492633752.1)
                  0000b342    0000001a     functions.o (.rodata.str1.2423760133235791839.1)
                  0000b35c    0000001a     functions.o (.rodata.str1.2872345601479061820.1)
                  0000b376    0000001a     main.o (.rodata.str1.7996925722583989644.1)
                  0000b390    0000001a     functions.o (.rodata.str1.976629323795015702.1)
                  0000b3aa    0000001a     functions.o (.rodata.str1.9987864939932165754.1)
                  0000b3c4    00000019     functions.o (.rodata.str1.15581223450256929385.1)
                  0000b3dd    00000019     main.o (.rodata.str1.16302215771116645891.1)
                  0000b3f6    00000019     functions.o (.rodata.str1.2006883888705870762.1)
                  0000b40f    00000019     functions.o (.rodata.str1.6934290517616500964.1)
                  0000b428    00000019     functions.o (.rodata.str1.7293844269889091573.1)
                  0000b441    00000019     functions.o (.rodata.str1.9504405780896684869.1)
                  0000b45a    00000002     ti_msp_dl_config.o (.rodata.gI2C_0ClockConfig)
                  0000b45c    00000018     ti_msp_dl_config.o (.rodata.gDMA_CH0Config)
                  0000b474    00000018     ti_msp_dl_config.o (.rodata.gDMA_CH1Config)
                  0000b48c    00000018     ti_msp_dl_config.o (.rodata.gDMA_CH2Config)
                  0000b4a4    00000018     ti_msp_dl_config.o (.rodata.gDMA_CH3Config)
                  0000b4bc    00000018     ZDP323B.o (.rodata.str1.13872368284913790327.1)
                  0000b4d4    00000018     functions.o (.rodata.str1.14826907694073300720.1)
                  0000b4ec    00000018     functions.o (.rodata.str1.15647711897633472048.1)
                  0000b504    00000018     functions.o (.rodata.str1.3293202025561435839.1)
                  0000b51c    00000018     functions.o (.rodata.str1.3544098629501009633.1)
                  0000b534    00000018     functions.o (.rodata.str1.3687520451400334805.1)
                  0000b54c    00000018     functions.o (.rodata.str1.4307635291288551838.1)
                  0000b564    00000018     functions.o (.rodata.str1.5556253844797924259.1)
                  0000b57c    00000018     main.o (.rodata.str1.8154729771448623357.1)
                  0000b594    00000017     main.o (.rodata.str1.10003710380724733530.1)
                  0000b5ab    00000017     functions.o (.rodata.str1.11087625087312282266.1)
                  0000b5c2    00000017     functions.o (.rodata.str1.1121117191475404019.1)
                  0000b5d9    00000017     functions.o (.rodata.str1.13497160822588500659.1)
                  0000b5f0    00000017     functions.o (.rodata.str1.15981603964029308583.1)
                  0000b607    00000017     main.o (.rodata.str1.16856034117330037696.1)
                  0000b61e    00000017     functions.o (.rodata.str1.17162129685140799346.1)
                  0000b635    00000017     functions.o (.rodata.str1.17500777133379660036.1)
                  0000b64c    00000017     functions.o (.rodata.str1.1798579838546719175.1)
                  0000b663    00000017     functions.o (.rodata.str1.18319551690001788249.1)
                  0000b67a    00000017     main.o (.rodata.str1.2255554096259913709.1)
                  0000b691    00000017     functions.o (.rodata.str1.3107984650851015417.1)
                  0000b6a8    00000017     functions.o (.rodata.str1.4144252613811081812.1)
                  0000b6bf    00000017     main.o (.rodata.str1.489408286258209761.1)
                  0000b6d6    00000017     functions.o (.rodata.str1.5896414462293131170.1)
                  0000b6ed    00000017     functions.o (.rodata.str1.7276749916342729794.1)
                  0000b704    00000017     functions.o (.rodata.str1.8683587540435544184.1)
                  0000b71b    00000016     functions.o (.rodata.str1.13750405472340812261.1)
                  0000b731    00000016     functions.o (.rodata.str1.14296218639596138037.1)
                  0000b747    00000016     functions.o (.rodata.str1.14626576299884526934.1)
                  0000b75d    00000016     functions.o (.rodata.str1.1463293767001829125.1)
                  0000b773    00000016     uart.o (.rodata.str1.15503172443992438641.1)
                  0000b789    00000016     functions.o (.rodata.str1.16113805747440866019.1)
                  0000b79f    00000016     functions.o (.rodata.str1.17016031596792030868.1)
                  0000b7b5    00000016     functions.o (.rodata.str1.1912318065655334061.1)
                  0000b7cb    00000016     functions.o (.rodata.str1.5117621188084071403.1)
                  0000b7e1    00000016     RAK3172.o (.rodata.str1.7051730511231219024.1)
                  0000b7f7    00000016     main.o (.rodata.str1.8096991282711418442.1)
                  0000b80d    00000015     functions.o (.rodata.str1.11457859038367029433.1)
                  0000b822    00000015     main.o (.rodata.str1.1311392489248731986.1)
                  0000b837    00000015     functions.o (.rodata.str1.13291850131445628085.1)
                  0000b84c    00000015     functions.o (.rodata.str1.13318008327193210645.1)
                  0000b861    00000015     RAK3172.o (.rodata.str1.13521612804400909485.1)
                  0000b876    00000015     functions.o (.rodata.str1.14079700471513303319.1)
                  0000b88b    00000015     functions.o (.rodata.str1.14779408147115502373.1)
                  0000b8a0    00000015     functions.o (.rodata.str1.16344480386849582482.1)
                  0000b8b5    00000015     functions.o (.rodata.str1.17171889877841249491.1)
                  0000b8ca    00000015     functions.o (.rodata.str1.18285776561876861988.1)
                  0000b8df    00000015     functions.o (.rodata.str1.5514502381961403268.1)
                  0000b8f4    00000015     functions.o (.rodata.str1.6275033222440079959.1)
                  0000b909    00000015     functions.o (.rodata.str1.7987950595137088371.1)
                  0000b91e    00000015     functions.o (.rodata.str1.8058481654977393815.1)
                  0000b933    00000015     uart.o (.rodata.str1.8171864734171609186.1)
                  0000b948    00000014     functions.o (.rodata..Lswitch.table.cmd_gauge)
                  0000b95c    00000014     functions.o (.rodata.str1.13052596014025790475.1)
                  0000b970    00000014     functions.o (.rodata.str1.16059144329163883794.1)
                  0000b984    00000014     functions.o (.rodata.str1.4910338030008278487.1)
                  0000b998    00000014     functions.o (.rodata.str1.5905555877690922764.1)
                  0000b9ac    00000014     functions.o (.rodata.str1.7324634916810494498.1)
                  0000b9c0    00000014     main.o (.rodata.str1.7784929982665794503.1)
                  0000b9d4    00000014     functions.o (.rodata.str1.9182000268108421340.1)
                  0000b9e8    00000014     functions.o (.rodata.str1.9955790773425000222.1)
                  0000b9fc    00000013     functions.o (.rodata.str1.17622889657162422067.1)
                  0000ba0f    00000013     functions.o (.rodata.str1.204082772225115829.1)
                  0000ba22    00000013     functions.o (.rodata.str1.3818782532712895722.1)
                  0000ba35    00000013     RAK3172.o (.rodata.str1.4152852479021548292.1)
                  0000ba48    00000013     functions.o (.rodata.str1.5293785561432609074.1)
                  0000ba5b    00000013     functions.o (.rodata.str1.5672502669058196221.1)
                  0000ba6e    00000013     RAK3172.o (.rodata.str1.9418084910429164153.1)
                  0000ba81    00000012     main.o (.rodata.str1.11321157723316767883.1)
                  0000ba93    00000012     functions.o (.rodata.str1.11391304066098951517.1)
                  0000baa5    00000012     RAK3172.o (.rodata.str1.11543366406793681780.1)
                  0000bab7    00000012     main.o (.rodata.str1.4829115146054326934.1)
                  0000bac9    00000012     main.o (.rodata.str1.6689794204546696417.1)
                  0000badb    00000011     libc.a : _printfi.c.obj (.rodata.str1.10348868589481759720.1)
                  0000baec    00000011     functions.o (.rodata.str1.15082562741968675383.1)
                  0000bafd    00000011     libc.a : _printfi.c.obj (.rodata.str1.15363888844622738466.1)
                  0000bb0e    00000011     main.o (.rodata.str1.17770841602246103764.1)
                  0000bb1f    00000011     main.o (.rodata.str1.2597068879322958637.1)
                  0000bb30    00000011     main.o (.rodata.str1.2624144126699937905.1)
                  0000bb41    00000011     main.o (.rodata.str1.403738606202455663.1)
                  0000bb52    00000011     main.o (.rodata.str1.625103348304617710.1)
                  0000bb63    00000011     functions.o (.rodata.str1.8855207564147674068.1)
                  0000bb74    00000010     functions.o (.rodata..Lswitch.table.cmd_fram)
                  0000bb84    00000010     functions.o (.rodata..Lswitch.table.cmd_pir.311)
                  0000bb94    00000010     main.o (.rodata..Lswitch.table.main)
                  0000bba4    00000010     functions.o (.rodata.str1.12247701732483370762.1)
                  0000bbb4    0000000f     functions.o (.rodata.str1.18426002669572504042.1)
                  0000bbc3    0000000f     functions.o (.rodata.str1.2372479248998020874.1)
                  0000bbd2    0000000f     functions.o (.rodata.str1.6405428687533244608.1)
                  0000bbe1    0000000f     functions.o (.rodata.str1.7684438339927393593.1)
                  0000bbf0    0000000e     main.o (.rodata.str1.11822182024223342093.1)
                  0000bbfe    0000000e     RAK3172.o (.rodata.str1.1968888313200872450.1)
                  0000bc0c    0000000e     functions.o (.rodata.str1.3274426514815924028.1)
                  0000bc1a    0000000e     functions.o (.rodata.str1.6433388484108913441.1)
                  0000bc28    0000000e     functions.o (.rodata.str1.6551616409717788252.1)
                  0000bc36    0000000d     functions.o (.rodata.str1.14249227603012650231.1)
                  0000bc43    0000000d     RAK3172.o (.rodata.str1.16764240914860288288.1)
                  0000bc50    0000000d     functions.o (.rodata.str1.17314209706061556526.1)
                  0000bc5d    0000000d     main.o (.rodata.str1.8828068777338075035.1)
                  0000bc6a    0000000c     main.o (.rodata.str1.10224226614597680209.1)
                  0000bc76    0000000c     functions.o (.rodata.str1.12082073636076449582.1)
                  0000bc82    0000000c     functions.o (.rodata.str1.12649739183381639352.1)
                  0000bc8e    0000000c     functions.o (.rodata.str1.2128294674425382420.1)
                  0000bc9a    0000000b     main.o (.rodata.str1.18092426736022315238.1)
                  0000bca5    0000000b     RAK3172.o (.rodata.str1.3379378337854271095.1)
                  0000bcb0    0000000b     functions.o (.rodata.str1.4040450050525152614.1)
                  0000bcbb    0000000b     functions.o (.rodata.str1.6500671132244866452.1)
                  0000bcc6    0000000a     ti_msp_dl_config.o (.rodata.gMCU_UART_1Config)
                  0000bcd0    0000000a     ti_msp_dl_config.o (.rodata.gSPI_0_config)
                  0000bcda    0000000a     ti_msp_dl_config.o (.rodata.gSPI_1_config)
                  0000bce4    0000000a     ti_msp_dl_config.o (.rodata.gUART_0Config)
                  0000bcee    0000000a     functions.o (.rodata.str1.12114497968925858118.1)
                  0000bcf8    0000000a     functions.o (.rodata.str1.1518209179495633459.1)
                  0000bd02    0000000a     main.o (.rodata.str1.288608917962107522.1)
                  0000bd0c    0000000a     main.o (.rodata.str1.4787932902692149498.1)
                  0000bd16    0000000a     functions.o (.rodata.str1.6736404338818286726.1)
                  0000bd20    0000000a     functions.o (.rodata.str1.6783150972682750781.1)
                  0000bd2a    0000000a     functions.o (.rodata.str1.9659379646541333203.1)
                  0000bd34    0000000a     functions.o (.rodata.str1.9866892624350641238.1)
                  0000bd3e    00000009     main.o (.rodata.str1.10720410773482754683.1)
                  0000bd47    00000009     functions.o (.rodata.str1.11364996628600094536.1)
                  0000bd50    00000009     main.o (.rodata.str1.11777244287787065045.1)
                  0000bd59    00000009     functions.o (.rodata.str1.12257129677820421622.1)
                  0000bd62    00000009     functions.o (.rodata.str1.13225435875195226696.1)
                  0000bd6b    00000009     main.o (.rodata.str1.14032527501195285070.1)
                  0000bd74    00000009     main.o (.rodata.str1.1928638051441818890.1)
                  0000bd7d    00000009     uart.o (.rodata.str1.2747995240747259486.1)
                  0000bd86    00000009     functions.o (.rodata.str1.5320122413559821118.1)
                  0000bd8f    00000009     functions.o (.rodata.str1.5699953771227312792.1)
                  0000bd98    00000009     functions.o (.rodata.str1.6743441520423956273.1)
                  0000bda1    00000008     functions.o (.rodata.cst8)
                  0000bda9    00000003     ti_msp_dl_config.o (.rodata.gBOOST_CONTROLClockConfig)
                  0000bdac    00000008     ti_msp_dl_config.o (.rodata.gBOOST_CONTROLConfig)
                  0000bdb4    00000008     ti_msp_dl_config.o (.rodata.gFLASH_CONTROLConfig)
                  0000bdbc    00000008     functions.o (.rodata.str1.11093425900794288272.1)
                  0000bdc4    00000008     functions.o (.rodata.str1.11517924573668616356.1)
                  0000bdcc    00000008     functions.o (.rodata.str1.12716370140545181522.1)
                  0000bdd4    00000008     functions.o (.rodata.str1.14464870060864390341.1)
                  0000bddc    00000008     main.o (.rodata.str1.14466178792657420020.1)
                  0000bde4    00000008     functions.o (.rodata.str1.15633490976573669152.1)
                  0000bdec    00000008     functions.o (.rodata.str1.15667472894159448674.1)
                  0000bdf4    00000008     functions.o (.rodata.str1.15927518266867229498.1)
                  0000bdfc    00000008     main.o (.rodata.str1.16709704744796600189.1)
                  0000be04    00000008     functions.o (.rodata.str1.16929425599360063401.1)
                  0000be0c    00000008     functions.o (.rodata.str1.2299744636238869032.1)
                  0000be14    00000008     main.o (.rodata.str1.2846389346932560359.1)
                  0000be1c    00000008     functions.o (.rodata.str1.3156050197955811031.1)
                  0000be24    00000008     functions.o (.rodata.str1.6886749528440134913.1)
                  0000be2c    00000008     functions.o (.rodata.str1.7162077660410253316.1)
                  0000be34    00000007     functions.o (.rodata.str1.14125585639945481457.1)
                  0000be3b    00000007     functions.o (.rodata.str1.15074034281527865494.1)
                  0000be42    00000007     RAK3172.o (.rodata.str1.15911937215791851105.1)
                  0000be49    00000007     functions.o (.rodata.str1.16429985753972473886.1)
                  0000be50    00000007     functions.o (.rodata.str1.17588442350683572369.1)
                  0000be57    00000007     functions.o (.rodata.str1.18157200286260056646.1)
                  0000be5e    00000007     functions.o (.rodata.str1.2576872358145254110.1)
                  0000be65    00000007     functions.o (.rodata.str1.2606492479815574346.1)
                  0000be6c    00000007     functions.o (.rodata.str1.3123360382440319361.1)
                  0000be73    00000007     main.o (.rodata.str1.5630281060179367396.1)
                  0000be7a    00000007     RAK3172.o (.rodata.str1.7659589185677606906.1)
                  0000be81    00000007     functions.o (.rodata.str1.8531227236847774710.1)
                  0000be88    00000006     functions.o (.rodata.str1.10146554888887806956.1)
                  0000be8e    00000006     RAK3172.o (.rodata.str1.11377292495379983061.1)
                  0000be94    00000006     functions.o (.rodata.str1.11538060877586311343.1)
                  0000be9a    00000006     functions.o (.rodata.str1.11655743873260979083.1)
                  0000bea0    00000006     functions.o (.rodata.str1.12410864860910897959.1)
                  0000bea6    00000006     functions.o (.rodata.str1.16699442666505370998.1)
                  0000beac    00000006     functions.o (.rodata.str1.17144429639171527548.1)
                  0000beb2    00000006     main.o (.rodata.str1.3292798375424520613.1)
                  0000beb8    00000006     functions.o (.rodata.str1.389011575781332116.1)
                  0000bebe    00000006     functions.o (.rodata.str1.4959705119256106851.1)
                  0000bec4    00000006     RAK3172.o (.rodata.str1.5699556646570721219.1)
                  0000beca    00000006     functions.o (.rodata.str1.5942940260138002656.1)
                  0000bed0    00000006     main.o (.rodata.str1.8108965883388295311.1)
                  0000bed6    00000005     functions.o (.rodata.str1.11900037607746946141.1)
                  0000bedb    00000005     functions.o (.rodata.str1.13183419841694627606.1)
                  0000bee0    00000005     RAK3172.o (.rodata.str1.14262890786185017876.1)
                  0000bee5    00000005     functions.o (.rodata.str1.14496393926573069083.1)
                  0000beea    00000005     main.o (.rodata.str1.15159059442110792349.1)
                  0000beef    00000005     functions.o (.rodata.str1.16757203657686794125.1)
                  0000bef4    00000005     main.o (.rodata.str1.2563708670032483588.1)
                  0000bef9    00000005     functions.o (.rodata.str1.2957129483359387701.1)
                  0000befe    00000005     functions.o (.rodata.str1.3066531604708884151.1)
                  0000bf03    00000005     functions.o (.rodata.str1.3172367308849033862.1)
                  0000bf08    00000005     functions.o (.rodata.str1.4214633535407782609.1)
                  0000bf0d    00000005     functions.o (.rodata.str1.502354497711140047.1)
                  0000bf12    00000005     RAK3172.o (.rodata.str1.7051719164982180226.1)
                  0000bf17    00000005     main.o (.rodata.str1.7702501944640899365.1)
                  0000bf1c    00000005     functions.o (.rodata.str1.8025679848303759470.1)
                  0000bf21    00000005     main.o (.rodata.str1.8076846746581808073.1)
                  0000bf26    00000005     functions.o (.rodata.str1.8113497073403762318.1)
                  0000bf2b    00000004     main.o (.rodata.str1.10635229749459437609.1)
                  0000bf2f    00000004     functions.o (.rodata.str1.11296493460036947760.1)
                  0000bf33    00000004     RAK3172.o (.rodata.str1.12259908581070838403.1)
                  0000bf37    00000004     functions.o (.rodata.str1.12871985577256932554.1)
                  0000bf3b    00000004     main.o (.rodata.str1.13288086030101331538.1)
                  0000bf3f    00000004     functions.o (.rodata.str1.16977936627528246064.1)
                  0000bf43    00000004     main.o (.rodata.str1.17045314124001216156.1)
                  0000bf47    00000004     main.o (.rodata.str1.17100691992556644108.1)
                  0000bf4b    00000004     main.o (.rodata.str1.17376258722486336754.1)
                  0000bf4f    00000004     main.o (.rodata.str1.2123964117280943167.1)
                  0000bf53    00000004     RAK3172.o (.rodata.str1.24814282407215182.1)
                  0000bf57    00000004     main.o (.rodata.str1.2763581881760962609.1)
                  0000bf5b    00000004     functions.o (.rodata.str1.3121139948745544124.1)
                  0000bf5f    00000004     functions.o (.rodata.str1.4561657886204501224.1)
                  0000bf63    00000004     RAK3172.o (.rodata.str1.4679612622393292609.1)
                  0000bf67    00000004     functions.o (.rodata.str1.4930741957133989383.1)
                  0000bf6b    00000004     functions.o (.rodata.str1.510390108933456549.1)
                  0000bf6f    00000004     functions.o (.rodata.str1.62749256631814321.1)
                  0000bf73    00000004     main.o (.rodata.str1.6891813955777630061.1)
                  0000bf77    00000004     functions.o (.rodata.str1.9119127971185803168.1)
                  0000bf7b    00000003     ti_msp_dl_config.o (.rodata.gFLASH_CONTROLClockConfig)
                  0000bf7e    00000003     uart.o (.rodata.str1.12819099410943012003.1)
                  0000bf81    00000003     functions.o (.rodata.str1.13554695696533425351.1)
                  0000bf84    00000003     functions.o (.rodata.str1.15412236193038458078.1)
                  0000bf87    00000003     main.o (.rodata.str1.15996357275703397564.1)
                  0000bf8a    00000003     RAK3172.o (.rodata.str1.3162346611571411104.1)
                  0000bf8d    00000003     RAK3172.o (.rodata.str1.340538713084712685.1)
                  0000bf90    00000003     RAK3172.o (.rodata.str1.371085888180289054.1)
                  0000bf93    00000003     functions.o (.rodata.str1.7108839738911806945.1)
                  0000bf96    00000002     ti_msp_dl_config.o (.rodata.gI2C_1ClockConfig)
                  0000bf98    00000002     ti_msp_dl_config.o (.rodata.gMCU_UART_1ClockConfig)
                  0000bf9a    00000002     ti_msp_dl_config.o (.rodata.gSPI_0_clockConfig)
                  0000bf9c    00000002     ti_msp_dl_config.o (.rodata.gSPI_1_clockConfig)
                  0000bf9e    00000002     ti_msp_dl_config.o (.rodata.gUART_0ClockConfig)
                  0000bfa0    00000002     functions.o (.rodata.str1.12145652551702610167.1)
                  0000bfa2    00000002     functions.o (.rodata.str1.124578571608933609.1)
                  0000bfa4    00000002     functions.o (.rodata.str1.14724813643312198925.1)
                  0000bfa6    00000002     main.o (.rodata.str1.1499083853040407199.1)
                  0000bfa8    00000002     functions.o (.rodata.str1.16630137122866254825.1)
                  0000bfaa    00000002     functions.o (.rodata.str1.18192300180148322521.1)
                  0000bfac    00000002     uart.o (.rodata.str1.3510367808670815947.1)
                  0000bfae    00000002     functions.o (.rodata.str1.5994875290679588583.1)
                  0000bfb0    00000002     functions.o (.rodata.str1.6272307236723974141.1)
                  0000bfb2    00000002     functions.o (.rodata.str1.635688678628282230.1)
                  0000bfb4    00000002     functions.o (.rodata.str1.8976659453420465898.1)
                  0000bfb6    0000000a     --HOLE-- [fill = 0]

.init_array 
*          0    00000000    00000000     UNINITIALIZED

.binit     0    00000000    00000000     

.bss       0    20200000    0000069d     UNINITIALIZED
                  20200000    00000200     (.common:gSPI_RxPacket)
                  20200200    00000100     RAK3172.o (.bss.rak_rx_buffer)
                  20200300    000000f0     uart.o (.bss.commandList)
                  202003f0    000000bc     (.common:gBOOST_CONTROLBackup)
                  202004ac    000000bc     (.common:gFLASH_CONTROLBackup)
                  20200568    00000040     (.common:UART_Buffer)
                  202005a8    00000028     (.common:gSPI_0Backup)
                  202005d0    00000028     (.common:gSPI_1Backup)
                  202005f8    00000022     (.common:gRxPacket)
                  2020061a    00000022     (.common:gTxPacket)
                  2020063c    00000020     (.common:framSpi)
                  2020065c    0000001c     (.common:stm32Spi)
                  20200678    0000000c     (.common:gPIR)
                  20200684    00000008     (.common:fram)
                  2020068c    00000004     (.common:gRxCount)
                  20200690    00000004     (.common:gRxLen)
                  20200694    00000004     (.common:gTxCount)
                  20200698    00000004     (.common:gTxLen)
                  2020069c    00000001     (.common:gI2cControllerStatus)

.data      0    202006a0    00000383     UNINITIALIZED
                  202006a0    00000200     spi_master.o (.data.gSPI_TxPacket)
                  202008a0    000000c6     BoardAPI.o (.data.output_currents_led_mA)
                  20200966    00000063     BoardAPI.o (.data.duty_cycles_led)
                  202009c9    00000001     main.o (.data.bq_monitor_active)
                  202009ca    00000002     BQ25628_functions.o (.data.g_ibat_mA)
                  202009cc    0000000c     LTR329.o (.data.gLTR329)
                  202009d8    00000008     LIS3DH.o (.data.gLIS3DH)
                  202009e0    00000004     libc.a : aeabi_portable.c.obj (.data.__aeabi_errno)
                  202009e4    00000004     uart.o (.data.commandCount)
                  202009e8    00000004     libc.a : strtok.c.obj (.data.last_end)
                  202009ec    00000004     BoardAPI.o (.data.led_channel)
                  202009f0    00000004     main.o (.data.monitor_rate)
                  202009f4    00000002     BQ25628_functions.o (.data.g_ibus_mA)
                  202009f6    00000002     BQ27Z7_functions.o (.data.g_telem.0)
                  202009f8    00000002     BQ27Z7_functions.o (.data.g_telem.10)
                  202009fa    00000002     BQ27Z7_functions.o (.data.g_telem.11)
                  202009fc    00000002     BQ27Z7_functions.o (.data.g_telem.12)
                  202009fe    00000002     BQ27Z7_functions.o (.data.g_telem.13)
                  20200a00    00000002     BQ27Z7_functions.o (.data.g_telem.1)
                  20200a02    00000002     BQ27Z7_functions.o (.data.g_telem.2)
                  20200a04    00000002     BQ27Z7_functions.o (.data.g_telem.4)
                  20200a06    00000002     BQ27Z7_functions.o (.data.g_telem.5)
                  20200a08    00000002     BQ27Z7_functions.o (.data.g_telem.7)
                  20200a0a    00000002     BQ27Z7_functions.o (.data.g_telem.8)
                  20200a0c    00000002     BQ27Z7_functions.o (.data.g_telem.9)
                  20200a0e    00000002     BQ25628_functions.o (.data.g_vbat_mV)
                  20200a10    00000002     BQ25628_functions.o (.data.g_vbus_mV)
                  20200a12    00000002     BQ25628_functions.o (.data.g_vsys_mV)
                  20200a14    00000002     BoardAPI.o (.data.global_led_voltage)
                  20200a16    00000002     RAK3172.o (.data.rak_rx_index)
                  20200a18    00000001     uart.o (.data.char_index)
                  20200a19    00000001     uart.o (.data.data_received)
                  20200a1a    00000001     gauge.o (.data.g_gaugeAddr)
                  20200a1b    00000001     main.o (.data.gauge_monitor_active)
                  20200a1c    00000001     BQ27Z7_functions.o (.data.g_telem.3)
                  20200a1d    00000001     main.o (.data.hall_monitor_active)
                  20200a1e    00000001     BQ27Z7_functions.o (.data.g_telem.6)
                  20200a1f    00000001     main.o (.data.lis_monitor_active)
                  20200a20    00000001     main.o (.data.ltr_monitor_active)
                  20200a21    00000001     main.o (.data.pir_monitor_active)
                  20200a22    00000001     RAK3172.o (.data.rak_response_ready)

.stack     0    20207e00    00000200     UNINITIALIZED
                  20207e00    00000004     libc.a : boot_cortex_m.c.obj (.stack)
                  20207e04    000001fc     --HOLE--

__llvm_prf_cnts 
*          0    20200000    00000000     UNINITIALIZED

__llvm_prf_bits 
*          0    20200000    00000000     UNINITIALIZED

MODULE SUMMARY

       Module                         code    ro data   rw data
       ------                         ----    -------   -------
    .\
       functions.o                    8200    10190     105    
       main.o                         1684    1626      10     
       ti_msp_dl_config.o             1680    170       456    
       BoardAPI.o                     480     0         303    
       startup_mspm0g350x_ticlang.o   6       192       0      
    +--+------------------------------+-------+---------+---------+
       Total:                         12050   12178     874    
                                                               
    .\HAL\
       uart.o                         1484    92        310    
       i2c.o                          1256    0         0      
       spi_master.o                   180     0         1052   
       spi_mem.o                      528     0         32     
    +--+------------------------------+-------+---------+---------+
       Total:                         3448    92        1394   
                                                               
    .\ics\BQ25628\
       BQ25628_functions.o            752     0         10     
    +--+------------------------------+-------+---------+---------+
       Total:                         752     0         10     
                                                               
    .\ics\BQ27Z7\
       BQ27Z7_functions.o             3436    0         26     
       gauge.o                        176     0         1      
    +--+------------------------------+-------+---------+---------+
       Total:                         3612    0         27     
                                                               
    .\ics\LIS3DH\
       LIS3DH.o                       368     0         8      
    +--+------------------------------+-------+---------+---------+
       Total:                         368     0         8      
                                                               
    .\ics\LTR329\
       LTR329.o                       532     0         12     
    +--+------------------------------+-------+---------+---------+
       Total:                         532     0         12     
                                                               
    .\ics\MB85RS\
       mb85rs.o                       758     0         0      
    +--+------------------------------+-------+---------+---------+
       Total:                         758     0         0      
                                                               
    .\ics\RAK\
       RAK3172.o                      1832    598       259    
    +--+------------------------------+-------+---------+---------+
       Total:                         1832    598       259    
                                                               
    .\ics\ZILOG\
       ZDP323B.o                      1822    414       0      
    +--+------------------------------+-------+---------+---------+
       Total:                         1822    414       0      
                                                               
    C:/ti/mspm0_sdk_2_09_00_01/source/ti/driverlib/lib/ticlang/m0p/mspm0g1x0x_g3x0x/driverlib.a
       dl_timer.o                     356     0         0      
       dl_i2c.o                       240     0         0      
       dl_uart.o                      138     0         0      
       dl_spi.o                       86      0         0      
       dl_dma.o                       76      0         0      
       dl_common.o                    10      0         0      
    +--+------------------------------+-------+---------+---------+
       Total:                         906     0         0      
                                                               
    C:\ti\ccs2031\ccs\tools\compiler\ti-cgt-armllvm_4.0.4.LTS\lib\armv6m-ti-none-eabi/c/libc.a
       _printfi.c.obj                 4510    34        0      
       strtol.c.obj                   324     0         0      
       aeabi_ctype.S.obj              0       257       0      
       s_scalbn.c.obj                 216     0         0      
       memcpy16.S.obj                 154     0         0      
       s_floorf.c.obj                 140     0         0      
       strcmp-armv6m.S.obj            136     0         0      
       vsnprintf.c.obj                136     0         0      
       copy_decompress_lzss.c.obj     124     0         0      
       s_roundf.c.obj                 114     0         0      
       memset16.S.obj                 98      0         0      
       s_frexp.c.obj                  92      0         0      
       _ltoa.c.obj                    88      0         0      
       strtok.c.obj                   72      0         4      
       atoi.c.obj                     64      0         0      
       autoinit.c.obj                 60      0         0      
       strstr.c.obj                   50      0         0      
       boot_cortex_m.c.obj            40      0         0      
       strspn.c.obj                   38      0         0      
       strcspn.c.obj                  36      0         0      
       memccpy.c.obj                  34      0         0      
       copy_decompress_none.c.obj     18      0         0      
       copy_zero_init.c.obj           16      0         0      
       wcslen.c.obj                   16      0         0      
       aeabi_portable.c.obj           8       0         4      
       exit.c.obj                     6       0         0      
       pre_init.c.obj                 4       0         0      
    +--+------------------------------+-------+---------+---------+
       Total:                         6594    291       8      
                                                               
    C:\ti\ccs2031\ccs\tools\compiler\ti-cgt-armllvm_4.0.4.LTS\lib\armv6m-ti-none-eabi/c/libsysbm.a
       hostexit.c.obj                 4       0         0      
    +--+------------------------------+-------+---------+---------+
       Total:                         4       0         0      
                                                               
    C:\ti\ccs2031\ccs\tools\compiler\ti-cgt-armllvm_4.0.4.LTS\lib\armv6m-ti-none-eabi/libclang_rt.builtins.a
       adddf3.S.obj                   418     0         0      
       divdf3.S.obj                   268     0         0      
       addsf3.S.obj                   232     0         0      
       muldf3.S.obj                   228     0         0      
       comparedf2.c.obj               220     0         0      
       udivmoddi4.S.obj               162     0         0      
       mulsf3.S.obj                   140     0         0      
       divsf3.S.obj                   130     0         0      
       comparesf2.S.obj               118     0         0      
       aeabi_dcmp.S.obj               98      0         0      
       aeabi_fcmp.S.obj               98      0         0      
       aeabi_idivmod.S.obj            86      0         0      
       fixdfsi.S.obj                  74      0         0      
       aeabi_uidivmod.S.obj           64      0         0      
       extendsfdf2.S.obj              64      0         0      
       floatsisf.S.obj                60      0         0      
       muldsi3.S.obj                  58      0         0      
       fixsfsi.S.obj                  56      0         0      
       floatsidf.S.obj                44      0         0      
       floatunsisf.S.obj              40      0         0      
       muldi3.S.obj                   36      0         0      
       ashldi3.S.obj                  30      0         0      
       aeabi_memset.S.obj             26      0         0      
       aeabi_uldivmod.S.obj           20      0         0      
       aeabi_memcpy.S.obj             8       0         0      
       aeabi_div0.c.obj               4       0         0      
    +--+------------------------------+-------+---------+---------+
       Total:                         2782    0         0      
[...]
00008115  __muldsi3                       
000068e9  __mulsf3                        
0000734d  __nedf2                         
000080d9  __nesf2                         
20207e00  __stack                         
20200000  __start___llvm_prf_bits         
20200000  __start___llvm_prf_cnts         
20200000  __stop___llvm_prf_bits          
20200000  __stop___llvm_prf_cnts          
00003bed  __subdf3                        
00006165  __subsf3                        
000065e9  __udivmoddi4                    
000084bd  _c_int00_noargs                 
UNDEFED   _system_post_cinit              
00008b67  _system_pre_init                
00008b59  abort                           
00007ef1  atoi                            
ffffffff  binit                           
202009c9  bq_monitor_active               
20200a18  char_index                      
00002621  cmd_bq                          
0000123d  cmd_fram                        
00000a91  cmd_gauge                       
0000623d  cmd_hall                        
000074e9  cmd_help                        
00003885  cmd_i2cscan                     
000032c1  cmd_i2cscan10                   
00003f05  cmd_leds                        
00003d81  cmd_lis                         
00003a45  cmd_ltr                         
00002a09  cmd_pir                         
000056dd  cmd_pwr                         
000017bd  cmd_rak                         
00004079  cmd_spi                         
20200a19  data_received                   
000088ed  disable_led_boost               
20200966  duty_cycles_led                 
000088fd  enable_led_boost                
00006975  floorf                          
20200684  fram                            
2020063c  framSpi                         
000077ed  frexp                           
000077ed  frexpl                          
202003f0  gBOOST_CONTROLBackup            
202004ac  gFLASH_CONTROLBackup            
2020069c  gI2cControllerStatus            
202009d8  gLIS3DH                         
202009cc  gLTR329                         
20200678  gPIR                            
2020068c  gRxCount                        
20200690  gRxLen                          
202005f8  gRxPacket                       
202005a8  gSPI_0Backup                    
202005d0  gSPI_1Backup                    
20200000  gSPI_RxPacket                   
202006a0  gSPI_TxPacket                   
20200694  gTxCount                        
20200698  gTxLen                          
2020061a  gTxPacket                       
0000890d  gauge_address                   
00008389  gauge_cmd_read                  
20200a1b  gauge_monitor_active            
000081c1  gauge_read                      
000081f9  gauge_write                     
00008061  get_UART_buffer                 
20200a14  global_led_voltage              
20200a1d  hall_monitor_active             
00008725  i2c_init                        
00000000  interruptVectors                
0000608d  ldexp                           
0000608d  ldexpl                          
202009ec  led_channel                     
20200a1f  lis_monitor_active              
20200a20  ltr_monitor_active              
00001d3d  main                            
00008609  memccpy                         
0000672d  memcpy                          
00007613  memset                          
202009f0  monitor_rate                    
202008a0  output_currents_led_mA          
20200a21  pir_monitor_active              
000073b5  roundf                          
0000608d  scalbn                          
0000608d  scalbnl                         
00004839  setupCLI                        
2020065c  stm32Spi                        
00006a91  strcmp                          
000085e5  strcspn                         
0000850b  strspn                          
00008297  strstr                          
00007da1  strtok                          
00004349  strtol                          
0000868d  uart_init                       
00006e8d  uart_printf                     
00007f31  vsnprintf                       
0000891d  wcslen                          


GLOBAL SYMBOLS: SORTED BY Symbol Address 

address   name                            
-------   ----                            
00000000  __TI_ATRegion0_region_sz        
00000000  __TI_ATRegion0_src_addr         
00000000  __TI_ATRegion0_trg_addr         
00000000  __TI_ATRegion1_region_sz        
00000000  __TI_ATRegion1_src_addr         
00000000  __TI_ATRegion1_trg_addr         
00000000  __TI_ATRegion2_region_sz        
00000000  __TI_ATRegion2_src_addr         
00000000  __TI_ATRegion2_trg_addr         
00000000  __TI_static_base__              
00000000  interruptVectors                
000000c1  __TI_printfi                    
00000200  __STACK_SIZE                    
00000a91  cmd_gauge                       
0000123d  cmd_fram                        
000017bd  cmd_rak                         
00001d3d  main                            
00002225  ZDP323B_Init                    
00002621  cmd_bq                          
00002a09  cmd_pir                         
00002d5d  CLI_ProcessInput                
000032c1  cmd_i2cscan10                   
000036b1  I2C_ReadDevice                  
00003885  cmd_i2cscan                     
00003a45  cmd_ltr                         
00003bed  __aeabi_dsub                    
00003bed  __subdf3                        
00003bf7  __adddf3                        
00003bf7  __aeabi_dadd                    
00003d7f  ADC0_IRQHandler                 
00003d7f  ADC1_IRQHandler                 
00003d7f  AES_IRQHandler                  
00003d7f  CANFD0_IRQHandler               
00003d7f  DAC0_IRQHandler                 
00003d7f  DMA_IRQHandler                  
00003d7f  Default_Handler                 
00003d7f  GROUP0_IRQHandler               
00003d7f  HardFault_Handler               
00003d7f  NMI_Handler                     
00003d7f  PendSV_Handler                  
00003d7f  RTC_IRQHandler                  
00003d7f  SVC_Handler                     
00003d7f  SysTick_Handler                 
00003d7f  TIMA0_IRQHandler                
00003d7f  TIMA1_IRQHandler                
00003d7f  TIMG0_IRQHandler                
00003d7f  TIMG12_IRQHandler               
00003d7f  TIMG6_IRQHandler                
00003d7f  TIMG7_IRQHandler                
00003d7f  TIMG8_IRQHandler                
00003d7f  UART2_IRQHandler                
00003d7f  UART3_IRQHandler                
00003d81  cmd_lis                         
00003f05  cmd_leds                        
00004079  cmd_spi                         
000041e5  SYSCFG_DL_GPIO_init             
00004349  strtol                          
000045c9  I2C_WriteDevice                 
00004701  MB85RS_Write                    
00004839  setupCLI                        
00004971  BQ25628E_Init_Default           
00004bbd  BQ27Z746_SetUTFET_Direct        
00004ccd  BQ27Z746_SetTempSensorConfig    
00004dd9  SPI_Memory_Wait                 
00004ee5  __aeabi_ddiv                    
00004ee5  __divdf3                        
00004ff1  DL_Timer_initFourCCPWMMode      
000050f5  I2C_TryAddress10                
000051f9  BQ27Z746_GetSecurityMode        
000052f9  BQ27Z746_UpdateTelemetry        
000053f9  BQ25628E_UpdateTelemetry        
000054f5  ZDP323B_WriteConfig             
000055ed  LTR329_CalculateLux             
000056dd  cmd_pwr                         
000057cd  BQ27Z746_GetChargingStatus      
000058b9  ZDP323B_ReadPeakHold            
000059a1  I2C_TryAddress                  
00005a85  __aeabi_dmul                    
00005a85  __muldf3                        
00005b69  BQ27Z746_GetDeviceType          
00005c47  BQ27Z746_GetChemID              
00005d23  BQ27Z746_GetOperationStatus     
00005dff  BQ27Z746_GetSafetyStatus        
00005edb  BQ27Z746_GetFirmwareVersion     
00005fb3  BQ27Z746_MAC_Read               
0000608b  __aeabi_idiv0                   
0000608d  ldexp                           
0000608d  ldexpl                          
0000608d  scalbn                          
0000608d  scalbnl                         
00006165  __aeabi_fsub                    
00006165  __subsf3                        
0000616f  __addsf3                        
0000616f  __aeabi_fadd                    
0000623d  cmd_hall                        
0000630d  LED_set_current                 
000063c9  Shared_I2C_IRQHandler           
00006485  MB85RS_Read                     
0000653d  UARTReceive                     
000065e9  __udivmoddi4                    
0000668b  __aeabi_ldiv0                   
0000668d  LIS3DH_ReadMg                   
0000672d  memcpy                          
000067c9  SPI_Memory_Arm                  
00006859  SYSCFG_DL_BOOST_CONTROL_init    
000068e9  __aeabi_fmul                    
000068e9  __mulsf3                        
00006975  floorf                          
00006a01  SYSCFG_DL_initPower             
00006a89  UART1_IRQHandler                
00006a91  strcmp                          
00006b19  SYSCFG_DL_FLASH_CONTROL_init    
00006b9d  __aeabi_fdiv                    
00006b9d  __divsf3                        
00006c1f  MB85RS_ReadID                   
00006ca1  RAK3172_UART_Handler            
00006d1d  __TI_decompress_lzss            
00006d99  BQ27Z746_Unseal                 
00006e15  LIS3DH_Init                     
00006e8d  uart_printf                     
00006f05  SYSCFG_DL_MCU_UART_1_init       
00006f79  __gedf2                         
00006f79  __gtdf2                         
00006fed  LTR329_Init                     
0000705d  RAK3172_SendCommand             
000070cd  SYSCFG_DL_UART_0_init           
0000713d  LTR329_SetGain                  
000071a9  RAK3172_WaitForResponse         
00007215  CLI_Tokenize                    
0000727d  SYSCFG_DL_I2C_0_init            
000072e5  SYSCFG_DL_I2C_1_init            
0000734d  __cmpdf2                        
0000734d  __eqdf2                         
0000734d  __ledf2                         
0000734d  __ltdf2                         
0000734d  __nedf2                         
000073b5  roundf                          
00007485  SYSCFG_DL_SPI_0_init            
000074e9  cmd_help                        
0000754d  __aeabi_dcmpeq                  
00007561  __aeabi_dcmplt                  
00007575  __aeabi_dcmple                  
00007589  __aeabi_dcmpge                  
0000759d  __aeabi_dcmpgt                  
000075b1  __aeabi_fcmpeq                  
000075c5  __aeabi_fcmplt                  
000075d9  __aeabi_fcmple                  
000075ed  __aeabi_fcmpge                  
00007601  __aeabi_fcmpgt                  
00007613  memset                          
00007675  SYSCFG_DL_SPI_1_init            
000076d5  DL_I2C_fillControllerTXFIFO     
00007735  SPI_Controller_Arm              
00007791  SYSCFG_DL_init                  
000077ed  frexp                           
000077ed  frexpl                          
00007849  MB85RS_ReadStatus               
000078a5  LED_set_voltage                 
000078fd  LIS3DH_SetRange                 
00007955  __TI_ltoa                       
00007a05  __aeabi_idiv                    
00007a05  __aeabi_idivmod                 
00007a5d  GROUP1_IRQHandler               
00007b05  RAK3172_Init                    
00007b55  DL_DMA_initChannel              
00007ba1  BQ27Z746_GetTempConfig          
00007bed  __aeabi_d2iz                    
00007bed  __fixdfsi                       
00007c37  BQ27Z746_GetFETOptions          
00007c81  DL_UART_init                    
00007cc9  LED_control_init                
00007d11  LTR329_ReadData                 
00007d59  SYSCFG_DL_SYSCTL_init           
00007da1  strtok                          
00007de9  BQ27Z746_Seal                   
00007e2d  DL_SPI_init                     
00007e71  __aeabi_uidiv                   
00007e71  __aeabi_uidivmod                
00007eb1  __aeabi_f2d                     
00007eb1  __extendsfdf2                   
00007ef1  atoi                            
00007f31  vsnprintf                       
00007f71  CLI_RegisterCommand             
00007fad  DL_I2C_flushControllerTXFIFO    
00007fe9  __aeabi_i2f                     
00007fe9  __floatsisf                     
00008025  __gesf2                         
00008025  __gtsf2                         
00008061  get_UART_buffer                 
0000809d  __TI_auto_init_nobinit_nopinit  
000080d9  __cmpsf2                        
000080d9  __eqsf2                         
000080d9  __lesf2                         
000080d9  __ltsf2                         
000080d9  __nesf2                         
00008115  __muldsi3                       
00008151  LED_flash_start                 
00008189  __aeabi_f2iz                    
00008189  __fixsfsi                       
000081c1  gauge_read                      
000081f9  gauge_write                     
00008231  SPI1_IRQHandler                 
00008265  ZDP323B_BuildConfigBytes        
00008297  strstr                          
000082c9  DL_I2C_flushControllerRXFIFO    
000082f9  DL_UART_transmitDataBlocking    
00008389  gauge_cmd_read                  
000083b9  BQ27Z746_Init                   
000083e5  MB85RS_Init                     
00008411  SPI0_IRQHandler                 
0000843d  SPI_Memory_Init                 
00008469  __aeabi_i2d                     
00008469  __floatsidf                     
00008495  __aeabi_ui2f                    
00008495  __floatunsisf                   
000084bd  _c_int00_noargs                 
000084e5  DL_I2C_setClockConfig           
0000850b  strspn                          
00008531  BQ25628E_ReadReg16              
00008555  BQ25628E_ReadReg8               
00008579  BQ25628E_WriteReg16             
0000859d  SPI_Controller_Init             
000085c1  __aeabi_lmul                    
000085c1  __muldi3                        
000085e5  strcspn                         
00008609  memccpy                         
0000862d  BQ25628E_WriteReg8              
0000864d  BQ27Z746_ReadInternalTemp_C     
0000866d  BQ27Z746_ReadTemperature_C      
0000868d  uart_init                       
000086ad  BQ27Z746_MAC_Send               
000086cd  __aeabi_llsl                    
000086cd  __ashldi3                       
000086ed  DL_Timer_setCaptCompUpdateMethod
00008709  DL_Timer_setClockConfig         
00008725  i2c_init                        
00008741  DL_Timer_setCaptureCompareOutCtl
00008759  SYSCFG_DL_DMA_CH0_init          
00008771  SYSCFG_DL_DMA_CH1_init          
00008789  SYSCFG_DL_DMA_CH2_init          
000087a1  SYSCFG_DL_DMA_CH3_init          
000087b9  UART0_IRQHandler                
000087e9  SYSCFG_DL_DMA_init              
000087fd  __aeabi_uldivmod                
00008825  DL_SPI_setClockConfig           
00008837  DL_UART_setClockConfig          
00008849  __TI_decompress_none            
0000885d  BQ27Z746_IsDischarging          
0000886d  BQ27Z746_IsFullyCharged         
0000887d  BQ27Z746_IsFullyDischarged      
0000888d  DL_Timer_setCaptureCompareValue 
0000889d  I2C0_IRQHandler                 
000088ad  I2C1_IRQHandler                 
000088bd  LED_flash_stop                  
000088cd  LED_get_current                 
000088dd  SPI_Memory_CS_Deassert          
000088ed  disable_led_boost               
000088fd  enable_led_boost                
0000890d  gauge_address                   
0000891d  wcslen                          
0000892d  __TI_zero_init                  
0000893d  __aeabi_memset                  
0000893d  __aeabi_memset4                 
0000893d  __aeabi_memset8                 
00008959  BQ25628E_Get_IBAT_mA            
00008965  BQ25628E_Get_IBUS_mA            
00008971  BQ25628E_Get_VBAT_mV            
0000897d  BQ25628E_Get_VBUS_mV            
00008989  BQ25628E_Get_VSYS_mV            
00008995  BQ27Z746_Get_AvgCurrent_mA      
000089a1  BQ27Z746_Get_AvgPower_mW        
000089ad  BQ27Z746_Get_BatteryStatus      
000089b9  BQ27Z746_Get_Current_mA         
000089c5  BQ27Z746_Get_CycleCount         
000089d1  BQ27Z746_Get_FullChargeCap_mAh  
000089dd  BQ27Z746_Get_InternalTemp_C     
000089e9  BQ27Z746_Get_RemainingCap_mAh   
000089f5  BQ27Z746_Get_SOC_pct            
00008a01  BQ27Z746_Get_StateOfHealth_pct  
00008a0d  BQ27Z746_Get_Temperature_C      
00008a19  BQ27Z746_Get_TimeToEmpty_min    
00008a25  BQ27Z746_Get_TimeToFull_min     
00008a31  BQ27Z746_Get_Voltage_mV         
00008a3d  BQ27Z746_ReadAvgCurrent_mA      
00008a49  BQ27Z746_ReadAvgPower_mW        
00008a55  BQ27Z746_ReadBatteryStatus      
00008a61  BQ27Z746_ReadCurrent_mA         
00008a6d  BQ27Z746_ReadCycleCount         
00008a79  BQ27Z746_ReadFullChargeCap_mAh  
00008a85  BQ27Z746_ReadRemainingCap_mAh   
00008a91  BQ27Z746_ReadSOC_pct            
00008a9d  BQ27Z746_ReadStateOfHealth_pct  
00008aa9  BQ27Z746_ReadTimeToEmpty_min    
00008ab5  BQ27Z746_ReadTimeToFull_min     
00008ac1  BQ27Z746_ReadVoltage_mV         
00008acd  LED_get_voltage                 
00008ad9  SPI_Memory_CS_Assert            
00008ae5  ZDP323B_MotionISR               
00008af1  __aeabi_memclr                  
00008af1  __aeabi_memclr4                 
00008af1  __aeabi_memclr8                 
00008afd  DL_Common_delayCycles           
00008b49  __aeabi_errno_addr              
00008b51  __aeabi_memcpy                  
00008b51  __aeabi_memcpy4                 
00008b51  __aeabi_memcpy8                 
00008b59  abort                           
00008b5e  C$$EXIT                         
00008b5f  HOSTexit                        
00008b63  Reset_Handler                   
00008b67  _system_pre_init                
00009430  __aeabi_ctype_table_            
00009430  __aeabi_ctype_table_C           
0000c124  __TI_Handler_Table_Base         
0000c130  __TI_Handler_Table_Limit        
0000c138  __TI_CINIT_Base                 
0000c148  __TI_CINIT_Limit                
0000c148  __TI_CINIT_Warm                 
20200000  __start___llvm_prf_bits         
20200000  __start___llvm_prf_cnts         
20200000  __stop___llvm_prf_bits          
20200000  __stop___llvm_prf_cnts          
20200000  gSPI_RxPacket                   
202003f0  gBOOST_CONTROLBackup            
202004ac  gFLASH_CONTROLBackup            
20200568  UART_Buffer                     
202005a8  gSPI_0Backup                    
202005d0  gSPI_1Backup                    
202005f8  gRxPacket                       
2020061a  gTxPacket                       
2020063c  framSpi                         
2020065c  stm32Spi                        
20200678  gPIR                            
20200684  fram                            
2020068c  gRxCount                        
20200690  gRxLen                          
20200694  gTxCount                        
20200698  gTxLen                          
2020069c  gI2cControllerStatus            
202006a0  gSPI_TxPacket                   
202008a0  output_currents_led_mA          
20200966  duty_cycles_led                 
202009c9  bq_monitor_active               
202009cc  gLTR329                         
202009d8  gLIS3DH                         
202009e0  __aeabi_errno                   
202009ec  led_channel                     
202009f0  monitor_rate                    
20200a14  global_led_voltage              
20200a18  char_index                      
20200a19  data_received                   
20200a1b  gauge_monitor_active            
20200a1d  hall_monitor_active             
20200a1f  lis_monitor_active              
20200a20  ltr_monitor_active              
20200a21  pir_monitor_active              
20207e00  __stack                         
20208000  __STACK_END                     
ffffffff  __TI_pprof_out_hndl             
ffffffff  __TI_prof_data_size             
ffffffff  __TI_prof_data_start            
ffffffff  __binit__                       
ffffffff  binit                           
UNDEFED   __mpu_init                      
UNDEFED   _system_post_cinit              

[365 symbols]
