******************************************************************************
            TI ARM Clang Linker PC v4.0.4                      
******************************************************************************
>> Linked Mon Jun 29 12:26:01 2026

OUTPUT FILE NAME:   <HW_SW_interface_CCS.out>
ENTRY POINT SYMBOL: "_c_int00_noargs"  address: 0000ef11


MEMORY CONFIGURATION

         name            origin    length      used     unused   attr    fill
----------------------  --------  ---------  --------  --------  ----  --------
  FLASH                 00000000   00020000  000143f0  0000bc10  R  X
  SRAM                  20200000   00008000  00000e2e  000071d2  RW X
  BCR_CONFIG            41c00000   000000ff  00000000  000000ff  R   
  BSL_CONFIG            41c00100   00000080  00000000  00000080  R   


SEGMENT ALLOCATION MAP

run origin  load origin   length   init length attrs members
----------  ----------- ---------- ----------- ----- -------
00000000    00000000    000143f0   000143f0    r-x
  00000000    00000000    000000c0   000000c0    r-- .intvecs
  000000c0    000000c0    000100a0   000100a0    r-x .text
  00010160    00010160    00004100   00004100    r-- .rodata
  00014260    00014260    00000190   00000190    r-- .cinit
20200000    20200000    00000c30   00000000    rw-
  20200000    20200000    0000069e   00000000    rw- .bss
  202006a0    202006a0    00000590   00000000    rw- .data
20207e00    20207e00    00000200   00000000    rw-
  20207e00    20207e00    00000200   00000000    rw- .stack


SECTION ALLOCATION MAP

 output                                  attributes/
section   page    origin      length       input sections
--------  ----  ----------  ----------   ----------------
.intvecs   0    00000000    000000c0     
                  00000000    000000c0     startup_mspm0g350x_ticlang.o (.intvecs)

.text      0    000000c0    000100a0     
                  000000c0    00003390     als_model_separate.o (.text.score_exposure_sep)
                  00003450    00000e08     als_model_separate.o (.text.score_gain_sep)
                  00004258    000009d0     libc.a : _printfi.c.obj (.text:__TI_printfi)
                  00004c28    000008a4     functions.o (.text.cmd_gauge)
                  000054cc    000006c8     main.o (.text.main)
                  00005b94    00000514     functions.o (.text.cmd_fram)
                  000060a8    00000424     functions.o (.text.cmd_bq)
                  000064cc    000003f8     libc.a : s_log1p.c.obj (.text.log1p)
                  000068c4    000003bc     functions.o (.text.cmd_imx)
                  00006c80    000003b8     libc.a : strtod.c.obj (.text.strtod)
                  00007038    00000364     functions.o (.text.cmd_ltr)
                  0000739c    0000033c     functions.o (.text.cmd_pir)
                  000076d8    00000324     RAK3172.o (.text.cmd_rak)
                  000079fc    00000248     functions.o (.text.cmd_lis)
                  00007c44    0000023c     ti_msp_dl_config.o (.text.SYSCFG_DL_GPIO_init)
                  00007e80    00000220     libc.a : _printfi.c.obj (.text._pconv_a)
                  000080a0    00000214     ZDP323B.o (.text.ZDP323B_Init)
                  000082b4    00000204     functions.o (.text.cmd_leds)
                  000084b8    000001dc     libc.a : _printfi.c.obj (.text._pconv_g)
                  00008694    000001d0     IMX335.o (.text.I2C_ReadDevice16)
                  00008864    000001c8     i2c.o (.text.I2C_ReadDevice)
                  00008a2c    000001c0     functions.o (.text.cmd_spi)
                  00008bec    00000198     functions.o (.text.cmd_lora)
                  00008d84    00000192     libclang_rt.builtins.a : adddf3.S.obj (.text.adddf3_subdf3)
                  00008f16    00000002     radio.o (.text.SX126xAntSwOn)
                  00008f18    00000184     functions.o (.text.cmd_pwr)
                  0000909c    00000170     LTR329.o (.text.LTR329_CalculateLux)
                  0000920c    00000164     main.o (.text.setupCLI)
                  00009370    00000150     BQ27Z7_functions.o (.text.BQ27Z746_SetTempSensorConfig)
                  000094c0    00000144     IMX335.o (.text.I2C_WriteDevice16)
                  00009604    00000144     libc.a : strtol.c.obj (.text.strtol)
                  00009748    00000140     BQ27Z7_functions.o (.text.BQ27Z746_SetUTFET_Direct)
                  00009888    0000013c     i2c.o (.text.I2C_WriteDevice)
                  000099c4    0000013c     libc.a : _printfi.c.obj (.text.fcvt)
                  00009b00    00000120     IMX335.o (.text.IMX335_SetExposure)
                  00009c20    00000120     libc.a : _printfi.c.obj (.text._pconv_e)
                  00009d40    00000118     BQ27Z7_functions.o (.text.BQ27Z746_MAC_Read)
                  00009e58    00000110     mb85rs.o (.text.MB85RS_Read)
                  00009f68    0000010c     i2c.o (.text.Shared_I2C_IRQHandler)
                  0000a074    0000010c     libclang_rt.builtins.a : divdf3.S.obj (.text.__divdf3)
                  0000a180    00000108     BQ25628_functions.o (.text.BQ25628E_UpdateTelemetry)
                  0000a288    00000108     functions.o (.text.cmd_hall)
                  0000a390    00000104     driverlib.a : dl_timer.o (.text.DL_Timer_initFourCCPWMMode)
                  0000a494    00000104     ZDP323B.o (.text.I2C_TryAddress10)
                  0000a598    00000104     ZDP323B.o (.text.ZDP323B_WriteConfig)
                  0000a69c    000000fc     ZDP323B.o (.text.ZDP323B_ReadPeakHold)
                  0000a798    000000f8     i2c.o (.text.I2C_TryAddress)
                  0000a890    000000f8     mb85rs.o (.text.MB85RS_Write)
                  0000a988    000000e8     BoardAPI.o (.text._binary_search_ascending)
                  0000aa70    000000e8     functions.o (.text.cmd_i2cscan10)
                  0000ab58    000000e4     libclang_rt.builtins.a : muldf3.S.obj (.text.__muldf3)
                  0000ac3c    000000e4     functions.o (.text.cmd_i2cscan)
                  0000ad20    000000e0     functions.o (.text.print_battery_status)
                  0000ae00    000000d8     BQ27Z7_functions.o (.text.BQ27Z746_Unseal)
                  0000aed8    000000d8     uart.o (.text.CLI_ProcessInput)
                  0000afb0    000000d8     libc.a : s_scalbn.c.obj (.text.scalbn)
                  0000b088    000000d8     libclang_rt.builtins.a : addsf3.S.obj (.text)
                  0000b160    000000d0     LIS3DH.o (.text.LIS3DH_ReadMg)
                  0000b230    000000c4     ti_msp_dl_config.o (.text.SYSCFG_DL_initPower)
                  0000b2f4    000000b4     IMX335.o (.text.IMX335_Init)
                  0000b3a8    000000b4     LIS3DH.o (.text.LIS3DH_Init)
                  0000b45c    000000b4     uart.o (.text.UARTReceive)
                  0000b510    000000b0     IMX335.o (.text.IMX335_SetGain)
                  0000b5c0    000000b0     mb85rs.o (.text.MB85RS_ReadID)
                  0000b670    000000b0     RAK3172.o (.text.RAK3172_UART_Handler)
                  0000b720    000000b0     RAK3172.o (.text.RAK3172_WaitForResponse)
                  0000b7d0    000000a2     libclang_rt.builtins.a : udivmoddi4.S.obj (.text)
                  0000b872    00000002                            : aeabi_div0.c.obj (.text.__aeabi_idiv0)
                  0000b874    0000009c     BQ27Z7_functions.o (.text.BQ27Z746_UpdateTelemetry)
                  0000b910    0000009c     LTR329.o (.text.LTR329_Init)
                  0000b9ac    00000098     functions.o (.text.parse_filter_type)
                  0000ba44    00000090     mb85rs.o (.text.MB85RS_ReadStatus)
                  0000bad4    0000008c     LIS3DH.o (.text.LIS3DH_SetRange)
                  0000bb60    0000008c     spi_master.o (.text.SPI1_IRQHandler)
                  0000bbec    0000008c     spi_master.o (.text.SPI_Controller_Arm)
                  0000bc78    0000008c     ti_msp_dl_config.o (.text.SYSCFG_DL_BOOST_CONTROL_init)
                  0000bd04    0000008c     libclang_rt.builtins.a : mulsf3.S.obj (.text.__mulsf3)
                  0000bd90    0000008c     libc.a : s_floorf.c.obj (.text.floorf)
                  0000be1c    00000004     startup_mspm0g350x_ticlang.o (.text.Default_Handler)
                  0000be20    00000088     libc.a : strcmp-armv6m.S.obj (.text:strcmp)
                  0000bea8    00000082     libclang_rt.builtins.a : divsf3.S.obj (.text.__divsf3)
                  0000bf2a    00000082     mb85rs.o (.text.check_bounds)
                  0000bfac    00000080     functions.o (.text.filter_type_str)
                  0000c02c    0000007e     radio.o (.text.SX126xReadRegisters)
                  0000c0aa    00000002     libclang_rt.builtins.a : aeabi_div0.c.obj (.text.__aeabi_ldiv0)
                  0000c0ac    0000007c     IMX335.o (.text.IMX335_SetTestPattern)
                  0000c128    0000007c     libc.a : copy_decompress_lzss.c.obj (.text:decompress:lzss)
                  0000c1a4    0000007a     LTR329.o (.text.gain_to_reg)
                  0000c21e    00000002     --HOLE-- [fill = 0]
                  0000c220    00000078     LIS3DH.o (.text.LIS3DH_ReadRaw)
                  0000c298    00000078     ti_msp_dl_config.o (.text.SYSCFG_DL_FLASH_CONTROL_init)
                  0000c310    00000076     radio.o (.text.SX126xWriteRegisters)
                  0000c386    00000074     BQ27Z7_functions.o (.text.BQ27Z746_GetTempConfig)
                  0000c3fa    00000002     --HOLE-- [fill = 0]
                  0000c3fc    00000074     libclang_rt.builtins.a : comparedf2.c.obj (.text.__gedf2)
                  0000c470    00000074                            : truncdfsf2.S.obj (.text.__truncdfsf2)
                  0000c4e4    00000074     spi_mem.o (.text.arm_full_duplex)
                  0000c558    00000072     spi_mem.o (.text.SPI_Memory_Arm)
                  0000c5ca    00000002     --HOLE-- [fill = 0]
                  0000c5cc    00000070     uart.o (.text.CLI_Tokenize)
                  0000c63c    00000070     BoardAPI.o (.text.LED_set_current)
                  0000c6ac    00000070     gauge.o (.text.gauge_read)
                  0000c71c    00000070     gauge.o (.text.gauge_write)
                  0000c78c    0000006c     LTR329.o (.text.LTR329_ReadData)
                  0000c7f8    0000006a     BQ27Z7_functions.o (.text.BQ27Z746_GetFETOptions)
                  0000c862    00000002     --HOLE-- [fill = 0]
                  0000c864    00000068     IMX335.o (.text.IMX335_WriteTable)
                  0000c8cc    00000068     mb85rs.o (.text.MB85RS_Init)
                  0000c934    00000068     libclang_rt.builtins.a : comparedf2.c.obj (.text.__ledf2)
                  0000c99c    00000068     functions.o (.text.pir_print_help)
                  0000ca04    00000068     libc.a : s_roundf.c.obj (.text.roundf)
                  0000ca6c    00000066            : _printfi.c.obj (.text._mcpy)
                  0000cad2    00000002     --HOLE-- [fill = 0]
                  0000cad4    00000064     BQ25628_functions.o (.text.BQ25628E_Set_VINDPM_mV)
                  0000cb38    00000064     BoardAPI.o (.text.LED_set_voltage)
                  0000cb9c    00000064     LTR329.o (.text.LTR329_SetGain)
                  0000cc00    00000064     main.o (.text.PIR_interrupt)
                  0000cc64    00000064     ti_msp_dl_config.o (.text.SYSCFG_DL_I2C_0_init)
                  0000ccc8    00000064     ti_msp_dl_config.o (.text.SYSCFG_DL_I2C_1_init)
                  0000cd2c    00000064     BoardAPI.o (.text.set_pwm_duty_cycle)
                  0000cd90    00000064     uart.o (.text.uart_printf)
                  0000cdf4    00000062     BQ27Z7_functions.o (.text.BQ27Z746_EnsureUnsealed)
                  0000ce56    00000062     BQ27Z7_functions.o (.text.BQ27Z746_GetOperationStatus)
                  0000ceb8    00000062     BQ27Z7_functions.o (.text.BQ27Z746_GetSafetyStatus)
                  0000cf1a    00000002     --HOLE-- [fill = 0]
                  0000cf1c    00000062     libclang_rt.builtins.a : aeabi_dcmp.S.obj (.text.__aeabi_dcmp)
                  0000cf7e    00000002     --HOLE-- [fill = 0]
                  0000cf80    00000062                            : aeabi_fcmp.S.obj (.text.__aeabi_fcmp)
                  0000cfe2    00000062     mb85rs.o (.text.send_cmd_only)
                  0000d044    00000060     BQ25628_functions.o (.text.BQ25628E_Set_VREG_mV)
                  0000d0a4    00000060     BQ25628_functions.o (.text.BQ25628E_Set_VSYSMIN_mV)
                  0000d104    00000060     LTR329.o (.text.LTR329_PrintPredictedExposureGain)
                  0000d164    00000060     spi_mem.o (.text.SPI_Memory_Init)
                  0000d1c4    00000060     ti_msp_dl_config.o (.text.SYSCFG_DL_init)
                  0000d224    0000005e     BQ27Z7_functions.o (.text.BQ27Z746_GetChargingStatus)
                  0000d282    0000005e     driverlib.a : dl_i2c.o (.text.DL_I2C_fillControllerTXFIFO)
                  0000d2e0    0000005c     uart.o (.text.CLI_RegisterCommand)
                  0000d33c    0000005c     IMX335.o (.text.IMX335_Start)
                  0000d398    0000005c     RAK3172.o (.text.RAK3172_Init)
                  0000d3f4    0000005c     RAK3172.o (.text.RAK3172_SendCommand)
                  0000d450    0000005c     spi_master.o (.text.SPI_Controller_Init)
                  0000d4ac    0000005c     libc.a : s_frexp.c.obj (.text.frexp)
                  0000d508    0000005a     BQ27Z7_functions.o (.text.BQ27Z746_Seal)
                  0000d562    00000002     --HOLE-- [fill = 0]
                  0000d564    00000058     BQ25628_functions.o (.text.BQ25628E_Set_ICHG_mA)
                  0000d5bc    00000058     BQ25628_functions.o (.text.BQ25628E_Set_IINDPM_mA)
                  0000d614    00000058     main.o (.text.GROUP1_IRQHandler)
                  0000d66c    00000058     spi_mem.o (.text.SPI_Memory_IRQHandler)
                  0000d6c4    00000058     ti_msp_dl_config.o (.text.SYSCFG_DL_SPI_0_init)
                  0000d71c    00000058     ti_msp_dl_config.o (.text.SYSCFG_DL_SPI_1_init)
                  0000d774    00000058     libc.a : _ltoa.c.obj (.text.__TI_ltoa)
                  0000d7cc    00000058            : _printfi.c.obj (.text._pconv_f)
                  0000d824    00000056     BQ27Z7_functions.o (.text.BQ27Z746_GetChemID)
                  0000d87a    00000056     BQ27Z7_functions.o (.text.BQ27Z746_GetDeviceType)
                  0000d8d0    00000056     BQ27Z7_functions.o (.text.BQ27Z746_GetFirmwareVersion)
                  0000d926    00000002     --HOLE-- [fill = 0]
                  0000d928    00000056     libclang_rt.builtins.a : aeabi_idivmod.S.obj (.text.__aeabi_idivmod)
                  0000d97e    00000002     --HOLE-- [fill = 0]
                  0000d980    00000054     IMX335.o (.text.IMX335_Scan)
                  0000d9d4    00000054     uart.o (.text.invokeBSLAsm)
                  0000da28    00000052     ZDP323B.o (.text.ZDP323B_BuildConfigBytes)
                  0000da7a    00000052     libc.a : _printfi.c.obj (.text._ecpy)
                  0000dacc    00000050     BQ25628_functions.o (.text.BQ25628E_Init_Default)
                  0000db1c    00000050     BQ25628_functions.o (.text.BQ25628E_UpdateBits8)
                  0000db6c    00000050     ti_msp_dl_config.o (.text.DL_GPIO_initPeripheralInputFunctionFeatures)
                  0000dbbc    00000050     IMX335.o (.text.DL_I2C_startControllerTransfer)
                  0000dc0c    00000050     ZDP323B.o (.text.DL_I2C_startControllerTransfer)
                  0000dc5c    00000050     i2c.o (.text.DL_I2C_startControllerTransfer)
                  0000dcac    00000050     uart.o (.text.cmd_help)
                  0000dcfc    00000050     functions.o (.text.filter_step_str)
                  0000dd4c    0000004c     BQ27Z7_functions.o (.text.BQ27Z746_GetSecurityMode)
                  0000dd98    0000004c     BQ27Z7_functions.o (.text.BQ27Z746_Init)
                  0000dde4    0000004c     driverlib.a : dl_dma.o (.text.DL_DMA_initChannel)
                  0000de30    0000004c     ti_msp_dl_config.o (.text.DL_GPIO_initDigitalInputFeatures)
                  0000de7c    0000004c     ti_msp_dl_config.o (.text.DL_UART_setBaudRateDivisor)
                  0000dec8    0000004c     IMX335.o (.text.IMX335_ReadID)
                  0000df14    0000004c     BoardAPI.o (.text.LED_flash_start)
                  0000df60    0000004c     spi_mem.o (.text.SPI_Memory_Wait)
                  0000dfac    0000004c     ti_msp_dl_config.o (.text.SYSCFG_DL_MCU_UART_1_init)
                  0000dff8    0000004a     libclang_rt.builtins.a : fixdfsi.S.obj (.text.__fixdfsi)
                  0000e042    00000002     --HOLE-- [fill = 0]
                  0000e044    00000048     driverlib.a : dl_uart.o (.text.DL_UART_init)
                  0000e08c    00000048     ti_msp_dl_config.o (.text.SYSCFG_DL_UART_0_init)
                  0000e0d4    00000048     libc.a : strtok.c.obj (.text.strtok)
                  0000e11c    00000044     driverlib.a : dl_spi.o (.text.DL_SPI_init)
                  0000e160    00000044     IMX335.o (.text.IMX335_Stop)
                  0000e1a4    00000044     main.o (.text.PIR_Interrupt_ResumeAfterI2C)
                  0000e1e8    00000040     SX126x_MSPM0.o (.text.SX126xSpiInOut)
                  0000e228    00000040     libclang_rt.builtins.a : aeabi_uidivmod.S.obj (.text.__aeabi_uidivmod)
                  0000e268    00000040                            : extendsfdf2.S.obj (.text.__extendsfdf2)
                  0000e2a8    00000040     libc.a : atoi.c.obj (.text.atoi)
                  0000e2e8    00000040     uart.o (.text.printToUART)
                  0000e328    00000040     libc.a : vsnprintf.c.obj (.text.vsnprintf)
                  0000e368    0000003e     spi_mem.o (.text.arm_tx_only)
                  0000e3a6    00000002     --HOLE-- [fill = 0]
                  0000e3a8    0000003c     driverlib.a : dl_i2c.o (.text.DL_I2C_flushControllerTXFIFO)
                  0000e3e4    0000003c     ti_msp_dl_config.o (.text.DL_Timer_setCounterControl)
                  0000e420    0000003c     libclang_rt.builtins.a : floatsisf.S.obj (.text.__floatsisf)
                  0000e45c    0000003c                            : comparesf2.S.obj (.text.__gtsf2)
                  0000e498    0000003c     libc.a : autoinit.c.obj (.text:__TI_auto_init_nobinit_nopinit)
                  0000e4d4    0000003a     libclang_rt.builtins.a : comparesf2.S.obj (.text.__eqsf2)
                  0000e50e    00000002     --HOLE-- [fill = 0]
                  0000e510    0000003a                            : muldsi3.S.obj (.text.__muldsi3)
                  0000e54a    00000002     --HOLE-- [fill = 0]
                  0000e54c    00000038     ti_msp_dl_config.o (.text.DL_GPIO_initPeripheralOutputFunctionFeatures)
                  0000e584    00000038     RAK3172.o (.text.RAK3172_Reset)
                  0000e5bc    00000038     libclang_rt.builtins.a : fixsfsi.S.obj (.text.__fixsfsi)
                  0000e5f4    00000038     functions.o (.text.print_time)
                  0000e62c    00000034     BQ25628_functions.o (.text.BQ25628E_ReadReg16)
                  0000e660    00000034     main.o (.text.PIR_Interrupt_PauseForI2C)
                  0000e694    00000034     RAK3172.o (.text.RAK3172_SetPower)
                  0000e6c8    00000034     SX126x_MSPM0.o (.text.SX126xSetNss)
                  0000e6fc    00000034     RAK3172.o (.text.__NVIC_DisableIRQ)
                  0000e730    00000034     functions.o (.text.parse_filter_step)
                  0000e764    00000032     libclang_rt.builtins.a : fixunssfsi.S.obj (.text.__fixunssfsi)
                  0000e796    00000032     libc.a : strstr.c.obj (.text.strstr)
                  0000e7c8    00000030     BQ25628_functions.o (.text.BQ25628E_WriteReg16)
                  0000e7f8    00000030     spi_master.o (.text.DL_DMA_setTransferSize)
                  0000e828    00000030     spi_mem.o (.text.DL_DMA_setTransferSize)
                  0000e858    00000030     driverlib.a : dl_i2c.o (.text.DL_I2C_flushControllerRXFIFO)
                  0000e888    00000030     ti_msp_dl_config.o (.text.DL_SPI_setFIFOThreshold)
                  0000e8b8    00000030     driverlib.a : dl_uart.o (.text.DL_UART_transmitDataBlocking)
                  0000e8e8    00000030     SX126x_MSPM0.o (.text.SX126xReset)
                  0000e918    00000030     libc.a : _printfi.c.obj (.text._fcpy)
                  0000e948    00000030            : vsnprintf.c.obj (.text._outs)
                  0000e978    0000002e     radio.o (.text.SX126xWakeup)
                  0000e9a6    0000002e     ti_msp_dl_config.o (.text.SYSCFG_DL_SYSCTL_init)
                  0000e9d4    0000002c     BQ25628_functions.o (.text.BQ25628E_ReadReg8)
                  0000ea00    0000002c     RAK3172.o (.text.__NVIC_ClearPendingIRQ)
                  0000ea2c    0000002c     ZDP323B.o (.text.__NVIC_ClearPendingIRQ)
                  0000ea58    0000002c     i2c.o (.text.__NVIC_ClearPendingIRQ)
                  0000ea84    0000002c     main.o (.text.__NVIC_ClearPendingIRQ)
                  0000eab0    0000002c     uart.o (.text.__NVIC_ClearPendingIRQ)
                  0000eadc    0000002c     RAK3172.o (.text.__NVIC_EnableIRQ)
                  0000eb08    0000002c     ZDP323B.o (.text.__NVIC_EnableIRQ)
                  0000eb34    0000002c     i2c.o (.text.__NVIC_EnableIRQ)
                  0000eb60    0000002c     main.o (.text.__NVIC_EnableIRQ)
                  0000eb8c    0000002c     uart.o (.text.__NVIC_EnableIRQ)
                  0000ebb8    0000002c     libclang_rt.builtins.a : floatsidf.S.obj (.text.__floatsidf)
                  0000ebe4    0000002c     gauge.o (.text.gauge_cmd_read)
                  0000ec10    0000002c     uart.o (.text.get_UART_buffer)
                  0000ec3c    0000002c     libc.a : strncpy.c.obj (.text.strncpy)
                  0000ec68    00000028     BQ25628_functions.o (.text.BQ25628E_Set_TS_Ignore)
                  0000ec90    00000028     BQ27Z7_functions.o (.text.BQ27Z746_MAC_Send)
                  0000ecb8    00000028     IMX335.o (.text.DL_Common_updateReg)
                  0000ece0    00000028     ZDP323B.o (.text.DL_Common_updateReg)
                  0000ed08    00000028     i2c.o (.text.DL_Common_updateReg)
                  0000ed30    00000028     ti_msp_dl_config.o (.text.DL_Common_updateReg)
                  0000ed58    00000028     spi_master.o (.text.DL_DMA_setDestAddr)
                  0000ed80    00000028     spi_mem.o (.text.DL_DMA_setDestAddr)
                  0000eda8    00000028     spi_master.o (.text.DL_DMA_setSrcAddr)
                  0000edd0    00000028     spi_mem.o (.text.DL_DMA_setSrcAddr)
                  0000edf8    00000028     ZDP323B.o (.text.DL_I2C_setControllerAddressingMode)
                  0000ee20    00000028     ti_msp_dl_config.o (.text.DL_I2C_setControllerRXFIFOThreshold)
                  0000ee48    00000028     ti_msp_dl_config.o (.text.DL_I2C_setControllerTXFIFOThreshold)
                  0000ee70    00000028     ti_msp_dl_config.o (.text.DL_SYSTICK_init)
                  0000ee98    00000028     IMX335.o (.text.IMX335_ReadReg)
                  0000eec0    00000028     IMX335.o (.text.IMX335_WriteReg)
                  0000eee8    00000028     libclang_rt.builtins.a : floatunsisf.S.obj (.text.__floatunsisf)
                  0000ef10    00000028     libc.a : boot_cortex_m.c.obj (.text:_c_int00_noargs)
                  0000ef38    00000026     spi_master.o (.text.DL_DMA_enableChannel)
                  0000ef5e    00000026     spi_mem.o (.text.DL_DMA_enableChannel)
                  0000ef84    00000026     ti_msp_dl_config.o (.text.DL_I2C_setAnalogGlitchFilterPulseWidth)
                  0000efaa    00000026     driverlib.a : dl_i2c.o (.text.DL_I2C_setClockConfig)
                  0000efd0    00000026     sx126x.o (.text.SX126xCheckDeviceReady)
                  0000eff6    00000026     libc.a : strspn.c.obj (.text.strspn)
                  0000f01c    00000024     BQ25628_functions.o (.text.BQ25628E_WriteReg8)
                  0000f040    00000024     ti_msp_dl_config.o (.text.DL_SPI_setBitRateSerialClockDivider)
                  0000f064    00000024     BoardAPI.o (.text.LED_control_init)
                  0000f088    00000024     SX126x_MSPM0.o (.text.SX126xWaitOnBusy)
                  0000f0ac    00000024     libclang_rt.builtins.a : muldi3.S.obj (.text.__muldi3)
                  0000f0d0    00000024     i2c.o (.text.i2c_init)
                  0000f0f4    00000024     libc.a : strcspn.c.obj (.text.strcspn)
                  0000f118    00000022            : memccpy.c.obj (.text.memccpy)
                  0000f13a    00000002     --HOLE-- [fill = 0]
                  0000f13c    00000020     ti_msp_dl_config.o (.text.DL_GPIO_initPeripheralInputFunction)
                  0000f15c    00000020     SX126x_MSPM0.o (.text.SX126xIoInit)
                  0000f17c    00000020     gauge.o (.text.gauge_address)
                  0000f19c    00000020     BQ27Z7_functions.o (.text.kelvin_to_celsius)
                  0000f1bc    00000020     mb85rs.o (.text.pack_address)
                  0000f1dc    00000020     uart.o (.text.uart_init)
                  0000f1fc    0000001e     ti_msp_dl_config.o (.text.DL_UART_setOversampling)
                  0000f21a    0000001e     radio.o (.text.SX126xReadRegister)
                  0000f238    0000001e     libclang_rt.builtins.a : ashldi3.S.obj (.text.__ashldi3)
                  0000f256    0000001e     BQ27Z7_functions.o (.text.read_reg16)
                  0000f274    0000001c     ZDP323B.o (.text.DL_GPIO_clearInterruptStatus)
                  0000f290    0000001c     main.o (.text.DL_GPIO_clearInterruptStatus)
                  0000f2ac    0000001c     ti_msp_dl_config.o (.text.DL_GPIO_clearInterruptStatus)
                  0000f2c8    0000001c     main.o (.text.DL_GPIO_disableInterrupt)
                  0000f2e4    0000001c     ti_msp_dl_config.o (.text.DL_GPIO_enableHiZ)
                  0000f300    0000001c     main.o (.text.DL_GPIO_enableInterrupt)
                  0000f31c    0000001c     ti_msp_dl_config.o (.text.DL_GPIO_enableInterrupt)
                  0000f338    0000001c     ti_msp_dl_config.o (.text.DL_GPIO_initPeripheralOutputFunction)
                  0000f354    0000001c     ti_msp_dl_config.o (.text.DL_GPIO_setLowerPinsPolarity)
                  0000f370    0000001c     i2c.o (.text.DL_I2C_disableInterrupt)
                  0000f38c    0000001c     IMX335.o (.text.DL_I2C_enableInterrupt)
                  0000f3a8    0000001c     ZDP323B.o (.text.DL_I2C_enableInterrupt)
                  0000f3c4    0000001c     i2c.o (.text.DL_I2C_enableInterrupt)
                  0000f3e0    0000001c     ti_msp_dl_config.o (.text.DL_I2C_enableInterrupt)
                  0000f3fc    0000001c     i2c.o (.text.DL_I2C_isControllerRXFIFOEmpty)
                  0000f418    0000001c     main.o (.text.DL_Interrupt_getPendingGroup)
                  0000f434    0000001c     ti_msp_dl_config.o (.text.DL_SPI_enableInterrupt)
                  0000f450    0000001c     SX126x_MSPM0.o (.text.DL_SPI_isTXFIFOFull)
                  0000f46c    0000001c     ti_msp_dl_config.o (.text.DL_SYSCTL_setMCLKDivider)
                  0000f488    0000001c     ti_msp_dl_config.o (.text.DL_SYSCTL_setSYSOSCFreq)
                  0000f4a4    0000001c     ti_msp_dl_config.o (.text.DL_SYSCTL_setULPCLKDivider)
                  0000f4c0    0000001c     ti_msp_dl_config.o (.text.DL_Timer_enableInterrupt)
                  0000f4dc    0000001c     driverlib.a : dl_timer.o (.text.DL_Timer_setCaptCompUpdateMethod)
                  0000f4f8    0000001c                 : dl_timer.o (.text.DL_Timer_setClockConfig)
                  0000f514    0000001c     RAK3172.o (.text.DL_UART_disableInterrupt)
                  0000f530    0000001c     RAK3172.o (.text.DL_UART_enableInterrupt)
                  0000f54c    0000001c     ti_msp_dl_config.o (.text.DL_UART_enableInterrupt)
                  0000f568    0000001c     radio.o (.text.SX126xWriteRegister)
                  0000f584    0000001c     main.o (.text.UART0_IRQHandler)
                  0000f5a0    00000018     ti_msp_dl_config.o (.text.DL_GPIO_enableOutput)
                  0000f5b8    00000018     ti_msp_dl_config.o (.text.DL_GPIO_enablePower)
                  0000f5d0    00000018     ti_msp_dl_config.o (.text.DL_GPIO_initDigitalOutput)
                  0000f5e8    00000018     ti_msp_dl_config.o (.text.DL_GPIO_reset)
                  0000f600    00000018     BoardAPI.o (.text.DL_GPIO_setPins)
                  0000f618    00000018     RAK3172.o (.text.DL_GPIO_setPins)
                  0000f630    00000018     SX126x_MSPM0.o (.text.DL_GPIO_setPins)
                  0000f648    00000018     functions.o (.text.DL_GPIO_setPins)
                  0000f660    00000018     main.o (.text.DL_GPIO_setPins)
                  0000f678    00000018     spi_mem.o (.text.DL_GPIO_setPins)
                  0000f690    00000018     ti_msp_dl_config.o (.text.DL_GPIO_setPins)
                  0000f6a8    00000018     ti_msp_dl_config.o (.text.DL_GPIO_setUpperPinsPolarity)
                  0000f6c0    00000018     ZDP323B.o (.text.DL_I2C_clearInterruptStatus)
                  0000f6d8    00000018     i2c.o (.text.DL_I2C_clearInterruptStatus)
                  0000f6f0    00000018     ti_msp_dl_config.o (.text.DL_I2C_enableAnalogGlitchFilter)
                  0000f708    00000018     ti_msp_dl_config.o (.text.DL_I2C_enableController)
                  0000f720    00000018     ti_msp_dl_config.o (.text.DL_I2C_enableControllerClockStretching)
                  0000f738    00000018     ti_msp_dl_config.o (.text.DL_I2C_enablePower)
                  0000f750    00000018     ti_msp_dl_config.o (.text.DL_I2C_reset)
                  0000f768    00000018     ti_msp_dl_config.o (.text.DL_I2C_setTimerPeriod)
                  0000f780    00000018     ti_msp_dl_config.o (.text.DL_SPI_enable)
                  0000f798    00000018     ti_msp_dl_config.o (.text.DL_SPI_enableDMAReceiveEvent)
                  0000f7b0    00000018     ti_msp_dl_config.o (.text.DL_SPI_enablePower)
                  0000f7c8    00000018     SX126x_MSPM0.o (.text.DL_SPI_isRXFIFOEmpty)
                  0000f7e0    00000018     ti_msp_dl_config.o (.text.DL_SPI_reset)
                  0000f7f8    00000018     ti_msp_dl_config.o (.text.DL_SYSCTL_setBORThreshold)
                  0000f810    00000018     ti_msp_dl_config.o (.text.DL_Timer_enablePower)
                  0000f828    00000018     ti_msp_dl_config.o (.text.DL_Timer_reset)
                  0000f840    00000018     driverlib.a : dl_timer.o (.text.DL_Timer_setCaptureCompareOutCtl)
                  0000f858    00000018     BoardAPI.o (.text.DL_Timer_startCounter)
                  0000f870    00000018     BoardAPI.o (.text.DL_Timer_stopCounter)
                  0000f888    00000018     ti_msp_dl_config.o (.text.DL_UART_enablePower)
                  0000f8a0    00000018     RAK3172.o (.text.DL_UART_isRXFIFOEmpty)
                  0000f8b8    00000018     functions.o (.text.DL_UART_isRXFIFOEmpty)
                  0000f8d0    00000018     ti_msp_dl_config.o (.text.DL_UART_reset)
                  0000f8e8    00000018     ti_msp_dl_config.o (.text.SYSCFG_DL_DMA_CH0_init)
                  0000f900    00000018     ti_msp_dl_config.o (.text.SYSCFG_DL_DMA_CH1_init)
                  0000f918    00000018     ti_msp_dl_config.o (.text.SYSCFG_DL_DMA_CH2_init)
                  0000f930    00000018     ti_msp_dl_config.o (.text.SYSCFG_DL_DMA_CH3_init)
                  0000f948    00000018     libc.a : vsnprintf.c.obj (.text._outc)
                  0000f960    00000016     BQ27Z7_functions.o (.text.BQ27Z746_ReadInternalTemp_C)
                  0000f976    00000016     BQ27Z7_functions.o (.text.BQ27Z746_ReadTemperature_C)
                  0000f98c    00000016     SX126x_MSPM0.o (.text.DL_GPIO_readPins)
                  0000f9a2    00000016     main.o (.text.DL_GPIO_readPins)
                  0000f9b8    00000016     SX126x_MSPM0.o (.text.DL_SPI_transmitData8)
                  0000f9ce    00000016     ti_msp_dl_config.o (.text.DL_UART_enable)
                  0000f9e4    00000016     SX126x_MSPM0.o (.text.SX126xDelayMs)
                  0000f9fa    00000014     BQ27Z7_functions.o (.text.BQ27Z746_ReadAvgCurrent_mA)
                  0000fa0e    00000014     BQ27Z7_functions.o (.text.BQ27Z746_ReadAvgPower_mW)
                  0000fa22    00000014     BQ27Z7_functions.o (.text.BQ27Z746_ReadCurrent_mA)
                  0000fa36    00000014     BQ27Z7_functions.o (.text.BQ27Z746_ReadSOC_pct)
                  0000fa4a    00000014     BQ27Z7_functions.o (.text.BQ27Z746_ReadStateOfHealth_pct)
                  0000fa5e    00000014     BQ27Z7_functions.o (.text.BQ27Z746_UseInternalTempOnly)
                  0000fa72    00000014     BoardAPI.o (.text.DL_GPIO_clearPins)
                  0000fa86    00000014     RAK3172.o (.text.DL_GPIO_clearPins)
                  0000fa9a    00000014     SX126x_MSPM0.o (.text.DL_GPIO_clearPins)
                  0000faae    00000014     functions.o (.text.DL_GPIO_clearPins)
                  0000fac2    00000014     spi_mem.o (.text.DL_GPIO_clearPins)
                  0000fad6    00000014     ti_msp_dl_config.o (.text.DL_GPIO_clearPins)
                  0000faea    00000002     --HOLE-- [fill = 0]
                  0000faec    00000014     IMX335.o (.text.DL_I2C_getControllerStatus)
                  0000fb00    00000014     ZDP323B.o (.text.DL_I2C_getControllerStatus)
                  0000fb14    00000014     i2c.o (.text.DL_I2C_getControllerStatus)
                  0000fb28    00000014     i2c.o (.text.DL_I2C_receiveControllerData)
                  0000fb3c    00000014     ti_msp_dl_config.o (.text.DL_I2C_resetControllerTransfer)
                  0000fb50    00000014     ti_msp_dl_config.o (.text.DL_SPI_enableDMATransmitEvent)
                  0000fb64    00000014     SX126x_MSPM0.o (.text.DL_SPI_receiveData8)
                  0000fb78    00000014     ti_msp_dl_config.o (.text.DL_SYSCTL_disableSYSPLL)
                  0000fb8c    00000014     ti_msp_dl_config.o (.text.DL_SYSCTL_enableMFCLK)
                  0000fba0    00000014     ti_msp_dl_config.o (.text.DL_Timer_enableClock)
                  0000fbb4    00000014     ti_msp_dl_config.o (.text.DL_Timer_setCCPDirection)
                  0000fbc8    00000014     RAK3172.o (.text.DL_UART_receiveData)
                  0000fbdc    00000014     functions.o (.text.DL_UART_receiveData)
                  0000fbf0    00000014     uart.o (.text.DL_UART_receiveData)
                  0000fc04    00000014     spi_mem.o (.text.SPI_Memory_CS_Assert)
                  0000fc18    00000014     spi_mem.o (.text.SPI_Memory_CS_Deassert)
                  0000fc2c    00000014     radio.o (.text.SX126xSetOperatingMode)
                  0000fc40    00000014     ti_msp_dl_config.o (.text.SYSCFG_DL_DMA_init)
                  0000fc54    00000014     libclang_rt.builtins.a : aeabi_uldivmod.S.obj (.text.__aeabi_uldivmod)
                  0000fc68    00000014     BoardAPI.o (.text.disable_led_boost)
                  0000fc7c    00000014     BoardAPI.o (.text.enable_led_boost)
                  0000fc90    00000014     libc.a : _printfi.c.obj (.text.strchr)
                  0000fca4    00000014            : strchr.c.obj (.text.strchr)
                  0000fcb8    00000012     BQ27Z7_functions.o (.text.BQ27Z746_ReadBatteryStatus)
                  0000fcca    00000012     BQ27Z7_functions.o (.text.BQ27Z746_ReadCycleCount)
                  0000fcdc    00000012     BQ27Z7_functions.o (.text.BQ27Z746_ReadFullChargeCap_mAh)
                  0000fcee    00000012     BQ27Z7_functions.o (.text.BQ27Z746_ReadRemainingCap_mAh)
                  0000fd00    00000012     BQ27Z7_functions.o (.text.BQ27Z746_ReadTimeToEmpty_min)
                  0000fd12    00000012     BQ27Z7_functions.o (.text.BQ27Z746_ReadTimeToFull_min)
                  0000fd24    00000012     BQ27Z7_functions.o (.text.BQ27Z746_ReadVoltage_mV)
                  0000fd36    00000012     main.o (.text.DL_GPIO_getPendingInterrupt)
                  0000fd48    00000012     i2c.o (.text.DL_I2C_getPendingInterrupt)
                  0000fd5a    00000012     spi_master.o (.text.DL_SPI_getPendingInterrupt)
                  0000fd6c    00000012     spi_mem.o (.text.DL_SPI_getPendingInterrupt)
                  0000fd7e    00000012     driverlib.a : dl_spi.o (.text.DL_SPI_setClockConfig)
                  0000fd90    00000012     RAK3172.o (.text.DL_UART_getPendingInterrupt)
                  0000fda2    00000012     main.o (.text.DL_UART_getPendingInterrupt)
                  0000fdb4    00000012     driverlib.a : dl_uart.o (.text.DL_UART_setClockConfig)
                  0000fdc6    00000012     BQ27Z7_functions.o (.text.security_usleep)
                  0000fdd8    00000012     mb85rs.o (.text.wrdi)
                  0000fdea    00000012     mb85rs.o (.text.wren)
                  0000fdfc    00000012     libc.a : memcpy16.S.obj (.text:TI_memcpy_small)
                  0000fe0e    00000012            : copy_decompress_none.c.obj (.text:decompress:none)
                  0000fe20    00000010     BQ27Z7_functions.o (.text.BQ27Z746_IsDischarging)
                  0000fe30    00000010     BQ27Z7_functions.o (.text.BQ27Z746_IsFullyCharged)
                  0000fe40    00000010     BQ27Z7_functions.o (.text.BQ27Z746_IsFullyDischarged)
                  0000fe50    00000010     ti_msp_dl_config.o (.text.DL_SYSCTL_disableHFXT)
                  0000fe60    00000010     ti_msp_dl_config.o (.text.DL_SYSTICK_enableInterrupt)
                  0000fe70    00000010     driverlib.a : dl_timer.o (.text.DL_Timer_setCaptureCompareValue)
                  0000fe80    00000010     i2c.o (.text.I2C0_IRQHandler)
                  0000fe90    00000010     i2c.o (.text.I2C1_IRQHandler)
                  0000fea0    00000010     BoardAPI.o (.text.LED_flash_stop)
                  0000feb0    00000010     BoardAPI.o (.text.LED_get_current)
                  0000fec0    00000010     spi_mem.o (.text.SPI0_IRQHandler)
                  0000fed0    00000010     libc.a : wcslen.c.obj (.text.wcslen)
                  0000fee0    00000010            : copy_zero_init.c.obj (.text:decompress:ZI)
                  0000fef0    0000000e     BQ25628_functions.o (.text.BQ25628E_Disable_Watchdog)
                  0000fefe    0000000e     BQ25628_functions.o (.text.BQ25628E_Set_PeakDischarge_6A)
                  0000ff0c    0000000e     ti_msp_dl_config.o (.text.SYSCFG_DL_SYSTICK_init)
                  0000ff1a    00000002     --HOLE-- [fill = 0]
                  0000ff1c    0000000e     libclang_rt.builtins.a : aeabi_memset.S.obj (.text.__aeabi_memset)
                  0000ff2a    0000000e     libc.a : strcpy.c.obj (.text.strcpy)
                  0000ff38    0000000e            : _printfi.c.obj (.text.strlen)
                  0000ff46    0000000e            : memset16.S.obj (.text:TI_memset_small)
                  0000ff54    0000000c     BQ25628_functions.o (.text.BQ25628E_Get_IBAT_mA)
                  0000ff60    0000000c     BQ25628_functions.o (.text.BQ25628E_Get_IBUS_mA)
                  0000ff6c    0000000c     BQ25628_functions.o (.text.BQ25628E_Get_VBAT_mV)
                  0000ff78    0000000c     BQ25628_functions.o (.text.BQ25628E_Get_VBUS_mV)
                  0000ff84    0000000c     BQ25628_functions.o (.text.BQ25628E_Get_VSYS_mV)
                  0000ff90    0000000c     BQ27Z7_functions.o (.text.BQ27Z746_Get_AvgCurrent_mA)
                  0000ff9c    0000000c     BQ27Z7_functions.o (.text.BQ27Z746_Get_AvgPower_mW)
                  0000ffa8    0000000c     BQ27Z7_functions.o (.text.BQ27Z746_Get_BatteryStatus)
                  0000ffb4    0000000c     BQ27Z7_functions.o (.text.BQ27Z746_Get_Current_mA)
                  0000ffc0    0000000c     BQ27Z7_functions.o (.text.BQ27Z746_Get_CycleCount)
                  0000ffcc    0000000c     BQ27Z7_functions.o (.text.BQ27Z746_Get_FullChargeCap_mAh)
                  0000ffd8    0000000c     BQ27Z7_functions.o (.text.BQ27Z746_Get_InternalTemp_C)
                  0000ffe4    0000000c     BQ27Z7_functions.o (.text.BQ27Z746_Get_RemainingCap_mAh)
                  0000fff0    0000000c     BQ27Z7_functions.o (.text.BQ27Z746_Get_SOC_pct)
                  0000fffc    0000000c     BQ27Z7_functions.o (.text.BQ27Z746_Get_StateOfHealth_pct)
                  00010008    0000000c     BQ27Z7_functions.o (.text.BQ27Z746_Get_Temperature_C)
                  00010014    0000000c     BQ27Z7_functions.o (.text.BQ27Z746_Get_TimeToEmpty_min)
                  00010020    0000000c     BQ27Z7_functions.o (.text.BQ27Z746_Get_TimeToFull_min)
                  0001002c    0000000c     BQ27Z7_functions.o (.text.BQ27Z746_Get_Voltage_mV)
                  00010038    0000000c     BoardAPI.o (.text.LED_get_voltage)
                  00010044    0000000c     radio.o (.text.SX126xGetOperatingMode)
                  00010050    0000000c     ZDP323B.o (.text.ZDP323B_MotionISR)
                  0001005c    0000000c     libclang_rt.builtins.a : aeabi_memset.S.obj (.text.__aeabi_memclr)
                  00010068    0000000a     driverlib.a : dl_common.o (.text.DL_Common_delayCycles)
                  00010072    0000000a     libc.a : _printfi.c.obj (.text.OUTLINED_FUNCTION_0)
                  0001007c    00000010     libclang_rt.builtins.a : adddf3.S.obj (.tramp.__aeabi_dsub.1)
                  0001008c    0000000a     libc.a : s_log1p.c.obj (.text.OUTLINED_FUNCTION_0)
                  00010096    00000002     --HOLE-- [fill = 0]
                  00010098    00000010     libclang_rt.builtins.a : muldf3.S.obj (.tramp.__aeabi_dmul.1)
                  000100a8    0000000a     libc.a : s_roundf.c.obj (.text.OUTLINED_FUNCTION_0)
                  000100b2    00000002     --HOLE-- [fill = 0]
                  000100b4    00000010     libclang_rt.builtins.a : addsf3.S.obj (.tramp.__aeabi_fadd.1)
                  000100c4    0000000a     libc.a : _printfi.c.obj (.text.OUTLINED_FUNCTION_1)
                  000100ce    0000000a            : s_log1p.c.obj (.text.OUTLINED_FUNCTION_2)
                  000100d8    0000000a            : atof.c.obj (.text.atof)
                  000100e2    00000008            : strtod.c.obj (.text.OUTLINED_FUNCTION_0)
                  000100ea    00000008            : strtod.c.obj (.text.OUTLINED_FUNCTION_1)
                  000100f2    00000002     --HOLE-- [fill = 0]
                  000100f4    00000010     libclang_rt.builtins.a : aeabi_dcmp.S.obj (.tramp.__aeabi_dcmpeq.1)
                  00010104    00000008     RAK3172.o (.text.RAK3172_GetLastResponse)
                  0001010c    00000008     main.o (.text.UART1_IRQHandler)
                  00010114    00000008     libc.a : aeabi_portable.c.obj (.text.__aeabi_errno_addr)
                  0001011c    00000008     libclang_rt.builtins.a : aeabi_memcpy.S.obj (.text.__aeabi_memcpy)
                  00010124    00000006     libc.a : s_log1p.c.obj (.text.OUTLINED_FUNCTION_1)
                  0001012a    00000002     --HOLE-- [fill = 0]
                  0001012c    00000010     libclang_rt.builtins.a : adddf3.S.obj (.tramp.__aeabi_dadd.1)
                  0001013c    00000006     libc.a : exit.c.obj (.text:abort)
                  00010142    00000004     libsysbm.a : hostexit.c.obj (.text.HOSTexit)
                  00010146    00000004     startup_mspm0g350x_ticlang.o (.text.Reset_Handler)
                  0001014a    00000002     --HOLE-- [fill = 0]
                  0001014c    00000010     libc.a : boot_cortex_m.c.obj (.tramp._c_int00_noargs.1)
                  0001015c    00000004            : pre_init.c.obj (.text._system_pre_init)

.cinit     0    00014260    00000190     
                  00014260    0000016a     (.cinit..data.load) [load image, compression = lzss]
                  000143ca    00000002     --HOLE-- [fill = 0]
                  000143cc    0000000c     (__TI_handler_table)
                  000143d8    00000008     (.cinit..bss.load) [load image, compression = zero_init]
                  000143e0    00000010     (__TI_cinit_table)

.rodata    0    00010160    00004100     
                  00010160    000002ec     functions.o (.rodata.str1.14660004578859228044.1)
                  0001044c    0000027e     functions.o (.rodata.str1.3687520451400334805.1)
                  000106ca    000001da     functions.o (.rodata.str1.17600609178903569978.1)
                  000108a4    000001b3     functions.o (.rodata.str1.3019495220097340546.1)
                  00010a57    000001a9     functions.o (.rodata.str1.1174942412544543362.1)
                  00010c00    00000150     IMX335.o (.rodata.res_2592_1944_regs)
                  00010d50    00000131     functions.o (.rodata.str1.14424774467072349609.1)
                  00010e81    0000000f     functions.o (.rodata.str1.12859273452047228931.1)
                  00010e90    00000101     libc.a : aeabi_ctype.S.obj (.rodata:__aeabi_ctype_table_)
                  00010f91    000000f4     functions.o (.rodata.str1.1813704926491365237.1)
                  00011085    000000af     functions.o (.rodata.str1.10105263805998509149.1)
                  00011134    00000004     main.o (.rodata.str1.10635229749459437609.1)
                  00011138    00000080     libc.a : strtod.c.obj (.rodata.digits)
                  000111b8    00000048            : strtod.c.obj (.rodata.powerof10)
                  00011200    00000046     functions.o (.rodata.str1.14754684760099289372.1)
                  00011246    00000046     functions.o (.rodata.str1.391113973767205363.1)
                  0001128c    00000041     functions.o (.rodata.str1.2344728598999326712.1)
                  000112cd    00000040     RAK3172.o (.rodata.str1.7051719164982180226.1)
                  0001130d    0000003f     functions.o (.rodata.str1.5352344875588335774.1)
                  0001134c    0000003d     RAK3172.o (.rodata.str1.371085888180289054.1)
                  00011389    0000003c     functions.o (.rodata.str1.6596733414268854495.1)
                  000113c5    0000003b     main.o (.rodata.str1.11822182024223342093.1)
                  00011400    0000003b     functions.o (.rodata.str1.13405053720543497480.1)
                  0001143b    0000003b     functions.o (.rodata.str1.9863839573043808502.1)
                  00011476    0000003a     functions.o (.rodata.str1.13647871663007229205.1)
                  000114b0    0000003a     functions.o (.rodata.str1.5445248913733296825.1)
                  000114ea    00000038     functions.o (.rodata.str1.13052596014025790475.1)
                  00011522    00000038     functions.o (.rodata.str1.4110658983771834743.1)
                  0001155a    00000038     functions.o (.rodata.str1.6272307236723974141.1)
                  00011592    00000037     functions.o (.rodata.str1.10779513392166034331.1)
                  000115c9    00000037     functions.o (.rodata.str1.1832783851567210609.1)
                  00011600    00000036     functions.o (.rodata.str1.11740181311745255940.1)
                  00011636    00000036     functions.o (.rodata.str1.5685701548624197313.1)
                  0001166c    00000034     functions.o (.rodata.str1.11489194655681450928.1)
                  000116a0    00000034     functions.o (.rodata.str1.13869735989619804122.1)
                  000116d4    00000033     functions.o (.rodata.str1.13877888024071246384.1)
                  00011707    00000033     functions.o (.rodata.str1.14425403555696131028.1)
                  0001173a    00000033     functions.o (.rodata.str1.14965259810863381478.1)
                  0001176d    00000033     functions.o (.rodata.str1.15609207897606374008.1)
                  000117a0    00000033     functions.o (.rodata.str1.564048024001813562.1)
                  000117d3    00000033     ZDP323B.o (.rodata.str1.6426932092013501745.1)
                  00011806    00000033     functions.o (.rodata.str1.9525069792159873506.1)
                  00011839    00000032     functions.o (.rodata.str1.10620974771816488631.1)
                  0001186b    00000032     ZDP323B.o (.rodata.str1.13049244076617931570.1)
                  0001189d    00000032     functions.o (.rodata.str1.13529407018213730301.1)
                  000118cf    00000032     functions.o (.rodata.str1.1517787526747998111.1)
                  00011901    00000032     functions.o (.rodata.str1.15500694823524375836.1)
                  00011933    00000032     main.o (.rodata.str1.7784929982665794503.1)
                  00011965    00000031     functions.o (.rodata.str1.11330391477773130853.1)
                  00011996    00000031     functions.o (.rodata.str1.11371842499512143921.1)
                  000119c7    00000031     functions.o (.rodata.str1.13976999153825061098.1)
                  000119f8    00000031     main.o (.rodata.str1.14402440632258215044.1)
                  00011a29    00000031     ZDP323B.o (.rodata.str1.15253925937945711900.1)
                  00011a5a    00000031     functions.o (.rodata.str1.17314209706061556526.1)
                  00011a8b    00000031     ZDP323B.o (.rodata.str1.3608069722927596962.1)
                  00011abc    00000030     main.o (.rodata.str1.10224226614597680209.1)
                  00011aec    0000002f     functions.o (.rodata.str1.11510568493784519380.1)
                  00011b1b    0000002f     main.o (.rodata.str1.13510909575694371129.1)
                  00011b4a    0000002f     RAK3172.o (.rodata.str1.1431870457548161368.1)
                  00011b79    0000002f     main.o (.rodata.str1.18227636981041470289.1)
                  00011ba8    0000002f     functions.o (.rodata.str1.5574861860302912700.1)
                  00011bd7    0000002f     functions.o (.rodata.str1.7270892861331816810.1)
                  00011c06    0000002e     functions.o (.rodata.str1.10121604327849672915.1)
                  00011c34    0000002e     RAK3172.o (.rodata.str1.13521612804400909485.1)
                  00011c62    0000002e     functions.o (.rodata.str1.1810987313933839541.1)
                  00011c90    0000002e     functions.o (.rodata.str1.8684894204910267454.1)
                  00011cbe    0000002d     functions.o (.rodata.str1.13361924668150654931.1)
                  00011ceb    0000002d     functions.o (.rodata.str1.13786467237224150958.1)
                  00011d18    0000002d     functions.o (.rodata.str1.14996438602218358956.1)
                  00011d45    0000002d     functions.o (.rodata.str1.15871961652988661611.1)
                  00011d72    0000002d     functions.o (.rodata.str1.17873271132953962449.1)
                  00011d9f    0000002d     functions.o (.rodata.str1.303947978237559523.1)
                  00011dcc    0000002d     ZDP323B.o (.rodata.str1.3439872134578313174.1)
                  00011df9    0000002c     main.o (.rodata.str1.11121730273200050387.1)
                  00011e25    0000002b     functions.o (.rodata.str1.6505750907013116089.1)
                  00011e50    0000002b     functions.o (.rodata.str1.7213520456192855849.1)
                  00011e7b    0000002b     functions.o (.rodata.str1.963556741755692615.1)
                  00011ea6    0000002a     functions.o (.rodata.str1.11852899632267644254.1)
                  00011ed0    0000002a     functions.o (.rodata.str1.13933329845969146692.1)
                  00011efa    0000002a     functions.o (.rodata.str1.15303011696885085265.1)
                  00011f24    0000002a     functions.o (.rodata.str1.17242831494859343374.1)
                  00011f4e    0000002a     main.o (.rodata.str1.7996925722583989644.1)
                  00011f78    0000002a     functions.o (.rodata.str1.8975528390176846916.1)
                  00011fa2    00000029     main.o (.rodata.str1.11702106008850790973.1)
                  00011fcb    00000029     ZDP323B.o (.rodata.str1.11817068701145566633.1)
                  00011ff4    00000029     functions.o (.rodata.str1.12145652551702610167.1)
                  0001201d    00000029     functions.o (.rodata.str1.14212890215622683485.1)
                  00012046    00000029     RAK3172.o (.rodata.str1.4186403716999476052.1)
                  0001206f    00000028     functions.o (.rodata.str1.13707145581914847747.1)
                  00012097    00000028     functions.o (.rodata.str1.14724813643312198925.1)
                  000120bf    00000028     functions.o (.rodata.str1.17526886152460330321.1)
                  000120e7    00000028     functions.o (.rodata.str1.2513305095131001627.1)
                  0001210f    00000028     functions.o (.rodata.str1.5121970238091459551.1)
                  00012137    00000028     functions.o (.rodata.str1.7046748811739278352.1)
                  0001215f    00000027     main.o (.rodata.str1.11870794119293528247.1)
                  00012186    00000027     functions.o (.rodata.str1.15471027144601559353.1)
                  000121ad    00000027     functions.o (.rodata.str1.15633490976573669152.1)
                  000121d4    00000027     main.o (.rodata.str1.16285091658156303515.1)
                  000121fb    00000027     main.o (.rodata.str1.16631870348416990953.1)
                  00012222    00000027     functions.o (.rodata.str1.7085808795165203043.1)
                  00012249    00000027     functions.o (.rodata.str1.8989266583668574770.1)
                  00012270    00000026     functions.o (.rodata.str1.11596568296542930794.1)
                  00012296    00000026     main.o (.rodata.str1.11777244287787065045.1)
                  000122bc    00000026     functions.o (.rodata.str1.2412787792798810337.1)
                  000122e2    00000026     functions.o (.rodata.str1.312031595841812858.1)
                  00012308    00000026     functions.o (.rodata.str1.3488700366986149454.1)
                  0001232e    00000026     main.o (.rodata.str1.6689794204546696417.1)
                  00012354    00000026     ZDP323B.o (.rodata.str1.7320712112201950441.1)
                  0001237a    00000025     main.o (.rodata.str1.10313062130652730376.1)
                  0001239f    00000025     main.o (.rodata.str1.13782249893155712474.1)
                  000123c4    00000025     main.o (.rodata.str1.14079361385603432444.1)
                  000123e9    00000025     functions.o (.rodata.str1.16630137122866254825.1)
                  0001240e    00000025     functions.o (.rodata.str1.17819248719987149311.1)
                  00012433    00000025     functions.o (.rodata.str1.17961219559534220169.1)
                  00012458    00000025     functions.o (.rodata.str1.5196872854305757230.1)
                  0001247d    00000025     functions.o (.rodata.str1.7162303493627050396.1)
                  000124a2    00000025     RAK3172.o (.rodata.str1.952859593106619019.1)
                  000124c7    00000024     functions.o (.rodata.str1.10146554888887806956.1)
                  000124eb    00000024     main.o (.rodata.str1.14112174005742061988.1)
                  0001250f    00000024     main.o (.rodata.str1.16709704744796600189.1)
                  00012533    00000024     functions.o (.rodata.str1.18192300180148322521.1)
                  00012557    00000024     functions.o (.rodata.str1.2298903785866919411.1)
                  0001257b    00000024     main.o (.rodata.str1.2624144126699937905.1)
                  0001259f    00000024     ZDP323B.o (.rodata.str1.5543880619177829359.1)
                  000125c3    00000024     RAK3172.o (.rodata.str1.7659589185677606906.1)
                  000125e7    00000024     RAK3172.o (.rodata.str1.8036733024251265150.1)
                  0001260b    00000024     functions.o (.rodata.str1.831622212789273363.1)
                  0001262f    00000024     RAK3172.o (.rodata.str1.9418084910429164153.1)
                  00012653    00000024     functions.o (.rodata.str1.947937177233202452.1)
                  00012677    00000023     uart.o (.rodata.str1.14464947116831474962.1)
                  0001269a    00000023     functions.o (.rodata.str1.3739636256912452571.1)
                  000126bd    00000023     functions.o (.rodata.str1.4088760258362988122.1)
                  000126e0    00000023     functions.o (.rodata.str1.417100376825835908.1)
                  00012703    00000023     functions.o (.rodata.str1.7723146404961276984.1)
                  00012726    00000023     main.o (.rodata.str1.9059077390166914652.1)
                  00012749    00000022     functions.o (.rodata.str1.10930655922842606279.1)
                  0001276b    00000022     functions.o (.rodata.str1.11373607083750233779.1)
                  0001278d    00000022     functions.o (.rodata.str1.11403685632016021771.1)
                  000127af    00000022     functions.o (.rodata.str1.14369386618185839487.1)
                  000127d1    00000022     functions.o (.rodata.str1.16614484817706633923.1)
                  000127f3    00000022     main.o (.rodata.str1.1928638051441818890.1)
                  00012815    00000022     functions.o (.rodata.str1.2190941444116491765.1)
                  00012837    00000022     functions.o (.rodata.str1.2305192595417680505.1)
                  00012859    00000022     main.o (.rodata.str1.6554448696319176064.1)
                  0001287b    00000022     main.o (.rodata.str1.6976963560179378225.1)
                  0001289d    00000022     functions.o (.rodata.str1.7319270408353279736.1)
                  000128bf    00000022     functions.o (.rodata.str1.8841248051089024616.1)
                  000128e1    00000021     functions.o (.rodata.str1.10302267126528799586.1)
                  00012902    00000021     functions.o (.rodata.str1.11345522308171243087.1)
                  00012923    00000021     functions.o (.rodata.str1.12250083639950253671.1)
                  00012944    00000021     functions.o (.rodata.str1.1473925171645503236.1)
                  00012965    00000021     functions.o (.rodata.str1.15231467846776008763.1)
                  00012986    00000021     functions.o (.rodata.str1.16726128468901222387.1)
                  000129a7    00000021     main.o (.rodata.str1.16856034117330037696.1)
                  000129c8    00000021     functions.o (.rodata.str1.17004305802620412261.1)
                  000129e9    00000021     functions.o (.rodata.str1.17387986676834450725.1)
                  00012a0a    00000021     functions.o (.rodata.str1.18169768820860067831.1)
                  00012a2b    00000021     functions.o (.rodata.str1.2090819679678785128.1)
                  00012a4c    00000021     functions.o (.rodata.str1.2216088936736676215.1)
                  00012a6d    00000021     functions.o (.rodata.str1.2654337880733388962.1)
                  00012a8e    00000021     functions.o (.rodata.str1.3098115528246613681.1)
                  00012aaf    00000021     functions.o (.rodata.str1.3322434249706281543.1)
                  00012ad0    00000021     functions.o (.rodata.str1.4531601087117612729.1)
                  00012af1    00000021     functions.o (.rodata.str1.455706336395187257.1)
                  00012b12    00000021     functions.o (.rodata.str1.812177498809953536.1)
                  00012b33    00000021     functions.o (.rodata.str1.8430466031500812981.1)
                  00012b54    00000021     functions.o (.rodata.str1.8758938186445092415.1)
                  00012b75    00000020     functions.o (.rodata.str1.10387253022637546114.1)
                  00012b95    00000020     functions.o (.rodata.str1.10514892771341585404.1)
                  00012bb5    00000020     functions.o (.rodata.str1.10868672936327135180.1)
                  00012bd5    00000020     functions.o (.rodata.str1.11488970495173820783.1)
                  00012bf5    00000020     functions.o (.rodata.str1.14247832736261690914.1)
                  00012c15    00000020     functions.o (.rodata.str1.16499007181999684178.1)
                  00012c35    00000020     functions.o (.rodata.str1.16985884696085998545.1)
                  00012c55    00000020     functions.o (.rodata.str1.17524032667240931881.1)
                  00012c75    00000020     functions.o (.rodata.str1.17954340015018547257.1)
                  00012c95    00000020     functions.o (.rodata.str1.1879081474855052955.1)
                  00012cb5    00000020     functions.o (.rodata.str1.2347775125427912132.1)
                  00012cd5    00000020     functions.o (.rodata.str1.2989574447005584482.1)
                  00012cf5    00000020     main.o (.rodata.str1.4787932902692149498.1)
                  00012d15    00000020     functions.o (.rodata.str1.4892436572911226530.1)
                  00012d35    00000020     functions.o (.rodata.str1.6551616409717788252.1)
                  00012d55    00000020     functions.o (.rodata.str1.8976659453420465898.1)
                  00012d75    00000020     functions.o (.rodata.str1.9506313465773766142.1)
                  00012d95    0000001f     functions.o (.rodata.str1.10046656996256141283.1)
                  00012db4    0000001f     ZDP323B.o (.rodata.str1.13908428614379841002.1)
                  00012dd3    0000001f     functions.o (.rodata.str1.14512812997880962582.1)
                  00012df2    0000001f     main.o (.rodata.str1.16265332423659789559.1)
                  00012e11    0000001f     functions.o (.rodata.str1.16748531490489308471.1)
                  00012e30    0000001f     functions.o (.rodata.str1.18426002669572504042.1)
                  00012e4f    0000001f     functions.o (.rodata.str1.2618360898605671341.1)
                  00012e6e    0000001f     functions.o (.rodata.str1.3741468063811768988.1)
                  00012e8d    0000001f     functions.o (.rodata.str1.3820278077213126598.1)
                  00012eac    0000001f     functions.o (.rodata.str1.5339729456890974958.1)
                  00012ecb    0000001f     functions.o (.rodata.str1.7261598007108977983.1)
                  00012eea    0000001f     functions.o (.rodata.str1.7667325258934765219.1)
                  00012f09    0000001f     functions.o (.rodata.str1.7739059892449448606.1)
                  00012f28    0000001e     functions.o (.rodata.str1.11548324711019379123.1)
                  00012f46    0000001e     functions.o (.rodata.str1.124578571608933609.1)
                  00012f64    0000001e     functions.o (.rodata.str1.13258710136769708401.1)
                  00012f82    0000001e     functions.o (.rodata.str1.15416425971347363818.1)
                  00012fa0    0000001e     functions.o (.rodata.str1.17124744513834159004.1)
                  00012fbe    0000001e     functions.o (.rodata.str1.2132137826339264873.1)
                  00012fdc    0000001e     functions.o (.rodata.str1.2153166669032916089.1)
                  00012ffa    0000001e     functions.o (.rodata.str1.3892635745693469111.1)
                  00013018    0000001e     functions.o (.rodata.str1.635688678628282230.1)
                  00013036    0000001e     functions.o (.rodata.str1.8276779995786722914.1)
                  00013054    0000001e     functions.o (.rodata.str1.9393216526452698668.1)
                  00013072    0000001e     functions.o (.rodata.str1.9629253951102113371.1)
                  00013090    0000001d     functions.o (.rodata.str1.10029850049327752681.1)
                  000130ad    0000001d     functions.o (.rodata.str1.12012936333037231797.1)
                  000130ca    0000001d     functions.o (.rodata.str1.12122565456592184258.1)
                  000130e7    0000001d     main.o (.rodata.str1.12462885530404721960.1)
                  00013104    0000001d     functions.o (.rodata.str1.1787322033648190911.1)
                  00013121    0000001d     functions.o (.rodata.str1.67103668184455600.1)
                  0001313e    0000001d     functions.o (.rodata.str1.6934290517616500964.1)
                  0001315b    0000001c     functions.o (.rodata.str1.11158820112163685190.1)
                  00013177    0000001c     main.o (.rodata.str1.12180500075719773345.1)
                  00013193    0000001c     functions.o (.rodata.str1.12716756795433194893.1)
                  000131af    0000001c     functions.o (.rodata.str1.14504089057119714207.1)
                  000131cb    0000001c     functions.o (.rodata.str1.17112998893623131760.1)
                  000131e7    0000001c     functions.o (.rodata.str1.17418132220924322792.1)
                  00013203    0000001c     functions.o (.rodata.str1.17500777133379660036.1)
                  0001321f    0000001c     functions.o (.rodata.str1.2090735207208419621.1)
                  0001323b    0000001c     functions.o (.rodata.str1.638703247069904128.1)
                  00013257    0000001c     functions.o (.rodata.str1.823074591787180899.1)
                  00013273    00000001     --HOLE-- [fill = 0]
                  00013274    0000001c     IMX335.o (.rodata.test_pattern_disable_regs)
                  00013290    0000001c     IMX335.o (.rodata.test_pattern_enable_regs)
                  000132ac    0000001b     functions.o (.rodata.str1.1202110268130752591.1)
                  000132c7    0000001b     functions.o (.rodata.str1.12869987097872302101.1)
                  000132e2    0000001b     functions.o (.rodata.str1.13213250456124221025.1)
                  000132fd    0000001b     functions.o (.rodata.str1.15241132200125037881.1)
                  00013318    0000001b     functions.o (.rodata.str1.16937093305108365645.1)
                  00013333    0000001b     functions.o (.rodata.str1.17669684748118727147.1)
                  0001334e    0000001b     functions.o (.rodata.str1.17707796826487631625.1)
                  00013369    0000001b     main.o (.rodata.str1.3530083166107438000.1)
                  00013384    0000001b     functions.o (.rodata.str1.4198453541086758413.1)
                  0001339f    0000001b     functions.o (.rodata.str1.504123949362312185.1)
                  000133ba    0000001b     functions.o (.rodata.str1.6579945242302544448.1)
                  000133d5    0000001b     functions.o (.rodata.str1.6954128830300373732.1)
                  000133f0    0000001b     functions.o (.rodata.str1.771275161403278999.1)
                  0001340b    0000001b     functions.o (.rodata.str1.9586352787182320994.1)
                  00013426    0000001a     functions.o (.rodata.str1.10394495994740858438.1)
                  00013440    0000001a     functions.o (.rodata.str1.10821967500945095815.1)
                  0001345a    0000001a     functions.o (.rodata.str1.11584461607463951922.1)
                  00013474    0000001a     functions.o (.rodata.str1.11621569494667626893.1)
                  0001348e    0000001a     functions.o (.rodata.str1.12609848238114409581.1)
                  000134a8    0000001a     functions.o (.rodata.str1.13060549876486072544.1)
                  000134c2    0000001a     functions.o (.rodata.str1.14891510999279312204.1)
                  000134dc    0000001a     functions.o (.rodata.str1.15914577833492633752.1)
                  000134f6    0000001a     functions.o (.rodata.str1.17121790288170408763.1)
                  00013510    0000001a     functions.o (.rodata.str1.2423760133235791839.1)
                  0001352a    0000001a     functions.o (.rodata.str1.2872345601479061820.1)
                  00013544    0000001a     functions.o (.rodata.str1.532000353327018529.1)
                  0001355e    0000001a     main.o (.rodata.str1.8320541211001259012.1)
                  00013578    0000001a     functions.o (.rodata.str1.976629323795015702.1)
                  00013592    0000001a     functions.o (.rodata.str1.9987864939932165754.1)
                  000135ac    00000019     main.o (.rodata.str1.14466178792657420020.1)
                  000135c5    00000019     functions.o (.rodata.str1.15412236193038458078.1)
                  000135de    00000019     functions.o (.rodata.str1.2006883888705870762.1)
                  000135f7    00000019     functions.o (.rodata.str1.3945811098438947860.1)
                  00013610    00000019     functions.o (.rodata.str1.9445087982267570227.1)
                  00013629    00000019     functions.o (.rodata.str1.9504405780896684869.1)
                  00013642    00000002     ti_msp_dl_config.o (.rodata.gI2C_0ClockConfig)
                  00013644    00000018     BoardAPI.o (.rodata._pwm_outputs)
                  0001365c    00000018     ti_msp_dl_config.o (.rodata.gDMA_CH0Config)
                  00013674    00000018     ti_msp_dl_config.o (.rodata.gDMA_CH1Config)
                  0001368c    00000018     ti_msp_dl_config.o (.rodata.gDMA_CH2Config)
                  000136a4    00000018     ti_msp_dl_config.o (.rodata.gDMA_CH3Config)
                  000136bc    00000018     ZDP323B.o (.rodata.str1.13872368284913790327.1)
                  000136d4    00000018     functions.o (.rodata.str1.14826907694073300720.1)
                  000136ec    00000018     functions.o (.rodata.str1.15647711897633472048.1)
                  00013704    00000018     functions.o (.rodata.str1.3293202025561435839.1)
                  0001371c    00000018     functions.o (.rodata.str1.3544098629501009633.1)
                  00013734    00000018     functions.o (.rodata.str1.4307635291288551838.1)
                  0001374c    00000018     functions.o (.rodata.str1.5108329515121284466.1)
                  00013764    00000018     functions.o (.rodata.str1.5556253844797924259.1)
                  0001377c    00000018     functions.o (.rodata.str1.7293844269889091573.1)
                  00013794    00000018     main.o (.rodata.str1.8154729771448623357.1)
                  000137ac    00000017     main.o (.rodata.str1.11022512878759027374.1)
                  000137c3    00000017     functions.o (.rodata.str1.11087625087312282266.1)
                  000137da    00000017     functions.o (.rodata.str1.1121117191475404019.1)
                  000137f1    00000017     functions.o (.rodata.str1.11530881739405661196.1)
                  00013808    00000017     functions.o (.rodata.str1.13497160822588500659.1)
                  0001381f    00000017     main.o (.rodata.str1.13959864503700487862.1)
                  00013836    00000017     main.o (.rodata.str1.1499083853040407199.1)
                  0001384d    00000017     functions.o (.rodata.str1.15581223450256929385.1)
                  00013864    00000017     functions.o (.rodata.str1.15981603964029308583.1)
                  0001387b    00000017     functions.o (.rodata.str1.17162129685140799346.1)
                  00013892    00000017     functions.o (.rodata.str1.1798579838546719175.1)
                  000138a9    00000017     functions.o (.rodata.str1.18287025202223316013.1)
                  000138c0    00000017     functions.o (.rodata.str1.18319551690001788249.1)
                  000138d7    00000017     functions.o (.rodata.str1.3107984650851015417.1)
                  000138ee    00000017     functions.o (.rodata.str1.4144252613811081812.1)
                  00013905    00000017     functions.o (.rodata.str1.5896414462293131170.1)
                  0001391c    00000017     functions.o (.rodata.str1.7005763942079746258.1)
                  00013933    00000017     main.o (.rodata.str1.709365579099624991.1)
                  0001394a    00000017     functions.o (.rodata.str1.7276749916342729794.1)
                  00013961    00000017     functions.o (.rodata.str1.8609670694225301183.1)
                  00013978    00000017     functions.o (.rodata.str1.8683587540435544184.1)
                  0001398f    00000016     functions.o (.rodata.str1.13750405472340812261.1)
                  000139a5    00000016     functions.o (.rodata.str1.14296218639596138037.1)
                  000139bb    00000016     functions.o (.rodata.str1.14626576299884526934.1)
                  000139d1    00000016     functions.o (.rodata.str1.1463293767001829125.1)
                  000139e7    00000016     uart.o (.rodata.str1.15503172443992438641.1)
                  000139fd    00000016     functions.o (.rodata.str1.16113805747440866019.1)
                  00013a13    00000016     functions.o (.rodata.str1.17016031596792030868.1)
                  00013a29    00000016     functions.o (.rodata.str1.1912318065655334061.1)
                  00013a3f    00000016     main.o (.rodata.str1.5043408953494467246.1)
                  00013a55    00000016     functions.o (.rodata.str1.5117621188084071403.1)
                  00013a6b    00000016     RAK3172.o (.rodata.str1.6449940769916495429.1)
                  00013a81    00000015     functions.o (.rodata.str1.11457859038367029433.1)
                  00013a96    00000015     functions.o (.rodata.str1.13291850131445628085.1)
                  00013aab    00000015     functions.o (.rodata.str1.13318008327193210645.1)
                  00013ac0    00000015     functions.o (.rodata.str1.14079700471513303319.1)
                  00013ad5    00000015     RAK3172.o (.rodata.str1.14479525610857906957.1)
                  00013aea    00000015     functions.o (.rodata.str1.14779408147115502373.1)
                  00013aff    00000015     functions.o (.rodata.str1.16344480386849582482.1)
                  00013b14    00000015     functions.o (.rodata.str1.17171889877841249491.1)
                  00013b29    00000015     functions.o (.rodata.str1.18285776561876861988.1)
                  00013b3e    00000015     functions.o (.rodata.str1.510390108933456549.1)
                  00013b53    00000015     functions.o (.rodata.str1.5514502381961403268.1)
                  00013b68    00000015     functions.o (.rodata.str1.5942940260138002656.1)
                  00013b7d    00000015     functions.o (.rodata.str1.7987950595137088371.1)
                  00013b92    00000015     main.o (.rodata.str1.8096991282711418442.1)
                  00013ba7    00000015     uart.o (.rodata.str1.8171864734171609186.1)
                  00013bbc    00000014     IMX335.o (.rodata.mode_2l_10b_regs)
                  00013bd0    00000014     functions.o (.rodata.str1.16059144329163883794.1)
                  00013be4    00000014     main.o (.rodata.str1.18092426736022315238.1)
                  00013bf8    00000014     functions.o (.rodata.str1.2576872358145254110.1)
                  00013c0c    00000014     functions.o (.rodata.str1.4910338030008278487.1)
                  00013c20    00000014     functions.o (.rodata.str1.5905555877690922764.1)
                  00013c34    00000014     functions.o (.rodata.str1.7324634916810494498.1)
                  00013c48    00000014     functions.o (.rodata.str1.9182000268108421340.1)
                  00013c5c    00000014     functions.o (.rodata.str1.9955790773425000222.1)
                  00013c70    00000013     RAK3172.o (.rodata.str1.1487736462859196529.1)
                  00013c83    00000013     functions.o (.rodata.str1.17622889657162422067.1)
                  00013c96    00000013     functions.o (.rodata.str1.204082772225115829.1)
                  00013ca9    00000013     RAK3172.o (.rodata.str1.24814282407215182.1)
                  00013cbc    00000013     functions.o (.rodata.str1.3818782532712895722.1)
                  00013ccf    00000013     functions.o (.rodata.str1.5293785561432609074.1)
                  00013ce2    00000013     functions.o (.rodata.str1.5672502669058196221.1)
                  00013cf5    00000012     main.o (.rodata.str1.10003710380724733530.1)
                  00013d07    00000012     functions.o (.rodata.str1.11391304066098951517.1)
                  00013d19    00000012     RAK3172.o (.rodata.str1.14262890786185017876.1)
                  00013d2b    00000012     main.o (.rodata.str1.16485475968410363649.1)
                  00013d3d    00000012     main.o (.rodata.str1.39260288392874984.1)
                  00013d4f    00000011     libc.a : _printfi.c.obj (.rodata.str1.10348868589481759720.1)
                  00013d60    00000011     main.o (.rodata.str1.10720410773482754683.1)
                  00013d71    00000011     main.o (.rodata.str1.10753028060609409702.1)
                  00013d82    00000011     main.o (.rodata.str1.14712910685067215323.1)
                  00013d93    00000011     functions.o (.rodata.str1.15082562741968675383.1)
                  00013da4    00000011     libc.a : _printfi.c.obj (.rodata.str1.15363888844622738466.1)
                  00013db5    00000011     main.o (.rodata.str1.3292798375424520613.1)
                  00013dc6    00000011     main.o (.rodata.str1.8428454045432808059.1)
                  00013dd7    00000011     functions.o (.rodata.str1.8855207564147674068.1)
                  00013de8    00000010     functions.o (.rodata.str1.12247701732483370762.1)
                  00013df8    00000010     functions.o (.rodata.str1.1545240438815278529.1)
                  00013e08    00000010     LTR329.o (.rodata.str1.16806832061476349698.1)
                  00013e18    0000000f     functions.o (.rodata.str1.1434866316927325970.1)
                  00013e27    0000000f     functions.o (.rodata.str1.2372479248998020874.1)
                  00013e36    0000000f     functions.o (.rodata.str1.6405428687533244608.1)
                  00013e45    0000000f     functions.o (.rodata.str1.7684438339927393593.1)
                  00013e54    0000000e     functions.o (.rodata.str1.14259499675261476636.1)
                  00013e62    0000000e     functions.o (.rodata.str1.3274426514815924028.1)
                  00013e70    0000000e     RAK3172.o (.rodata.str1.3379378337854271095.1)
                  00013e7e    0000000e     functions.o (.rodata.str1.6433388484108913441.1)
                  00013e8c    0000000e     functions.o (.rodata.str1.8058481654977393815.1)
                  00013e9a    0000000e     main.o (.rodata.str1.8828068777338075035.1)
                  00013ea8    0000000d     functions.o (.rodata.str1.14249227603012650231.1)
                  00013eb5    0000000d     functions.o (.rodata.str1.16363964662212304695.1)
                  00013ec2    0000000d     RAK3172.o (.rodata.str1.1968888313200872450.1)
                  00013ecf    0000000d     main.o (.rodata.str1.2597068879322958637.1)
                  00013edc    0000000c     main.o (.rodata.str1.10865113624938808685.1)
                  00013ee8    0000000c     functions.o (.rodata.str1.12082073636076449582.1)
                  00013ef4    0000000c     functions.o (.rodata.str1.12649739183381639352.1)
                  00013f00    0000000c     functions.o (.rodata.str1.2128294674425382420.1)
                  00013f0c    0000000b     main.o (.rodata.str1.11321157723316767883.1)
                  00013f17    0000000b     functions.o (.rodata.str1.4040450050525152614.1)
                  00013f22    0000000b     functions.o (.rodata.str1.6500671132244866452.1)
                  00013f2d    0000000b     RAK3172.o (.rodata.str1.7199972899484323784.1)
                  00013f38    0000000a     ti_msp_dl_config.o (.rodata.gMCU_UART_1Config)
                  00013f42    0000000a     ti_msp_dl_config.o (.rodata.gSPI_0_config)
                  00013f4c    0000000a     ti_msp_dl_config.o (.rodata.gSPI_1_config)
                  00013f56    0000000a     ti_msp_dl_config.o (.rodata.gUART_0Config)
                  00013f60    0000000a     functions.o (.rodata.str1.12114497968925858118.1)
[...]
0000cd2d  set_pwm_duty_cycle               
0000920d  setupCLI                         
2020065c  stm32Spi                         
0000fca5  strchr                           
0000be21  strcmp                           
0000ff2b  strcpy                           
0000f0f5  strcspn                          
0000ec3d  strncpy                          
0000eff7  strspn                           
0000e797  strstr                           
00006c81  strtod                           
0000e0d5  strtok                           
00009605  strtol                           
00006c81  strtold                          
0000f1dd  uart_init                        
0000cd91  uart_printf                      
0000e329  vsnprintf                        
0000fed1  wcslen                           


GLOBAL SYMBOLS: SORTED BY Symbol Address 

address   name                             
-------   ----                             
00000000  __TI_ATRegion0_region_sz         
00000000  __TI_ATRegion0_src_addr          
00000000  __TI_ATRegion0_trg_addr          
00000000  __TI_ATRegion1_region_sz         
00000000  __TI_ATRegion1_src_addr          
00000000  __TI_ATRegion1_trg_addr          
00000000  __TI_ATRegion2_region_sz         
00000000  __TI_ATRegion2_src_addr          
00000000  __TI_ATRegion2_trg_addr          
00000000  __TI_static_base__               
00000000  interruptVectors                 
000000c1  score_exposure_sep               
00000200  __STACK_SIZE                     
00003451  score_gain_sep                   
00004259  __TI_printfi                     
00004c29  cmd_gauge                        
000054cd  main                             
00005b95  cmd_fram                         
000060a9  cmd_bq                           
000064cd  log1p                            
000064cd  log1pl                           
000068c5  cmd_imx                          
00006c81  strtod                           
00006c81  strtold                          
00007039  cmd_ltr                          
0000739d  cmd_pir                          
000076d9  cmd_rak                          
000079fd  cmd_lis                          
00007c45  SYSCFG_DL_GPIO_init              
000080a1  ZDP323B_Init                     
000082b5  cmd_leds                         
00008865  I2C_ReadDevice                   
00008a2d  cmd_spi                          
00008bed  cmd_lora                         
00008d85  __aeabi_dsub                     
00008d85  __subdf3                         
00008d8f  __adddf3                         
00008d8f  __aeabi_dadd                     
00008f17  SX126xAntSwOn                    
00008f19  cmd_pwr                          
0000909d  LTR329_CalculateLux              
0000920d  setupCLI                         
00009371  BQ27Z746_SetTempSensorConfig     
00009605  strtol                           
00009749  BQ27Z746_SetUTFET_Direct         
00009889  I2C_WriteDevice                  
00009b01  IMX335_SetExposure               
00009d41  BQ27Z746_MAC_Read                
00009e59  MB85RS_Read                      
00009f69  Shared_I2C_IRQHandler            
0000a075  __aeabi_ddiv                     
0000a075  __divdf3                         
0000a181  BQ25628E_UpdateTelemetry         
0000a289  cmd_hall                         
0000a391  DL_Timer_initFourCCPWMMode       
0000a495  I2C_TryAddress10                 
0000a599  ZDP323B_WriteConfig              
0000a69d  ZDP323B_ReadPeakHold             
0000a799  I2C_TryAddress                   
0000a891  MB85RS_Write                     
0000aa71  cmd_i2cscan10                    
0000ab59  __aeabi_dmul                     
0000ab59  __muldf3                         
0000ac3d  cmd_i2cscan                      
0000ae01  BQ27Z746_Unseal                  
0000aed9  CLI_ProcessInput                 
0000afb1  ldexp                            
0000afb1  ldexpl                           
0000afb1  scalbn                           
0000afb1  scalbnl                          
0000b089  __aeabi_fsub                     
0000b089  __subsf3                         
0000b093  __addsf3                         
0000b093  __aeabi_fadd                     
0000b161  LIS3DH_ReadMg                    
0000b231  SYSCFG_DL_initPower              
0000b2f5  IMX335_Init                      
0000b3a9  LIS3DH_Init                      
0000b45d  UARTReceive                      
0000b511  IMX335_SetGain                   
0000b5c1  MB85RS_ReadID                    
0000b671  RAK3172_UART_Handler             
0000b721  RAK3172_WaitForResponse          
0000b7d1  __udivmoddi4                     
0000b873  __aeabi_idiv0                    
0000b875  BQ27Z746_UpdateTelemetry         
0000b911  LTR329_Init                      
0000ba45  MB85RS_ReadStatus                
0000bad5  LIS3DH_SetRange                  
0000bb61  SPI1_IRQHandler                  
0000bbed  SPI_Controller_Arm               
0000bc79  SYSCFG_DL_BOOST_CONTROL_init     
0000bd05  __aeabi_fmul                     
0000bd05  __mulsf3                         
0000bd91  floorf                           
0000be1d  ADC0_IRQHandler                  
0000be1d  ADC1_IRQHandler                  
0000be1d  AES_IRQHandler                   
0000be1d  CANFD0_IRQHandler                
0000be1d  DAC0_IRQHandler                  
0000be1d  DMA_IRQHandler                   
0000be1d  Default_Handler                  
0000be1d  GROUP0_IRQHandler                
0000be1d  HardFault_Handler                
0000be1d  NMI_Handler                      
0000be1d  PendSV_Handler                   
0000be1d  RTC_IRQHandler                   
0000be1d  SVC_Handler                      
0000be1d  SysTick_Handler                  
0000be1d  TIMA0_IRQHandler                 
0000be1d  TIMA1_IRQHandler                 
0000be1d  TIMG0_IRQHandler                 
0000be1d  TIMG12_IRQHandler                
0000be1d  TIMG6_IRQHandler                 
0000be1d  TIMG7_IRQHandler                 
0000be1d  TIMG8_IRQHandler                 
0000be1d  UART2_IRQHandler                 
0000be1d  UART3_IRQHandler                 
0000be21  strcmp                           
0000bea9  __aeabi_fdiv                     
0000bea9  __divsf3                         
0000c02d  SX126xReadRegisters              
0000c0ab  __aeabi_ldiv0                    
0000c0ad  IMX335_SetTestPattern            
0000c129  __TI_decompress_lzss             
0000c221  LIS3DH_ReadRaw                   
0000c299  SYSCFG_DL_FLASH_CONTROL_init     
0000c311  SX126xWriteRegisters             
0000c387  BQ27Z746_GetTempConfig           
0000c3fd  __gedf2                          
0000c3fd  __gtdf2                          
0000c471  __aeabi_d2f                      
0000c471  __truncdfsf2                     
0000c559  SPI_Memory_Arm                   
0000c5cd  CLI_Tokenize                     
0000c63d  LED_set_current                  
0000c6ad  gauge_read                       
0000c71d  gauge_write                      
0000c78d  LTR329_ReadData                  
0000c7f9  BQ27Z746_GetFETOptions           
0000c8cd  MB85RS_Init                      
0000c935  __cmpdf2                         
0000c935  __eqdf2                          
0000c935  __ledf2                          
0000c935  __ltdf2                          
0000c935  __nedf2                          
0000ca05  roundf                           
0000cad5  BQ25628E_Set_VINDPM_mV           
0000cb39  LED_set_voltage                  
0000cb9d  LTR329_SetGain                   
0000cc01  PIR_interrupt                    
0000cc65  SYSCFG_DL_I2C_0_init             
0000ccc9  SYSCFG_DL_I2C_1_init             
0000cd2d  set_pwm_duty_cycle               
0000cd91  uart_printf                      
0000cdf5  BQ27Z746_EnsureUnsealed          
0000ce57  BQ27Z746_GetOperationStatus      
0000ceb9  BQ27Z746_GetSafetyStatus         
0000cf1d  __aeabi_dcmpeq                   
0000cf31  __aeabi_dcmplt                   
0000cf45  __aeabi_dcmple                   
0000cf59  __aeabi_dcmpge                   
0000cf6d  __aeabi_dcmpgt                   
0000cf81  __aeabi_fcmpeq                   
0000cf95  __aeabi_fcmplt                   
0000cfa9  __aeabi_fcmple                   
0000cfbd  __aeabi_fcmpge                   
0000cfd1  __aeabi_fcmpgt                   
0000d045  BQ25628E_Set_VREG_mV             
0000d0a5  BQ25628E_Set_VSYSMIN_mV          
0000d105  LTR329_PrintPredictedExposureGain
0000d165  SPI_Memory_Init                  
0000d1c5  SYSCFG_DL_init                   
0000d225  BQ27Z746_GetChargingStatus       
0000d283  DL_I2C_fillControllerTXFIFO      
0000d2e1  CLI_RegisterCommand              
0000d33d  IMX335_Start                     
0000d399  RAK3172_Init                     
0000d3f5  RAK3172_SendCommand              
0000d451  SPI_Controller_Init              
0000d4ad  frexp                            
0000d4ad  frexpl                           
0000d509  BQ27Z746_Seal                    
0000d565  BQ25628E_Set_ICHG_mA             
0000d5bd  BQ25628E_Set_IINDPM_mA           
0000d615  GROUP1_IRQHandler                
0000d66d  SPI_Memory_IRQHandler            
0000d6c5  SYSCFG_DL_SPI_0_init             
0000d71d  SYSCFG_DL_SPI_1_init             
0000d775  __TI_ltoa                        
0000d825  BQ27Z746_GetChemID               
0000d87b  BQ27Z746_GetDeviceType           
0000d8d1  BQ27Z746_GetFirmwareVersion      
0000d929  __aeabi_idiv                     
0000d929  __aeabi_idivmod                  
0000d981  IMX335_Scan                      
0000da29  ZDP323B_BuildConfigBytes         
0000dacd  BQ25628E_Init_Default            
0000db1d  BQ25628E_UpdateBits8             
0000dcad  cmd_help                         
0000dd4d  BQ27Z746_GetSecurityMode         
0000dd99  BQ27Z746_Init                    
0000dde5  DL_DMA_initChannel               
0000dec9  IMX335_ReadID                    
0000df15  LED_flash_start                  
0000df61  SPI_Memory_Wait                  
0000dfad  SYSCFG_DL_MCU_UART_1_init        
0000dff9  __aeabi_d2iz                     
0000dff9  __fixdfsi                        
0000e045  DL_UART_init                     
0000e08d  SYSCFG_DL_UART_0_init            
0000e0d5  strtok                           
0000e11d  DL_SPI_init                      
0000e161  IMX335_Stop                      
0000e1a5  PIR_Interrupt_ResumeAfterI2C     
0000e1e9  SX126xSpiInOut                   
0000e229  __aeabi_uidiv                    
0000e229  __aeabi_uidivmod                 
0000e269  __aeabi_f2d                      
0000e269  __extendsfdf2                    
0000e2a9  atoi                             
0000e2e9  printToUART                      
0000e329  vsnprintf                        
0000e3a9  DL_I2C_flushControllerTXFIFO     
0000e421  __aeabi_i2f                      
0000e421  __floatsisf                      
0000e45d  __gesf2                          
0000e45d  __gtsf2                          
0000e499  __TI_auto_init_nobinit_nopinit   
0000e4d5  __cmpsf2                         
0000e4d5  __eqsf2                          
0000e4d5  __lesf2                          
0000e4d5  __ltsf2                          
0000e4d5  __nesf2                          
0000e511  __muldsi3                        
0000e585  RAK3172_Reset                    
0000e5bd  __aeabi_f2iz                     
0000e5bd  __fixsfsi                        
0000e62d  BQ25628E_ReadReg16               
0000e661  PIR_Interrupt_PauseForI2C        
0000e695  RAK3172_SetPower                 
0000e6c9  SX126xSetNss                     
0000e765  __aeabi_f2uiz                    
0000e765  __fixunssfsi                     
0000e797  strstr                           
0000e7c9  BQ25628E_WriteReg16              
0000e859  DL_I2C_flushControllerRXFIFO     
0000e8b9  DL_UART_transmitDataBlocking     
0000e8e9  SX126xReset                      
0000e979  SX126xWakeup                     
0000e9a7  SYSCFG_DL_SYSCTL_init            
0000e9d5  BQ25628E_ReadReg8                
0000ebb9  __aeabi_i2d                      
0000ebb9  __floatsidf                      
0000ebe5  gauge_cmd_read                   
0000ec11  get_UART_buffer                  
0000ec3d  strncpy                          
0000ec69  BQ25628E_Set_TS_Ignore           
0000ec91  BQ27Z746_MAC_Send                
0000ee99  IMX335_ReadReg                   
0000eec1  IMX335_WriteReg                  
0000eee9  __aeabi_ui2f                     
0000eee9  __floatunsisf                    
0000ef11  _c_int00_noargs                  
0000efab  DL_I2C_setClockConfig            
0000efd1  SX126xCheckDeviceReady           
0000eff7  strspn                           
0000f01d  BQ25628E_WriteReg8               
0000f065  LED_control_init                 
0000f089  SX126xWaitOnBusy                 
0000f0ad  __aeabi_lmul                     
0000f0ad  __muldi3                         
0000f0d1  i2c_init                         
0000f0f5  strcspn                          
0000f119  memccpy                          
0000f15d  SX126xIoInit                     
0000f17d  gauge_address                    
0000f1dd  uart_init                        
0000f21b  SX126xReadRegister               
0000f239  __aeabi_llsl                     
0000f239  __ashldi3                        
0000f4dd  DL_Timer_setCaptCompUpdateMethod 
0000f4f9  DL_Timer_setClockConfig          
0000f569  SX126xWriteRegister              
0000f585  UART0_IRQHandler                 
0000f841  DL_Timer_setCaptureCompareOutCtl 
0000f8e9  SYSCFG_DL_DMA_CH0_init           
0000f901  SYSCFG_DL_DMA_CH1_init           
0000f919  SYSCFG_DL_DMA_CH2_init           
0000f931  SYSCFG_DL_DMA_CH3_init           
0000f961  BQ27Z746_ReadInternalTemp_C      
0000f977  BQ27Z746_ReadTemperature_C       
0000f9e5  SX126xDelayMs                    
0000f9fb  BQ27Z746_ReadAvgCurrent_mA       
0000fa0f  BQ27Z746_ReadAvgPower_mW         
0000fa23  BQ27Z746_ReadCurrent_mA          
0000fa37  BQ27Z746_ReadSOC_pct             
0000fa4b  BQ27Z746_ReadStateOfHealth_pct   
0000fa5f  BQ27Z746_UseInternalTempOnly     
0000fc05  SPI_Memory_CS_Assert             
0000fc19  SPI_Memory_CS_Deassert           
0000fc2d  SX126xSetOperatingMode           
0000fc41  SYSCFG_DL_DMA_init               
0000fc55  __aeabi_uldivmod                 
0000fc69  disable_led_boost                
0000fc7d  enable_led_boost                 
0000fca5  strchr                           
0000fcb9  BQ27Z746_ReadBatteryStatus       
0000fccb  BQ27Z746_ReadCycleCount          
0000fcdd  BQ27Z746_ReadFullChargeCap_mAh   
0000fcef  BQ27Z746_ReadRemainingCap_mAh    
0000fd01  BQ27Z746_ReadTimeToEmpty_min     
0000fd13  BQ27Z746_ReadTimeToFull_min      
0000fd25  BQ27Z746_ReadVoltage_mV          
0000fd7f  DL_SPI_setClockConfig            
0000fdb5  DL_UART_setClockConfig           
0000fdfd  TI_memcpy_small                  
0000fe0f  __TI_decompress_none             
0000fe21  BQ27Z746_IsDischarging           
0000fe31  BQ27Z746_IsFullyCharged          
0000fe41  BQ27Z746_IsFullyDischarged       
0000fe71  DL_Timer_setCaptureCompareValue  
0000fe81  I2C0_IRQHandler                  
0000fe91  I2C1_IRQHandler                  
0000fea1  LED_flash_stop                   
0000feb1  LED_get_current                  
0000fec1  SPI0_IRQHandler                  
0000fed1  wcslen                           
0000fee1  __TI_zero_init                   
0000fef1  BQ25628E_Disable_Watchdog        
0000feff  BQ25628E_Set_PeakDischarge_6A    
0000ff0d  SYSCFG_DL_SYSTICK_init           
0000ff1d  __aeabi_memset                   
0000ff1d  __aeabi_memset4                  
0000ff1d  __aeabi_memset8                  
0000ff2b  strcpy                           
0000ff47  TI_memset_small                  
0000ff55  BQ25628E_Get_IBAT_mA             
0000ff61  BQ25628E_Get_IBUS_mA             
0000ff6d  BQ25628E_Get_VBAT_mV             
0000ff79  BQ25628E_Get_VBUS_mV             
0000ff85  BQ25628E_Get_VSYS_mV             
0000ff91  BQ27Z746_Get_AvgCurrent_mA       
0000ff9d  BQ27Z746_Get_AvgPower_mW         
0000ffa9  BQ27Z746_Get_BatteryStatus       
0000ffb5  BQ27Z746_Get_Current_mA          
0000ffc1  BQ27Z746_Get_CycleCount          
0000ffcd  BQ27Z746_Get_FullChargeCap_mAh   
0000ffd9  BQ27Z746_Get_InternalTemp_C      
0000ffe5  BQ27Z746_Get_RemainingCap_mAh    
0000fff1  BQ27Z746_Get_SOC_pct             
0000fffd  BQ27Z746_Get_StateOfHealth_pct   
00010009  BQ27Z746_Get_Temperature_C       
00010015  BQ27Z746_Get_TimeToEmpty_min     
00010021  BQ27Z746_Get_TimeToFull_min      
0001002d  BQ27Z746_Get_Voltage_mV          
00010039  LED_get_voltage                  
00010045  SX126xGetOperatingMode           
00010051  ZDP323B_MotionISR                
0001005d  __aeabi_memclr                   
0001005d  __aeabi_memclr4                  
0001005d  __aeabi_memclr8                  
00010069  DL_Common_delayCycles            
000100d9  atof                             
00010105  RAK3172_GetLastResponse          
0001010d  UART1_IRQHandler                 
00010115  __aeabi_errno_addr               
0001011d  __aeabi_memcpy                   
0001011d  __aeabi_memcpy4                  
0001011d  __aeabi_memcpy8                  
0001013d  abort                            
00010142  C$$EXIT                          
00010143  HOSTexit                         
00010147  Reset_Handler                    
0001015d  _system_pre_init                 
00010e90  __aeabi_ctype_table_             
00010e90  __aeabi_ctype_table_C            
000143cc  __TI_Handler_Table_Base          
000143d8  __TI_Handler_Table_Limit         
000143e0  __TI_CINIT_Base                  
000143f0  __TI_CINIT_Limit                 
000143f0  __TI_CINIT_Warm                  
20200000  __start___llvm_prf_bits          
20200000  __start___llvm_prf_cnts          
20200000  __stop___llvm_prf_bits           
20200000  __stop___llvm_prf_cnts           
20200000  gSPI_RxPacket                    
202003f0  gBOOST_CONTROLBackup             
202004ac  gFLASH_CONTROLBackup             
20200568  UART_Buffer                      
202005a8  gSPI_0Backup                     
202005d0  gSPI_1Backup                     
202005f8  gRxPacket                        
2020061a  gTxPacket                        
2020063c  framSpi                          
2020065c  stm32Spi                         
20200678  gPIR                             
20200684  fram                             
2020068c  gRxCount                         
20200690  gRxLen                           
20200694  gTxCount                         
20200698  gTxLen                           
2020069d  gI2cControllerStatus             
202006a0  expectedRxMessage                
202008a0  gSPI_TxPacket                    
20200aa0  output_currents_led_mA           
20200b66  duty_cycles_led                  
20200bc9  bq_monitor_active                
20200be8  gLTR329                          
20200bf4  gIMX335                          
20200bfc  gLIS3DH                          
20200c04  __aeabi_errno                    
20200c10  led_channel                      
20200c14  monitor_rate                     
20200c20  global_led_voltage               
20200c24  char_index                       
20200c25  data_received                    
20200c27  g_pir_interrupt_enabled          
20200c28  gauge_monitor_active             
20200c29  hall_monitor_active              
20200c2a  lis_monitor_active               
20200c2b  ltr_model_monitor_active         
20200c2c  ltr_monitor_active               
20200c2d  pir_monitor_active               
20207e00  __stack                          
20208000  __STACK_END                      
ffffffff  __TI_pprof_out_hndl              
ffffffff  __TI_prof_data_size              
ffffffff  __TI_prof_data_start             
ffffffff  __binit__                        
ffffffff  binit                            
UNDEFED   __mpu_init                       
UNDEFED   _system_post_cinit               

[433 symbols]
