******************************************************************************
            TI ARM Clang Linker PC v4.0.4                      
******************************************************************************
>> Linked Thu Feb 26 20:35:32 2026

OUTPUT FILE NAME:   <HW_SW_interface_CCS.out>
ENTRY POINT SYMBOL: "_c_int00_noargs"  address: 00003cc1


MEMORY CONFIGURATION

         name            origin    length      used     unused   attr    fill
----------------------  --------  ---------  --------  --------  ----  --------
  FLASH                 00000000   00020000  00004f90  0001b070  R  X
  SRAM                  20200000   00008000  0000038d  00007c73  RW X
  BCR_CONFIG            41c00000   000000ff  00000000  000000ff  R   
  BSL_CONFIG            41c00100   00000080  00000000  00000080  R   


SEGMENT ALLOCATION MAP

run origin  load origin   length   init length attrs members
----------  ----------- ---------- ----------- ----- -------
00000000    00000000    00004f90   00004f90    r-x
  00000000    00000000    000000c0   000000c0    r-- .intvecs
  000000c0    000000c0    00004010   00004010    r-x .text
  000040d0    000040d0    00000e80   00000e80    r-- .rodata
  00004f50    00004f50    00000040   00000040    r-- .cinit
20200000    20200000    00000190   00000000    rw-
  20200000    20200000    00000165   00000000    rw- .bss
  20200168    20200168    00000028   00000000    rw- .data
20207e00    20207e00    00000200   00000000    rw-
  20207e00    20207e00    00000200   00000000    rw- .stack


SECTION ALLOCATION MAP

 output                                  attributes/
section   page    origin      length       input sections
--------  ----  ----------  ----------   ----------------
.intvecs   0    00000000    000000c0     
                  00000000    000000c0     startup_mspm0g350x_ticlang.o (.intvecs)

.text      0    000000c0    00004010     
                  000000c0    000009d0     libc.a : _printfi.c.obj (.text:__TI_printfi)
                  00000a90    000003e4     functions.o (.text.cmd_bq)
                  00000e74    00000344     uart.o (.text.CLI_ProcessInput)
                  000011b8    00000220     libc.a : _printfi.c.obj (.text._pconv_a)
                  000013d8    000001ec     main.o (.text.main)
                  000015c4    000001dc     libc.a : _printfi.c.obj (.text._pconv_g)
                  000017a0    000001c0     functions.o (.text.cmd_i2cscan)
                  00001960    00000192     libclang_rt.builtins.a : adddf3.S.obj (.text.adddf3_subdf3)
                  00001af2    00000002     startup_mspm0g350x_ticlang.o (.text.Default_Handler)
                  00001af4    0000018c     functions.o (.text.cmd_spi)
                  00001c80    00000144     libc.a : strtol.c.obj (.text.strtol)
                  00001dc4    00000140     i2c.o (.text.I2C_ReadDevice)
                  00001f04    0000013c     libc.a : _printfi.c.obj (.text.fcvt)
                  00002040    00000138     i2c.o (.text.I2C_WriteDevice)
                  00002178    00000120     libc.a : _printfi.c.obj (.text._pconv_e)
                  00002298    0000010c     libclang_rt.builtins.a : divdf3.S.obj (.text.__divdf3)
                  000023a4    00000100     ti_msp_dl_config.o (.text.SYSCFG_DL_GPIO_init)
                  000024a4    000000fc     driverlib.a : dl_timer.o (.text.DL_Timer_initTimerMode)
                  000025a0    000000f0     BQ25628_functions.o (.text.BQ25628E_Init_Default)
                  00002690    000000f0     functions.o (.text.cmd_pwr)
                  00002780    000000e4     i2c.o (.text.I2C_TryAddress)
                  00002864    000000e4     libclang_rt.builtins.a : muldf3.S.obj (.text.__muldf3)
                  00002948    000000d8     libc.a : s_scalbn.c.obj (.text.scalbn)
                  00002a20    000000d0     functions.o (.text.cmd_hall)
                  00002af0    000000bc     i2c.o (.text.Shared_I2C_IRQHandler)
                  00002bac    000000ac     uart.o (.text.UARTReceive)
                  00002c58    000000a4     BQ25628_functions.o (.text.BQ25628E_UpdateTelemetry)
                  00002cfc    000000a2     libclang_rt.builtins.a : udivmoddi4.S.obj (.text)
                  00002d9e    0000009a     libc.a : memcpy16.S.obj (.text:memcpy)
                  00002e38    00000008            : aeabi_portable.c.obj (.text.__aeabi_errno_addr)
                  00002e40    00000088            : strcmp-armv6m.S.obj (.text:strcmp)
                  00002ec8    0000007c     ti_msp_dl_config.o (.text.SYSCFG_DL_initPower)
                  00002f44    0000007c     libc.a : copy_decompress_lzss.c.obj (.text:decompress:lzss)
                  00002fc0    00000078     uart.o (.text.uart_printf)
                  00003038    00000074     libclang_rt.builtins.a : comparedf2.c.obj (.text.__gedf2)
                  000030ac    00000070     ti_msp_dl_config.o (.text.SYSCFG_DL_UART_0_init)
                  0000311c    00000068     uart.o (.text.CLI_Tokenize)
                  00003184    00000068     ti_msp_dl_config.o (.text.SYSCFG_DL_I2C_0_init)
                  000031ec    00000068     ti_msp_dl_config.o (.text.SYSCFG_DL_I2C_1_init)
                  00003254    00000068     libclang_rt.builtins.a : comparedf2.c.obj (.text.__ledf2)
                  000032bc    00000066     libc.a : _printfi.c.obj (.text._mcpy)
                  00003322    00000002     libclang_rt.builtins.a : aeabi_div0.c.obj (.text.__aeabi_idiv0)
                  00003324    00000064     ti_msp_dl_config.o (.text.SYSCFG_DL_SPI_0_init)
                  00003388    00000064     uart.o (.text.cmd_help)
                  000033ec    00000062     libclang_rt.builtins.a : aeabi_dcmp.S.obj (.text.__aeabi_dcmp)
                  0000344e    00000062     libc.a : memset16.S.obj (.text:memset)
                  000034b0    00000060     ti_msp_dl_config.o (.text.SYSCFG_DL_MCU_UART_1_init)
                  00003510    0000005e     driverlib.a : dl_i2c.o (.text.DL_I2C_fillControllerTXFIFO)
                  0000356e    00000002     libclang_rt.builtins.a : aeabi_div0.c.obj (.text.__aeabi_ldiv0)
                  00003570    0000005c     libc.a : s_frexp.c.obj (.text.frexp)
                  000035cc    00000058            : _ltoa.c.obj (.text.__TI_ltoa)
                  00003624    00000058            : _printfi.c.obj (.text._pconv_f)
                  0000367c    00000056     libclang_rt.builtins.a : aeabi_idivmod.S.obj (.text.__aeabi_idivmod)
                  000036d2    00000052     libc.a : _printfi.c.obj (.text._ecpy)
                  00003724    00000050     ti_msp_dl_config.o (.text.SYSCFG_DL_SPI_1_init)
                  00003774    0000004c     driverlib.a : dl_dma.o (.text.DL_DMA_initChannel)
                  000037c0    0000004c     spi_slave.o (.text.SPI_Peripheral_Arm)
                  0000380c    0000004a     libclang_rt.builtins.a : fixdfsi.S.obj (.text.__fixdfsi)
                  00003856    00000002     --HOLE-- [fill = 0]
                  00003858    00000048     driverlib.a : dl_uart.o (.text.DL_UART_init)
                  000038a0    00000048     libc.a : strtok.c.obj (.text.strtok)
                  000038e8    00000044     driverlib.a : dl_spi.o (.text.DL_SPI_init)
                  0000392c    00000044     ti_msp_dl_config.o (.text.SYSCFG_DL_init)
                  00003970    00000040     ti_msp_dl_config.o (.text.SYSCFG_DL_SYSCTL_init)
                  000039b0    00000040     libclang_rt.builtins.a : aeabi_uidivmod.S.obj (.text.__aeabi_uidivmod)
                  000039f0    00000040     libc.a : atoi.c.obj (.text.atoi)
                  00003a30    00000040            : vsnprintf.c.obj (.text.vsnprintf)
                  00003a70    0000003c     uart.o (.text.CLI_RegisterCommand)
                  00003aac    0000003c     driverlib.a : dl_i2c.o (.text.DL_I2C_flushControllerTXFIFO)
                  00003ae8    0000003c     uart.o (.text.get_UART_buffer)
                  00003b24    0000003c     libc.a : autoinit.c.obj (.text:__TI_auto_init_nobinit_nopinit)
                  00003b60    0000003a     libclang_rt.builtins.a : muldsi3.S.obj (.text.__muldsi3)
                  00003b9a    00000002     --HOLE-- [fill = 0]
                  00003b9c    00000038     ti_msp_dl_config.o (.text.SYSCFG_DL_TIMER_0_init)
                  00003bd4    00000030     driverlib.a : dl_i2c.o (.text.DL_I2C_flushControllerRXFIFO)
                  00003c04    00000030                 : dl_uart.o (.text.DL_UART_transmitDataBlocking)
                  00003c34    00000030     libc.a : _printfi.c.obj (.text._fcpy)
                  00003c64    00000030            : vsnprintf.c.obj (.text._outs)
                  00003c94    0000002c     libclang_rt.builtins.a : floatsidf.S.obj (.text.__floatsidf)
                  00003cc0    00000028     libc.a : boot_cortex_m.c.obj (.text:_c_int00_noargs)
                  00003ce8    00000026     driverlib.a : dl_i2c.o (.text.DL_I2C_setClockConfig)
                  00003d0e    00000026     libc.a : strspn.c.obj (.text.strspn)
                  00003d34    00000024     BQ25628_functions.o (.text.BQ25628E_ReadReg16)
                  00003d58    00000024     BQ25628_functions.o (.text.BQ25628E_ReadReg8)
                  00003d7c    00000024     BQ25628_functions.o (.text.BQ25628E_WriteReg16)
                  00003da0    00000024     libclang_rt.builtins.a : muldi3.S.obj (.text.__muldi3)
                  00003dc4    00000024     libc.a : strcspn.c.obj (.text.strcspn)
                  00003de8    00000022            : memccpy.c.obj (.text.memccpy)
                  00003e0a    00000002     --HOLE-- [fill = 0]
                  00003e0c    00000020     BQ25628_functions.o (.text.BQ25628E_WriteReg8)
                  00003e2c    00000020     spi_slave.o (.text.SPI_Peripheral_Init)
                  00003e4c    00000020     uart.o (.text.uart_init)
                  00003e6c    0000001e     libclang_rt.builtins.a : ashldi3.S.obj (.text.__ashldi3)
                  00003e8a    00000002     --HOLE-- [fill = 0]
                  00003e8c    0000001c     driverlib.a : dl_timer.o (.text.DL_Timer_setClockConfig)
                  00003ea8    0000001c     spi_slave.o (.text.SPI1_IRQHandler)
                  00003ec4    0000001c     i2c.o (.text.i2c_init)
                  00003ee0    00000018     ti_msp_dl_config.o (.text.SYSCFG_DL_DMA_CH0_init)
                  00003ef8    00000018     ti_msp_dl_config.o (.text.SYSCFG_DL_DMA_CH1_init)
                  00003f10    00000018     ti_msp_dl_config.o (.text.SYSCFG_DL_DMA_CH2_init)
                  00003f28    00000018     ti_msp_dl_config.o (.text.SYSCFG_DL_DMA_CH3_init)
                  00003f40    00000018     main.o (.text.UART0_IRQHandler)
                  00003f58    00000018     libc.a : vsnprintf.c.obj (.text._outc)
                  00003f70    00000016            : copy_zero_init.c.obj (.text:decompress:ZI:__TI_zero_init_nomemset)
                  00003f86    00000014     ti_msp_dl_config.o (.text.SYSCFG_DL_DMA_init)
                  00003f9a    00000002     --HOLE-- [fill = 0]
                  00003f9c    00000014     libclang_rt.builtins.a : aeabi_uldivmod.S.obj (.text.__aeabi_uldivmod)
                  00003fb0    00000014     libc.a : _printfi.c.obj (.text.strchr)
                  00003fc4    00000012     driverlib.a : dl_spi.o (.text.DL_SPI_setClockConfig)
                  00003fd6    00000012                 : dl_uart.o (.text.DL_UART_setClockConfig)
                  00003fe8    00000012     libc.a : copy_decompress_none.c.obj (.text:decompress:none)
                  00003ffa    00000002     --HOLE-- [fill = 0]
                  00003ffc    00000010     i2c.o (.text.I2C0_IRQHandler)
                  0000400c    00000010     i2c.o (.text.I2C1_IRQHandler)
                  0000401c    00000010     libc.a : wcslen.c.obj (.text.wcslen)
                  0000402c    0000000e     libclang_rt.builtins.a : aeabi_memset.S.obj (.text.__aeabi_memset)
                  0000403a    0000000e     libc.a : _printfi.c.obj (.text.strlen)
                  00004048    0000000c     BQ25628_functions.o (.text.BQ25628E_Get_IBAT_mA)
                  00004054    0000000c     BQ25628_functions.o (.text.BQ25628E_Get_IBUS_mA)
                  00004060    0000000c     BQ25628_functions.o (.text.BQ25628E_Get_VBAT_mV)
                  0000406c    0000000c     BQ25628_functions.o (.text.BQ25628E_Get_VSYS_mV)
                  00004078    0000000c     libclang_rt.builtins.a : aeabi_memset.S.obj (.text.__aeabi_memclr)
                  00004084    0000000a     driverlib.a : dl_common.o (.text.DL_Common_delayCycles)
                  0000408e    0000000a     libc.a : _printfi.c.obj (.text.OUTLINED_FUNCTION_0)
                  00004098    00000010     libclang_rt.builtins.a : adddf3.S.obj (.tramp.__aeabi_dsub.1)
                  000040a8    0000000a     libc.a : _printfi.c.obj (.text.OUTLINED_FUNCTION_1)
                  000040b2    00000002     --HOLE-- [fill = 0]
                  000040b4    00000008     libclang_rt.builtins.a : aeabi_memcpy.S.obj (.text.__aeabi_memcpy)
                  000040bc    00000006     libc.a : exit.c.obj (.text:abort)
                  000040c2    00000004     libsysbm.a : hostexit.c.obj (.text.HOSTexit)
                  000040c6    00000004     startup_mspm0g350x_ticlang.o (.text.Reset_Handler)
                  000040ca    00000004     libc.a : pre_init.c.obj (.text._system_pre_init)
                  000040ce    00000002     --HOLE-- [fill = 0]

.cinit     0    00004f50    00000040     
                  00004f50    0000001a     (.cinit..data.load) [load image, compression = lzss]
                  00004f6a    00000002     --HOLE-- [fill = 0]
                  00004f6c    0000000c     (__TI_handler_table)
                  00004f78    00000008     (.cinit..bss.load) [load image, compression = zero_init]
                  00004f80    00000010     (__TI_cinit_table)

.rodata    0    000040d0    00000e80     
                  000040d0    000001da     functions.o (.rodata.str1.17600609178903569978.1)
                  000042aa    00000006     functions.o (.rodata.str1.11538060877586311343.1)
                  000042b0    00000101     libc.a : aeabi_ctype.S.obj (.rodata:__aeabi_ctype_table_)
                  000043b1    000000ef     functions.o (.rodata.str1.10105263805998509149.1)
                  000044a0    00000046     functions.o (.rodata.str1.14754684760099289372.1)
                  000044e6    0000003c     functions.o (.rodata.str1.6596733414268854495.1)
                  00004522    00000039     functions.o (.rodata.str1.2344728598999326712.1)
                  0000455b    00000036     functions.o (.rodata.str1.11510568493784519380.1)
                  00004591    00000033     functions.o (.rodata.str1.16929425599360063401.1)
                  000045c4    00000031     main.o (.rodata.str1.16265332423659789559.1)
                  000045f5    00000030     main.o (.rodata.str1.11702106008850790973.1)
                  00004625    00000030     main.o (.rodata.str1.13288086030101331538.1)
                  00004655    0000002f     main.o (.rodata.str1.18227636981041470289.1)
                  00004684    0000002d     functions.o (.rodata.str1.17873271132953962449.1)
                  000046b1    0000002d     functions.o (.rodata.str1.303947978237559523.1)
                  000046de    0000002c     main.o (.rodata.str1.14402440632258215044.1)
                  0000470a    0000002a     functions.o (.rodata.str1.13933329845969146692.1)
                  00004734    00000029     functions.o (.rodata.str1.14212890215622683485.1)
                  0000475d    00000028     functions.o (.rodata.str1.13707145581914847747.1)
                  00004785    00000027     functions.o (.rodata.str1.7085808795165203043.1)
                  000047ac    00000026     functions.o (.rodata.str1.11596568296542930794.1)
                  000047d2    00000026     functions.o (.rodata.str1.312031595841812858.1)
                  000047f8    00000025     functions.o (.rodata.str1.5196872854305757230.1)
                  0000481d    00000024     main.o (.rodata.str1.10635229749459437609.1)
                  00004841    00000024     functions.o (.rodata.str1.2298903785866919411.1)
                  00004865    00000023     uart.o (.rodata.str1.14464947116831474962.1)
                  00004888    00000023     functions.o (.rodata.str1.16757203657686794125.1)
                  000048ab    00000023     functions.o (.rodata.str1.7723146404961276984.1)
                  000048ce    00000022     functions.o (.rodata.str1.11403685632016021771.1)
                  000048f0    00000022     functions.o (.rodata.str1.2305192595417680505.1)
                  00004912    00000022     main.o (.rodata.str1.6891813955777630061.1)
                  00004934    00000021     functions.o (.rodata.str1.3739636256912452571.1)
                  00004955    00000021     functions.o (.rodata.str1.4531601087117612729.1)
                  00004976    00000020     functions.o (.rodata.str1.10868672936327135180.1)
                  00004996    0000001f     main.o (.rodata.str1.14112174005742061988.1)
                  000049b5    0000001f     functions.o (.rodata.str1.7261598007108977983.1)
                  000049d4    0000001e     functions.o (.rodata.str1.13258710136769708401.1)
                  000049f2    0000001e     functions.o (.rodata.str1.9393216526452698668.1)
                  00004a10    0000001d     functions.o (.rodata.str1.15667472894159448674.1)
                  00004a2d    0000001c     main.o (.rodata.str1.12180500075719773345.1)
                  00004a49    0000001a     functions.o (.rodata.str1.10394495994740858438.1)
                  00004a63    0000001a     functions.o (.rodata.str1.11621569494667626893.1)
                  00004a7d    0000001a     main.o (.rodata.str1.11870794119293528247.1)
                  00004a97    0000001a     functions.o (.rodata.str1.12609848238114409581.1)
                  00004ab1    0000001a     functions.o (.rodata.str1.2872345601479061820.1)
                  00004acb    0000001a     functions.o (.rodata.str1.976629323795015702.1)
                  00004ae5    00000019     main.o (.rodata.str1.8108965883388295311.1)
                  00004afe    00000002     ti_msp_dl_config.o (.rodata.gI2C_0ClockConfig)
                  00004b00    00000018     ti_msp_dl_config.o (.rodata.gDMA_CH0Config)
                  00004b18    00000018     ti_msp_dl_config.o (.rodata.gDMA_CH1Config)
                  00004b30    00000018     ti_msp_dl_config.o (.rodata.gDMA_CH2Config)
                  00004b48    00000018     ti_msp_dl_config.o (.rodata.gDMA_CH3Config)
                  00004b60    00000018     functions.o (.rodata.str1.14826907694073300720.1)
                  00004b78    00000018     functions.o (.rodata.str1.15647711897633472048.1)
                  00004b90    00000018     functions.o (.rodata.str1.3544098629501009633.1)
                  00004ba8    00000018     functions.o (.rodata.str1.4307635291288551838.1)
                  00004bc0    00000018     functions.o (.rodata.str1.5556253844797924259.1)
                  00004bd8    00000018     main.o (.rodata.str1.8154729771448623357.1)
                  00004bf0    00000017     functions.o (.rodata.str1.15981603964029308583.1)
                  00004c07    00000017     functions.o (.rodata.str1.17162129685140799346.1)
                  00004c1e    00000016     functions.o (.rodata.str1.13750405472340812261.1)
                  00004c34    00000016     uart.o (.rodata.str1.15503172443992438641.1)
                  00004c4a    00000016     functions.o (.rodata.str1.1912318065655334061.1)
                  00004c60    00000016     main.o (.rodata.str1.8076846746581808073.1)
                  00004c76    00000015     functions.o (.rodata.str1.11457859038367029433.1)
                  00004c8b    00000015     functions.o (.rodata.str1.13291850131445628085.1)
                  00004ca0    00000015     functions.o (.rodata.str1.13318008327193210645.1)
                  00004cb5    00000015     functions.o (.rodata.str1.14079700471513303319.1)
                  00004cca    00000015     functions.o (.rodata.str1.14779408147115502373.1)
                  00004cdf    00000015     functions.o (.rodata.str1.16344480386849582482.1)
                  00004cf4    00000015     functions.o (.rodata.str1.17171889877841249491.1)
                  00004d09    00000015     functions.o (.rodata.str1.18285776561876861988.1)
                  00004d1e    00000015     functions.o (.rodata.str1.5514502381961403268.1)
                  00004d33    00000015     functions.o (.rodata.str1.7987950595137088371.1)
                  00004d48    00000015     uart.o (.rodata.str1.8171864734171609186.1)
                  00004d5d    00000003     ti_msp_dl_config.o (.rodata.gTIMER_0ClockConfig)
                  00004d60    00000014     ti_msp_dl_config.o (.rodata.gTIMER_0TimerConfig)
                  00004d74    00000014     main.o (.rodata.str1.9059077390166914652.1)
                  00004d88    00000013     functions.o (.rodata.str1.17622889657162422067.1)
                  00004d9b    00000012     functions.o (.rodata.str1.11391304066098951517.1)
                  00004dad    00000012     main.o (.rodata.str1.13782249893155712474.1)
                  00004dbf    00000011     libc.a : _printfi.c.obj (.rodata.str1.10348868589481759720.1)
                  00004dd0    00000011            : _printfi.c.obj (.rodata.str1.15363888844622738466.1)
                  00004de1    00000011     main.o (.rodata.str1.3530083166107438000.1)
                  00004df2    00000011     functions.o (.rodata.str1.8855207564147674068.1)
                  00004e03    00000001     --HOLE-- [fill = 0]
                  00004e04    00000010     main.o (.rodata..Lswitch.table.main)
                  00004e14    0000000f     functions.o (.rodata.str1.6405428687533244608.1)
                  00004e23    0000000d     functions.o (.rodata.str1.14249227603012650231.1)
                  00004e30    0000000b     main.o (.rodata.str1.14079361385603432444.1)
                  00004e3b    00000001     --HOLE-- [fill = 0]
                  00004e3c    0000000a     ti_msp_dl_config.o (.rodata.gMCU_UART_1Config)
                  00004e46    0000000a     ti_msp_dl_config.o (.rodata.gSPI_0_config)
                  00004e50    0000000a     ti_msp_dl_config.o (.rodata.gSPI_1_config)
                  00004e5a    0000000a     ti_msp_dl_config.o (.rodata.gUART_0Config)
                  00004e64    0000000a     functions.o (.rodata.str1.9659379646541333203.1)
                  00004e6e    00000009     functions.o (.rodata.str1.17004305802620412261.1)
                  00004e77    00000009     uart.o (.rodata.str1.2747995240747259486.1)
                  00004e80    00000009     functions.o (.rodata.str1.5320122413559821118.1)
                  00004e89    00000008     functions.o (.rodata.str1.10029850049327752681.1)
                  00004e91    00000008     functions.o (.rodata.str1.11093425900794288272.1)
                  00004e99    00000008     functions.o (.rodata.str1.12716370140545181522.1)
                  00004ea1    00000008     functions.o (.rodata.str1.13225435875195226696.1)
                  00004ea9    00000008     functions.o (.rodata.str1.15927518266867229498.1)
                  00004eb1    00000008     main.o (.rodata.str1.2763581881760962609.1)
                  00004eb9    00000008     main.o (.rodata.str1.2846389346932560359.1)
                  00004ec1    00000008     functions.o (.rodata.str1.3156050197955811031.1)
                  00004ec9    00000007     functions.o (.rodata.str1.14125585639945481457.1)
                  00004ed0    00000007     functions.o (.rodata.str1.17588442350683572369.1)
                  00004ed7    00000007     functions.o (.rodata.str1.3123360382440319361.1)
                  00004ede    00000006     functions.o (.rodata.str1.17144429639171527548.1)
                  00004ee4    00000006     functions.o (.rodata.str1.4959705119256106851.1)
                  00004eea    00000005     functions.o (.rodata.str1.11900037607746946141.1)
                  00004eef    00000005     functions.o (.rodata.str1.13183419841694627606.1)
                  00004ef4    00000005     functions.o (.rodata.str1.14496393926573069083.1)
                  00004ef9    00000005     main.o (.rodata.str1.15159059442110792349.1)
                  00004efe    00000005     main.o (.rodata.str1.17376258722486336754.1)
                  00004f03    00000005     main.o (.rodata.str1.288608917962107522.1)
                  00004f08    00000005     functions.o (.rodata.str1.3066531604708884151.1)
                  00004f0d    00000005     functions.o (.rodata.str1.3172367308849033862.1)
                  00004f12    00000005     functions.o (.rodata.str1.502354497711140047.1)
                  00004f17    00000004     functions.o (.rodata.str1.12871985577256932554.1)
                  00004f1b    00000004     main.o (.rodata.str1.15996357275703397564.1)
                  00004f1f    00000004     main.o (.rodata.str1.16631870348416990953.1)
                  00004f23    00000004     main.o (.rodata.str1.17100691992556644108.1)
                  00004f27    00000004     functions.o (.rodata.str1.4561657886204501224.1)
                  00004f2b    00000004     functions.o (.rodata.str1.62749256631814321.1)
                  00004f2f    00000004     functions.o (.rodata.str1.9119127971185803168.1)
                  00004f33    00000003     uart.o (.rodata.str1.12819099410943012003.1)
                  00004f36    00000003     main.o (.rodata.str1.7702501944640899365.1)
                  00004f39    00000002     ti_msp_dl_config.o (.rodata.gI2C_1ClockConfig)
                  00004f3b    00000002     ti_msp_dl_config.o (.rodata.gMCU_UART_1ClockConfig)
                  00004f3d    00000002     ti_msp_dl_config.o (.rodata.gSPI_0_clockConfig)
                  00004f3f    00000002     ti_msp_dl_config.o (.rodata.gSPI_1_clockConfig)
                  00004f41    00000002     ti_msp_dl_config.o (.rodata.gUART_0ClockConfig)
                  00004f43    00000002     uart.o (.rodata.str1.3510367808670815947.1)
                  00004f45    00000002     functions.o (.rodata.str1.5994875290679588583.1)
                  00004f47    00000009     --HOLE-- [fill = 0]

.init_array 
*          0    00000000    00000000     UNINITIALIZED

.binit     0    00000000    00000000     

.bss       0    20200000    00000165     UNINITIALIZED
                  20200000    00000078     uart.o (.bss.commandList)
                  20200078    00000040     (.common:UART_Buffer)
                  202000b8    00000028     (.common:gSPI_0Backup)
                  202000e0    00000028     (.common:gSPI_1Backup)
                  20200108    00000020     (.common:gRxPacket)
                  20200128    00000018     (.common:stm32Spi)
                  20200140    00000010     (.common:gSPI_RxPacket)
                  20200150    00000004     (.common:gRxCount)
                  20200154    00000004     (.common:gRxLen)
                  20200158    00000004     (.common:gTxCount)
                  2020015c    00000004     (.common:gTxLen)
                  20200160    00000004     (.common:gTxPacket)
                  20200164    00000001     (.common:gI2cControllerStatus)

.data      0    20200168    00000028     UNINITIALIZED
                  20200168    00000010     spi_slave.o (.data.gSPI_TxPacket)
                  20200178    00000004     libc.a : aeabi_portable.c.obj (.data.__aeabi_errno)
                  2020017c    00000004     uart.o (.data.commandCount)
                  20200180    00000004     libc.a : strtok.c.obj (.data.last_end)
                  20200184    00000002     BQ25628_functions.o (.data.g_ibat_mA)
                  20200186    00000002     BQ25628_functions.o (.data.g_ibus_mA)
                  20200188    00000002     BQ25628_functions.o (.data.g_vbat_mV)
                  2020018a    00000002     BQ25628_functions.o (.data.g_vsys_mV)
                  2020018c    00000001     main.o (.data.bq_monitor_active)
                  2020018d    00000001     uart.o (.data.char_index)
                  2020018e    00000001     uart.o (.data.data_received)
                  2020018f    00000001     main.o (.data.hall_monitor_active)

.stack     0    20207e00    00000200     UNINITIALIZED
                  20207e00    00000004     libc.a : boot_cortex_m.c.obj (.stack)
                  20207e04    000001fc     --HOLE--

__llvm_prf_cnts 
*          0    20200000    00000000     UNINITIALIZED

__llvm_prf_bits 
*          0    20200000    00000000     UNINITIALIZED

MODULE SUMMARY

       Module                         code    ro data   rw data
       ------                         ----    -------   -------
    .\
       functions.o                    2288    2557      0      
       ti_msp_dl_config.o             1280    171       80     
       main.o                         516     590       2      
       startup_mspm0g350x_ticlang.o   6       192       0      
    +--+------------------------------+-------+---------+---------+
       Total:                         4090    3510      82     
                                                               
    .\HAL\
       uart.o                         1484    92        190    
       i2c.o                          1108    0         53     
       spi_slave.o                    136     0         56     
    +--+------------------------------+-------+---------+---------+
       Total:                         2728    92        299    
                                                               
    .\ics\BQ25628\
       BQ25628_functions.o            592     0         8      
    +--+------------------------------+-------+---------+---------+
       Total:                         592     0         8      
                                                               
    C:/ti/mspm0_sdk_2_09_00_01/source/ti/driverlib/lib/ticlang/m0p/mspm0g1x0x_g3x0x/driverlib.a
       dl_timer.o                     280     0         0      
       dl_i2c.o                       240     0         0      
       dl_uart.o                      138     0         0      
       dl_spi.o                       86      0         0      
       dl_dma.o                       76      0         0      
       dl_common.o                    10      0         0      
    +--+------------------------------+-------+---------+---------+
       Total:                         830     0         0      
                                                               
    C:\ti\ccs2031\ccs\tools\compiler\ti-cgt-armllvm_4.0.4.LTS\lib\armv6m-ti-none-eabi/c/libc.a
       _printfi.c.obj                 4510    34        0      
       strtol.c.obj                   324     0         0      
       aeabi_ctype.S.obj              0       257       0      
       s_scalbn.c.obj                 216     0         0      
       memcpy16.S.obj                 154     0         0      
       strcmp-armv6m.S.obj            136     0         0      
       vsnprintf.c.obj                136     0         0      
       copy_decompress_lzss.c.obj     124     0         0      
       memset16.S.obj                 98      0         0      
       s_frexp.c.obj                  92      0         0      
       _ltoa.c.obj                    88      0         0      
       strtok.c.obj                   72      0         4      
       atoi.c.obj                     64      0         0      
       autoinit.c.obj                 60      0         0      
       boot_cortex_m.c.obj            40      0         0      
       strspn.c.obj                   38      0         0      
       strcspn.c.obj                  36      0         0      
       memccpy.c.obj                  34      0         0      
       copy_zero_init.c.obj           22      0         0      
       copy_decompress_none.c.obj     18      0         0      
       wcslen.c.obj                   16      0         0      
       aeabi_portable.c.obj           8       0         4      
       exit.c.obj                     6       0         0      
       pre_init.c.obj                 4       0         0      
    +--+------------------------------+-------+---------+---------+
       Total:                         6296    291       8      
                                                               
    C:\ti\ccs2031\ccs\tools\compiler\ti-cgt-armllvm_4.0.4.LTS\lib\armv6m-ti-none-eabi/c/libsysbm.a
       hostexit.c.obj                 4       0         0      
    +--+------------------------------+-------+---------+---------+
       Total:                         4       0         0      
                                                               
    C:\ti\ccs2031\ccs\tools\compiler\ti-cgt-armllvm_4.0.4.LTS\lib\armv6m-ti-none-eabi/libclang_rt.builtins.a
       adddf3.S.obj                   418     0         0      
       divdf3.S.obj                   268     0         0      
       muldf3.S.obj                   228     0         0      
       comparedf2.c.obj               220     0         0      
       udivmoddi4.S.obj               162     0         0      
       aeabi_dcmp.S.obj               98      0         0      
       aeabi_idivmod.S.obj            86      0         0      
       fixdfsi.S.obj                  74      0         0      
       aeabi_uidivmod.S.obj           64      0         0      
       muldsi3.S.obj                  58      0         0      
       floatsidf.S.obj                44      0         0      
       muldi3.S.obj                   36      0         0      
       ashldi3.S.obj                  30      0         0      
       aeabi_memset.S.obj             26      0         0      
       aeabi_uldivmod.S.obj           20      0         0      
       aeabi_memcpy.S.obj             8       0         0      
       aeabi_div0.c.obj               4       0         0      
    +--+------------------------------+-------+---------+---------+
       Total:                         1844    0         0      
                                                               
       Stack:                         0       0         512    
       Linker Generated:              0       62        0      
    +--+------------------------------+-------+---------+---------+
       Grand Total:                   16384   3955      909    


LINKER GENERATED COPY TABLES

__TI_cinit_table @ 00004f80 records: 2, size/record: 8, table size: 16
	.data: load addr=00004f50, load size=0000001a bytes, run addr=20200168, run size=00000028 bytes, compression=lzss
	.bss: load addr=00004f78, load size=00000008 bytes, run addr=20200000, run size=00000165 bytes, compression=zero_init


LINKER GENERATED HANDLER TABLE

__TI_handler_table @ 00004f6c records: 3, size/record: 4, table size: 12
	index: 0, handler: __TI_decompress_lzss
	index: 1, handler: __TI_decompress_none
	index: 2, handler: __TI_zero_init


FAR CALL TRAMPOLINES

callee name               trampoline name
   callee addr  tramp addr   call addr  call info
--------------  -----------  ---------  ----------------
__aeabi_dsub              $Tramp$TT$L$PI$$__aeabi_dsub
   00001961     00004098     00004096   libc.a : _printfi.c.obj (.text.OUTLINED_FUNCTION_0)

[1 trampolines]
[1 trampoline calls]


GLOBAL SYMBOLS: SORTED ALPHABETICALLY BY Name 

address   name                          
-------   ----                          
00001af3  ADC0_IRQHandler               
00001af3  ADC1_IRQHandler               
00001af3  AES_IRQHandler                
00004049  BQ25628E_Get_IBAT_mA          
00004055  BQ25628E_Get_IBUS_mA          
00004061  BQ25628E_Get_VBAT_mV          
0000406d  BQ25628E_Get_VSYS_mV          
000025a1  BQ25628E_Init_Default         
00003d35  BQ25628E_ReadReg16            
00003d59  BQ25628E_ReadReg8             
00002c59  BQ25628E_UpdateTelemetry      
00003d7d  BQ25628E_WriteReg16           
00003e0d  BQ25628E_WriteReg8            
000040c2  C$$EXIT                       
00001af3  CANFD0_IRQHandler             
00000e75  CLI_ProcessInput              
00003a71  CLI_RegisterCommand           
0000311d  CLI_Tokenize                  
00001af3  DAC0_IRQHandler               
00004085  DL_Common_delayCycles         
00003775  DL_DMA_initChannel            
00003511  DL_I2C_fillControllerTXFIFO   
00003bd5  DL_I2C_flushControllerRXFIFO  
00003aad  DL_I2C_flushControllerTXFIFO  
00003ce9  DL_I2C_setClockConfig         
000038e9  DL_SPI_init                   
00003fc5  DL_SPI_setClockConfig         
000024a5  DL_Timer_initTimerMode        
00003e8d  DL_Timer_setClockConfig       
00003859  DL_UART_init                  
00003fd7  DL_UART_setClockConfig        
00003c05  DL_UART_transmitDataBlocking  
00001af3  DMA_IRQHandler                
00001af3  Default_Handler               
00001af3  GROUP0_IRQHandler             
00001af3  GROUP1_IRQHandler             
000040c3  HOSTexit                      
00001af3  HardFault_Handler             
00003ffd  I2C0_IRQHandler               
0000400d  I2C1_IRQHandler               
00001dc5  I2C_ReadDevice                
00002781  I2C_TryAddress                
00002041  I2C_WriteDevice               
00001af3  NMI_Handler                   
00001af3  PendSV_Handler                
00001af3  RTC_IRQHandler                
000040c7  Reset_Handler                 
00001af3  SPI0_IRQHandler               
00003ea9  SPI1_IRQHandler               
000037c1  SPI_Peripheral_Arm            
00003e2d  SPI_Peripheral_Init           
00001af3  SVC_Handler                   
00003ee1  SYSCFG_DL_DMA_CH0_init        
00003ef9  SYSCFG_DL_DMA_CH1_init        
00003f11  SYSCFG_DL_DMA_CH2_init        
00003f29  SYSCFG_DL_DMA_CH3_init        
00003f87  SYSCFG_DL_DMA_init            
000023a5  SYSCFG_DL_GPIO_init           
00003185  SYSCFG_DL_I2C_0_init          
000031ed  SYSCFG_DL_I2C_1_init          
000034b1  SYSCFG_DL_MCU_UART_1_init     
00003325  SYSCFG_DL_SPI_0_init          
00003725  SYSCFG_DL_SPI_1_init          
00003971  SYSCFG_DL_SYSCTL_init         
00003b9d  SYSCFG_DL_TIMER_0_init        
000030ad  SYSCFG_DL_UART_0_init         
0000392d  SYSCFG_DL_init                
00002ec9  SYSCFG_DL_initPower           
00002af1  Shared_I2C_IRQHandler         
00001af3  SysTick_Handler               
00001af3  TIMA0_IRQHandler              
00001af3  TIMA1_IRQHandler              
00001af3  TIMG0_IRQHandler              
00001af3  TIMG12_IRQHandler             
00001af3  TIMG6_IRQHandler              
00001af3  TIMG7_IRQHandler              
00001af3  TIMG8_IRQHandler              
00003f41  UART0_IRQHandler              
00001af3  UART1_IRQHandler              
00001af3  UART2_IRQHandler              
00001af3  UART3_IRQHandler              
00002bad  UARTReceive                   
20200078  UART_Buffer                   
20208000  __STACK_END                   
00000200  __STACK_SIZE                  
00000000  __TI_ATRegion0_region_sz      
00000000  __TI_ATRegion0_src_addr       
00000000  __TI_ATRegion0_trg_addr       
00000000  __TI_ATRegion1_region_sz      
00000000  __TI_ATRegion1_src_addr       
00000000  __TI_ATRegion1_trg_addr       
00000000  __TI_ATRegion2_region_sz      
00000000  __TI_ATRegion2_src_addr       
00000000  __TI_ATRegion2_trg_addr       
00004f80  __TI_CINIT_Base               
00004f90  __TI_CINIT_Limit              
00004f90  __TI_CINIT_Warm               
00004f6c  __TI_Handler_Table_Base       
00004f78  __TI_Handler_Table_Limit      
00003b25  __TI_auto_init_nobinit_nopinit
00002f45  __TI_decompress_lzss          
00003fe9  __TI_decompress_none          
000035cd  __TI_ltoa                     
ffffffff  __TI_pprof_out_hndl           
000000c1  __TI_printfi                  
ffffffff  __TI_prof_data_size           
ffffffff  __TI_prof_data_start          
00000000  __TI_static_base__            
00003f71  __TI_zero_init_nomemset       
0000196b  __adddf3                      
000042b0  __aeabi_ctype_table_          
000042b0  __aeabi_ctype_table_C         
0000380d  __aeabi_d2iz                  
0000196b  __aeabi_dadd                  
000033ed  __aeabi_dcmpeq                
00003429  __aeabi_dcmpge                
0000343d  __aeabi_dcmpgt                
00003415  __aeabi_dcmple                
00003401  __aeabi_dcmplt                
00002299  __aeabi_ddiv                  
00002865  __aeabi_dmul                  
00001961  __aeabi_dsub                  
20200178  __aeabi_errno                 
00002e39  __aeabi_errno_addr            
00003c95  __aeabi_i2d                   
0000367d  __aeabi_idiv                  
00003323  __aeabi_idiv0                 
0000367d  __aeabi_idivmod               
0000356f  __aeabi_ldiv0                 
00003e6d  __aeabi_llsl                  
00003da1  __aeabi_lmul                  
00004079  __aeabi_memclr                
00004079  __aeabi_memclr4               
00004079  __aeabi_memclr8               
000040b5  __aeabi_memcpy                
000040b5  __aeabi_memcpy4               
000040b5  __aeabi_memcpy8               
0000402d  __aeabi_memset                
0000402d  __aeabi_memset4               
0000402d  __aeabi_memset8               
000039b1  __aeabi_uidiv                 
000039b1  __aeabi_uidivmod              
00003f9d  __aeabi_uldivmod              
00003e6d  __ashldi3                     
ffffffff  __binit__                     
00003255  __cmpdf2                      
00002299  __divdf3                      
00003255  __eqdf2                       
0000380d  __fixdfsi                     
00003c95  __floatsidf                   
00003039  __gedf2                       
00003039  __gtdf2                       
00003255  __ledf2                       
00003255  __ltdf2                       
UNDEFED   __mpu_init                    
00002865  __muldf3                      
00003da1  __muldi3                      
00003b61  __muldsi3                     
00003255  __nedf2                       
20207e00  __stack                       
20200000  __start___llvm_prf_bits       
20200000  __start___llvm_prf_cnts       
20200000  __stop___llvm_prf_bits        
20200000  __stop___llvm_prf_cnts        
00001961  __subdf3                      
00002cfd  __udivmoddi4                  
00003cc1  _c_int00_noargs               
UNDEFED   _system_post_cinit            
000040cb  _system_pre_init              
000040bd  abort                         
000039f1  atoi                          
ffffffff  binit                         
2020018c  bq_monitor_active             
2020018d  char_index                    
00000a91  cmd_bq                        
00002a21  cmd_hall                      
00003389  cmd_help                      
000017a1  cmd_i2cscan                   
00002691  cmd_pwr                       
00001af5  cmd_spi                       
2020018e  data_received                 
00003571  frexp                         
00003571  frexpl                        
20200164  gI2cControllerStatus          
20200150  gRxCount                      
20200154  gRxLen                        
20200108  gRxPacket                     
202000b8  gSPI_0Backup                  
202000e0  gSPI_1Backup                  
20200140  gSPI_RxPacket                 
20200168  gSPI_TxPacket                 
20200158  gTxCount                      
2020015c  gTxLen                        
20200160  gTxPacket                     
00003ae9  get_UART_buffer               
2020018f  hall_monitor_active           
00003ec5  i2c_init                      
00000000  interruptVectors              
00002949  ldexp                         
00002949  ldexpl                        
000013d9  main                          
00003de9  memccpy                       
00002d9f  memcpy                        
0000344f  memset                        
00002949  scalbn                        
00002949  scalbnl                       
20200128  stm32Spi                      
00002e41  strcmp                        
00003dc5  strcspn                       
00003d0f  strspn                        
000038a1  strtok                        
00001c81  strtol                        
00003e4d  uart_init                     
00002fc1  uart_printf                   
00003a31  vsnprintf                     
0000401d  wcslen                        


GLOBAL SYMBOLS: SORTED BY Symbol Address 

address   name                          
-------   ----                          
00000000  __TI_ATRegion0_region_sz      
00000000  __TI_ATRegion0_src_addr       
00000000  __TI_ATRegion0_trg_addr       
00000000  __TI_ATRegion1_region_sz      
00000000  __TI_ATRegion1_src_addr       
00000000  __TI_ATRegion1_trg_addr       
00000000  __TI_ATRegion2_region_sz      
00000000  __TI_ATRegion2_src_addr       
00000000  __TI_ATRegion2_trg_addr       
00000000  __TI_static_base__            
00000000  interruptVectors              
000000c1  __TI_printfi                  
00000200  __STACK_SIZE                  
00000a91  cmd_bq                        
00000e75  CLI_ProcessInput              
000013d9  main                          
000017a1  cmd_i2cscan                   
00001961  __aeabi_dsub                  
00001961  __subdf3                      
0000196b  __adddf3                      
0000196b  __aeabi_dadd                  
00001af3  ADC0_IRQHandler               
00001af3  ADC1_IRQHandler               
00001af3  AES_IRQHandler                
00001af3  CANFD0_IRQHandler             
00001af3  DAC0_IRQHandler               
00001af3  DMA_IRQHandler                
00001af3  Default_Handler               
00001af3  GROUP0_IRQHandler             
00001af3  GROUP1_IRQHandler             
00001af3  HardFault_Handler             
00001af3  NMI_Handler                   
00001af3  PendSV_Handler                
00001af3  RTC_IRQHandler                
00001af3  SPI0_IRQHandler               
00001af3  SVC_Handler                   
00001af3  SysTick_Handler               
00001af3  TIMA0_IRQHandler              
00001af3  TIMA1_IRQHandler              
00001af3  TIMG0_IRQHandler              
00001af3  TIMG12_IRQHandler             
00001af3  TIMG6_IRQHandler              
00001af3  TIMG7_IRQHandler              
00001af3  TIMG8_IRQHandler              
00001af3  UART1_IRQHandler              
00001af3  UART2_IRQHandler              
00001af3  UART3_IRQHandler              
00001af5  cmd_spi                       
00001c81  strtol                        
00001dc5  I2C_ReadDevice                
00002041  I2C_WriteDevice               
00002299  __aeabi_ddiv                  
00002299  __divdf3                      
000023a5  SYSCFG_DL_GPIO_init           
000024a5  DL_Timer_initTimerMode        
000025a1  BQ25628E_Init_Default         
00002691  cmd_pwr                       
00002781  I2C_TryAddress                
00002865  __aeabi_dmul                  
00002865  __muldf3                      
00002949  ldexp                         
00002949  ldexpl                        
00002949  scalbn                        
00002949  scalbnl                       
00002a21  cmd_hall                      
00002af1  Shared_I2C_IRQHandler         
00002bad  UARTReceive                   
00002c59  BQ25628E_UpdateTelemetry      
00002cfd  __udivmoddi4                  
00002d9f  memcpy                        
00002e39  __aeabi_errno_addr            
00002e41  strcmp                        
00002ec9  SYSCFG_DL_initPower           
00002f45  __TI_decompress_lzss          
00002fc1  uart_printf                   
00003039  __gedf2                       
00003039  __gtdf2                       
000030ad  SYSCFG_DL_UART_0_init         
0000311d  CLI_Tokenize                  
00003185  SYSCFG_DL_I2C_0_init          
000031ed  SYSCFG_DL_I2C_1_init          
00003255  __cmpdf2                      
00003255  __eqdf2                       
00003255  __ledf2                       
00003255  __ltdf2                       
00003255  __nedf2                       
00003323  __aeabi_idiv0                 
00003325  SYSCFG_DL_SPI_0_init          
00003389  cmd_help                      
000033ed  __aeabi_dcmpeq                
00003401  __aeabi_dcmplt                
00003415  __aeabi_dcmple                
00003429  __aeabi_dcmpge                
0000343d  __aeabi_dcmpgt                
0000344f  memset                        
000034b1  SYSCFG_DL_MCU_UART_1_init     
00003511  DL_I2C_fillControllerTXFIFO   
0000356f  __aeabi_ldiv0                 
00003571  frexp                         
00003571  frexpl                        
000035cd  __TI_ltoa                     
0000367d  __aeabi_idiv                  
0000367d  __aeabi_idivmod               
00003725  SYSCFG_DL_SPI_1_init          
00003775  DL_DMA_initChannel            
000037c1  SPI_Peripheral_Arm            
0000380d  __aeabi_d2iz                  
0000380d  __fixdfsi                     
00003859  DL_UART_init                  
000038a1  strtok                        
000038e9  DL_SPI_init                   
0000392d  SYSCFG_DL_init                
00003971  SYSCFG_DL_SYSCTL_init         
000039b1  __aeabi_uidiv                 
000039b1  __aeabi_uidivmod              
000039f1  atoi                          
00003a31  vsnprintf                     
00003a71  CLI_RegisterCommand           
00003aad  DL_I2C_flushControllerTXFIFO  
00003ae9  get_UART_buffer               
00003b25  __TI_auto_init_nobinit_nopinit
00003b61  __muldsi3                     
00003b9d  SYSCFG_DL_TIMER_0_init        
00003bd5  DL_I2C_flushControllerRXFIFO  
00003c05  DL_UART_transmitDataBlocking  
00003c95  __aeabi_i2d                   
00003c95  __floatsidf                   
00003cc1  _c_int00_noargs               
00003ce9  DL_I2C_setClockConfig         
00003d0f  strspn                        
00003d35  BQ25628E_ReadReg16            
00003d59  BQ25628E_ReadReg8             
00003d7d  BQ25628E_WriteReg16           
00003da1  __aeabi_lmul                  
00003da1  __muldi3                      
00003dc5  strcspn                       
00003de9  memccpy                       
00003e0d  BQ25628E_WriteReg8            
00003e2d  SPI_Peripheral_Init           
00003e4d  uart_init                     
00003e6d  __aeabi_llsl                  
00003e6d  __ashldi3                     
00003e8d  DL_Timer_setClockConfig       
00003ea9  SPI1_IRQHandler               
00003ec5  i2c_init                      
00003ee1  SYSCFG_DL_DMA_CH0_init        
00003ef9  SYSCFG_DL_DMA_CH1_init        
00003f11  SYSCFG_DL_DMA_CH2_init        
00003f29  SYSCFG_DL_DMA_CH3_init        
00003f41  UART0_IRQHandler              
00003f71  __TI_zero_init_nomemset       
00003f87  SYSCFG_DL_DMA_init            
00003f9d  __aeabi_uldivmod              
00003fc5  DL_SPI_setClockConfig         
00003fd7  DL_UART_setClockConfig        
00003fe9  __TI_decompress_none          
00003ffd  I2C0_IRQHandler               
0000400d  I2C1_IRQHandler               
0000401d  wcslen                        
0000402d  __aeabi_memset                
0000402d  __aeabi_memset4               
0000402d  __aeabi_memset8               
00004049  BQ25628E_Get_IBAT_mA          
00004055  BQ25628E_Get_IBUS_mA          
00004061  BQ25628E_Get_VBAT_mV          
0000406d  BQ25628E_Get_VSYS_mV          
00004079  __aeabi_memclr                
00004079  __aeabi_memclr4               
00004079  __aeabi_memclr8               
00004085  DL_Common_delayCycles         
000040b5  __aeabi_memcpy                
000040b5  __aeabi_memcpy4               
000040b5  __aeabi_memcpy8               
000040bd  abort                         
000040c2  C$$EXIT                       
000040c3  HOSTexit                      
000040c7  Reset_Handler                 
000040cb  _system_pre_init              
000042b0  __aeabi_ctype_table_          
000042b0  __aeabi_ctype_table_C         
00004f6c  __TI_Handler_Table_Base       
00004f78  __TI_Handler_Table_Limit      
00004f80  __TI_CINIT_Base               
00004f90  __TI_CINIT_Limit              
00004f90  __TI_CINIT_Warm               
20200000  __start___llvm_prf_bits       
20200000  __start___llvm_prf_cnts       
20200000  __stop___llvm_prf_bits        
20200000  __stop___llvm_prf_cnts        
20200078  UART_Buffer                   
202000b8  gSPI_0Backup                  
202000e0  gSPI_1Backup                  
20200108  gRxPacket                     
20200128  stm32Spi                      
20200140  gSPI_RxPacket                 
20200150  gRxCount                      
20200154  gRxLen                        
20200158  gTxCount                      
2020015c  gTxLen                        
20200160  gTxPacket                     
20200164  gI2cControllerStatus          
20200168  gSPI_TxPacket                 
20200178  __aeabi_errno                 
2020018c  bq_monitor_active             
2020018d  char_index                    
2020018e  data_received                 
2020018f  hall_monitor_active           
20207e00  __stack                       
20208000  __STACK_END                   
ffffffff  __TI_pprof_out_hndl           
ffffffff  __TI_prof_data_size           
ffffffff  __TI_prof_data_start          
ffffffff  __binit__                     
ffffffff  binit                         
UNDEFED   __mpu_init                    
UNDEFED   _system_post_cinit            

[216 symbols]
