<?xml version="1.0" encoding="ISO-8859-1" ?>
<link_info>
   <banner>TI ARM Clang Linker PC v4.0.4.LTS</banner>
   <copyright>Copyright (c) 1996-2018 Texas Instruments Incorporated</copyright>
   <command_line>C:\ti\ccs2031\ccs\tools\compiler\ti-cgt-armllvm_4.0.4.LTS\bin\tiarmlnk -IC:\ti\ccs2031\ccs\tools\compiler\ti-cgt-armllvm_4.0.4.LTS\lib -o HW_SW_interface_CCS.out -mHW_SW_interface_CCS.map -iC:/ti/mspm0_sdk_2_09_00_01/source -iC:/Users/Admin/Desktop/HW_SW_interface_CCS -iC:/Users/Admin/Desktop/HW_SW_interface_CCS/Debug/syscfg -iC:/ti/ccs2031/ccs/tools/compiler/ti-cgt-armllvm_4.0.4.LTS/lib --diag_wrap=off --display_error_number --warn_sections --xml_link_info=HW_SW_interface_CCS_linkInfo.xml --rom_model ./ti_msp_dl_config.o ./startup_mspm0g350x_ticlang.o ./functions.o ./main.o ./HAL/i2c.o ./HAL/spi_master.o ./HAL/spi_mem.o ./HAL/uart.o ./ics/BQ25628/BQ25628_functions.o ./ics/BQ27Z7/BQ27Z7_functions.o ./ics/BQ27Z7/gauge.o ./ics/MB85RS/mb85rs.o -l./device_linker.cmd -ldevice.cmd.genlibs -llibc.a --start-group -llibc++.a -llibc++abi.a -llibc.a -llibsys.a -llibsysbm.a -llibclang_rt.builtins.a -llibclang_rt.profile.a --end-group --cg_opt_level=2</command_line>
   <link_time>0x69b12eb2</link_time>
   <link_errors>0x0</link_errors>
   <output_file>C:\Users\Admin\Desktop\HW_SW_interface_CCS\Debug\HW_SW_interface_CCS.out</output_file>
   <entry_point>
      <name>_c_int00_noargs</name>
      <address>0x5eb9</address>
   </entry_point>
   <input_file_list>
      <input_file id="fl-1">
         <path>C:\Users\Admin\Desktop\HW_SW_interface_CCS\Debug\.\</path>
         <kind>object</kind>
         <file>ti_msp_dl_config.o</file>
         <name>ti_msp_dl_config.o</name>
      </input_file>
      <input_file id="fl-2">
         <path>C:\Users\Admin\Desktop\HW_SW_interface_CCS\Debug\.\</path>
         <kind>object</kind>
         <file>startup_mspm0g350x_ticlang.o</file>
         <name>startup_mspm0g350x_ticlang.o</name>
      </input_file>
      <input_file id="fl-3">
         <path>C:\Users\Admin\Desktop\HW_SW_interface_CCS\Debug\.\</path>
         <kind>object</kind>
         <file>functions.o</file>
         <name>functions.o</name>
      </input_file>
      <input_file id="fl-4">
         <path>C:\Users\Admin\Desktop\HW_SW_interface_CCS\Debug\.\</path>
         <kind>object</kind>
         <file>main.o</file>
         <name>main.o</name>
      </input_file>
      <input_file id="fl-5">
         <path>C:\Users\Admin\Desktop\HW_SW_interface_CCS\Debug\.\HAL\</path>
         <kind>object</kind>
         <file>i2c.o</file>
         <name>i2c.o</name>
      </input_file>
      <input_file id="fl-6">
         <path>C:\Users\Admin\Desktop\HW_SW_interface_CCS\Debug\.\HAL\</path>
         <kind>object</kind>
         <file>spi_master.o</file>
         <name>spi_master.o</name>
      </input_file>
      <input_file id="fl-7">
         <path>C:\Users\Admin\Desktop\HW_SW_interface_CCS\Debug\.\HAL\</path>
         <kind>object</kind>
         <file>spi_mem.o</file>
         <name>spi_mem.o</name>
      </input_file>
      <input_file id="fl-8">
         <path>C:\Users\Admin\Desktop\HW_SW_interface_CCS\Debug\.\HAL\</path>
         <kind>object</kind>
         <file>uart.o</file>
         <name>uart.o</name>
      </input_file>
      <input_file id="fl-9">
         <path>C:\Users\Admin\Desktop\HW_SW_interface_CCS\Debug\.\ics\BQ25628\</path>
         <kind>object</kind>
         <file>BQ25628_functions.o</file>
         <name>BQ25628_functions.o</name>
      </input_file>
      <input_file id="fl-a">
         <path>C:\Users\Admin\Desktop\HW_SW_interface_CCS\Debug\.\ics\BQ27Z7\</path>
         <kind>object</kind>
         <file>BQ27Z7_functions.o</file>
         <name>BQ27Z7_functions.o</name>
      </input_file>
      <input_file id="fl-b">
         <path>C:\Users\Admin\Desktop\HW_SW_interface_CCS\Debug\.\ics\BQ27Z7\</path>
         <kind>object</kind>
         <file>gauge.o</file>
         <name>gauge.o</name>
      </input_file>
      <input_file id="fl-c">
         <path>C:\Users\Admin\Desktop\HW_SW_interface_CCS\Debug\.\ics\MB85RS\</path>
         <kind>object</kind>
         <file>mb85rs.o</file>
         <name>mb85rs.o</name>
      </input_file>
      <input_file id="fl-19">
         <path>C:\Users\Admin\Desktop\HW_SW_interface_CCS\Debug\</path>
         <kind>object</kind>
         <file>&lt;internal&gt;</file>
         <name>&lt;internal&gt;</name>
      </input_file>
      <input_file id="fl-1a">
         <path>C:\ti\mspm0_sdk_2_09_00_01\source\ti\driverlib\lib\ticlang\m0p\mspm0g1x0x_g3x0x\</path>
         <kind>archive</kind>
         <file>driverlib.a</file>
         <name>dl_common.o</name>
      </input_file>
      <input_file id="fl-1b">
         <path>C:\ti\mspm0_sdk_2_09_00_01\source\ti\driverlib\lib\ticlang\m0p\mspm0g1x0x_g3x0x\</path>
         <kind>archive</kind>
         <file>driverlib.a</file>
         <name>dl_dma.o</name>
      </input_file>
      <input_file id="fl-1c">
         <path>C:\ti\mspm0_sdk_2_09_00_01\source\ti\driverlib\lib\ticlang\m0p\mspm0g1x0x_g3x0x\</path>
         <kind>archive</kind>
         <file>driverlib.a</file>
         <name>dl_i2c.o</name>
      </input_file>
      <input_file id="fl-1d">
         <path>C:\ti\mspm0_sdk_2_09_00_01\source\ti\driverlib\lib\ticlang\m0p\mspm0g1x0x_g3x0x\</path>
         <kind>archive</kind>
         <file>driverlib.a</file>
         <name>dl_spi.o</name>
      </input_file>
      <input_file id="fl-1e">
         <path>C:\ti\mspm0_sdk_2_09_00_01\source\ti\driverlib\lib\ticlang\m0p\mspm0g1x0x_g3x0x\</path>
         <kind>archive</kind>
         <file>driverlib.a</file>
         <name>dl_timer.o</name>
      </input_file>
      <input_file id="fl-1f">
         <path>C:\ti\mspm0_sdk_2_09_00_01\source\ti\driverlib\lib\ticlang\m0p\mspm0g1x0x_g3x0x\</path>
         <kind>archive</kind>
         <file>driverlib.a</file>
         <name>dl_uart.o</name>
      </input_file>
      <input_file id="fl-36">
         <path>C:\ti\ccs2031\ccs\tools\compiler\ti-cgt-armllvm_4.0.4.LTS\lib\armv6m-ti-none-eabi\c\</path>
         <kind>archive</kind>
         <file>libc.a</file>
         <name>s_roundf.c.obj</name>
      </input_file>
      <input_file id="fl-37">
         <path>C:\ti\ccs2031\ccs\tools\compiler\ti-cgt-armllvm_4.0.4.LTS\lib\armv6m-ti-none-eabi\c\</path>
         <kind>archive</kind>
         <file>libc.a</file>
         <name>vsnprintf.c.obj</name>
      </input_file>
      <input_file id="fl-38">
         <path>C:\ti\ccs2031\ccs\tools\compiler\ti-cgt-armllvm_4.0.4.LTS\lib\armv6m-ti-none-eabi\c\</path>
         <kind>archive</kind>
         <file>libc.a</file>
         <name>fputc.c.obj</name>
      </input_file>
      <input_file id="fl-39">
         <path>C:\ti\ccs2031\ccs\tools\compiler\ti-cgt-armllvm_4.0.4.LTS\lib\armv6m-ti-none-eabi\c\</path>
         <kind>archive</kind>
         <file>libc.a</file>
         <name>_io_perm.c.obj</name>
      </input_file>
      <input_file id="fl-3a">
         <path>C:\ti\ccs2031\ccs\tools\compiler\ti-cgt-armllvm_4.0.4.LTS\lib\armv6m-ti-none-eabi\c\</path>
         <kind>archive</kind>
         <file>libc.a</file>
         <name>setvbuf.c.obj</name>
      </input_file>
      <input_file id="fl-3b">
         <path>C:\ti\ccs2031\ccs\tools\compiler\ti-cgt-armllvm_4.0.4.LTS\lib\armv6m-ti-none-eabi\c\</path>
         <kind>archive</kind>
         <file>libc.a</file>
         <name>strcmp-armv6m.S.obj</name>
      </input_file>
      <input_file id="fl-3c">
         <path>C:\ti\ccs2031\ccs\tools\compiler\ti-cgt-armllvm_4.0.4.LTS\lib\armv6m-ti-none-eabi\c\</path>
         <kind>archive</kind>
         <file>libc.a</file>
         <name>exit.c.obj</name>
      </input_file>
      <input_file id="fl-3d">
         <path>C:\ti\ccs2031\ccs\tools\compiler\ti-cgt-armllvm_4.0.4.LTS\lib\armv6m-ti-none-eabi\c\</path>
         <kind>archive</kind>
         <file>libc.a</file>
         <name>_lock.c.obj</name>
      </input_file>
      <input_file id="fl-3e">
         <path>C:\ti\ccs2031\ccs\tools\compiler\ti-cgt-armllvm_4.0.4.LTS\lib\armv6m-ti-none-eabi\c\</path>
         <kind>archive</kind>
         <file>libc.a</file>
         <name>atoi.c.obj</name>
      </input_file>
      <input_file id="fl-3f">
         <path>C:\ti\ccs2031\ccs\tools\compiler\ti-cgt-armllvm_4.0.4.LTS\lib\armv6m-ti-none-eabi\c\</path>
         <kind>archive</kind>
         <file>libc.a</file>
         <name>defs.c.obj</name>
      </input_file>
      <input_file id="fl-40">
         <path>C:\ti\ccs2031\ccs\tools\compiler\ti-cgt-armllvm_4.0.4.LTS\lib\armv6m-ti-none-eabi\c\</path>
         <kind>archive</kind>
         <file>libc.a</file>
         <name>memory.c.obj</name>
      </input_file>
      <input_file id="fl-41">
         <path>C:\ti\ccs2031\ccs\tools\compiler\ti-cgt-armllvm_4.0.4.LTS\lib\armv6m-ti-none-eabi\c\</path>
         <kind>archive</kind>
         <file>libc.a</file>
         <name>strcspn.c.obj</name>
      </input_file>
      <input_file id="fl-42">
         <path>C:\ti\ccs2031\ccs\tools\compiler\ti-cgt-armllvm_4.0.4.LTS\lib\armv6m-ti-none-eabi\c\</path>
         <kind>archive</kind>
         <file>libc.a</file>
         <name>strtok.c.obj</name>
      </input_file>
      <input_file id="fl-43">
         <path>C:\ti\ccs2031\ccs\tools\compiler\ti-cgt-armllvm_4.0.4.LTS\lib\armv6m-ti-none-eabi\c\</path>
         <kind>archive</kind>
         <file>libc.a</file>
         <name>strtol.c.obj</name>
      </input_file>
      <input_file id="fl-44">
         <path>C:\ti\ccs2031\ccs\tools\compiler\ti-cgt-armllvm_4.0.4.LTS\lib\armv6m-ti-none-eabi\c\</path>
         <kind>archive</kind>
         <file>libc.a</file>
         <name>strtoul.c.obj</name>
      </input_file>
      <input_file id="fl-45">
         <path>C:\ti\ccs2031\ccs\tools\compiler\ti-cgt-armllvm_4.0.4.LTS\lib\armv6m-ti-none-eabi\c\</path>
         <kind>archive</kind>
         <file>libc.a</file>
         <name>boot_cortex_m.c.obj</name>
      </input_file>
      <input_file id="fl-46">
         <path>C:\ti\ccs2031\ccs\tools\compiler\ti-cgt-armllvm_4.0.4.LTS\lib\armv6m-ti-none-eabi\c\</path>
         <kind>archive</kind>
         <file>libc.a</file>
         <name>mathacl_init.c.obj</name>
      </input_file>
      <input_file id="fl-47">
         <path>C:\ti\ccs2031\ccs\tools\compiler\ti-cgt-armllvm_4.0.4.LTS\lib\armv6m-ti-none-eabi\c\</path>
         <kind>archive</kind>
         <file>libc.a</file>
         <name>autoinit.c.obj</name>
      </input_file>
      <input_file id="fl-48">
         <path>C:\ti\ccs2031\ccs\tools\compiler\ti-cgt-armllvm_4.0.4.LTS\lib\armv6m-ti-none-eabi\c\</path>
         <kind>archive</kind>
         <file>libc.a</file>
         <name>pre_init.c.obj</name>
      </input_file>
      <input_file id="fl-49">
         <path>C:\ti\ccs2031\ccs\tools\compiler\ti-cgt-armllvm_4.0.4.LTS\lib\armv6m-ti-none-eabi\c\</path>
         <kind>archive</kind>
         <file>libc.a</file>
         <name>cpy_tbl.c.obj</name>
      </input_file>
      <input_file id="fl-4a">
         <path>C:\ti\ccs2031\ccs\tools\compiler\ti-cgt-armllvm_4.0.4.LTS\lib\armv6m-ti-none-eabi\c\</path>
         <kind>archive</kind>
         <file>libc.a</file>
         <name>copy_zero_init.c.obj</name>
      </input_file>
      <input_file id="fl-4b">
         <path>C:\ti\ccs2031\ccs\tools\compiler\ti-cgt-armllvm_4.0.4.LTS\lib\armv6m-ti-none-eabi\c\</path>
         <kind>archive</kind>
         <file>libc.a</file>
         <name>copy_decompress_none.c.obj</name>
      </input_file>
      <input_file id="fl-4c">
         <path>C:\ti\ccs2031\ccs\tools\compiler\ti-cgt-armllvm_4.0.4.LTS\lib\armv6m-ti-none-eabi\c\</path>
         <kind>archive</kind>
         <file>libc.a</file>
         <name>copy_decompress_lzss.c.obj</name>
      </input_file>
      <input_file id="fl-4d">
         <path>C:\ti\ccs2031\ccs\tools\compiler\ti-cgt-armllvm_4.0.4.LTS\lib\armv6m-ti-none-eabi\c\</path>
         <kind>archive</kind>
         <file>libc.a</file>
         <name>s_floorf.c.obj</name>
      </input_file>
      <input_file id="fl-4e">
         <path>C:\ti\ccs2031\ccs\tools\compiler\ti-cgt-armllvm_4.0.4.LTS\lib\armv6m-ti-none-eabi\c\</path>
         <kind>archive</kind>
         <file>libc.a</file>
         <name>_printfi.c.obj</name>
      </input_file>
      <input_file id="fl-4f">
         <path>C:\ti\ccs2031\ccs\tools\compiler\ti-cgt-armllvm_4.0.4.LTS\lib\armv6m-ti-none-eabi\c\</path>
         <kind>archive</kind>
         <file>libc.a</file>
         <name>fflush.c.obj</name>
      </input_file>
      <input_file id="fl-50">
         <path>C:\ti\ccs2031\ccs\tools\compiler\ti-cgt-armllvm_4.0.4.LTS\lib\armv6m-ti-none-eabi\c\</path>
         <kind>archive</kind>
         <file>libc.a</file>
         <name>fopen.c.obj</name>
      </input_file>
      <input_file id="fl-51">
         <path>C:\ti\ccs2031\ccs\tools\compiler\ti-cgt-armllvm_4.0.4.LTS\lib\armv6m-ti-none-eabi\c\</path>
         <kind>archive</kind>
         <file>libc.a</file>
         <name>fseek.c.obj</name>
      </input_file>
      <input_file id="fl-52">
         <path>C:\ti\ccs2031\ccs\tools\compiler\ti-cgt-armllvm_4.0.4.LTS\lib\armv6m-ti-none-eabi\c\</path>
         <kind>archive</kind>
         <file>libc.a</file>
         <name>aeabi_ctype.S.obj</name>
      </input_file>
      <input_file id="fl-53">
         <path>C:\ti\ccs2031\ccs\tools\compiler\ti-cgt-armllvm_4.0.4.LTS\lib\armv6m-ti-none-eabi\c\</path>
         <kind>archive</kind>
         <file>libc.a</file>
         <name>aeabi_portable.c.obj</name>
      </input_file>
      <input_file id="fl-54">
         <path>C:\ti\ccs2031\ccs\tools\compiler\ti-cgt-armllvm_4.0.4.LTS\lib\armv6m-ti-none-eabi\c\</path>
         <kind>archive</kind>
         <file>libc.a</file>
         <name>_ltoa.c.obj</name>
      </input_file>
      <input_file id="fl-55">
         <path>C:\ti\ccs2031\ccs\tools\compiler\ti-cgt-armllvm_4.0.4.LTS\lib\armv6m-ti-none-eabi\c\</path>
         <kind>archive</kind>
         <file>libc.a</file>
         <name>args_main.c.obj</name>
      </input_file>
      <input_file id="fl-56">
         <path>C:\ti\ccs2031\ccs\tools\compiler\ti-cgt-armllvm_4.0.4.LTS\lib\armv6m-ti-none-eabi\c\</path>
         <kind>archive</kind>
         <file>libc.a</file>
         <name>assert.c.obj</name>
      </input_file>
      <input_file id="fl-57">
         <path>C:\ti\ccs2031\ccs\tools\compiler\ti-cgt-armllvm_4.0.4.LTS\lib\armv6m-ti-none-eabi\c\</path>
         <kind>archive</kind>
         <file>libc.a</file>
         <name>memccpy.c.obj</name>
      </input_file>
      <input_file id="fl-58">
         <path>C:\ti\ccs2031\ccs\tools\compiler\ti-cgt-armllvm_4.0.4.LTS\lib\armv6m-ti-none-eabi\c\</path>
         <kind>archive</kind>
         <file>libc.a</file>
         <name>strspn.c.obj</name>
      </input_file>
      <input_file id="fl-59">
         <path>C:\ti\ccs2031\ccs\tools\compiler\ti-cgt-armllvm_4.0.4.LTS\lib\armv6m-ti-none-eabi\c\</path>
         <kind>archive</kind>
         <file>libc.a</file>
         <name>s_frexp.c.obj</name>
      </input_file>
      <input_file id="fl-5a">
         <path>C:\ti\ccs2031\ccs\tools\compiler\ti-cgt-armllvm_4.0.4.LTS\lib\armv6m-ti-none-eabi\c\</path>
         <kind>archive</kind>
         <file>libc.a</file>
         <name>s_scalbn.c.obj</name>
      </input_file>
      <input_file id="fl-5b">
         <path>C:\ti\ccs2031\ccs\tools\compiler\ti-cgt-armllvm_4.0.4.LTS\lib\armv6m-ti-none-eabi\c\</path>
         <kind>archive</kind>
         <file>libc.a</file>
         <name>wcslen.c.obj</name>
      </input_file>
      <input_file id="fl-5c">
         <path>C:\ti\ccs2031\ccs\tools\compiler\ti-cgt-armllvm_4.0.4.LTS\lib\armv6m-ti-none-eabi\c\</path>
         <kind>archive</kind>
         <file>libc.a</file>
         <name>sprintf.c.obj</name>
      </input_file>
      <input_file id="fl-5d">
         <path>C:\ti\ccs2031\ccs\tools\compiler\ti-cgt-armllvm_4.0.4.LTS\lib\armv6m-ti-none-eabi\c\</path>
         <kind>archive</kind>
         <file>libc.a</file>
         <name>fclose.c.obj</name>
      </input_file>
      <input_file id="fl-5e">
         <path>C:\ti\ccs2031\ccs\tools\compiler\ti-cgt-armllvm_4.0.4.LTS\lib\armv6m-ti-none-eabi\c\</path>
         <kind>archive</kind>
         <file>libc.a</file>
         <name>fputs.c.obj</name>
      </input_file>
      <input_file id="fl-fe">
         <path>C:\ti\ccs2031\ccs\tools\compiler\ti-cgt-armllvm_4.0.4.LTS\lib\armv6m-ti-none-eabi\c\</path>
         <kind>archive</kind>
         <file>libsysbm.a</file>
         <name>hostexit.c.obj</name>
      </input_file>
      <input_file id="fl-ff">
         <path>C:\ti\ccs2031\ccs\tools\compiler\ti-cgt-armllvm_4.0.4.LTS\lib\armv6m-ti-none-eabi\c\</path>
         <kind>archive</kind>
         <file>libsysbm.a</file>
         <name>write.c.obj</name>
      </input_file>
      <input_file id="fl-100">
         <path>C:\ti\ccs2031\ccs\tools\compiler\ti-cgt-armllvm_4.0.4.LTS\lib\armv6m-ti-none-eabi\c\</path>
         <kind>archive</kind>
         <file>libsysbm.a</file>
         <name>host_device.c.obj</name>
      </input_file>
      <input_file id="fl-101">
         <path>C:\ti\ccs2031\ccs\tools\compiler\ti-cgt-armllvm_4.0.4.LTS\lib\armv6m-ti-none-eabi\c\</path>
         <kind>archive</kind>
         <file>libsysbm.a</file>
         <name>remove.c.obj</name>
      </input_file>
      <input_file id="fl-102">
         <path>C:\ti\ccs2031\ccs\tools\compiler\ti-cgt-armllvm_4.0.4.LTS\lib\armv6m-ti-none-eabi\c\</path>
         <kind>archive</kind>
         <file>libsysbm.a</file>
         <name>open.c.obj</name>
      </input_file>
      <input_file id="fl-103">
         <path>C:\ti\ccs2031\ccs\tools\compiler\ti-cgt-armllvm_4.0.4.LTS\lib\armv6m-ti-none-eabi\c\</path>
         <kind>archive</kind>
         <file>libsysbm.a</file>
         <name>lseek.c.obj</name>
      </input_file>
      <input_file id="fl-104">
         <path>C:\ti\ccs2031\ccs\tools\compiler\ti-cgt-armllvm_4.0.4.LTS\lib\armv6m-ti-none-eabi\c\</path>
         <kind>archive</kind>
         <file>libsysbm.a</file>
         <name>close.c.obj</name>
      </input_file>
      <input_file id="fl-105">
         <path>C:\ti\ccs2031\ccs\tools\compiler\ti-cgt-armllvm_4.0.4.LTS\lib\armv6m-ti-none-eabi\c\</path>
         <kind>archive</kind>
         <file>libsysbm.a</file>
         <name>unlink.c.obj</name>
      </input_file>
      <input_file id="fl-106">
         <path>C:\ti\ccs2031\ccs\tools\compiler\ti-cgt-armllvm_4.0.4.LTS\lib\armv6m-ti-none-eabi\c\</path>
         <kind>archive</kind>
         <file>libsysbm.a</file>
         <name>hostclose.c.obj</name>
      </input_file>
      <input_file id="fl-107">
         <path>C:\ti\ccs2031\ccs\tools\compiler\ti-cgt-armllvm_4.0.4.LTS\lib\armv6m-ti-none-eabi\c\</path>
         <kind>archive</kind>
         <file>libsysbm.a</file>
         <name>hostlseek.c.obj</name>
      </input_file>
      <input_file id="fl-108">
         <path>C:\ti\ccs2031\ccs\tools\compiler\ti-cgt-armllvm_4.0.4.LTS\lib\armv6m-ti-none-eabi\c\</path>
         <kind>archive</kind>
         <file>libsysbm.a</file>
         <name>hostopen.c.obj</name>
      </input_file>
      <input_file id="fl-109">
         <path>C:\ti\ccs2031\ccs\tools\compiler\ti-cgt-armllvm_4.0.4.LTS\lib\armv6m-ti-none-eabi\c\</path>
         <kind>archive</kind>
         <file>libsysbm.a</file>
         <name>hostread.c.obj</name>
      </input_file>
      <input_file id="fl-10a">
         <path>C:\ti\ccs2031\ccs\tools\compiler\ti-cgt-armllvm_4.0.4.LTS\lib\armv6m-ti-none-eabi\c\</path>
         <kind>archive</kind>
         <file>libsysbm.a</file>
         <name>hostrename.c.obj</name>
      </input_file>
      <input_file id="fl-10b">
         <path>C:\ti\ccs2031\ccs\tools\compiler\ti-cgt-armllvm_4.0.4.LTS\lib\armv6m-ti-none-eabi\c\</path>
         <kind>archive</kind>
         <file>libsysbm.a</file>
         <name>hostunlink.c.obj</name>
      </input_file>
      <input_file id="fl-10c">
         <path>C:\ti\ccs2031\ccs\tools\compiler\ti-cgt-armllvm_4.0.4.LTS\lib\armv6m-ti-none-eabi\c\</path>
         <kind>archive</kind>
         <file>libsysbm.a</file>
         <name>hostwrite.c.obj</name>
      </input_file>
      <input_file id="fl-10d">
         <path>C:\ti\ccs2031\ccs\tools\compiler\ti-cgt-armllvm_4.0.4.LTS\lib\armv6m-ti-none-eabi\c\</path>
         <kind>archive</kind>
         <file>libsysbm.a</file>
         <name>trgmsg.c.obj</name>
      </input_file>
      <input_file id="fl-10e">
         <path>C:\ti\ccs2031\ccs\tools\compiler\ti-cgt-armllvm_4.0.4.LTS\lib\armv6m-ti-none-eabi\</path>
         <kind>archive</kind>
         <file>libclang_rt.builtins.a</file>
         <name>addsf3.S.obj</name>
      </input_file>
      <input_file id="fl-10f">
         <path>C:\ti\ccs2031\ccs\tools\compiler\ti-cgt-armllvm_4.0.4.LTS\lib\armv6m-ti-none-eabi\</path>
         <kind>archive</kind>
         <file>libclang_rt.builtins.a</file>
         <name>adddf3.S.obj</name>
      </input_file>
      <input_file id="fl-110">
         <path>C:\ti\ccs2031\ccs\tools\compiler\ti-cgt-armllvm_4.0.4.LTS\lib\armv6m-ti-none-eabi\</path>
         <kind>archive</kind>
         <file>libclang_rt.builtins.a</file>
         <name>muldf3.S.obj</name>
      </input_file>
      <input_file id="fl-111">
         <path>C:\ti\ccs2031\ccs\tools\compiler\ti-cgt-armllvm_4.0.4.LTS\lib\armv6m-ti-none-eabi\</path>
         <kind>archive</kind>
         <file>libclang_rt.builtins.a</file>
         <name>muldsi3.S.obj</name>
      </input_file>
      <input_file id="fl-112">
         <path>C:\ti\ccs2031\ccs\tools\compiler\ti-cgt-armllvm_4.0.4.LTS\lib\armv6m-ti-none-eabi\</path>
         <kind>archive</kind>
         <file>libclang_rt.builtins.a</file>
         <name>mulsf3.S.obj</name>
      </input_file>
      <input_file id="fl-113">
         <path>C:\ti\ccs2031\ccs\tools\compiler\ti-cgt-armllvm_4.0.4.LTS\lib\armv6m-ti-none-eabi\</path>
         <kind>archive</kind>
         <file>libclang_rt.builtins.a</file>
         <name>divdf3.S.obj</name>
      </input_file>
      <input_file id="fl-114">
         <path>C:\ti\ccs2031\ccs\tools\compiler\ti-cgt-armllvm_4.0.4.LTS\lib\armv6m-ti-none-eabi\</path>
         <kind>archive</kind>
         <file>libclang_rt.builtins.a</file>
         <name>fixdfsi.S.obj</name>
      </input_file>
      <input_file id="fl-115">
         <path>C:\ti\ccs2031\ccs\tools\compiler\ti-cgt-armllvm_4.0.4.LTS\lib\armv6m-ti-none-eabi\</path>
         <kind>archive</kind>
         <file>libclang_rt.builtins.a</file>
         <name>fixsfsi.S.obj</name>
      </input_file>
      <input_file id="fl-116">
         <path>C:\ti\ccs2031\ccs\tools\compiler\ti-cgt-armllvm_4.0.4.LTS\lib\armv6m-ti-none-eabi\</path>
         <kind>archive</kind>
         <file>libclang_rt.builtins.a</file>
         <name>floatsidf.S.obj</name>
      </input_file>
      <input_file id="fl-117">
         <path>C:\ti\ccs2031\ccs\tools\compiler\ti-cgt-armllvm_4.0.4.LTS\lib\armv6m-ti-none-eabi\</path>
         <kind>archive</kind>
         <file>libclang_rt.builtins.a</file>
         <name>floatunsisf.S.obj</name>
      </input_file>
      <input_file id="fl-118">
         <path>C:\ti\ccs2031\ccs\tools\compiler\ti-cgt-armllvm_4.0.4.LTS\lib\armv6m-ti-none-eabi\</path>
         <kind>archive</kind>
         <file>libclang_rt.builtins.a</file>
         <name>muldi3.S.obj</name>
      </input_file>
      <input_file id="fl-119">
         <path>C:\ti\ccs2031\ccs\tools\compiler\ti-cgt-armllvm_4.0.4.LTS\lib\armv6m-ti-none-eabi\</path>
         <kind>archive</kind>
         <file>libclang_rt.builtins.a</file>
         <name>aeabi_dcmp.S.obj</name>
      </input_file>
      <input_file id="fl-11a">
         <path>C:\ti\ccs2031\ccs\tools\compiler\ti-cgt-armllvm_4.0.4.LTS\lib\armv6m-ti-none-eabi\</path>
         <kind>archive</kind>
         <file>libclang_rt.builtins.a</file>
         <name>aeabi_fcmp.S.obj</name>
      </input_file>
      <input_file id="fl-11b">
         <path>C:\ti\ccs2031\ccs\tools\compiler\ti-cgt-armllvm_4.0.4.LTS\lib\armv6m-ti-none-eabi\</path>
         <kind>archive</kind>
         <file>libclang_rt.builtins.a</file>
         <name>aeabi_idivmod.S.obj</name>
      </input_file>
      <input_file id="fl-11c">
         <path>C:\ti\ccs2031\ccs\tools\compiler\ti-cgt-armllvm_4.0.4.LTS\lib\armv6m-ti-none-eabi\</path>
         <kind>archive</kind>
         <file>libclang_rt.builtins.a</file>
         <name>aeabi_memcpy.S.obj</name>
      </input_file>
      <input_file id="fl-11d">
         <path>C:\ti\ccs2031\ccs\tools\compiler\ti-cgt-armllvm_4.0.4.LTS\lib\armv6m-ti-none-eabi\</path>
         <kind>archive</kind>
         <file>libclang_rt.builtins.a</file>
         <name>aeabi_memset.S.obj</name>
      </input_file>
      <input_file id="fl-11e">
         <path>C:\ti\ccs2031\ccs\tools\compiler\ti-cgt-armllvm_4.0.4.LTS\lib\armv6m-ti-none-eabi\</path>
         <kind>archive</kind>
         <file>libclang_rt.builtins.a</file>
         <name>aeabi_uidivmod.S.obj</name>
      </input_file>
      <input_file id="fl-11f">
         <path>C:\ti\ccs2031\ccs\tools\compiler\ti-cgt-armllvm_4.0.4.LTS\lib\armv6m-ti-none-eabi\</path>
         <kind>archive</kind>
         <file>libclang_rt.builtins.a</file>
         <name>aeabi_uldivmod.S.obj</name>
      </input_file>
      <input_file id="fl-120">
         <path>C:\ti\ccs2031\ccs\tools\compiler\ti-cgt-armllvm_4.0.4.LTS\lib\armv6m-ti-none-eabi\</path>
         <kind>archive</kind>
         <file>libclang_rt.builtins.a</file>
         <name>comparesf2.S.obj</name>
      </input_file>
      <input_file id="fl-121">
         <path>C:\ti\ccs2031\ccs\tools\compiler\ti-cgt-armllvm_4.0.4.LTS\lib\armv6m-ti-none-eabi\</path>
         <kind>archive</kind>
         <file>libclang_rt.builtins.a</file>
         <name>udivmoddi4.S.obj</name>
      </input_file>
      <input_file id="fl-122">
         <path>C:\ti\ccs2031\ccs\tools\compiler\ti-cgt-armllvm_4.0.4.LTS\lib\armv6m-ti-none-eabi\</path>
         <kind>archive</kind>
         <file>libclang_rt.builtins.a</file>
         <name>ashldi3.S.obj</name>
      </input_file>
      <input_file id="fl-123">
         <path>C:\ti\ccs2031\ccs\tools\compiler\ti-cgt-armllvm_4.0.4.LTS\lib\armv6m-ti-none-eabi\</path>
         <kind>archive</kind>
         <file>libclang_rt.builtins.a</file>
         <name>comparedf2.c.obj</name>
      </input_file>
      <input_file id="fl-124">
         <path>C:\ti\ccs2031\ccs\tools\compiler\ti-cgt-armllvm_4.0.4.LTS\lib\armv6m-ti-none-eabi\</path>
         <kind>archive</kind>
         <file>libclang_rt.builtins.a</file>
         <name>aeabi_div0.c.obj</name>
      </input_file>
      <input_file id="fl-125">
         <path>C:\ti\ccs2031\ccs\tools\compiler\ti-cgt-armllvm_4.0.4.LTS\lib\armv6m-ti-none-eabi\c\</path>
         <kind>archive</kind>
         <file>libc.a</file>
         <name>getdevice.c.obj</name>
      </input_file>
      <input_file id="fl-126">
         <path>C:\ti\ccs2031\ccs\tools\compiler\ti-cgt-armllvm_4.0.4.LTS\lib\armv6m-ti-none-eabi\c\</path>
         <kind>archive</kind>
         <file>libc.a</file>
         <name>memcpy16.S.obj</name>
      </input_file>
      <input_file id="fl-127">
         <path>C:\ti\ccs2031\ccs\tools\compiler\ti-cgt-armllvm_4.0.4.LTS\lib\armv6m-ti-none-eabi\c\</path>
         <kind>archive</kind>
         <file>libc.a</file>
         <name>memset16.S.obj</name>
      </input_file>
   </input_file_list>
   <object_component_list>
      <object_component id="oc-18">
         <name>.intvecs</name>
         <load_address>0x0</load_address>
         <readonly>true</readonly>
         <run_address>0x0</run_address>
         <size>0xc0</size>
         <alignment>0x4</alignment>
         <input_file_ref idref="fl-2"/>
      </object_component>
      <object_component id="oc-357">
         <name>.text:__TI_printfi</name>
         <load_address>0xc0</load_address>
         <readonly>true</readonly>
         <executable>true</executable>
         <run_address>0xc0</run_address>
         <size>0x9d0</size>
         <alignment>0x4</alignment>
         <input_file_ref idref="fl-4e"/>
      </object_component>
      <object_component id="oc-100">
         <name>.text.cmd_gauge</name>
         <load_address>0xa90</load_address>
         <readonly>true</readonly>
         <executable>true</executable>
         <run_address>0xa90</run_address>
         <size>0x6fc</size>
         <alignment>0x4</alignment>
         <input_file_ref idref="fl-3"/>
      </object_component>
      <object_component id="oc-103">
         <name>.text.cmd_fram</name>
         <load_address>0x118c</load_address>
         <readonly>true</readonly>
         <executable>true</executable>
         <run_address>0x118c</run_address>
         <size>0x580</size>
         <alignment>0x4</alignment>
         <input_file_ref idref="fl-3"/>
      </object_component>
      <object_component id="oc-8d">
         <name>.text.main</name>
         <load_address>0x170c</load_address>
         <readonly>true</readonly>
         <executable>true</executable>
         <run_address>0x170c</run_address>
         <size>0x3ec</size>
         <alignment>0x4</alignment>
         <input_file_ref idref="fl-4"/>
      </object_component>
      <object_component id="oc-fa">
         <name>.text.cmd_bq</name>
         <load_address>0x1af8</load_address>
         <readonly>true</readonly>
         <executable>true</executable>
         <run_address>0x1af8</run_address>
         <size>0x3e4</size>
         <alignment>0x4</alignment>
         <input_file_ref idref="fl-3"/>
      </object_component>
      <object_component id="oc-bf">
         <name>.text.CLI_ProcessInput</name>
         <load_address>0x1edc</load_address>
         <readonly>true</readonly>
         <executable>true</executable>
         <run_address>0x1edc</run_address>
         <size>0x344</size>
         <alignment>0x4</alignment>
         <input_file_ref idref="fl-8"/>
      </object_component>
      <object_component id="oc-384">
         <name>.text._pconv_a</name>
         <load_address>0x2220</load_address>
         <readonly>true</readonly>
         <executable>true</executable>
         <run_address>0x2220</run_address>
         <size>0x220</size>
         <alignment>0x4</alignment>
         <input_file_ref idref="fl-4e"/>
      </object_component>
      <object_component id="oc-389">
         <name>.text._pconv_g</name>
         <load_address>0x2440</load_address>
         <readonly>true</readonly>
         <executable>true</executable>
         <run_address>0x2440</run_address>
         <size>0x1dc</size>
         <alignment>0x4</alignment>
         <input_file_ref idref="fl-4e"/>
      </object_component>
      <object_component id="oc-17f">
         <name>.text.I2C_ReadDevice</name>
         <load_address>0x261c</load_address>
         <readonly>true</readonly>
         <executable>true</executable>
         <run_address>0x261c</run_address>
         <size>0x1d4</size>
         <alignment>0x4</alignment>
         <input_file_ref idref="fl-5"/>
      </object_component>
      <object_component id="oc-f4">
         <name>.text.cmd_i2cscan</name>
         <load_address>0x27f0</load_address>
         <readonly>true</readonly>
         <executable>true</executable>
         <run_address>0x27f0</run_address>
         <size>0x1c0</size>
         <alignment>0x4</alignment>
         <input_file_ref idref="fl-3"/>
      </object_component>
      <object_component id="oc-3c2">
         <name>.text.adddf3_subdf3</name>
         <load_address>0x29b0</load_address>
         <readonly>true</readonly>
         <executable>true</executable>
         <run_address>0x29b0</run_address>
         <size>0x192</size>
         <alignment>0x4</alignment>
         <input_file_ref idref="fl-10f"/>
      </object_component>
      <object_component id="oc-33">
         <name>.text.Default_Handler</name>
         <load_address>0x2b42</load_address>
         <readonly>true</readonly>
         <executable>true</executable>
         <run_address>0x2b42</run_address>
         <size>0x2</size>
         <alignment>0x2</alignment>
         <input_file_ref idref="fl-2"/>
      </object_component>
      <object_component id="oc-fd">
         <name>.text.cmd_spi</name>
         <load_address>0x2b44</load_address>
         <readonly>true</readonly>
         <executable>true</executable>
         <run_address>0x2b44</run_address>
         <size>0x16c</size>
         <alignment>0x4</alignment>
         <input_file_ref idref="fl-3"/>
      </object_component>
      <object_component id="oc-1d4">
         <name>.text.strtol</name>
         <load_address>0x2cb0</load_address>
         <readonly>true</readonly>
         <executable>true</executable>
         <run_address>0x2cb0</run_address>
         <size>0x144</size>
         <alignment>0x4</alignment>
         <input_file_ref idref="fl-43"/>
      </object_component>
      <object_component id="oc-3c6">
         <name>.text.fcvt</name>
         <load_address>0x2df4</load_address>
         <readonly>true</readonly>
         <executable>true</executable>
         <run_address>0x2df4</run_address>
         <size>0x13c</size>
         <alignment>0x4</alignment>
         <input_file_ref idref="fl-4e"/>
      </object_component>
      <object_component id="oc-324">
         <name>.text.I2C_WriteDevice</name>
         <load_address>0x2f30</load_address>
         <readonly>true</readonly>
         <executable>true</executable>
         <run_address>0x2f30</run_address>
         <size>0x138</size>
         <alignment>0x4</alignment>
         <input_file_ref idref="fl-5"/>
      </object_component>
      <object_component id="oc-292">
         <name>.text.MB85RS_Write</name>
         <load_address>0x3068</load_address>
         <readonly>true</readonly>
         <executable>true</executable>
         <run_address>0x3068</run_address>
         <size>0x138</size>
         <alignment>0x4</alignment>
         <input_file_ref idref="fl-c"/>
      </object_component>
      <object_component id="oc-38b">
         <name>.text._pconv_e</name>
         <load_address>0x31a0</load_address>
         <readonly>true</readonly>
         <executable>true</executable>
         <run_address>0x31a0</run_address>
         <size>0x120</size>
         <alignment>0x4</alignment>
         <input_file_ref idref="fl-4e"/>
      </object_component>
      <object_component id="oc-28f">
         <name>.text.SPI_Memory_Wait</name>
         <load_address>0x32c0</load_address>
         <readonly>true</readonly>
         <executable>true</executable>
         <run_address>0x32c0</run_address>
         <size>0x10c</size>
         <alignment>0x4</alignment>
         <input_file_ref idref="fl-7"/>
      </object_component>
      <object_component id="oc-3be">
         <name>.text.__divdf3</name>
         <load_address>0x33cc</load_address>
         <readonly>true</readonly>
         <executable>true</executable>
         <run_address>0x33cc</run_address>
         <size>0x10c</size>
         <alignment>0x4</alignment>
         <input_file_ref idref="fl-113"/>
      </object_component>
      <object_component id="oc-150">
         <name>.text.SYSCFG_DL_GPIO_init</name>
         <load_address>0x34d8</load_address>
         <readonly>true</readonly>
         <executable>true</executable>
         <run_address>0x34d8</run_address>
         <size>0x108</size>
         <alignment>0x4</alignment>
         <input_file_ref idref="fl-1"/>
      </object_component>
      <object_component id="oc-d1">
         <name>.text.BQ27Z746_UpdateTelemetry</name>
         <load_address>0x35e0</load_address>
         <readonly>true</readonly>
         <executable>true</executable>
         <run_address>0x35e0</run_address>
         <size>0x100</size>
         <alignment>0x4</alignment>
         <input_file_ref idref="fl-a"/>
      </object_component>
      <object_component id="oc-c5">
         <name>.text.BQ25628E_UpdateTelemetry</name>
         <load_address>0x36e0</load_address>
         <readonly>true</readonly>
         <executable>true</executable>
         <run_address>0x36e0</run_address>
         <size>0xfc</size>
         <alignment>0x4</alignment>
         <input_file_ref idref="fl-9"/>
      </object_component>
      <object_component id="oc-2ce">
         <name>.text.DL_Timer_initTimerMode</name>
         <load_address>0x37dc</load_address>
         <readonly>true</readonly>
         <executable>true</executable>
         <run_address>0x37dc</run_address>
         <size>0xfc</size>
         <alignment>0x4</alignment>
         <input_file_ref idref="fl-1e"/>
      </object_component>
      <object_component id="oc-1d8">
         <name>.text.BQ25628E_Init_Default</name>
         <load_address>0x38d8</load_address>
         <readonly>true</readonly>
         <executable>true</executable>
         <run_address>0x38d8</run_address>
         <size>0xf0</size>
         <alignment>0x4</alignment>
         <input_file_ref idref="fl-9"/>
      </object_component>
      <object_component id="oc-ec">
         <name>.text.cmd_pwr</name>
         <load_address>0x39c8</load_address>
         <readonly>true</readonly>
         <executable>true</executable>
         <run_address>0x39c8</run_address>
         <size>0xf0</size>
         <alignment>0x4</alignment>
         <input_file_ref idref="fl-3"/>
      </object_component>
      <object_component id="oc-257">
         <name>.text.BQ27Z746_GetChargingStatus</name>
         <load_address>0x3ab8</load_address>
         <readonly>true</readonly>
         <executable>true</executable>
         <run_address>0x3ab8</run_address>
         <size>0xec</size>
         <alignment>0x2</alignment>
         <input_file_ref idref="fl-a"/>
      </object_component>
      <object_component id="oc-1c2">
         <name>.text.I2C_TryAddress</name>
         <load_address>0x3ba4</load_address>
         <readonly>true</readonly>
         <executable>true</executable>
         <run_address>0x3ba4</run_address>
         <size>0xe4</size>
         <alignment>0x4</alignment>
         <input_file_ref idref="fl-5"/>
      </object_component>
      <object_component id="oc-3ae">
         <name>.text.__muldf3</name>
         <load_address>0x3c88</load_address>
         <readonly>true</readonly>
         <executable>true</executable>
         <run_address>0x3c88</run_address>
         <size>0xe4</size>
         <alignment>0x4</alignment>
         <input_file_ref idref="fl-110"/>
      </object_component>
      <object_component id="oc-228">
         <name>.text.BQ27Z746_GetDeviceType</name>
         <load_address>0x3d6c</load_address>
         <readonly>true</readonly>
         <executable>true</executable>
         <run_address>0x3d6c</run_address>
         <size>0xde</size>
         <alignment>0x2</alignment>
         <input_file_ref idref="fl-a"/>
      </object_component>
      <object_component id="oc-22c">
         <name>.text.BQ27Z746_GetChemID</name>
         <load_address>0x3e4a</load_address>
         <readonly>true</readonly>
         <executable>true</executable>
         <run_address>0x3e4a</run_address>
         <size>0xdc</size>
         <alignment>0x2</alignment>
         <input_file_ref idref="fl-a"/>
      </object_component>
      <object_component id="oc-22e">
         <name>.text.BQ27Z746_GetOperationStatus</name>
         <load_address>0x3f26</load_address>
         <readonly>true</readonly>
         <executable>true</executable>
         <run_address>0x3f26</run_address>
         <size>0xdc</size>
         <alignment>0x2</alignment>
         <input_file_ref idref="fl-a"/>
      </object_component>
      <object_component id="oc-258">
         <name>.text.BQ27Z746_GetSafetyStatus</name>
         <load_address>0x4002</load_address>
         <readonly>true</readonly>
         <executable>true</executable>
         <run_address>0x4002</run_address>
         <size>0xdc</size>
         <alignment>0x2</alignment>
         <input_file_ref idref="fl-a"/>
      </object_component>
      <object_component id="oc-21a">
         <name>.text.BQ27Z746_GetFirmwareVersion</name>
         <load_address>0x40de</load_address>
         <readonly>true</readonly>
         <executable>true</executable>
         <run_address>0x40de</run_address>
         <size>0xd8</size>
         <alignment>0x2</alignment>
         <input_file_ref idref="fl-a"/>
      </object_component>
      <object_component id="oc-22a">
         <name>.text.BQ27Z746_MAC_Read</name>
         <load_address>0x41b6</load_address>
         <readonly>true</readonly>
         <executable>true</executable>
         <run_address>0x41b6</run_address>
         <size>0xd8</size>
         <alignment>0x2</alignment>
         <input_file_ref idref="fl-a"/>
      </object_component>
      <object_component id="oc-325">
         <name>.text.__aeabi_idiv0</name>
         <load_address>0x428e</load_address>
         <readonly>true</readonly>
         <executable>true</executable>
         <run_address>0x428e</run_address>
         <size>0x2</size>
         <alignment>0x2</alignment>
         <input_file_ref idref="fl-124"/>
      </object_component>
      <object_component id="oc-39d">
         <name>.text.scalbn</name>
         <load_address>0x4290</load_address>
         <readonly>true</readonly>
         <executable>true</executable>
         <run_address>0x4290</run_address>
         <size>0xd8</size>
         <alignment>0x4</alignment>
         <input_file_ref idref="fl-5a"/>
      </object_component>
      <object_component id="oc-304">
         <name>.text</name>
         <load_address>0x4368</load_address>
         <readonly>true</readonly>
         <executable>true</executable>
         <run_address>0x4368</run_address>
         <size>0xd8</size>
         <alignment>0x4</alignment>
         <input_file_ref idref="fl-10e"/>
      </object_component>
      <object_component id="oc-f7">
         <name>.text.cmd_hall</name>
         <load_address>0x4440</load_address>
         <readonly>true</readonly>
         <executable>true</executable>
         <run_address>0x4440</run_address>
         <size>0xd0</size>
         <alignment>0x4</alignment>
         <input_file_ref idref="fl-3"/>
      </object_component>
      <object_component id="oc-7c">
         <name>.text.Shared_I2C_IRQHandler</name>
         <load_address>0x4510</load_address>
         <readonly>true</readonly>
         <executable>true</executable>
         <run_address>0x4510</run_address>
         <size>0xbc</size>
         <alignment>0x4</alignment>
         <input_file_ref idref="fl-5"/>
      </object_component>
      <object_component id="oc-293">
         <name>.text.MB85RS_Read</name>
         <load_address>0x45cc</load_address>
         <readonly>true</readonly>
         <executable>true</executable>
         <run_address>0x45cc</run_address>
         <size>0xb8</size>
         <alignment>0x4</alignment>
         <input_file_ref idref="fl-c"/>
      </object_component>
      <object_component id="oc-25b">
         <name>.text.BQ27Z746_SetUTFET_Direct</name>
         <load_address>0x4684</load_address>
         <readonly>true</readonly>
         <executable>true</executable>
         <run_address>0x4684</run_address>
         <size>0xb4</size>
         <alignment>0x2</alignment>
         <input_file_ref idref="fl-a"/>
      </object_component>
      <object_component id="oc-32c">
         <name>.text.BQ27Z746_SetTempSensorConfig</name>
         <load_address>0x4738</load_address>
         <readonly>true</readonly>
         <executable>true</executable>
         <run_address>0x4738</run_address>
         <size>0xb0</size>
         <alignment>0x2</alignment>
         <input_file_ref idref="fl-a"/>
      </object_component>
      <object_component id="oc-73">
         <name>.text.UARTReceive</name>
         <load_address>0x47e8</load_address>
         <readonly>true</readonly>
         <executable>true</executable>
         <run_address>0x47e8</run_address>
         <size>0xac</size>
         <alignment>0x4</alignment>
         <input_file_ref idref="fl-8"/>
      </object_component>
      <object_component id="oc-394">
         <name>.text</name>
         <load_address>0x4894</load_address>
         <readonly>true</readonly>
         <executable>true</executable>
         <run_address>0x4894</run_address>
         <size>0xa2</size>
         <alignment>0x4</alignment>
         <input_file_ref idref="fl-121"/>
      </object_component>
      <object_component id="oc-af">
         <name>.text:memcpy</name>
         <load_address>0x4936</load_address>
         <readonly>true</readonly>
         <executable>true</executable>
         <run_address>0x4936</run_address>
         <size>0x9a</size>
         <alignment>0x1</alignment>
         <input_file_ref idref="fl-126"/>
      </object_component>
      <object_component id="oc-28e">
         <name>.text.SPI_Memory_Arm</name>
         <load_address>0x49d0</load_address>
         <readonly>true</readonly>
         <executable>true</executable>
         <run_address>0x49d0</run_address>
         <size>0x90</size>
         <alignment>0x4</alignment>
         <input_file_ref idref="fl-7"/>
      </object_component>
      <object_component id="oc-184">
         <name>.text.__mulsf3</name>
         <load_address>0x4a60</load_address>
         <readonly>true</readonly>
         <executable>true</executable>
         <run_address>0x4a60</run_address>
         <size>0x8c</size>
         <alignment>0x4</alignment>
         <input_file_ref idref="fl-112"/>
      </object_component>
      <object_component id="oc-308">
         <name>.text.floorf</name>
         <load_address>0x4aec</load_address>
         <readonly>true</readonly>
         <executable>true</executable>
         <run_address>0x4aec</run_address>
         <size>0x8c</size>
         <alignment>0x4</alignment>
         <input_file_ref idref="fl-4d"/>
      </object_component>
      <object_component id="oc-31b">
         <name>.text.__aeabi_errno_addr</name>
         <load_address>0x4b78</load_address>
         <readonly>true</readonly>
         <executable>true</executable>
         <run_address>0x4b78</run_address>
         <size>0x8</size>
         <alignment>0x4</alignment>
         <input_file_ref idref="fl-53"/>
      </object_component>
      <object_component id="oc-169">
         <name>.text:strcmp</name>
         <load_address>0x4b80</load_address>
         <readonly>true</readonly>
         <executable>true</executable>
         <run_address>0x4b80</run_address>
         <size>0x88</size>
         <alignment>0x10</alignment>
         <input_file_ref idref="fl-3b"/>
      </object_component>
      <object_component id="oc-32f">
         <name>.text.MB85RS_ReadID</name>
         <load_address>0x4c08</load_address>
         <readonly>true</readonly>
         <executable>true</executable>
         <run_address>0x4c08</run_address>
         <size>0x80</size>
         <alignment>0x2</alignment>
         <input_file_ref idref="fl-c"/>
      </object_component>
      <object_component id="oc-14e">
         <name>.text.SYSCFG_DL_initPower</name>
         <load_address>0x4c88</load_address>
         <readonly>true</readonly>
         <executable>true</executable>
         <run_address>0x4c88</run_address>
         <size>0x7c</size>
         <alignment>0x4</alignment>
         <input_file_ref idref="fl-1"/>
      </object_component>
      <object_component id="oc-1c">
         <name>.text:decompress:lzss</name>
         <load_address>0x4d04</load_address>
         <readonly>true</readonly>
         <executable>true</executable>
         <run_address>0x4d04</run_address>
         <size>0x7c</size>
         <alignment>0x4</alignment>
         <input_file_ref idref="fl-4c"/>
      </object_component>
      <object_component id="oc-c4">
         <name>.text.uart_printf</name>
         <load_address>0x4d80</load_address>
         <readonly>true</readonly>
         <executable>true</executable>
         <run_address>0x4d80</run_address>
         <size>0x78</size>
         <alignment>0x4</alignment>
         <input_file_ref idref="fl-8"/>
      </object_component>
      <object_component id="oc-3bc">
         <name>.text.__gedf2</name>
         <load_address>0x4df8</load_address>
         <readonly>true</readonly>
         <executable>true</executable>
         <run_address>0x4df8</run_address>
         <size>0x74</size>
         <alignment>0x4</alignment>
         <input_file_ref idref="fl-123"/>
      </object_component>
      <object_component id="oc-155">
         <name>.text.SYSCFG_DL_UART_0_init</name>
         <load_address>0x4e6c</load_address>
         <readonly>true</readonly>
         <executable>true</executable>
         <run_address>0x4e6c</run_address>
         <size>0x70</size>
         <alignment>0x4</alignment>
         <input_file_ref idref="fl-1"/>
      </object_component>
      <object_component id="oc-1b1">
         <name>.text.CLI_Tokenize</name>
         <load_address>0x4edc</load_address>
         <readonly>true</readonly>
         <executable>true</executable>
         <run_address>0x4edc</run_address>
         <size>0x68</size>
         <alignment>0x4</alignment>
         <input_file_ref idref="fl-8"/>
      </object_component>
      <object_component id="oc-153">
         <name>.text.SYSCFG_DL_I2C_0_init</name>
         <load_address>0x4f44</load_address>
         <readonly>true</readonly>
         <executable>true</executable>
         <run_address>0x4f44</run_address>
         <size>0x68</size>
         <alignment>0x4</alignment>
         <input_file_ref idref="fl-1"/>
      </object_component>
      <object_component id="oc-154">
         <name>.text.SYSCFG_DL_I2C_1_init</name>
         <load_address>0x4fac</load_address>
         <readonly>true</readonly>
         <executable>true</executable>
         <run_address>0x4fac</run_address>
         <size>0x68</size>
         <alignment>0x4</alignment>
         <input_file_ref idref="fl-1"/>
      </object_component>
      <object_component id="oc-3b6">
         <name>.text.__ledf2</name>
         <load_address>0x5014</load_address>
         <readonly>true</readonly>
         <executable>true</executable>
         <run_address>0x5014</run_address>
         <size>0x68</size>
         <alignment>0x4</alignment>
         <input_file_ref idref="fl-123"/>
      </object_component>
      <object_component id="oc-188">
         <name>.text.roundf</name>
         <load_address>0x507c</load_address>
         <readonly>true</readonly>
         <executable>true</executable>
         <run_address>0x507c</run_address>
         <size>0x68</size>
         <alignment>0x2</alignment>
         <input_file_ref idref="fl-36"/>
      </object_component>
      <object_component id="oc-3b5">
         <name>.text._mcpy</name>
         <load_address>0x50e4</load_address>
         <readonly>true</readonly>
         <executable>true</executable>
         <run_address>0x50e4</run_address>
         <size>0x66</size>
         <alignment>0x2</alignment>
         <input_file_ref idref="fl-4e"/>
      </object_component>
      <object_component id="oc-3c8">
         <name>.text.__aeabi_ldiv0</name>
         <load_address>0x514a</load_address>
         <readonly>true</readonly>
         <executable>true</executable>
         <run_address>0x514a</run_address>
         <size>0x2</size>
         <alignment>0x2</alignment>
         <input_file_ref idref="fl-124"/>
      </object_component>
      <object_component id="oc-157">
         <name>.text.SYSCFG_DL_SPI_0_init</name>
         <load_address>0x514c</load_address>
         <readonly>true</readonly>
         <executable>true</executable>
         <run_address>0x514c</run_address>
         <size>0x64</size>
         <alignment>0x4</alignment>
         <input_file_ref idref="fl-1"/>
      </object_component>
      <object_component id="oc-e9">
         <name>.text.cmd_help</name>
         <load_address>0x51b0</load_address>
         <readonly>true</readonly>
         <executable>true</executable>
         <run_address>0x51b0</run_address>
         <size>0x64</size>
         <alignment>0x4</alignment>
         <input_file_ref idref="fl-8"/>
      </object_component>
      <object_component id="oc-385">
         <name>.text.__aeabi_dcmp</name>
         <load_address>0x5214</load_address>
         <readonly>true</readonly>
         <executable>true</executable>
         <run_address>0x5214</run_address>
         <size>0x62</size>
         <alignment>0x4</alignment>
         <input_file_ref idref="fl-119"/>
      </object_component>
      <object_component id="oc-30c">
         <name>.text.__aeabi_fcmp</name>
         <load_address>0x5278</load_address>
         <readonly>true</readonly>
         <executable>true</executable>
         <run_address>0x5278</run_address>
         <size>0x62</size>
         <alignment>0x4</alignment>
         <input_file_ref idref="fl-11a"/>
      </object_component>
      <object_component id="oc-14d">
         <name>.text:memset</name>
         <load_address>0x52da</load_address>
         <readonly>true</readonly>
         <executable>true</executable>
         <run_address>0x52da</run_address>
         <size>0x62</size>
         <alignment>0x1</alignment>
         <input_file_ref idref="fl-127"/>
      </object_component>
      <object_component id="oc-156">
         <name>.text.SYSCFG_DL_MCU_UART_1_init</name>
         <load_address>0x533c</load_address>
         <readonly>true</readonly>
         <executable>true</executable>
         <run_address>0x533c</run_address>
         <size>0x60</size>
         <alignment>0x4</alignment>
         <input_file_ref idref="fl-1"/>
      </object_component>
      <object_component id="oc-158">
         <name>.text.SYSCFG_DL_SPI_1_init</name>
         <load_address>0x539c</load_address>
         <readonly>true</readonly>
         <executable>true</executable>
         <run_address>0x539c</run_address>
         <size>0x60</size>
         <alignment>0x4</alignment>
         <input_file_ref idref="fl-1"/>
      </object_component>
      <object_component id="oc-9d">
         <name>.text.DL_I2C_fillControllerTXFIFO</name>
         <load_address>0x53fc</load_address>
         <readonly>true</readonly>
         <executable>true</executable>
         <run_address>0x53fc</run_address>
         <size>0x5e</size>
         <alignment>0x2</alignment>
         <input_file_ref idref="fl-1c"/>
      </object_component>
      <object_component id="oc-20a">
         <name>.text.SPI_Controller_Arm</name>
         <load_address>0x545c</load_address>
         <readonly>true</readonly>
         <executable>true</executable>
         <run_address>0x545c</run_address>
         <size>0x5c</size>
         <alignment>0x4</alignment>
         <input_file_ref idref="fl-6"/>
      </object_component>
      <object_component id="oc-399">
         <name>.text.frexp</name>
         <load_address>0x54b8</load_address>
         <readonly>true</readonly>
         <executable>true</executable>
         <run_address>0x54b8</run_address>
         <size>0x5c</size>
         <alignment>0x4</alignment>
         <input_file_ref idref="fl-59"/>
      </object_component>
      <object_component id="oc-291">
         <name>.text.MB85RS_ReadStatus</name>
         <load_address>0x5514</load_address>
         <readonly>true</readonly>
         <executable>true</executable>
         <run_address>0x5514</run_address>
         <size>0x5a</size>
         <alignment>0x2</alignment>
         <input_file_ref idref="fl-c"/>
      </object_component>
      <object_component id="oc-3a5">
         <name>.text.__TI_ltoa</name>
         <load_address>0x556e</load_address>
         <readonly>true</readonly>
         <executable>true</executable>
         <run_address>0x556e</run_address>
         <size>0x58</size>
         <alignment>0x2</alignment>
         <input_file_ref idref="fl-54"/>
      </object_component>
      <object_component id="oc-38a">
         <name>.text._pconv_f</name>
         <load_address>0x55c6</load_address>
         <readonly>true</readonly>
         <executable>true</executable>
         <run_address>0x55c6</run_address>
         <size>0x58</size>
         <alignment>0x2</alignment>
         <input_file_ref idref="fl-4e"/>
      </object_component>
      <object_component id="oc-3d5">
         <name>.text.__aeabi_idivmod</name>
         <load_address>0x5620</load_address>
         <readonly>true</readonly>
         <executable>true</executable>
         <run_address>0x5620</run_address>
         <size>0x56</size>
         <alignment>0x4</alignment>
         <input_file_ref idref="fl-11b"/>
      </object_component>
      <object_component id="oc-3b3">
         <name>.text._ecpy</name>
         <load_address>0x5676</load_address>
         <readonly>true</readonly>
         <executable>true</executable>
         <run_address>0x5676</run_address>
         <size>0x52</size>
         <alignment>0x2</alignment>
         <input_file_ref idref="fl-4e"/>
      </object_component>
      <object_component id="oc-345">
         <name>.text.DL_DMA_initChannel</name>
         <load_address>0x56c8</load_address>
         <readonly>true</readonly>
         <executable>true</executable>
         <run_address>0x56c8</run_address>
         <size>0x4c</size>
         <alignment>0x4</alignment>
         <input_file_ref idref="fl-1b"/>
      </object_component>
      <object_component id="oc-259">
         <name>.text.BQ27Z746_GetTempConfig</name>
         <load_address>0x5714</load_address>
         <readonly>true</readonly>
         <executable>true</executable>
         <run_address>0x5714</run_address>
         <size>0x4a</size>
         <alignment>0x2</alignment>
         <input_file_ref idref="fl-a"/>
      </object_component>
      <object_component id="oc-3a1">
         <name>.text.__fixdfsi</name>
         <load_address>0x5760</load_address>
         <readonly>true</readonly>
         <executable>true</executable>
         <run_address>0x5760</run_address>
         <size>0x4a</size>
         <alignment>0x4</alignment>
         <input_file_ref idref="fl-114"/>
      </object_component>
      <object_component id="oc-25a">
         <name>.text.BQ27Z746_GetFETOptions</name>
         <load_address>0x57aa</load_address>
         <readonly>true</readonly>
         <executable>true</executable>
         <run_address>0x57aa</run_address>
         <size>0x48</size>
         <alignment>0x2</alignment>
         <input_file_ref idref="fl-a"/>
      </object_component>
      <object_component id="oc-2d5">
         <name>.text.DL_UART_init</name>
         <load_address>0x57f4</load_address>
         <readonly>true</readonly>
         <executable>true</executable>
         <run_address>0x57f4</run_address>
         <size>0x48</size>
         <alignment>0x4</alignment>
         <input_file_ref idref="fl-1f"/>
      </object_component>
      <object_component id="oc-165">
         <name>.text.strtok</name>
         <load_address>0x583c</load_address>
         <readonly>true</readonly>
         <executable>true</executable>
         <run_address>0x583c</run_address>
         <size>0x48</size>
         <alignment>0x4</alignment>
         <input_file_ref idref="fl-42"/>
      </object_component>
      <object_component id="oc-2e0">
         <name>.text.DL_SPI_init</name>
         <load_address>0x5884</load_address>
         <readonly>true</readonly>
         <executable>true</executable>
         <run_address>0x5884</run_address>
         <size>0x44</size>
         <alignment>0x4</alignment>
         <input_file_ref idref="fl-1d"/>
      </object_component>
      <object_component id="oc-b4">
         <name>.text.SYSCFG_DL_init</name>
         <load_address>0x58c8</load_address>
         <readonly>true</readonly>
         <executable>true</executable>
         <run_address>0x58c8</run_address>
         <size>0x44</size>
         <alignment>0x4</alignment>
         <input_file_ref idref="fl-1"/>
      </object_component>
      <object_component id="oc-151">
         <name>.text.SYSCFG_DL_SYSCTL_init</name>
         <load_address>0x590c</load_address>
         <readonly>true</readonly>
         <executable>true</executable>
         <run_address>0x590c</run_address>
         <size>0x40</size>
         <alignment>0x4</alignment>
         <input_file_ref idref="fl-1"/>
      </object_component>
      <object_component id="oc-1db">
         <name>.text.__aeabi_uidivmod</name>
         <load_address>0x594c</load_address>
         <readonly>true</readonly>
         <executable>true</executable>
         <run_address>0x594c</run_address>
         <size>0x40</size>
         <alignment>0x4</alignment>
         <input_file_ref idref="fl-11e"/>
      </object_component>
      <object_component id="oc-1b2">
         <name>.text.atoi</name>
         <load_address>0x598c</load_address>
         <readonly>true</readonly>
         <executable>true</executable>
         <run_address>0x598c</run_address>
         <size>0x40</size>
         <alignment>0x4</alignment>
         <input_file_ref idref="fl-3e"/>
      </object_component>
      <object_component id="oc-173">
         <name>.text.vsnprintf</name>
         <load_address>0x59cc</load_address>
         <readonly>true</readonly>
         <executable>true</executable>
         <run_address>0x59cc</run_address>
         <size>0x40</size>
         <alignment>0x4</alignment>
         <input_file_ref idref="fl-37"/>
      </object_component>
      <object_component id="oc-ba">
         <name>.text.CLI_RegisterCommand</name>
         <load_address>0x5a0c</load_address>
         <readonly>true</readonly>
         <executable>true</executable>
         <run_address>0x5a0c</run_address>
         <size>0x3c</size>
         <alignment>0x4</alignment>
         <input_file_ref idref="fl-8"/>
      </object_component>
      <object_component id="oc-2fc">
         <name>.text.DL_I2C_flushControllerTXFIFO</name>
         <load_address>0x5a48</load_address>
         <readonly>true</readonly>
         <executable>true</executable>
         <run_address>0x5a48</run_address>
         <size>0x3c</size>
         <alignment>0x4</alignment>
         <input_file_ref idref="fl-1c"/>
      </object_component>
      <object_component id="oc-362">
         <name>.text.__gtsf2</name>
         <load_address>0x5a84</load_address>
         <readonly>true</readonly>
         <executable>true</executable>
         <run_address>0x5a84</run_address>
         <size>0x3c</size>
         <alignment>0x4</alignment>
         <input_file_ref idref="fl-120"/>
      </object_component>
      <object_component id="oc-be">
         <name>.text.get_UART_buffer</name>
         <load_address>0x5ac0</load_address>
         <readonly>true</readonly>
         <executable>true</executable>
         <run_address>0x5ac0</run_address>
         <size>0x3c</size>
         <alignment>0x4</alignment>
         <input_file_ref idref="fl-8"/>
      </object_component>
      <object_component id="oc-133">
         <name>.text:__TI_auto_init_nobinit_nopinit</name>
         <load_address>0x5afc</load_address>
         <readonly>true</readonly>
         <executable>true</executable>
         <run_address>0x5afc</run_address>
         <size>0x3c</size>
         <alignment>0x4</alignment>
         <input_file_ref idref="fl-47"/>
      </object_component>
      <object_component id="oc-35d">
         <name>.text.__eqsf2</name>
         <load_address>0x5b38</load_address>
         <readonly>true</readonly>
         <executable>true</executable>
         <run_address>0x5b38</run_address>
         <size>0x3a</size>
         <alignment>0x4</alignment>
         <input_file_ref idref="fl-120"/>
      </object_component>
      <object_component id="oc-2ff">
         <name>.text.__muldsi3</name>
         <load_address>0x5b74</load_address>
         <readonly>true</readonly>
         <executable>true</executable>
         <run_address>0x5b74</run_address>
         <size>0x3a</size>
         <alignment>0x4</alignment>
         <input_file_ref idref="fl-111"/>
      </object_component>
      <object_component id="oc-152">
         <name>.text.SYSCFG_DL_TIMER_0_init</name>
         <load_address>0x5bb0</load_address>
         <readonly>true</readonly>
         <executable>true</executable>
         <run_address>0x5bb0</run_address>
         <size>0x38</size>
         <alignment>0x4</alignment>
         <input_file_ref idref="fl-1"/>
      </object_component>
      <object_component id="oc-18e">
         <name>.text.__fixsfsi</name>
         <load_address>0x5be8</load_address>
         <readonly>true</readonly>
         <executable>true</executable>
         <run_address>0x5be8</run_address>
         <size>0x38</size>
         <alignment>0x4</alignment>
         <input_file_ref idref="fl-115"/>
      </object_component>
      <object_component id="oc-32e">
         <name>.text.gauge_read</name>
         <load_address>0x5c20</load_address>
         <readonly>true</readonly>
         <executable>true</executable>
         <run_address>0x5c20</run_address>
         <size>0x38</size>
         <alignment>0x4</alignment>
         <input_file_ref idref="fl-b"/>
      </object_component>
      <object_component id="oc-32d">
         <name>.text.gauge_write</name>
         <load_address>0x5c58</load_address>
         <readonly>true</readonly>
         <executable>true</executable>
         <run_address>0x5c58</run_address>
         <size>0x38</size>
         <alignment>0x4</alignment>
         <input_file_ref idref="fl-b"/>
      </object_component>
      <object_component id="oc-3a">
         <name>.text.SPI1_IRQHandler</name>
         <load_address>0x5c90</load_address>
         <readonly>true</readonly>
         <executable>true</executable>
         <run_address>0x5c90</run_address>
         <size>0x34</size>
         <alignment>0x4</alignment>
         <input_file_ref idref="fl-6"/>
      </object_component>
      <object_component id="oc-2fd">
         <name>.text.DL_I2C_flushControllerRXFIFO</name>
         <load_address>0x5cc4</load_address>
         <readonly>true</readonly>
         <executable>true</executable>
         <run_address>0x5cc4</run_address>
         <size>0x30</size>
         <alignment>0x4</alignment>
         <input_file_ref idref="fl-1c"/>
      </object_component>
      <object_component id="oc-179">
         <name>.text.DL_UART_transmitDataBlocking</name>
         <load_address>0x5cf4</load_address>
         <readonly>true</readonly>
         <executable>true</executable>
         <run_address>0x5cf4</run_address>
         <size>0x30</size>
         <alignment>0x4</alignment>
         <input_file_ref idref="fl-1f"/>
      </object_component>
      <object_component id="oc-3b4">
         <name>.text._fcpy</name>
         <load_address>0x5d24</load_address>
         <readonly>true</readonly>
         <executable>true</executable>
         <run_address>0x5d24</run_address>
         <size>0x30</size>
         <alignment>0x2</alignment>
         <input_file_ref idref="fl-4e"/>
      </object_component>
      <object_component id="oc-2f6">
         <name>.text._outs</name>
         <load_address>0x5d54</load_address>
         <readonly>true</readonly>
         <executable>true</executable>
         <run_address>0x5d54</run_address>
         <size>0x30</size>
         <alignment>0x2</alignment>
         <input_file_ref idref="fl-37"/>
      </object_component>
      <object_component id="oc-199">
         <name>.text.gauge_cmd_read</name>
         <load_address>0x5d84</load_address>
         <readonly>true</readonly>
         <executable>true</executable>
         <run_address>0x5d84</run_address>
         <size>0x30</size>
         <alignment>0x4</alignment>
         <input_file_ref idref="fl-b"/>
      </object_component>
      <object_component id="oc-219">
         <name>.text.BQ27Z746_Init</name>
         <load_address>0x5db4</load_address>
         <readonly>true</readonly>
         <executable>true</executable>
         <run_address>0x5db4</run_address>
         <size>0x2c</size>
         <alignment>0x2</alignment>
         <input_file_ref idref="fl-a"/>
      </object_component>
      <object_component id="oc-287">
         <name>.text.MB85RS_Init</name>
         <load_address>0x5de0</load_address>
         <readonly>true</readonly>
         <executable>true</executable>
         <run_address>0x5de0</run_address>
         <size>0x2c</size>
         <alignment>0x2</alignment>
         <input_file_ref idref="fl-c"/>
      </object_component>
      <object_component id="oc-34">
         <name>.text.SPI0_IRQHandler</name>
         <load_address>0x5e0c</load_address>
         <readonly>true</readonly>
         <executable>true</executable>
         <run_address>0x5e0c</run_address>
         <size>0x2c</size>
         <alignment>0x4</alignment>
         <input_file_ref idref="fl-7"/>
      </object_component>
      <object_component id="oc-bd">
         <name>.text.SPI_Memory_Init</name>
         <load_address>0x5e38</load_address>
         <readonly>true</readonly>
         <executable>true</executable>
         <run_address>0x5e38</run_address>
         <size>0x2c</size>
         <alignment>0x4</alignment>
         <input_file_ref idref="fl-7"/>
      </object_component>
      <object_component id="oc-3a9">
         <name>.text.__floatsidf</name>
         <load_address>0x5e64</load_address>
         <readonly>true</readonly>
         <executable>true</executable>
         <run_address>0x5e64</run_address>
         <size>0x2c</size>
         <alignment>0x4</alignment>
         <input_file_ref idref="fl-116"/>
      </object_component>
      <object_component id="oc-180">
         <name>.text.__floatunsisf</name>
         <load_address>0x5e90</load_address>
         <readonly>true</readonly>
         <executable>true</executable>
         <run_address>0x5e90</run_address>
         <size>0x28</size>
         <alignment>0x4</alignment>
         <input_file_ref idref="fl-117"/>
      </object_component>
      <object_component id="oc-65">
         <name>.text:_c_int00_noargs</name>
         <load_address>0x5eb8</load_address>
         <readonly>true</readonly>
         <executable>true</executable>
         <run_address>0x5eb8</run_address>
         <size>0x28</size>
         <alignment>0x4</alignment>
         <input_file_ref idref="fl-45"/>
      </object_component>
      <object_component id="oc-2d1">
         <name>.text.DL_I2C_setClockConfig</name>
         <load_address>0x5ee0</load_address>
         <readonly>true</readonly>
         <executable>true</executable>
         <run_address>0x5ee0</run_address>
         <size>0x26</size>
         <alignment>0x2</alignment>
         <input_file_ref idref="fl-1c"/>
      </object_component>
      <object_component id="oc-2ec">
         <name>.text.strspn</name>
         <load_address>0x5f06</load_address>
         <readonly>true</readonly>
         <executable>true</executable>
         <run_address>0x5f06</run_address>
         <size>0x26</size>
         <alignment>0x2</alignment>
         <input_file_ref idref="fl-58"/>
      </object_component>
      <object_component id="oc-1d9">
         <name>.text.BQ25628E_ReadReg16</name>
         <load_address>0x5f2c</load_address>
         <readonly>true</readonly>
         <executable>true</executable>
         <run_address>0x5f2c</run_address>
         <size>0x24</size>
         <alignment>0x4</alignment>
         <input_file_ref idref="fl-9"/>
      </object_component>
      <object_component id="oc-cb">
         <name>.text.BQ25628E_ReadReg8</name>
         <load_address>0x5f50</load_address>
         <readonly>true</readonly>
         <executable>true</executable>
         <run_address>0x5f50</run_address>
         <size>0x24</size>
         <alignment>0x4</alignment>
         <input_file_ref idref="fl-9"/>
      </object_component>
      <object_component id="oc-1df">
         <name>.text.BQ25628E_WriteReg16</name>
         <load_address>0x5f74</load_address>
         <readonly>true</readonly>
         <executable>true</executable>
         <run_address>0x5f74</run_address>
         <size>0x24</size>
         <alignment>0x4</alignment>
         <input_file_ref idref="fl-9"/>
      </object_component>
      <object_component id="oc-bc">
         <name>.text.SPI_Controller_Init</name>
         <load_address>0x5f98</load_address>
         <readonly>true</readonly>
         <executable>true</executable>
         <run_address>0x5f98</run_address>
         <size>0x24</size>
         <alignment>0x4</alignment>
         <input_file_ref idref="fl-6"/>
      </object_component>
      <object_component id="oc-37b">
         <name>.text.__muldi3</name>
         <load_address>0x5fbc</load_address>
         <readonly>true</readonly>
         <executable>true</executable>
         <run_address>0x5fbc</run_address>
         <size>0x24</size>
         <alignment>0x4</alignment>
         <input_file_ref idref="fl-118"/>
      </object_component>
      <object_component id="oc-161">
         <name>.text.strcspn</name>
         <load_address>0x5fe0</load_address>
         <readonly>true</readonly>
         <executable>true</executable>
         <run_address>0x5fe0</run_address>
         <size>0x24</size>
         <alignment>0x2</alignment>
         <input_file_ref idref="fl-41"/>
      </object_component>
      <object_component id="oc-370">
         <name>.text.memccpy</name>
         <load_address>0x6004</load_address>
         <readonly>true</readonly>
         <executable>true</executable>
         <run_address>0x6004</run_address>
         <size>0x22</size>
         <alignment>0x2</alignment>
         <input_file_ref idref="fl-57"/>
      </object_component>
      <object_component id="oc-1da">
         <name>.text.BQ25628E_WriteReg8</name>
         <load_address>0x6028</load_address>
         <readonly>true</readonly>
         <executable>true</executable>
         <run_address>0x6028</run_address>
         <size>0x20</size>
         <alignment>0x4</alignment>
         <input_file_ref idref="fl-9"/>
      </object_component>
      <object_component id="oc-224">
         <name>.text.BQ27Z746_ReadInternalTemp_C</name>
         <load_address>0x6048</load_address>
         <readonly>true</readonly>
         <executable>true</executable>
         <run_address>0x6048</run_address>
         <size>0x20</size>
         <alignment>0x4</alignment>
         <input_file_ref idref="fl-a"/>
      </object_component>
      <object_component id="oc-223">
         <name>.text.BQ27Z746_ReadTemperature_C</name>
         <load_address>0x6068</load_address>
         <readonly>true</readonly>
         <executable>true</executable>
         <run_address>0x6068</run_address>
         <size>0x20</size>
         <alignment>0x4</alignment>
         <input_file_ref idref="fl-a"/>
      </object_component>
      <object_component id="oc-b9">
         <name>.text.uart_init</name>
         <load_address>0x6088</load_address>
         <readonly>true</readonly>
         <executable>true</executable>
         <run_address>0x6088</run_address>
         <size>0x20</size>
         <alignment>0x4</alignment>
         <input_file_ref idref="fl-8"/>
      </object_component>
      <object_component id="oc-22b">
         <name>.text.BQ27Z746_MAC_Send</name>
         <load_address>0x60a8</load_address>
         <readonly>true</readonly>
         <executable>true</executable>
         <run_address>0x60a8</run_address>
         <size>0x1e</size>
         <alignment>0x2</alignment>
         <input_file_ref idref="fl-a"/>
      </object_component>
      <object_component id="oc-3c9">
         <name>.text.__ashldi3</name>
         <load_address>0x60c8</load_address>
         <readonly>true</readonly>
         <executable>true</executable>
         <run_address>0x60c8</run_address>
         <size>0x1e</size>
         <alignment>0x4</alignment>
         <input_file_ref idref="fl-122"/>
      </object_component>
      <object_component id="oc-2c8">
         <name>.text.DL_Timer_setClockConfig</name>
         <load_address>0x60e8</load_address>
         <readonly>true</readonly>
         <executable>true</executable>
         <run_address>0x60e8</run_address>
         <size>0x1c</size>
         <alignment>0x4</alignment>
         <input_file_ref idref="fl-1e"/>
      </object_component>
      <object_component id="oc-bb">
         <name>.text.i2c_init</name>
         <load_address>0x6104</load_address>
         <readonly>true</readonly>
         <executable>true</executable>
         <run_address>0x6104</run_address>
         <size>0x1c</size>
         <alignment>0x4</alignment>
         <input_file_ref idref="fl-5"/>
      </object_component>
      <object_component id="oc-2e8">
         <name>.text.SYSCFG_DL_DMA_CH0_init</name>
         <load_address>0x6120</load_address>
         <readonly>true</readonly>
         <executable>true</executable>
         <run_address>0x6120</run_address>
         <size>0x18</size>
         <alignment>0x4</alignment>
         <input_file_ref idref="fl-1"/>
      </object_component>
      <object_component id="oc-2e7">
         <name>.text.SYSCFG_DL_DMA_CH1_init</name>
         <load_address>0x6138</load_address>
         <readonly>true</readonly>
         <executable>true</executable>
         <run_address>0x6138</run_address>
         <size>0x18</size>
         <alignment>0x4</alignment>
         <input_file_ref idref="fl-1"/>
      </object_component>
      <object_component id="oc-2e6">
         <name>.text.SYSCFG_DL_DMA_CH2_init</name>
         <load_address>0x6150</load_address>
         <readonly>true</readonly>
         <executable>true</executable>
         <run_address>0x6150</run_address>
         <size>0x18</size>
         <alignment>0x4</alignment>
         <input_file_ref idref="fl-1"/>
      </object_component>
      <object_component id="oc-2e5">
         <name>.text.SYSCFG_DL_DMA_CH3_init</name>
         <load_address>0x6168</load_address>
         <readonly>true</readonly>
         <executable>true</executable>
         <run_address>0x6168</run_address>
         <size>0x18</size>
         <alignment>0x4</alignment>
         <input_file_ref idref="fl-1"/>
      </object_component>
      <object_component id="oc-3f">
         <name>.text.UART0_IRQHandler</name>
         <load_address>0x6180</load_address>
         <readonly>true</readonly>
         <executable>true</executable>
         <run_address>0x6180</run_address>
         <size>0x18</size>
         <alignment>0x4</alignment>
         <input_file_ref idref="fl-4"/>
      </object_component>
      <object_component id="oc-2f7">
         <name>.text._outc</name>
         <load_address>0x6198</load_address>
         <readonly>true</readonly>
         <executable>true</executable>
         <run_address>0x6198</run_address>
         <size>0x18</size>
         <alignment>0x2</alignment>
         <input_file_ref idref="fl-37"/>
      </object_component>
      <object_component id="oc-5c">
         <name>.text:decompress:ZI:__TI_zero_init_nomemset</name>
         <load_address>0x61b0</load_address>
         <readonly>true</readonly>
         <executable>true</executable>
         <run_address>0x61b0</run_address>
         <size>0x16</size>
         <alignment>0x2</alignment>
         <input_file_ref idref="fl-4a"/>
      </object_component>
      <object_component id="oc-159">
         <name>.text.SYSCFG_DL_DMA_init</name>
         <load_address>0x61c6</load_address>
         <readonly>true</readonly>
         <executable>true</executable>
         <run_address>0x61c6</run_address>
         <size>0x14</size>
         <alignment>0x2</alignment>
         <input_file_ref idref="fl-1"/>
      </object_component>
      <object_component id="oc-380">
         <name>.text.__aeabi_uldivmod</name>
         <load_address>0x61dc</load_address>
         <readonly>true</readonly>
         <executable>true</executable>
[...]
      </symbol>
      <symbol id="sm-3be">
         <name>MB85RS_Read</name>
         <value>0x45cd</value>
         <object_component_ref idref="oc-293"/>
      </symbol>
      <symbol id="sm-3bf">
         <name>MB85RS_Write</name>
         <value>0x3069</value>
         <object_component_ref idref="oc-292"/>
      </symbol>
      <symbol id="sm-3c0">
         <name>__TI_ATRegion0_src_addr</name>
         <value>0x0</value>
      </symbol>
      <symbol id="sm-3c1">
         <name>__TI_ATRegion0_trg_addr</name>
         <value>0x0</value>
      </symbol>
      <symbol id="sm-3c2">
         <name>__TI_ATRegion0_region_sz</name>
         <value>0x0</value>
      </symbol>
      <symbol id="sm-3c3">
         <name>__TI_ATRegion1_src_addr</name>
         <value>0x0</value>
      </symbol>
      <symbol id="sm-3c4">
         <name>__TI_ATRegion1_trg_addr</name>
         <value>0x0</value>
      </symbol>
      <symbol id="sm-3c5">
         <name>__TI_ATRegion1_region_sz</name>
         <value>0x0</value>
      </symbol>
      <symbol id="sm-3c6">
         <name>__TI_ATRegion2_src_addr</name>
         <value>0x0</value>
      </symbol>
      <symbol id="sm-3c7">
         <name>__TI_ATRegion2_trg_addr</name>
         <value>0x0</value>
      </symbol>
      <symbol id="sm-3c8">
         <name>__TI_ATRegion2_region_sz</name>
         <value>0x0</value>
      </symbol>
      <symbol id="sm-3d1">
         <name>DL_Common_delayCycles</name>
         <value>0x6465</value>
         <object_component_ref idref="oc-c0"/>
      </symbol>
      <symbol id="sm-3db">
         <name>DL_DMA_initChannel</name>
         <value>0x56c9</value>
         <object_component_ref idref="oc-345"/>
      </symbol>
      <symbol id="sm-3ed">
         <name>DL_I2C_setClockConfig</name>
         <value>0x5ee1</value>
         <object_component_ref idref="oc-2d1"/>
      </symbol>
      <symbol id="sm-3ee">
         <name>DL_I2C_fillControllerTXFIFO</name>
         <value>0x53fd</value>
         <object_component_ref idref="oc-9d"/>
      </symbol>
      <symbol id="sm-3ef">
         <name>DL_I2C_flushControllerTXFIFO</name>
         <value>0x5a49</value>
         <object_component_ref idref="oc-2fc"/>
      </symbol>
      <symbol id="sm-3f0">
         <name>DL_I2C_flushControllerRXFIFO</name>
         <value>0x5cc5</value>
         <object_component_ref idref="oc-2fd"/>
      </symbol>
      <symbol id="sm-3fd">
         <name>DL_SPI_init</name>
         <value>0x5885</value>
         <object_component_ref idref="oc-2e0"/>
      </symbol>
      <symbol id="sm-3fe">
         <name>DL_SPI_setClockConfig</name>
         <value>0x6205</value>
         <object_component_ref idref="oc-2da"/>
      </symbol>
      <symbol id="sm-40e">
         <name>DL_Timer_setClockConfig</name>
         <value>0x60e9</value>
         <object_component_ref idref="oc-2c8"/>
      </symbol>
      <symbol id="sm-40f">
         <name>DL_Timer_initTimerMode</name>
         <value>0x37dd</value>
         <object_component_ref idref="oc-2ce"/>
      </symbol>
      <symbol id="sm-41f">
         <name>DL_UART_init</name>
         <value>0x57f5</value>
         <object_component_ref idref="oc-2d5"/>
      </symbol>
      <symbol id="sm-420">
         <name>DL_UART_setClockConfig</name>
         <value>0x6217</value>
         <object_component_ref idref="oc-2d4"/>
      </symbol>
      <symbol id="sm-421">
         <name>DL_UART_transmitDataBlocking</name>
         <value>0x5cf5</value>
         <object_component_ref idref="oc-179"/>
      </symbol>
      <symbol id="sm-42e">
         <name>roundf</name>
         <value>0x507d</value>
         <object_component_ref idref="oc-188"/>
      </symbol>
      <symbol id="sm-43f">
         <name>vsnprintf</name>
         <value>0x59cd</value>
         <object_component_ref idref="oc-173"/>
      </symbol>
      <symbol id="sm-44a">
         <name>strcmp</name>
         <value>0x4b81</value>
         <object_component_ref idref="oc-169"/>
      </symbol>
      <symbol id="sm-454">
         <name>abort</name>
         <value>0x64b9</value>
         <object_component_ref idref="oc-12c"/>
      </symbol>
      <symbol id="sm-45f">
         <name>atoi</name>
         <value>0x598d</value>
         <object_component_ref idref="oc-1b2"/>
      </symbol>
      <symbol id="sm-46a">
         <name>strcspn</name>
         <value>0x5fe1</value>
         <object_component_ref idref="oc-161"/>
      </symbol>
      <symbol id="sm-476">
         <name>strtok</name>
         <value>0x583d</value>
         <object_component_ref idref="oc-165"/>
      </symbol>
      <symbol id="sm-481">
         <name>strtol</name>
         <value>0x2cb1</value>
         <object_component_ref idref="oc-1d4"/>
      </symbol>
      <symbol id="sm-48d">
         <name>_c_int00_noargs</name>
         <value>0x5eb9</value>
         <object_component_ref idref="oc-65"/>
      </symbol>
      <symbol id="sm-48e">
         <name>__stack</name>
         <value>0x20207e00</value>
         <object_component_ref idref="oc-1a"/>
      </symbol>
      <symbol id="sm-49a">
         <name>__TI_auto_init_nobinit_nopinit</name>
         <value>0x5afd</value>
         <object_component_ref idref="oc-133"/>
      </symbol>
      <symbol id="sm-4a2">
         <name>_system_pre_init</name>
         <value>0x64c7</value>
         <object_component_ref idref="oc-89"/>
      </symbol>
      <symbol id="sm-4ad">
         <name>__TI_zero_init_nomemset</name>
         <value>0x61b1</value>
         <object_component_ref idref="oc-5c"/>
      </symbol>
      <symbol id="sm-4b6">
         <name>__TI_decompress_none</name>
         <value>0x6229</value>
         <object_component_ref idref="oc-20"/>
      </symbol>
      <symbol id="sm-4c1">
         <name>__TI_decompress_lzss</name>
         <value>0x4d05</value>
         <object_component_ref idref="oc-1c"/>
      </symbol>
      <symbol id="sm-4cb">
         <name>floorf</name>
         <value>0x4aed</value>
         <object_component_ref idref="oc-308"/>
      </symbol>
      <symbol id="sm-514">
         <name>__TI_printfi</name>
         <value>0xc1</value>
         <object_component_ref idref="oc-357"/>
      </symbol>
      <symbol id="sm-518">
         <name>__aeabi_ctype_table_</name>
         <value>0x6a40</value>
         <object_component_ref idref="oc-317"/>
      </symbol>
      <symbol id="sm-519">
         <name>__aeabi_ctype_table_C</name>
         <value>0x6a40</value>
         <object_component_ref idref="oc-317"/>
      </symbol>
      <symbol id="sm-524">
         <name>__aeabi_errno_addr</name>
         <value>0x4b79</value>
         <object_component_ref idref="oc-31b"/>
      </symbol>
      <symbol id="sm-525">
         <name>__aeabi_errno</name>
         <value>0x202001c4</value>
         <object_component_ref idref="oc-364"/>
      </symbol>
      <symbol id="sm-52e">
         <name>__TI_ltoa</name>
         <value>0x556f</value>
         <object_component_ref idref="oc-3a5"/>
      </symbol>
      <symbol id="sm-539">
         <name>memccpy</name>
         <value>0x6005</value>
         <object_component_ref idref="oc-370"/>
      </symbol>
      <symbol id="sm-542">
         <name>strspn</name>
         <value>0x5f07</value>
         <object_component_ref idref="oc-2ec"/>
      </symbol>
      <symbol id="sm-54c">
         <name>frexp</name>
         <value>0x54b9</value>
         <object_component_ref idref="oc-399"/>
      </symbol>
      <symbol id="sm-54d">
         <name>frexpl</name>
         <value>0x54b9</value>
         <object_component_ref idref="oc-399"/>
      </symbol>
      <symbol id="sm-557">
         <name>scalbn</name>
         <value>0x4291</value>
         <object_component_ref idref="oc-39d"/>
      </symbol>
      <symbol id="sm-558">
         <name>ldexp</name>
         <value>0x4291</value>
         <object_component_ref idref="oc-39d"/>
      </symbol>
      <symbol id="sm-559">
         <name>scalbnl</name>
         <value>0x4291</value>
         <object_component_ref idref="oc-39d"/>
      </symbol>
      <symbol id="sm-55a">
         <name>ldexpl</name>
         <value>0x4291</value>
         <object_component_ref idref="oc-39d"/>
      </symbol>
      <symbol id="sm-563">
         <name>wcslen</name>
         <value>0x62ad</value>
         <object_component_ref idref="oc-377"/>
      </symbol>
      <symbol id="sm-56e">
         <name>HOSTexit</name>
         <value>0x64bf</value>
         <object_component_ref idref="oc-2b7"/>
      </symbol>
      <symbol id="sm-56f">
         <name>C$$EXIT</name>
         <value>0x64be</value>
         <object_component_ref idref="oc-2b7"/>
      </symbol>
      <symbol id="sm-584">
         <name>__aeabi_fadd</name>
         <value>0x4373</value>
         <object_component_ref idref="oc-304"/>
      </symbol>
      <symbol id="sm-585">
         <name>__addsf3</name>
         <value>0x4373</value>
         <object_component_ref idref="oc-304"/>
      </symbol>
      <symbol id="sm-586">
         <name>__aeabi_fsub</name>
         <value>0x4369</value>
         <object_component_ref idref="oc-304"/>
      </symbol>
      <symbol id="sm-587">
         <name>__subsf3</name>
         <value>0x4369</value>
         <object_component_ref idref="oc-304"/>
      </symbol>
      <symbol id="sm-590">
         <name>__aeabi_dadd</name>
         <value>0x29bb</value>
         <object_component_ref idref="oc-3c2"/>
      </symbol>
      <symbol id="sm-591">
         <name>__adddf3</name>
         <value>0x29bb</value>
         <object_component_ref idref="oc-3c2"/>
      </symbol>
      <symbol id="sm-592">
         <name>__aeabi_dsub</name>
         <value>0x29b1</value>
         <object_component_ref idref="oc-3c2"/>
      </symbol>
      <symbol id="sm-593">
         <name>__subdf3</name>
         <value>0x29b1</value>
         <object_component_ref idref="oc-3c2"/>
      </symbol>
      <symbol id="sm-59c">
         <name>__aeabi_dmul</name>
         <value>0x3c89</value>
         <object_component_ref idref="oc-3ae"/>
      </symbol>
      <symbol id="sm-59d">
         <name>__muldf3</name>
         <value>0x3c89</value>
         <object_component_ref idref="oc-3ae"/>
      </symbol>
      <symbol id="sm-5a3">
         <name>__muldsi3</name>
         <value>0x5b75</value>
         <object_component_ref idref="oc-2ff"/>
      </symbol>
      <symbol id="sm-5a9">
         <name>__aeabi_fmul</name>
         <value>0x4a61</value>
         <object_component_ref idref="oc-184"/>
      </symbol>
      <symbol id="sm-5aa">
         <name>__mulsf3</name>
         <value>0x4a61</value>
         <object_component_ref idref="oc-184"/>
      </symbol>
      <symbol id="sm-5b0">
         <name>__aeabi_ddiv</name>
         <value>0x33cd</value>
         <object_component_ref idref="oc-3be"/>
      </symbol>
      <symbol id="sm-5b1">
         <name>__divdf3</name>
         <value>0x33cd</value>
         <object_component_ref idref="oc-3be"/>
      </symbol>
      <symbol id="sm-5b7">
         <name>__aeabi_d2iz</name>
         <value>0x5761</value>
         <object_component_ref idref="oc-3a1"/>
      </symbol>
      <symbol id="sm-5b8">
         <name>__fixdfsi</name>
         <value>0x5761</value>
         <object_component_ref idref="oc-3a1"/>
      </symbol>
      <symbol id="sm-5be">
         <name>__aeabi_f2iz</name>
         <value>0x5be9</value>
         <object_component_ref idref="oc-18e"/>
      </symbol>
      <symbol id="sm-5bf">
         <name>__fixsfsi</name>
         <value>0x5be9</value>
         <object_component_ref idref="oc-18e"/>
      </symbol>
      <symbol id="sm-5c5">
         <name>__aeabi_i2d</name>
         <value>0x5e65</value>
         <object_component_ref idref="oc-3a9"/>
      </symbol>
      <symbol id="sm-5c6">
         <name>__floatsidf</name>
         <value>0x5e65</value>
         <object_component_ref idref="oc-3a9"/>
      </symbol>
      <symbol id="sm-5cc">
         <name>__aeabi_ui2f</name>
         <value>0x5e91</value>
         <object_component_ref idref="oc-180"/>
      </symbol>
      <symbol id="sm-5cd">
         <name>__floatunsisf</name>
         <value>0x5e91</value>
         <object_component_ref idref="oc-180"/>
      </symbol>
      <symbol id="sm-5d3">
         <name>__aeabi_lmul</name>
         <value>0x5fbd</value>
         <object_component_ref idref="oc-37b"/>
      </symbol>
      <symbol id="sm-5d4">
         <name>__muldi3</name>
         <value>0x5fbd</value>
         <object_component_ref idref="oc-37b"/>
      </symbol>
      <symbol id="sm-5da">
         <name>__aeabi_dcmpeq</name>
         <value>0x5215</value>
         <object_component_ref idref="oc-385"/>
      </symbol>
      <symbol id="sm-5db">
         <name>__aeabi_dcmplt</name>
         <value>0x5229</value>
         <object_component_ref idref="oc-385"/>
      </symbol>
      <symbol id="sm-5dc">
         <name>__aeabi_dcmple</name>
         <value>0x523d</value>
         <object_component_ref idref="oc-385"/>
      </symbol>
      <symbol id="sm-5dd">
         <name>__aeabi_dcmpge</name>
         <value>0x5251</value>
         <object_component_ref idref="oc-385"/>
      </symbol>
      <symbol id="sm-5de">
         <name>__aeabi_dcmpgt</name>
         <value>0x5265</value>
         <object_component_ref idref="oc-385"/>
      </symbol>
      <symbol id="sm-5e4">
         <name>__aeabi_fcmpeq</name>
         <value>0x5279</value>
         <object_component_ref idref="oc-30c"/>
      </symbol>
      <symbol id="sm-5e5">
         <name>__aeabi_fcmplt</name>
         <value>0x528d</value>
         <object_component_ref idref="oc-30c"/>
      </symbol>
      <symbol id="sm-5e6">
         <name>__aeabi_fcmple</name>
         <value>0x52a1</value>
         <object_component_ref idref="oc-30c"/>
      </symbol>
      <symbol id="sm-5e7">
         <name>__aeabi_fcmpge</name>
         <value>0x52b5</value>
         <object_component_ref idref="oc-30c"/>
      </symbol>
      <symbol id="sm-5e8">
         <name>__aeabi_fcmpgt</name>
         <value>0x52c9</value>
         <object_component_ref idref="oc-30c"/>
      </symbol>
      <symbol id="sm-5ee">
         <name>__aeabi_idiv</name>
         <value>0x5621</value>
         <object_component_ref idref="oc-3d5"/>
      </symbol>
      <symbol id="sm-5ef">
         <name>__aeabi_idivmod</name>
         <value>0x5621</value>
         <object_component_ref idref="oc-3d5"/>
      </symbol>
      <symbol id="sm-5f5">
         <name>__aeabi_memcpy</name>
         <value>0x64b1</value>
         <object_component_ref idref="oc-55"/>
      </symbol>
      <symbol id="sm-5f6">
         <name>__aeabi_memcpy4</name>
         <value>0x64b1</value>
         <object_component_ref idref="oc-55"/>
      </symbol>
      <symbol id="sm-5f7">
         <name>__aeabi_memcpy8</name>
         <value>0x64b1</value>
         <object_component_ref idref="oc-55"/>
      </symbol>
      <symbol id="sm-600">
         <name>__aeabi_memset</name>
         <value>0x62bd</value>
         <object_component_ref idref="oc-36f"/>
      </symbol>
      <symbol id="sm-601">
         <name>__aeabi_memset4</name>
         <value>0x62bd</value>
         <object_component_ref idref="oc-36f"/>
      </symbol>
      <symbol id="sm-602">
         <name>__aeabi_memset8</name>
         <value>0x62bd</value>
         <object_component_ref idref="oc-36f"/>
      </symbol>
      <symbol id="sm-603">
         <name>__aeabi_memclr</name>
         <value>0x6459</value>
         <object_component_ref idref="oc-84"/>
      </symbol>
      <symbol id="sm-604">
         <name>__aeabi_memclr4</name>
         <value>0x6459</value>
         <object_component_ref idref="oc-84"/>
      </symbol>
      <symbol id="sm-605">
         <name>__aeabi_memclr8</name>
         <value>0x6459</value>
         <object_component_ref idref="oc-84"/>
      </symbol>
      <symbol id="sm-60b">
         <name>__aeabi_uidiv</name>
         <value>0x594d</value>
         <object_component_ref idref="oc-1db"/>
      </symbol>
      <symbol id="sm-60c">
         <name>__aeabi_uidivmod</name>
         <value>0x594d</value>
         <object_component_ref idref="oc-1db"/>
      </symbol>
      <symbol id="sm-612">
         <name>__aeabi_uldivmod</name>
         <value>0x61dd</value>
         <object_component_ref idref="oc-380"/>
      </symbol>
      <symbol id="sm-61b">
         <name>__eqsf2</name>
         <value>0x5b39</value>
         <object_component_ref idref="oc-35d"/>
      </symbol>
      <symbol id="sm-61c">
         <name>__lesf2</name>
         <value>0x5b39</value>
         <object_component_ref idref="oc-35d"/>
      </symbol>
      <symbol id="sm-61d">
         <name>__ltsf2</name>
         <value>0x5b39</value>
         <object_component_ref idref="oc-35d"/>
      </symbol>
      <symbol id="sm-61e">
         <name>__nesf2</name>
         <value>0x5b39</value>
         <object_component_ref idref="oc-35d"/>
      </symbol>
      <symbol id="sm-61f">
         <name>__cmpsf2</name>
         <value>0x5b39</value>
         <object_component_ref idref="oc-35d"/>
      </symbol>
      <symbol id="sm-620">
         <name>__gtsf2</name>
         <value>0x5a85</value>
         <object_component_ref idref="oc-362"/>
      </symbol>
      <symbol id="sm-621">
         <name>__gesf2</name>
         <value>0x5a85</value>
         <object_component_ref idref="oc-362"/>
      </symbol>
      <symbol id="sm-627">
         <name>__udivmoddi4</name>
         <value>0x4895</value>
         <object_component_ref idref="oc-394"/>
      </symbol>
      <symbol id="sm-62d">
         <name>__aeabi_llsl</name>
         <value>0x60c9</value>
         <object_component_ref idref="oc-3c9"/>
      </symbol>
      <symbol id="sm-62e">
         <name>__ashldi3</name>
         <value>0x60c9</value>
         <object_component_ref idref="oc-3c9"/>
      </symbol>
      <symbol id="sm-63c">
         <name>__ledf2</name>
         <value>0x5015</value>
         <object_component_ref idref="oc-3b6"/>
      </symbol>
      <symbol id="sm-63d">
         <name>__gedf2</name>
         <value>0x4df9</value>
         <object_component_ref idref="oc-3bc"/>
      </symbol>
      <symbol id="sm-63e">
         <name>__cmpdf2</name>
         <value>0x5015</value>
         <object_component_ref idref="oc-3b6"/>
      </symbol>
      <symbol id="sm-63f">
         <name>__eqdf2</name>
         <value>0x5015</value>
         <object_component_ref idref="oc-3b6"/>
      </symbol>
      <symbol id="sm-640">
         <name>__ltdf2</name>
         <value>0x5015</value>
         <object_component_ref idref="oc-3b6"/>
      </symbol>
      <symbol id="sm-641">
         <name>__nedf2</name>
         <value>0x5015</value>
         <object_component_ref idref="oc-3b6"/>
      </symbol>
      <symbol id="sm-642">
         <name>__gtdf2</name>
         <value>0x4df9</value>
         <object_component_ref idref="oc-3bc"/>
      </symbol>
      <symbol id="sm-64e">
         <name>__aeabi_idiv0</name>
         <value>0x428f</value>
         <object_component_ref idref="oc-325"/>
      </symbol>
      <symbol id="sm-64f">
         <name>__aeabi_ldiv0</name>
         <value>0x514b</value>
         <object_component_ref idref="oc-3c8"/>
      </symbol>
      <symbol id="sm-669">
         <name>memcpy</name>
         <value>0x4937</value>
         <object_component_ref idref="oc-af"/>
      </symbol>
      <symbol id="sm-678">
         <name>memset</name>
         <value>0x52db</value>
         <object_component_ref idref="oc-14d"/>
      </symbol>
      <symbol id="sm-679">
         <name>__TI_static_base__</name>
         <value>0x0</value>
      </symbol>
      <symbol id="sm-67d">
         <name>__mpu_init</name>
         <value>0x0</value>
      </symbol>
      <symbol id="sm-67e">
         <name>_system_post_cinit</name>
         <value>0x0</value>
      </symbol>
   </symbol_table>
   <title>Link successful</title>
</link_info>
