<?xml version="1.0" encoding="ISO-8859-1" ?>
<link_info>
   <banner>TI ARM Clang Linker PC v4.0.4.LTS</banner>
   <copyright>Copyright (c) 1996-2018 Texas Instruments Incorporated</copyright>
   <command_line>C:\ti\ccs2031\ccs\tools\compiler\ti-cgt-armllvm_4.0.4.LTS\bin\tiarmlnk -IC:\ti\ccs2031\ccs\tools\compiler\ti-cgt-armllvm_4.0.4.LTS\lib -o HW_SW_interface_CCS.out -mHW_SW_interface_CCS.map -iC:/ti/mspm0_sdk_2_09_00_01/source -iC:/Users/Admin/Desktop/HW_SW_interface_CCS -iC:/Users/Admin/Desktop/HW_SW_interface_CCS/Debug/syscfg -iC:/ti/ccs2031/ccs/tools/compiler/ti-cgt-armllvm_4.0.4.LTS/lib --diag_wrap=off --display_error_number --warn_sections --xml_link_info=HW_SW_interface_CCS_linkInfo.xml --rom_model ./BoardAPI.o ./ti_msp_dl_config.o ./startup_mspm0g350x_ticlang.o ./functions.o ./main.o ./HAL/i2c.o ./HAL/spi_master.o ./HAL/spi_mem.o ./HAL/uart.o ./ics/BQ25628/BQ25628_functions.o ./ics/BQ27Z7/BQ27Z7_functions.o ./ics/BQ27Z7/gauge.o ./ics/MB85RS/mb85rs.o -l./device_linker.cmd -ldevice.cmd.genlibs -llibc.a --start-group -llibc++.a -llibc++abi.a -llibc.a -llibsys.a -llibsysbm.a -llibclang_rt.builtins.a -llibclang_rt.profile.a --end-group --cg_opt_level=2</command_line>
   <link_time>0x69c7b78e</link_time>
   <link_errors>0x0</link_errors>
   <output_file>C:\Users\Admin\Desktop\HW_SW_interface_CCS\Debug\HW_SW_interface_CCS.out</output_file>
   <entry_point>
      <name>_c_int00_noargs</name>
      <address>0x685d</address>
   </entry_point>
   <input_file_list>
      <input_file id="fl-1">
         <path>C:\Users\Admin\Desktop\HW_SW_interface_CCS\Debug\.\</path>
         <kind>object</kind>
         <file>BoardAPI.o</file>
         <name>BoardAPI.o</name>
      </input_file>
      <input_file id="fl-2">
         <path>C:\Users\Admin\Desktop\HW_SW_interface_CCS\Debug\.\</path>
         <kind>object</kind>
         <file>ti_msp_dl_config.o</file>
         <name>ti_msp_dl_config.o</name>
      </input_file>
      <input_file id="fl-3">
         <path>C:\Users\Admin\Desktop\HW_SW_interface_CCS\Debug\.\</path>
         <kind>object</kind>
         <file>startup_mspm0g350x_ticlang.o</file>
         <name>startup_mspm0g350x_ticlang.o</name>
      </input_file>
      <input_file id="fl-4">
         <path>C:\Users\Admin\Desktop\HW_SW_interface_CCS\Debug\.\</path>
         <kind>object</kind>
         <file>functions.o</file>
         <name>functions.o</name>
      </input_file>
      <input_file id="fl-5">
         <path>C:\Users\Admin\Desktop\HW_SW_interface_CCS\Debug\.\</path>
         <kind>object</kind>
         <file>main.o</file>
         <name>main.o</name>
      </input_file>
      <input_file id="fl-6">
         <path>C:\Users\Admin\Desktop\HW_SW_interface_CCS\Debug\.\HAL\</path>
         <kind>object</kind>
         <file>i2c.o</file>
         <name>i2c.o</name>
      </input_file>
      <input_file id="fl-7">
         <path>C:\Users\Admin\Desktop\HW_SW_interface_CCS\Debug\.\HAL\</path>
         <kind>object</kind>
         <file>spi_master.o</file>
         <name>spi_master.o</name>
      </input_file>
      <input_file id="fl-8">
         <path>C:\Users\Admin\Desktop\HW_SW_interface_CCS\Debug\.\HAL\</path>
         <kind>object</kind>
         <file>spi_mem.o</file>
         <name>spi_mem.o</name>
      </input_file>
      <input_file id="fl-9">
         <path>C:\Users\Admin\Desktop\HW_SW_interface_CCS\Debug\.\HAL\</path>
         <kind>object</kind>
         <file>uart.o</file>
         <name>uart.o</name>
      </input_file>
      <input_file id="fl-a">
         <path>C:\Users\Admin\Desktop\HW_SW_interface_CCS\Debug\.\ics\BQ25628\</path>
         <kind>object</kind>
         <file>BQ25628_functions.o</file>
         <name>BQ25628_functions.o</name>
      </input_file>
      <input_file id="fl-b">
         <path>C:\Users\Admin\Desktop\HW_SW_interface_CCS\Debug\.\ics\BQ27Z7\</path>
         <kind>object</kind>
         <file>BQ27Z7_functions.o</file>
         <name>BQ27Z7_functions.o</name>
      </input_file>
      <input_file id="fl-c">
         <path>C:\Users\Admin\Desktop\HW_SW_interface_CCS\Debug\.\ics\BQ27Z7\</path>
         <kind>object</kind>
         <file>gauge.o</file>
         <name>gauge.o</name>
      </input_file>
      <input_file id="fl-d">
         <path>C:\Users\Admin\Desktop\HW_SW_interface_CCS\Debug\.\ics\MB85RS\</path>
         <kind>object</kind>
         <file>mb85rs.o</file>
         <name>mb85rs.o</name>
      </input_file>
      <input_file id="fl-1a">
         <path>C:\Users\Admin\Desktop\HW_SW_interface_CCS\Debug\</path>
         <kind>object</kind>
         <file>&lt;internal&gt;</file>
         <name>&lt;internal&gt;</name>
      </input_file>
      <input_file id="fl-1b">
         <path>C:\ti\mspm0_sdk_2_09_00_01\source\ti\driverlib\lib\ticlang\m0p\mspm0g1x0x_g3x0x\</path>
         <kind>archive</kind>
         <file>driverlib.a</file>
         <name>dl_common.o</name>
      </input_file>
      <input_file id="fl-1c">
         <path>C:\ti\mspm0_sdk_2_09_00_01\source\ti\driverlib\lib\ticlang\m0p\mspm0g1x0x_g3x0x\</path>
         <kind>archive</kind>
         <file>driverlib.a</file>
         <name>dl_dma.o</name>
      </input_file>
      <input_file id="fl-1d">
         <path>C:\ti\mspm0_sdk_2_09_00_01\source\ti\driverlib\lib\ticlang\m0p\mspm0g1x0x_g3x0x\</path>
         <kind>archive</kind>
         <file>driverlib.a</file>
         <name>dl_i2c.o</name>
      </input_file>
      <input_file id="fl-1e">
         <path>C:\ti\mspm0_sdk_2_09_00_01\source\ti\driverlib\lib\ticlang\m0p\mspm0g1x0x_g3x0x\</path>
         <kind>archive</kind>
         <file>driverlib.a</file>
         <name>dl_spi.o</name>
      </input_file>
      <input_file id="fl-1f">
         <path>C:\ti\mspm0_sdk_2_09_00_01\source\ti\driverlib\lib\ticlang\m0p\mspm0g1x0x_g3x0x\</path>
         <kind>archive</kind>
         <file>driverlib.a</file>
         <name>dl_timer.o</name>
      </input_file>
      <input_file id="fl-20">
         <path>C:\ti\mspm0_sdk_2_09_00_01\source\ti\driverlib\lib\ticlang\m0p\mspm0g1x0x_g3x0x\</path>
         <kind>archive</kind>
         <file>driverlib.a</file>
         <name>dl_uart.o</name>
      </input_file>
      <input_file id="fl-37">
         <path>C:\ti\ccs2031\ccs\tools\compiler\ti-cgt-armllvm_4.0.4.LTS\lib\armv6m-ti-none-eabi\c\</path>
         <kind>archive</kind>
         <file>libc.a</file>
         <name>s_roundf.c.obj</name>
      </input_file>
      <input_file id="fl-38">
         <path>C:\ti\ccs2031\ccs\tools\compiler\ti-cgt-armllvm_4.0.4.LTS\lib\armv6m-ti-none-eabi\c\</path>
         <kind>archive</kind>
         <file>libc.a</file>
         <name>vsnprintf.c.obj</name>
      </input_file>
      <input_file id="fl-39">
         <path>C:\ti\ccs2031\ccs\tools\compiler\ti-cgt-armllvm_4.0.4.LTS\lib\armv6m-ti-none-eabi\c\</path>
         <kind>archive</kind>
         <file>libc.a</file>
         <name>fputc.c.obj</name>
      </input_file>
      <input_file id="fl-3a">
         <path>C:\ti\ccs2031\ccs\tools\compiler\ti-cgt-armllvm_4.0.4.LTS\lib\armv6m-ti-none-eabi\c\</path>
         <kind>archive</kind>
         <file>libc.a</file>
         <name>_io_perm.c.obj</name>
      </input_file>
      <input_file id="fl-3b">
         <path>C:\ti\ccs2031\ccs\tools\compiler\ti-cgt-armllvm_4.0.4.LTS\lib\armv6m-ti-none-eabi\c\</path>
         <kind>archive</kind>
         <file>libc.a</file>
         <name>setvbuf.c.obj</name>
      </input_file>
      <input_file id="fl-3c">
         <path>C:\ti\ccs2031\ccs\tools\compiler\ti-cgt-armllvm_4.0.4.LTS\lib\armv6m-ti-none-eabi\c\</path>
         <kind>archive</kind>
         <file>libc.a</file>
         <name>strcmp-armv6m.S.obj</name>
      </input_file>
      <input_file id="fl-3d">
         <path>C:\ti\ccs2031\ccs\tools\compiler\ti-cgt-armllvm_4.0.4.LTS\lib\armv6m-ti-none-eabi\c\</path>
         <kind>archive</kind>
         <file>libc.a</file>
         <name>exit.c.obj</name>
      </input_file>
      <input_file id="fl-3e">
         <path>C:\ti\ccs2031\ccs\tools\compiler\ti-cgt-armllvm_4.0.4.LTS\lib\armv6m-ti-none-eabi\c\</path>
         <kind>archive</kind>
         <file>libc.a</file>
         <name>_lock.c.obj</name>
      </input_file>
      <input_file id="fl-3f">
         <path>C:\ti\ccs2031\ccs\tools\compiler\ti-cgt-armllvm_4.0.4.LTS\lib\armv6m-ti-none-eabi\c\</path>
         <kind>archive</kind>
         <file>libc.a</file>
         <name>atoi.c.obj</name>
      </input_file>
      <input_file id="fl-40">
         <path>C:\ti\ccs2031\ccs\tools\compiler\ti-cgt-armllvm_4.0.4.LTS\lib\armv6m-ti-none-eabi\c\</path>
         <kind>archive</kind>
         <file>libc.a</file>
         <name>defs.c.obj</name>
      </input_file>
      <input_file id="fl-41">
         <path>C:\ti\ccs2031\ccs\tools\compiler\ti-cgt-armllvm_4.0.4.LTS\lib\armv6m-ti-none-eabi\c\</path>
         <kind>archive</kind>
         <file>libc.a</file>
         <name>memory.c.obj</name>
      </input_file>
      <input_file id="fl-42">
         <path>C:\ti\ccs2031\ccs\tools\compiler\ti-cgt-armllvm_4.0.4.LTS\lib\armv6m-ti-none-eabi\c\</path>
         <kind>archive</kind>
         <file>libc.a</file>
         <name>strcspn.c.obj</name>
      </input_file>
      <input_file id="fl-43">
         <path>C:\ti\ccs2031\ccs\tools\compiler\ti-cgt-armllvm_4.0.4.LTS\lib\armv6m-ti-none-eabi\c\</path>
         <kind>archive</kind>
         <file>libc.a</file>
         <name>strtok.c.obj</name>
      </input_file>
      <input_file id="fl-44">
         <path>C:\ti\ccs2031\ccs\tools\compiler\ti-cgt-armllvm_4.0.4.LTS\lib\armv6m-ti-none-eabi\c\</path>
         <kind>archive</kind>
         <file>libc.a</file>
         <name>strtol.c.obj</name>
      </input_file>
      <input_file id="fl-45">
         <path>C:\ti\ccs2031\ccs\tools\compiler\ti-cgt-armllvm_4.0.4.LTS\lib\armv6m-ti-none-eabi\c\</path>
         <kind>archive</kind>
         <file>libc.a</file>
         <name>strtoul.c.obj</name>
      </input_file>
      <input_file id="fl-46">
         <path>C:\ti\ccs2031\ccs\tools\compiler\ti-cgt-armllvm_4.0.4.LTS\lib\armv6m-ti-none-eabi\c\</path>
         <kind>archive</kind>
         <file>libc.a</file>
         <name>boot_cortex_m.c.obj</name>
      </input_file>
      <input_file id="fl-47">
         <path>C:\ti\ccs2031\ccs\tools\compiler\ti-cgt-armllvm_4.0.4.LTS\lib\armv6m-ti-none-eabi\c\</path>
         <kind>archive</kind>
         <file>libc.a</file>
         <name>mathacl_init.c.obj</name>
      </input_file>
      <input_file id="fl-48">
         <path>C:\ti\ccs2031\ccs\tools\compiler\ti-cgt-armllvm_4.0.4.LTS\lib\armv6m-ti-none-eabi\c\</path>
         <kind>archive</kind>
         <file>libc.a</file>
         <name>autoinit.c.obj</name>
      </input_file>
      <input_file id="fl-49">
         <path>C:\ti\ccs2031\ccs\tools\compiler\ti-cgt-armllvm_4.0.4.LTS\lib\armv6m-ti-none-eabi\c\</path>
         <kind>archive</kind>
         <file>libc.a</file>
         <name>pre_init.c.obj</name>
      </input_file>
      <input_file id="fl-4a">
         <path>C:\ti\ccs2031\ccs\tools\compiler\ti-cgt-armllvm_4.0.4.LTS\lib\armv6m-ti-none-eabi\c\</path>
         <kind>archive</kind>
         <file>libc.a</file>
         <name>cpy_tbl.c.obj</name>
      </input_file>
      <input_file id="fl-4b">
         <path>C:\ti\ccs2031\ccs\tools\compiler\ti-cgt-armllvm_4.0.4.LTS\lib\armv6m-ti-none-eabi\c\</path>
         <kind>archive</kind>
         <file>libc.a</file>
         <name>copy_zero_init.c.obj</name>
      </input_file>
      <input_file id="fl-4c">
         <path>C:\ti\ccs2031\ccs\tools\compiler\ti-cgt-armllvm_4.0.4.LTS\lib\armv6m-ti-none-eabi\c\</path>
         <kind>archive</kind>
         <file>libc.a</file>
         <name>copy_decompress_none.c.obj</name>
      </input_file>
      <input_file id="fl-4d">
         <path>C:\ti\ccs2031\ccs\tools\compiler\ti-cgt-armllvm_4.0.4.LTS\lib\armv6m-ti-none-eabi\c\</path>
         <kind>archive</kind>
         <file>libc.a</file>
         <name>copy_decompress_lzss.c.obj</name>
      </input_file>
      <input_file id="fl-4e">
         <path>C:\ti\ccs2031\ccs\tools\compiler\ti-cgt-armllvm_4.0.4.LTS\lib\armv6m-ti-none-eabi\c\</path>
         <kind>archive</kind>
         <file>libc.a</file>
         <name>s_floorf.c.obj</name>
      </input_file>
      <input_file id="fl-4f">
         <path>C:\ti\ccs2031\ccs\tools\compiler\ti-cgt-armllvm_4.0.4.LTS\lib\armv6m-ti-none-eabi\c\</path>
         <kind>archive</kind>
         <file>libc.a</file>
         <name>_printfi.c.obj</name>
      </input_file>
      <input_file id="fl-50">
         <path>C:\ti\ccs2031\ccs\tools\compiler\ti-cgt-armllvm_4.0.4.LTS\lib\armv6m-ti-none-eabi\c\</path>
         <kind>archive</kind>
         <file>libc.a</file>
         <name>fflush.c.obj</name>
      </input_file>
      <input_file id="fl-51">
         <path>C:\ti\ccs2031\ccs\tools\compiler\ti-cgt-armllvm_4.0.4.LTS\lib\armv6m-ti-none-eabi\c\</path>
         <kind>archive</kind>
         <file>libc.a</file>
         <name>fopen.c.obj</name>
      </input_file>
      <input_file id="fl-52">
         <path>C:\ti\ccs2031\ccs\tools\compiler\ti-cgt-armllvm_4.0.4.LTS\lib\armv6m-ti-none-eabi\c\</path>
         <kind>archive</kind>
         <file>libc.a</file>
         <name>fseek.c.obj</name>
      </input_file>
      <input_file id="fl-53">
         <path>C:\ti\ccs2031\ccs\tools\compiler\ti-cgt-armllvm_4.0.4.LTS\lib\armv6m-ti-none-eabi\c\</path>
         <kind>archive</kind>
         <file>libc.a</file>
         <name>aeabi_ctype.S.obj</name>
      </input_file>
      <input_file id="fl-54">
         <path>C:\ti\ccs2031\ccs\tools\compiler\ti-cgt-armllvm_4.0.4.LTS\lib\armv6m-ti-none-eabi\c\</path>
         <kind>archive</kind>
         <file>libc.a</file>
         <name>aeabi_portable.c.obj</name>
      </input_file>
      <input_file id="fl-55">
         <path>C:\ti\ccs2031\ccs\tools\compiler\ti-cgt-armllvm_4.0.4.LTS\lib\armv6m-ti-none-eabi\c\</path>
         <kind>archive</kind>
         <file>libc.a</file>
         <name>_ltoa.c.obj</name>
      </input_file>
      <input_file id="fl-56">
         <path>C:\ti\ccs2031\ccs\tools\compiler\ti-cgt-armllvm_4.0.4.LTS\lib\armv6m-ti-none-eabi\c\</path>
         <kind>archive</kind>
         <file>libc.a</file>
         <name>args_main.c.obj</name>
      </input_file>
      <input_file id="fl-57">
         <path>C:\ti\ccs2031\ccs\tools\compiler\ti-cgt-armllvm_4.0.4.LTS\lib\armv6m-ti-none-eabi\c\</path>
         <kind>archive</kind>
         <file>libc.a</file>
         <name>assert.c.obj</name>
      </input_file>
      <input_file id="fl-58">
         <path>C:\ti\ccs2031\ccs\tools\compiler\ti-cgt-armllvm_4.0.4.LTS\lib\armv6m-ti-none-eabi\c\</path>
         <kind>archive</kind>
         <file>libc.a</file>
         <name>memccpy.c.obj</name>
      </input_file>
      <input_file id="fl-59">
         <path>C:\ti\ccs2031\ccs\tools\compiler\ti-cgt-armllvm_4.0.4.LTS\lib\armv6m-ti-none-eabi\c\</path>
         <kind>archive</kind>
         <file>libc.a</file>
         <name>strspn.c.obj</name>
      </input_file>
      <input_file id="fl-5a">
         <path>C:\ti\ccs2031\ccs\tools\compiler\ti-cgt-armllvm_4.0.4.LTS\lib\armv6m-ti-none-eabi\c\</path>
         <kind>archive</kind>
         <file>libc.a</file>
         <name>s_frexp.c.obj</name>
      </input_file>
      <input_file id="fl-5b">
         <path>C:\ti\ccs2031\ccs\tools\compiler\ti-cgt-armllvm_4.0.4.LTS\lib\armv6m-ti-none-eabi\c\</path>
         <kind>archive</kind>
         <file>libc.a</file>
         <name>s_scalbn.c.obj</name>
      </input_file>
      <input_file id="fl-5c">
         <path>C:\ti\ccs2031\ccs\tools\compiler\ti-cgt-armllvm_4.0.4.LTS\lib\armv6m-ti-none-eabi\c\</path>
         <kind>archive</kind>
         <file>libc.a</file>
         <name>wcslen.c.obj</name>
      </input_file>
      <input_file id="fl-5d">
         <path>C:\ti\ccs2031\ccs\tools\compiler\ti-cgt-armllvm_4.0.4.LTS\lib\armv6m-ti-none-eabi\c\</path>
         <kind>archive</kind>
         <file>libc.a</file>
         <name>sprintf.c.obj</name>
      </input_file>
      <input_file id="fl-5e">
         <path>C:\ti\ccs2031\ccs\tools\compiler\ti-cgt-armllvm_4.0.4.LTS\lib\armv6m-ti-none-eabi\c\</path>
         <kind>archive</kind>
         <file>libc.a</file>
         <name>fclose.c.obj</name>
      </input_file>
      <input_file id="fl-5f">
         <path>C:\ti\ccs2031\ccs\tools\compiler\ti-cgt-armllvm_4.0.4.LTS\lib\armv6m-ti-none-eabi\c\</path>
         <kind>archive</kind>
         <file>libc.a</file>
         <name>fputs.c.obj</name>
      </input_file>
      <input_file id="fl-ff">
         <path>C:\ti\ccs2031\ccs\tools\compiler\ti-cgt-armllvm_4.0.4.LTS\lib\armv6m-ti-none-eabi\c\</path>
         <kind>archive</kind>
         <file>libsysbm.a</file>
         <name>hostexit.c.obj</name>
      </input_file>
      <input_file id="fl-100">
         <path>C:\ti\ccs2031\ccs\tools\compiler\ti-cgt-armllvm_4.0.4.LTS\lib\armv6m-ti-none-eabi\c\</path>
         <kind>archive</kind>
         <file>libsysbm.a</file>
         <name>write.c.obj</name>
      </input_file>
      <input_file id="fl-101">
         <path>C:\ti\ccs2031\ccs\tools\compiler\ti-cgt-armllvm_4.0.4.LTS\lib\armv6m-ti-none-eabi\c\</path>
         <kind>archive</kind>
         <file>libsysbm.a</file>
         <name>host_device.c.obj</name>
      </input_file>
      <input_file id="fl-102">
         <path>C:\ti\ccs2031\ccs\tools\compiler\ti-cgt-armllvm_4.0.4.LTS\lib\armv6m-ti-none-eabi\c\</path>
         <kind>archive</kind>
         <file>libsysbm.a</file>
         <name>remove.c.obj</name>
      </input_file>
      <input_file id="fl-103">
         <path>C:\ti\ccs2031\ccs\tools\compiler\ti-cgt-armllvm_4.0.4.LTS\lib\armv6m-ti-none-eabi\c\</path>
         <kind>archive</kind>
         <file>libsysbm.a</file>
         <name>open.c.obj</name>
      </input_file>
      <input_file id="fl-104">
         <path>C:\ti\ccs2031\ccs\tools\compiler\ti-cgt-armllvm_4.0.4.LTS\lib\armv6m-ti-none-eabi\c\</path>
         <kind>archive</kind>
         <file>libsysbm.a</file>
         <name>lseek.c.obj</name>
      </input_file>
      <input_file id="fl-105">
         <path>C:\ti\ccs2031\ccs\tools\compiler\ti-cgt-armllvm_4.0.4.LTS\lib\armv6m-ti-none-eabi\c\</path>
         <kind>archive</kind>
         <file>libsysbm.a</file>
         <name>close.c.obj</name>
      </input_file>
      <input_file id="fl-106">
         <path>C:\ti\ccs2031\ccs\tools\compiler\ti-cgt-armllvm_4.0.4.LTS\lib\armv6m-ti-none-eabi\c\</path>
         <kind>archive</kind>
         <file>libsysbm.a</file>
         <name>unlink.c.obj</name>
      </input_file>
      <input_file id="fl-107">
         <path>C:\ti\ccs2031\ccs\tools\compiler\ti-cgt-armllvm_4.0.4.LTS\lib\armv6m-ti-none-eabi\c\</path>
         <kind>archive</kind>
         <file>libsysbm.a</file>
         <name>hostclose.c.obj</name>
      </input_file>
      <input_file id="fl-108">
         <path>C:\ti\ccs2031\ccs\tools\compiler\ti-cgt-armllvm_4.0.4.LTS\lib\armv6m-ti-none-eabi\c\</path>
         <kind>archive</kind>
         <file>libsysbm.a</file>
         <name>hostlseek.c.obj</name>
      </input_file>
      <input_file id="fl-109">
         <path>C:\ti\ccs2031\ccs\tools\compiler\ti-cgt-armllvm_4.0.4.LTS\lib\armv6m-ti-none-eabi\c\</path>
         <kind>archive</kind>
         <file>libsysbm.a</file>
         <name>hostopen.c.obj</name>
      </input_file>
      <input_file id="fl-10a">
         <path>C:\ti\ccs2031\ccs\tools\compiler\ti-cgt-armllvm_4.0.4.LTS\lib\armv6m-ti-none-eabi\c\</path>
         <kind>archive</kind>
         <file>libsysbm.a</file>
         <name>hostread.c.obj</name>
      </input_file>
      <input_file id="fl-10b">
         <path>C:\ti\ccs2031\ccs\tools\compiler\ti-cgt-armllvm_4.0.4.LTS\lib\armv6m-ti-none-eabi\c\</path>
         <kind>archive</kind>
         <file>libsysbm.a</file>
         <name>hostrename.c.obj</name>
      </input_file>
      <input_file id="fl-10c">
         <path>C:\ti\ccs2031\ccs\tools\compiler\ti-cgt-armllvm_4.0.4.LTS\lib\armv6m-ti-none-eabi\c\</path>
         <kind>archive</kind>
         <file>libsysbm.a</file>
         <name>hostunlink.c.obj</name>
      </input_file>
      <input_file id="fl-10d">
         <path>C:\ti\ccs2031\ccs\tools\compiler\ti-cgt-armllvm_4.0.4.LTS\lib\armv6m-ti-none-eabi\c\</path>
         <kind>archive</kind>
         <file>libsysbm.a</file>
         <name>hostwrite.c.obj</name>
      </input_file>
      <input_file id="fl-10e">
         <path>C:\ti\ccs2031\ccs\tools\compiler\ti-cgt-armllvm_4.0.4.LTS\lib\armv6m-ti-none-eabi\c\</path>
         <kind>archive</kind>
         <file>libsysbm.a</file>
         <name>trgmsg.c.obj</name>
      </input_file>
      <input_file id="fl-10f">
         <path>C:\ti\ccs2031\ccs\tools\compiler\ti-cgt-armllvm_4.0.4.LTS\lib\armv6m-ti-none-eabi\</path>
         <kind>archive</kind>
         <file>libclang_rt.builtins.a</file>
         <name>addsf3.S.obj</name>
      </input_file>
      <input_file id="fl-110">
         <path>C:\ti\ccs2031\ccs\tools\compiler\ti-cgt-armllvm_4.0.4.LTS\lib\armv6m-ti-none-eabi\</path>
         <kind>archive</kind>
         <file>libclang_rt.builtins.a</file>
         <name>adddf3.S.obj</name>
      </input_file>
      <input_file id="fl-111">
         <path>C:\ti\ccs2031\ccs\tools\compiler\ti-cgt-armllvm_4.0.4.LTS\lib\armv6m-ti-none-eabi\</path>
         <kind>archive</kind>
         <file>libclang_rt.builtins.a</file>
         <name>muldf3.S.obj</name>
      </input_file>
      <input_file id="fl-112">
         <path>C:\ti\ccs2031\ccs\tools\compiler\ti-cgt-armllvm_4.0.4.LTS\lib\armv6m-ti-none-eabi\</path>
         <kind>archive</kind>
         <file>libclang_rt.builtins.a</file>
         <name>muldsi3.S.obj</name>
      </input_file>
      <input_file id="fl-113">
         <path>C:\ti\ccs2031\ccs\tools\compiler\ti-cgt-armllvm_4.0.4.LTS\lib\armv6m-ti-none-eabi\</path>
         <kind>archive</kind>
         <file>libclang_rt.builtins.a</file>
         <name>mulsf3.S.obj</name>
      </input_file>
      <input_file id="fl-114">
         <path>C:\ti\ccs2031\ccs\tools\compiler\ti-cgt-armllvm_4.0.4.LTS\lib\armv6m-ti-none-eabi\</path>
         <kind>archive</kind>
         <file>libclang_rt.builtins.a</file>
         <name>divdf3.S.obj</name>
      </input_file>
      <input_file id="fl-115">
         <path>C:\ti\ccs2031\ccs\tools\compiler\ti-cgt-armllvm_4.0.4.LTS\lib\armv6m-ti-none-eabi\</path>
         <kind>archive</kind>
         <file>libclang_rt.builtins.a</file>
         <name>fixdfsi.S.obj</name>
      </input_file>
      <input_file id="fl-116">
         <path>C:\ti\ccs2031\ccs\tools\compiler\ti-cgt-armllvm_4.0.4.LTS\lib\armv6m-ti-none-eabi\</path>
         <kind>archive</kind>
         <file>libclang_rt.builtins.a</file>
         <name>fixsfsi.S.obj</name>
      </input_file>
      <input_file id="fl-117">
         <path>C:\ti\ccs2031\ccs\tools\compiler\ti-cgt-armllvm_4.0.4.LTS\lib\armv6m-ti-none-eabi\</path>
         <kind>archive</kind>
         <file>libclang_rt.builtins.a</file>
         <name>floatsidf.S.obj</name>
      </input_file>
      <input_file id="fl-118">
         <path>C:\ti\ccs2031\ccs\tools\compiler\ti-cgt-armllvm_4.0.4.LTS\lib\armv6m-ti-none-eabi\</path>
         <kind>archive</kind>
         <file>libclang_rt.builtins.a</file>
         <name>floatunsisf.S.obj</name>
      </input_file>
      <input_file id="fl-119">
         <path>C:\ti\ccs2031\ccs\tools\compiler\ti-cgt-armllvm_4.0.4.LTS\lib\armv6m-ti-none-eabi\</path>
         <kind>archive</kind>
         <file>libclang_rt.builtins.a</file>
         <name>muldi3.S.obj</name>
      </input_file>
      <input_file id="fl-11a">
         <path>C:\ti\ccs2031\ccs\tools\compiler\ti-cgt-armllvm_4.0.4.LTS\lib\armv6m-ti-none-eabi\</path>
         <kind>archive</kind>
         <file>libclang_rt.builtins.a</file>
         <name>aeabi_dcmp.S.obj</name>
      </input_file>
      <input_file id="fl-11b">
         <path>C:\ti\ccs2031\ccs\tools\compiler\ti-cgt-armllvm_4.0.4.LTS\lib\armv6m-ti-none-eabi\</path>
         <kind>archive</kind>
         <file>libclang_rt.builtins.a</file>
         <name>aeabi_fcmp.S.obj</name>
      </input_file>
      <input_file id="fl-11c">
         <path>C:\ti\ccs2031\ccs\tools\compiler\ti-cgt-armllvm_4.0.4.LTS\lib\armv6m-ti-none-eabi\</path>
         <kind>archive</kind>
         <file>libclang_rt.builtins.a</file>
         <name>aeabi_idivmod.S.obj</name>
      </input_file>
      <input_file id="fl-11d">
         <path>C:\ti\ccs2031\ccs\tools\compiler\ti-cgt-armllvm_4.0.4.LTS\lib\armv6m-ti-none-eabi\</path>
         <kind>archive</kind>
         <file>libclang_rt.builtins.a</file>
         <name>aeabi_memcpy.S.obj</name>
      </input_file>
      <input_file id="fl-11e">
         <path>C:\ti\ccs2031\ccs\tools\compiler\ti-cgt-armllvm_4.0.4.LTS\lib\armv6m-ti-none-eabi\</path>
         <kind>archive</kind>
         <file>libclang_rt.builtins.a</file>
         <name>aeabi_memset.S.obj</name>
      </input_file>
      <input_file id="fl-11f">
         <path>C:\ti\ccs2031\ccs\tools\compiler\ti-cgt-armllvm_4.0.4.LTS\lib\armv6m-ti-none-eabi\</path>
         <kind>archive</kind>
         <file>libclang_rt.builtins.a</file>
         <name>aeabi_uidivmod.S.obj</name>
      </input_file>
      <input_file id="fl-120">
         <path>C:\ti\ccs2031\ccs\tools\compiler\ti-cgt-armllvm_4.0.4.LTS\lib\armv6m-ti-none-eabi\</path>
         <kind>archive</kind>
         <file>libclang_rt.builtins.a</file>
         <name>aeabi_uldivmod.S.obj</name>
      </input_file>
      <input_file id="fl-121">
         <path>C:\ti\ccs2031\ccs\tools\compiler\ti-cgt-armllvm_4.0.4.LTS\lib\armv6m-ti-none-eabi\</path>
         <kind>archive</kind>
         <file>libclang_rt.builtins.a</file>
         <name>comparesf2.S.obj</name>
      </input_file>
      <input_file id="fl-122">
         <path>C:\ti\ccs2031\ccs\tools\compiler\ti-cgt-armllvm_4.0.4.LTS\lib\armv6m-ti-none-eabi\</path>
         <kind>archive</kind>
         <file>libclang_rt.builtins.a</file>
         <name>udivmoddi4.S.obj</name>
      </input_file>
      <input_file id="fl-123">
         <path>C:\ti\ccs2031\ccs\tools\compiler\ti-cgt-armllvm_4.0.4.LTS\lib\armv6m-ti-none-eabi\</path>
         <kind>archive</kind>
         <file>libclang_rt.builtins.a</file>
         <name>ashldi3.S.obj</name>
      </input_file>
      <input_file id="fl-124">
         <path>C:\ti\ccs2031\ccs\tools\compiler\ti-cgt-armllvm_4.0.4.LTS\lib\armv6m-ti-none-eabi\</path>
         <kind>archive</kind>
         <file>libclang_rt.builtins.a</file>
         <name>comparedf2.c.obj</name>
      </input_file>
      <input_file id="fl-125">
         <path>C:\ti\ccs2031\ccs\tools\compiler\ti-cgt-armllvm_4.0.4.LTS\lib\armv6m-ti-none-eabi\</path>
         <kind>archive</kind>
         <file>libclang_rt.builtins.a</file>
         <name>aeabi_div0.c.obj</name>
      </input_file>
      <input_file id="fl-126">
         <path>C:\ti\ccs2031\ccs\tools\compiler\ti-cgt-armllvm_4.0.4.LTS\lib\armv6m-ti-none-eabi\c\</path>
         <kind>archive</kind>
         <file>libc.a</file>
         <name>getdevice.c.obj</name>
      </input_file>
      <input_file id="fl-127">
         <path>C:\ti\ccs2031\ccs\tools\compiler\ti-cgt-armllvm_4.0.4.LTS\lib\armv6m-ti-none-eabi\c\</path>
         <kind>archive</kind>
         <file>libc.a</file>
         <name>memcpy16.S.obj</name>
      </input_file>
      <input_file id="fl-128">
         <path>C:\ti\ccs2031\ccs\tools\compiler\ti-cgt-armllvm_4.0.4.LTS\lib\armv6m-ti-none-eabi\c\</path>
         <kind>archive</kind>
         <file>libc.a</file>
         <name>memset16.S.obj</name>
      </input_file>
   </input_file_list>
   <object_component_list>
      <object_component id="oc-18">
         <name>.intvecs</name>
         <load_address>0x0</load_address>
         <readonly>true</readonly>
         <run_address>0x0</run_address>
         <size>0xc0</size>
         <alignment>0x4</alignment>
         <input_file_ref idref="fl-3"/>
      </object_component>
      <object_component id="oc-3a8">
         <name>.text:__TI_printfi</name>
         <load_address>0xc0</load_address>
         <readonly>true</readonly>
         <executable>true</executable>
         <run_address>0xc0</run_address>
         <size>0x9d0</size>
         <alignment>0x4</alignment>
         <input_file_ref idref="fl-4f"/>
      </object_component>
      <object_component id="oc-163">
         <name>.text.cmd_gauge</name>
         <load_address>0xa90</load_address>
         <readonly>true</readonly>
         <executable>true</executable>
         <run_address>0xa90</run_address>
         <size>0x7ac</size>
         <alignment>0x4</alignment>
         <input_file_ref idref="fl-4"/>
      </object_component>
      <object_component id="oc-166">
         <name>.text.cmd_fram</name>
         <load_address>0x123c</load_address>
         <readonly>true</readonly>
         <executable>true</executable>
         <run_address>0x123c</run_address>
         <size>0x580</size>
         <alignment>0x4</alignment>
         <input_file_ref idref="fl-4"/>
      </object_component>
      <object_component id="oc-15d">
         <name>.text.cmd_bq</name>
         <load_address>0x17bc</load_address>
         <readonly>true</readonly>
         <executable>true</executable>
         <run_address>0x17bc</run_address>
         <size>0x3e4</size>
         <alignment>0x4</alignment>
         <input_file_ref idref="fl-4"/>
      </object_component>
      <object_component id="oc-8d">
         <name>.text.main</name>
         <load_address>0x1ba0</load_address>
         <readonly>true</readonly>
         <executable>true</executable>
         <run_address>0x1ba0</run_address>
         <size>0x390</size>
         <alignment>0x4</alignment>
         <input_file_ref idref="fl-5"/>
      </object_component>
      <object_component id="oc-bf">
         <name>.text.CLI_ProcessInput</name>
         <load_address>0x1f30</load_address>
         <readonly>true</readonly>
         <executable>true</executable>
         <run_address>0x1f30</run_address>
         <size>0x344</size>
         <alignment>0x4</alignment>
         <input_file_ref idref="fl-9"/>
      </object_component>
      <object_component id="oc-3d5">
         <name>.text._pconv_a</name>
         <load_address>0x2274</load_address>
         <readonly>true</readonly>
         <executable>true</executable>
         <run_address>0x2274</run_address>
         <size>0x220</size>
         <alignment>0x4</alignment>
         <input_file_ref idref="fl-4f"/>
      </object_component>
      <object_component id="oc-3da">
         <name>.text._pconv_g</name>
         <load_address>0x2494</load_address>
         <readonly>true</readonly>
         <executable>true</executable>
         <run_address>0x2494</run_address>
         <size>0x1dc</size>
         <alignment>0x4</alignment>
         <input_file_ref idref="fl-4f"/>
      </object_component>
      <object_component id="oc-18e">
         <name>.text.I2C_ReadDevice</name>
         <load_address>0x2670</load_address>
         <readonly>true</readonly>
         <executable>true</executable>
         <run_address>0x2670</run_address>
         <size>0x1d4</size>
         <alignment>0x4</alignment>
         <input_file_ref idref="fl-6"/>
      </object_component>
      <object_component id="oc-157">
         <name>.text.cmd_i2cscan</name>
         <load_address>0x2844</load_address>
         <readonly>true</readonly>
         <executable>true</executable>
         <run_address>0x2844</run_address>
         <size>0x1c0</size>
         <alignment>0x4</alignment>
         <input_file_ref idref="fl-4"/>
      </object_component>
      <object_component id="oc-413">
         <name>.text.adddf3_subdf3</name>
         <load_address>0x2a04</load_address>
         <readonly>true</readonly>
         <executable>true</executable>
         <run_address>0x2a04</run_address>
         <size>0x192</size>
         <alignment>0x4</alignment>
         <input_file_ref idref="fl-110"/>
      </object_component>
      <object_component id="oc-33">
         <name>.text.Default_Handler</name>
         <load_address>0x2b96</load_address>
         <readonly>true</readonly>
         <executable>true</executable>
         <run_address>0x2b96</run_address>
         <size>0x2</size>
         <alignment>0x2</alignment>
         <input_file_ref idref="fl-3"/>
      </object_component>
      <object_component id="oc-160">
         <name>.text.cmd_spi</name>
         <load_address>0x2b98</load_address>
         <readonly>true</readonly>
         <executable>true</executable>
         <run_address>0x2b98</run_address>
         <size>0x16c</size>
         <alignment>0x4</alignment>
         <input_file_ref idref="fl-4"/>
      </object_component>
      <object_component id="oc-222">
         <name>.text.strtol</name>
         <load_address>0x2d04</load_address>
         <readonly>true</readonly>
         <executable>true</executable>
         <run_address>0x2d04</run_address>
         <size>0x144</size>
         <alignment>0x4</alignment>
         <input_file_ref idref="fl-44"/>
      </object_component>
      <object_component id="oc-138">
         <name>.text.SYSCFG_DL_GPIO_init</name>
         <load_address>0x2e48</load_address>
         <readonly>true</readonly>
         <executable>true</executable>
         <run_address>0x2e48</run_address>
         <size>0x13c</size>
         <alignment>0x4</alignment>
         <input_file_ref idref="fl-2"/>
      </object_component>
      <object_component id="oc-417">
         <name>.text.fcvt</name>
         <load_address>0x2f84</load_address>
         <readonly>true</readonly>
         <executable>true</executable>
         <run_address>0x2f84</run_address>
         <size>0x13c</size>
         <alignment>0x4</alignment>
         <input_file_ref idref="fl-4f"/>
      </object_component>
      <object_component id="oc-380">
         <name>.text.I2C_WriteDevice</name>
         <load_address>0x30c0</load_address>
         <readonly>true</readonly>
         <executable>true</executable>
         <run_address>0x30c0</run_address>
         <size>0x138</size>
         <alignment>0x4</alignment>
         <input_file_ref idref="fl-6"/>
      </object_component>
      <object_component id="oc-2ef">
         <name>.text.MB85RS_Write</name>
         <load_address>0x31f8</load_address>
         <readonly>true</readonly>
         <executable>true</executable>
         <run_address>0x31f8</run_address>
         <size>0x138</size>
         <alignment>0x4</alignment>
         <input_file_ref idref="fl-d"/>
      </object_component>
      <object_component id="oc-169">
         <name>.text.cmd_leds</name>
         <load_address>0x3330</load_address>
         <readonly>true</readonly>
         <executable>true</executable>
         <run_address>0x3330</run_address>
         <size>0x124</size>
         <alignment>0x4</alignment>
         <input_file_ref idref="fl-4"/>
      </object_component>
      <object_component id="oc-3dc">
         <name>.text._pconv_e</name>
         <load_address>0x3454</load_address>
         <readonly>true</readonly>
         <executable>true</executable>
         <run_address>0x3454</run_address>
         <size>0x120</size>
         <alignment>0x4</alignment>
         <input_file_ref idref="fl-4f"/>
      </object_component>
      <object_component id="oc-2a9">
         <name>.text.BQ27Z746_SetUTFET_Direct</name>
         <load_address>0x3574</load_address>
         <readonly>true</readonly>
         <executable>true</executable>
         <run_address>0x3574</run_address>
         <size>0x110</size>
         <alignment>0x4</alignment>
         <input_file_ref idref="fl-b"/>
      </object_component>
      <object_component id="oc-388">
         <name>.text.BQ27Z746_SetTempSensorConfig</name>
         <load_address>0x3684</load_address>
         <readonly>true</readonly>
         <executable>true</executable>
         <run_address>0x3684</run_address>
         <size>0x10c</size>
         <alignment>0x4</alignment>
         <input_file_ref idref="fl-b"/>
      </object_component>
      <object_component id="oc-2ec">
         <name>.text.SPI_Memory_Wait</name>
         <load_address>0x3790</load_address>
         <readonly>true</readonly>
         <executable>true</executable>
         <run_address>0x3790</run_address>
         <size>0x10c</size>
         <alignment>0x4</alignment>
         <input_file_ref idref="fl-8"/>
      </object_component>
      <object_component id="oc-40f">
         <name>.text.__divdf3</name>
         <load_address>0x389c</load_address>
         <readonly>true</readonly>
         <executable>true</executable>
         <run_address>0x389c</run_address>
         <size>0x10c</size>
         <alignment>0x4</alignment>
         <input_file_ref idref="fl-114"/>
      </object_component>
      <object_component id="oc-1d9">
         <name>.text.DL_Timer_initFourCCPWMMode</name>
         <load_address>0x39a8</load_address>
         <readonly>true</readonly>
         <executable>true</executable>
         <run_address>0x39a8</run_address>
         <size>0x104</size>
         <alignment>0x4</alignment>
         <input_file_ref idref="fl-1f"/>
      </object_component>
      <object_component id="oc-2ab">
         <name>.text.BQ27Z746_GetSecurityMode</name>
         <load_address>0x3aac</load_address>
         <readonly>true</readonly>
         <executable>true</executable>
         <run_address>0x3aac</run_address>
         <size>0x100</size>
         <alignment>0x2</alignment>
         <input_file_ref idref="fl-b"/>
      </object_component>
      <object_component id="oc-d1">
         <name>.text.BQ27Z746_UpdateTelemetry</name>
         <load_address>0x3bac</load_address>
         <readonly>true</readonly>
         <executable>true</executable>
         <run_address>0x3bac</run_address>
         <size>0x100</size>
         <alignment>0x4</alignment>
         <input_file_ref idref="fl-b"/>
      </object_component>
      <object_component id="oc-c5">
         <name>.text.BQ25628E_UpdateTelemetry</name>
         <load_address>0x3cac</load_address>
         <readonly>true</readonly>
         <executable>true</executable>
         <run_address>0x3cac</run_address>
         <size>0xfc</size>
         <alignment>0x4</alignment>
         <input_file_ref idref="fl-a"/>
      </object_component>
      <object_component id="oc-1e1">
         <name>.text.DL_Timer_initTimerMode</name>
         <load_address>0x3da8</load_address>
         <readonly>true</readonly>
         <executable>true</executable>
         <run_address>0x3da8</run_address>
         <size>0xfc</size>
         <alignment>0x4</alignment>
         <input_file_ref idref="fl-1f"/>
      </object_component>
      <object_component id="oc-226">
         <name>.text.BQ25628E_Init_Default</name>
         <load_address>0x3ea4</load_address>
         <readonly>true</readonly>
         <executable>true</executable>
         <run_address>0x3ea4</run_address>
         <size>0xf0</size>
         <alignment>0x4</alignment>
         <input_file_ref idref="fl-a"/>
      </object_component>
      <object_component id="oc-14f">
         <name>.text.cmd_pwr</name>
         <load_address>0x3f94</load_address>
         <readonly>true</readonly>
         <executable>true</executable>
         <run_address>0x3f94</run_address>
         <size>0xf0</size>
         <alignment>0x4</alignment>
         <input_file_ref idref="fl-4"/>
      </object_component>
      <object_component id="oc-2a5">
         <name>.text.BQ27Z746_GetChargingStatus</name>
         <load_address>0x4084</load_address>
         <readonly>true</readonly>
         <executable>true</executable>
         <run_address>0x4084</run_address>
         <size>0xec</size>
         <alignment>0x2</alignment>
         <input_file_ref idref="fl-b"/>
      </object_component>
      <object_component id="oc-210">
         <name>.text.I2C_TryAddress</name>
         <load_address>0x4170</load_address>
         <readonly>true</readonly>
         <executable>true</executable>
         <run_address>0x4170</run_address>
         <size>0xe4</size>
         <alignment>0x4</alignment>
         <input_file_ref idref="fl-6"/>
      </object_component>
      <object_component id="oc-3ff">
         <name>.text.__muldf3</name>
         <load_address>0x4254</load_address>
         <readonly>true</readonly>
         <executable>true</executable>
         <run_address>0x4254</run_address>
         <size>0xe4</size>
         <alignment>0x4</alignment>
         <input_file_ref idref="fl-111"/>
      </object_component>
      <object_component id="oc-ba">
         <name>.text.setupCLI</name>
         <load_address>0x4338</load_address>
         <readonly>true</readonly>
         <executable>true</executable>
         <run_address>0x4338</run_address>
         <size>0xe0</size>
         <alignment>0x4</alignment>
         <input_file_ref idref="fl-5"/>
      </object_component>
      <object_component id="oc-276">
         <name>.text.BQ27Z746_GetDeviceType</name>
         <load_address>0x4418</load_address>
         <readonly>true</readonly>
         <executable>true</executable>
         <run_address>0x4418</run_address>
         <size>0xde</size>
         <alignment>0x2</alignment>
         <input_file_ref idref="fl-b"/>
      </object_component>
      <object_component id="oc-279">
         <name>.text.BQ27Z746_GetChemID</name>
         <load_address>0x44f6</load_address>
         <readonly>true</readonly>
         <executable>true</executable>
         <run_address>0x44f6</run_address>
         <size>0xdc</size>
         <alignment>0x2</alignment>
         <input_file_ref idref="fl-b"/>
      </object_component>
      <object_component id="oc-2a4">
         <name>.text.BQ27Z746_GetOperationStatus</name>
         <load_address>0x45d2</load_address>
         <readonly>true</readonly>
         <executable>true</executable>
         <run_address>0x45d2</run_address>
         <size>0xdc</size>
         <alignment>0x2</alignment>
         <input_file_ref idref="fl-b"/>
      </object_component>
      <object_component id="oc-2a6">
         <name>.text.BQ27Z746_GetSafetyStatus</name>
         <load_address>0x46ae</load_address>
         <readonly>true</readonly>
         <executable>true</executable>
         <run_address>0x46ae</run_address>
         <size>0xdc</size>
         <alignment>0x2</alignment>
         <input_file_ref idref="fl-b"/>
      </object_component>
      <object_component id="oc-268">
         <name>.text.BQ27Z746_GetFirmwareVersion</name>
         <load_address>0x478a</load_address>
         <readonly>true</readonly>
         <executable>true</executable>
         <run_address>0x478a</run_address>
         <size>0xd8</size>
         <alignment>0x2</alignment>
         <input_file_ref idref="fl-b"/>
      </object_component>
      <object_component id="oc-278">
         <name>.text.BQ27Z746_MAC_Read</name>
         <load_address>0x4862</load_address>
         <readonly>true</readonly>
         <executable>true</executable>
         <run_address>0x4862</run_address>
         <size>0xd8</size>
         <alignment>0x2</alignment>
         <input_file_ref idref="fl-b"/>
      </object_component>
      <object_component id="oc-381">
         <name>.text.__aeabi_idiv0</name>
         <load_address>0x493a</load_address>
         <readonly>true</readonly>
         <executable>true</executable>
         <run_address>0x493a</run_address>
         <size>0x2</size>
         <alignment>0x2</alignment>
         <input_file_ref idref="fl-125"/>
      </object_component>
      <object_component id="oc-3ee">
         <name>.text.scalbn</name>
         <load_address>0x493c</load_address>
         <readonly>true</readonly>
         <executable>true</executable>
         <run_address>0x493c</run_address>
         <size>0xd8</size>
         <alignment>0x4</alignment>
         <input_file_ref idref="fl-5b"/>
      </object_component>
      <object_component id="oc-349">
         <name>.text</name>
         <load_address>0x4a14</load_address>
         <readonly>true</readonly>
         <executable>true</executable>
         <run_address>0x4a14</run_address>
         <size>0xd8</size>
         <alignment>0x4</alignment>
         <input_file_ref idref="fl-10f"/>
      </object_component>
      <object_component id="oc-15a">
         <name>.text.cmd_hall</name>
         <load_address>0x4aec</load_address>
         <readonly>true</readonly>
         <executable>true</executable>
         <run_address>0x4aec</run_address>
         <size>0xd0</size>
         <alignment>0x4</alignment>
         <input_file_ref idref="fl-4"/>
      </object_component>
      <object_component id="oc-310">
         <name>.text.LED_control_init</name>
         <load_address>0x4bbc</load_address>
         <readonly>true</readonly>
         <executable>true</executable>
         <run_address>0x4bbc</run_address>
         <size>0xcc</size>
         <alignment>0x4</alignment>
         <input_file_ref idref="fl-1"/>
      </object_component>
      <object_component id="oc-31a">
         <name>.text.LED_set_current</name>
         <load_address>0x4c88</load_address>
         <readonly>true</readonly>
         <executable>true</executable>
         <run_address>0x4c88</run_address>
         <size>0xbc</size>
         <alignment>0x4</alignment>
         <input_file_ref idref="fl-1"/>
      </object_component>
      <object_component id="oc-7c">
         <name>.text.Shared_I2C_IRQHandler</name>
         <load_address>0x4d44</load_address>
         <readonly>true</readonly>
         <executable>true</executable>
         <run_address>0x4d44</run_address>
         <size>0xbc</size>
         <alignment>0x4</alignment>
         <input_file_ref idref="fl-6"/>
      </object_component>
      <object_component id="oc-2f0">
         <name>.text.MB85RS_Read</name>
         <load_address>0x4e00</load_address>
         <readonly>true</readonly>
         <executable>true</executable>
         <run_address>0x4e00</run_address>
         <size>0xb8</size>
         <alignment>0x4</alignment>
         <input_file_ref idref="fl-d"/>
      </object_component>
      <object_component id="oc-317">
         <name>.text.LED_set_voltage</name>
         <load_address>0x4eb8</load_address>
         <readonly>true</readonly>
         <executable>true</executable>
         <run_address>0x4eb8</run_address>
         <size>0xb4</size>
         <alignment>0x4</alignment>
         <input_file_ref idref="fl-1"/>
      </object_component>
      <object_component id="oc-73">
         <name>.text.UARTReceive</name>
         <load_address>0x4f6c</load_address>
         <readonly>true</readonly>
         <executable>true</executable>
         <run_address>0x4f6c</run_address>
         <size>0xac</size>
         <alignment>0x4</alignment>
         <input_file_ref idref="fl-9"/>
      </object_component>
      <object_component id="oc-3e5">
         <name>.text</name>
         <load_address>0x5018</load_address>
         <readonly>true</readonly>
         <executable>true</executable>
         <run_address>0x5018</run_address>
         <size>0xa2</size>
         <alignment>0x4</alignment>
         <input_file_ref idref="fl-122"/>
      </object_component>
      <object_component id="oc-af">
         <name>.text:memcpy</name>
         <load_address>0x50ba</load_address>
         <readonly>true</readonly>
         <executable>true</executable>
         <run_address>0x50ba</run_address>
         <size>0x9a</size>
         <alignment>0x1</alignment>
         <input_file_ref idref="fl-127"/>
      </object_component>
      <object_component id="oc-136">
         <name>.text.SYSCFG_DL_initPower</name>
         <load_address>0x5154</load_address>
         <readonly>true</readonly>
         <executable>true</executable>
         <run_address>0x5154</run_address>
         <size>0x94</size>
         <alignment>0x4</alignment>
         <input_file_ref idref="fl-2"/>
      </object_component>
      <object_component id="oc-2eb">
         <name>.text.SPI_Memory_Arm</name>
         <load_address>0x51e8</load_address>
         <readonly>true</readonly>
         <executable>true</executable>
         <run_address>0x51e8</run_address>
         <size>0x90</size>
         <alignment>0x4</alignment>
         <input_file_ref idref="fl-8"/>
      </object_component>
      <object_component id="oc-193">
         <name>.text.__mulsf3</name>
         <load_address>0x5278</load_address>
         <readonly>true</readonly>
         <executable>true</executable>
         <run_address>0x5278</run_address>
         <size>0x8c</size>
         <alignment>0x4</alignment>
         <input_file_ref idref="fl-113"/>
      </object_component>
      <object_component id="oc-34d">
         <name>.text.floorf</name>
         <load_address>0x5304</load_address>
         <readonly>true</readonly>
         <executable>true</executable>
         <run_address>0x5304</run_address>
         <size>0x8c</size>
         <alignment>0x4</alignment>
         <input_file_ref idref="fl-4e"/>
      </object_component>
      <object_component id="oc-176">
         <name>.text:strcmp</name>
         <load_address>0x5390</load_address>
         <readonly>true</readonly>
         <executable>true</executable>
         <run_address>0x5390</run_address>
         <size>0x88</size>
         <alignment>0x10</alignment>
         <input_file_ref idref="fl-3c"/>
      </object_component>
      <object_component id="oc-38f">
         <name>.text.MB85RS_ReadID</name>
         <load_address>0x5418</load_address>
         <readonly>true</readonly>
         <executable>true</executable>
         <run_address>0x5418</run_address>
         <size>0x80</size>
         <alignment>0x2</alignment>
         <input_file_ref idref="fl-d"/>
      </object_component>
      <object_component id="oc-1c">
         <name>.text:decompress:lzss</name>
         <load_address>0x5498</load_address>
         <readonly>true</readonly>
         <executable>true</executable>
         <run_address>0x5498</run_address>
         <size>0x7c</size>
         <alignment>0x4</alignment>
         <input_file_ref idref="fl-4d"/>
      </object_component>
      <object_component id="oc-2ac">
         <name>.text.BQ27Z746_Unseal</name>
         <load_address>0x5514</load_address>
         <readonly>true</readonly>
         <executable>true</executable>
         <run_address>0x5514</run_address>
         <size>0x7a</size>
         <alignment>0x2</alignment>
         <input_file_ref idref="fl-b"/>
      </object_component>
      <object_component id="oc-419">
         <name>.text.__aeabi_ldiv0</name>
         <load_address>0x558e</load_address>
         <readonly>true</readonly>
         <executable>true</executable>
         <run_address>0x558e</run_address>
         <size>0x2</size>
         <alignment>0x2</alignment>
         <input_file_ref idref="fl-125"/>
      </object_component>
      <object_component id="oc-c4">
         <name>.text.uart_printf</name>
         <load_address>0x5590</load_address>
         <readonly>true</readonly>
         <executable>true</executable>
         <run_address>0x5590</run_address>
         <size>0x78</size>
         <alignment>0x4</alignment>
         <input_file_ref idref="fl-9"/>
      </object_component>
      <object_component id="oc-40d">
         <name>.text.__gedf2</name>
         <load_address>0x5608</load_address>
         <readonly>true</readonly>
         <executable>true</executable>
         <run_address>0x5608</run_address>
         <size>0x74</size>
         <alignment>0x4</alignment>
         <input_file_ref idref="fl-124"/>
      </object_component>
      <object_component id="oc-13f">
         <name>.text.SYSCFG_DL_UART_0_init</name>
         <load_address>0x567c</load_address>
         <readonly>true</readonly>
         <executable>true</executable>
         <run_address>0x567c</run_address>
         <size>0x70</size>
         <alignment>0x4</alignment>
         <input_file_ref idref="fl-2"/>
      </object_component>
      <object_component id="oc-1ff">
         <name>.text.CLI_Tokenize</name>
         <load_address>0x56ec</load_address>
         <readonly>true</readonly>
         <executable>true</executable>
         <run_address>0x56ec</run_address>
         <size>0x68</size>
         <alignment>0x4</alignment>
         <input_file_ref idref="fl-9"/>
      </object_component>
      <object_component id="oc-13b">
         <name>.text.SYSCFG_DL_CURRENT_CONTROL_init</name>
         <load_address>0x5754</load_address>
         <readonly>true</readonly>
         <executable>true</executable>
         <run_address>0x5754</run_address>
         <size>0x68</size>
         <alignment>0x4</alignment>
         <input_file_ref idref="fl-2"/>
      </object_component>
      <object_component id="oc-13d">
         <name>.text.SYSCFG_DL_I2C_0_init</name>
         <load_address>0x57bc</load_address>
         <readonly>true</readonly>
         <executable>true</executable>
         <run_address>0x57bc</run_address>
         <size>0x68</size>
         <alignment>0x4</alignment>
         <input_file_ref idref="fl-2"/>
      </object_component>
      <object_component id="oc-13e">
         <name>.text.SYSCFG_DL_I2C_1_init</name>
         <load_address>0x5824</load_address>
         <readonly>true</readonly>
         <executable>true</executable>
         <run_address>0x5824</run_address>
         <size>0x68</size>
         <alignment>0x4</alignment>
         <input_file_ref idref="fl-2"/>
      </object_component>
      <object_component id="oc-13a">
         <name>.text.SYSCFG_DL_VOLTAGE_CONTROL_init</name>
         <load_address>0x588c</load_address>
         <readonly>true</readonly>
         <executable>true</executable>
         <run_address>0x588c</run_address>
         <size>0x68</size>
         <alignment>0x4</alignment>
         <input_file_ref idref="fl-2"/>
      </object_component>
      <object_component id="oc-407">
         <name>.text.__ledf2</name>
         <load_address>0x58f4</load_address>
         <readonly>true</readonly>
         <executable>true</executable>
         <run_address>0x58f4</run_address>
         <size>0x68</size>
         <alignment>0x4</alignment>
         <input_file_ref idref="fl-124"/>
      </object_component>
      <object_component id="oc-197">
         <name>.text.roundf</name>
         <load_address>0x595c</load_address>
         <readonly>true</readonly>
         <executable>true</executable>
         <run_address>0x595c</run_address>
         <size>0x68</size>
         <alignment>0x2</alignment>
         <input_file_ref idref="fl-37"/>
      </object_component>
      <object_component id="oc-406">
         <name>.text._mcpy</name>
         <load_address>0x59c4</load_address>
         <readonly>true</readonly>
         <executable>true</executable>
         <run_address>0x59c4</run_address>
         <size>0x66</size>
         <alignment>0x2</alignment>
         <input_file_ref idref="fl-4f"/>
      </object_component>
      <object_component id="oc-141">
         <name>.text.SYSCFG_DL_SPI_0_init</name>
         <load_address>0x5a2c</load_address>
         <readonly>true</readonly>
         <executable>true</executable>
         <run_address>0x5a2c</run_address>
         <size>0x64</size>
         <alignment>0x4</alignment>
         <input_file_ref idref="fl-2"/>
      </object_component>
      <object_component id="oc-14c">
         <name>.text.cmd_help</name>
         <load_address>0x5a90</load_address>
         <readonly>true</readonly>
         <executable>true</executable>
         <run_address>0x5a90</run_address>
         <size>0x64</size>
         <alignment>0x4</alignment>
         <input_file_ref idref="fl-9"/>
      </object_component>
      <object_component id="oc-16c">
         <name>.text.cmd_pir</name>
         <load_address>0x5af4</load_address>
         <readonly>true</readonly>
         <executable>true</executable>
         <run_address>0x5af4</run_address>
         <size>0x64</size>
         <alignment>0x4</alignment>
         <input_file_ref idref="fl-4"/>
      </object_component>
      <object_component id="oc-3d6">
         <name>.text.__aeabi_dcmp</name>
         <load_address>0x5b58</load_address>
         <readonly>true</readonly>
         <executable>true</executable>
         <run_address>0x5b58</run_address>
         <size>0x62</size>
         <alignment>0x4</alignment>
         <input_file_ref idref="fl-11a"/>
      </object_component>
      <object_component id="oc-351">
         <name>.text.__aeabi_fcmp</name>
         <load_address>0x5bbc</load_address>
         <readonly>true</readonly>
         <executable>true</executable>
         <run_address>0x5bbc</run_address>
         <size>0x62</size>
         <alignment>0x4</alignment>
         <input_file_ref idref="fl-11b"/>
      </object_component>
      <object_component id="oc-135">
         <name>.text:memset</name>
         <load_address>0x5c1e</load_address>
         <readonly>true</readonly>
         <executable>true</executable>
         <run_address>0x5c1e</run_address>
         <size>0x62</size>
         <alignment>0x1</alignment>
         <input_file_ref idref="fl-128"/>
      </object_component>
      <object_component id="oc-140">
         <name>.text.SYSCFG_DL_MCU_UART_1_init</name>
         <load_address>0x5c80</load_address>
         <readonly>true</readonly>
         <executable>true</executable>
         <run_address>0x5c80</run_address>
         <size>0x60</size>
         <alignment>0x4</alignment>
         <input_file_ref idref="fl-2"/>
      </object_component>
      <object_component id="oc-142">
         <name>.text.SYSCFG_DL_SPI_1_init</name>
         <load_address>0x5ce0</load_address>
         <readonly>true</readonly>
         <executable>true</executable>
         <run_address>0x5ce0</run_address>
         <size>0x60</size>
         <alignment>0x4</alignment>
         <input_file_ref idref="fl-2"/>
      </object_component>
      <object_component id="oc-b4">
         <name>.text.SYSCFG_DL_init</name>
         <load_address>0x5d40</load_address>
         <readonly>true</readonly>
         <executable>true</executable>
         <run_address>0x5d40</run_address>
         <size>0x60</size>
         <alignment>0x4</alignment>
         <input_file_ref idref="fl-2"/>
      </object_component>
      <object_component id="oc-9d">
         <name>.text.DL_I2C_fillControllerTXFIFO</name>
         <load_address>0x5da0</load_address>
         <readonly>true</readonly>
         <executable>true</executable>
         <run_address>0x5da0</run_address>
         <size>0x5e</size>
         <alignment>0x2</alignment>
         <input_file_ref idref="fl-1d"/>
      </object_component>
      <object_component id="oc-258">
         <name>.text.SPI_Controller_Arm</name>
         <load_address>0x5e00</load_address>
         <readonly>true</readonly>
         <executable>true</executable>
         <run_address>0x5e00</run_address>
         <size>0x5c</size>
         <alignment>0x4</alignment>
         <input_file_ref idref="fl-7"/>
      </object_component>
      <object_component id="oc-3ea">
         <name>.text.frexp</name>
         <load_address>0x5e5c</load_address>
         <readonly>true</readonly>
         <executable>true</executable>
         <run_address>0x5e5c</run_address>
         <size>0x5c</size>
         <alignment>0x4</alignment>
         <input_file_ref idref="fl-5a"/>
      </object_component>
      <object_component id="oc-2ee">
         <name>.text.MB85RS_ReadStatus</name>
         <load_address>0x5eb8</load_address>
         <readonly>true</readonly>
         <executable>true</executable>
         <run_address>0x5eb8</run_address>
         <size>0x5a</size>
         <alignment>0x2</alignment>
         <input_file_ref idref="fl-d"/>
      </object_component>
      <object_component id="oc-3f6">
         <name>.text.__TI_ltoa</name>
         <load_address>0x5f12</load_address>
         <readonly>true</readonly>
         <executable>true</executable>
         <run_address>0x5f12</run_address>
         <size>0x58</size>
         <alignment>0x2</alignment>
         <input_file_ref idref="fl-55"/>
      </object_component>
      <object_component id="oc-3db">
         <name>.text._pconv_f</name>
         <load_address>0x5f6a</load_address>
         <readonly>true</readonly>
         <executable>true</executable>
         <run_address>0x5f6a</run_address>
         <size>0x58</size>
         <alignment>0x2</alignment>
         <input_file_ref idref="fl-4f"/>
      </object_component>
      <object_component id="oc-426">
         <name>.text.__aeabi_idivmod</name>
         <load_address>0x5fc4</load_address>
         <readonly>true</readonly>
         <executable>true</executable>
         <run_address>0x5fc4</run_address>
         <size>0x56</size>
         <alignment>0x4</alignment>
         <input_file_ref idref="fl-11c"/>
      </object_component>
      <object_component id="oc-404">
         <name>.text._ecpy</name>
         <load_address>0x601a</load_address>
         <readonly>true</readonly>
         <executable>true</executable>
         <run_address>0x601a</run_address>
         <size>0x52</size>
         <alignment>0x2</alignment>
         <input_file_ref idref="fl-4f"/>
      </object_component>
      <object_component id="oc-36b">
         <name>.text.DL_DMA_initChannel</name>
         <load_address>0x606c</load_address>
         <readonly>true</readonly>
         <executable>true</executable>
         <run_address>0x606c</run_address>
         <size>0x4c</size>
         <alignment>0x4</alignment>
         <input_file_ref idref="fl-1c"/>
      </object_component>
      <object_component id="oc-2a7">
         <name>.text.BQ27Z746_GetTempConfig</name>
         <load_address>0x60b8</load_address>
         <readonly>true</readonly>
         <executable>true</executable>
         <run_address>0x60b8</run_address>
         <size>0x4a</size>
         <alignment>0x2</alignment>
         <input_file_ref idref="fl-b"/>
      </object_component>
      <object_component id="oc-3f2">
         <name>.text.__fixdfsi</name>
         <load_address>0x6104</load_address>
         <readonly>true</readonly>
         <executable>true</executable>
         <run_address>0x6104</run_address>
         <size>0x4a</size>
         <alignment>0x4</alignment>
         <input_file_ref idref="fl-115"/>
      </object_component>
      <object_component id="oc-2a8">
         <name>.text.BQ27Z746_GetFETOptions</name>
         <load_address>0x614e</load_address>
         <readonly>true</readonly>
         <executable>true</executable>
         <run_address>0x614e</run_address>
         <size>0x48</size>
         <alignment>0x2</alignment>
         <input_file_ref idref="fl-b"/>
      </object_component>
      <object_component id="oc-1e8">
         <name>.text.DL_UART_init</name>
         <load_address>0x6198</load_address>
         <readonly>true</readonly>
         <executable>true</executable>
         <run_address>0x6198</run_address>
         <size>0x48</size>
         <alignment>0x4</alignment>
         <input_file_ref idref="fl-20"/>
      </object_component>
      <object_component id="oc-172">
         <name>.text.strtok</name>
         <load_address>0x61e0</load_address>
         <readonly>true</readonly>
         <executable>true</executable>
         <run_address>0x61e0</run_address>
         <size>0x48</size>
         <alignment>0x4</alignment>
         <input_file_ref idref="fl-43"/>
      </object_component>
      <object_component id="oc-2ad">
         <name>.text.BQ27Z746_Seal</name>
         <load_address>0x6228</load_address>
         <readonly>true</readonly>
         <executable>true</executable>
         <run_address>0x6228</run_address>
         <size>0x44</size>
         <alignment>0x2</alignment>
         <input_file_ref idref="fl-b"/>
      </object_component>
      <object_component id="oc-1f3">
         <name>.text.DL_SPI_init</name>
         <load_address>0x626c</load_address>
         <readonly>true</readonly>
         <executable>true</executable>
         <run_address>0x626c</run_address>
         <size>0x44</size>
         <alignment>0x4</alignment>
         <input_file_ref idref="fl-1e"/>
      </object_component>
      <object_component id="oc-139">
         <name>.text.SYSCFG_DL_SYSCTL_init</name>
         <load_address>0x62b0</load_address>
         <readonly>true</readonly>
         <executable>true</executable>
         <run_address>0x62b0</run_address>
         <size>0x40</size>
         <alignment>0x4</alignment>
         <input_file_ref idref="fl-2"/>
      </object_component>
      <object_component id="oc-229">
         <name>.text.__aeabi_uidivmod</name>
         <load_address>0x62f0</load_address>
         <readonly>true</readonly>
         <executable>true</executable>
         <run_address>0x62f0</run_address>
         <size>0x40</size>
         <alignment>0x4</alignment>
         <input_file_ref idref="fl-11f"/>
      </object_component>
      <object_component id="oc-200">
         <name>.text.atoi</name>
         <load_address>0x6330</load_address>
         <readonly>true</readonly>
         <executable>true</executable>
         <run_address>0x6330</run_address>
         <size>0x40</size>
         <alignment>0x4</alignment>
         <input_file_ref idref="fl-3f"/>
      </object_component>
      <object_component id="oc-182">
         <name>.text.vsnprintf</name>
         <load_address>0x6370</load_address>
         <readonly>true</readonly>
         <executable>true</executable>
         <run_address>0x6370</run_address>
         <size>0x40</size>
         <alignment>0x4</alignment>
         <input_file_ref idref="fl-38"/>
      </object_component>
      <object_component id="oc-14a">
         <name>.text.CLI_RegisterCommand</name>
         <load_address>0x63b0</load_address>
         <readonly>true</readonly>
         <executable>true</executable>
         <run_address>0x63b0</run_address>
         <size>0x3c</size>
         <alignment>0x4</alignment>
         <input_file_ref idref="fl-9"/>
      </object_component>
      <object_component id="oc-341">
         <name>.text.DL_I2C_flushControllerTXFIFO</name>
         <load_address>0x63ec</load_address>
         <readonly>true</readonly>
         <executable>true</executable>
         <run_address>0x63ec</run_address>
         <size>0x3c</size>
         <alignment>0x4</alignment>
         <input_file_ref idref="fl-1d"/>
      </object_component>
      <object_component id="oc-3b3">
         <name>.text.__gtsf2</name>
         <load_address>0x6428</load_address>
         <readonly>true</readonly>
         <executable>true</executable>
         <run_address>0x6428</run_address>
         <size>0x3c</size>
         <alignment>0x4</alignment>
         <input_file_ref idref="fl-121"/>
      </object_component>
      <object_component id="oc-be">
         <name>.text.get_UART_buffer</name>
         <load_address>0x6464</load_address>
         <readonly>true</readonly>
         <executable>true</executable>
         <run_address>0x6464</run_address>
         <size>0x3c</size>
         <alignment>0x4</alignment>
         <input_file_ref idref="fl-9"/>
      </object_component>
      <object_component id="oc-11b">
         <name>.text:__TI_auto_init_nobinit_nopinit</name>
         <load_address>0x64a0</load_address>
         <readonly>true</readonly>
         <executable>true</executable>
         <run_address>0x64a0</run_address>
         <size>0x3c</size>
         <alignment>0x4</alignment>
         <input_file_ref idref="fl-48"/>
      </object_component>
      <object_component id="oc-3ae">
         <name>.text.__eqsf2</name>
         <load_address>0x64dc</load_address>
         <readonly>true</readonly>
         <executable>true</executable>
         <run_address>0x64dc</run_address>
         <size>0x3a</size>
         <alignment>0x4</alignment>
         <input_file_ref idref="fl-121"/>
      </object_component>
      <object_component id="oc-344">
         <name>.text.__muldsi3</name>
         <load_address>0x6518</load_address>
         <readonly>true</readonly>
         <executable>true</executable>
         <run_address>0x6518</run_address>
         <size>0x3a</size>
         <alignment>0x4</alignment>
         <input_file_ref idref="fl-112"/>
      </object_component>
      <object_component id="oc-13c">
         <name>.text.SYSCFG_DL_TIMER_0_init</name>
         <load_address>0x6554</load_address>
         <readonly>true</readonly>
         <executable>true</executable>
         <run_address>0x6554</run_address>
         <size>0x38</size>
         <alignment>0x4</alignment>
         <input_file_ref idref="fl-2"/>
      </object_component>
      <object_component id="oc-19d">
         <name>.text.__fixsfsi</name>
         <load_address>0x658c</load_address>
         <readonly>true</readonly>
         <executable>true</executable>
         <run_address>0x658c</run_address>
         <size>0x38</size>
         <alignment>0x4</alignment>
         <input_file_ref idref="fl-116"/>
      </object_component>
      <object_component id="oc-38a">
         <name>.text.gauge_read</name>
         <load_address>0x65c4</load_address>
         <readonly>true</readonly>
         <executable>true</executable>
         <run_address>0x65c4</run_address>
         <size>0x38</size>
         <alignment>0x4</alignment>
         <input_file_ref idref="fl-c"/>
      </object_component>
      <object_component id="oc-389">
         <name>.text.gauge_write</name>
         <load_address>0x65fc</load_address>
         <readonly>true</readonly>
         <executable>true</executable>
         <run_address>0x65fc</run_address>
         <size>0x38</size>
         <alignment>0x4</alignment>
         <input_file_ref idref="fl-c"/>
      </object_component>
      <object_component id="oc-3a">
         <name>.text.SPI1_IRQHandler</name>
         <load_address>0x6634</load_address>
         <readonly>true</readonly>
         <executable>true</executable>
         <run_address>0x6634</run_address>
         <size>0x34</size>
         <alignment>0x4</alignment>
         <input_file_ref idref="fl-7"/>
      </object_component>
      <object_component id="oc-342">
         <name>.text.DL_I2C_flushControllerRXFIFO</name>
         <load_address>0x6668</load_address>
         <readonly>true</readonly>
         <executable>true</executable>
         <run_address>0x6668</run_address>
         <size>0x30</size>
         <alignment>0x4</alignment>
         <input_file_ref idref="fl-1d"/>
      </object_component>
      <object_component id="oc-188">
         <name>.text.DL_UART_transmitDataBlocking</name>
         <load_address>0x6698</load_address>
         <readonly>true</readonly>
         <executable>true</executable>
         <run_address>0x6698</run_address>
         <size>0x30</size>
         <alignment>0x4</alignment>
         <input_file_ref idref="fl-20"/>
      </object_component>
      <object_component id="oc-405">
         <name>.text._fcpy</name>
         <load_address>0x66c8</load_address>
         <readonly>true</readonly>
         <executable>true</executable>
         <run_address>0x66c8</run_address>
         <size>0x30</size>
         <alignment>0x2</alignment>
         <input_file_ref idref="fl-4f"/>
      </object_component>
      <object_component id="oc-33b">
         <name>.text._outs</name>
         <load_address>0x66f8</load_address>
         <readonly>true</readonly>
         <executable>true</executable>
         <run_address>0x66f8</run_address>
         <size>0x30</size>
         <alignment>0x2</alignment>
         <input_file_ref idref="fl-38"/>
      </object_component>
      <object_component id="oc-1a8">
         <name>.text.gauge_cmd_read</name>
         <load_address>0x6728</load_address>
         <readonly>true</readonly>
         <executable>true</executable>
         <run_address>0x6728</run_address>
         <size>0x30</size>
         <alignment>0x4</alignment>
         <input_file_ref idref="fl-c"/>
      </object_component>
      <object_component id="oc-267">
         <name>.text.BQ27Z746_Init</name>
         <load_address>0x6758</load_address>
         <readonly>true</readonly>
         <executable>true</executable>
         <run_address>0x6758</run_address>
         <size>0x2c</size>
         <alignment>0x2</alignment>
         <input_file_ref idref="fl-b"/>
      </object_component>
      <object_component id="oc-2e4">
         <name>.text.MB85RS_Init</name>
         <load_address>0x6784</load_address>
         <readonly>true</readonly>
         <executable>true</executable>
         <run_address>0x6784</run_address>
         <size>0x2c</size>
         <alignment>0x2</alignment>
         <input_file_ref idref="fl-d"/>
      </object_component>
      <object_component id="oc-34">
         <name>.text.SPI0_IRQHandler</name>
         <load_address>0x67b0</load_address>
         <readonly>true</readonly>
         <executable>true</executable>
         <run_address>0x67b0</run_address>
         <size>0x2c</size>
         <alignment>0x4</alignment>
         <input_file_ref idref="fl-8"/>
      </object_component>
      <object_component id="oc-bd">
         <name>.text.SPI_Memory_Init</name>
         <load_address>0x67dc</load_address>
         <readonly>true</readonly>
         <executable>true</executable>
         <run_address>0x67dc</run_address>
         <size>0x2c</size>
         <alignment>0x4</alignment>
         <input_file_ref idref="fl-8"/>
      </object_component>
      <object_component id="oc-3fa">
         <name>.text.__floatsidf</name>
         <load_address>0x6808</load_address>
         <readonly>true</readonly>
         <executable>true</executable>
         <run_address>0x6808</run_address>
         <size>0x2c</size>
         <alignment>0x4</alignment>
         <input_file_ref idref="fl-117"/>
      </object_component>
      <object_component id="oc-18f">
         <name>.text.__floatunsisf</name>
         <load_address>0x6834</load_address>
         <readonly>true</readonly>
         <executable>true</executable>
         <run_address>0x6834</run_address>
         <size>0x28</size>
         <alignment>0x4</alignment>
         <input_file_ref idref="fl-118"/>
      </object_component>
      <object_component id="oc-65">
         <name>.text:_c_int00_noargs</name>
         <load_address>0x685c</load_address>
         <readonly>true</readonly>
         <executable>true</executable>
         <run_address>0x685c</run_address>
         <size>0x28</size>
         <alignment>0x4</alignment>
         <input_file_ref idref="fl-46"/>
      </object_component>
      <object_component id="oc-1e4">
         <name>.text.DL_I2C_setClockConfig</name>
         <load_address>0x6884</load_address>
         <readonly>true</readonly>
         <executable>true</executable>
         <run_address>0x6884</run_address>
         <size>0x26</size>
         <alignment>0x2</alignment>
         <input_file_ref idref="fl-1d"/>
      </object_component>
      <object_component id="oc-331">
         <name>.text.strspn</name>
         <load_address>0x68aa</load_address>
         <readonly>true</readonly>
         <executable>true</executable>
         <run_address>0x68aa</run_address>
         <size>0x26</size>
         <alignment>0x2</alignment>
         <input_file_ref idref="fl-59"/>
      </object_component>
      <object_component id="oc-227">
         <name>.text.BQ25628E_ReadReg16</name>
         <load_address>0x68d0</load_address>
         <readonly>true</readonly>
         <executable>true</executable>
         <run_address>0x68d0</run_address>
         <size>0x24</size>
         <alignment>0x4</alignment>
         <input_file_ref idref="fl-a"/>
      </object_component>
      <object_component id="oc-cb">
         <name>.text.BQ25628E_ReadReg8</name>
         <load_address>0x68f4</load_address>
         <readonly>true</readonly>
         <executable>true</executable>
         <run_address>0x68f4</run_address>
         <size>0x24</size>
         <alignment>0x4</alignment>
         <input_file_ref idref="fl-a"/>
      </object_component>
      <object_component id="oc-22d">
         <name>.text.BQ25628E_WriteReg16</name>
         <load_address>0x6918</load_address>
         <readonly>true</readonly>
         <executable>true</executable>
         <run_address>0x6918</run_address>
         <size>0x24</size>
         <alignment>0x4</alignment>
         <input_file_ref idref="fl-a"/>
      </object_component>
      <object_component id="oc-bc">
         <name>.text.SPI_Controller_Init</name>
         <load_address>0x693c</load_address>
         <readonly>true</readonly>
         <executable>true</executable>
         <run_address>0x693c</run_address>
         <size>0x24</size>
         <alignment>0x4</alignment>
         <input_file_ref idref="fl-7"/>
      </object_component>
      <object_component id="oc-3cc">
         <name>.text.__muldi3</name>
         <load_address>0x6960</load_address>
         <readonly>true</readonly>
         <executable>true</executable>
         <run_address>0x6960</run_address>
         <size>0x24</size>
         <alignment>0x4</alignment>
         <input_file_ref idref="fl-119"/>
      </object_component>
      <object_component id="oc-16e">
         <name>.text.strcspn</name>
         <load_address>0x6984</load_address>
         <readonly>true</readonly>
         <executable>true</executable>
         <run_address>0x6984</run_address>
         <size>0x24</size>
         <alignment>0x2</alignment>
         <input_file_ref idref="fl-42"/>
      </object_component>
      <object_component id="oc-3c1">
         <name>.text.memccpy</name>
         <load_address>0x69a8</load_address>
         <readonly>true</readonly>
         <executable>true</executable>
         <run_address>0x69a8</run_address>
         <size>0x22</size>
         <alignment>0x2</alignment>
         <input_file_ref idref="fl-58"/>
      </object_component>
      <object_component id="oc-228">
         <name>.text.BQ25628E_WriteReg8</name>
         <load_address>0x69cc</load_address>
         <readonly>true</readonly>
         <executable>true</executable>
         <run_address>0x69cc</run_address>
         <size>0x20</size>
         <alignment>0x4</alignment>
         <input_file_ref idref="fl-a"/>
      </object_component>
      <object_component id="oc-272">
         <name>.text.BQ27Z746_ReadInternalTemp_C</name>
         <load_address>0x69ec</load_address>
         <readonly>true</readonly>
         <executable>true</executable>
         <run_address>0x69ec</run_address>
         <size>0x20</size>
         <alignment>0x4</alignment>
         <input_file_ref idref="fl-b"/>
      </object_component>
      <object_component id="oc-271">
         <name>.text.BQ27Z746_ReadTemperature_C</name>
         <load_address>0x6a0c</load_address>
         <readonly>true</readonly>
         <executable>true</executable>
         <run_address>0x6a0c</run_address>
         <size>0x20</size>
         <alignment>0x4</alignment>
         <input_file_ref idref="fl-b"/>
      </object_component>
      <object_component id="oc-b9">
         <name>.text.uart_init</name>
         <load_address>0x6a2c</load_address>
         <readonly>true</readonly>
         <executable>true</executable>
         <run_address>0x6a2c</run_address>
         <size>0x20</size>
         <alignment>0x4</alignment>
         <input_file_ref idref="fl-9"/>
      </object_component>
      <object_component id="oc-2aa">
         <name>.text.BQ27Z746_MAC_Send</name>
         <load_address>0x6a4c</load_address>
         <readonly>true</readonly>
         <executable>true</executable>
         <run_address>0x6a4c</run_address>
         <size>0x1e</size>
         <alignment>0x2</alignment>
         <input_file_ref idref="fl-b"/>
[...]
         <name>__TI_ATRegion1_src_addr</name>
         <value>0x0</value>
      </symbol>
      <symbol id="sm-43f">
         <name>__TI_ATRegion1_trg_addr</name>
         <value>0x0</value>
      </symbol>
      <symbol id="sm-440">
         <name>__TI_ATRegion1_region_sz</name>
         <value>0x0</value>
      </symbol>
      <symbol id="sm-441">
         <name>__TI_ATRegion2_src_addr</name>
         <value>0x0</value>
      </symbol>
      <symbol id="sm-442">
         <name>__TI_ATRegion2_trg_addr</name>
         <value>0x0</value>
      </symbol>
      <symbol id="sm-443">
         <name>__TI_ATRegion2_region_sz</name>
         <value>0x0</value>
      </symbol>
      <symbol id="sm-44c">
         <name>DL_Common_delayCycles</name>
         <value>0x6e89</value>
         <object_component_ref idref="oc-c0"/>
      </symbol>
      <symbol id="sm-456">
         <name>DL_DMA_initChannel</name>
         <value>0x606d</value>
         <object_component_ref idref="oc-36b"/>
      </symbol>
      <symbol id="sm-468">
         <name>DL_I2C_setClockConfig</name>
         <value>0x6885</value>
         <object_component_ref idref="oc-1e4"/>
      </symbol>
      <symbol id="sm-469">
         <name>DL_I2C_fillControllerTXFIFO</name>
         <value>0x5da1</value>
         <object_component_ref idref="oc-9d"/>
      </symbol>
      <symbol id="sm-46a">
         <name>DL_I2C_flushControllerTXFIFO</name>
         <value>0x63ed</value>
         <object_component_ref idref="oc-341"/>
      </symbol>
      <symbol id="sm-46b">
         <name>DL_I2C_flushControllerRXFIFO</name>
         <value>0x6669</value>
         <object_component_ref idref="oc-342"/>
      </symbol>
      <symbol id="sm-478">
         <name>DL_SPI_init</name>
         <value>0x626d</value>
         <object_component_ref idref="oc-1f3"/>
      </symbol>
      <symbol id="sm-479">
         <name>DL_SPI_setClockConfig</name>
         <value>0x6bdd</value>
         <object_component_ref idref="oc-1ed"/>
      </symbol>
      <symbol id="sm-495">
         <name>DL_Timer_setClockConfig</name>
         <value>0x6aa9</value>
         <object_component_ref idref="oc-1d3"/>
      </symbol>
      <symbol id="sm-496">
         <name>DL_Timer_initTimerMode</name>
         <value>0x3da9</value>
         <object_component_ref idref="oc-1e1"/>
      </symbol>
      <symbol id="sm-497">
         <name>DL_Timer_setCaptureCompareValue</name>
         <value>0x6c45</value>
         <object_component_ref idref="oc-1dc"/>
      </symbol>
      <symbol id="sm-498">
         <name>DL_Timer_setCaptCompUpdateMethod</name>
         <value>0x6a8d</value>
         <object_component_ref idref="oc-1db"/>
      </symbol>
      <symbol id="sm-499">
         <name>DL_Timer_setCaptureCompareOutCtl</name>
         <value>0x6ae1</value>
         <object_component_ref idref="oc-1da"/>
      </symbol>
      <symbol id="sm-49a">
         <name>DL_Timer_initFourCCPWMMode</name>
         <value>0x39a9</value>
         <object_component_ref idref="oc-1d9"/>
      </symbol>
      <symbol id="sm-4aa">
         <name>DL_UART_init</name>
         <value>0x6199</value>
         <object_component_ref idref="oc-1e8"/>
      </symbol>
      <symbol id="sm-4ab">
         <name>DL_UART_setClockConfig</name>
         <value>0x6bef</value>
         <object_component_ref idref="oc-1e7"/>
      </symbol>
      <symbol id="sm-4ac">
         <name>DL_UART_transmitDataBlocking</name>
         <value>0x6699</value>
         <object_component_ref idref="oc-188"/>
      </symbol>
      <symbol id="sm-4b9">
         <name>roundf</name>
         <value>0x595d</value>
         <object_component_ref idref="oc-197"/>
      </symbol>
      <symbol id="sm-4ca">
         <name>vsnprintf</name>
         <value>0x6371</value>
         <object_component_ref idref="oc-182"/>
      </symbol>
      <symbol id="sm-4d5">
         <name>strcmp</name>
         <value>0x5391</value>
         <object_component_ref idref="oc-176"/>
      </symbol>
      <symbol id="sm-4df">
         <name>abort</name>
         <value>0x6ee5</value>
         <object_component_ref idref="oc-114"/>
      </symbol>
      <symbol id="sm-4ea">
         <name>atoi</name>
         <value>0x6331</value>
         <object_component_ref idref="oc-200"/>
      </symbol>
      <symbol id="sm-4f5">
         <name>strcspn</name>
         <value>0x6985</value>
         <object_component_ref idref="oc-16e"/>
      </symbol>
      <symbol id="sm-501">
         <name>strtok</name>
         <value>0x61e1</value>
         <object_component_ref idref="oc-172"/>
      </symbol>
      <symbol id="sm-50c">
         <name>strtol</name>
         <value>0x2d05</value>
         <object_component_ref idref="oc-222"/>
      </symbol>
      <symbol id="sm-518">
         <name>_c_int00_noargs</name>
         <value>0x685d</value>
         <object_component_ref idref="oc-65"/>
      </symbol>
      <symbol id="sm-519">
         <name>__stack</name>
         <value>0x20207e00</value>
         <object_component_ref idref="oc-1a"/>
      </symbol>
      <symbol id="sm-525">
         <name>__TI_auto_init_nobinit_nopinit</name>
         <value>0x64a1</value>
         <object_component_ref idref="oc-11b"/>
      </symbol>
      <symbol id="sm-52d">
         <name>_system_pre_init</name>
         <value>0x6ef3</value>
         <object_component_ref idref="oc-89"/>
      </symbol>
      <symbol id="sm-538">
         <name>__TI_zero_init_nomemset</name>
         <value>0x6b89</value>
         <object_component_ref idref="oc-5c"/>
      </symbol>
      <symbol id="sm-541">
         <name>__TI_decompress_none</name>
         <value>0x6c01</value>
         <object_component_ref idref="oc-20"/>
      </symbol>
      <symbol id="sm-54c">
         <name>__TI_decompress_lzss</name>
         <value>0x5499</value>
         <object_component_ref idref="oc-1c"/>
      </symbol>
      <symbol id="sm-556">
         <name>floorf</name>
         <value>0x5305</value>
         <object_component_ref idref="oc-34d"/>
      </symbol>
      <symbol id="sm-59f">
         <name>__TI_printfi</name>
         <value>0xc1</value>
         <object_component_ref idref="oc-3a8"/>
      </symbol>
      <symbol id="sm-5a3">
         <name>__aeabi_ctype_table_</name>
         <value>0x7650</value>
         <object_component_ref idref="oc-373"/>
      </symbol>
      <symbol id="sm-5a4">
         <name>__aeabi_ctype_table_C</name>
         <value>0x7650</value>
         <object_component_ref idref="oc-373"/>
      </symbol>
      <symbol id="sm-5af">
         <name>__aeabi_errno_addr</name>
         <value>0x6ed5</value>
         <object_component_ref idref="oc-377"/>
      </symbol>
      <symbol id="sm-5b0">
         <name>__aeabi_errno</name>
         <value>0x202004d0</value>
         <object_component_ref idref="oc-3b8"/>
      </symbol>
      <symbol id="sm-5b9">
         <name>__TI_ltoa</name>
         <value>0x5f13</value>
         <object_component_ref idref="oc-3f6"/>
      </symbol>
      <symbol id="sm-5c4">
         <name>memccpy</name>
         <value>0x69a9</value>
         <object_component_ref idref="oc-3c1"/>
      </symbol>
      <symbol id="sm-5cd">
         <name>strspn</name>
         <value>0x68ab</value>
         <object_component_ref idref="oc-331"/>
      </symbol>
      <symbol id="sm-5d7">
         <name>frexp</name>
         <value>0x5e5d</value>
         <object_component_ref idref="oc-3ea"/>
      </symbol>
      <symbol id="sm-5d8">
         <name>frexpl</name>
         <value>0x5e5d</value>
         <object_component_ref idref="oc-3ea"/>
      </symbol>
      <symbol id="sm-5e2">
         <name>scalbn</name>
         <value>0x493d</value>
         <object_component_ref idref="oc-3ee"/>
      </symbol>
      <symbol id="sm-5e3">
         <name>ldexp</name>
         <value>0x493d</value>
         <object_component_ref idref="oc-3ee"/>
      </symbol>
      <symbol id="sm-5e4">
         <name>scalbnl</name>
         <value>0x493d</value>
         <object_component_ref idref="oc-3ee"/>
      </symbol>
      <symbol id="sm-5e5">
         <name>ldexpl</name>
         <value>0x493d</value>
         <object_component_ref idref="oc-3ee"/>
      </symbol>
      <symbol id="sm-5ee">
         <name>wcslen</name>
         <value>0x6cc5</value>
         <object_component_ref idref="oc-3c8"/>
      </symbol>
      <symbol id="sm-5f9">
         <name>HOSTexit</name>
         <value>0x6eeb</value>
         <object_component_ref idref="oc-1c2"/>
      </symbol>
      <symbol id="sm-5fa">
         <name>C$$EXIT</name>
         <value>0x6eea</value>
         <object_component_ref idref="oc-1c2"/>
      </symbol>
      <symbol id="sm-60f">
         <name>__aeabi_fadd</name>
         <value>0x4a1f</value>
         <object_component_ref idref="oc-349"/>
      </symbol>
      <symbol id="sm-610">
         <name>__addsf3</name>
         <value>0x4a1f</value>
         <object_component_ref idref="oc-349"/>
      </symbol>
      <symbol id="sm-611">
         <name>__aeabi_fsub</name>
         <value>0x4a15</value>
         <object_component_ref idref="oc-349"/>
      </symbol>
      <symbol id="sm-612">
         <name>__subsf3</name>
         <value>0x4a15</value>
         <object_component_ref idref="oc-349"/>
      </symbol>
      <symbol id="sm-61b">
         <name>__aeabi_dadd</name>
         <value>0x2a0f</value>
         <object_component_ref idref="oc-413"/>
      </symbol>
      <symbol id="sm-61c">
         <name>__adddf3</name>
         <value>0x2a0f</value>
         <object_component_ref idref="oc-413"/>
      </symbol>
      <symbol id="sm-61d">
         <name>__aeabi_dsub</name>
         <value>0x2a05</value>
         <object_component_ref idref="oc-413"/>
      </symbol>
      <symbol id="sm-61e">
         <name>__subdf3</name>
         <value>0x2a05</value>
         <object_component_ref idref="oc-413"/>
      </symbol>
      <symbol id="sm-627">
         <name>__aeabi_dmul</name>
         <value>0x4255</value>
         <object_component_ref idref="oc-3ff"/>
      </symbol>
      <symbol id="sm-628">
         <name>__muldf3</name>
         <value>0x4255</value>
         <object_component_ref idref="oc-3ff"/>
      </symbol>
      <symbol id="sm-62e">
         <name>__muldsi3</name>
         <value>0x6519</value>
         <object_component_ref idref="oc-344"/>
      </symbol>
      <symbol id="sm-634">
         <name>__aeabi_fmul</name>
         <value>0x5279</value>
         <object_component_ref idref="oc-193"/>
      </symbol>
      <symbol id="sm-635">
         <name>__mulsf3</name>
         <value>0x5279</value>
         <object_component_ref idref="oc-193"/>
      </symbol>
      <symbol id="sm-63b">
         <name>__aeabi_ddiv</name>
         <value>0x389d</value>
         <object_component_ref idref="oc-40f"/>
      </symbol>
      <symbol id="sm-63c">
         <name>__divdf3</name>
         <value>0x389d</value>
         <object_component_ref idref="oc-40f"/>
      </symbol>
      <symbol id="sm-642">
         <name>__aeabi_d2iz</name>
         <value>0x6105</value>
         <object_component_ref idref="oc-3f2"/>
      </symbol>
      <symbol id="sm-643">
         <name>__fixdfsi</name>
         <value>0x6105</value>
         <object_component_ref idref="oc-3f2"/>
      </symbol>
      <symbol id="sm-649">
         <name>__aeabi_f2iz</name>
         <value>0x658d</value>
         <object_component_ref idref="oc-19d"/>
      </symbol>
      <symbol id="sm-64a">
         <name>__fixsfsi</name>
         <value>0x658d</value>
         <object_component_ref idref="oc-19d"/>
      </symbol>
      <symbol id="sm-650">
         <name>__aeabi_i2d</name>
         <value>0x6809</value>
         <object_component_ref idref="oc-3fa"/>
      </symbol>
      <symbol id="sm-651">
         <name>__floatsidf</name>
         <value>0x6809</value>
         <object_component_ref idref="oc-3fa"/>
      </symbol>
      <symbol id="sm-657">
         <name>__aeabi_ui2f</name>
         <value>0x6835</value>
         <object_component_ref idref="oc-18f"/>
      </symbol>
      <symbol id="sm-658">
         <name>__floatunsisf</name>
         <value>0x6835</value>
         <object_component_ref idref="oc-18f"/>
      </symbol>
      <symbol id="sm-65e">
         <name>__aeabi_lmul</name>
         <value>0x6961</value>
         <object_component_ref idref="oc-3cc"/>
      </symbol>
      <symbol id="sm-65f">
         <name>__muldi3</name>
         <value>0x6961</value>
         <object_component_ref idref="oc-3cc"/>
      </symbol>
      <symbol id="sm-665">
         <name>__aeabi_dcmpeq</name>
         <value>0x5b59</value>
         <object_component_ref idref="oc-3d6"/>
      </symbol>
      <symbol id="sm-666">
         <name>__aeabi_dcmplt</name>
         <value>0x5b6d</value>
         <object_component_ref idref="oc-3d6"/>
      </symbol>
      <symbol id="sm-667">
         <name>__aeabi_dcmple</name>
         <value>0x5b81</value>
         <object_component_ref idref="oc-3d6"/>
      </symbol>
      <symbol id="sm-668">
         <name>__aeabi_dcmpge</name>
         <value>0x5b95</value>
         <object_component_ref idref="oc-3d6"/>
      </symbol>
      <symbol id="sm-669">
         <name>__aeabi_dcmpgt</name>
         <value>0x5ba9</value>
         <object_component_ref idref="oc-3d6"/>
      </symbol>
      <symbol id="sm-66f">
         <name>__aeabi_fcmpeq</name>
         <value>0x5bbd</value>
         <object_component_ref idref="oc-351"/>
      </symbol>
      <symbol id="sm-670">
         <name>__aeabi_fcmplt</name>
         <value>0x5bd1</value>
         <object_component_ref idref="oc-351"/>
      </symbol>
      <symbol id="sm-671">
         <name>__aeabi_fcmple</name>
         <value>0x5be5</value>
         <object_component_ref idref="oc-351"/>
      </symbol>
      <symbol id="sm-672">
         <name>__aeabi_fcmpge</name>
         <value>0x5bf9</value>
         <object_component_ref idref="oc-351"/>
      </symbol>
      <symbol id="sm-673">
         <name>__aeabi_fcmpgt</name>
         <value>0x5c0d</value>
         <object_component_ref idref="oc-351"/>
      </symbol>
      <symbol id="sm-679">
         <name>__aeabi_idiv</name>
         <value>0x5fc5</value>
         <object_component_ref idref="oc-426"/>
      </symbol>
      <symbol id="sm-67a">
         <name>__aeabi_idivmod</name>
         <value>0x5fc5</value>
         <object_component_ref idref="oc-426"/>
      </symbol>
      <symbol id="sm-680">
         <name>__aeabi_memcpy</name>
         <value>0x6edd</value>
         <object_component_ref idref="oc-55"/>
      </symbol>
      <symbol id="sm-681">
         <name>__aeabi_memcpy4</name>
         <value>0x6edd</value>
         <object_component_ref idref="oc-55"/>
      </symbol>
      <symbol id="sm-682">
         <name>__aeabi_memcpy8</name>
         <value>0x6edd</value>
         <object_component_ref idref="oc-55"/>
      </symbol>
      <symbol id="sm-68b">
         <name>__aeabi_memset</name>
         <value>0x6cd5</value>
         <object_component_ref idref="oc-3c0"/>
      </symbol>
      <symbol id="sm-68c">
         <name>__aeabi_memset4</name>
         <value>0x6cd5</value>
         <object_component_ref idref="oc-3c0"/>
      </symbol>
      <symbol id="sm-68d">
         <name>__aeabi_memset8</name>
         <value>0x6cd5</value>
         <object_component_ref idref="oc-3c0"/>
      </symbol>
      <symbol id="sm-68e">
         <name>__aeabi_memclr</name>
         <value>0x6e7d</value>
         <object_component_ref idref="oc-84"/>
      </symbol>
      <symbol id="sm-68f">
         <name>__aeabi_memclr4</name>
         <value>0x6e7d</value>
         <object_component_ref idref="oc-84"/>
      </symbol>
      <symbol id="sm-690">
         <name>__aeabi_memclr8</name>
         <value>0x6e7d</value>
         <object_component_ref idref="oc-84"/>
      </symbol>
      <symbol id="sm-696">
         <name>__aeabi_uidiv</name>
         <value>0x62f1</value>
         <object_component_ref idref="oc-229"/>
      </symbol>
      <symbol id="sm-697">
         <name>__aeabi_uidivmod</name>
         <value>0x62f1</value>
         <object_component_ref idref="oc-229"/>
      </symbol>
      <symbol id="sm-69d">
         <name>__aeabi_uldivmod</name>
         <value>0x6bb5</value>
         <object_component_ref idref="oc-3d1"/>
      </symbol>
      <symbol id="sm-6a6">
         <name>__eqsf2</name>
         <value>0x64dd</value>
         <object_component_ref idref="oc-3ae"/>
      </symbol>
      <symbol id="sm-6a7">
         <name>__lesf2</name>
         <value>0x64dd</value>
         <object_component_ref idref="oc-3ae"/>
      </symbol>
      <symbol id="sm-6a8">
         <name>__ltsf2</name>
         <value>0x64dd</value>
         <object_component_ref idref="oc-3ae"/>
      </symbol>
      <symbol id="sm-6a9">
         <name>__nesf2</name>
         <value>0x64dd</value>
         <object_component_ref idref="oc-3ae"/>
      </symbol>
      <symbol id="sm-6aa">
         <name>__cmpsf2</name>
         <value>0x64dd</value>
         <object_component_ref idref="oc-3ae"/>
      </symbol>
      <symbol id="sm-6ab">
         <name>__gtsf2</name>
         <value>0x6429</value>
         <object_component_ref idref="oc-3b3"/>
      </symbol>
      <symbol id="sm-6ac">
         <name>__gesf2</name>
         <value>0x6429</value>
         <object_component_ref idref="oc-3b3"/>
      </symbol>
      <symbol id="sm-6b2">
         <name>__udivmoddi4</name>
         <value>0x5019</value>
         <object_component_ref idref="oc-3e5"/>
      </symbol>
      <symbol id="sm-6b8">
         <name>__aeabi_llsl</name>
         <value>0x6a6d</value>
         <object_component_ref idref="oc-41a"/>
      </symbol>
      <symbol id="sm-6b9">
         <name>__ashldi3</name>
         <value>0x6a6d</value>
         <object_component_ref idref="oc-41a"/>
      </symbol>
      <symbol id="sm-6c7">
         <name>__ledf2</name>
         <value>0x58f5</value>
         <object_component_ref idref="oc-407"/>
      </symbol>
      <symbol id="sm-6c8">
         <name>__gedf2</name>
         <value>0x5609</value>
         <object_component_ref idref="oc-40d"/>
      </symbol>
      <symbol id="sm-6c9">
         <name>__cmpdf2</name>
         <value>0x58f5</value>
         <object_component_ref idref="oc-407"/>
      </symbol>
      <symbol id="sm-6ca">
         <name>__eqdf2</name>
         <value>0x58f5</value>
         <object_component_ref idref="oc-407"/>
      </symbol>
      <symbol id="sm-6cb">
         <name>__ltdf2</name>
         <value>0x58f5</value>
         <object_component_ref idref="oc-407"/>
      </symbol>
      <symbol id="sm-6cc">
         <name>__nedf2</name>
         <value>0x58f5</value>
         <object_component_ref idref="oc-407"/>
      </symbol>
      <symbol id="sm-6cd">
         <name>__gtdf2</name>
         <value>0x5609</value>
         <object_component_ref idref="oc-40d"/>
      </symbol>
      <symbol id="sm-6d9">
         <name>__aeabi_idiv0</name>
         <value>0x493b</value>
         <object_component_ref idref="oc-381"/>
      </symbol>
      <symbol id="sm-6da">
         <name>__aeabi_ldiv0</name>
         <value>0x558f</value>
         <object_component_ref idref="oc-419"/>
      </symbol>
      <symbol id="sm-6f4">
         <name>memcpy</name>
         <value>0x50bb</value>
         <object_component_ref idref="oc-af"/>
      </symbol>
      <symbol id="sm-703">
         <name>memset</name>
         <value>0x5c1f</value>
         <object_component_ref idref="oc-135"/>
      </symbol>
      <symbol id="sm-704">
         <name>__TI_static_base__</name>
         <value>0x0</value>
      </symbol>
      <symbol id="sm-708">
         <name>__mpu_init</name>
         <value>0x0</value>
      </symbol>
      <symbol id="sm-709">
         <name>_system_post_cinit</name>
         <value>0x0</value>
      </symbol>
   </symbol_table>
   <title>Link successful</title>
</link_info>
